[0.000000] (-) TimerEvent: {}
[0.000279] (-) JobUnselected: {'identifier': 'fast_lio'}
[0.000672] (-) JobUnselected: {'identifier': 'livox_ros_driver2'}
[0.001556] (-) JobUnselected: {'identifier': 'ranger_base'}
[0.001886] (-) JobUnselected: {'identifier': 'ranger_bringup'}
[0.002001] (-) JobUnselected: {'identifier': 'ranger_msgs'}
[0.002085] (-) JobUnselected: {'identifier': 'ugv_sdk'}
[0.002324] (-) JobUnselected: {'identifier': 'vikit_common'}
[0.002628] (-) JobUnselected: {'identifier': 'vikit_ros'}
[0.002735] (pcd_ndt_localization) JobQueued: {'identifier': 'pcd_ndt_localization', 'dependencies': OrderedDict()}
[0.002799] (pcd_ndt_localization) JobStarted: {'identifier': 'pcd_ndt_localization'}
[0.020375] (pcd_ndt_localization) JobProgress: {'identifier': 'pcd_ndt_localization', 'progress': 'cmake'}
[0.022439] (pcd_ndt_localization) JobProgress: {'identifier': 'pcd_ndt_localization', 'progress': 'build'}
[0.024184] (pcd_ndt_localization) Command: {'cmd': ['/usr/local/bin/cmake', '--build', '/home/seeed/ros2/ws/build/pcd_ndt_localization', '--', '-j6', '-l6'], 'cwd': '/home/seeed/ros2/ws/build/pcd_ndt_localization', 'env': OrderedDict([('LANGUAGE', 'zh_CN:en'), ('USER', 'seeed'), ('SSH_CLIENT', '10.200.24.83 60071 22'), ('LC_TIME', 'zh_CN.UTF-8'), ('ROS_PACKAGE_PATH', '/home/seeed/ros2/ws/install/vikit_common/share:/home/seeed/ros2/ws/install/ugv_sdk/share'), ('XDG_SESSION_TYPE', 'tty'), ('SHLVL', '0'), ('LD_LIBRARY_PATH', '/home/seeed/ros2/ws/install/vikit_ros/lib:/home/seeed/ros2/ws/install/vikit_common/lib:/home/seeed/ros2/ws/install/ranger_msgs/lib:/home/seeed/ros2/ws/install/fast_lio/lib:/home/seeed/ros2/ws/install/livox_ros_driver2/lib:/opt/ros/humble/opt/rviz_ogre_vendor/lib:/opt/ros/humble/lib/aarch64-linux-gnu:/opt/ros/humble/lib'), ('MOTD_SHOWN', 'pam'), ('HOME', '/home/seeed'), ('OLDPWD', '/home/seeed'), ('ROS_PYTHON_VERSION', '3'), ('LC_MONETARY', 'zh_CN.UTF-8'), ('ROS_IP', '10.200.54.207'), ('LC_CTYPE', 'C.UTF-8'), ('DBUS_SESSION_BUS_ADDRESS', 'unix:path=/run/user/1000/bus'), ('COLCON_PREFIX_PATH', '/home/seeed/ros2/ws/install'), ('ROS_DISTRO', 'humble'), ('LOGNAME', 'seeed'), ('_', '/usr/bin/colcon'), ('ROS_VERSION', '2'), ('PKG_CONFIG_PATH', '/home/seeed/ros2/ws/install/vikit_common/lib/aarch64-linux-gnu/pkgconfig:/home/seeed/ros2/ws/install/vikit_common/lib/pkgconfig:/home/seeed/ros2/ws/install/ugv_sdk/lib/aarch64-linux-gnu/pkgconfig:/home/seeed/ros2/ws/install/ugv_sdk/lib/pkgconfig'), ('XDG_SESSION_CLASS', 'user'), ('XDG_SESSION_ID', '126'), ('ROS_LOCALHOST_ONLY', '0'), ('PATH', '/opt/ros/humble/bin:/usr/local/sbin:/usr/local/bin:/usr/sbin:/usr/bin:/sbin:/bin:/usr/games:/usr/local/games:/snap/bin'), ('FASTRTPS_DEFAULT_PROFILES_FILE', '/home/seeed/ros2/fastrtps_profile.xml'), ('PAPERSIZE', 'a4'), ('LC_ADDRESS', 'zh_CN.UTF-8'), ('XDG_RUNTIME_DIR', '/run/user/1000'), ('DISPLAY', 'localhost:14.0'), ('LANG', 'zh_CN.UTF-8'), ('LC_TELEPHONE', 'zh_CN.UTF-8'), ('RMW_IMPLEMENTATION', 'rmw_fastrtps_cpp'), ('ROS_DOMAIN_ID', '0'), ('AMENT_PREFIX_PATH', '/home/seeed/ros2/ws/install/vikit_ros:/home/seeed/ros2/ws/install/ranger_base:/home/seeed/ros2/ws/install/ranger_msgs:/home/seeed/ros2/ws/install/ranger_bringup:/home/seeed/ros2/ws/install/pcd_ndt_localization:/home/seeed/ros2/ws/install/fast_lio:/home/seeed/ros2/ws/install/livox_ros_driver2:/opt/ros/humble'), ('SHELL', '/bin/bash'), ('LC_NAME', 'zh_CN.UTF-8'), ('LC_MEASUREMENT', 'zh_CN.UTF-8'), ('LC_IDENTIFICATION', 'zh_CN.UTF-8'), ('PWD', '/home/seeed/ros2/ws/build/pcd_ndt_localization'), ('LC_ALL', 'en_US.UTF-8'), ('SSH_CONNECTION', '10.200.24.83 60071 10.200.54.207 22'), ('XDG_DATA_DIRS', '/usr/share/gnome:/usr/local/share:/usr/share:/var/lib/snapd/desktop'), ('PYTHONPATH', '/home/seeed/ros2/ws/install/ranger_msgs/local/lib/python3.10/dist-packages:/home/seeed/ros2/ws/install/fast_lio/local/lib/python3.10/dist-packages:/home/seeed/ros2/ws/install/livox_ros_driver2/local/lib/python3.10/dist-packages:/opt/ros/humble/lib/python3.10/site-packages:/opt/ros/humble/local/lib/python3.10/dist-packages'), ('LC_NUMERIC', 'zh_CN.UTF-8'), ('LC_PAPER', 'zh_CN.UTF-8'), ('COLCON', '1'), ('CMAKE_PREFIX_PATH', '/home/seeed/ros2/ws/install/vikit_ros:/opt/ros/humble:/home/seeed/ros2/ws/install/vikit_common:/home/seeed/ros2/ws/install/ranger_base:/home/seeed/ros2/ws/install/ugv_sdk:/home/seeed/ros2/ws/install/ranger_msgs:/home/seeed/ros2/ws/install/ranger_bringup:/home/seeed/ros2/ws/install/pcd_ndt_localization:/home/seeed/ros2/ws/install/fast_lio:/home/seeed/ros2/ws/install/livox_ros_driver2')]), 'shell': False}
[0.099357] (-) TimerEvent: {}
[0.115543] (pcd_ndt_localization) StdoutLine: {'line': b'[ 25%] Building CXX object CMakeFiles/pcd_ndt_localizer.dir/src/pcd_ndt_localizer.cpp.o\n'}
[0.128027] (pcd_ndt_localization) StdoutLine: {'line': b'[ 75%] Built target pcd_occupancy_grid_publisher\n'}
[0.199495] (-) TimerEvent: {}
[0.299908] (-) TimerEvent: {}
[0.400379] (-) TimerEvent: {}
[0.500796] (-) TimerEvent: {}
[0.601220] (-) TimerEvent: {}
[0.701647] (-) TimerEvent: {}
[0.802089] (-) TimerEvent: {}
[0.902510] (-) TimerEvent: {}
[1.002922] (-) TimerEvent: {}
[1.103360] (-) TimerEvent: {}
[1.203792] (-) TimerEvent: {}
[1.304274] (-) TimerEvent: {}
[1.404668] (-) TimerEvent: {}
[1.505103] (-) TimerEvent: {}
[1.605526] (-) TimerEvent: {}
[1.705952] (-) TimerEvent: {}
[1.806388] (-) TimerEvent: {}
[1.906811] (-) TimerEvent: {}
[2.007245] (-) TimerEvent: {}
[2.107685] (-) TimerEvent: {}
[2.208117] (-) TimerEvent: {}
[2.308512] (-) TimerEvent: {}
[2.408940] (-) TimerEvent: {}
[2.509440] (-) TimerEvent: {}
[2.609890] (-) TimerEvent: {}
[2.710400] (-) TimerEvent: {}
[2.810835] (-) TimerEvent: {}
[2.911320] (-) TimerEvent: {}
[3.011854] (-) TimerEvent: {}
[3.112317] (-) TimerEvent: {}
[3.212747] (-) TimerEvent: {}
[3.313217] (-) TimerEvent: {}
[3.413683] (-) TimerEvent: {}
[3.514121] (-) TimerEvent: {}
[3.614561] (-) TimerEvent: {}
[3.715031] (-) TimerEvent: {}
[3.815520] (-) TimerEvent: {}
[3.916051] (-) TimerEvent: {}
[4.016552] (-) TimerEvent: {}
[4.117067] (-) TimerEvent: {}
[4.217586] (-) TimerEvent: {}
[4.318096] (-) TimerEvent: {}
[4.418618] (-) TimerEvent: {}
[4.519132] (-) TimerEvent: {}
[4.619653] (-) TimerEvent: {}
[4.720155] (-) TimerEvent: {}
[4.820673] (-) TimerEvent: {}
[4.921176] (-) TimerEvent: {}
[5.021675] (-) TimerEvent: {}
[5.122170] (-) TimerEvent: {}
[5.222664] (-) TimerEvent: {}
[5.323173] (-) TimerEvent: {}
[5.423689] (-) TimerEvent: {}
[5.524199] (-) TimerEvent: {}
[5.624711] (-) TimerEvent: {}
[5.725224] (-) TimerEvent: {}
[5.825743] (-) TimerEvent: {}
[5.926249] (-) TimerEvent: {}
[6.026753] (-) TimerEvent: {}
[6.127250] (-) TimerEvent: {}
[6.227776] (-) TimerEvent: {}
[6.328328] (-) TimerEvent: {}
[6.428836] (-) TimerEvent: {}
[6.529347] (-) TimerEvent: {}
[6.629847] (-) TimerEvent: {}
[6.730372] (-) TimerEvent: {}
[6.830868] (-) TimerEvent: {}
[6.931359] (-) TimerEvent: {}
[7.031832] (-) TimerEvent: {}
[7.132618] (-) TimerEvent: {}
[7.233119] (-) TimerEvent: {}
[7.333623] (-) TimerEvent: {}
[7.434116] (-) TimerEvent: {}
[7.534625] (-) TimerEvent: {}
[7.635156] (-) TimerEvent: {}
[7.735984] (-) TimerEvent: {}
[7.836460] (-) TimerEvent: {}
[7.936954] (-) TimerEvent: {}
[8.037419] (-) TimerEvent: {}
[8.137930] (-) TimerEvent: {}
[8.238414] (-) TimerEvent: {}
[8.338897] (-) TimerEvent: {}
[8.439475] (-) TimerEvent: {}
[8.540041] (-) TimerEvent: {}
[8.640600] (-) TimerEvent: {}
[8.741119] (-) TimerEvent: {}
[8.841598] (-) TimerEvent: {}
[8.942090] (-) TimerEvent: {}
[9.042649] (-) TimerEvent: {}
[9.143142] (-) TimerEvent: {}
[9.243680] (-) TimerEvent: {}
[9.344146] (-) TimerEvent: {}
[9.444636] (-) TimerEvent: {}
[9.545129] (-) TimerEvent: {}
[9.645619] (-) TimerEvent: {}
[9.746139] (-) TimerEvent: {}
[9.846628] (-) TimerEvent: {}
[9.947153] (-) TimerEvent: {}
[10.047626] (-) TimerEvent: {}
[10.148130] (-) TimerEvent: {}
[10.248625] (-) TimerEvent: {}
[10.349119] (-) TimerEvent: {}
[10.449625] (-) TimerEvent: {}
[10.550142] (-) TimerEvent: {}
[10.650648] (-) TimerEvent: {}
[10.751144] (-) TimerEvent: {}
[10.851691] (-) TimerEvent: {}
[10.952311] (-) TimerEvent: {}
[11.052825] (-) TimerEvent: {}
[11.153382] (-) TimerEvent: {}
[11.253911] (-) TimerEvent: {}
[11.354413] (-) TimerEvent: {}
[11.454977] (-) TimerEvent: {}
[11.555539] (-) TimerEvent: {}
[11.656150] (-) TimerEvent: {}
[11.756738] (-) TimerEvent: {}
[11.857237] (-) TimerEvent: {}
[11.957755] (-) TimerEvent: {}
[12.058252] (-) TimerEvent: {}
[12.158760] (-) TimerEvent: {}
[12.259276] (-) TimerEvent: {}
[12.359841] (-) TimerEvent: {}
[12.460408] (-) TimerEvent: {}
[12.560885] (-) TimerEvent: {}
[12.661420] (-) TimerEvent: {}
[12.762146] (-) TimerEvent: {}
[12.862649] (-) TimerEvent: {}
[12.963169] (-) TimerEvent: {}
[13.063785] (-) TimerEvent: {}
[13.164340] (-) TimerEvent: {}
[13.264882] (-) TimerEvent: {}
[13.365437] (-) TimerEvent: {}
[13.466098] (-) TimerEvent: {}
[13.566620] (-) TimerEvent: {}
[13.667153] (-) TimerEvent: {}
[13.767829] (-) TimerEvent: {}
[13.868358] (-) TimerEvent: {}
[13.968863] (-) TimerEvent: {}
[14.069415] (-) TimerEvent: {}
[14.169999] (-) TimerEvent: {}
[14.270597] (-) TimerEvent: {}
[14.371097] (-) TimerEvent: {}
[14.471682] (-) TimerEvent: {}
[14.572215] (-) TimerEvent: {}
[14.672765] (-) TimerEvent: {}
[14.773314] (-) TimerEvent: {}
[14.873883] (-) TimerEvent: {}
[14.974406] (-) TimerEvent: {}
[15.074899] (-) TimerEvent: {}
[15.175389] (-) TimerEvent: {}
[15.275882] (-) TimerEvent: {}
[15.376419] (-) TimerEvent: {}
[15.476913] (-) TimerEvent: {}
[15.577420] (-) TimerEvent: {}
[15.677943] (-) TimerEvent: {}
[15.778459] (-) TimerEvent: {}
[15.878948] (-) TimerEvent: {}
[15.979429] (-) TimerEvent: {}
[16.079989] (-) TimerEvent: {}
[16.180480] (-) TimerEvent: {}
[16.280949] (-) TimerEvent: {}
[16.381406] (-) TimerEvent: {}
[16.481883] (-) TimerEvent: {}
[16.582324] (-) TimerEvent: {}
[16.682794] (-) TimerEvent: {}
[16.783254] (-) TimerEvent: {}
[16.883757] (-) TimerEvent: {}
[16.984293] (-) TimerEvent: {}
[17.084787] (-) TimerEvent: {}
[17.185285] (-) TimerEvent: {}
[17.285775] (-) TimerEvent: {}
[17.386299] (-) TimerEvent: {}
[17.486809] (-) TimerEvent: {}
[17.587316] (-) TimerEvent: {}
[17.687830] (-) TimerEvent: {}
[17.788356] (-) TimerEvent: {}
[17.888871] (-) TimerEvent: {}
[17.989379] (-) TimerEvent: {}
[18.089881] (-) TimerEvent: {}
[18.190380] (-) TimerEvent: {}
[18.290885] (-) TimerEvent: {}
[18.391398] (-) TimerEvent: {}
[18.491899] (-) TimerEvent: {}
[18.592398] (-) TimerEvent: {}
[18.692906] (-) TimerEvent: {}
[18.793438] (-) TimerEvent: {}
[18.893940] (-) TimerEvent: {}
[18.994437] (-) TimerEvent: {}
[19.094940] (-) TimerEvent: {}
[19.195438] (-) TimerEvent: {}
[19.295973] (-) TimerEvent: {}
[19.396501] (-) TimerEvent: {}
[19.497015] (-) TimerEvent: {}
[19.597526] (-) TimerEvent: {}
[19.698014] (-) TimerEvent: {}
[19.798506] (-) TimerEvent: {}
[19.899010] (-) TimerEvent: {}
[19.999480] (-) TimerEvent: {}
[20.099929] (-) TimerEvent: {}
[20.200437] (-) TimerEvent: {}
[20.300936] (-) TimerEvent: {}
[20.401433] (-) TimerEvent: {}
[20.501926] (-) TimerEvent: {}
[20.602430] (-) TimerEvent: {}
[20.702947] (-) TimerEvent: {}
[20.803411] (-) TimerEvent: {}
[20.903885] (-) TimerEvent: {}
[21.004445] (-) TimerEvent: {}
[21.104955] (-) TimerEvent: {}
[21.205503] (-) TimerEvent: {}
[21.306097] (-) TimerEvent: {}
[21.406597] (-) TimerEvent: {}
[21.507100] (-) TimerEvent: {}
[21.607604] (-) TimerEvent: {}
[21.708127] (-) TimerEvent: {}
[21.808643] (-) TimerEvent: {}
[21.909151] (-) TimerEvent: {}
[22.009617] (-) TimerEvent: {}
[22.110093] (-) TimerEvent: {}
[22.210594] (-) TimerEvent: {}
[22.311090] (-) TimerEvent: {}
[22.411636] (-) TimerEvent: {}
[22.512276] (-) TimerEvent: {}
[22.612792] (-) TimerEvent: {}
[22.713282] (-) TimerEvent: {}
[22.813773] (-) TimerEvent: {}
[22.914286] (-) TimerEvent: {}
[23.014796] (-) TimerEvent: {}
[23.115294] (-) TimerEvent: {}
[23.215795] (-) TimerEvent: {}
[23.316331] (-) TimerEvent: {}
[23.416841] (-) TimerEvent: {}
[23.517364] (-) TimerEvent: {}
[23.617838] (-) TimerEvent: {}
[23.718307] (-) TimerEvent: {}
[23.818811] (-) TimerEvent: {}
[23.919331] (-) TimerEvent: {}
[24.019842] (-) TimerEvent: {}
[24.120379] (-) TimerEvent: {}
[24.220905] (-) TimerEvent: {}
[24.321420] (-) TimerEvent: {}
[24.421916] (-) TimerEvent: {}
[24.522419] (-) TimerEvent: {}
[24.622918] (-) TimerEvent: {}
[24.723473] (-) TimerEvent: {}
[24.824027] (-) TimerEvent: {}
[24.924527] (-) TimerEvent: {}
[25.025050] (-) TimerEvent: {}
[25.125553] (-) TimerEvent: {}
[25.226044] (-) TimerEvent: {}
[25.326557] (-) TimerEvent: {}
[25.427060] (-) TimerEvent: {}
[25.527576] (-) TimerEvent: {}
[25.628132] (-) TimerEvent: {}
[25.728632] (-) TimerEvent: {}
[25.829137] (-) TimerEvent: {}
[25.929664] (-) TimerEvent: {}
[26.030178] (-) TimerEvent: {}
[26.130670] (-) TimerEvent: {}
[26.231161] (-) TimerEvent: {}
[26.331703] (-) TimerEvent: {}
[26.432390] (-) TimerEvent: {}
[26.532911] (-) TimerEvent: {}
[26.633419] (-) TimerEvent: {}
[26.733938] (-) TimerEvent: {}
[26.834442] (-) TimerEvent: {}
[26.934944] (-) TimerEvent: {}
[27.035465] (-) TimerEvent: {}
[27.135923] (-) TimerEvent: {}
[27.236434] (-) TimerEvent: {}
[27.336903] (-) TimerEvent: {}
[27.437398] (-) TimerEvent: {}
[27.537876] (-) TimerEvent: {}
[27.638370] (-) TimerEvent: {}
[27.738859] (-) TimerEvent: {}
[27.839349] (-) TimerEvent: {}
[27.939834] (-) TimerEvent: {}
[28.040333] (-) TimerEvent: {}
[28.140819] (-) TimerEvent: {}
[28.241294] (-) TimerEvent: {}
[28.341781] (-) TimerEvent: {}
[28.442264] (-) TimerEvent: {}
[28.542761] (-) TimerEvent: {}
[28.643239] (-) TimerEvent: {}
[28.743741] (-) TimerEvent: {}
[28.844575] (-) TimerEvent: {}
[28.945088] (-) TimerEvent: {}
[29.045591] (-) TimerEvent: {}
[29.146070] (-) TimerEvent: {}
[29.246573] (-) TimerEvent: {}
[29.347057] (-) TimerEvent: {}
[29.447557] (-) TimerEvent: {}
[29.548099] (-) TimerEvent: {}
[29.648780] (-) TimerEvent: {}
[29.749304] (-) TimerEvent: {}
[29.849814] (-) TimerEvent: {}
[29.950326] (-) TimerEvent: {}
[30.050825] (-) TimerEvent: {}
[30.151335] (-) TimerEvent: {}
[30.251839] (-) TimerEvent: {}
[30.352377] (-) TimerEvent: {}
[30.452867] (-) TimerEvent: {}
[30.553359] (-) TimerEvent: {}
[30.653852] (-) TimerEvent: {}
[30.754369] (-) TimerEvent: {}
[30.854864] (-) TimerEvent: {}
[30.955368] (-) TimerEvent: {}
[31.055874] (-) TimerEvent: {}
[31.156394] (-) TimerEvent: {}
[31.256870] (-) TimerEvent: {}
[31.357321] (-) TimerEvent: {}
[31.457815] (-) TimerEvent: {}
[31.558322] (-) TimerEvent: {}
[31.658819] (-) TimerEvent: {}
[31.759329] (-) TimerEvent: {}
[31.859851] (-) TimerEvent: {}
[31.960721] (-) TimerEvent: {}
[32.061239] (-) TimerEvent: {}
[32.161750] (-) TimerEvent: {}
[32.262241] (-) TimerEvent: {}
[32.362835] (-) TimerEvent: {}
[32.463426] (-) TimerEvent: {}
[32.563999] (-) TimerEvent: {}
[32.664599] (-) TimerEvent: {}
[32.765100] (-) TimerEvent: {}
[32.865607] (-) TimerEvent: {}
[32.966104] (-) TimerEvent: {}
[33.066619] (-) TimerEvent: {}
[33.167129] (-) TimerEvent: {}
[33.267693] (-) TimerEvent: {}
[33.368261] (-) TimerEvent: {}
[33.468771] (-) TimerEvent: {}
[33.569274] (-) TimerEvent: {}
[33.669788] (-) TimerEvent: {}
[33.770490] (-) TimerEvent: {}
[33.870991] (-) TimerEvent: {}
[33.971486] (-) TimerEvent: {}
[34.072313] (-) TimerEvent: {}
[34.172846] (-) TimerEvent: {}
[34.273288] (-) TimerEvent: {}
[34.373816] (-) TimerEvent: {}
[34.474307] (-) TimerEvent: {}
[34.574802] (-) TimerEvent: {}
[34.675308] (-) TimerEvent: {}
[34.775962] (-) TimerEvent: {}
[34.876544] (-) TimerEvent: {}
[34.977050] (-) TimerEvent: {}
[35.077593] (-) TimerEvent: {}
[35.178179] (-) TimerEvent: {}
[35.278719] (-) TimerEvent: {}
[35.379229] (-) TimerEvent: {}
[35.479822] (-) TimerEvent: {}
[35.580348] (-) TimerEvent: {}
[35.680885] (-) TimerEvent: {}
[35.781339] (-) TimerEvent: {}
[35.881965] (-) TimerEvent: {}
[35.982482] (-) TimerEvent: {}
[36.082982] (-) TimerEvent: {}
[36.183486] (-) TimerEvent: {}
[36.283998] (-) TimerEvent: {}
[36.384489] (-) TimerEvent: {}
[36.484989] (-) TimerEvent: {}
[36.585496] (-) TimerEvent: {}
[36.686000] (-) TimerEvent: {}
[36.786474] (-) TimerEvent: {}
[36.886950] (-) TimerEvent: {}
[36.987457] (-) TimerEvent: {}
[37.088001] (-) TimerEvent: {}
[37.188497] (-) TimerEvent: {}
[37.288997] (-) TimerEvent: {}
[37.389486] (-) TimerEvent: {}
[37.489994] (-) TimerEvent: {}
[37.590495] (-) TimerEvent: {}
[37.690995] (-) TimerEvent: {}
[37.791491] (-) TimerEvent: {}
[37.892001] (-) TimerEvent: {}
[37.992530] (-) TimerEvent: {}
[38.093022] (-) TimerEvent: {}
[38.193516] (-) TimerEvent: {}
[38.294012] (-) TimerEvent: {}
[38.394513] (-) TimerEvent: {}
[38.495003] (-) TimerEvent: {}
[38.595502] (-) TimerEvent: {}
[38.696025] (-) TimerEvent: {}
[38.796520] (-) TimerEvent: {}
[38.897037] (-) TimerEvent: {}
[38.997522] (-) TimerEvent: {}
[39.098018] (-) TimerEvent: {}
[39.198539] (-) TimerEvent: {}
[39.299048] (-) TimerEvent: {}
[39.399558] (-) TimerEvent: {}
[39.500090] (-) TimerEvent: {}
[39.600587] (-) TimerEvent: {}
[39.701090] (-) TimerEvent: {}
[39.801591] (-) TimerEvent: {}
[39.902099] (-) TimerEvent: {}
[40.002559] (-) TimerEvent: {}
[40.102991] (-) TimerEvent: {}
[40.203454] (-) TimerEvent: {}
[40.303998] (-) TimerEvent: {}
[40.404494] (-) TimerEvent: {}
[40.504989] (-) TimerEvent: {}
[40.605495] (-) TimerEvent: {}
[40.705983] (-) TimerEvent: {}
[40.806503] (-) TimerEvent: {}
[40.907012] (-) TimerEvent: {}
[41.007497] (-) TimerEvent: {}
[41.107992] (-) TimerEvent: {}
[41.208492] (-) TimerEvent: {}
[41.308991] (-) TimerEvent: {}
[41.409499] (-) TimerEvent: {}
[41.510014] (-) TimerEvent: {}
[41.610514] (-) TimerEvent: {}
[41.711010] (-) TimerEvent: {}
[41.811507] (-) TimerEvent: {}
[41.912043] (-) TimerEvent: {}
[42.012543] (-) TimerEvent: {}
[42.113044] (-) TimerEvent: {}
[42.213533] (-) TimerEvent: {}
[42.314032] (-) TimerEvent: {}
[42.414531] (-) TimerEvent: {}
[42.515039] (-) TimerEvent: {}
[42.615549] (-) TimerEvent: {}
[42.716092] (-) TimerEvent: {}
[42.816593] (-) TimerEvent: {}
[42.917111] (-) TimerEvent: {}
[43.017628] (-) TimerEvent: {}
[43.118124] (-) TimerEvent: {}
[43.218622] (-) TimerEvent: {}
[43.319143] (-) TimerEvent: {}
[43.419769] (-) TimerEvent: {}
[43.520341] (-) TimerEvent: {}
[43.620933] (-) TimerEvent: {}
[43.721472] (-) TimerEvent: {}
[43.822090] (-) TimerEvent: {}
[43.922644] (-) TimerEvent: {}
[44.023153] (-) TimerEvent: {}
[44.123750] (-) TimerEvent: {}
[44.224268] (-) TimerEvent: {}
[44.324751] (-) TimerEvent: {}
[44.425270] (-) TimerEvent: {}
[44.525773] (-) TimerEvent: {}
[44.626282] (-) TimerEvent: {}
[44.726793] (-) TimerEvent: {}
[44.827306] (-) TimerEvent: {}
[44.927881] (-) TimerEvent: {}
[45.028461] (-) TimerEvent: {}
[45.128944] (-) TimerEvent: {}
[45.229461] (-) TimerEvent: {}
[45.329971] (-) TimerEvent: {}
[45.430477] (-) TimerEvent: {}
[45.530979] (-) TimerEvent: {}
[45.631461] (-) TimerEvent: {}
[45.731892] (-) TimerEvent: {}
[45.832392] (-) TimerEvent: {}
[45.932816] (-) TimerEvent: {}
[46.033247] (-) TimerEvent: {}
[46.133759] (-) TimerEvent: {}
[46.234248] (-) TimerEvent: {}
[46.334724] (-) TimerEvent: {}
[46.435220] (-) TimerEvent: {}
[46.535788] (-) TimerEvent: {}
[46.636320] (-) TimerEvent: {}
[46.736795] (-) TimerEvent: {}
[46.837281] (-) TimerEvent: {}
[46.937829] (-) TimerEvent: {}
[47.038329] (-) TimerEvent: {}
[47.138821] (-) TimerEvent: {}
[47.239296] (-) TimerEvent: {}
[47.339766] (-) TimerEvent: {}
[47.440272] (-) TimerEvent: {}
[47.540764] (-) TimerEvent: {}
[47.641261] (-) TimerEvent: {}
[47.741845] (-) TimerEvent: {}
[47.842533] (-) TimerEvent: {}
[47.943469] (-) TimerEvent: {}
[48.044109] (-) TimerEvent: {}
[48.144497] (-) TimerEvent: {}
[48.244876] (-) TimerEvent: {}
[48.345303] (-) TimerEvent: {}
[48.445675] (-) TimerEvent: {}
[48.546089] (-) TimerEvent: {}
[48.646512] (-) TimerEvent: {}
[48.746944] (-) TimerEvent: {}
[48.847375] (-) TimerEvent: {}
[48.947816] (-) TimerEvent: {}
[49.048254] (-) TimerEvent: {}
[49.148640] (-) TimerEvent: {}
[49.249055] (-) TimerEvent: {}
[49.349484] (-) TimerEvent: {}
[49.449922] (-) TimerEvent: {}
[49.550332] (-) TimerEvent: {}
[49.650757] (-) TimerEvent: {}
[49.751185] (-) TimerEvent: {}
[49.851647] (-) TimerEvent: {}
[49.952111] (-) TimerEvent: {}
[50.052563] (-) TimerEvent: {}
[50.153009] (-) TimerEvent: {}
[50.253446] (-) TimerEvent: {}
[50.353877] (-) TimerEvent: {}
[50.454305] (-) TimerEvent: {}
[50.554730] (-) TimerEvent: {}
[50.655154] (-) TimerEvent: {}
[50.755580] (-) TimerEvent: {}
[50.856027] (-) TimerEvent: {}
[50.956450] (-) TimerEvent: {}
[51.056873] (-) TimerEvent: {}
[51.157287] (-) TimerEvent: {}
[51.257727] (-) TimerEvent: {}
[51.358165] (-) TimerEvent: {}
[51.458594] (-) TimerEvent: {}
[51.558975] (-) TimerEvent: {}
[51.659392] (-) TimerEvent: {}
[51.759846] (-) TimerEvent: {}
[51.860289] (-) TimerEvent: {}
[51.960767] (-) TimerEvent: {}
[52.061176] (-) TimerEvent: {}
[52.161618] (-) TimerEvent: {}
[52.262043] (-) TimerEvent: {}
[52.362436] (-) TimerEvent: {}
[52.462861] (-) TimerEvent: {}
[52.563337] (-) TimerEvent: {}
[52.663771] (-) TimerEvent: {}
[52.764225] (-) TimerEvent: {}
[52.864646] (-) TimerEvent: {}
[52.965075] (-) TimerEvent: {}
[53.065511] (-) TimerEvent: {}
[53.165945] (-) TimerEvent: {}
[53.266391] (-) TimerEvent: {}
[53.366809] (-) TimerEvent: {}
[53.467238] (-) TimerEvent: {}
[53.567672] (-) TimerEvent: {}
[53.668105] (-) TimerEvent: {}
[53.768540] (-) TimerEvent: {}
[53.868970] (-) TimerEvent: {}
[53.969402] (-) TimerEvent: {}
[54.069836] (-) TimerEvent: {}
[54.170282] (-) TimerEvent: {}
[54.270744] (-) TimerEvent: {}
[54.371186] (-) TimerEvent: {}
[54.471809] (-) TimerEvent: {}
[54.572277] (-) TimerEvent: {}
[54.672719] (-) TimerEvent: {}
[54.773158] (-) TimerEvent: {}
[54.873609] (-) TimerEvent: {}
[54.974056] (-) TimerEvent: {}
[55.074481] (-) TimerEvent: {}
[55.174924] (-) TimerEvent: {}
[55.275372] (-) TimerEvent: {}
[55.375819] (-) TimerEvent: {}
[55.476284] (-) TimerEvent: {}
[55.576732] (-) TimerEvent: {}
[55.677163] (-) TimerEvent: {}
[55.777588] (-) TimerEvent: {}
[55.878017] (-) TimerEvent: {}
[55.978454] (-) TimerEvent: {}
[56.078887] (-) TimerEvent: {}
[56.179338] (-) TimerEvent: {}
[56.279776] (-) TimerEvent: {}
[56.380229] (-) TimerEvent: {}
[56.480644] (-) TimerEvent: {}
[56.581101] (-) TimerEvent: {}
[56.681559] (-) TimerEvent: {}
[56.782011] (-) TimerEvent: {}
[56.882445] (-) TimerEvent: {}
[56.982892] (-) TimerEvent: {}
[57.083330] (-) TimerEvent: {}
[57.183780] (-) TimerEvent: {}
[57.284272] (-) TimerEvent: {}
[57.384720] (-) TimerEvent: {}
[57.485163] (-) TimerEvent: {}
[57.585506] (-) TimerEvent: {}
[57.685910] (-) TimerEvent: {}
[57.786333] (-) TimerEvent: {}
[57.886749] (-) TimerEvent: {}
[57.987172] (-) TimerEvent: {}
[58.087542] (-) TimerEvent: {}
[58.187986] (-) TimerEvent: {}
[58.288379] (-) TimerEvent: {}
[58.388776] (-) TimerEvent: {}
[58.489179] (-) TimerEvent: {}
[58.589612] (-) TimerEvent: {}
[58.690050] (-) TimerEvent: {}
[58.790439] (-) TimerEvent: {}
[58.890825] (-) TimerEvent: {}
[58.991571] (-) TimerEvent: {}
[59.092065] (-) TimerEvent: {}
[59.192542] (-) TimerEvent: {}
[59.293027] (-) TimerEvent: {}
[59.393512] (-) TimerEvent: {}
[59.493988] (-) TimerEvent: {}
[59.594500] (-) TimerEvent: {}
[59.694987] (-) TimerEvent: {}
[59.795476] (-) TimerEvent: {}
[59.895989] (-) TimerEvent: {}
[59.996469] (-) TimerEvent: {}
[60.096959] (-) TimerEvent: {}
[60.197434] (-) TimerEvent: {}
[60.297929] (-) TimerEvent: {}
[60.398418] (-) TimerEvent: {}
[60.498926] (-) TimerEvent: {}
[60.599411] (-) TimerEvent: {}
[60.699891] (-) TimerEvent: {}
[60.800429] (-) TimerEvent: {}
[60.900942] (-) TimerEvent: {}
[61.001466] (-) TimerEvent: {}
[61.101965] (-) TimerEvent: {}
[61.202440] (-) TimerEvent: {}
[61.302927] (-) TimerEvent: {}
[61.403412] (-) TimerEvent: {}
[61.503901] (-) TimerEvent: {}
[61.604417] (-) TimerEvent: {}
[61.704922] (-) TimerEvent: {}
[61.805404] (-) TimerEvent: {}
[61.905914] (-) TimerEvent: {}
[62.006393] (-) TimerEvent: {}
[62.106873] (-) TimerEvent: {}
[62.207335] (-) TimerEvent: {}
[62.307893] (-) TimerEvent: {}
[62.408496] (-) TimerEvent: {}
[62.508975] (-) TimerEvent: {}
[62.609479] (-) TimerEvent: {}
[62.710098] (-) TimerEvent: {}
[62.810644] (-) TimerEvent: {}
[62.911140] (-) TimerEvent: {}
[63.011654] (-) TimerEvent: {}
[63.112111] (-) TimerEvent: {}
[63.212528] (-) TimerEvent: {}
[63.313010] (-) TimerEvent: {}
[63.413521] (-) TimerEvent: {}
[63.514062] (-) TimerEvent: {}
[63.614576] (-) TimerEvent: {}
[63.715066] (-) TimerEvent: {}
[63.815558] (-) TimerEvent: {}
[63.916131] (-) TimerEvent: {}
[64.016749] (-) TimerEvent: {}
[64.117220] (-) TimerEvent: {}
[64.217705] (-) TimerEvent: {}
[64.318193] (-) TimerEvent: {}
[64.418704] (-) TimerEvent: {}
[64.519221] (-) TimerEvent: {}
[64.619787] (-) TimerEvent: {}
[64.720313] (-) TimerEvent: {}
[64.820808] (-) TimerEvent: {}
[64.921310] (-) TimerEvent: {}
[65.021787] (-) TimerEvent: {}
[65.122268] (-) TimerEvent: {}
[65.222774] (-) TimerEvent: {}
[65.323257] (-) TimerEvent: {}
[65.423758] (-) TimerEvent: {}
[65.524304] (-) TimerEvent: {}
[65.624802] (-) TimerEvent: {}
[65.725301] (-) TimerEvent: {}
[65.825809] (-) TimerEvent: {}
[65.926312] (-) TimerEvent: {}
[66.026826] (-) TimerEvent: {}
[66.127334] (-) TimerEvent: {}
[66.227829] (-) TimerEvent: {}
[66.328359] (-) TimerEvent: {}
[66.428870] (-) TimerEvent: {}
[66.529375] (-) TimerEvent: {}
[66.629919] (-) TimerEvent: {}
[66.730508] (-) TimerEvent: {}
[66.831044] (-) TimerEvent: {}
[66.931597] (-) TimerEvent: {}
[67.032295] (-) TimerEvent: {}
[67.132862] (-) TimerEvent: {}
[67.233368] (-) TimerEvent: {}
[67.333881] (-) TimerEvent: {}
[67.434388] (-) TimerEvent: {}
[67.534897] (-) TimerEvent: {}
[67.635417] (-) TimerEvent: {}
[67.735984] (-) TimerEvent: {}
[67.836431] (-) TimerEvent: {}
[67.936935] (-) TimerEvent: {}
[68.037434] (-) TimerEvent: {}
[68.137918] (-) TimerEvent: {}
[68.238406] (-) TimerEvent: {}
[68.338884] (-) TimerEvent: {}
[68.439352] (-) TimerEvent: {}
[68.539851] (-) TimerEvent: {}
[68.640361] (-) TimerEvent: {}
[68.740848] (-) TimerEvent: {}
[68.841341] (-) TimerEvent: {}
[68.941843] (-) TimerEvent: {}
[69.042337] (-) TimerEvent: {}
[69.142836] (-) TimerEvent: {}
[69.243344] (-) TimerEvent: {}
[69.343841] (-) TimerEvent: {}
[69.444364] (-) TimerEvent: {}
[69.544868] (-) TimerEvent: {}
[69.645356] (-) TimerEvent: {}
[69.745822] (-) TimerEvent: {}
[69.846330] (-) TimerEvent: {}
[69.946822] (-) TimerEvent: {}
[70.047304] (-) TimerEvent: {}
[70.147877] (-) TimerEvent: {}
[70.248435] (-) TimerEvent: {}
[70.348927] (-) TimerEvent: {}
[70.449411] (-) TimerEvent: {}
[70.549880] (-) TimerEvent: {}
[70.650386] (-) TimerEvent: {}
[70.750848] (-) TimerEvent: {}
[70.851342] (-) TimerEvent: {}
[70.951962] (-) TimerEvent: {}
[71.052504] (-) TimerEvent: {}
[71.153019] (-) TimerEvent: {}
[71.253510] (-) TimerEvent: {}
[71.353993] (-) TimerEvent: {}
[71.454469] (-) TimerEvent: {}
[71.554952] (-) TimerEvent: {}
[71.655467] (-) TimerEvent: {}
[71.756019] (-) TimerEvent: {}
[71.856534] (-) TimerEvent: {}
[71.957041] (-) TimerEvent: {}
[72.057537] (-) TimerEvent: {}
[72.158031] (-) TimerEvent: {}
[72.258555] (-) TimerEvent: {}
[72.359061] (-) TimerEvent: {}
[72.459621] (-) TimerEvent: {}
[72.560170] (-) TimerEvent: {}
[72.660760] (-) TimerEvent: {}
[72.761309] (-) TimerEvent: {}
[72.861839] (-) TimerEvent: {}
[72.962316] (-) TimerEvent: {}
[73.062800] (-) TimerEvent: {}
[73.163294] (-) TimerEvent: {}
[73.263776] (-) TimerEvent: {}
[73.364302] (-) TimerEvent: {}
[73.464795] (-) TimerEvent: {}
[73.565281] (-) TimerEvent: {}
[73.665780] (-) TimerEvent: {}
[73.766273] (-) TimerEvent: {}
[73.866783] (-) TimerEvent: {}
[73.967313] (-) TimerEvent: {}
[74.067904] (-) TimerEvent: {}
[74.168430] (-) TimerEvent: {}
[74.268959] (-) TimerEvent: {}
[74.369489] (-) TimerEvent: {}
[74.470066] (-) TimerEvent: {}
[74.570577] (-) TimerEvent: {}
[74.671086] (-) TimerEvent: {}
[74.771622] (-) TimerEvent: {}
[74.872202] (-) TimerEvent: {}
[74.972748] (-) TimerEvent: {}
[75.073257] (-) TimerEvent: {}
[75.173811] (-) TimerEvent: {}
[75.274316] (-) TimerEvent: {}
[75.374795] (-) TimerEvent: {}
[75.475303] (-) TimerEvent: {}
[75.575857] (-) TimerEvent: {}
[75.676456] (-) TimerEvent: {}
[75.776975] (-) TimerEvent: {}
[75.877521] (-) TimerEvent: {}
[75.978038] (-) TimerEvent: {}
[76.078626] (-) TimerEvent: {}
[76.179122] (-) TimerEvent: {}
[76.279675] (-) TimerEvent: {}
[76.380223] (-) TimerEvent: {}
[76.480820] (-) TimerEvent: {}
[76.581335] (-) TimerEvent: {}
[76.681803] (-) TimerEvent: {}
[76.782248] (-) TimerEvent: {}
[76.882791] (-) TimerEvent: {}
[76.983287] (-) TimerEvent: {}
[77.083867] (-) TimerEvent: {}
[77.184447] (-) TimerEvent: {}
[77.284944] (-) TimerEvent: {}
[77.385430] (-) TimerEvent: {}
[77.486013] (-) TimerEvent: {}
[77.586595] (-) TimerEvent: {}
[77.687146] (-) TimerEvent: {}
[77.787662] (-) TimerEvent: {}
[77.888311] (-) TimerEvent: {}
[77.988854] (-) TimerEvent: {}
[78.089352] (-) TimerEvent: {}
[78.189879] (-) TimerEvent: {}
[78.290468] (-) TimerEvent: {}
[78.390958] (-) TimerEvent: {}
[78.491431] (-) TimerEvent: {}
[78.592051] (-) TimerEvent: {}
[78.692559] (-) TimerEvent: {}
[78.793057] (-) TimerEvent: {}
[78.893566] (-) TimerEvent: {}
[78.994063] (-) TimerEvent: {}
[79.094822] (-) TimerEvent: {}
[79.195322] (-) TimerEvent: {}
[79.295830] (-) TimerEvent: {}
[79.396357] (-) TimerEvent: {}
[79.496872] (-) TimerEvent: {}
[79.597343] (-) TimerEvent: {}
[79.697835] (-) TimerEvent: {}
[79.798328] (-) TimerEvent: {}
[79.898795] (-) TimerEvent: {}
[79.999253] (-) TimerEvent: {}
[80.099702] (-) TimerEvent: {}
[80.200226] (-) TimerEvent: {}
[80.300722] (-) TimerEvent: {}
[80.401202] (-) TimerEvent: {}
[80.501758] (-) TimerEvent: {}
[80.602281] (-) TimerEvent: {}
[80.702782] (-) TimerEvent: {}
[80.803295] (-) TimerEvent: {}
[80.903783] (-) TimerEvent: {}
[81.004619] (-) TimerEvent: {}
[81.105109] (-) TimerEvent: {}
[81.205599] (-) TimerEvent: {}
[81.306093] (-) TimerEvent: {}
[81.406589] (-) TimerEvent: {}
[81.507086] (-) TimerEvent: {}
[81.607575] (-) TimerEvent: {}
[81.708105] (-) TimerEvent: {}
[81.808619] (-) TimerEvent: {}
[81.909101] (-) TimerEvent: {}
[82.009587] (-) TimerEvent: {}
[82.110080] (-) TimerEvent: {}
[82.210576] (-) TimerEvent: {}
[82.311074] (-) TimerEvent: {}
[82.411577] (-) TimerEvent: {}
[82.512092] (-) TimerEvent: {}
[82.612562] (-) TimerEvent: {}
[82.713045] (-) TimerEvent: {}
[82.813542] (-) TimerEvent: {}
[82.914051] (-) TimerEvent: {}
[83.014569] (-) TimerEvent: {}
[83.115178] (-) TimerEvent: {}
[83.215698] (-) TimerEvent: {}
[83.316233] (-) TimerEvent: {}
[83.416860] (-) TimerEvent: {}
[83.517335] (-) TimerEvent: {}
[83.617853] (-) TimerEvent: {}
[83.718369] (-) TimerEvent: {}
[83.818867] (-) TimerEvent: {}
[83.919352] (-) TimerEvent: {}
[84.019859] (-) TimerEvent: {}
[84.120387] (-) TimerEvent: {}
[84.220873] (-) TimerEvent: {}
[84.321346] (-) TimerEvent: {}
[84.421837] (-) TimerEvent: {}
[84.522334] (-) TimerEvent: {}
[84.622843] (-) TimerEvent: {}
[84.723326] (-) TimerEvent: {}
[84.823817] (-) TimerEvent: {}
[84.924354] (-) TimerEvent: {}
[85.024850] (-) TimerEvent: {}
[85.125336] (-) TimerEvent: {}
[85.225838] (-) TimerEvent: {}
[85.326313] (-) TimerEvent: {}
[85.426753] (-) TimerEvent: {}
[85.527202] (-) TimerEvent: {}
[85.627716] (-) TimerEvent: {}
[85.728260] (-) TimerEvent: {}
[85.828757] (-) TimerEvent: {}
[85.929263] (-) TimerEvent: {}
[86.029773] (-) TimerEvent: {}
[86.130284] (-) TimerEvent: {}
[86.230800] (-) TimerEvent: {}
[86.331315] (-) TimerEvent: {}
[86.431827] (-) TimerEvent: {}
[86.532358] (-) TimerEvent: {}
[86.632883] (-) TimerEvent: {}
[86.733397] (-) TimerEvent: {}
[86.833937] (-) TimerEvent: {}
[86.934448] (-) TimerEvent: {}
[87.034980] (-) TimerEvent: {}
[87.135501] (-) TimerEvent: {}
[87.236065] (-) TimerEvent: {}
[87.336565] (-) TimerEvent: {}
[87.437084] (-) TimerEvent: {}
[87.537594] (-) TimerEvent: {}
[87.638080] (-) TimerEvent: {}
[87.738567] (-) TimerEvent: {}
[87.839062] (-) TimerEvent: {}
[87.939530] (-) TimerEvent: {}
[88.040017] (-) TimerEvent: {}
[88.140456] (-) TimerEvent: {}
[88.240927] (-) TimerEvent: {}
[88.341410] (-) TimerEvent: {}
[88.441888] (-) TimerEvent: {}
[88.542364] (-) TimerEvent: {}
[88.642829] (-) TimerEvent: {}
[88.743298] (-) TimerEvent: {}
[88.843791] (-) TimerEvent: {}
[88.944315] (-) TimerEvent: {}
[89.044812] (-) TimerEvent: {}
[89.145314] (-) TimerEvent: {}
[89.215001] (pcd_ndt_localization) StdoutLine: {'line': b'[100%] Linking CXX executable pcd_ndt_localizer\n'}
[89.245498] (-) TimerEvent: {}
[89.345927] (-) TimerEvent: {}
[89.446393] (-) TimerEvent: {}
[89.546880] (-) TimerEvent: {}
[89.647397] (-) TimerEvent: {}
[89.747854] (-) TimerEvent: {}
[89.848389] (-) TimerEvent: {}
[89.948861] (-) TimerEvent: {}
[90.049385] (-) TimerEvent: {}
[90.149889] (-) TimerEvent: {}
[90.250389] (-) TimerEvent: {}
[90.350915] (-) TimerEvent: {}
[90.451441] (-) TimerEvent: {}
[90.551980] (-) TimerEvent: {}
[90.652489] (-) TimerEvent: {}
[90.753088] (-) TimerEvent: {}
[90.853666] (-) TimerEvent: {}
[90.954246] (-) TimerEvent: {}
[91.054743] (-) TimerEvent: {}
[91.155230] (-) TimerEvent: {}
[91.255725] (-) TimerEvent: {}
[91.356293] (-) TimerEvent: {}
[91.456844] (-) TimerEvent: {}
[91.557348] (-) TimerEvent: {}
[91.657914] (-) TimerEvent: {}
[91.758398] (-) TimerEvent: {}
[91.780423] (pcd_ndt_localization) StdoutLine: {'line': b'[100%] Built target pcd_ndt_localizer\n'}
[91.791749] (pcd_ndt_localization) CommandEnded: {'returncode': 0}
[91.794397] (pcd_ndt_localization) JobProgress: {'identifier': 'pcd_ndt_localization', 'progress': 'install'}
[91.802409] (pcd_ndt_localization) Command: {'cmd': ['/usr/local/bin/cmake', '--install', '/home/seeed/ros2/ws/build/pcd_ndt_localization'], 'cwd': '/home/seeed/ros2/ws/build/pcd_ndt_localization', 'env': OrderedDict([('LANGUAGE', 'zh_CN:en'), ('USER', 'seeed'), ('SSH_CLIENT', '10.200.24.83 60071 22'), ('LC_TIME', 'zh_CN.UTF-8'), ('ROS_PACKAGE_PATH', '/home/seeed/ros2/ws/install/vikit_common/share:/home/seeed/ros2/ws/install/ugv_sdk/share'), ('XDG_SESSION_TYPE', 'tty'), ('SHLVL', '0'), ('LD_LIBRARY_PATH', '/home/seeed/ros2/ws/install/vikit_ros/lib:/home/seeed/ros2/ws/install/vikit_common/lib:/home/seeed/ros2/ws/install/ranger_msgs/lib:/home/seeed/ros2/ws/install/fast_lio/lib:/home/seeed/ros2/ws/install/livox_ros_driver2/lib:/opt/ros/humble/opt/rviz_ogre_vendor/lib:/opt/ros/humble/lib/aarch64-linux-gnu:/opt/ros/humble/lib'), ('MOTD_SHOWN', 'pam'), ('HOME', '/home/seeed'), ('OLDPWD', '/home/seeed'), ('ROS_PYTHON_VERSION', '3'), ('LC_MONETARY', 'zh_CN.UTF-8'), ('ROS_IP', '10.200.54.207'), ('LC_CTYPE', 'C.UTF-8'), ('DBUS_SESSION_BUS_ADDRESS', 'unix:path=/run/user/1000/bus'), ('COLCON_PREFIX_PATH', '/home/seeed/ros2/ws/install'), ('ROS_DISTRO', 'humble'), ('LOGNAME', 'seeed'), ('_', '/usr/bin/colcon'), ('ROS_VERSION', '2'), ('PKG_CONFIG_PATH', '/home/seeed/ros2/ws/install/vikit_common/lib/aarch64-linux-gnu/pkgconfig:/home/seeed/ros2/ws/install/vikit_common/lib/pkgconfig:/home/seeed/ros2/ws/install/ugv_sdk/lib/aarch64-linux-gnu/pkgconfig:/home/seeed/ros2/ws/install/ugv_sdk/lib/pkgconfig'), ('XDG_SESSION_CLASS', 'user'), ('XDG_SESSION_ID', '126'), ('ROS_LOCALHOST_ONLY', '0'), ('PATH', '/opt/ros/humble/bin:/usr/local/sbin:/usr/local/bin:/usr/sbin:/usr/bin:/sbin:/bin:/usr/games:/usr/local/games:/snap/bin'), ('FASTRTPS_DEFAULT_PROFILES_FILE', '/home/seeed/ros2/fastrtps_profile.xml'), ('PAPERSIZE', 'a4'), ('LC_ADDRESS', 'zh_CN.UTF-8'), ('XDG_RUNTIME_DIR', '/run/user/1000'), ('DISPLAY', 'localhost:14.0'), ('LANG', 'zh_CN.UTF-8'), ('LC_TELEPHONE', 'zh_CN.UTF-8'), ('RMW_IMPLEMENTATION', 'rmw_fastrtps_cpp'), ('ROS_DOMAIN_ID', '0'), ('AMENT_PREFIX_PATH', '/home/seeed/ros2/ws/install/vikit_ros:/home/seeed/ros2/ws/install/ranger_base:/home/seeed/ros2/ws/install/ranger_msgs:/home/seeed/ros2/ws/install/ranger_bringup:/home/seeed/ros2/ws/install/pcd_ndt_localization:/home/seeed/ros2/ws/install/fast_lio:/home/seeed/ros2/ws/install/livox_ros_driver2:/opt/ros/humble'), ('SHELL', '/bin/bash'), ('LC_NAME', 'zh_CN.UTF-8'), ('LC_MEASUREMENT', 'zh_CN.UTF-8'), ('LC_IDENTIFICATION', 'zh_CN.UTF-8'), ('PWD', '/home/seeed/ros2/ws/build/pcd_ndt_localization'), ('LC_ALL', 'en_US.UTF-8'), ('SSH_CONNECTION', '10.200.24.83 60071 10.200.54.207 22'), ('XDG_DATA_DIRS', '/usr/share/gnome:/usr/local/share:/usr/share:/var/lib/snapd/desktop'), ('PYTHONPATH', '/home/seeed/ros2/ws/install/ranger_msgs/local/lib/python3.10/dist-packages:/home/seeed/ros2/ws/install/fast_lio/local/lib/python3.10/dist-packages:/home/seeed/ros2/ws/install/livox_ros_driver2/local/lib/python3.10/dist-packages:/opt/ros/humble/lib/python3.10/site-packages:/opt/ros/humble/local/lib/python3.10/dist-packages'), ('LC_NUMERIC', 'zh_CN.UTF-8'), ('LC_PAPER', 'zh_CN.UTF-8'), ('COLCON', '1'), ('CMAKE_PREFIX_PATH', '/home/seeed/ros2/ws/install/vikit_ros:/opt/ros/humble:/home/seeed/ros2/ws/install/vikit_common:/home/seeed/ros2/ws/install/ranger_base:/home/seeed/ros2/ws/install/ugv_sdk:/home/seeed/ros2/ws/install/ranger_msgs:/home/seeed/ros2/ws/install/ranger_bringup:/home/seeed/ros2/ws/install/pcd_ndt_localization:/home/seeed/ros2/ws/install/fast_lio:/home/seeed/ros2/ws/install/livox_ros_driver2')]), 'shell': False}
[91.809068] (pcd_ndt_localization) StdoutLine: {'line': b'-- Install configuration: "Release"\n'}
[91.809597] (pcd_ndt_localization) StdoutLine: {'line': b'-- Installing: /home/seeed/ros2/ws/install/pcd_ndt_localization/lib/pcd_ndt_localization/pcd_ndt_localizer\n'}
[91.815240] (pcd_ndt_localization) StdoutLine: {'line': b'-- Set runtime path of "/home/seeed/ros2/ws/install/pcd_ndt_localization/lib/pcd_ndt_localization/pcd_ndt_localizer" to ""\n'}
[91.816638] (pcd_ndt_localization) StdoutLine: {'line': b'-- Up-to-date: /home/seeed/ros2/ws/install/pcd_ndt_localization/lib/pcd_ndt_localization/pcd_occupancy_grid_publisher\n'}
[91.817430] (pcd_ndt_localization) StdoutLine: {'line': b'-- Up-to-date: /home/seeed/ros2/ws/install/pcd_ndt_localization/share/pcd_ndt_localization/config\n'}
[91.818265] (pcd_ndt_localization) StdoutLine: {'line': b'-- Installing: /home/seeed/ros2/ws/install/pcd_ndt_localization/share/pcd_ndt_localization/config/ndt_localization.yaml\n'}
[91.818897] (pcd_ndt_localization) StdoutLine: {'line': b'-- Up-to-date: /home/seeed/ros2/ws/install/pcd_ndt_localization/share/pcd_ndt_localization/launch\n'}
[91.819185] (pcd_ndt_localization) StdoutLine: {'line': b'-- Installing: /home/seeed/ros2/ws/install/pcd_ndt_localization/share/pcd_ndt_localization/launch/localization.launch.py\n'}
[91.819359] (pcd_ndt_localization) StdoutLine: {'line': b'-- Up-to-date: /home/seeed/ros2/ws/install/pcd_ndt_localization/share/ament_index/resource_index/package_run_dependencies/pcd_ndt_localization\n'}
[91.819520] (pcd_ndt_localization) StdoutLine: {'line': b'-- Up-to-date: /home/seeed/ros2/ws/install/pcd_ndt_localization/share/ament_index/resource_index/parent_prefix_path/pcd_ndt_localization\n'}
[91.819724] (pcd_ndt_localization) StdoutLine: {'line': b'-- Up-to-date: /home/seeed/ros2/ws/install/pcd_ndt_localization/share/pcd_ndt_localization/environment/ament_prefix_path.sh\n'}
[91.819922] (pcd_ndt_localization) StdoutLine: {'line': b'-- Up-to-date: /home/seeed/ros2/ws/install/pcd_ndt_localization/share/pcd_ndt_localization/environment/ament_prefix_path.dsv\n'}
[91.820161] (pcd_ndt_localization) StdoutLine: {'line': b'-- Up-to-date: /home/seeed/ros2/ws/install/pcd_ndt_localization/share/pcd_ndt_localization/environment/path.sh\n'}
[91.820318] (pcd_ndt_localization) StdoutLine: {'line': b'-- Up-to-date: /home/seeed/ros2/ws/install/pcd_ndt_localization/share/pcd_ndt_localization/environment/path.dsv\n'}
[91.820471] (pcd_ndt_localization) StdoutLine: {'line': b'-- Up-to-date: /home/seeed/ros2/ws/install/pcd_ndt_localization/share/pcd_ndt_localization/local_setup.bash\n'}
[91.821933] (pcd_ndt_localization) StdoutLine: {'line': b'-- Up-to-date: /home/seeed/ros2/ws/install/pcd_ndt_localization/share/pcd_ndt_localization/local_setup.sh\n'}
[91.823576] (pcd_ndt_localization) StdoutLine: {'line': b'-- Up-to-date: /home/seeed/ros2/ws/install/pcd_ndt_localization/share/pcd_ndt_localization/local_setup.zsh\n'}
[91.827079] (pcd_ndt_localization) StdoutLine: {'line': b'-- Up-to-date: /home/seeed/ros2/ws/install/pcd_ndt_localization/share/pcd_ndt_localization/local_setup.dsv\n'}
[91.827891] (pcd_ndt_localization) StdoutLine: {'line': b'-- Installing: /home/seeed/ros2/ws/install/pcd_ndt_localization/share/pcd_ndt_localization/package.dsv\n'}
[91.829703] (pcd_ndt_localization) StdoutLine: {'line': b'-- Up-to-date: /home/seeed/ros2/ws/install/pcd_ndt_localization/share/ament_index/resource_index/packages/pcd_ndt_localization\n'}
[91.830117] (pcd_ndt_localization) StdoutLine: {'line': b'-- Up-to-date: /home/seeed/ros2/ws/install/pcd_ndt_localization/share/pcd_ndt_localization/cmake/pcd_ndt_localizationConfig.cmake\n'}
[91.831112] (pcd_ndt_localization) StdoutLine: {'line': b'-- Up-to-date: /home/seeed/ros2/ws/install/pcd_ndt_localization/share/pcd_ndt_localization/cmake/pcd_ndt_localizationConfig-version.cmake\n'}
[91.831730] (pcd_ndt_localization) StdoutLine: {'line': b'-- Up-to-date: /home/seeed/ros2/ws/install/pcd_ndt_localization/share/pcd_ndt_localization/package.xml\n'}
[91.832844] (pcd_ndt_localization) CommandEnded: {'returncode': 0}
[91.858620] (-) TimerEvent: {}
[91.892973] (pcd_ndt_localization) JobEnded: {'identifier': 'pcd_ndt_localization', 'rc': 0}
[91.894847] (-) EventReactorShutdown: {}
