[0.000000] (-) TimerEvent: {}
[0.000328] (-) JobUnselected: {'identifier': 'livox_ros_driver2'}
[0.000842] (-) JobUnselected: {'identifier': 'pcd_ndt_localization'}
[0.001120] (-) JobUnselected: {'identifier': 'ranger_base'}
[0.001374] (-) JobUnselected: {'identifier': 'ranger_bringup'}
[0.001471] (-) JobUnselected: {'identifier': 'ranger_msgs'}
[0.001546] (-) JobUnselected: {'identifier': 'ugv_sdk'}
[0.001627] (-) JobUnselected: {'identifier': 'vikit_common'}
[0.001701] (-) JobUnselected: {'identifier': 'vikit_ros'}
[0.001778] (fast_lio) JobQueued: {'identifier': 'fast_lio', 'dependencies': OrderedDict([('livox_ros_driver2', '/home/seeed/ros2/ws/install/livox_ros_driver2')])}
[0.001867] (fast_lio) JobStarted: {'identifier': 'fast_lio'}
[0.025966] (fast_lio) JobProgress: {'identifier': 'fast_lio', 'progress': 'cmake'}
[0.028283] (fast_lio) JobProgress: {'identifier': 'fast_lio', 'progress': 'build'}
[0.030170] (fast_lio) Command: {'cmd': ['/usr/local/bin/cmake', '--build', '/home/seeed/ros2/ws/build/fast_lio', '--', '-j6', '-l6'], 'cwd': '/home/seeed/ros2/ws/build/fast_lio', 'env': OrderedDict([('LANGUAGE', 'zh_CN:en'), ('USER', 'seeed'), ('SSH_CLIENT', '10.200.24.83 60035 22'), ('LC_TIME', 'zh_CN.UTF-8'), ('ROS_PACKAGE_PATH', '/home/seeed/ros2/ws/install/vikit_common/share:/home/seeed/ros2/ws/install/ugv_sdk/share'), ('XDG_SESSION_TYPE', 'tty'), ('SHLVL', '0'), ('LD_LIBRARY_PATH', '/home/seeed/ros2/ws/install/livox_ros_driver2/lib:/home/seeed/ros2/ws/install/vikit_ros/lib:/home/seeed/ros2/ws/install/vikit_common/lib:/home/seeed/ros2/ws/install/ranger_msgs/lib:/home/seeed/ros2/ws/install/fast_lio/lib:/opt/ros/humble/opt/rviz_ogre_vendor/lib:/opt/ros/humble/lib/aarch64-linux-gnu:/opt/ros/humble/lib'), ('MOTD_SHOWN', 'pam'), ('HOME', '/home/seeed'), ('OLDPWD', '/home/seeed'), ('ROS_PYTHON_VERSION', '3'), ('LC_MONETARY', 'zh_CN.UTF-8'), ('ROS_IP', '10.200.54.207'), ('LC_CTYPE', 'C.UTF-8'), ('DBUS_SESSION_BUS_ADDRESS', 'unix:path=/run/user/1000/bus'), ('COLCON_PREFIX_PATH', '/home/seeed/ros2/ws/install'), ('ROS_DISTRO', 'humble'), ('LOGNAME', 'seeed'), ('ROS_VERSION', '2'), ('PKG_CONFIG_PATH', '/home/seeed/ros2/ws/install/vikit_common/lib/aarch64-linux-gnu/pkgconfig:/home/seeed/ros2/ws/install/vikit_common/lib/pkgconfig:/home/seeed/ros2/ws/install/ugv_sdk/lib/aarch64-linux-gnu/pkgconfig:/home/seeed/ros2/ws/install/ugv_sdk/lib/pkgconfig'), ('XDG_SESSION_CLASS', 'user'), ('XDG_SESSION_ID', '64'), ('ROS_LOCALHOST_ONLY', '0'), ('PATH', '/opt/ros/humble/bin:/usr/local/sbin:/usr/local/bin:/usr/sbin:/usr/bin:/sbin:/bin:/usr/games:/usr/local/games:/snap/bin'), ('FASTRTPS_DEFAULT_PROFILES_FILE', '/home/seeed/ros2/fastrtps_profile.xml'), ('PAPERSIZE', 'a4'), ('LC_ADDRESS', 'zh_CN.UTF-8'), ('XDG_RUNTIME_DIR', '/run/user/1000'), ('DISPLAY', 'localhost:15.0'), ('LANG', 'zh_CN.UTF-8'), ('LC_TELEPHONE', 'zh_CN.UTF-8'), ('RMW_IMPLEMENTATION', 'rmw_fastrtps_cpp'), ('ROS_DOMAIN_ID', '0'), ('AMENT_PREFIX_PATH', '/home/seeed/ros2/ws/install/vikit_ros:/home/seeed/ros2/ws/install/ranger_base:/home/seeed/ros2/ws/install/ranger_msgs:/home/seeed/ros2/ws/install/ranger_bringup:/home/seeed/ros2/ws/install/pcd_ndt_localization:/home/seeed/ros2/ws/install/fast_lio:/home/seeed/ros2/ws/install/livox_ros_driver2:/opt/ros/humble'), ('SHELL', '/bin/bash'), ('LC_NAME', 'zh_CN.UTF-8'), ('LC_MEASUREMENT', 'zh_CN.UTF-8'), ('LC_IDENTIFICATION', 'zh_CN.UTF-8'), ('PWD', '/home/seeed/ros2/ws/build/fast_lio'), ('LC_ALL', 'en_US.UTF-8'), ('SSH_CONNECTION', '10.200.24.83 60035 10.200.54.207 22'), ('PYTHONPATH', '/home/seeed/ros2/ws/install/ranger_msgs/local/lib/python3.10/dist-packages:/home/seeed/ros2/ws/install/fast_lio/local/lib/python3.10/dist-packages:/home/seeed/ros2/ws/install/livox_ros_driver2/local/lib/python3.10/dist-packages:/opt/ros/humble/lib/python3.10/site-packages:/opt/ros/humble/local/lib/python3.10/dist-packages'), ('LC_NUMERIC', 'zh_CN.UTF-8'), ('LC_PAPER', 'zh_CN.UTF-8'), ('COLCON', '1'), ('CMAKE_PREFIX_PATH', '/home/seeed/ros2/ws/install/livox_ros_driver2:/home/seeed/ros2/ws/install/vikit_ros:/opt/ros/humble:/home/seeed/ros2/ws/install/vikit_common:/home/seeed/ros2/ws/install/ranger_base:/home/seeed/ros2/ws/install/ugv_sdk:/home/seeed/ros2/ws/install/ranger_msgs:/home/seeed/ros2/ws/install/ranger_bringup:/home/seeed/ros2/ws/install/pcd_ndt_localization:/home/seeed/ros2/ws/install/fast_lio')]), 'shell': False}
[0.099232] (-) TimerEvent: {}
[0.139029] (fast_lio) StdoutLine: {'line': b'[  2%] Built target fast_lio__cpp\n'}
[0.139981] (fast_lio) StdoutLine: {'line': b'[  5%] Built target fast_lio__rs\n'}
[0.143922] (fast_lio) StdoutLine: {'line': b'[  5%] Built target ament_cmake_python_symlink_fast_lio\n'}
[0.150556] (fast_lio) StdoutLine: {'line': b'[ 13%] Built target fast_lio__rosidl_generator_c\n'}
[0.167767] (fast_lio) StdoutLine: {'line': b'[ 22%] Built target fast_lio__rosidl_typesupport_introspection_cpp\n'}
[0.168402] (fast_lio) StdoutLine: {'line': b'[ 30%] Built target fast_lio__rosidl_typesupport_fastrtps_cpp\n'}
[0.168885] (fast_lio) StdoutLine: {'line': b'[ 38%] Built target fast_lio__rosidl_typesupport_cpp\n'}
[0.175033] (fast_lio) StdoutLine: {'line': b'[ 47%] Built target fast_lio__rosidl_typesupport_introspection_c\n'}
[0.179878] (fast_lio) StdoutLine: {'line': b'[ 55%] Built target fast_lio__rosidl_typesupport_fastrtps_c\n'}
[0.187378] (fast_lio) StdoutLine: {'line': b'[ 63%] Built target fast_lio__rosidl_typesupport_c\n'}
[0.199377] (-) TimerEvent: {}
[0.206311] (fast_lio) StdoutLine: {'line': b'[ 63%] Built target fast_lio\n'}
[0.224618] (fast_lio) StdoutLine: {'line': b'[ 66%] Built target fast_lio__py\n'}
[0.248835] (fast_lio) StdoutLine: {'line': b'[ 72%] Built target fast_lio__rosidl_generator_py\n'}
[0.271371] (fast_lio) StdoutLine: {'line': b'[ 77%] Built target fast_lio__rosidl_typesupport_c__pyext\n'}
[0.272324] (fast_lio) StdoutLine: {'line': b'[ 83%] Built target fast_lio__rosidl_typesupport_introspection_c__pyext\n'}
[0.274651] (fast_lio) StdoutLine: {'line': b'[ 88%] Built target fast_lio__rosidl_typesupport_fastrtps_c__pyext\n'}
[0.299478] (-) TimerEvent: {}
[0.327977] (fast_lio) StdoutLine: {'line': b'[ 91%] Building CXX object CMakeFiles/fastlio_mapping.dir/src/laserMapping.cpp.o\n'}
[0.399575] (-) TimerEvent: {}
[0.499756] (-) TimerEvent: {}
[0.599935] (-) TimerEvent: {}
[0.696817] (fast_lio) StdoutLine: {'line': b'running egg_info\n'}
[0.698772] (fast_lio) StdoutLine: {'line': b'writing fast_lio.egg-info/PKG-INFO\n'}
[0.699413] (fast_lio) StdoutLine: {'line': b'writing dependency_links to fast_lio.egg-info/dependency_links.txt\n'}
[0.699923] (fast_lio) StdoutLine: {'line': b'writing top-level names to fast_lio.egg-info/top_level.txt\n'}
[0.700092] (-) TimerEvent: {}
[0.705573] (fast_lio) StdoutLine: {'line': b"reading manifest file 'fast_lio.egg-info/SOURCES.txt'\n"}
[0.706835] (fast_lio) StdoutLine: {'line': b"writing manifest file 'fast_lio.egg-info/SOURCES.txt'\n"}
[0.769775] (fast_lio) StdoutLine: {'line': b'[ 91%] Built target ament_cmake_python_build_fast_lio_egg\n'}
[0.800210] (-) TimerEvent: {}
[0.900422] (-) TimerEvent: {}
[1.000630] (-) TimerEvent: {}
[1.100803] (-) TimerEvent: {}
[1.200978] (-) TimerEvent: {}
[1.301160] (-) TimerEvent: {}
[1.401325] (-) TimerEvent: {}
[1.501484] (-) TimerEvent: {}
[1.601645] (-) TimerEvent: {}
[1.701796] (-) TimerEvent: {}
[1.801945] (-) TimerEvent: {}
[1.902124] (-) TimerEvent: {}
[2.002314] (-) TimerEvent: {}
[2.102479] (-) TimerEvent: {}
[2.202657] (-) TimerEvent: {}
[2.302886] (-) TimerEvent: {}
[2.403110] (-) TimerEvent: {}
[2.503282] (-) TimerEvent: {}
[2.603552] (-) TimerEvent: {}
[2.703893] (-) TimerEvent: {}
[2.804174] (-) TimerEvent: {}
[2.904495] (-) TimerEvent: {}
[3.004855] (-) TimerEvent: {}
[3.105246] (-) TimerEvent: {}
[3.205663] (-) TimerEvent: {}
[3.306013] (-) TimerEvent: {}
[3.406300] (-) TimerEvent: {}
[3.506546] (-) TimerEvent: {}
[3.606833] (-) TimerEvent: {}
[3.707433] (-) TimerEvent: {}
[3.808082] (-) TimerEvent: {}
[3.908477] (-) TimerEvent: {}
[4.009114] (-) TimerEvent: {}
[4.109519] (-) TimerEvent: {}
[4.210190] (-) TimerEvent: {}
[4.310602] (-) TimerEvent: {}
[4.411257] (-) TimerEvent: {}
[4.511939] (-) TimerEvent: {}
[4.612361] (-) TimerEvent: {}
[4.712999] (-) TimerEvent: {}
[4.813696] (-) TimerEvent: {}
[4.914077] (-) TimerEvent: {}
[5.014481] (-) TimerEvent: {}
[5.114901] (-) TimerEvent: {}
[5.215332] (-) TimerEvent: {}
[5.315767] (-) TimerEvent: {}
[5.416194] (-) TimerEvent: {}
[5.516886] (-) TimerEvent: {}
[5.617584] (-) TimerEvent: {}
[5.718297] (-) TimerEvent: {}
[5.818997] (-) TimerEvent: {}
[5.919428] (-) TimerEvent: {}
[6.020132] (-) TimerEvent: {}
[6.120842] (-) TimerEvent: {}
[6.221289] (-) TimerEvent: {}
[6.321759] (-) TimerEvent: {}
[6.422451] (-) TimerEvent: {}
[6.523151] (-) TimerEvent: {}
[6.623582] (-) TimerEvent: {}
[6.724027] (-) TimerEvent: {}
[6.824732] (-) TimerEvent: {}
[6.925166] (-) TimerEvent: {}
[7.025638] (-) TimerEvent: {}
[7.126329] (-) TimerEvent: {}
[7.226762] (-) TimerEvent: {}
[7.327444] (-) TimerEvent: {}
[7.427895] (-) TimerEvent: {}
[7.528587] (-) TimerEvent: {}
[7.629284] (-) TimerEvent: {}
[7.729751] (-) TimerEvent: {}
[7.830435] (-) TimerEvent: {}
[7.930852] (-) TimerEvent: {}
[8.031292] (-) TimerEvent: {}
[8.131991] (-) TimerEvent: {}
[8.232448] (-) TimerEvent: {}
[8.332889] (-) TimerEvent: {}
[8.433586] (-) TimerEvent: {}
[8.534314] (-) TimerEvent: {}
[8.635009] (-) TimerEvent: {}
[8.735712] (-) TimerEvent: {}
[8.836423] (-) TimerEvent: {}
[8.936855] (-) TimerEvent: {}
[9.037656] (-) TimerEvent: {}
[9.138348] (-) TimerEvent: {}
[9.239049] (-) TimerEvent: {}
[9.339520] (-) TimerEvent: {}
[9.440220] (-) TimerEvent: {}
[9.540922] (-) TimerEvent: {}
[9.641651] (-) TimerEvent: {}
[9.742344] (-) TimerEvent: {}
[9.843050] (-) TimerEvent: {}
[9.943481] (-) TimerEvent: {}
[10.043923] (-) TimerEvent: {}
[10.144354] (-) TimerEvent: {}
[10.244824] (-) TimerEvent: {}
[10.345524] (-) TimerEvent: {}
[10.446244] (-) TimerEvent: {}
[10.546693] (-) TimerEvent: {}
[10.647392] (-) TimerEvent: {}
[10.747852] (-) TimerEvent: {}
[10.848552] (-) TimerEvent: {}
[10.948979] (-) TimerEvent: {}
[11.049686] (-) TimerEvent: {}
[11.150132] (-) TimerEvent: {}
[11.250594] (-) TimerEvent: {}
[11.351039] (-) TimerEvent: {}
[11.451492] (-) TimerEvent: {}
[11.551938] (-) TimerEvent: {}
[11.652640] (-) TimerEvent: {}
[11.753093] (-) TimerEvent: {}
[11.853537] (-) TimerEvent: {}
[11.953986] (-) TimerEvent: {}
[12.054423] (-) TimerEvent: {}
[12.154871] (-) TimerEvent: {}
[12.255314] (-) TimerEvent: {}
[12.355753] (-) TimerEvent: {}
[12.456441] (-) TimerEvent: {}
[12.557139] (-) TimerEvent: {}
[12.657832] (-) TimerEvent: {}
[12.758288] (-) TimerEvent: {}
[12.858737] (-) TimerEvent: {}
[12.959160] (-) TimerEvent: {}
[13.059600] (-) TimerEvent: {}
[13.160040] (-) TimerEvent: {}
[13.260742] (-) TimerEvent: {}
[13.361185] (-) TimerEvent: {}
[13.461880] (-) TimerEvent: {}
[13.562328] (-) TimerEvent: {}
[13.663024] (-) TimerEvent: {}
[13.763721] (-) TimerEvent: {}
[13.864420] (-) TimerEvent: {}
[13.965116] (-) TimerEvent: {}
[14.065571] (-) TimerEvent: {}
[14.166039] (-) TimerEvent: {}
[14.266403] (-) TimerEvent: {}
[14.366698] (-) TimerEvent: {}
[14.466970] (-) TimerEvent: {}
[14.567328] (-) TimerEvent: {}
[14.667707] (-) TimerEvent: {}
[14.768011] (-) TimerEvent: {}
[14.868295] (-) TimerEvent: {}
[14.968633] (-) TimerEvent: {}
[15.068979] (-) TimerEvent: {}
[15.169349] (-) TimerEvent: {}
[15.269795] (-) TimerEvent: {}
[15.370459] (-) TimerEvent: {}
[15.471151] (-) TimerEvent: {}
[15.571593] (-) TimerEvent: {}
[15.672273] (-) TimerEvent: {}
[15.772966] (-) TimerEvent: {}
[15.873684] (-) TimerEvent: {}
[15.974378] (-) TimerEvent: {}
[16.075070] (-) TimerEvent: {}
[16.117531] (fast_lio) StderrLine: {'line': b'In file included from /usr/include/boost/smart_ptr/detail/sp_thread_sleep.hpp:22,\n'}
[16.118087] (fast_lio) StderrLine: {'line': b'                 from /usr/include/boost/smart_ptr/detail/yield_k.hpp:23,\n'}
[16.118258] (fast_lio) StderrLine: {'line': b'                 from /usr/include/boost/smart_ptr/detail/spinlock_gcc_atomic.hpp:14,\n'}
[16.118400] (fast_lio) StderrLine: {'line': b'                 from /usr/include/boost/smart_ptr/detail/spinlock.hpp:42,\n'}
[16.118533] (fast_lio) StderrLine: {'line': b'                 from /usr/include/boost/smart_ptr/detail/spinlock_pool.hpp:25,\n'}
[16.118685] (fast_lio) StderrLine: {'line': b'                 from /usr/include/boost/smart_ptr/shared_ptr.hpp:29,\n'}
[16.118814] (fast_lio) StderrLine: {'line': b'                 from /usr/include/boost/shared_ptr.hpp:17,\n'}
[16.118938] (fast_lio) StderrLine: {'line': b'                 from /usr/include/boost/date_time/microsec_time_clock.hpp:18,\n'}
[16.119058] (fast_lio) StderrLine: {'line': b'                 from /usr/include/boost/interprocess/detail/posix_time_types_wrk.hpp:31,\n'}
[16.119178] (fast_lio) StderrLine: {'line': b'                 from /usr/include/boost/interprocess/detail/os_thread_functions.hpp:36,\n'}
[16.119299] (fast_lio) StderrLine: {'line': b'                 from /usr/include/boost/interprocess/sync/file_lock.hpp:26,\n'}
[16.119419] (fast_lio) StderrLine: {'line': b'                 from /usr/include/pcl-1.12/pcl/io/pcd_io.h:46,\n'}
[16.119536] (fast_lio) StderrLine: {'line': b'                 from /opt/ros/humble/include/pcl_conversions/pcl_conversions/pcl_conversions.h:73,\n'}
[16.119655] (fast_lio) StderrLine: {'line': b'                 from /home/seeed/ros2/ws/src/slam/fast_lio/src/IMU_Processing.hpp:18,\n'}
[16.119773] (fast_lio) StderrLine: {'line': b'                 from /home/seeed/ros2/ws/src/slam/fast_lio/src/laserMapping.cpp:47:\n'}
[16.119892] (fast_lio) StderrLine: {'line': b'/usr/include/boost/bind.hpp:36:1: note: \xe2\x80\x98#pragma message: The practice of declaring the Bind placeholders (_1, _2, ...) in the global namespace is deprecated. Please use <boost/bind/bind.hpp> + using namespace boost::placeholders, or define BOOST_BIND_GLOBAL_PLACEHOLDERS to retain the current behavior.\xe2\x80\x99\n'}
[16.120025] (fast_lio) StderrLine: {'line': b'   36 | BOOST_PRAGMA_MESSAGE(\n'}
[16.120146] (fast_lio) StderrLine: {'line': b'      | ^~~~~~~~~~~~~~~~~~~~\n'}
[16.175188] (-) TimerEvent: {}
[16.275579] (-) TimerEvent: {}
[16.376269] (-) TimerEvent: {}
[16.476969] (-) TimerEvent: {}
[16.577423] (-) TimerEvent: {}
[16.677881] (-) TimerEvent: {}
[16.778555] (-) TimerEvent: {}
[16.879240] (-) TimerEvent: {}
[16.979929] (-) TimerEvent: {}
[17.080375] (-) TimerEvent: {}
[17.180817] (-) TimerEvent: {}
[17.281518] (-) TimerEvent: {}
[17.382240] (-) TimerEvent: {}
[17.482689] (-) TimerEvent: {}
[17.583139] (-) TimerEvent: {}
[17.683582] (-) TimerEvent: {}
[17.783943] (-) TimerEvent: {}
[17.884236] (-) TimerEvent: {}
[17.984574] (-) TimerEvent: {}
[18.085252] (-) TimerEvent: {}
[18.185948] (-) TimerEvent: {}
[18.286409] (-) TimerEvent: {}
[18.387111] (-) TimerEvent: {}
[18.487558] (-) TimerEvent: {}
[18.588008] (-) TimerEvent: {}
[18.688776] (-) TimerEvent: {}
[18.789239] (-) TimerEvent: {}
[18.889939] (-) TimerEvent: {}
[18.990387] (-) TimerEvent: {}
[19.090829] (-) TimerEvent: {}
[19.191340] (-) TimerEvent: {}
[19.291803] (-) TimerEvent: {}
[19.392502] (-) TimerEvent: {}
[19.493208] (-) TimerEvent: {}
[19.593901] (-) TimerEvent: {}
[19.694598] (-) TimerEvent: {}
[19.795302] (-) TimerEvent: {}
[19.895992] (-) TimerEvent: {}
[19.996678] (-) TimerEvent: {}
[20.097374] (-) TimerEvent: {}
[20.197817] (-) TimerEvent: {}
[20.298263] (-) TimerEvent: {}
[20.398958] (-) TimerEvent: {}
[20.499655] (-) TimerEvent: {}
[20.600356] (-) TimerEvent: {}
[20.700817] (-) TimerEvent: {}
[20.801524] (-) TimerEvent: {}
[20.902243] (-) TimerEvent: {}
[21.002941] (-) TimerEvent: {}
[21.103388] (-) TimerEvent: {}
[21.204090] (-) TimerEvent: {}
[21.304788] (-) TimerEvent: {}
[21.405245] (-) TimerEvent: {}
[21.505953] (-) TimerEvent: {}
[21.606384] (-) TimerEvent: {}
[21.706836] (-) TimerEvent: {}
[21.807533] (-) TimerEvent: {}
[21.908235] (-) TimerEvent: {}
[22.008921] (-) TimerEvent: {}
[22.109378] (-) TimerEvent: {}
[22.210076] (-) TimerEvent: {}
[22.310537] (-) TimerEvent: {}
[22.411240] (-) TimerEvent: {}
[22.511946] (-) TimerEvent: {}
[22.612646] (-) TimerEvent: {}
[22.713101] (-) TimerEvent: {}
[22.813803] (-) TimerEvent: {}
[22.914208] (-) TimerEvent: {}
[23.014631] (-) TimerEvent: {}
[23.115068] (-) TimerEvent: {}
[23.215522] (-) TimerEvent: {}
[23.315986] (-) TimerEvent: {}
[23.416680] (-) TimerEvent: {}
[23.517431] (-) TimerEvent: {}
[23.617898] (-) TimerEvent: {}
[23.718348] (-) TimerEvent: {}
[23.819051] (-) TimerEvent: {}
[23.919472] (-) TimerEvent: {}
[24.019903] (-) TimerEvent: {}
[24.120344] (-) TimerEvent: {}
[24.220844] (-) TimerEvent: {}
[24.321260] (-) TimerEvent: {}
[24.421706] (-) TimerEvent: {}
[24.522400] (-) TimerEvent: {}
[24.622823] (-) TimerEvent: {}
[24.723285] (-) TimerEvent: {}
[24.823989] (-) TimerEvent: {}
[24.924398] (-) TimerEvent: {}
[25.025070] (-) TimerEvent: {}
[25.125783] (-) TimerEvent: {}
[25.226555] (-) TimerEvent: {}
[25.327248] (-) TimerEvent: {}
[25.427950] (-) TimerEvent: {}
[25.528656] (-) TimerEvent: {}
[25.629112] (-) TimerEvent: {}
[25.729817] (-) TimerEvent: {}
[25.830515] (-) TimerEvent: {}
[25.930941] (-) TimerEvent: {}
[26.031626] (-) TimerEvent: {}
[26.132322] (-) TimerEvent: {}
[26.232787] (-) TimerEvent: {}
[26.333488] (-) TimerEvent: {}
[26.434215] (-) TimerEvent: {}
[26.534910] (-) TimerEvent: {}
[26.635611] (-) TimerEvent: {}
[26.736311] (-) TimerEvent: {}
[26.836763] (-) TimerEvent: {}
[26.937175] (-) TimerEvent: {}
[27.037516] (-) TimerEvent: {}
[27.137825] (-) TimerEvent: {}
[27.238189] (-) TimerEvent: {}
[27.338548] (-) TimerEvent: {}
[27.438920] (-) TimerEvent: {}
[27.539287] (-) TimerEvent: {}
[27.639616] (-) TimerEvent: {}
[27.740034] (-) TimerEvent: {}
[27.840401] (-) TimerEvent: {}
[27.940744] (-) TimerEvent: {}
[28.041084] (-) TimerEvent: {}
[28.141402] (-) TimerEvent: {}
[28.241756] (-) TimerEvent: {}
[28.342134] (-) TimerEvent: {}
[28.442810] (-) TimerEvent: {}
[28.543272] (-) TimerEvent: {}
[28.643735] (-) TimerEvent: {}
[28.744435] (-) TimerEvent: {}
[28.845135] (-) TimerEvent: {}
[28.945576] (-) TimerEvent: {}
[29.046286] (-) TimerEvent: {}
[29.146727] (-) TimerEvent: {}
[29.247444] (-) TimerEvent: {}
[29.348153] (-) TimerEvent: {}
[29.448861] (-) TimerEvent: {}
[29.549320] (-) TimerEvent: {}
[29.650013] (-) TimerEvent: {}
[29.750475] (-) TimerEvent: {}
[29.851170] (-) TimerEvent: {}
[29.951595] (-) TimerEvent: {}
[30.051984] (-) TimerEvent: {}
[30.057149] (fast_lio) StderrLine: {'line': b'In file included from /home/seeed/ros2/ws/src/slam/fast_lio/include/IKFoM_toolkit/esekfom/../mtk/types/SOn.hpp:83,\n'}
[30.057580] (fast_lio) StderrLine: {'line': b'                 from /home/seeed/ros2/ws/src/slam/fast_lio/include/IKFoM_toolkit/esekfom/esekfom.hpp:49,\n'}
[30.057811] (fast_lio) StderrLine: {'line': b'                 from /home/seeed/ros2/ws/src/slam/fast_lio/include/use-ikfom.hpp:4,\n'}
[30.057958] (fast_lio) StderrLine: {'line': b'                 from /home/seeed/ros2/ws/src/slam/fast_lio/src/IMU_Processing.hpp:22,\n'}
[30.058090] (fast_lio) StderrLine: {'line': b'                 from /home/seeed/ros2/ws/src/slam/fast_lio/src/laserMapping.cpp:47:\n'}
[30.058216] (fast_lio) StderrLine: {'line': b'/home/seeed/ros2/ws/src/slam/fast_lio/include/IKFoM_toolkit/esekfom/../mtk/types/../src/mtkmath.hpp: In instantiation of \xe2\x80\x98std::pair<_FIter, _FIter> MTK::cos_sinc_sqrt(const scalar&) [with scalar = double]\xe2\x80\x99:\n'}
[30.058348] (fast_lio) StderrLine: {'line': b'/home/seeed/ros2/ws/src/slam/fast_lio/include/IKFoM_toolkit/esekfom/../mtk/types/../src/mtkmath.hpp:252:52:   required from \xe2\x80\x98scalar MTK::exp(MTK::vectview<scalar, dim>, MTK::vectview<const scalar, dim>, const scalar&) [with scalar = double; int n = 3]\xe2\x80\x99\n'}
[30.058478] (fast_lio) StderrLine: {'line': b'/home/seeed/ros2/ws/src/slam/fast_lio/include/IKFoM_toolkit/esekfom/../mtk/types/S2.hpp:140:32:   required from \xe2\x80\x98void MTK::S2<_scalar, den, num, S2_typ>::boxplus(MTK::vectview<const _scalar, 2>, MTK::S2<_scalar, den, num, S2_typ>::scalar) [with _scalar = double; int den = 98090; int num = 10000; int S2_typ = 1; MTK::S2<_scalar, den, num, S2_typ>::scalar = double]\xe2\x80\x99\n'}
[30.058658] (fast_lio) StderrLine: {'line': b'/home/seeed/ros2/ws/src/slam/fast_lio/include/use-ikfom.hpp:12:1:   required from here\n'}
[30.058785] (fast_lio) StderrLine: {'line': b'/home/seeed/ros2/ws/src/slam/fast_lio/include/IKFoM_toolkit/esekfom/../mtk/types/../src/mtkmath.hpp:143:27: note: parameter passing for argument of type \xe2\x80\x98std::pair<double, double>\xe2\x80\x99 when C++17 is enabled changed to match C++14 in GCC 10.1\n'}
[30.058931] (fast_lio) StderrLine: {'line': b'  143 | std::pair<scalar, scalar> cos_sinc_sqrt(const scalar &x2){\n'}
[30.059055] (fast_lio) StderrLine: {'line': b'      |                           ^~~~~~~~~~~~~\n'}
[30.152185] (-) TimerEvent: {}
[30.252653] (-) TimerEvent: {}
[30.353094] (-) TimerEvent: {}
[30.453454] (-) TimerEvent: {}
[30.553771] (-) TimerEvent: {}
[30.654136] (-) TimerEvent: {}
[30.754482] (-) TimerEvent: {}
[30.854775] (-) TimerEvent: {}
[30.955097] (-) TimerEvent: {}
[31.055515] (-) TimerEvent: {}
[31.155892] (-) TimerEvent: {}
[31.256214] (-) TimerEvent: {}
[31.356489] (-) TimerEvent: {}
[31.456742] (-) TimerEvent: {}
[31.557090] (-) TimerEvent: {}
[31.657448] (-) TimerEvent: {}
[31.757791] (-) TimerEvent: {}
[31.858232] (-) TimerEvent: {}
[31.958651] (-) TimerEvent: {}
[32.059034] (-) TimerEvent: {}
[32.159440] (-) TimerEvent: {}
[32.259890] (-) TimerEvent: {}
[32.360570] (-) TimerEvent: {}
[32.461270] (-) TimerEvent: {}
[32.561965] (-) TimerEvent: {}
[32.662665] (-) TimerEvent: {}
[32.763362] (-) TimerEvent: {}
[32.864047] (-) TimerEvent: {}
[32.964486] (-) TimerEvent: {}
[33.064911] (-) TimerEvent: {}
[33.165298] (-) TimerEvent: {}
[33.265683] (-) TimerEvent: {}
[33.366006] (-) TimerEvent: {}
[33.466363] (-) TimerEvent: {}
[33.566724] (-) TimerEvent: {}
[33.667103] (-) TimerEvent: {}
[33.767793] (-) TimerEvent: {}
[33.868256] (-) TimerEvent: {}
[33.968697] (-) TimerEvent: {}
[34.069150] (-) TimerEvent: {}
[34.169574] (-) TimerEvent: {}
[34.269952] (-) TimerEvent: {}
[34.370273] (-) TimerEvent: {}
[34.470656] (-) TimerEvent: {}
[34.571093] (-) TimerEvent: {}
[34.671549] (-) TimerEvent: {}
[34.772243] (-) TimerEvent: {}
[34.872944] (-) TimerEvent: {}
[34.973374] (-) TimerEvent: {}
[35.073819] (-) TimerEvent: {}
[35.174261] (-) TimerEvent: {}
[35.274956] (-) TimerEvent: {}
[35.375652] (-) TimerEvent: {}
[35.476352] (-) TimerEvent: {}
[35.577060] (-) TimerEvent: {}
[35.677783] (-) TimerEvent: {}
[35.778478] (-) TimerEvent: {}
[35.879176] (-) TimerEvent: {}
[35.979613] (-) TimerEvent: {}
[36.080051] (-) TimerEvent: {}
[36.180491] (-) TimerEvent: {}
[36.280939] (-) TimerEvent: {}
[36.381447] (-) TimerEvent: {}
[36.482165] (-) TimerEvent: {}
[36.582860] (-) TimerEvent: {}
[36.683556] (-) TimerEvent: {}
[36.784255] (-) TimerEvent: {}
[36.884690] (-) TimerEvent: {}
[36.985127] (-) TimerEvent: {}
[37.085561] (-) TimerEvent: {}
[37.186025] (-) TimerEvent: {}
[37.286706] (-) TimerEvent: {}
[37.387400] (-) TimerEvent: {}
[37.488100] (-) TimerEvent: {}
[37.588797] (-) TimerEvent: {}
[37.689498] (-) TimerEvent: {}
[37.790226] (-) TimerEvent: {}
[37.890670] (-) TimerEvent: {}
[37.991370] (-) TimerEvent: {}
[38.091810] (-) TimerEvent: {}
[38.192506] (-) TimerEvent: {}
[38.293203] (-) TimerEvent: {}
[38.393894] (-) TimerEvent: {}
[38.494595] (-) TimerEvent: {}
[38.595298] (-) TimerEvent: {}
[38.695741] (-) TimerEvent: {}
[38.796198] (-) TimerEvent: {}
[38.896890] (-) TimerEvent: {}
[38.997321] (-) TimerEvent: {}
[39.097782] (-) TimerEvent: {}
[39.198486] (-) TimerEvent: {}
[39.299174] (-) TimerEvent: {}
[39.399623] (-) TimerEvent: {}
[39.500324] (-) TimerEvent: {}
[39.601022] (-) TimerEvent: {}
[39.701734] (-) TimerEvent: {}
[39.802428] (-) TimerEvent: {}
[39.903131] (-) TimerEvent: {}
[40.003841] (-) TimerEvent: {}
[40.104292] (-) TimerEvent: {}
[40.204707] (-) TimerEvent: {}
[40.305134] (-) TimerEvent: {}
[40.405583] (-) TimerEvent: {}
[40.506313] (-) TimerEvent: {}
[40.607022] (-) TimerEvent: {}
[40.707469] (-) TimerEvent: {}
[40.808167] (-) TimerEvent: {}
[40.908929] (-) TimerEvent: {}
[41.009626] (-) TimerEvent: {}
[41.110068] (-) TimerEvent: {}
[41.210518] (-) TimerEvent: {}
[41.310886] (-) TimerEvent: {}
[41.411196] (-) TimerEvent: {}
[41.511584] (-) TimerEvent: {}
[41.612033] (-) TimerEvent: {}
[41.712479] (-) TimerEvent: {}
[41.812905] (-) TimerEvent: {}
[41.913286] (-) TimerEvent: {}
[42.013724] (-) TimerEvent: {}
[42.114181] (-) TimerEvent: {}
[42.214580] (-) TimerEvent: {}
[42.315003] (-) TimerEvent: {}
[42.415393] (-) TimerEvent: {}
[42.515705] (-) TimerEvent: {}
[42.616045] (-) TimerEvent: {}
[42.716393] (-) TimerEvent: {}
[42.816685] (-) TimerEvent: {}
[42.917034] (-) TimerEvent: {}
[43.017434] (-) TimerEvent: {}
[43.117825] (-) TimerEvent: {}
[43.218183] (-) TimerEvent: {}
[43.318537] (-) TimerEvent: {}
[43.418840] (-) TimerEvent: {}
[43.519130] (-) TimerEvent: {}
[43.619471] (-) TimerEvent: {}
[43.719895] (-) TimerEvent: {}
[43.820287] (-) TimerEvent: {}
[43.920660] (-) TimerEvent: {}
[44.021078] (-) TimerEvent: {}
[44.121541] (-) TimerEvent: {}
[44.221991] (-) TimerEvent: {}
[44.322411] (-) TimerEvent: {}
[44.422778] (-) TimerEvent: {}
[44.523089] (-) TimerEvent: {}
[44.623501] (-) TimerEvent: {}
[44.723788] (-) TimerEvent: {}
[44.824066] (-) TimerEvent: {}
[44.924341] (-) TimerEvent: {}
[45.024688] (-) TimerEvent: {}
[45.125058] (-) TimerEvent: {}
[45.225413] (-) TimerEvent: {}
[45.325748] (-) TimerEvent: {}
[45.426262] (-) TimerEvent: {}
[45.526740] (-) TimerEvent: {}
[45.627110] (-) TimerEvent: {}
[45.727473] (-) TimerEvent: {}
[45.827780] (-) TimerEvent: {}
[45.928065] (-) TimerEvent: {}
[46.028411] (-) TimerEvent: {}
[46.128818] (-) TimerEvent: {}
[46.229213] (-) TimerEvent: {}
[46.329569] (-) TimerEvent: {}
[46.429896] (-) TimerEvent: {}
[46.530183] (-) TimerEvent: {}
[46.630522] (-) TimerEvent: {}
[46.730898] (-) TimerEvent: {}
[46.831205] (-) TimerEvent: {}
[46.931515] (-) TimerEvent: {}
[47.031867] (-) TimerEvent: {}
[47.132294] (-) TimerEvent: {}
[47.232748] (-) TimerEvent: {}
[47.333140] (-) TimerEvent: {}
[47.433512] (-) TimerEvent: {}
[47.533989] (-) TimerEvent: {}
[47.634429] (-) TimerEvent: {}
[47.734866] (-) TimerEvent: {}
[47.835237] (-) TimerEvent: {}
[47.935634] (-) TimerEvent: {}
[48.036059] (-) TimerEvent: {}
[48.136482] (-) TimerEvent: {}
[48.236899] (-) TimerEvent: {}
[48.337326] (-) TimerEvent: {}
[48.437788] (-) TimerEvent: {}
[48.538235] (-) TimerEvent: {}
[48.638650] (-) TimerEvent: {}
[48.739323] (-) TimerEvent: {}
[48.840018] (-) TimerEvent: {}
[48.940718] (-) TimerEvent: {}
[49.041186] (-) TimerEvent: {}
[49.141876] (-) TimerEvent: {}
[49.242574] (-) TimerEvent: {}
[49.343030] (-) TimerEvent: {}
[49.443742] (-) TimerEvent: {}
[49.544190] (-) TimerEvent: {}
[49.647274] (-) TimerEvent: {}
[49.747731] (-) TimerEvent: {}
[49.848434] (-) TimerEvent: {}
[49.948939] (-) TimerEvent: {}
[50.049395] (-) TimerEvent: {}
[50.149884] (-) TimerEvent: {}
[50.250572] (-) TimerEvent: {}
[50.351021] (-) TimerEvent: {}
[50.451718] (-) TimerEvent: {}
[50.552160] (-) TimerEvent: {}
[50.652608] (-) TimerEvent: {}
[50.753070] (-) TimerEvent: {}
[50.853529] (-) TimerEvent: {}
[50.953986] (-) TimerEvent: {}
[51.054413] (-) TimerEvent: {}
[51.154849] (-) TimerEvent: {}
[51.255525] (-) TimerEvent: {}
[51.355966] (-) TimerEvent: {}
[51.456673] (-) TimerEvent: {}
[51.557379] (-) TimerEvent: {}
[51.658080] (-) TimerEvent: {}
[51.758778] (-) TimerEvent: {}
[51.859473] (-) TimerEvent: {}
[51.959914] (-) TimerEvent: {}
[52.060368] (-) TimerEvent: {}
[52.160809] (-) TimerEvent: {}
[52.261259] (-) TimerEvent: {}
[52.361948] (-) TimerEvent: {}
[52.462407] (-) TimerEvent: {}
[52.562855] (-) TimerEvent: {}
[52.663548] (-) TimerEvent: {}
[52.764238] (-) TimerEvent: {}
[52.864671] (-) TimerEvent: {}
[52.965106] (-) TimerEvent: {}
[53.065804] (-) TimerEvent: {}
[53.166249] (-) TimerEvent: {}
[53.266937] (-) TimerEvent: {}
[53.367638] (-) TimerEvent: {}
[53.468079] (-) TimerEvent: {}
[53.568512] (-) TimerEvent: {}
[53.669217] (-) TimerEvent: {}
[53.769699] (-) TimerEvent: {}
[53.870388] (-) TimerEvent: {}
[53.970829] (-) TimerEvent: {}
[54.071581] (-) TimerEvent: {}
[54.172019] (-) TimerEvent: {}
[54.272479] (-) TimerEvent: {}
[54.373162] (-) TimerEvent: {}
[54.473644] (-) TimerEvent: {}
[54.574344] (-) TimerEvent: {}
[54.674880] (-) TimerEvent: {}
[54.775330] (-) TimerEvent: {}
[54.875698] (-) TimerEvent: {}
[54.975994] (-) TimerEvent: {}
[55.076342] (-) TimerEvent: {}
[55.176751] (-) TimerEvent: {}
[55.277197] (-) TimerEvent: {}
[55.377573] (-) TimerEvent: {}
[55.477948] (-) TimerEvent: {}
[55.578274] (-) TimerEvent: {}
[55.678903] (-) TimerEvent: {}
[55.779347] (-) TimerEvent: {}
[55.879795] (-) TimerEvent: {}
[55.980231] (-) TimerEvent: {}
[56.080711] (-) TimerEvent: {}
[56.181131] (-) TimerEvent: {}
[56.281578] (-) TimerEvent: {}
[56.382297] (-) TimerEvent: {}
[56.482994] (-) TimerEvent: {}
[56.583435] (-) TimerEvent: {}
[56.684128] (-) TimerEvent: {}
[56.784581] (-) TimerEvent: {}
[56.885041] (-) TimerEvent: {}
[56.985761] (-) TimerEvent: {}
[57.086180] (-) TimerEvent: {}
[57.186596] (-) TimerEvent: {}
[57.287286] (-) TimerEvent: {}
[57.387728] (-) TimerEvent: {}
[57.488172] (-) TimerEvent: {}
[57.588616] (-) TimerEvent: {}
[57.689314] (-) TimerEvent: {}
[57.789793] (-) TimerEvent: {}
[57.890483] (-) TimerEvent: {}
[57.991179] (-) TimerEvent: {}
[58.091614] (-) TimerEvent: {}
[58.192036] (-) TimerEvent: {}
[58.292719] (-) TimerEvent: {}
[58.393417] (-) TimerEvent: {}
[58.493879] (-) TimerEvent: {}
[58.594306] (-) TimerEvent: {}
[58.694742] (-) TimerEvent: {}
[58.795176] (-) TimerEvent: {}
[58.895614] (-) TimerEvent: {}
[58.996313] (-) TimerEvent: {}
[59.097002] (-) TimerEvent: {}
[59.197442] (-) TimerEvent: {}
[59.298062] (-) TimerEvent: {}
[59.398756] (-) TimerEvent: {}
[59.499456] (-) TimerEvent: {}
[59.599895] (-) TimerEvent: {}
[59.700645] (-) TimerEvent: {}
[59.801104] (-) TimerEvent: {}
[59.901544] (-) TimerEvent: {}
[60.001927] (-) TimerEvent: {}
[60.102307] (-) TimerEvent: {}
[60.202761] (-) TimerEvent: {}
[60.303204] (-) TimerEvent: {}
[60.403891] (-) TimerEvent: {}
[60.504590] (-) TimerEvent: {}
[60.605050] (-) TimerEvent: {}
[60.705770] (-) TimerEvent: {}
[60.806467] (-) TimerEvent: {}
[60.906926] (-) TimerEvent: {}
[61.007618] (-) TimerEvent: {}
[61.108315] (-) TimerEvent: {}
[61.209013] (-) TimerEvent: {}
[61.309740] (-) TimerEvent: {}
[61.410196] (-) TimerEvent: {}
[61.510893] (-) TimerEvent: {}
[61.611342] (-) TimerEvent: {}
[61.711787] (-) TimerEvent: {}
[61.812161] (-) TimerEvent: {}
[61.912468] (-) TimerEvent: {}
[62.012745] (-) TimerEvent: {}
[62.113103] (-) TimerEvent: {}
[62.213543] (-) TimerEvent: {}
[62.313998] (-) TimerEvent: {}
[62.414435] (-) TimerEvent: {}
[62.514794] (-) TimerEvent: {}
[62.615169] (-) TimerEvent: {}
[62.715862] (-) TimerEvent: {}
[62.816562] (-) TimerEvent: {}
[62.917004] (-) TimerEvent: {}
[63.017731] (-) TimerEvent: {}
[63.118185] (-) TimerEvent: {}
[63.218876] (-) TimerEvent: {}
[63.319371] (-) TimerEvent: {}
[63.420052] (-) TimerEvent: {}
[63.520754] (-) TimerEvent: {}
[63.621191] (-) TimerEvent: {}
[63.721652] (-) TimerEvent: {}
[63.822344] (-) TimerEvent: {}
[63.923040] (-) TimerEvent: {}
[64.023495] (-) TimerEvent: {}
[64.123941] (-) TimerEvent: {}
[64.224391] (-) TimerEvent: {}
[64.324812] (-) TimerEvent: {}
[64.425493] (-) TimerEvent: {}
[64.526329] (-) TimerEvent: {}
[64.626789] (-) TimerEvent: {}
[64.727261] (-) TimerEvent: {}
[64.827665] (-) TimerEvent: {}
[64.928319] (-) TimerEvent: {}
[65.029020] (-) TimerEvent: {}
[65.129742] (-) TimerEvent: {}
[65.230202] (-) TimerEvent: {}
[65.330900] (-) TimerEvent: {}
[65.431360] (-) TimerEvent: {}
[65.532056] (-) TimerEvent: {}
[65.632763] (-) TimerEvent: {}
[65.733221] (-) TimerEvent: {}
[65.833690] (-) TimerEvent: {}
[65.934057] (-) TimerEvent: {}
[66.034365] (-) TimerEvent: {}
[66.134702] (-) TimerEvent: {}
[66.235058] (-) TimerEvent: {}
[66.335468] (-) TimerEvent: {}
[66.435913] (-) TimerEvent: {}
[66.536277] (-) TimerEvent: {}
[66.636629] (-) TimerEvent: {}
[66.737052] (-) TimerEvent: {}
[66.837489] (-) TimerEvent: {}
[66.937876] (-) TimerEvent: {}
[67.038166] (-) TimerEvent: {}
[67.138441] (-) TimerEvent: {}
[67.238747] (-) TimerEvent: {}
[67.339061] (-) TimerEvent: {}
[67.439428] (-) TimerEvent: {}
[67.539796] (-) TimerEvent: {}
[67.640133] (-) TimerEvent: {}
[67.740544] (-) TimerEvent: {}
[67.840995] (-) TimerEvent: {}
[67.941447] (-) TimerEvent: {}
[68.041909] (-) TimerEvent: {}
[68.142385] (-) TimerEvent: {}
[68.243075] (-) TimerEvent: {}
[68.343783] (-) TimerEvent: {}
[68.444231] (-) TimerEvent: {}
[68.544696] (-) TimerEvent: {}
[68.645397] (-) TimerEvent: {}
[68.746166] (-) TimerEvent: {}
[68.846612] (-) TimerEvent: {}
[68.947064] (-) TimerEvent: {}
[69.047765] (-) TimerEvent: {}
[69.148206] (-) TimerEvent: {}
[69.248635] (-) TimerEvent: {}
[69.349053] (-) TimerEvent: {}
[69.449480] (-) TimerEvent: {}
[69.550199] (-) TimerEvent: {}
[69.650902] (-) TimerEvent: {}
[69.751676] (-) TimerEvent: {}
[69.852119] (-) TimerEvent: {}
[69.952583] (-) TimerEvent: {}
[70.053287] (-) TimerEvent: {}
[70.153743] (-) TimerEvent: {}
[70.254409] (-) TimerEvent: {}
[70.354872] (-) TimerEvent: {}
[70.455567] (-) TimerEvent: {}
[70.556064] (-) TimerEvent: {}
[70.656761] (-) TimerEvent: {}
[70.757464] (-) TimerEvent: {}
[70.857937] (-) TimerEvent: {}
[70.958634] (-) TimerEvent: {}
[71.059334] (-) TimerEvent: {}
[71.159776] (-) TimerEvent: {}
[71.260475] (-) TimerEvent: {}
[71.361178] (-) TimerEvent: {}
[71.461873] (-) TimerEvent: {}
[71.562564] (-) TimerEvent: {}
[71.663257] (-) TimerEvent: {}
[71.763957] (-) TimerEvent: {}
[71.864398] (-) TimerEvent: {}
[71.964840] (-) TimerEvent: {}
[72.065205] (-) TimerEvent: {}
[72.165558] (-) TimerEvent: {}
[72.265976] (-) TimerEvent: {}
[72.366309] (-) TimerEvent: {}
[72.466681] (-) TimerEvent: {}
[72.567117] (-) TimerEvent: {}
[72.667524] (-) TimerEvent: {}
[72.767873] (-) TimerEvent: {}
[72.868251] (-) TimerEvent: {}
[72.968945] (-) TimerEvent: {}
[73.069696] (-) TimerEvent: {}
[73.170134] (-) TimerEvent: {}
[73.270831] (-) TimerEvent: {}
[73.371529] (-) TimerEvent: {}
[73.472230] (-) TimerEvent: {}
[73.572683] (-) TimerEvent: {}
[73.673132] (-) TimerEvent: {}
[73.773823] (-) TimerEvent: {}
[73.874518] (-) TimerEvent: {}
[73.974971] (-) TimerEvent: {}
[74.075678] (-) TimerEvent: {}
[74.176119] (-) TimerEvent: {}
[74.276795] (-) TimerEvent: {}
[74.377490] (-) TimerEvent: {}
[74.478204] (-) TimerEvent: {}
[74.578895] (-) TimerEvent: {}
[74.679593] (-) TimerEvent: {}
[74.780355] (-) TimerEvent: {}
[74.881061] (-) TimerEvent: {}
[74.981507] (-) TimerEvent: {}
[75.082211] (-) TimerEvent: {}
[75.182650] (-) TimerEvent: {}
[75.283091] (-) TimerEvent: {}
[75.383777] (-) TimerEvent: {}
[75.484468] (-) TimerEvent: {}
[75.585152] (-) TimerEvent: {}
[75.685850] (-) TimerEvent: {}
[75.786542] (-) TimerEvent: {}
[75.887229] (-) TimerEvent: {}
[75.987656] (-) TimerEvent: {}
[76.088337] (-) TimerEvent: {}
[76.189034] (-) TimerEvent: {}
[76.289480] (-) TimerEvent: {}
[76.390196] (-) TimerEvent: {}
[76.490900] (-) TimerEvent: {}
[76.591353] (-) TimerEvent: {}
[76.692057] (-) TimerEvent: {}
[76.792765] (-) TimerEvent: {}
[76.893464] (-) TimerEvent: {}
[76.993924] (-) TimerEvent: {}
[77.094360] (-) TimerEvent: {}
[77.195024] (-) TimerEvent: {}
[77.295704] (-) TimerEvent: {}
[77.396385] (-) TimerEvent: {}
[77.497065] (-) TimerEvent: {}
[77.597785] (-) TimerEvent: {}
[77.698478] (-) TimerEvent: {}
[77.799174] (-) TimerEvent: {}
[77.899617] (-) TimerEvent: {}
[78.000118] (-) TimerEvent: {}
[78.100553] (-) TimerEvent: {}
[78.200946] (-) TimerEvent: {}
[78.301284] (-) TimerEvent: {}
[78.401583] (-) TimerEvent: {}
[78.501962] (-) TimerEvent: {}
[78.602402] (-) TimerEvent: {}
[78.702841] (-) TimerEvent: {}
[78.803281] (-) TimerEvent: {}
[78.903725] (-) TimerEvent: {}
[79.004159] (-) TimerEvent: {}
[79.104534] (-) TimerEvent: {}
[79.204863] (-) TimerEvent: {}
[79.305183] (-) TimerEvent: {}
[79.405460] (-) TimerEvent: {}
[79.505823] (-) TimerEvent: {}
[79.606276] (-) TimerEvent: {}
[79.706647] (-) TimerEvent: {}
[79.809500] (-) TimerEvent: {}
[79.909818] (-) TimerEvent: {}
[80.010086] (-) TimerEvent: {}
[80.110415] (-) TimerEvent: {}
[80.210808] (-) TimerEvent: {}
[80.311205] (-) TimerEvent: {}
[80.411895] (-) TimerEvent: {}
[80.512597] (-) TimerEvent: {}
[80.613303] (-) TimerEvent: {}
[80.713988] (-) TimerEvent: {}
[80.814447] (-) TimerEvent: {}
[80.914903] (-) TimerEvent: {}
[81.015598] (-) TimerEvent: {}
[81.116030] (-) TimerEvent: {}
[81.216417] (-) TimerEvent: {}
[81.317049] (-) TimerEvent: {}
[81.417746] (-) TimerEvent: {}
[81.518440] (-) TimerEvent: {}
[81.618877] (-) TimerEvent: {}
[81.719569] (-) TimerEvent: {}
[81.820257] (-) TimerEvent: {}
[81.920938] (-) TimerEvent: {}
[82.021717] (-) TimerEvent: {}
[82.122151] (-) TimerEvent: {}
[82.222562] (-) TimerEvent: {}
[82.322909] (-) TimerEvent: {}
[82.423202] (-) TimerEvent: {}
[82.523571] (-) TimerEvent: {}
[82.624011] (-) TimerEvent: {}
[82.724460] (-) TimerEvent: {}
[82.824902] (-) TimerEvent: {}
[82.925304] (-) TimerEvent: {}
[83.025756] (-) TimerEvent: {}
[83.126118] (-) TimerEvent: {}
[83.226449] (-) TimerEvent: {}
[83.326857] (-) TimerEvent: {}
[83.427291] (-) TimerEvent: {}
[83.527730] (-) TimerEvent: {}
[83.628166] (-) TimerEvent: {}
[83.728605] (-) TimerEvent: {}
[83.828967] (-) TimerEvent: {}
[83.929275] (-) TimerEvent: {}
[84.029571] (-) TimerEvent: {}
[84.129936] (-) TimerEvent: {}
[84.230309] (-) TimerEvent: {}
[84.330708] (-) TimerEvent: {}
[84.431048] (-) TimerEvent: {}
[84.531318] (-) TimerEvent: {}
[84.631642] (-) TimerEvent: {}
[84.731980] (-) TimerEvent: {}
[84.832368] (-) TimerEvent: {}
[84.932652] (-) TimerEvent: {}
[85.032910] (-) TimerEvent: {}
[85.133167] (-) TimerEvent: {}
[85.233514] (-) TimerEvent: {}
[85.334241] (-) TimerEvent: {}
[85.434705] (-) TimerEvent: {}
[85.535405] (-) TimerEvent: {}
[85.635846] (-) TimerEvent: {}
[85.736279] (-) TimerEvent: {}
[85.836713] (-) TimerEvent: {}
[85.937073] (-) TimerEvent: {}
[86.037352] (-) TimerEvent: {}
[86.137668] (-) TimerEvent: {}
[86.238018] (-) TimerEvent: {}
[86.338334] (-) TimerEvent: {}
[86.438605] (-) TimerEvent: {}
[86.538865] (-) TimerEvent: {}
[86.639116] (-) TimerEvent: {}
[86.739357] (-) TimerEvent: {}
[86.839598] (-) TimerEvent: {}
[86.939859] (-) TimerEvent: {}
[87.040210] (-) TimerEvent: {}
[87.140564] (-) TimerEvent: {}
[87.240892] (-) TimerEvent: {}
[87.341224] (-) TimerEvent: {}
[87.441507] (-) TimerEvent: {}
[87.541783] (-) TimerEvent: {}
[87.642105] (-) TimerEvent: {}
[87.742439] (-) TimerEvent: {}
[87.842705] (-) TimerEvent: {}
[87.942991] (-) TimerEvent: {}
[88.043280] (-) TimerEvent: {}
[88.143574] (-) TimerEvent: {}
[88.243925] (-) TimerEvent: {}
[88.344291] (-) TimerEvent: {}
[88.444702] (-) TimerEvent: {}
[88.545067] (-) TimerEvent: {}
[88.645404] (-) TimerEvent: {}
[88.745728] (-) TimerEvent: {}
[88.846020] (-) TimerEvent: {}
[88.946358] (-) TimerEvent: {}
[89.046699] (-) TimerEvent: {}
[89.146996] (-) TimerEvent: {}
[89.247325] (-) TimerEvent: {}
[89.347681] (-) TimerEvent: {}
[89.448348] (-) TimerEvent: {}
[89.549050] (-) TimerEvent: {}
[89.649774] (-) TimerEvent: {}
[89.750214] (-) TimerEvent: {}
[89.850629] (-) TimerEvent: {}
[89.951007] (-) TimerEvent: {}
[90.051441] (-) TimerEvent: {}
[90.151830] (-) TimerEvent: {}
[90.252511] (-) TimerEvent: {}
[90.352962] (-) TimerEvent: {}
[90.453700] (-) TimerEvent: {}
[90.554142] (-) TimerEvent: {}
[90.654843] (-) TimerEvent: {}
[90.755541] (-) TimerEvent: {}
[90.856245] (-) TimerEvent: {}
[90.956955] (-) TimerEvent: {}
[91.057409] (-) TimerEvent: {}
[91.157836] (-) TimerEvent: {}
[91.258281] (-) TimerEvent: {}
[91.358702] (-) TimerEvent: {}
[91.459125] (-) TimerEvent: {}
[91.559549] (-) TimerEvent: {}
[91.659969] (-) TimerEvent: {}
[91.760396] (-) TimerEvent: {}
[91.860819] (-) TimerEvent: {}
[91.961249] (-) TimerEvent: {}
[92.061698] (-) TimerEvent: {}
[92.162122] (-) TimerEvent: {}
[92.262556] (-) TimerEvent: {}
[92.362913] (-) TimerEvent: {}
[92.463291] (-) TimerEvent: {}
[92.563687] (-) TimerEvent: {}
[92.664010] (-) TimerEvent: {}
[92.764290] (-) TimerEvent: {}
[92.864644] (-) TimerEvent: {}
[92.965052] (-) TimerEvent: {}
[93.065488] (-) TimerEvent: {}
[93.166026] (-) TimerEvent: {}
[93.266720] (-) TimerEvent: {}
[93.367170] (-) TimerEvent: {}
[93.467605] (-) TimerEvent: {}
[93.567963] (-) TimerEvent: {}
[93.668318] (-) TimerEvent: {}
[93.768661] (-) TimerEvent: {}
[93.869029] (-) TimerEvent: {}
[93.969468] (-) TimerEvent: {}
[94.069925] (-) TimerEvent: {}
[94.170321] (-) TimerEvent: {}
[94.270976] (-) TimerEvent: {}
[94.371676] (-) TimerEvent: {}
[94.472364] (-) TimerEvent: {}
[94.572789] (-) TimerEvent: {}
[94.673209] (-) TimerEvent: {}
[94.773637] (-) TimerEvent: {}
[94.874074] (-) TimerEvent: {}
[94.974461] (-) TimerEvent: {}
[95.074867] (-) TimerEvent: {}
[95.175287] (-) TimerEvent: {}
[95.276027] (-) TimerEvent: {}
[95.376466] (-) TimerEvent: {}
[95.477163] (-) TimerEvent: {}
[95.577598] (-) TimerEvent: {}
[95.678318] (-) TimerEvent: {}
[95.779020] (-) TimerEvent: {}
[95.879723] (-) TimerEvent: {}
[95.980416] (-) TimerEvent: {}
[96.080870] (-) TimerEvent: {}
[96.181312] (-) TimerEvent: {}
[96.281753] (-) TimerEvent: {}
[96.382449] (-) TimerEvent: {}
[96.483154] (-) TimerEvent: {}
[96.583856] (-) TimerEvent: {}
[96.684559] (-) TimerEvent: {}
[96.785262] (-) TimerEvent: {}
[96.885963] (-) TimerEvent: {}
[96.986664] (-) TimerEvent: {}
[97.087119] (-) TimerEvent: {}
[97.187551] (-) TimerEvent: {}
[97.288245] (-) TimerEvent: {}
[97.388945] (-) TimerEvent: {}
[97.489662] (-) TimerEvent: {}
[97.590360] (-) TimerEvent: {}
[97.691061] (-) TimerEvent: {}
[97.791756] (-) TimerEvent: {}
[97.892209] (-) TimerEvent: {}
[97.992902] (-) TimerEvent: {}
[98.093595] (-) TimerEvent: {}
[98.194301] (-) TimerEvent: {}
[98.294987] (-) TimerEvent: {}
[98.395690] (-) TimerEvent: {}
[98.496138] (-) TimerEvent: {}
[98.596840] (-) TimerEvent: {}
[98.697539] (-) TimerEvent: {}
[98.798252] (-) TimerEvent: {}
[98.898708] (-) TimerEvent: {}
[98.999400] (-) TimerEvent: {}
[99.100090] (-) TimerEvent: {}
[99.200523] (-) TimerEvent: {}
[99.301213] (-) TimerEvent: {}
[99.401902] (-) TimerEvent: {}
[99.502348] (-) TimerEvent: {}
[99.603038] (-) TimerEvent: {}
[99.703732] (-) TimerEvent: {}
[99.804177] (-) TimerEvent: {}
[99.904951] (-) TimerEvent: {}
[100.005673] (-) TimerEvent: {}
[100.106366] (-) TimerEvent: {}
[100.206805] (-) TimerEvent: {}
[100.307301] (-) TimerEvent: {}
[100.408011] (-) TimerEvent: {}
[100.508461] (-) TimerEvent: {}
[100.608860] (-) TimerEvent: {}
[100.709519] (-) TimerEvent: {}
[100.810212] (-) TimerEvent: {}
[100.910886] (-) TimerEvent: {}
[101.011569] (-) TimerEvent: {}
[101.112235] (-) TimerEvent: {}
[101.212651] (-) TimerEvent: {}
[101.313316] (-) TimerEvent: {}
[101.413975] (-) TimerEvent: {}
[101.514639] (-) TimerEvent: {}
[101.615304] (-) TimerEvent: {}
[101.715978] (-) TimerEvent: {}
[101.816654] (-) TimerEvent: {}
[101.917333] (-) TimerEvent: {}
[102.018009] (-) TimerEvent: {}
[102.118739] (-) TimerEvent: {}
[102.219133] (-) TimerEvent: {}
[102.319494] (-) TimerEvent: {}
[102.419817] (-) TimerEvent: {}
[102.520104] (-) TimerEvent: {}
[102.620443] (-) TimerEvent: {}
[102.721104] (-) TimerEvent: {}
[102.821802] (-) TimerEvent: {}
[102.922231] (-) TimerEvent: {}
[103.022894] (-) TimerEvent: {}
[103.123558] (-) TimerEvent: {}
[103.224239] (-) TimerEvent: {}
[103.324919] (-) TimerEvent: {}
[103.425599] (-) TimerEvent: {}
[103.526291] (-) TimerEvent: {}
[103.626728] (-) TimerEvent: {}
[103.727409] (-) TimerEvent: {}
[103.828092] (-) TimerEvent: {}
[103.928775] (-) TimerEvent: {}
[104.029446] (-) TimerEvent: {}
[104.129899] (-) TimerEvent: {}
[104.230324] (-) TimerEvent: {}
[104.330996] (-) TimerEvent: {}
[104.431669] (-) TimerEvent: {}
[104.532342] (-) TimerEvent: {}
[104.632784] (-) TimerEvent: {}
[104.733214] (-) TimerEvent: {}
[104.833573] (-) TimerEvent: {}
[104.933909] (-) TimerEvent: {}
[105.034201] (-) TimerEvent: {}
[105.134465] (-) TimerEvent: {}
[105.234760] (-) TimerEvent: {}
[105.335138] (-) TimerEvent: {}
[105.435508] (-) TimerEvent: {}
[105.535799] (-) TimerEvent: {}
[105.636148] (-) TimerEvent: {}
[105.736582] (-) TimerEvent: {}
[105.837243] (-) TimerEvent: {}
[105.937695] (-) TimerEvent: {}
[106.038370] (-) TimerEvent: {}
[106.138794] (-) TimerEvent: {}
[106.239469] (-) TimerEvent: {}
[106.339894] (-) TimerEvent: {}
[106.440569] (-) TimerEvent: {}
[106.541250] (-) TimerEvent: {}
[106.641723] (-) TimerEvent: {}
[106.742090] (-) TimerEvent: {}
[106.842704] (-) TimerEvent: {}
[106.943393] (-) TimerEvent: {}
[107.043831] (-) TimerEvent: {}
[107.144257] (-) TimerEvent: {}
[107.244946] (-) TimerEvent: {}
[107.345370] (-) TimerEvent: {}
[107.446057] (-) TimerEvent: {}
[107.546744] (-) TimerEvent: {}
[107.647192] (-) TimerEvent: {}
[107.747684] (-) TimerEvent: {}
[107.848369] (-) TimerEvent: {}
[107.948814] (-) TimerEvent: {}
[108.049499] (-) TimerEvent: {}
[108.149954] (-) TimerEvent: {}
[108.250818] (-) TimerEvent: {}
[108.351498] (-) TimerEvent: {}
[108.451953] (-) TimerEvent: {}
[108.552649] (-) TimerEvent: {}
[108.653073] (-) TimerEvent: {}
[108.753508] (-) TimerEvent: {}
[108.854218] (-) TimerEvent: {}
[108.954903] (-) TimerEvent: {}
[109.055582] (-) TimerEvent: {}
[109.156014] (-) TimerEvent: {}
[109.256707] (-) TimerEvent: {}
[109.357399] (-) TimerEvent: {}
[109.458084] (-) TimerEvent: {}
[109.558775] (-) TimerEvent: {}
[109.659472] (-) TimerEvent: {}
[109.759919] (-) TimerEvent: {}
[109.860359] (-) TimerEvent: {}
[109.960718] (-) TimerEvent: {}
[110.061089] (-) TimerEvent: {}
[110.161453] (-) TimerEvent: {}
[110.261892] (-) TimerEvent: {}
[110.362291] (-) TimerEvent: {}
[110.462700] (-) TimerEvent: {}
[110.563126] (-) TimerEvent: {}
[110.663810] (-) TimerEvent: {}
[110.764498] (-) TimerEvent: {}
[110.864936] (-) TimerEvent: {}
[110.965294] (-) TimerEvent: {}
[111.065586] (-) TimerEvent: {}
[111.165921] (-) TimerEvent: {}
[111.266313] (-) TimerEvent: {}
[111.366748] (-) TimerEvent: {}
[111.467144] (-) TimerEvent: {}
[111.567477] (-) TimerEvent: {}
[111.667820] (-) TimerEvent: {}
[111.768237] (-) TimerEvent: {}
[111.868607] (-) TimerEvent: {}
[111.968927] (-) TimerEvent: {}
[112.069326] (-) TimerEvent: {}
[112.169778] (-) TimerEvent: {}
[112.270212] (-) TimerEvent: {}
[112.370627] (-) TimerEvent: {}
[112.471076] (-) TimerEvent: {}
[112.571541] (-) TimerEvent: {}
[112.671898] (-) TimerEvent: {}
[112.772189] (-) TimerEvent: {}
[112.872452] (-) TimerEvent: {}
[112.972764] (-) TimerEvent: {}
[113.073087] (-) TimerEvent: {}
[113.173396] (-) TimerEvent: {}
[113.274050] (-) TimerEvent: {}
[113.374452] (-) TimerEvent: {}
[113.474807] (-) TimerEvent: {}
[113.575191] (-) TimerEvent: {}
[113.675627] (-) TimerEvent: {}
[113.776184] (-) TimerEvent: {}
[113.876610] (-) TimerEvent: {}
[113.976970] (-) TimerEvent: {}
[114.077336] (-) TimerEvent: {}
[114.177746] (-) TimerEvent: {}
[114.278163] (-) TimerEvent: {}
[114.378607] (-) TimerEvent: {}
[114.479006] (-) TimerEvent: {}
[114.579405] (-) TimerEvent: {}
[114.679952] (-) TimerEvent: {}
[114.780333] (-) TimerEvent: {}
[114.880735] (-) TimerEvent: {}
[114.981089] (-) TimerEvent: {}
[115.081508] (-) TimerEvent: {}
[115.181925] (-) TimerEvent: {}
[115.282353] (-) TimerEvent: {}
[115.382705] (-) TimerEvent: {}
[115.483057] (-) TimerEvent: {}
[115.583454] (-) TimerEvent: {}
[115.683972] (-) TimerEvent: {}
[115.784336] (-) TimerEvent: {}
[115.884710] (-) TimerEvent: {}
[115.985078] (-) TimerEvent: {}
[116.085489] (-) TimerEvent: {}
[116.185949] (-) TimerEvent: {}
[116.286293] (-) TimerEvent: {}
[116.386721] (-) TimerEvent: {}
[116.487119] (-) TimerEvent: {}
[116.587560] (-) TimerEvent: {}
[116.688032] (-) TimerEvent: {}
[116.788429] (-) TimerEvent: {}
[116.888794] (-) TimerEvent: {}
[116.989149] (-) TimerEvent: {}
[117.089527] (-) TimerEvent: {}
[117.190060] (-) TimerEvent: {}
[117.290441] (-) TimerEvent: {}
[117.390772] (-) TimerEvent: {}
[117.491081] (-) TimerEvent: {}
[117.591439] (-) TimerEvent: {}
[117.692022] (-) TimerEvent: {}
[117.792519] (-) TimerEvent: {}
[117.892968] (-) TimerEvent: {}
[117.993327] (-) TimerEvent: {}
[118.093700] (-) TimerEvent: {}
[118.194039] (-) TimerEvent: {}
[118.294435] (-) TimerEvent: {}
[118.394842] (-) TimerEvent: {}
[118.495250] (-) TimerEvent: {}
[118.595666] (-) TimerEvent: {}
[118.696096] (-) TimerEvent: {}
[118.796519] (-) TimerEvent: {}
[118.896879] (-) TimerEvent: {}
[118.997225] (-) TimerEvent: {}
[119.097571] (-) TimerEvent: {}
[119.197987] (-) TimerEvent: {}
[119.298429] (-) TimerEvent: {}
[119.398830] (-) TimerEvent: {}
[119.499198] (-) TimerEvent: {}
[119.599610] (-) TimerEvent: {}
[119.700065] (-) TimerEvent: {}
[119.800471] (-) TimerEvent: {}
[119.900816] (-) TimerEvent: {}
[120.001180] (-) TimerEvent: {}
[120.101551] (-) TimerEvent: {}
[120.201993] (-) TimerEvent: {}
[120.302390] (-) TimerEvent: {}
[120.402738] (-) TimerEvent: {}
[120.503135] (-) TimerEvent: {}
[120.603557] (-) TimerEvent: {}
[120.703965] (-) TimerEvent: {}
[120.804423] (-) TimerEvent: {}
[120.904870] (-) TimerEvent: {}
[121.005326] (-) TimerEvent: {}
[121.105835] (-) TimerEvent: {}
[121.206191] (-) TimerEvent: {}
[121.306716] (-) TimerEvent: {}
[121.407139] (-) TimerEvent: {}
[121.507557] (-) TimerEvent: {}
[121.607977] (-) TimerEvent: {}
[121.708390] (-) TimerEvent: {}
[121.809086] (-) TimerEvent: {}
[121.909571] (-) TimerEvent: {}
[122.010023] (-) TimerEvent: {}
[122.110420] (-) TimerEvent: {}
[122.210821] (-) TimerEvent: {}
[122.311225] (-) TimerEvent: {}
[122.411591] (-) TimerEvent: {}
[122.511985] (-) TimerEvent: {}
[122.612430] (-) TimerEvent: {}
[122.712833] (-) TimerEvent: {}
[122.813245] (-) TimerEvent: {}
[122.913667] (-) TimerEvent: {}
[123.014055] (-) TimerEvent: {}
[123.114455] (-) TimerEvent: {}
[123.214900] (-) TimerEvent: {}
[123.315308] (-) TimerEvent: {}
[123.415677] (-) TimerEvent: {}
[123.516023] (-) TimerEvent: {}
[123.616362] (-) TimerEvent: {}
[123.716694] (-) TimerEvent: {}
[123.817089] (-) TimerEvent: {}
[123.917487] (-) TimerEvent: {}
[124.017861] (-) TimerEvent: {}
[124.118199] (-) TimerEvent: {}
[124.218574] (-) TimerEvent: {}
[124.318980] (-) TimerEvent: {}
[124.419345] (-) TimerEvent: {}
[124.519751] (-) TimerEvent: {}
[124.620197] (-) TimerEvent: {}
[124.720603] (-) TimerEvent: {}
[124.821016] (-) TimerEvent: {}
[124.921432] (-) TimerEvent: {}
[125.021818] (-) TimerEvent: {}
[125.122220] (-) TimerEvent: {}
[125.222734] (-) TimerEvent: {}
[125.323168] (-) TimerEvent: {}
[125.423708] (-) TimerEvent: {}
[125.524034] (-) TimerEvent: {}
[125.624346] (-) TimerEvent: {}
[125.724655] (-) TimerEvent: {}
[125.825006] (-) TimerEvent: {}
[125.925352] (-) TimerEvent: {}
[126.026091] (-) TimerEvent: {}
[126.126436] (-) TimerEvent: {}
[126.226795] (-) TimerEvent: {}
[126.327234] (-) TimerEvent: {}
[126.427631] (-) TimerEvent: {}
[126.528017] (-) TimerEvent: {}
[126.628448] (-) TimerEvent: {}
[126.728804] (-) TimerEvent: {}
[126.829192] (-) TimerEvent: {}
[126.929588] (-) TimerEvent: {}
[127.029935] (-) TimerEvent: {}
[127.130242] (-) TimerEvent: {}
[127.230576] (-) TimerEvent: {}
[127.330909] (-) TimerEvent: {}
[127.431187] (-) TimerEvent: {}
[127.531453] (-) TimerEvent: {}
[127.631705] (-) TimerEvent: {}
[127.731992] (-) TimerEvent: {}
[127.832363] (-) TimerEvent: {}
[127.932775] (-) TimerEvent: {}
[128.033151] (-) TimerEvent: {}
[128.133481] (-) TimerEvent: {}
[128.233911] (-) TimerEvent: {}
[128.334436] (-) TimerEvent: {}
[128.434917] (-) TimerEvent: {}
[128.535269] (-) TimerEvent: {}
[128.635691] (-) TimerEvent: {}
[128.736194] (-) TimerEvent: {}
[128.836606] (-) TimerEvent: {}
[128.937195] (-) TimerEvent: {}
[129.037649] (-) TimerEvent: {}
[129.138063] (-) TimerEvent: {}
[129.238476] (-) TimerEvent: {}
[129.338989] (-) TimerEvent: {}
[129.439465] (-) TimerEvent: {}
[129.539915] (-) TimerEvent: {}
[129.640550] (-) TimerEvent: {}
[129.740956] (-) TimerEvent: {}
[129.841321] (-) TimerEvent: {}
[129.941718] (-) TimerEvent: {}
[130.042080] (-) TimerEvent: {}
[130.142507] (-) TimerEvent: {}
[130.242951] (-) TimerEvent: {}
[130.343440] (-) TimerEvent: {}
[130.443838] (-) TimerEvent: {}
[130.544278] (-) TimerEvent: {}
[130.644724] (-) TimerEvent: {}
[130.745179] (-) TimerEvent: {}
[130.845680] (-) TimerEvent: {}
[130.946139] (-) TimerEvent: {}
[131.046557] (-) TimerEvent: {}
[131.146917] (-) TimerEvent: {}
[131.247320] (-) TimerEvent: {}
[131.347794] (-) TimerEvent: {}
[131.448205] (-) TimerEvent: {}
[131.548567] (-) TimerEvent: {}
[131.648916] (-) TimerEvent: {}
[131.749245] (-) TimerEvent: {}
[131.849581] (-) TimerEvent: {}
[131.949999] (-) TimerEvent: {}
[132.050396] (-) TimerEvent: {}
[132.150744] (-) TimerEvent: {}
[132.251150] (-) TimerEvent: {}
[132.351582] (-) TimerEvent: {}
[132.451969] (-) TimerEvent: {}
[132.552318] (-) TimerEvent: {}
[132.652664] (-) TimerEvent: {}
[132.753009] (-) TimerEvent: {}
[132.853360] (-) TimerEvent: {}
[132.953779] (-) TimerEvent: {}
[133.054191] (-) TimerEvent: {}
[133.154561] (-) TimerEvent: {}
[133.254867] (-) TimerEvent: {}
[133.355190] (-) TimerEvent: {}
[133.455498] (-) TimerEvent: {}
[133.555827] (-) TimerEvent: {}
[133.656142] (-) TimerEvent: {}
[133.756416] (-) TimerEvent: {}
[133.856665] (-) TimerEvent: {}
[133.957054] (-) TimerEvent: {}
[134.057343] (-) TimerEvent: {}
[134.157652] (-) TimerEvent: {}
[134.257891] (-) TimerEvent: {}
[134.358203] (-) TimerEvent: {}
[134.458614] (-) TimerEvent: {}
[134.558917] (-) TimerEvent: {}
[134.659189] (-) TimerEvent: {}
[134.759505] (-) TimerEvent: {}
[134.859804] (-) TimerEvent: {}
[134.960212] (-) TimerEvent: {}
[135.060687] (-) TimerEvent: {}
[135.161134] (-) TimerEvent: {}
[135.261587] (-) TimerEvent: {}
[135.362069] (-) TimerEvent: {}
[135.462515] (-) TimerEvent: {}
[135.562968] (-) TimerEvent: {}
[135.663404] (-) TimerEvent: {}
[135.763851] (-) TimerEvent: {}
[135.864287] (-) TimerEvent: {}
[135.964713] (-) TimerEvent: {}
[136.065165] (-) TimerEvent: {}
[136.165660] (-) TimerEvent: {}
[136.266116] (-) TimerEvent: {}
[136.366548] (-) TimerEvent: {}
[136.466924] (-) TimerEvent: {}
[136.567310] (-) TimerEvent: {}
[136.667755] (-) TimerEvent: {}
[136.768186] (-) TimerEvent: {}
[136.868609] (-) TimerEvent: {}
[136.968950] (-) TimerEvent: {}
[137.069326] (-) TimerEvent: {}
[137.169794] (-) TimerEvent: {}
[137.270266] (-) TimerEvent: {}
[137.370771] (-) TimerEvent: {}
[137.471184] (-) TimerEvent: {}
[137.571619] (-) TimerEvent: {}
[137.672048] (-) TimerEvent: {}
[137.772488] (-) TimerEvent: {}
[137.872926] (-) TimerEvent: {}
[137.973398] (-) TimerEvent: {}
[138.073868] (-) TimerEvent: {}
[138.174242] (-) TimerEvent: {}
[138.274634] (-) TimerEvent: {}
[138.375033] (-) TimerEvent: {}
[138.475429] (-) TimerEvent: {}
[138.575826] (-) TimerEvent: {}
[138.676241] (-) TimerEvent: {}
[138.776676] (-) TimerEvent: {}
[138.877113] (-) TimerEvent: {}
[138.977565] (-) TimerEvent: {}
[139.077978] (-) TimerEvent: {}
[139.178384] (-) TimerEvent: {}
[139.278851] (-) TimerEvent: {}
[139.379219] (-) TimerEvent: {}
[139.479524] (-) TimerEvent: {}
[139.579882] (-) TimerEvent: {}
[139.680335] (-) TimerEvent: {}
[139.780834] (-) TimerEvent: {}
[139.881584] (-) TimerEvent: {}
[139.982354] (-) TimerEvent: {}
[140.082842] (-) TimerEvent: {}
[140.183324] (-) TimerEvent: {}
[140.283774] (-) TimerEvent: {}
[140.384229] (-) TimerEvent: {}
[140.484656] (-) TimerEvent: {}
[140.585092] (-) TimerEvent: {}
[140.685466] (-) TimerEvent: {}
[140.785899] (-) TimerEvent: {}
[140.886301] (-) TimerEvent: {}
[140.986618] (-) TimerEvent: {}
[141.086962] (-) TimerEvent: {}
[141.187399] (-) TimerEvent: {}
[141.287838] (-) TimerEvent: {}
[141.388290] (-) TimerEvent: {}
[141.488761] (-) TimerEvent: {}
[141.589159] (-) TimerEvent: {}
[141.689554] (-) TimerEvent: {}
[141.789976] (-) TimerEvent: {}
[141.890376] (-) TimerEvent: {}
[141.990761] (-) TimerEvent: {}
[142.091082] (-) TimerEvent: {}
[142.191458] (-) TimerEvent: {}
[142.291848] (-) TimerEvent: {}
[142.392190] (-) TimerEvent: {}
[142.492520] (-) TimerEvent: {}
[142.592859] (-) TimerEvent: {}
[142.693178] (-) TimerEvent: {}
[142.793540] (-) TimerEvent: {}
[142.893942] (-) TimerEvent: {}
[142.994248] (-) TimerEvent: {}
[143.094540] (-) TimerEvent: {}
[143.194918] (-) TimerEvent: {}
[143.295368] (-) TimerEvent: {}
[143.395815] (-) TimerEvent: {}
[143.496231] (-) TimerEvent: {}
[143.596587] (-) TimerEvent: {}
[143.696922] (-) TimerEvent: {}
[143.797219] (-) TimerEvent: {}
[143.897546] (-) TimerEvent: {}
[143.997884] (-) TimerEvent: {}
[144.098179] (-) TimerEvent: {}
[144.198560] (-) TimerEvent: {}
[144.298995] (-) TimerEvent: {}
[144.399457] (-) TimerEvent: {}
[144.499945] (-) TimerEvent: {}
[144.600437] (-) TimerEvent: {}
[144.700913] (-) TimerEvent: {}
[144.801344] (-) TimerEvent: {}
[144.901730] (-) TimerEvent: {}
[145.002144] (-) TimerEvent: {}
[145.102555] (-) TimerEvent: {}
[145.202963] (-) TimerEvent: {}
[145.303427] (-) TimerEvent: {}
[145.403886] (-) TimerEvent: {}
[145.504333] (-) TimerEvent: {}
[145.604796] (-) TimerEvent: {}
[145.705245] (-) TimerEvent: {}
[145.805714] (-) TimerEvent: {}
[145.906151] (-) TimerEvent: {}
[146.006592] (-) TimerEvent: {}
[146.107018] (-) TimerEvent: {}
[146.207437] (-) TimerEvent: {}
[146.307830] (-) TimerEvent: {}
[146.408236] (-) TimerEvent: {}
[146.508643] (-) TimerEvent: {}
[146.609044] (-) TimerEvent: {}
[146.709455] (-) TimerEvent: {}
[146.810000] (-) TimerEvent: {}
[146.910473] (-) TimerEvent: {}
[147.010963] (-) TimerEvent: {}
[147.111366] (-) TimerEvent: {}
[147.211748] (-) TimerEvent: {}
[147.312200] (-) TimerEvent: {}
[147.412748] (-) TimerEvent: {}
[147.513225] (-) TimerEvent: {}
[147.613738] (-) TimerEvent: {}
[147.714194] (-) TimerEvent: {}
[147.814659] (-) TimerEvent: {}
[147.915123] (-) TimerEvent: {}
[148.015595] (-) TimerEvent: {}
[148.116057] (-) TimerEvent: {}
[148.216545] (-) TimerEvent: {}
[148.317025] (-) TimerEvent: {}
[148.417488] (-) TimerEvent: {}
[148.517974] (-) TimerEvent: {}
[148.618416] (-) TimerEvent: {}
[148.718860] (-) TimerEvent: {}
[148.819304] (-) TimerEvent: {}
[148.919733] (-) TimerEvent: {}
[149.020132] (-) TimerEvent: {}
[149.120483] (-) TimerEvent: {}
[149.220828] (-) TimerEvent: {}
[149.321156] (-) TimerEvent: {}
[149.421489] (-) TimerEvent: {}
[149.521880] (-) TimerEvent: {}
[149.622218] (-) TimerEvent: {}
[149.722549] (-) TimerEvent: {}
[149.822866] (-) TimerEvent: {}
[149.923179] (-) TimerEvent: {}
[150.023506] (-) TimerEvent: {}
[150.123848] (-) TimerEvent: {}
[150.224282] (-) TimerEvent: {}
[150.324580] (-) TimerEvent: {}
[150.424927] (-) TimerEvent: {}
[150.525286] (-) TimerEvent: {}
[150.625630] (-) TimerEvent: {}
[150.725936] (-) TimerEvent: {}
[150.826222] (-) TimerEvent: {}
[150.926664] (-) TimerEvent: {}
[151.027097] (-) TimerEvent: {}
[151.127524] (-) TimerEvent: {}
[151.228193] (-) TimerEvent: {}
[151.328846] (-) TimerEvent: {}
[151.429457] (-) TimerEvent: {}
[151.529935] (-) TimerEvent: {}
[151.630366] (-) TimerEvent: {}
[151.730761] (-) TimerEvent: {}
[151.831125] (-) TimerEvent: {}
[151.931465] (-) TimerEvent: {}
[152.031809] (-) TimerEvent: {}
[152.132139] (-) TimerEvent: {}
[152.232472] (-) TimerEvent: {}
[152.332862] (-) TimerEvent: {}
[152.433322] (-) TimerEvent: {}
[152.533816] (-) TimerEvent: {}
[152.634194] (-) TimerEvent: {}
[152.734501] (-) TimerEvent: {}
[152.834816] (-) TimerEvent: {}
[152.935161] (-) TimerEvent: {}
[153.035468] (-) TimerEvent: {}
[153.135752] (-) TimerEvent: {}
[153.236027] (-) TimerEvent: {}
[153.336381] (-) TimerEvent: {}
[153.436817] (-) TimerEvent: {}
[153.537279] (-) TimerEvent: {}
[153.637756] (-) TimerEvent: {}
[153.738186] (-) TimerEvent: {}
[153.838629] (-) TimerEvent: {}
[153.939061] (-) TimerEvent: {}
[154.039507] (-) TimerEvent: {}
[154.139942] (-) TimerEvent: {}
[154.240387] (-) TimerEvent: {}
[154.340788] (-) TimerEvent: {}
[154.441272] (-) TimerEvent: {}
[154.541656] (-) TimerEvent: {}
[154.642003] (-) TimerEvent: {}
[154.742355] (-) TimerEvent: {}
[154.842745] (-) TimerEvent: {}
[154.943199] (-) TimerEvent: {}
[155.043639] (-) TimerEvent: {}
[155.143998] (-) TimerEvent: {}
[155.244426] (-) TimerEvent: {}
[155.344898] (-) TimerEvent: {}
[155.445367] (-) TimerEvent: {}
[155.545809] (-) TimerEvent: {}
[155.646279] (-) TimerEvent: {}
[155.746744] (-) TimerEvent: {}
[155.847211] (-) TimerEvent: {}
[155.947676] (-) TimerEvent: {}
[156.048139] (-) TimerEvent: {}
[156.148608] (-) TimerEvent: {}
[156.249055] (-) TimerEvent: {}
[156.349508] (-) TimerEvent: {}
[156.449989] (-) TimerEvent: {}
[156.550438] (-) TimerEvent: {}
[156.650824] (-) TimerEvent: {}
[156.751138] (-) TimerEvent: {}
[156.851458] (-) TimerEvent: {}
[156.951787] (-) TimerEvent: {}
[157.052100] (-) TimerEvent: {}
[157.152473] (-) TimerEvent: {}
[157.252841] (-) TimerEvent: {}
[157.353199] (-) TimerEvent: {}
[157.453566] (-) TimerEvent: {}
[157.553971] (-) TimerEvent: {}
[157.654340] (-) TimerEvent: {}
[157.754625] (-) TimerEvent: {}
[157.854901] (-) TimerEvent: {}
[157.955172] (-) TimerEvent: {}
[158.055460] (-) TimerEvent: {}
[158.155795] (-) TimerEvent: {}
[158.256224] (-) TimerEvent: {}
[158.356656] (-) TimerEvent: {}
[158.457005] (-) TimerEvent: {}
[158.557363] (-) TimerEvent: {}
[158.657780] (-) TimerEvent: {}
[158.758095] (-) TimerEvent: {}
[158.858343] (-) TimerEvent: {}
[158.958593] (-) TimerEvent: {}
[159.058842] (-) TimerEvent: {}
[159.159149] (-) TimerEvent: {}
[159.259523] (-) TimerEvent: {}
[159.359906] (-) TimerEvent: {}
[159.460267] (-) TimerEvent: {}
[159.560550] (-) TimerEvent: {}
[159.660978] (-) TimerEvent: {}
[159.761387] (-) TimerEvent: {}
[159.861734] (-) TimerEvent: {}
[159.962059] (-) TimerEvent: {}
[160.062377] (-) TimerEvent: {}
[160.162753] (-) TimerEvent: {}
[160.263189] (-) TimerEvent: {}
[160.363616] (-) TimerEvent: {}
[160.463955] (-) TimerEvent: {}
[160.564259] (-) TimerEvent: {}
[160.664626] (-) TimerEvent: {}
[160.764983] (-) TimerEvent: {}
[160.865301] (-) TimerEvent: {}
[160.965647] (-) TimerEvent: {}
[161.065970] (-) TimerEvent: {}
[161.166353] (-) TimerEvent: {}
[161.266788] (-) TimerEvent: {}
[161.367215] (-) TimerEvent: {}
[161.467608] (-) TimerEvent: {}
[161.567949] (-) TimerEvent: {}
[161.668338] (-) TimerEvent: {}
[161.768729] (-) TimerEvent: {}
[161.869068] (-) TimerEvent: {}
[161.969394] (-) TimerEvent: {}
[162.069722] (-) TimerEvent: {}
[162.170107] (-) TimerEvent: {}
[162.270513] (-) TimerEvent: {}
[162.370927] (-) TimerEvent: {}
[162.471365] (-) TimerEvent: {}
[162.571683] (-) TimerEvent: {}
[162.672045] (-) TimerEvent: {}
[162.772442] (-) TimerEvent: {}
[162.872754] (-) TimerEvent: {}
[162.973047] (-) TimerEvent: {}
[163.073355] (-) TimerEvent: {}
[163.173774] (-) TimerEvent: {}
[163.274204] (-) TimerEvent: {}
[163.374596] (-) TimerEvent: {}
[163.474928] (-) TimerEvent: {}
[163.575201] (-) TimerEvent: {}
[163.675517] (-) TimerEvent: {}
[163.775831] (-) TimerEvent: {}
[163.876083] (-) TimerEvent: {}
[163.976329] (-) TimerEvent: {}
[164.076585] (-) TimerEvent: {}
[164.176898] (-) TimerEvent: {}
[164.277242] (-) TimerEvent: {}
[164.377641] (-) TimerEvent: {}
[164.478002] (-) TimerEvent: {}
[164.578297] (-) TimerEvent: {}
[164.678544] (-) TimerEvent: {}
[164.778894] (-) TimerEvent: {}
[164.879359] (-) TimerEvent: {}
[164.979816] (-) TimerEvent: {}
[165.080259] (-) TimerEvent: {}
[165.180683] (-) TimerEvent: {}
[165.281076] (-) TimerEvent: {}
[165.381471] (-) TimerEvent: {}
[165.481888] (-) TimerEvent: {}
[165.582314] (-) TimerEvent: {}
[165.682766] (-) TimerEvent: {}
[165.783235] (-) TimerEvent: {}
[165.883705] (-) TimerEvent: {}
[165.984184] (-) TimerEvent: {}
[166.084598] (-) TimerEvent: {}
[166.184996] (-) TimerEvent: {}
[166.285392] (-) TimerEvent: {}
[166.385730] (-) TimerEvent: {}
[166.486107] (-) TimerEvent: {}
[166.586559] (-) TimerEvent: {}
[166.686991] (-) TimerEvent: {}
[166.787424] (-) TimerEvent: {}
[166.887873] (-) TimerEvent: {}
[166.988329] (-) TimerEvent: {}
[167.088791] (-) TimerEvent: {}
[167.189243] (-) TimerEvent: {}
[167.289737] (-) TimerEvent: {}
[167.390198] (-) TimerEvent: {}
[167.490735] (-) TimerEvent: {}
[167.591190] (-) TimerEvent: {}
[167.691622] (-) TimerEvent: {}
[167.792024] (-) TimerEvent: {}
[167.892430] (-) TimerEvent: {}
[167.992837] (-) TimerEvent: {}
[168.093243] (-) TimerEvent: {}
[168.193698] (-) TimerEvent: {}
[168.294155] (-) TimerEvent: {}
[168.394628] (-) TimerEvent: {}
[168.495089] (-) TimerEvent: {}
[168.595555] (-) TimerEvent: {}
[168.696028] (-) TimerEvent: {}
[168.796495] (-) TimerEvent: {}
[168.896930] (-) TimerEvent: {}
[168.997326] (-) TimerEvent: {}
[169.097743] (-) TimerEvent: {}
[169.198132] (-) TimerEvent: {}
[169.298521] (-) TimerEvent: {}
[169.398914] (-) TimerEvent: {}
[169.499327] (-) TimerEvent: {}
[169.599767] (-) TimerEvent: {}
[169.700206] (-) TimerEvent: {}
[169.800633] (-) TimerEvent: {}
[169.901060] (-) TimerEvent: {}
[170.001485] (-) TimerEvent: {}
[170.101941] (-) TimerEvent: {}
[170.202391] (-) TimerEvent: {}
[170.302869] (-) TimerEvent: {}
[170.367588] (fast_lio) StdoutLine: {'line': b'[ 94%] Linking CXX executable fastlio_mapping\n'}
[170.403042] (-) TimerEvent: {}
[170.503422] (-) TimerEvent: {}
[170.603809] (-) TimerEvent: {}
[170.704173] (-) TimerEvent: {}
[170.804595] (-) TimerEvent: {}
[170.905060] (-) TimerEvent: {}
[171.005461] (-) TimerEvent: {}
[171.105822] (-) TimerEvent: {}
[171.206202] (-) TimerEvent: {}
[171.306638] (-) TimerEvent: {}
[171.407072] (-) TimerEvent: {}
[171.507522] (-) TimerEvent: {}
[171.607980] (-) TimerEvent: {}
[171.708343] (-) TimerEvent: {}
[171.808649] (-) TimerEvent: {}
[171.909000] (-) TimerEvent: {}
[172.009372] (-) TimerEvent: {}
[172.109763] (-) TimerEvent: {}
[172.210206] (-) TimerEvent: {}
[172.310619] (-) TimerEvent: {}
[172.411021] (-) TimerEvent: {}
[172.511427] (-) TimerEvent: {}
[172.611756] (-) TimerEvent: {}
[172.712082] (-) TimerEvent: {}
[172.812393] (-) TimerEvent: {}
[172.912781] (-) TimerEvent: {}
[173.013238] (-) TimerEvent: {}
[173.113722] (-) TimerEvent: {}
[173.214191] (-) TimerEvent: {}
[173.314645] (-) TimerEvent: {}
[173.415105] (-) TimerEvent: {}
[173.511526] (fast_lio) StdoutLine: {'line': b'[100%] Built target fastlio_mapping\n'}
[173.515173] (-) TimerEvent: {}
[173.522539] (fast_lio) CommandEnded: {'returncode': 0}
[173.525488] (fast_lio) JobProgress: {'identifier': 'fast_lio', 'progress': 'install'}
[173.535430] (fast_lio) Command: {'cmd': ['/usr/local/bin/cmake', '--install', '/home/seeed/ros2/ws/build/fast_lio'], 'cwd': '/home/seeed/ros2/ws/build/fast_lio', 'env': OrderedDict([('LANGUAGE', 'zh_CN:en'), ('USER', 'seeed'), ('SSH_CLIENT', '10.200.24.83 60035 22'), ('LC_TIME', 'zh_CN.UTF-8'), ('ROS_PACKAGE_PATH', '/home/seeed/ros2/ws/install/vikit_common/share:/home/seeed/ros2/ws/install/ugv_sdk/share'), ('XDG_SESSION_TYPE', 'tty'), ('SHLVL', '0'), ('LD_LIBRARY_PATH', '/home/seeed/ros2/ws/install/livox_ros_driver2/lib:/home/seeed/ros2/ws/install/vikit_ros/lib:/home/seeed/ros2/ws/install/vikit_common/lib:/home/seeed/ros2/ws/install/ranger_msgs/lib:/home/seeed/ros2/ws/install/fast_lio/lib:/opt/ros/humble/opt/rviz_ogre_vendor/lib:/opt/ros/humble/lib/aarch64-linux-gnu:/opt/ros/humble/lib'), ('MOTD_SHOWN', 'pam'), ('HOME', '/home/seeed'), ('OLDPWD', '/home/seeed'), ('ROS_PYTHON_VERSION', '3'), ('LC_MONETARY', 'zh_CN.UTF-8'), ('ROS_IP', '10.200.54.207'), ('LC_CTYPE', 'C.UTF-8'), ('DBUS_SESSION_BUS_ADDRESS', 'unix:path=/run/user/1000/bus'), ('COLCON_PREFIX_PATH', '/home/seeed/ros2/ws/install'), ('ROS_DISTRO', 'humble'), ('LOGNAME', 'seeed'), ('ROS_VERSION', '2'), ('PKG_CONFIG_PATH', '/home/seeed/ros2/ws/install/vikit_common/lib/aarch64-linux-gnu/pkgconfig:/home/seeed/ros2/ws/install/vikit_common/lib/pkgconfig:/home/seeed/ros2/ws/install/ugv_sdk/lib/aarch64-linux-gnu/pkgconfig:/home/seeed/ros2/ws/install/ugv_sdk/lib/pkgconfig'), ('XDG_SESSION_CLASS', 'user'), ('XDG_SESSION_ID', '64'), ('ROS_LOCALHOST_ONLY', '0'), ('PATH', '/opt/ros/humble/bin:/usr/local/sbin:/usr/local/bin:/usr/sbin:/usr/bin:/sbin:/bin:/usr/games:/usr/local/games:/snap/bin'), ('FASTRTPS_DEFAULT_PROFILES_FILE', '/home/seeed/ros2/fastrtps_profile.xml'), ('PAPERSIZE', 'a4'), ('LC_ADDRESS', 'zh_CN.UTF-8'), ('XDG_RUNTIME_DIR', '/run/user/1000'), ('DISPLAY', 'localhost:15.0'), ('LANG', 'zh_CN.UTF-8'), ('LC_TELEPHONE', 'zh_CN.UTF-8'), ('RMW_IMPLEMENTATION', 'rmw_fastrtps_cpp'), ('ROS_DOMAIN_ID', '0'), ('AMENT_PREFIX_PATH', '/home/seeed/ros2/ws/install/vikit_ros:/home/seeed/ros2/ws/install/ranger_base:/home/seeed/ros2/ws/install/ranger_msgs:/home/seeed/ros2/ws/install/ranger_bringup:/home/seeed/ros2/ws/install/pcd_ndt_localization:/home/seeed/ros2/ws/install/fast_lio:/home/seeed/ros2/ws/install/livox_ros_driver2:/opt/ros/humble'), ('SHELL', '/bin/bash'), ('LC_NAME', 'zh_CN.UTF-8'), ('LC_MEASUREMENT', 'zh_CN.UTF-8'), ('LC_IDENTIFICATION', 'zh_CN.UTF-8'), ('PWD', '/home/seeed/ros2/ws/build/fast_lio'), ('LC_ALL', 'en_US.UTF-8'), ('SSH_CONNECTION', '10.200.24.83 60035 10.200.54.207 22'), ('PYTHONPATH', '/home/seeed/ros2/ws/install/ranger_msgs/local/lib/python3.10/dist-packages:/home/seeed/ros2/ws/install/fast_lio/local/lib/python3.10/dist-packages:/home/seeed/ros2/ws/install/livox_ros_driver2/local/lib/python3.10/dist-packages:/opt/ros/humble/lib/python3.10/site-packages:/opt/ros/humble/local/lib/python3.10/dist-packages'), ('LC_NUMERIC', 'zh_CN.UTF-8'), ('LC_PAPER', 'zh_CN.UTF-8'), ('COLCON', '1'), ('CMAKE_PREFIX_PATH', '/home/seeed/ros2/ws/install/livox_ros_driver2:/home/seeed/ros2/ws/install/vikit_ros:/opt/ros/humble:/home/seeed/ros2/ws/install/vikit_common:/home/seeed/ros2/ws/install/ranger_base:/home/seeed/ros2/ws/install/ugv_sdk:/home/seeed/ros2/ws/install/ranger_msgs:/home/seeed/ros2/ws/install/ranger_bringup:/home/seeed/ros2/ws/install/pcd_ndt_localization:/home/seeed/ros2/ws/install/fast_lio')]), 'shell': False}
[173.548010] (fast_lio) StdoutLine: {'line': b'-- Install configuration: "Release"\n'}
[173.550099] (fast_lio) StdoutLine: {'line': b'-- Execute custom install script\n'}
[173.551727] (fast_lio) StdoutLine: {'line': b'-- Up-to-date symlink: /home/seeed/ros2/ws/install/fast_lio/share/ament_index/resource_index/rosidl_interfaces/fast_lio\n'}
[173.554692] (fast_lio) StdoutLine: {'line': b'-- Up-to-date symlink: /home/seeed/ros2/ws/install/fast_lio/include/fast_lio/fast_lio/msg/detail/pose6_d__functions.h\n'}
[173.555113] (fast_lio) StdoutLine: {'line': b'-- Up-to-date symlink: /home/seeed/ros2/ws/install/fast_lio/include/fast_lio/fast_lio/msg/detail/pose6_d__struct.h\n'}
[173.555702] (fast_lio) StdoutLine: {'line': b'-- Up-to-date symlink: /home/seeed/ros2/ws/install/fast_lio/include/fast_lio/fast_lio/msg/detail/pose6_d__type_support.h\n'}
[173.556299] (fast_lio) StdoutLine: {'line': b'-- Up-to-date symlink: /home/seeed/ros2/ws/install/fast_lio/include/fast_lio/fast_lio/msg/pose6_d.h\n'}
[173.556712] (fast_lio) StdoutLine: {'line': b'-- Up-to-date symlink: /home/seeed/ros2/ws/install/fast_lio/include/fast_lio/fast_lio/msg/rosidl_generator_c__visibility_control.h\n'}
[173.557244] (fast_lio) StdoutLine: {'line': b'-- Up-to-date symlink: /home/seeed/ros2/ws/install/fast_lio/share/fast_lio/environment/library_path.sh\n'}
[173.557830] (fast_lio) StdoutLine: {'line': b'-- Up-to-date symlink: /home/seeed/ros2/ws/install/fast_lio/share/fast_lio/environment/library_path.dsv\n'}
[173.559821] (fast_lio) StdoutLine: {'line': b'-- Up-to-date symlink: /home/seeed/ros2/ws/install/fast_lio/include/fast_lio/fast_lio/msg/detail/pose6_d__rosidl_typesupport_fastrtps_c.h\n'}
[173.560193] (fast_lio) StdoutLine: {'line': b'-- Up-to-date symlink: /home/seeed/ros2/ws/install/fast_lio/include/fast_lio/fast_lio/msg/rosidl_typesupport_fastrtps_c__visibility_control.h\n'}
[173.561289] (fast_lio) StdoutLine: {'line': b'-- Up-to-date symlink: /home/seeed/ros2/ws/install/fast_lio/include/fast_lio/fast_lio/msg/detail/pose6_d__builder.hpp\n'}
[173.561697] (fast_lio) StdoutLine: {'line': b'-- Up-to-date symlink: /home/seeed/ros2/ws/install/fast_lio/include/fast_lio/fast_lio/msg/detail/pose6_d__struct.hpp\n'}
[173.562144] (fast_lio) StdoutLine: {'line': b'-- Up-to-date symlink: /home/seeed/ros2/ws/install/fast_lio/include/fast_lio/fast_lio/msg/detail/pose6_d__traits.hpp\n'}
[173.562590] (fast_lio) StdoutLine: {'line': b'-- Up-to-date symlink: /home/seeed/ros2/ws/install/fast_lio/include/fast_lio/fast_lio/msg/detail/pose6_d__type_support.hpp\n'}
[173.563204] (fast_lio) StdoutLine: {'line': b'-- Up-to-date symlink: /home/seeed/ros2/ws/install/fast_lio/include/fast_lio/fast_lio/msg/pose6_d.hpp\n'}
[173.563719] (fast_lio) StdoutLine: {'line': b'-- Up-to-date symlink: /home/seeed/ros2/ws/install/fast_lio/include/fast_lio/fast_lio/msg/rosidl_generator_cpp__visibility_control.hpp\n'}
[173.564969] (fast_lio) StdoutLine: {'line': b'-- Up-to-date symlink: /home/seeed/ros2/ws/install/fast_lio/include/fast_lio/fast_lio/msg/detail/pose6_d__rosidl_typesupport_fastrtps_cpp.hpp\n'}
[173.565514] (fast_lio) StdoutLine: {'line': b'-- Up-to-date symlink: /home/seeed/ros2/ws/install/fast_lio/include/fast_lio/fast_lio/msg/rosidl_typesupport_fastrtps_cpp__visibility_control.h\n'}
[173.566633] (fast_lio) StdoutLine: {'line': b'-- Up-to-date symlink: /home/seeed/ros2/ws/install/fast_lio/include/fast_lio/fast_lio/msg/detail/pose6_d__rosidl_typesupport_introspection_c.h\n'}
[173.567168] (fast_lio) StdoutLine: {'line': b'-- Up-to-date symlink: /home/seeed/ros2/ws/install/fast_lio/include/fast_lio/fast_lio/msg/rosidl_typesupport_introspection_c__visibility_control.h\n'}
[173.568133] (fast_lio) StdoutLine: {'line': b'-- Up-to-date symlink: /home/seeed/ros2/ws/install/fast_lio/include/fast_lio/fast_lio/msg/detail/pose6_d__rosidl_typesupport_introspection_cpp.hpp\n'}
[173.568628] (fast_lio) StdoutLine: {'line': b'-- Up-to-date symlink: /home/seeed/ros2/ws/install/fast_lio/share/fast_lio/environment/pythonpath.sh\n'}
[173.569207] (fast_lio) StdoutLine: {'line': b'-- Up-to-date symlink: /home/seeed/ros2/ws/install/fast_lio/share/fast_lio/environment/pythonpath.dsv\n'}
[173.570264] (fast_lio) StdoutLine: {'line': b'-- Up-to-date symlink: /home/seeed/ros2/ws/install/fast_lio/local/lib/python3.10/dist-packages/fast_lio-0.0.0-py3.10.egg-info/PKG-INFO\n'}
[173.570630] (fast_lio) StdoutLine: {'line': b'-- Up-to-date symlink: /home/seeed/ros2/ws/install/fast_lio/local/lib/python3.10/dist-packages/fast_lio-0.0.0-py3.10.egg-info/SOURCES.txt\n'}
[173.571084] (fast_lio) StdoutLine: {'line': b'-- Up-to-date symlink: /home/seeed/ros2/ws/install/fast_lio/local/lib/python3.10/dist-packages/fast_lio-0.0.0-py3.10.egg-info/dependency_links.txt\n'}
[173.571552] (fast_lio) StdoutLine: {'line': b'-- Up-to-date symlink: /home/seeed/ros2/ws/install/fast_lio/local/lib/python3.10/dist-packages/fast_lio-0.0.0-py3.10.egg-info/top_level.txt\n'}
[173.573108] (fast_lio) StdoutLine: {'line': b'-- Up-to-date symlink: /home/seeed/ros2/ws/install/fast_lio/local/lib/python3.10/dist-packages/fast_lio/__init__.py\n'}
[173.573480] (fast_lio) StdoutLine: {'line': b'-- Up-to-date symlink: /home/seeed/ros2/ws/install/fast_lio/local/lib/python3.10/dist-packages/fast_lio/_fast_lio_s.ep.rosidl_typesupport_c.c\n'}
[173.573947] (fast_lio) StdoutLine: {'line': b'-- Up-to-date symlink: /home/seeed/ros2/ws/install/fast_lio/local/lib/python3.10/dist-packages/fast_lio/_fast_lio_s.ep.rosidl_typesupport_fastrtps_c.c\n'}
[173.574342] (fast_lio) StdoutLine: {'line': b'-- Up-to-date symlink: /home/seeed/ros2/ws/install/fast_lio/local/lib/python3.10/dist-packages/fast_lio/_fast_lio_s.ep.rosidl_typesupport_introspection_c.c\n'}
[173.574760] (fast_lio) StdoutLine: {'line': b'-- Up-to-date symlink: /home/seeed/ros2/ws/install/fast_lio/local/lib/python3.10/dist-packages/fast_lio/fast_lio_s__rosidl_typesupport_c.cpython-310-aarch64-linux-gnu.so\n'}
[173.575411] (fast_lio) StdoutLine: {'line': b'-- Up-to-date symlink: /home/seeed/ros2/ws/install/fast_lio/local/lib/python3.10/dist-packages/fast_lio/fast_lio_s__rosidl_typesupport_fastrtps_c.cpython-310-aarch64-linux-gnu.so\n'}
[173.576126] (fast_lio) StdoutLine: {'line': b'-- Up-to-date symlink: /home/seeed/ros2/ws/install/fast_lio/local/lib/python3.10/dist-packages/fast_lio/fast_lio_s__rosidl_typesupport_introspection_c.cpython-310-aarch64-linux-gnu.so\n'}
[173.576752] (fast_lio) StdoutLine: {'line': b'-- Up-to-date symlink: /home/seeed/ros2/ws/install/fast_lio/local/lib/python3.10/dist-packages/fast_lio/libfast_lio__rosidl_generator_py.so\n'}
[173.577177] (fast_lio) StdoutLine: {'line': b'-- Up-to-date symlink: /home/seeed/ros2/ws/install/fast_lio/local/lib/python3.10/dist-packages/fast_lio/msg/__init__.py\n'}
[173.577549] (fast_lio) StdoutLine: {'line': b'-- Up-to-date symlink: /home/seeed/ros2/ws/install/fast_lio/local/lib/python3.10/dist-packages/fast_lio/msg/_pose6_d.py\n'}
[173.578161] (fast_lio) StdoutLine: {'line': b'-- Up-to-date symlink: /home/seeed/ros2/ws/install/fast_lio/local/lib/python3.10/dist-packages/fast_lio/msg/_pose6_d_s.c\n'}
[173.578994] (fast_lio) StdoutLine: {'line': b'-- Up-to-date symlink: /home/seeed/ros2/ws/install/fast_lio/local/lib/python3.10/dist-packages/fast_lio/fast_lio_s__rosidl_typesupport_fastrtps_c.cpython-310-aarch64-linux-gnu.so\n'}
[173.579678] (fast_lio) StdoutLine: {'line': b'-- Up-to-date symlink: /home/seeed/ros2/ws/install/fast_lio/local/lib/python3.10/dist-packages/fast_lio/fast_lio_s__rosidl_typesupport_introspection_c.cpython-310-aarch64-linux-gnu.so\n'}
[173.580399] (fast_lio) StdoutLine: {'line': b'-- Up-to-date symlink: /home/seeed/ros2/ws/install/fast_lio/local/lib/python3.10/dist-packages/fast_lio/fast_lio_s__rosidl_typesupport_c.cpython-310-aarch64-linux-gnu.so\n'}
[173.580979] (fast_lio) StdoutLine: {'line': b'-- Up-to-date symlink: /home/seeed/ros2/ws/install/fast_lio/share/ament_index/resource_index/rust_packages/fast_lio\n'}
[173.581900] (fast_lio) StdoutLine: {'line': b'-- Up-to-date symlink: /home/seeed/ros2/ws/install/fast_lio/share/fast_lio/rust/Cargo.toml\n'}
[173.582189] (fast_lio) StdoutLine: {'line': b'-- Up-to-date symlink: /home/seeed/ros2/ws/install/fast_lio/share/fast_lio/rust/build.rs\n'}
[173.582490] (fast_lio) StdoutLine: {'line': b'-- Up-to-date symlink: /home/seeed/ros2/ws/install/fast_lio/share/fast_lio/rust/src/lib.rs\n'}
[173.582814] (fast_lio) StdoutLine: {'line': b'-- Up-to-date symlink: /home/seeed/ros2/ws/install/fast_lio/share/fast_lio/rust/src/msg.rs\n'}
[173.583090] (fast_lio) StdoutLine: {'line': b'-- Up-to-date symlink: /home/seeed/ros2/ws/install/fast_lio/share/fast_lio/rust/src/msg/rmw.rs\n'}
[173.583478] (fast_lio) StdoutLine: {'line': b'-- Up-to-date symlink: /home/seeed/ros2/ws/install/fast_lio/share/fast_lio/msg/Pose6D.idl\n'}
[173.583850] (fast_lio) StdoutLine: {'line': b'-- Up-to-date symlink: /home/seeed/ros2/ws/install/fast_lio/share/fast_lio/msg/Pose6D.msg\n'}
[173.584642] (fast_lio) StdoutLine: {'line': b'-- Up-to-date symlink: /home/seeed/ros2/ws/install/fast_lio/lib/fast_lio/fastlio_mapping\n'}
[173.585572] (fast_lio) StdoutLine: {'line': b'-- Up-to-date symlink: /home/seeed/ros2/ws/install/fast_lio/share/fast_lio/config/avia.yaml\n'}
[173.585850] (fast_lio) StdoutLine: {'line': b'-- Up-to-date symlink: /home/seeed/ros2/ws/install/fast_lio/share/fast_lio/config/horizon.yaml\n'}
[173.586058] (fast_lio) StdoutLine: {'line': b'-- Symlinking: /home/seeed/ros2/ws/install/fast_lio/share/fast_lio/config/mid360.yaml\n'}
[173.591682] (fast_lio) StdoutLine: {'line': b'-- Up-to-date symlink: /home/seeed/ros2/ws/install/fast_lio/share/fast_lio/config/mid360.yaml.bak.20260625_211559\n'}
[173.592090] (fast_lio) StdoutLine: {'line': b'-- Up-to-date symlink: /home/seeed/ros2/ws/install/fast_lio/share/fast_lio/config/mid360.yaml.bak.20260626_093929\n'}
[173.592470] (fast_lio) StdoutLine: {'line': b'-- Up-to-date symlink: /home/seeed/ros2/ws/install/fast_lio/share/fast_lio/config/mid360.yaml.bak.disable_timesync_20260626_100616\n'}
[173.592929] (fast_lio) StdoutLine: {'line': b'-- Up-to-date symlink: /home/seeed/ros2/ws/install/fast_lio/share/fast_lio/config/mid360.yaml.bak.fix_drift_20260626_095649\n'}
[173.593319] (fast_lio) StdoutLine: {'line': b'-- Up-to-date symlink: /home/seeed/ros2/ws/install/fast_lio/share/fast_lio/config/ouster64.yaml\n'}
[173.593564] (fast_lio) StdoutLine: {'line': b'-- Up-to-date symlink: /home/seeed/ros2/ws/install/fast_lio/share/fast_lio/config/velodyne.yaml\n'}
[173.594201] (fast_lio) StdoutLine: {'line': b'-- Up-to-date symlink: /home/seeed/ros2/ws/install/fast_lio/share/fast_lio/launch/gdb_debug_example.launch\n'}
[173.594477] (fast_lio) StdoutLine: {'line': b'-- Up-to-date symlink: /home/seeed/ros2/ws/install/fast_lio/share/fast_lio/launch/mapping.launch.py\n'}
[173.595083] (fast_lio) StdoutLine: {'line': b'-- Up-to-date symlink: /home/seeed/ros2/ws/install/fast_lio/share/fast_lio/rviz/fastlio.rviz\n'}
[173.595729] (fast_lio) StdoutLine: {'line': b'-- Up-to-date symlink: /home/seeed/ros2/ws/install/fast_lio/share/ament_index/resource_index/package_run_dependencies/fast_lio\n'}
[173.596317] (fast_lio) StdoutLine: {'line': b'-- Up-to-date symlink: /home/seeed/ros2/ws/install/fast_lio/share/ament_index/resource_index/parent_prefix_path/fast_lio\n'}
[173.596751] (fast_lio) StdoutLine: {'line': b'-- Up-to-date symlink: /home/seeed/ros2/ws/install/fast_lio/share/fast_lio/environment/ament_prefix_path.sh\n'}
[173.597258] (fast_lio) StdoutLine: {'line': b'-- Up-to-date symlink: /home/seeed/ros2/ws/install/fast_lio/share/fast_lio/environment/ament_prefix_path.dsv\n'}
[173.597657] (fast_lio) StdoutLine: {'line': b'-- Up-to-date symlink: /home/seeed/ros2/ws/install/fast_lio/share/fast_lio/environment/path.sh\n'}
[173.598204] (fast_lio) StdoutLine: {'line': b'-- Up-to-date symlink: /home/seeed/ros2/ws/install/fast_lio/share/fast_lio/environment/path.dsv\n'}
[173.598604] (fast_lio) StdoutLine: {'line': b'-- Up-to-date symlink: /home/seeed/ros2/ws/install/fast_lio/share/fast_lio/local_setup.bash\n'}
[173.598991] (fast_lio) StdoutLine: {'line': b'-- Up-to-date symlink: /home/seeed/ros2/ws/install/fast_lio/share/fast_lio/local_setup.sh\n'}
[173.599340] (fast_lio) StdoutLine: {'line': b'-- Up-to-date symlink: /home/seeed/ros2/ws/install/fast_lio/share/fast_lio/local_setup.zsh\n'}
[173.599830] (fast_lio) StdoutLine: {'line': b'-- Up-to-date symlink: /home/seeed/ros2/ws/install/fast_lio/share/fast_lio/local_setup.dsv\n'}
[173.600220] (fast_lio) StdoutLine: {'line': b'-- Symlinking: /home/seeed/ros2/ws/install/fast_lio/share/fast_lio/package.dsv\n'}
[173.605448] (fast_lio) StdoutLine: {'line': b'-- Up-to-date symlink: /home/seeed/ros2/ws/install/fast_lio/share/ament_index/resource_index/packages/fast_lio\n'}
[173.605808] (fast_lio) StdoutLine: {'line': b'-- Up-to-date symlink: /home/seeed/ros2/ws/install/fast_lio/share/fast_lio/cmake/rosidl_cmake-extras.cmake\n'}
[173.606223] (fast_lio) StdoutLine: {'line': b'-- Up-to-date symlink: /home/seeed/ros2/ws/install/fast_lio/share/fast_lio/cmake/ament_cmake_export_include_directories-extras.cmake\n'}
[173.606632] (fast_lio) StdoutLine: {'line': b'-- Up-to-date symlink: /home/seeed/ros2/ws/install/fast_lio/share/fast_lio/cmake/ament_cmake_export_libraries-extras.cmake\n'}
[173.607058] (fast_lio) StdoutLine: {'line': b'-- Up-to-date symlink: /home/seeed/ros2/ws/install/fast_lio/share/fast_lio/cmake/ament_cmake_export_targets-extras.cmake\n'}
[173.607434] (fast_lio) StdoutLine: {'line': b'-- Up-to-date symlink: /home/seeed/ros2/ws/install/fast_lio/share/fast_lio/cmake/rosidl_cmake_export_typesupport_targets-extras.cmake\n'}
[173.607796] (fast_lio) StdoutLine: {'line': b'-- Up-to-date symlink: /home/seeed/ros2/ws/install/fast_lio/share/fast_lio/cmake/ament_cmake_export_dependencies-extras.cmake\n'}
[173.608236] (fast_lio) StdoutLine: {'line': b'-- Up-to-date symlink: /home/seeed/ros2/ws/install/fast_lio/share/fast_lio/cmake/rosidl_cmake_export_typesupport_libraries-extras.cmake\n'}
[173.608993] (fast_lio) StdoutLine: {'line': b'-- Up-to-date symlink: /home/seeed/ros2/ws/install/fast_lio/share/fast_lio/cmake/fast_lioConfig.cmake\n'}
[173.609407] (fast_lio) StdoutLine: {'line': b'-- Up-to-date symlink: /home/seeed/ros2/ws/install/fast_lio/share/fast_lio/cmake/fast_lioConfig-version.cmake\n'}
[173.610049] (fast_lio) StdoutLine: {'line': b'-- Up-to-date symlink: /home/seeed/ros2/ws/install/fast_lio/share/fast_lio/package.xml\n'}
[173.611604] (fast_lio) StdoutLine: {'line': b'-- Up-to-date: /home/seeed/ros2/ws/install/fast_lio/lib/libfast_lio__rosidl_generator_c.so\n'}
[173.612351] (fast_lio) StdoutLine: {'line': b'-- Up-to-date: /home/seeed/ros2/ws/install/fast_lio/lib/libfast_lio__rosidl_typesupport_fastrtps_c.so\n'}
[173.613103] (fast_lio) StdoutLine: {'line': b'-- Up-to-date: /home/seeed/ros2/ws/install/fast_lio/lib/libfast_lio__rosidl_typesupport_fastrtps_cpp.so\n'}
[173.613874] (fast_lio) StdoutLine: {'line': b'-- Up-to-date: /home/seeed/ros2/ws/install/fast_lio/lib/libfast_lio__rosidl_typesupport_introspection_c.so\n'}
[173.614561] (fast_lio) StdoutLine: {'line': b'-- Up-to-date: /home/seeed/ros2/ws/install/fast_lio/lib/libfast_lio__rosidl_typesupport_c.so\n'}
[173.615236] (-) TimerEvent: {}
[173.615366] (fast_lio) StdoutLine: {'line': b'-- Up-to-date: /home/seeed/ros2/ws/install/fast_lio/lib/libfast_lio__rosidl_typesupport_introspection_cpp.so\n'}
[173.616001] (fast_lio) StdoutLine: {'line': b'-- Up-to-date: /home/seeed/ros2/ws/install/fast_lio/lib/libfast_lio__rosidl_typesupport_cpp.so\n'}
[173.691246] (fast_lio) StdoutLine: {'line': b"Listing '/home/seeed/ros2/ws/install/fast_lio/local/lib/python3.10/dist-packages/fast_lio'...\n"}
[173.691814] (fast_lio) StdoutLine: {'line': b"Listing '/home/seeed/ros2/ws/install/fast_lio/local/lib/python3.10/dist-packages/fast_lio/msg'...\n"}
[173.704256] (fast_lio) StdoutLine: {'line': b'-- Up-to-date: /home/seeed/ros2/ws/install/fast_lio/lib/libfast_lio__rosidl_generator_py.so\n'}
[173.705699] (fast_lio) StdoutLine: {'line': b'-- Up-to-date: /home/seeed/ros2/ws/install/fast_lio/share/fast_lio/cmake/export_fast_lio__rosidl_generator_cExport.cmake\n'}
[173.706104] (fast_lio) StdoutLine: {'line': b'-- Up-to-date: /home/seeed/ros2/ws/install/fast_lio/share/fast_lio/cmake/export_fast_lio__rosidl_generator_cExport-release.cmake\n'}
[173.706749] (fast_lio) StdoutLine: {'line': b'-- Up-to-date: /home/seeed/ros2/ws/install/fast_lio/share/fast_lio/cmake/export_fast_lio__rosidl_typesupport_fastrtps_cExport.cmake\n'}
[173.707058] (fast_lio) StdoutLine: {'line': b'-- Up-to-date: /home/seeed/ros2/ws/install/fast_lio/share/fast_lio/cmake/export_fast_lio__rosidl_typesupport_fastrtps_cExport-release.cmake\n'}
[173.707502] (fast_lio) StdoutLine: {'line': b'-- Up-to-date: /home/seeed/ros2/ws/install/fast_lio/share/fast_lio/cmake/export_fast_lio__rosidl_generator_cppExport.cmake\n'}
[173.707924] (fast_lio) StdoutLine: {'line': b'-- Up-to-date: /home/seeed/ros2/ws/install/fast_lio/share/fast_lio/cmake/export_fast_lio__rosidl_typesupport_fastrtps_cppExport.cmake\n'}
[173.708609] (fast_lio) StdoutLine: {'line': b'-- Up-to-date: /home/seeed/ros2/ws/install/fast_lio/share/fast_lio/cmake/export_fast_lio__rosidl_typesupport_fastrtps_cppExport-release.cmake\n'}
[173.708917] (fast_lio) StdoutLine: {'line': b'-- Up-to-date: /home/seeed/ros2/ws/install/fast_lio/share/fast_lio/cmake/fast_lio__rosidl_typesupport_introspection_cExport.cmake\n'}
[173.709164] (fast_lio) StdoutLine: {'line': b'-- Up-to-date: /home/seeed/ros2/ws/install/fast_lio/share/fast_lio/cmake/fast_lio__rosidl_typesupport_introspection_cExport-release.cmake\n'}
[173.710033] (fast_lio) StdoutLine: {'line': b'-- Up-to-date: /home/seeed/ros2/ws/install/fast_lio/share/fast_lio/cmake/fast_lio__rosidl_typesupport_cExport.cmake\n'}
[173.710273] (fast_lio) StdoutLine: {'line': b'-- Up-to-date: /home/seeed/ros2/ws/install/fast_lio/share/fast_lio/cmake/fast_lio__rosidl_typesupport_cExport-release.cmake\n'}
[173.710772] (fast_lio) StdoutLine: {'line': b'-- Up-to-date: /home/seeed/ros2/ws/install/fast_lio/share/fast_lio/cmake/fast_lio__rosidl_typesupport_introspection_cppExport.cmake\n'}
[173.711172] (fast_lio) StdoutLine: {'line': b'-- Up-to-date: /home/seeed/ros2/ws/install/fast_lio/share/fast_lio/cmake/fast_lio__rosidl_typesupport_introspection_cppExport-release.cmake\n'}
[173.711679] (fast_lio) StdoutLine: {'line': b'-- Up-to-date: /home/seeed/ros2/ws/install/fast_lio/share/fast_lio/cmake/fast_lio__rosidl_typesupport_cppExport.cmake\n'}
[173.712150] (fast_lio) StdoutLine: {'line': b'-- Up-to-date: /home/seeed/ros2/ws/install/fast_lio/share/fast_lio/cmake/fast_lio__rosidl_typesupport_cppExport-release.cmake\n'}
[173.713022] (fast_lio) StdoutLine: {'line': b'-- Up-to-date: /home/seeed/ros2/ws/install/fast_lio/share/fast_lio/cmake/export_fast_lio__rosidl_generator_pyExport.cmake\n'}
[173.713487] (fast_lio) StdoutLine: {'line': b'-- Up-to-date: /home/seeed/ros2/ws/install/fast_lio/share/fast_lio/cmake/export_fast_lio__rosidl_generator_pyExport-release.cmake\n'}
[173.715343] (-) TimerEvent: {}
[173.718383] (fast_lio) CommandEnded: {'returncode': 0}
[173.791277] (fast_lio) JobEnded: {'identifier': 'fast_lio', 'rc': 0}
[173.793462] (-) EventReactorShutdown: {}
