[0.000000] (-) TimerEvent: {}
[0.000632] (-) JobUnselected: {'identifier': 'fast_lio'}
[0.000955] (-) JobUnselected: {'identifier': 'livox_ros_driver2'}
[0.001237] (-) JobUnselected: {'identifier': 'ranger_base'}
[0.001357] (-) JobUnselected: {'identifier': 'ranger_bringup'}
[0.001449] (-) JobUnselected: {'identifier': 'ranger_msgs'}
[0.001536] (-) JobUnselected: {'identifier': 'ugv_sdk'}
[0.001621] (-) JobUnselected: {'identifier': 'vikit_common'}
[0.001735] (-) JobUnselected: {'identifier': 'vikit_ros'}
[0.001854] (pcd_ndt_localization) JobQueued: {'identifier': 'pcd_ndt_localization', 'dependencies': OrderedDict()}
[0.001953] (pcd_ndt_localization) JobStarted: {'identifier': 'pcd_ndt_localization'}
[0.019896] (pcd_ndt_localization) JobProgress: {'identifier': 'pcd_ndt_localization', 'progress': 'cmake'}
[0.021979] (pcd_ndt_localization) JobProgress: {'identifier': 'pcd_ndt_localization', 'progress': 'build'}
[0.023874] (pcd_ndt_localization) Command: {'cmd': ['/usr/local/bin/cmake', '--build', '/home/seeed/ros2/ws/build/pcd_ndt_localization', '--', '-j6', '-l6'], 'cwd': '/home/seeed/ros2/ws/build/pcd_ndt_localization', 'env': OrderedDict([('LANGUAGE', 'zh_CN:en'), ('USER', 'seeed'), ('SSH_CLIENT', '10.200.24.83 47657 22'), ('LC_TIME', 'zh_CN.UTF-8'), ('ROS_PACKAGE_PATH', '/home/seeed/ros2/ws/install/vikit_common/share:/home/seeed/ros2/ws/install/ugv_sdk/share'), ('XDG_SESSION_TYPE', 'tty'), ('SHLVL', '0'), ('LD_LIBRARY_PATH', '/home/seeed/ros2/ws/install/vikit_ros/lib:/home/seeed/ros2/ws/install/vikit_common/lib:/home/seeed/ros2/ws/install/ranger_msgs/lib:/home/seeed/ros2/ws/install/fast_lio/lib:/home/seeed/ros2/ws/install/livox_ros_driver2/lib:/opt/ros/humble/opt/rviz_ogre_vendor/lib:/opt/ros/humble/lib/aarch64-linux-gnu:/opt/ros/humble/lib'), ('MOTD_SHOWN', 'pam'), ('HOME', '/home/seeed'), ('OLDPWD', '/home/seeed'), ('ROS_PYTHON_VERSION', '3'), ('LC_MONETARY', 'zh_CN.UTF-8'), ('ROS_IP', '10.200.54.207'), ('LC_CTYPE', 'C.UTF-8'), ('DBUS_SESSION_BUS_ADDRESS', 'unix:path=/run/user/1000/bus'), ('COLCON_PREFIX_PATH', '/home/seeed/ros2/ws/install'), ('ROS_DISTRO', 'humble'), ('LOGNAME', 'seeed'), ('ROS_VERSION', '2'), ('PKG_CONFIG_PATH', '/home/seeed/ros2/ws/install/vikit_common/lib/aarch64-linux-gnu/pkgconfig:/home/seeed/ros2/ws/install/vikit_common/lib/pkgconfig:/home/seeed/ros2/ws/install/ugv_sdk/lib/aarch64-linux-gnu/pkgconfig:/home/seeed/ros2/ws/install/ugv_sdk/lib/pkgconfig'), ('XDG_SESSION_CLASS', 'user'), ('XDG_SESSION_ID', '47'), ('ROS_LOCALHOST_ONLY', '0'), ('PATH', '/opt/ros/humble/bin:/usr/local/sbin:/usr/local/bin:/usr/sbin:/usr/bin:/sbin:/bin:/usr/games:/usr/local/games:/snap/bin'), ('FASTRTPS_DEFAULT_PROFILES_FILE', '/home/seeed/ros2/fastrtps_profile.xml'), ('PAPERSIZE', 'a4'), ('LC_ADDRESS', 'zh_CN.UTF-8'), ('XDG_RUNTIME_DIR', '/run/user/1000'), ('DISPLAY', 'localhost:14.0'), ('LANG', 'zh_CN.UTF-8'), ('LC_TELEPHONE', 'zh_CN.UTF-8'), ('RMW_IMPLEMENTATION', 'rmw_fastrtps_cpp'), ('ROS_DOMAIN_ID', '0'), ('AMENT_PREFIX_PATH', '/home/seeed/ros2/ws/install/vikit_ros:/home/seeed/ros2/ws/install/ranger_base:/home/seeed/ros2/ws/install/ranger_msgs:/home/seeed/ros2/ws/install/ranger_bringup:/home/seeed/ros2/ws/install/pcd_ndt_localization:/home/seeed/ros2/ws/install/fast_lio:/home/seeed/ros2/ws/install/livox_ros_driver2:/opt/ros/humble'), ('SHELL', '/bin/bash'), ('LC_NAME', 'zh_CN.UTF-8'), ('LC_MEASUREMENT', 'zh_CN.UTF-8'), ('LC_IDENTIFICATION', 'zh_CN.UTF-8'), ('PWD', '/home/seeed/ros2/ws/build/pcd_ndt_localization'), ('LC_ALL', 'en_US.UTF-8'), ('SSH_CONNECTION', '10.200.24.83 47657 10.200.54.207 22'), ('PYTHONPATH', '/home/seeed/ros2/ws/install/ranger_msgs/local/lib/python3.10/dist-packages:/home/seeed/ros2/ws/install/fast_lio/local/lib/python3.10/dist-packages:/home/seeed/ros2/ws/install/livox_ros_driver2/local/lib/python3.10/dist-packages:/opt/ros/humble/lib/python3.10/site-packages:/opt/ros/humble/local/lib/python3.10/dist-packages'), ('LC_NUMERIC', 'zh_CN.UTF-8'), ('LC_PAPER', 'zh_CN.UTF-8'), ('COLCON', '1'), ('CMAKE_PREFIX_PATH', '/home/seeed/ros2/ws/install/vikit_ros:/opt/ros/humble:/home/seeed/ros2/ws/install/vikit_common:/home/seeed/ros2/ws/install/ranger_base:/home/seeed/ros2/ws/install/ugv_sdk:/home/seeed/ros2/ws/install/ranger_msgs:/home/seeed/ros2/ws/install/ranger_bringup:/home/seeed/ros2/ws/install/pcd_ndt_localization:/home/seeed/ros2/ws/install/fast_lio:/home/seeed/ros2/ws/install/livox_ros_driver2')]), 'shell': False}
[0.098926] (-) TimerEvent: {}
[0.127871] (pcd_ndt_localization) StdoutLine: {'line': b'[ 50%] Built target pcd_occupancy_grid_publisher\n'}
[0.139544] (pcd_ndt_localization) StdoutLine: {'line': b'[ 75%] Building CXX object CMakeFiles/pcd_ndt_localizer.dir/src/pcd_ndt_localizer.cpp.o\n'}
[0.198941] (-) TimerEvent: {}
[0.299155] (-) TimerEvent: {}
[0.399408] (-) TimerEvent: {}
[0.499747] (-) TimerEvent: {}
[0.600047] (-) TimerEvent: {}
[0.700254] (-) TimerEvent: {}
[0.800423] (-) TimerEvent: {}
[0.900578] (-) TimerEvent: {}
[1.000795] (-) TimerEvent: {}
[1.101022] (-) TimerEvent: {}
[1.201226] (-) TimerEvent: {}
[1.301422] (-) TimerEvent: {}
[1.401687] (-) TimerEvent: {}
[1.502035] (-) TimerEvent: {}
[1.602315] (-) TimerEvent: {}
[1.702796] (-) TimerEvent: {}
[1.803116] (-) TimerEvent: {}
[1.903498] (-) TimerEvent: {}
[2.003862] (-) TimerEvent: {}
[2.104154] (-) TimerEvent: {}
[2.204464] (-) TimerEvent: {}
[2.304852] (-) TimerEvent: {}
[2.405253] (-) TimerEvent: {}
[2.505650] (-) TimerEvent: {}
[2.606064] (-) TimerEvent: {}
[2.706517] (-) TimerEvent: {}
[2.806940] (-) TimerEvent: {}
[2.907357] (-) TimerEvent: {}
[3.007781] (-) TimerEvent: {}
[3.108210] (-) TimerEvent: {}
[3.208632] (-) TimerEvent: {}
[3.309059] (-) TimerEvent: {}
[3.409465] (-) TimerEvent: {}
[3.509872] (-) TimerEvent: {}
[3.610308] (-) TimerEvent: {}
[3.710729] (-) TimerEvent: {}
[3.811108] (-) TimerEvent: {}
[3.911749] (-) TimerEvent: {}
[4.012421] (-) TimerEvent: {}
[4.112844] (-) TimerEvent: {}
[4.213278] (-) TimerEvent: {}
[4.313709] (-) TimerEvent: {}
[4.414121] (-) TimerEvent: {}
[4.517439] (-) TimerEvent: {}
[4.617856] (-) TimerEvent: {}
[4.718340] (-) TimerEvent: {}
[4.818786] (-) TimerEvent: {}
[4.919222] (-) TimerEvent: {}
[5.019664] (-) TimerEvent: {}
[5.120100] (-) TimerEvent: {}
[5.220542] (-) TimerEvent: {}
[5.320996] (-) TimerEvent: {}
[5.421453] (-) TimerEvent: {}
[5.521860] (-) TimerEvent: {}
[5.622284] (-) TimerEvent: {}
[5.722663] (-) TimerEvent: {}
[5.823035] (-) TimerEvent: {}
[5.923421] (-) TimerEvent: {}
[6.023749] (-) TimerEvent: {}
[6.124103] (-) TimerEvent: {}
[6.224514] (-) TimerEvent: {}
[6.324890] (-) TimerEvent: {}
[6.425289] (-) TimerEvent: {}
[6.525707] (-) TimerEvent: {}
[6.626111] (-) TimerEvent: {}
[6.726576] (-) TimerEvent: {}
[6.826935] (-) TimerEvent: {}
[6.927336] (-) TimerEvent: {}
[7.027783] (-) TimerEvent: {}
[7.128198] (-) TimerEvent: {}
[7.228584] (-) TimerEvent: {}
[7.328982] (-) TimerEvent: {}
[7.429393] (-) TimerEvent: {}
[7.529852] (-) TimerEvent: {}
[7.630329] (-) TimerEvent: {}
[7.730771] (-) TimerEvent: {}
[7.831213] (-) TimerEvent: {}
[7.931668] (-) TimerEvent: {}
[8.032109] (-) TimerEvent: {}
[8.132547] (-) TimerEvent: {}
[8.232931] (-) TimerEvent: {}
[8.333322] (-) TimerEvent: {}
[8.433729] (-) TimerEvent: {}
[8.534127] (-) TimerEvent: {}
[8.634557] (-) TimerEvent: {}
[8.735105] (-) TimerEvent: {}
[8.835546] (-) TimerEvent: {}
[8.935949] (-) TimerEvent: {}
[9.036345] (-) TimerEvent: {}
[9.136780] (-) TimerEvent: {}
[9.237218] (-) TimerEvent: {}
[9.337604] (-) TimerEvent: {}
[9.438004] (-) TimerEvent: {}
[9.538482] (-) TimerEvent: {}
[9.638993] (-) TimerEvent: {}
[9.739469] (-) TimerEvent: {}
[9.839873] (-) TimerEvent: {}
[9.940266] (-) TimerEvent: {}
[10.040704] (-) TimerEvent: {}
[10.141098] (-) TimerEvent: {}
[10.241430] (-) TimerEvent: {}
[10.341745] (-) TimerEvent: {}
[10.442120] (-) TimerEvent: {}
[10.542561] (-) TimerEvent: {}
[10.642977] (-) TimerEvent: {}
[10.743428] (-) TimerEvent: {}
[10.843876] (-) TimerEvent: {}
[10.944332] (-) TimerEvent: {}
[11.044773] (-) TimerEvent: {}
[11.145207] (-) TimerEvent: {}
[11.245641] (-) TimerEvent: {}
[11.346095] (-) TimerEvent: {}
[11.446577] (-) TimerEvent: {}
[11.547021] (-) TimerEvent: {}
[11.647470] (-) TimerEvent: {}
[11.747917] (-) TimerEvent: {}
[11.848434] (-) TimerEvent: {}
[11.948876] (-) TimerEvent: {}
[12.049303] (-) TimerEvent: {}
[12.149691] (-) TimerEvent: {}
[12.250087] (-) TimerEvent: {}
[12.350501] (-) TimerEvent: {}
[12.450887] (-) TimerEvent: {}
[12.551276] (-) TimerEvent: {}
[12.651713] (-) TimerEvent: {}
[12.752176] (-) TimerEvent: {}
[12.852635] (-) TimerEvent: {}
[12.953074] (-) TimerEvent: {}
[13.053520] (-) TimerEvent: {}
[13.153957] (-) TimerEvent: {}
[13.254440] (-) TimerEvent: {}
[13.354883] (-) TimerEvent: {}
[13.455329] (-) TimerEvent: {}
[13.555774] (-) TimerEvent: {}
[13.656223] (-) TimerEvent: {}
[13.756671] (-) TimerEvent: {}
[13.857103] (-) TimerEvent: {}
[13.957538] (-) TimerEvent: {}
[14.057970] (-) TimerEvent: {}
[14.158419] (-) TimerEvent: {}
[14.258854] (-) TimerEvent: {}
[14.359289] (-) TimerEvent: {}
[14.459723] (-) TimerEvent: {}
[14.560168] (-) TimerEvent: {}
[14.660618] (-) TimerEvent: {}
[14.761022] (-) TimerEvent: {}
[14.861407] (-) TimerEvent: {}
[14.961807] (-) TimerEvent: {}
[15.062136] (-) TimerEvent: {}
[15.162540] (-) TimerEvent: {}
[15.262986] (-) TimerEvent: {}
[15.363440] (-) TimerEvent: {}
[15.463894] (-) TimerEvent: {}
[15.564344] (-) TimerEvent: {}
[15.664784] (-) TimerEvent: {}
[15.765223] (-) TimerEvent: {}
[15.865667] (-) TimerEvent: {}
[15.966093] (-) TimerEvent: {}
[16.066449] (-) TimerEvent: {}
[16.166785] (-) TimerEvent: {}
[16.267172] (-) TimerEvent: {}
[16.367555] (-) TimerEvent: {}
[16.467940] (-) TimerEvent: {}
[16.568348] (-) TimerEvent: {}
[16.668721] (-) TimerEvent: {}
[16.769074] (-) TimerEvent: {}
[16.869443] (-) TimerEvent: {}
[16.969824] (-) TimerEvent: {}
[17.070211] (-) TimerEvent: {}
[17.170576] (-) TimerEvent: {}
[17.270912] (-) TimerEvent: {}
[17.371222] (-) TimerEvent: {}
[17.471594] (-) TimerEvent: {}
[17.571991] (-) TimerEvent: {}
[17.672400] (-) TimerEvent: {}
[17.772810] (-) TimerEvent: {}
[17.873216] (-) TimerEvent: {}
[17.973624] (-) TimerEvent: {}
[18.074020] (-) TimerEvent: {}
[18.174397] (-) TimerEvent: {}
[18.274788] (-) TimerEvent: {}
[18.375164] (-) TimerEvent: {}
[18.475542] (-) TimerEvent: {}
[18.575928] (-) TimerEvent: {}
[18.676328] (-) TimerEvent: {}
[18.776745] (-) TimerEvent: {}
[18.877101] (-) TimerEvent: {}
[18.977497] (-) TimerEvent: {}
[19.077896] (-) TimerEvent: {}
[19.178313] (-) TimerEvent: {}
[19.278710] (-) TimerEvent: {}
[19.379024] (-) TimerEvent: {}
[19.479369] (-) TimerEvent: {}
[19.579741] (-) TimerEvent: {}
[19.680135] (-) TimerEvent: {}
[19.780545] (-) TimerEvent: {}
[19.880908] (-) TimerEvent: {}
[19.981262] (-) TimerEvent: {}
[20.081610] (-) TimerEvent: {}
[20.181998] (-) TimerEvent: {}
[20.282384] (-) TimerEvent: {}
[20.382702] (-) TimerEvent: {}
[20.483058] (-) TimerEvent: {}
[20.583456] (-) TimerEvent: {}
[20.683851] (-) TimerEvent: {}
[20.784236] (-) TimerEvent: {}
[20.884572] (-) TimerEvent: {}
[20.984898] (-) TimerEvent: {}
[21.085280] (-) TimerEvent: {}
[21.185636] (-) TimerEvent: {}
[21.285998] (-) TimerEvent: {}
[21.386345] (-) TimerEvent: {}
[21.486688] (-) TimerEvent: {}
[21.587046] (-) TimerEvent: {}
[21.687427] (-) TimerEvent: {}
[21.787814] (-) TimerEvent: {}
[21.888145] (-) TimerEvent: {}
[21.988477] (-) TimerEvent: {}
[22.088812] (-) TimerEvent: {}
[22.189180] (-) TimerEvent: {}
[22.289573] (-) TimerEvent: {}
[22.389928] (-) TimerEvent: {}
[22.490347] (-) TimerEvent: {}
[22.590696] (-) TimerEvent: {}
[22.691026] (-) TimerEvent: {}
[22.791434] (-) TimerEvent: {}
[22.891857] (-) TimerEvent: {}
[22.992263] (-) TimerEvent: {}
[23.092674] (-) TimerEvent: {}
[23.193070] (-) TimerEvent: {}
[23.293476] (-) TimerEvent: {}
[23.393854] (-) TimerEvent: {}
[23.494265] (-) TimerEvent: {}
[23.594656] (-) TimerEvent: {}
[23.695044] (-) TimerEvent: {}
[23.795456] (-) TimerEvent: {}
[23.895878] (-) TimerEvent: {}
[23.996243] (-) TimerEvent: {}
[24.096648] (-) TimerEvent: {}
[24.197087] (-) TimerEvent: {}
[24.297482] (-) TimerEvent: {}
[24.397844] (-) TimerEvent: {}
[24.498223] (-) TimerEvent: {}
[24.598595] (-) TimerEvent: {}
[24.698927] (-) TimerEvent: {}
[24.799318] (-) TimerEvent: {}
[24.899717] (-) TimerEvent: {}
[25.000077] (-) TimerEvent: {}
[25.100464] (-) TimerEvent: {}
[25.200791] (-) TimerEvent: {}
[25.301186] (-) TimerEvent: {}
[25.401556] (-) TimerEvent: {}
[25.501902] (-) TimerEvent: {}
[25.602234] (-) TimerEvent: {}
[25.702565] (-) TimerEvent: {}
[25.802943] (-) TimerEvent: {}
[25.903353] (-) TimerEvent: {}
[26.003717] (-) TimerEvent: {}
[26.104062] (-) TimerEvent: {}
[26.204435] (-) TimerEvent: {}
[26.304825] (-) TimerEvent: {}
[26.405220] (-) TimerEvent: {}
[26.505615] (-) TimerEvent: {}
[26.606015] (-) TimerEvent: {}
[26.706380] (-) TimerEvent: {}
[26.806757] (-) TimerEvent: {}
[26.907194] (-) TimerEvent: {}
[27.007630] (-) TimerEvent: {}
[27.108067] (-) TimerEvent: {}
[27.208497] (-) TimerEvent: {}
[27.308870] (-) TimerEvent: {}
[27.409241] (-) TimerEvent: {}
[27.509628] (-) TimerEvent: {}
[27.609971] (-) TimerEvent: {}
[27.710318] (-) TimerEvent: {}
[27.810635] (-) TimerEvent: {}
[27.911025] (-) TimerEvent: {}
[28.011437] (-) TimerEvent: {}
[28.111797] (-) TimerEvent: {}
[28.212193] (-) TimerEvent: {}
[28.312594] (-) TimerEvent: {}
[28.412988] (-) TimerEvent: {}
[28.513358] (-) TimerEvent: {}
[28.613660] (-) TimerEvent: {}
[28.713938] (-) TimerEvent: {}
[28.814292] (-) TimerEvent: {}
[28.914696] (-) TimerEvent: {}
[29.015049] (-) TimerEvent: {}
[29.115350] (-) TimerEvent: {}
[29.215702] (-) TimerEvent: {}
[29.316096] (-) TimerEvent: {}
[29.416461] (-) TimerEvent: {}
[29.516849] (-) TimerEvent: {}
[29.617241] (-) TimerEvent: {}
[29.717631] (-) TimerEvent: {}
[29.818013] (-) TimerEvent: {}
[29.918432] (-) TimerEvent: {}
[30.018877] (-) TimerEvent: {}
[30.119335] (-) TimerEvent: {}
[30.219776] (-) TimerEvent: {}
[30.320209] (-) TimerEvent: {}
[30.420645] (-) TimerEvent: {}
[30.521086] (-) TimerEvent: {}
[30.621518] (-) TimerEvent: {}
[30.721952] (-) TimerEvent: {}
[30.822418] (-) TimerEvent: {}
[30.922881] (-) TimerEvent: {}
[31.023350] (-) TimerEvent: {}
[31.123819] (-) TimerEvent: {}
[31.224296] (-) TimerEvent: {}
[31.324768] (-) TimerEvent: {}
[31.425237] (-) TimerEvent: {}
[31.525710] (-) TimerEvent: {}
[31.626184] (-) TimerEvent: {}
[31.726688] (-) TimerEvent: {}
[31.827159] (-) TimerEvent: {}
[31.927633] (-) TimerEvent: {}
[32.028074] (-) TimerEvent: {}
[32.128526] (-) TimerEvent: {}
[32.228976] (-) TimerEvent: {}
[32.329416] (-) TimerEvent: {}
[32.429858] (-) TimerEvent: {}
[32.530312] (-) TimerEvent: {}
[32.630722] (-) TimerEvent: {}
[32.731137] (-) TimerEvent: {}
[32.831576] (-) TimerEvent: {}
[32.932009] (-) TimerEvent: {}
[33.032448] (-) TimerEvent: {}
[33.132923] (-) TimerEvent: {}
[33.233388] (-) TimerEvent: {}
[33.333807] (-) TimerEvent: {}
[33.434208] (-) TimerEvent: {}
[33.534687] (-) TimerEvent: {}
[33.635128] (-) TimerEvent: {}
[33.735559] (-) TimerEvent: {}
[33.835998] (-) TimerEvent: {}
[33.936442] (-) TimerEvent: {}
[34.036872] (-) TimerEvent: {}
[34.137340] (-) TimerEvent: {}
[34.237789] (-) TimerEvent: {}
[34.338168] (-) TimerEvent: {}
[34.438546] (-) TimerEvent: {}
[34.538962] (-) TimerEvent: {}
[34.639397] (-) TimerEvent: {}
[34.739831] (-) TimerEvent: {}
[34.840209] (-) TimerEvent: {}
[34.940532] (-) TimerEvent: {}
[35.040926] (-) TimerEvent: {}
[35.141392] (-) TimerEvent: {}
[35.241855] (-) TimerEvent: {}
[35.342341] (-) TimerEvent: {}
[35.442800] (-) TimerEvent: {}
[35.543254] (-) TimerEvent: {}
[35.643709] (-) TimerEvent: {}
[35.744137] (-) TimerEvent: {}
[35.844572] (-) TimerEvent: {}
[35.945021] (-) TimerEvent: {}
[36.045471] (-) TimerEvent: {}
[36.145922] (-) TimerEvent: {}
[36.246400] (-) TimerEvent: {}
[36.346804] (-) TimerEvent: {}
[36.447204] (-) TimerEvent: {}
[36.547593] (-) TimerEvent: {}
[36.647996] (-) TimerEvent: {}
[36.748400] (-) TimerEvent: {}
[36.848788] (-) TimerEvent: {}
[36.949199] (-) TimerEvent: {}
[37.049667] (-) TimerEvent: {}
[37.150120] (-) TimerEvent: {}
[37.250533] (-) TimerEvent: {}
[37.350919] (-) TimerEvent: {}
[37.451308] (-) TimerEvent: {}
[37.551711] (-) TimerEvent: {}
[37.652117] (-) TimerEvent: {}
[37.752529] (-) TimerEvent: {}
[37.852973] (-) TimerEvent: {}
[37.953406] (-) TimerEvent: {}
[38.053836] (-) TimerEvent: {}
[38.154307] (-) TimerEvent: {}
[38.254777] (-) TimerEvent: {}
[38.355281] (-) TimerEvent: {}
[38.455730] (-) TimerEvent: {}
[38.556182] (-) TimerEvent: {}
[38.656629] (-) TimerEvent: {}
[38.757068] (-) TimerEvent: {}
[38.857507] (-) TimerEvent: {}
[38.957944] (-) TimerEvent: {}
[39.058403] (-) TimerEvent: {}
[39.158849] (-) TimerEvent: {}
[39.259301] (-) TimerEvent: {}
[39.359739] (-) TimerEvent: {}
[39.460170] (-) TimerEvent: {}
[39.560610] (-) TimerEvent: {}
[39.661049] (-) TimerEvent: {}
[39.761474] (-) TimerEvent: {}
[39.861919] (-) TimerEvent: {}
[39.962371] (-) TimerEvent: {}
[40.062802] (-) TimerEvent: {}
[40.163254] (-) TimerEvent: {}
[40.263715] (-) TimerEvent: {}
[40.364167] (-) TimerEvent: {}
[40.464623] (-) TimerEvent: {}
[40.565086] (-) TimerEvent: {}
[40.665529] (-) TimerEvent: {}
[40.765963] (-) TimerEvent: {}
[40.866415] (-) TimerEvent: {}
[40.966841] (-) TimerEvent: {}
[41.067226] (-) TimerEvent: {}
[41.167612] (-) TimerEvent: {}
[41.267971] (-) TimerEvent: {}
[41.368277] (-) TimerEvent: {}
[41.468617] (-) TimerEvent: {}
[41.568985] (-) TimerEvent: {}
[41.669311] (-) TimerEvent: {}
[41.769681] (-) TimerEvent: {}
[41.870118] (-) TimerEvent: {}
[41.970609] (-) TimerEvent: {}
[42.071034] (-) TimerEvent: {}
[42.171460] (-) TimerEvent: {}
[42.271921] (-) TimerEvent: {}
[42.372379] (-) TimerEvent: {}
[42.472829] (-) TimerEvent: {}
[42.573272] (-) TimerEvent: {}
[42.673716] (-) TimerEvent: {}
[42.774158] (-) TimerEvent: {}
[42.874637] (-) TimerEvent: {}
[42.975064] (-) TimerEvent: {}
[43.075504] (-) TimerEvent: {}
[43.175948] (-) TimerEvent: {}
[43.276404] (-) TimerEvent: {}
[43.376867] (-) TimerEvent: {}
[43.477310] (-) TimerEvent: {}
[43.577755] (-) TimerEvent: {}
[43.678193] (-) TimerEvent: {}
[43.778653] (-) TimerEvent: {}
[43.879092] (-) TimerEvent: {}
[43.979529] (-) TimerEvent: {}
[44.079953] (-) TimerEvent: {}
[44.180394] (-) TimerEvent: {}
[44.280851] (-) TimerEvent: {}
[44.381308] (-) TimerEvent: {}
[44.481743] (-) TimerEvent: {}
[44.582179] (-) TimerEvent: {}
[44.682651] (-) TimerEvent: {}
[44.783099] (-) TimerEvent: {}
[44.883534] (-) TimerEvent: {}
[44.983937] (-) TimerEvent: {}
[45.084329] (-) TimerEvent: {}
[45.184711] (-) TimerEvent: {}
[45.285118] (-) TimerEvent: {}
[45.385541] (-) TimerEvent: {}
[45.485975] (-) TimerEvent: {}
[45.586386] (-) TimerEvent: {}
[45.686801] (-) TimerEvent: {}
[45.787226] (-) TimerEvent: {}
[45.887654] (-) TimerEvent: {}
[45.988094] (-) TimerEvent: {}
[46.088488] (-) TimerEvent: {}
[46.188878] (-) TimerEvent: {}
[46.289267] (-) TimerEvent: {}
[46.389706] (-) TimerEvent: {}
[46.490145] (-) TimerEvent: {}
[46.590620] (-) TimerEvent: {}
[46.691055] (-) TimerEvent: {}
[46.791486] (-) TimerEvent: {}
[46.891936] (-) TimerEvent: {}
[46.992381] (-) TimerEvent: {}
[47.092830] (-) TimerEvent: {}
[47.193279] (-) TimerEvent: {}
[47.293755] (-) TimerEvent: {}
[47.394242] (-) TimerEvent: {}
[47.494749] (-) TimerEvent: {}
[47.595231] (-) TimerEvent: {}
[47.695740] (-) TimerEvent: {}
[47.796217] (-) TimerEvent: {}
[47.896966] (-) TimerEvent: {}
[47.997718] (-) TimerEvent: {}
[48.098469] (-) TimerEvent: {}
[48.198980] (-) TimerEvent: {}
[48.299474] (-) TimerEvent: {}
[48.399896] (-) TimerEvent: {}
[48.500290] (-) TimerEvent: {}
[48.600716] (-) TimerEvent: {}
[48.701116] (-) TimerEvent: {}
[48.801493] (-) TimerEvent: {}
[48.901820] (-) TimerEvent: {}
[49.002143] (-) TimerEvent: {}
[49.102473] (-) TimerEvent: {}
[49.202738] (-) TimerEvent: {}
[49.303024] (-) TimerEvent: {}
[49.403391] (-) TimerEvent: {}
[49.503838] (-) TimerEvent: {}
[49.604260] (-) TimerEvent: {}
[49.704644] (-) TimerEvent: {}
[49.804966] (-) TimerEvent: {}
[49.905277] (-) TimerEvent: {}
[50.005579] (-) TimerEvent: {}
[50.105866] (-) TimerEvent: {}
[50.206218] (-) TimerEvent: {}
[50.306635] (-) TimerEvent: {}
[50.407027] (-) TimerEvent: {}
[50.507478] (-) TimerEvent: {}
[50.607934] (-) TimerEvent: {}
[50.708398] (-) TimerEvent: {}
[50.808852] (-) TimerEvent: {}
[50.909293] (-) TimerEvent: {}
[51.009756] (-) TimerEvent: {}
[51.110238] (-) TimerEvent: {}
[51.210752] (-) TimerEvent: {}
[51.311238] (-) TimerEvent: {}
[51.411718] (-) TimerEvent: {}
[51.512178] (-) TimerEvent: {}
[51.612683] (-) TimerEvent: {}
[51.713121] (-) TimerEvent: {}
[51.813565] (-) TimerEvent: {}
[51.913980] (-) TimerEvent: {}
[52.014345] (-) TimerEvent: {}
[52.114763] (-) TimerEvent: {}
[52.215255] (-) TimerEvent: {}
[52.315752] (-) TimerEvent: {}
[52.416237] (-) TimerEvent: {}
[52.516683] (-) TimerEvent: {}
[52.617159] (-) TimerEvent: {}
[52.717567] (-) TimerEvent: {}
[52.817910] (-) TimerEvent: {}
[52.918186] (-) TimerEvent: {}
[53.018661] (-) TimerEvent: {}
[53.119358] (-) TimerEvent: {}
[53.219863] (-) TimerEvent: {}
[53.320609] (-) TimerEvent: {}
[53.421103] (-) TimerEvent: {}
[53.521584] (-) TimerEvent: {}
[53.622056] (-) TimerEvent: {}
[53.722550] (-) TimerEvent: {}
[53.823006] (-) TimerEvent: {}
[53.923462] (-) TimerEvent: {}
[54.023909] (-) TimerEvent: {}
[54.124341] (-) TimerEvent: {}
[54.224771] (-) TimerEvent: {}
[54.325209] (-) TimerEvent: {}
[54.425651] (-) TimerEvent: {}
[54.526108] (-) TimerEvent: {}
[54.626595] (-) TimerEvent: {}
[54.727057] (-) TimerEvent: {}
[54.827474] (-) TimerEvent: {}
[54.927863] (-) TimerEvent: {}
[55.028228] (-) TimerEvent: {}
[55.128535] (-) TimerEvent: {}
[55.228889] (-) TimerEvent: {}
[55.329275] (-) TimerEvent: {}
[55.429594] (-) TimerEvent: {}
[55.529984] (-) TimerEvent: {}
[55.630388] (-) TimerEvent: {}
[55.730811] (-) TimerEvent: {}
[55.831281] (-) TimerEvent: {}
[55.931756] (-) TimerEvent: {}
[56.032240] (-) TimerEvent: {}
[56.132712] (-) TimerEvent: {}
[56.233186] (-) TimerEvent: {}
[56.333636] (-) TimerEvent: {}
[56.434068] (-) TimerEvent: {}
[56.534431] (-) TimerEvent: {}
[56.634811] (-) TimerEvent: {}
[56.735191] (-) TimerEvent: {}
[56.835568] (-) TimerEvent: {}
[56.935978] (-) TimerEvent: {}
[57.036408] (-) TimerEvent: {}
[57.136835] (-) TimerEvent: {}
[57.237270] (-) TimerEvent: {}
[57.337708] (-) TimerEvent: {}
[57.438150] (-) TimerEvent: {}
[57.538608] (-) TimerEvent: {}
[57.639049] (-) TimerEvent: {}
[57.739480] (-) TimerEvent: {}
[57.839903] (-) TimerEvent: {}
[57.940330] (-) TimerEvent: {}
[58.040749] (-) TimerEvent: {}
[58.141175] (-) TimerEvent: {}
[58.241610] (-) TimerEvent: {}
[58.342035] (-) TimerEvent: {}
[58.442466] (-) TimerEvent: {}
[58.542910] (-) TimerEvent: {}
[58.643350] (-) TimerEvent: {}
[58.743808] (-) TimerEvent: {}
[58.844273] (-) TimerEvent: {}
[58.944729] (-) TimerEvent: {}
[59.045209] (-) TimerEvent: {}
[59.145635] (-) TimerEvent: {}
[59.246047] (-) TimerEvent: {}
[59.346485] (-) TimerEvent: {}
[59.446894] (-) TimerEvent: {}
[59.547304] (-) TimerEvent: {}
[59.647936] (-) TimerEvent: {}
[59.748331] (-) TimerEvent: {}
[59.848677] (-) TimerEvent: {}
[59.949067] (-) TimerEvent: {}
[60.049444] (-) TimerEvent: {}
[60.149831] (-) TimerEvent: {}
[60.250242] (-) TimerEvent: {}
[60.350731] (-) TimerEvent: {}
[60.451181] (-) TimerEvent: {}
[60.551634] (-) TimerEvent: {}
[60.652093] (-) TimerEvent: {}
[60.752541] (-) TimerEvent: {}
[60.852956] (-) TimerEvent: {}
[60.953353] (-) TimerEvent: {}
[61.053777] (-) TimerEvent: {}
[61.154219] (-) TimerEvent: {}
[61.254691] (-) TimerEvent: {}
[61.355115] (-) TimerEvent: {}
[61.455553] (-) TimerEvent: {}
[61.555992] (-) TimerEvent: {}
[61.656444] (-) TimerEvent: {}
[61.756898] (-) TimerEvent: {}
[61.857356] (-) TimerEvent: {}
[61.957792] (-) TimerEvent: {}
[62.058228] (-) TimerEvent: {}
[62.158699] (-) TimerEvent: {}
[62.259125] (-) TimerEvent: {}
[62.359574] (-) TimerEvent: {}
[62.460004] (-) TimerEvent: {}
[62.560415] (-) TimerEvent: {}
[62.660850] (-) TimerEvent: {}
[62.761300] (-) TimerEvent: {}
[62.861756] (-) TimerEvent: {}
[62.962215] (-) TimerEvent: {}
[63.062714] (-) TimerEvent: {}
[63.163159] (-) TimerEvent: {}
[63.263590] (-) TimerEvent: {}
[63.364029] (-) TimerEvent: {}
[63.464473] (-) TimerEvent: {}
[63.564904] (-) TimerEvent: {}
[63.665284] (-) TimerEvent: {}
[63.765652] (-) TimerEvent: {}
[63.866043] (-) TimerEvent: {}
[63.966436] (-) TimerEvent: {}
[64.066854] (-) TimerEvent: {}
[64.167245] (-) TimerEvent: {}
[64.267662] (-) TimerEvent: {}
[64.368085] (-) TimerEvent: {}
[64.468519] (-) TimerEvent: {}
[64.568964] (-) TimerEvent: {}
[64.669392] (-) TimerEvent: {}
[64.769818] (-) TimerEvent: {}
[64.870336] (-) TimerEvent: {}
[64.970762] (-) TimerEvent: {}
[65.071206] (-) TimerEvent: {}
[65.171638] (-) TimerEvent: {}
[65.272071] (-) TimerEvent: {}
[65.372500] (-) TimerEvent: {}
[65.472921] (-) TimerEvent: {}
[65.573381] (-) TimerEvent: {}
[65.673848] (-) TimerEvent: {}
[65.774358] (-) TimerEvent: {}
[65.874820] (-) TimerEvent: {}
[65.975283] (-) TimerEvent: {}
[66.075754] (-) TimerEvent: {}
[66.176212] (-) TimerEvent: {}
[66.276673] (-) TimerEvent: {}
[66.377132] (-) TimerEvent: {}
[66.477579] (-) TimerEvent: {}
[66.578037] (-) TimerEvent: {}
[66.678534] (-) TimerEvent: {}
[66.779018] (-) TimerEvent: {}
[66.879469] (-) TimerEvent: {}
[66.979921] (-) TimerEvent: {}
[67.080353] (-) TimerEvent: {}
[67.180788] (-) TimerEvent: {}
[67.281221] (-) TimerEvent: {}
[67.381657] (-) TimerEvent: {}
[67.482076] (-) TimerEvent: {}
[67.582539] (-) TimerEvent: {}
[67.682962] (-) TimerEvent: {}
[67.783381] (-) TimerEvent: {}
[67.883835] (-) TimerEvent: {}
[67.984261] (-) TimerEvent: {}
[68.084647] (-) TimerEvent: {}
[68.185037] (-) TimerEvent: {}
[68.285423] (-) TimerEvent: {}
[68.385794] (-) TimerEvent: {}
[68.486152] (-) TimerEvent: {}
[68.586562] (-) TimerEvent: {}
[68.686991] (-) TimerEvent: {}
[68.787399] (-) TimerEvent: {}
[68.887816] (-) TimerEvent: {}
[68.988247] (-) TimerEvent: {}
[69.088670] (-) TimerEvent: {}
[69.189089] (-) TimerEvent: {}
[69.289525] (-) TimerEvent: {}
[69.389977] (-) TimerEvent: {}
[69.490416] (-) TimerEvent: {}
[69.590857] (-) TimerEvent: {}
[69.691333] (-) TimerEvent: {}
[69.791780] (-) TimerEvent: {}
[69.892232] (-) TimerEvent: {}
[69.992696] (-) TimerEvent: {}
[70.093112] (-) TimerEvent: {}
[70.193487] (-) TimerEvent: {}
[70.293827] (-) TimerEvent: {}
[70.394210] (-) TimerEvent: {}
[70.494636] (-) TimerEvent: {}
[70.595014] (-) TimerEvent: {}
[70.695361] (-) TimerEvent: {}
[70.795655] (-) TimerEvent: {}
[70.896029] (-) TimerEvent: {}
[70.996483] (-) TimerEvent: {}
[71.096919] (-) TimerEvent: {}
[71.197353] (-) TimerEvent: {}
[71.297798] (-) TimerEvent: {}
[71.398233] (-) TimerEvent: {}
[71.498709] (-) TimerEvent: {}
[71.599170] (-) TimerEvent: {}
[71.699622] (-) TimerEvent: {}
[71.800063] (-) TimerEvent: {}
[71.900493] (-) TimerEvent: {}
[72.000934] (-) TimerEvent: {}
[72.101362] (-) TimerEvent: {}
[72.201762] (-) TimerEvent: {}
[72.302141] (-) TimerEvent: {}
[72.402534] (-) TimerEvent: {}
[72.502898] (-) TimerEvent: {}
[72.603270] (-) TimerEvent: {}
[72.703666] (-) TimerEvent: {}
[72.804099] (-) TimerEvent: {}
[72.904552] (-) TimerEvent: {}
[73.004993] (-) TimerEvent: {}
[73.105417] (-) TimerEvent: {}
[73.205836] (-) TimerEvent: {}
[73.306280] (-) TimerEvent: {}
[73.406709] (-) TimerEvent: {}
[73.507149] (-) TimerEvent: {}
[73.607613] (-) TimerEvent: {}
[73.708058] (-) TimerEvent: {}
[73.808494] (-) TimerEvent: {}
[73.909045] (-) TimerEvent: {}
[74.009511] (-) TimerEvent: {}
[74.110045] (-) TimerEvent: {}
[74.210447] (-) TimerEvent: {}
[74.310917] (-) TimerEvent: {}
[74.411302] (-) TimerEvent: {}
[74.511678] (-) TimerEvent: {}
[74.612159] (-) TimerEvent: {}
[74.712735] (-) TimerEvent: {}
[74.813148] (-) TimerEvent: {}
[74.913564] (-) TimerEvent: {}
[75.014018] (-) TimerEvent: {}
[75.114629] (-) TimerEvent: {}
[75.215153] (-) TimerEvent: {}
[75.315614] (-) TimerEvent: {}
[75.416157] (-) TimerEvent: {}
[75.516619] (-) TimerEvent: {}
[75.617072] (-) TimerEvent: {}
[75.717508] (-) TimerEvent: {}
[75.817940] (-) TimerEvent: {}
[75.918353] (-) TimerEvent: {}
[76.018744] (-) TimerEvent: {}
[76.119134] (-) TimerEvent: {}
[76.219487] (-) TimerEvent: {}
[76.319852] (-) TimerEvent: {}
[76.420229] (-) TimerEvent: {}
[76.520655] (-) TimerEvent: {}
[76.621078] (-) TimerEvent: {}
[76.721488] (-) TimerEvent: {}
[76.821891] (-) TimerEvent: {}
[76.922327] (-) TimerEvent: {}
[77.022769] (-) TimerEvent: {}
[77.123208] (-) TimerEvent: {}
[77.223649] (-) TimerEvent: {}
[77.324091] (-) TimerEvent: {}
[77.424523] (-) TimerEvent: {}
[77.524964] (-) TimerEvent: {}
[77.625405] (-) TimerEvent: {}
[77.725859] (-) TimerEvent: {}
[77.826335] (-) TimerEvent: {}
[77.926756] (-) TimerEvent: {}
[78.027208] (-) TimerEvent: {}
[78.127667] (-) TimerEvent: {}
[78.228170] (-) TimerEvent: {}
[78.328610] (-) TimerEvent: {}
[78.429073] (-) TimerEvent: {}
[78.529519] (-) TimerEvent: {}
[78.629965] (-) TimerEvent: {}
[78.730417] (-) TimerEvent: {}
[78.831036] (-) TimerEvent: {}
[78.931495] (-) TimerEvent: {}
[79.031929] (-) TimerEvent: {}
[79.132314] (-) TimerEvent: {}
[79.232701] (-) TimerEvent: {}
[79.333089] (-) TimerEvent: {}
[79.433521] (-) TimerEvent: {}
[79.533948] (-) TimerEvent: {}
[79.634453] (-) TimerEvent: {}
[79.734889] (-) TimerEvent: {}
[79.835310] (-) TimerEvent: {}
[79.935739] (-) TimerEvent: {}
[80.036173] (-) TimerEvent: {}
[80.136630] (-) TimerEvent: {}
[80.237105] (-) TimerEvent: {}
[80.337580] (-) TimerEvent: {}
[80.438059] (-) TimerEvent: {}
[80.538798] (-) TimerEvent: {}
[80.639271] (-) TimerEvent: {}
[80.739740] (-) TimerEvent: {}
[80.840200] (-) TimerEvent: {}
[80.940658] (-) TimerEvent: {}
[81.041123] (-) TimerEvent: {}
[81.141586] (-) TimerEvent: {}
[81.242057] (-) TimerEvent: {}
[81.342565] (-) TimerEvent: {}
[81.443045] (-) TimerEvent: {}
[81.543514] (-) TimerEvent: {}
[81.643987] (-) TimerEvent: {}
[81.744426] (-) TimerEvent: {}
[81.844866] (-) TimerEvent: {}
[81.945305] (-) TimerEvent: {}
[82.045810] (-) TimerEvent: {}
[82.146334] (-) TimerEvent: {}
[82.246780] (-) TimerEvent: {}
[82.347175] (-) TimerEvent: {}
[82.447569] (-) TimerEvent: {}
[82.547987] (-) TimerEvent: {}
[82.648322] (-) TimerEvent: {}
[82.748656] (-) TimerEvent: {}
[82.849037] (-) TimerEvent: {}
[82.949433] (-) TimerEvent: {}
[83.049876] (-) TimerEvent: {}
[83.150362] (-) TimerEvent: {}
[83.250802] (-) TimerEvent: {}
[83.351239] (-) TimerEvent: {}
[83.451673] (-) TimerEvent: {}
[83.552114] (-) TimerEvent: {}
[83.652533] (-) TimerEvent: {}
[83.752919] (-) TimerEvent: {}
[83.853300] (-) TimerEvent: {}
[83.953686] (-) TimerEvent: {}
[84.054061] (-) TimerEvent: {}
[84.154442] (-) TimerEvent: {}
[84.254866] (-) TimerEvent: {}
[84.355230] (-) TimerEvent: {}
[84.455609] (-) TimerEvent: {}
[84.556036] (-) TimerEvent: {}
[84.656462] (-) TimerEvent: {}
[84.756876] (-) TimerEvent: {}
[84.857239] (-) TimerEvent: {}
[84.957589] (-) TimerEvent: {}
[85.058003] (-) TimerEvent: {}
[85.158440] (-) TimerEvent: {}
[85.258890] (-) TimerEvent: {}
[85.359341] (-) TimerEvent: {}
[85.459805] (-) TimerEvent: {}
[85.560252] (-) TimerEvent: {}
[85.660690] (-) TimerEvent: {}
[85.761102] (-) TimerEvent: {}
[85.861521] (-) TimerEvent: {}
[85.961989] (-) TimerEvent: {}
[86.062559] (-) TimerEvent: {}
[86.163009] (-) TimerEvent: {}
[86.263425] (-) TimerEvent: {}
[86.363821] (-) TimerEvent: {}
[86.464208] (-) TimerEvent: {}
[86.564596] (-) TimerEvent: {}
[86.664995] (-) TimerEvent: {}
[86.765398] (-) TimerEvent: {}
[86.865796] (-) TimerEvent: {}
[86.966221] (-) TimerEvent: {}
[87.069455] (-) TimerEvent: {}
[87.169917] (-) TimerEvent: {}
[87.270429] (-) TimerEvent: {}
[87.323351] (pcd_ndt_localization) StdoutLine: {'line': b'[100%] Linking CXX executable pcd_ndt_localizer\n'}
[87.370588] (-) TimerEvent: {}
[87.470983] (-) TimerEvent: {}
[87.571420] (-) TimerEvent: {}
[87.671890] (-) TimerEvent: {}
[87.772369] (-) TimerEvent: {}
[87.872846] (-) TimerEvent: {}
[87.973321] (-) TimerEvent: {}
[88.073795] (-) TimerEvent: {}
[88.174302] (-) TimerEvent: {}
[88.274786] (-) TimerEvent: {}
[88.375276] (-) TimerEvent: {}
[88.475761] (-) TimerEvent: {}
[88.576211] (-) TimerEvent: {}
[88.676661] (-) TimerEvent: {}
[88.777100] (-) TimerEvent: {}
[88.877556] (-) TimerEvent: {}
[88.978017] (-) TimerEvent: {}
[89.078455] (-) TimerEvent: {}
[89.178898] (-) TimerEvent: {}
[89.279356] (-) TimerEvent: {}
[89.379803] (-) TimerEvent: {}
[89.480229] (-) TimerEvent: {}
[89.580679] (-) TimerEvent: {}
[89.681129] (-) TimerEvent: {}
[89.781585] (-) TimerEvent: {}
[89.813196] (pcd_ndt_localization) StdoutLine: {'line': b'[100%] Built target pcd_ndt_localizer\n'}
[89.824335] (pcd_ndt_localization) CommandEnded: {'returncode': 0}
[89.826500] (pcd_ndt_localization) JobProgress: {'identifier': 'pcd_ndt_localization', 'progress': 'install'}
[89.835422] (pcd_ndt_localization) Command: {'cmd': ['/usr/local/bin/cmake', '--install', '/home/seeed/ros2/ws/build/pcd_ndt_localization'], 'cwd': '/home/seeed/ros2/ws/build/pcd_ndt_localization', 'env': OrderedDict([('LANGUAGE', 'zh_CN:en'), ('USER', 'seeed'), ('SSH_CLIENT', '10.200.24.83 47657 22'), ('LC_TIME', 'zh_CN.UTF-8'), ('ROS_PACKAGE_PATH', '/home/seeed/ros2/ws/install/vikit_common/share:/home/seeed/ros2/ws/install/ugv_sdk/share'), ('XDG_SESSION_TYPE', 'tty'), ('SHLVL', '0'), ('LD_LIBRARY_PATH', '/home/seeed/ros2/ws/install/vikit_ros/lib:/home/seeed/ros2/ws/install/vikit_common/lib:/home/seeed/ros2/ws/install/ranger_msgs/lib:/home/seeed/ros2/ws/install/fast_lio/lib:/home/seeed/ros2/ws/install/livox_ros_driver2/lib:/opt/ros/humble/opt/rviz_ogre_vendor/lib:/opt/ros/humble/lib/aarch64-linux-gnu:/opt/ros/humble/lib'), ('MOTD_SHOWN', 'pam'), ('HOME', '/home/seeed'), ('OLDPWD', '/home/seeed'), ('ROS_PYTHON_VERSION', '3'), ('LC_MONETARY', 'zh_CN.UTF-8'), ('ROS_IP', '10.200.54.207'), ('LC_CTYPE', 'C.UTF-8'), ('DBUS_SESSION_BUS_ADDRESS', 'unix:path=/run/user/1000/bus'), ('COLCON_PREFIX_PATH', '/home/seeed/ros2/ws/install'), ('ROS_DISTRO', 'humble'), ('LOGNAME', 'seeed'), ('ROS_VERSION', '2'), ('PKG_CONFIG_PATH', '/home/seeed/ros2/ws/install/vikit_common/lib/aarch64-linux-gnu/pkgconfig:/home/seeed/ros2/ws/install/vikit_common/lib/pkgconfig:/home/seeed/ros2/ws/install/ugv_sdk/lib/aarch64-linux-gnu/pkgconfig:/home/seeed/ros2/ws/install/ugv_sdk/lib/pkgconfig'), ('XDG_SESSION_CLASS', 'user'), ('XDG_SESSION_ID', '47'), ('ROS_LOCALHOST_ONLY', '0'), ('PATH', '/opt/ros/humble/bin:/usr/local/sbin:/usr/local/bin:/usr/sbin:/usr/bin:/sbin:/bin:/usr/games:/usr/local/games:/snap/bin'), ('FASTRTPS_DEFAULT_PROFILES_FILE', '/home/seeed/ros2/fastrtps_profile.xml'), ('PAPERSIZE', 'a4'), ('LC_ADDRESS', 'zh_CN.UTF-8'), ('XDG_RUNTIME_DIR', '/run/user/1000'), ('DISPLAY', 'localhost:14.0'), ('LANG', 'zh_CN.UTF-8'), ('LC_TELEPHONE', 'zh_CN.UTF-8'), ('RMW_IMPLEMENTATION', 'rmw_fastrtps_cpp'), ('ROS_DOMAIN_ID', '0'), ('AMENT_PREFIX_PATH', '/home/seeed/ros2/ws/install/vikit_ros:/home/seeed/ros2/ws/install/ranger_base:/home/seeed/ros2/ws/install/ranger_msgs:/home/seeed/ros2/ws/install/ranger_bringup:/home/seeed/ros2/ws/install/pcd_ndt_localization:/home/seeed/ros2/ws/install/fast_lio:/home/seeed/ros2/ws/install/livox_ros_driver2:/opt/ros/humble'), ('SHELL', '/bin/bash'), ('LC_NAME', 'zh_CN.UTF-8'), ('LC_MEASUREMENT', 'zh_CN.UTF-8'), ('LC_IDENTIFICATION', 'zh_CN.UTF-8'), ('PWD', '/home/seeed/ros2/ws/build/pcd_ndt_localization'), ('LC_ALL', 'en_US.UTF-8'), ('SSH_CONNECTION', '10.200.24.83 47657 10.200.54.207 22'), ('PYTHONPATH', '/home/seeed/ros2/ws/install/ranger_msgs/local/lib/python3.10/dist-packages:/home/seeed/ros2/ws/install/fast_lio/local/lib/python3.10/dist-packages:/home/seeed/ros2/ws/install/livox_ros_driver2/local/lib/python3.10/dist-packages:/opt/ros/humble/lib/python3.10/site-packages:/opt/ros/humble/local/lib/python3.10/dist-packages'), ('LC_NUMERIC', 'zh_CN.UTF-8'), ('LC_PAPER', 'zh_CN.UTF-8'), ('COLCON', '1'), ('CMAKE_PREFIX_PATH', '/home/seeed/ros2/ws/install/vikit_ros:/opt/ros/humble:/home/seeed/ros2/ws/install/vikit_common:/home/seeed/ros2/ws/install/ranger_base:/home/seeed/ros2/ws/install/ugv_sdk:/home/seeed/ros2/ws/install/ranger_msgs:/home/seeed/ros2/ws/install/ranger_bringup:/home/seeed/ros2/ws/install/pcd_ndt_localization:/home/seeed/ros2/ws/install/fast_lio:/home/seeed/ros2/ws/install/livox_ros_driver2')]), 'shell': False}
[89.841669] (pcd_ndt_localization) StdoutLine: {'line': b'-- Install configuration: "Release"\n'}
[89.843360] (pcd_ndt_localization) StdoutLine: {'line': b'-- Execute custom install script\n'}
[89.844193] (pcd_ndt_localization) StdoutLine: {'line': b'-- Up-to-date symlink: /home/seeed/ros2/ws/install/pcd_ndt_localization/lib/pcd_ndt_localization/pcd_ndt_localizer\n'}
[89.844658] (pcd_ndt_localization) StdoutLine: {'line': b'-- Up-to-date symlink: /home/seeed/ros2/ws/install/pcd_ndt_localization/lib/pcd_ndt_localization/pcd_occupancy_grid_publisher\n'}
[89.845581] (pcd_ndt_localization) StdoutLine: {'line': b'-- Up-to-date symlink: /home/seeed/ros2/ws/install/pcd_ndt_localization/share/pcd_ndt_localization/config/ndt_localization.yaml\n'}
[89.846218] (pcd_ndt_localization) StdoutLine: {'line': b'-- Up-to-date symlink: /home/seeed/ros2/ws/install/pcd_ndt_localization/share/pcd_ndt_localization/launch/localization.launch.py\n'}
[89.847063] (pcd_ndt_localization) StdoutLine: {'line': b'-- Up-to-date symlink: /home/seeed/ros2/ws/install/pcd_ndt_localization/share/ament_index/resource_index/package_run_dependencies/pcd_ndt_localization\n'}
[89.847471] (pcd_ndt_localization) StdoutLine: {'line': b'-- Up-to-date symlink: /home/seeed/ros2/ws/install/pcd_ndt_localization/share/ament_index/resource_index/parent_prefix_path/pcd_ndt_localization\n'}
[89.847912] (pcd_ndt_localization) StdoutLine: {'line': b'-- Up-to-date symlink: /home/seeed/ros2/ws/install/pcd_ndt_localization/share/pcd_ndt_localization/environment/ament_prefix_path.sh\n'}
[89.848360] (pcd_ndt_localization) StdoutLine: {'line': b'-- Up-to-date symlink: /home/seeed/ros2/ws/install/pcd_ndt_localization/share/pcd_ndt_localization/environment/ament_prefix_path.dsv\n'}
[89.848736] (pcd_ndt_localization) StdoutLine: {'line': b'-- Up-to-date symlink: /home/seeed/ros2/ws/install/pcd_ndt_localization/share/pcd_ndt_localization/environment/path.sh\n'}
[89.849159] (pcd_ndt_localization) StdoutLine: {'line': b'-- Up-to-date symlink: /home/seeed/ros2/ws/install/pcd_ndt_localization/share/pcd_ndt_localization/environment/path.dsv\n'}
[89.849533] (pcd_ndt_localization) StdoutLine: {'line': b'-- Up-to-date symlink: /home/seeed/ros2/ws/install/pcd_ndt_localization/share/pcd_ndt_localization/local_setup.bash\n'}
[89.849985] (pcd_ndt_localization) StdoutLine: {'line': b'-- Up-to-date symlink: /home/seeed/ros2/ws/install/pcd_ndt_localization/share/pcd_ndt_localization/local_setup.sh\n'}
[89.850610] (pcd_ndt_localization) StdoutLine: {'line': b'-- Up-to-date symlink: /home/seeed/ros2/ws/install/pcd_ndt_localization/share/pcd_ndt_localization/local_setup.zsh\n'}
[89.850968] (pcd_ndt_localization) StdoutLine: {'line': b'-- Up-to-date symlink: /home/seeed/ros2/ws/install/pcd_ndt_localization/share/pcd_ndt_localization/local_setup.dsv\n'}
[89.851231] (pcd_ndt_localization) StdoutLine: {'line': b'-- Symlinking: /home/seeed/ros2/ws/install/pcd_ndt_localization/share/pcd_ndt_localization/package.dsv\n'}
[89.857096] (pcd_ndt_localization) StdoutLine: {'line': b'-- Up-to-date symlink: /home/seeed/ros2/ws/install/pcd_ndt_localization/share/ament_index/resource_index/packages/pcd_ndt_localization\n'}
[89.857611] (pcd_ndt_localization) StdoutLine: {'line': b'-- Up-to-date symlink: /home/seeed/ros2/ws/install/pcd_ndt_localization/share/pcd_ndt_localization/cmake/pcd_ndt_localizationConfig.cmake\n'}
[89.857764] (pcd_ndt_localization) StdoutLine: {'line': b'-- Up-to-date symlink: /home/seeed/ros2/ws/install/pcd_ndt_localization/share/pcd_ndt_localization/cmake/pcd_ndt_localizationConfig-version.cmake\n'}
[89.858033] (pcd_ndt_localization) StdoutLine: {'line': b'-- Up-to-date symlink: /home/seeed/ros2/ws/install/pcd_ndt_localization/share/pcd_ndt_localization/package.xml\n'}
[89.860227] (pcd_ndt_localization) CommandEnded: {'returncode': 0}
[89.882472] (-) TimerEvent: {}
[89.918772] (pcd_ndt_localization) JobEnded: {'identifier': 'pcd_ndt_localization', 'rc': 0}
[89.920210] (-) EventReactorShutdown: {}
