[  2%] Built target fast_lio__rs
[  5%] Built target fast_lio__cpp
[  5%] Built target ament_cmake_python_symlink_fast_lio
[ 13%] Built target fast_lio__rosidl_generator_c
[ 38%] Built target fast_lio__rosidl_typesupport_introspection_cpp
[ 38%] Built target fast_lio__rosidl_typesupport_fastrtps_cpp
[ 38%] Built target fast_lio__rosidl_typesupport_cpp
[ 47%] Built target fast_lio__rosidl_typesupport_fastrtps_c
[ 55%] Built target fast_lio__rosidl_typesupport_introspection_c
[ 63%] Built target fast_lio__rosidl_typesupport_c
[ 63%] Built target fast_lio
[ 66%] Built target fast_lio__py
[ 72%] Built target fast_lio__rosidl_generator_py
[ 77%] Built target fast_lio__rosidl_typesupport_c__pyext
[ 86%] Built target fast_lio__rosidl_typesupport_introspection_c__pyext
[ 88%] Built target fast_lio__rosidl_typesupport_fastrtps_c__pyext
[ 91%] Building CXX object CMakeFiles/fastlio_mapping.dir/src/laserMapping.cpp.o
[ 94%] Building CXX object CMakeFiles/fastlio_mapping.dir/src/preprocess.cpp.o
running egg_info
writing fast_lio.egg-info/PKG-INFO
writing dependency_links to fast_lio.egg-info/dependency_links.txt
writing top-level names to fast_lio.egg-info/top_level.txt
reading manifest file 'fast_lio.egg-info/SOURCES.txt'
writing manifest file 'fast_lio.egg-info/SOURCES.txt'
[ 94%] Built target ament_cmake_python_build_fast_lio_egg
In file included from /usr/include/boost/smart_ptr/detail/sp_thread_sleep.hpp:22,
                 from /usr/include/boost/smart_ptr/detail/yield_k.hpp:23,
                 from /usr/include/boost/smart_ptr/detail/spinlock_gcc_atomic.hpp:14,
                 from /usr/include/boost/smart_ptr/detail/spinlock.hpp:42,
                 from /usr/include/boost/smart_ptr/detail/spinlock_pool.hpp:25,
                 from /usr/include/boost/smart_ptr/shared_ptr.hpp:29,
                 from /usr/include/boost/shared_ptr.hpp:17,
                 from /usr/include/boost/date_time/microsec_time_clock.hpp:18,
                 from /usr/include/boost/interprocess/detail/posix_time_types_wrk.hpp:31,
                 from /usr/include/boost/interprocess/detail/os_thread_functions.hpp:36,
                 from /usr/include/boost/interprocess/sync/file_lock.hpp:26,
                 from /usr/include/pcl-1.12/pcl/io/pcd_io.h:46,
                 from /opt/ros/humble/include/pcl_conversions/pcl_conversions/pcl_conversions.h:73,
                 from /home/seeed/ros2/ws/src/slam/fast_lio/src/IMU_Processing.hpp:18,
                 from /home/seeed/ros2/ws/src/slam/fast_lio/src/laserMapping.cpp:47:
/usr/include/boost/bind.hpp:36:1: note: ‘#pragma message: The practice of declaring the Bind placeholders (_1, _2, ...) in the global namespace is deprecated. Please use <boost/bind/bind.hpp> + using namespace boost::placeholders, or define BOOST_BIND_GLOBAL_PLACEHOLDERS to retain the current behavior.’
   36 | BOOST_PRAGMA_MESSAGE(
      | ^~~~~~~~~~~~~~~~~~~~
/home/seeed/ros2/ws/src/slam/fast_lio/src/laserMapping.cpp: In constructor ‘LaserMappingNode::LaserMappingNode(const rclcpp::NodeOptions&)’:
/home/seeed/ros2/ws/src/slam/fast_lio/src/laserMapping.cpp:914:96: error: lvalue required as decrement operand
  914 |         this->get_parameter_or<double>("preprocess.exclusion_max_x", p_pre->exclusion_max_x, --0.22);
      |                                                                                                ^~~~
In file included from /home/seeed/ros2/ws/src/slam/fast_lio/include/IKFoM_toolkit/esekfom/../mtk/types/SOn.hpp:83,
                 from /home/seeed/ros2/ws/src/slam/fast_lio/include/IKFoM_toolkit/esekfom/esekfom.hpp:49,
                 from /home/seeed/ros2/ws/src/slam/fast_lio/include/use-ikfom.hpp:4,
                 from /home/seeed/ros2/ws/src/slam/fast_lio/src/IMU_Processing.hpp:22,
                 from /home/seeed/ros2/ws/src/slam/fast_lio/src/laserMapping.cpp:47:
/home/seeed/ros2/ws/src/slam/fast_lio/include/IKFoM_toolkit/esekfom/../mtk/types/../src/mtkmath.hpp: In instantiation of ‘std::pair<_FIter, _FIter> MTK::cos_sinc_sqrt(const scalar&) [with scalar = double]’:
/home/seeed/ros2/ws/src/slam/fast_lio/include/IKFoM_toolkit/esekfom/../mtk/types/../src/mtkmath.hpp:252:52:   required from ‘scalar MTK::exp(MTK::vectview<scalar, dim>, MTK::vectview<const scalar, dim>, const scalar&) [with scalar = double; int n = 3]’
/home/seeed/ros2/ws/src/slam/fast_lio/include/IKFoM_toolkit/esekfom/../mtk/types/S2.hpp:140:32:   required from ‘void MTK::S2<_scalar, den, num, S2_typ>::boxplus(MTK::vectview<const _scalar, 2>, MTK::S2<_scalar, den, num, S2_typ>::scalar) [with _scalar = double; int den = 98090; int num = 10000; int S2_typ = 1; MTK::S2<_scalar, den, num, S2_typ>::scalar = double]’
/home/seeed/ros2/ws/src/slam/fast_lio/include/use-ikfom.hpp:12:1:   required from here
/home/seeed/ros2/ws/src/slam/fast_lio/include/IKFoM_toolkit/esekfom/../mtk/types/../src/mtkmath.hpp:143:27: note: parameter passing for argument of type ‘std::pair<double, double>’ when C++17 is enabled changed to match C++14 in GCC 10.1
  143 | std::pair<scalar, scalar> cos_sinc_sqrt(const scalar &x2){
      |                           ^~~~~~~~~~~~~
gmake[2]: *** [CMakeFiles/fastlio_mapping.dir/build.make:76：CMakeFiles/fastlio_mapping.dir/src/laserMapping.cpp.o] 错误 1
gmake[1]: *** [CMakeFiles/Makefile2:612：CMakeFiles/fastlio_mapping.dir/all] 错误 2
gmake: *** [Makefile:146：all] 错误 2
