[  2%] Built target fast_lio__rs
[  5%] Built target fast_lio__cpp
[  5%] Built target ament_cmake_python_symlink_fast_lio
[ 13%] Built target fast_lio__rosidl_generator_c
[ 38%] Built target fast_lio__rosidl_typesupport_introspection_cpp
[ 38%] Built target fast_lio__rosidl_typesupport_fastrtps_cpp
[ 38%] Built target fast_lio__rosidl_typesupport_cpp
[ 47%] Built target fast_lio__rosidl_typesupport_fastrtps_c
[ 55%] Built target fast_lio__rosidl_typesupport_introspection_c
[ 63%] Built target fast_lio__rosidl_typesupport_c
[ 63%] Built target fast_lio
[ 66%] Built target fast_lio__py
[ 72%] Built target fast_lio__rosidl_generator_py
[ 77%] Built target fast_lio__rosidl_typesupport_c__pyext
[ 86%] Built target fast_lio__rosidl_typesupport_introspection_c__pyext
[ 88%] Built target fast_lio__rosidl_typesupport_fastrtps_c__pyext
[ 91%] Building CXX object CMakeFiles/fastlio_mapping.dir/src/laserMapping.cpp.o
[ 94%] Building CXX object CMakeFiles/fastlio_mapping.dir/src/preprocess.cpp.o
running egg_info
writing fast_lio.egg-info/PKG-INFO
writing dependency_links to fast_lio.egg-info/dependency_links.txt
writing top-level names to fast_lio.egg-info/top_level.txt
reading manifest file 'fast_lio.egg-info/SOURCES.txt'
writing manifest file 'fast_lio.egg-info/SOURCES.txt'
[ 94%] Built target ament_cmake_python_build_fast_lio_egg
