[0.029s] Invoking command in '/home/seeed/ros2/ws/build/fast_lio': AMENT_PREFIX_PATH=/home/seeed/ros2/ws/install/livox_ros_driver2:${AMENT_PREFIX_PATH} CMAKE_PREFIX_PATH=/home/seeed/ros2/ws/install/livox_ros_driver2:/opt/ros/humble LD_LIBRARY_PATH=/home/seeed/ros2/ws/install/livox_ros_driver2/lib:${LD_LIBRARY_PATH} PYTHONPATH=/home/seeed/ros2/ws/install/livox_ros_driver2/local/lib/python3.10/dist-packages:${PYTHONPATH} /usr/local/bin/cmake --build /home/seeed/ros2/ws/build/fast_lio -- -j6 -l6
[0.143s] [  2%] Built target fast_lio__rs
[0.144s] [  5%] Built target fast_lio__cpp
[0.145s] [  5%] Built target ament_cmake_python_symlink_fast_lio
[0.150s] [ 13%] Built target fast_lio__rosidl_generator_c
[0.173s] [ 38%] Built target fast_lio__rosidl_typesupport_introspection_cpp
[0.173s] [ 38%] Built target fast_lio__rosidl_typesupport_fastrtps_cpp
[0.173s] [ 38%] Built target fast_lio__rosidl_typesupport_cpp
[0.173s] [ 47%] Built target fast_lio__rosidl_typesupport_fastrtps_c
[0.176s] [ 55%] Built target fast_lio__rosidl_typesupport_introspection_c
[0.191s] [ 63%] Built target fast_lio__rosidl_typesupport_c
[0.206s] [ 63%] Built target fast_lio
[0.222s] [ 66%] Built target fast_lio__py
[0.244s] [ 72%] Built target fast_lio__rosidl_generator_py
[0.266s] [ 77%] Built target fast_lio__rosidl_typesupport_c__pyext
[0.266s] [ 86%] Built target fast_lio__rosidl_typesupport_introspection_c__pyext
[0.266s] [ 88%] Built target fast_lio__rosidl_typesupport_fastrtps_c__pyext
[0.328s] [ 91%] Building CXX object CMakeFiles/fastlio_mapping.dir/src/laserMapping.cpp.o
[0.331s] [ 94%] Building CXX object CMakeFiles/fastlio_mapping.dir/src/preprocess.cpp.o
[0.675s] running egg_info
[0.677s] writing fast_lio.egg-info/PKG-INFO
[0.677s] writing dependency_links to fast_lio.egg-info/dependency_links.txt
[0.678s] writing top-level names to fast_lio.egg-info/top_level.txt
[0.683s] reading manifest file 'fast_lio.egg-info/SOURCES.txt'
[0.684s] writing manifest file 'fast_lio.egg-info/SOURCES.txt'
[0.745s] [ 94%] Built target ament_cmake_python_build_fast_lio_egg
[15.811s] In file included from /usr/include/boost/smart_ptr/detail/sp_thread_sleep.hpp:22,
[15.811s]                  from /usr/include/boost/smart_ptr/detail/yield_k.hpp:23,
[15.811s]                  from /usr/include/boost/smart_ptr/detail/spinlock_gcc_atomic.hpp:14,
[15.811s]                  from /usr/include/boost/smart_ptr/detail/spinlock.hpp:42,
[15.811s]                  from /usr/include/boost/smart_ptr/detail/spinlock_pool.hpp:25,
[15.812s]                  from /usr/include/boost/smart_ptr/shared_ptr.hpp:29,
[15.812s]                  from /usr/include/boost/shared_ptr.hpp:17,
[15.812s]                  from /usr/include/boost/date_time/microsec_time_clock.hpp:18,
[15.812s]                  from /usr/include/boost/interprocess/detail/posix_time_types_wrk.hpp:31,
[15.812s]                  from /usr/include/boost/interprocess/detail/os_thread_functions.hpp:36,
[15.812s]                  from /usr/include/boost/interprocess/sync/file_lock.hpp:26,
[15.812s]                  from /usr/include/pcl-1.12/pcl/io/pcd_io.h:46,
[15.812s]                  from /opt/ros/humble/include/pcl_conversions/pcl_conversions/pcl_conversions.h:73,
[15.813s]                  from /home/seeed/ros2/ws/src/slam/fast_lio/src/IMU_Processing.hpp:18,
[15.813s]                  from /home/seeed/ros2/ws/src/slam/fast_lio/src/laserMapping.cpp:47:
[15.813s] /usr/include/boost/bind.hpp:36:1: note: ‘#pragma message: The practice of declaring the Bind placeholders (_1, _2, ...) in the global namespace is deprecated. Please use <boost/bind/bind.hpp> + using namespace boost::placeholders, or define BOOST_BIND_GLOBAL_PLACEHOLDERS to retain the current behavior.’
[15.813s]    36 | BOOST_PRAGMA_MESSAGE(
[15.813s]       | ^~~~~~~~~~~~~~~~~~~~
[21.234s] /home/seeed/ros2/ws/src/slam/fast_lio/src/laserMapping.cpp: In constructor ‘LaserMappingNode::LaserMappingNode(const rclcpp::NodeOptions&)’:
[21.234s] /home/seeed/ros2/ws/src/slam/fast_lio/src/laserMapping.cpp:914:96: error: lvalue required as decrement operand
[21.234s]   914 |         this->get_parameter_or<double>("preprocess.exclusion_max_x", p_pre->exclusion_max_x, --0.22);
[21.235s]       |                                                                                                ^~~~
[29.496s] In file included from /home/seeed/ros2/ws/src/slam/fast_lio/include/IKFoM_toolkit/esekfom/../mtk/types/SOn.hpp:83,
[29.496s]                  from /home/seeed/ros2/ws/src/slam/fast_lio/include/IKFoM_toolkit/esekfom/esekfom.hpp:49,
[29.496s]                  from /home/seeed/ros2/ws/src/slam/fast_lio/include/use-ikfom.hpp:4,
[29.497s]                  from /home/seeed/ros2/ws/src/slam/fast_lio/src/IMU_Processing.hpp:22,
[29.497s]                  from /home/seeed/ros2/ws/src/slam/fast_lio/src/laserMapping.cpp:47:
[29.497s] /home/seeed/ros2/ws/src/slam/fast_lio/include/IKFoM_toolkit/esekfom/../mtk/types/../src/mtkmath.hpp: In instantiation of ‘std::pair<_FIter, _FIter> MTK::cos_sinc_sqrt(const scalar&) [with scalar = double]’:
[29.497s] /home/seeed/ros2/ws/src/slam/fast_lio/include/IKFoM_toolkit/esekfom/../mtk/types/../src/mtkmath.hpp:252:52:   required from ‘scalar MTK::exp(MTK::vectview<scalar, dim>, MTK::vectview<const scalar, dim>, const scalar&) [with scalar = double; int n = 3]’
[29.498s] /home/seeed/ros2/ws/src/slam/fast_lio/include/IKFoM_toolkit/esekfom/../mtk/types/S2.hpp:140:32:   required from ‘void MTK::S2<_scalar, den, num, S2_typ>::boxplus(MTK::vectview<const _scalar, 2>, MTK::S2<_scalar, den, num, S2_typ>::scalar) [with _scalar = double; int den = 98090; int num = 10000; int S2_typ = 1; MTK::S2<_scalar, den, num, S2_typ>::scalar = double]’
[29.498s] /home/seeed/ros2/ws/src/slam/fast_lio/include/use-ikfom.hpp:12:1:   required from here
[29.498s] /home/seeed/ros2/ws/src/slam/fast_lio/include/IKFoM_toolkit/esekfom/../mtk/types/../src/mtkmath.hpp:143:27: note: parameter passing for argument of type ‘std::pair<double, double>’ when C++17 is enabled changed to match C++14 in GCC 10.1
[29.498s]   143 | std::pair<scalar, scalar> cos_sinc_sqrt(const scalar &x2){
[29.499s]       |                           ^~~~~~~~~~~~~
[100.972s] gmake[2]: *** [CMakeFiles/fastlio_mapping.dir/build.make:76：CMakeFiles/fastlio_mapping.dir/src/laserMapping.cpp.o] 错误 1
[100.972s] gmake[1]: *** [CMakeFiles/Makefile2:612：CMakeFiles/fastlio_mapping.dir/all] 错误 2
[100.973s] gmake: *** [Makefile:146：all] 错误 2
[100.979s] Invoked command in '/home/seeed/ros2/ws/build/fast_lio' returned '2': AMENT_PREFIX_PATH=/home/seeed/ros2/ws/install/livox_ros_driver2:${AMENT_PREFIX_PATH} CMAKE_PREFIX_PATH=/home/seeed/ros2/ws/install/livox_ros_driver2:/opt/ros/humble LD_LIBRARY_PATH=/home/seeed/ros2/ws/install/livox_ros_driver2/lib:${LD_LIBRARY_PATH} PYTHONPATH=/home/seeed/ros2/ws/install/livox_ros_driver2/local/lib/python3.10/dist-packages:${PYTHONPATH} /usr/local/bin/cmake --build /home/seeed/ros2/ws/build/fast_lio -- -j6 -l6
