[0.023s] Invoking command in '/home/seeed/ros2/ws/build/nav_tf_bridge': CMAKE_PREFIX_PATH=/opt/ros/humble /usr/local/bin/cmake /home/seeed/ros2/ws/src/nav_tf_bridge -DAMENT_CMAKE_SYMLINK_INSTALL=1 -DCMAKE_INSTALL_PREFIX=/home/seeed/ros2/ws/install/nav_tf_bridge
[0.073s] -- Found ament_cmake: 1.3.14 (/opt/ros/humble/share/ament_cmake/cmake)
[0.550s] -- Override CMake install command with custom implementation using symlinks instead of copying resources
[0.595s] -- Found geometry_msgs: 4.9.1 (/opt/ros/humble/share/geometry_msgs/cmake)
[0.695s] -- Found rosidl_generator_c: 3.1.8 (/opt/ros/humble/share/rosidl_generator_c/cmake)
[0.704s] -- Found rosidl_adapter: 3.1.8 (/opt/ros/humble/share/rosidl_adapter/cmake)
[0.726s] -- Found rosidl_generator_cpp: 3.1.8 (/opt/ros/humble/share/rosidl_generator_cpp/cmake)
[0.758s] -- Using all available rosidl_typesupport_c: rosidl_typesupport_fastrtps_c;rosidl_typesupport_introspection_c
[0.798s] -- Using all available rosidl_typesupport_cpp: rosidl_typesupport_fastrtps_cpp;rosidl_typesupport_introspection_cpp
[0.913s] -- Found nav_msgs: 4.9.1 (/opt/ros/humble/share/nav_msgs/cmake)
[0.963s] -- Found rclcpp: 16.0.19 (/opt/ros/humble/share/rclcpp/cmake)
[1.052s] -- Found rmw_implementation_cmake: 6.1.2 (/opt/ros/humble/share/rmw_implementation_cmake/cmake)
[1.056s] -- Found rmw_fastrtps_cpp: 6.2.10 (/opt/ros/humble/share/rmw_fastrtps_cpp/cmake)
[1.316s] -- Using RMW implementation 'rmw_fastrtps_cpp' as default
[1.440s] -- Found tf2: 0.25.20 (/opt/ros/humble/share/tf2/cmake)
[1.454s] -- Found tf2_geometry_msgs: 0.25.20 (/opt/ros/humble/share/tf2_geometry_msgs/cmake)
[1.466s] -- Found eigen3_cmake_module: 0.1.1 (/opt/ros/humble/share/eigen3_cmake_module/cmake)
[1.470s] -- Ensuring Eigen3 include directory is part of orocos-kdl CMake target
[1.920s] -- Configuring done (1.9s)
[1.975s] -- Generating done (0.0s)
[1.988s] -- Build files have been written to: /home/seeed/ros2/ws/build/nav_tf_bridge
[2.016s] Invoked command in '/home/seeed/ros2/ws/build/nav_tf_bridge' returned '0': CMAKE_PREFIX_PATH=/opt/ros/humble /usr/local/bin/cmake /home/seeed/ros2/ws/src/nav_tf_bridge -DAMENT_CMAKE_SYMLINK_INSTALL=1 -DCMAKE_INSTALL_PREFIX=/home/seeed/ros2/ws/install/nav_tf_bridge
[2.021s] Invoking command in '/home/seeed/ros2/ws/build/nav_tf_bridge': CMAKE_PREFIX_PATH=/opt/ros/humble /usr/local/bin/cmake --build /home/seeed/ros2/ws/build/nav_tf_bridge -- -j6 -l6
[2.106s] [ 50%] Building CXX object CMakeFiles/map_odom_tf_bridge.dir/src/map_odom_tf_bridge.cpp.o
[49.826s] [100%] Linking CXX executable map_odom_tf_bridge
[50.313s] [100%] Built target map_odom_tf_bridge
[50.321s] Invoked command in '/home/seeed/ros2/ws/build/nav_tf_bridge' returned '0': CMAKE_PREFIX_PATH=/opt/ros/humble /usr/local/bin/cmake --build /home/seeed/ros2/ws/build/nav_tf_bridge -- -j6 -l6
[50.330s] Invoking command in '/home/seeed/ros2/ws/build/nav_tf_bridge': CMAKE_PREFIX_PATH=/opt/ros/humble /usr/local/bin/cmake --install /home/seeed/ros2/ws/build/nav_tf_bridge
[50.335s] -- Install configuration: "Release"
[50.337s] -- Execute custom install script
[50.337s] -- Up-to-date symlink: /home/seeed/ros2/ws/install/nav_tf_bridge/lib/nav_tf_bridge/map_odom_tf_bridge
[50.338s] -- Up-to-date symlink: /home/seeed/ros2/ws/install/nav_tf_bridge/share/ament_index/resource_index/package_run_dependencies/nav_tf_bridge
[50.339s] -- Up-to-date symlink: /home/seeed/ros2/ws/install/nav_tf_bridge/share/ament_index/resource_index/parent_prefix_path/nav_tf_bridge
[50.340s] -- Up-to-date symlink: /home/seeed/ros2/ws/install/nav_tf_bridge/share/nav_tf_bridge/environment/ament_prefix_path.sh
[50.340s] -- Up-to-date symlink: /home/seeed/ros2/ws/install/nav_tf_bridge/share/nav_tf_bridge/environment/ament_prefix_path.dsv
[50.341s] -- Up-to-date symlink: /home/seeed/ros2/ws/install/nav_tf_bridge/share/nav_tf_bridge/environment/path.sh
[50.342s] -- Up-to-date symlink: /home/seeed/ros2/ws/install/nav_tf_bridge/share/nav_tf_bridge/environment/path.dsv
[50.343s] -- Up-to-date symlink: /home/seeed/ros2/ws/install/nav_tf_bridge/share/nav_tf_bridge/local_setup.bash
[50.343s] -- Up-to-date symlink: /home/seeed/ros2/ws/install/nav_tf_bridge/share/nav_tf_bridge/local_setup.sh
[50.343s] -- Up-to-date symlink: /home/seeed/ros2/ws/install/nav_tf_bridge/share/nav_tf_bridge/local_setup.zsh
[50.344s] -- Up-to-date symlink: /home/seeed/ros2/ws/install/nav_tf_bridge/share/nav_tf_bridge/local_setup.dsv
[50.344s] -- Symlinking: /home/seeed/ros2/ws/install/nav_tf_bridge/share/nav_tf_bridge/package.dsv
[50.349s] -- Up-to-date symlink: /home/seeed/ros2/ws/install/nav_tf_bridge/share/ament_index/resource_index/packages/nav_tf_bridge
[50.349s] -- Up-to-date symlink: /home/seeed/ros2/ws/install/nav_tf_bridge/share/nav_tf_bridge/cmake/nav_tf_bridgeConfig.cmake
[50.350s] -- Up-to-date symlink: /home/seeed/ros2/ws/install/nav_tf_bridge/share/nav_tf_bridge/cmake/nav_tf_bridgeConfig-version.cmake
[50.350s] -- Up-to-date symlink: /home/seeed/ros2/ws/install/nav_tf_bridge/share/nav_tf_bridge/package.xml
[50.353s] Invoked command in '/home/seeed/ros2/ws/build/nav_tf_bridge' returned '0': CMAKE_PREFIX_PATH=/opt/ros/humble /usr/local/bin/cmake --install /home/seeed/ros2/ws/build/nav_tf_bridge
