[0.000000] (-) TimerEvent: {}
[0.000259] (-) JobUnselected: {'identifier': 'fast_lio'}
[0.000555] (-) JobUnselected: {'identifier': 'livox_ros_driver2'}
[0.001076] (-) JobUnselected: {'identifier': 'ranger_base'}
[0.001374] (-) JobUnselected: {'identifier': 'ranger_bringup'}
[0.001688] (-) JobUnselected: {'identifier': 'ranger_msgs'}
[0.001813] (-) JobUnselected: {'identifier': 'ugv_sdk'}
[0.001894] (-) JobUnselected: {'identifier': 'vikit_common'}
[0.001969] (-) JobUnselected: {'identifier': 'vikit_ros'}
[0.002116] (pcd_ndt_localization) JobQueued: {'identifier': 'pcd_ndt_localization', 'dependencies': OrderedDict()}
[0.002240] (pcd_ndt_localization) JobStarted: {'identifier': 'pcd_ndt_localization'}
[0.017998] (pcd_ndt_localization) JobProgress: {'identifier': 'pcd_ndt_localization', 'progress': 'cmake'}
[0.021847] (pcd_ndt_localization) Command: {'cmd': ['/usr/local/bin/cmake', '/home/seeed/ros2/ws/src/localization/pcd_ndt_localization', '-DCMAKE_BUILD_TYPE=Release', '-DAMENT_CMAKE_SYMLINK_INSTALL=1', '-DCMAKE_INSTALL_PREFIX=/home/seeed/ros2/ws/install/pcd_ndt_localization'], 'cwd': '/home/seeed/ros2/ws/build/pcd_ndt_localization', 'env': OrderedDict([('LANGUAGE', 'zh_CN:en'), ('USER', 'seeed'), ('SSH_CLIENT', '10.200.24.83 57609 22'), ('LC_TIME', 'zh_CN.UTF-8'), ('XDG_SESSION_TYPE', 'tty'), ('SHLVL', '0'), ('LD_LIBRARY_PATH', '/opt/ros/humble/opt/rviz_ogre_vendor/lib:/opt/ros/humble/lib/aarch64-linux-gnu:/opt/ros/humble/lib'), ('MOTD_SHOWN', 'pam'), ('HOME', '/home/seeed'), ('OLDPWD', '/home/seeed'), ('ROS_PYTHON_VERSION', '3'), ('LC_MONETARY', 'zh_CN.UTF-8'), ('LC_CTYPE', 'C.UTF-8'), ('DBUS_SESSION_BUS_ADDRESS', 'unix:path=/run/user/1000/bus'), ('ROS_DISTRO', 'humble'), ('LOGNAME', 'seeed'), ('_', '/usr/bin/colcon'), ('ROS_VERSION', '2'), ('XDG_SESSION_CLASS', 'user'), ('XDG_SESSION_ID', '90'), ('ROS_LOCALHOST_ONLY', '0'), ('PATH', '/opt/ros/humble/bin:/usr/local/sbin:/usr/local/bin:/usr/sbin:/usr/bin:/sbin:/bin:/usr/games:/usr/local/games:/snap/bin'), ('PAPERSIZE', 'a4'), ('LC_ADDRESS', 'zh_CN.UTF-8'), ('XDG_RUNTIME_DIR', '/run/user/1000'), ('DISPLAY', 'localhost:15.0'), ('LANG', 'zh_CN.UTF-8'), ('LC_TELEPHONE', 'zh_CN.UTF-8'), ('AMENT_PREFIX_PATH', '/opt/ros/humble'), ('SHELL', '/bin/bash'), ('LC_NAME', 'zh_CN.UTF-8'), ('LC_MEASUREMENT', 'zh_CN.UTF-8'), ('LC_IDENTIFICATION', 'zh_CN.UTF-8'), ('PWD', '/home/seeed/ros2/ws/build/pcd_ndt_localization'), ('LC_ALL', 'en_US.UTF-8'), ('SSH_CONNECTION', '10.200.24.83 57609 10.200.54.207 22'), ('PYTHONPATH', '/opt/ros/humble/lib/python3.10/site-packages:/opt/ros/humble/local/lib/python3.10/dist-packages'), ('LC_NUMERIC', 'zh_CN.UTF-8'), ('LC_PAPER', 'zh_CN.UTF-8'), ('COLCON', '1'), ('CMAKE_PREFIX_PATH', '/opt/ros/humble')]), 'shell': False}
[0.057096] (pcd_ndt_localization) StdoutLine: {'line': b'-- Found ament_cmake: 1.3.14 (/opt/ros/humble/share/ament_cmake/cmake)\n'}
[0.099205] (-) TimerEvent: {}
[0.199567] (-) TimerEvent: {}
[0.299934] (-) TimerEvent: {}
[0.400301] (-) TimerEvent: {}
[0.500665] (-) TimerEvent: {}
[0.561498] (pcd_ndt_localization) StdoutLine: {'line': b'-- Override CMake install command with custom implementation using symlinks instead of copying resources\n'}
[0.595535] (pcd_ndt_localization) StdoutLine: {'line': b'-- Found geometry_msgs: 4.9.1 (/opt/ros/humble/share/geometry_msgs/cmake)\n'}
[0.600876] (-) TimerEvent: {}
[0.685039] (pcd_ndt_localization) StdoutLine: {'line': b'-- Found rosidl_generator_c: 3.1.8 (/opt/ros/humble/share/rosidl_generator_c/cmake)\n'}
[0.693435] (pcd_ndt_localization) StdoutLine: {'line': b'-- Found rosidl_adapter: 3.1.8 (/opt/ros/humble/share/rosidl_adapter/cmake)\n'}
[0.701023] (-) TimerEvent: {}
[0.712961] (pcd_ndt_localization) StdoutLine: {'line': b'-- Found rosidl_generator_cpp: 3.1.8 (/opt/ros/humble/share/rosidl_generator_cpp/cmake)\n'}
[0.744075] (pcd_ndt_localization) StdoutLine: {'line': b'-- Using all available rosidl_typesupport_c: rosidl_typesupport_fastrtps_c;rosidl_typesupport_introspection_c\n'}
[0.784063] (pcd_ndt_localization) StdoutLine: {'line': b'-- Using all available rosidl_typesupport_cpp: rosidl_typesupport_fastrtps_cpp;rosidl_typesupport_introspection_cpp\n'}
[0.801193] (-) TimerEvent: {}
[0.896920] (pcd_ndt_localization) StdoutLine: {'line': b'-- Found nav_msgs: 4.9.1 (/opt/ros/humble/share/nav_msgs/cmake)\n'}
[0.901313] (-) TimerEvent: {}
[0.965464] (pcd_ndt_localization) StderrLine: {'line': b'CMake Warning (dev) at /usr/lib/aarch64-linux-gnu/cmake/pcl/PCLConfig.cmake:146 (find_package):\n'}
[0.965993] (pcd_ndt_localization) StderrLine: {'line': b'  Policy CMP0144 is not set: find_package uses upper-case <PACKAGENAME>_ROOT\n'}
[0.966168] (pcd_ndt_localization) StderrLine: {'line': b'  variables.  Run "cmake --help-policy CMP0144" for policy details.  Use the\n'}
[0.966315] (pcd_ndt_localization) StderrLine: {'line': b'  cmake_policy command to set the policy and suppress this warning.\n'}
[0.966453] (pcd_ndt_localization) StderrLine: {'line': b'\n'}
[0.966584] (pcd_ndt_localization) StderrLine: {'line': b'  CMake variable EIGEN_ROOT is set to:\n'}
[0.966713] (pcd_ndt_localization) StderrLine: {'line': b'\n'}
[0.966835] (pcd_ndt_localization) StderrLine: {'line': b'    /usr/include/eigen3\n'}
[0.966956] (pcd_ndt_localization) StderrLine: {'line': b'\n'}
[0.967074] (pcd_ndt_localization) StderrLine: {'line': b'  For compatibility, find_package is ignoring the variable, but code in a\n'}
[0.967197] (pcd_ndt_localization) StderrLine: {'line': b'  .cmake module might still use it.\n'}
[0.967315] (pcd_ndt_localization) StderrLine: {'line': b'Call Stack (most recent call first):\n'}
[0.967466] (pcd_ndt_localization) StderrLine: {'line': b'  /usr/lib/aarch64-linux-gnu/cmake/pcl/PCLConfig.cmake:299 (find_eigen)\n'}
[0.967598] (pcd_ndt_localization) StderrLine: {'line': b'  /usr/lib/aarch64-linux-gnu/cmake/pcl/PCLConfig.cmake:543 (find_external_library)\n'}
[0.967718] (pcd_ndt_localization) StderrLine: {'line': b'  CMakeLists.txt:12 (find_package)\n'}
[0.967833] (pcd_ndt_localization) StderrLine: {'line': b'This warning is for project developers.  Use -Wno-dev to suppress it.\n'}
[0.967952] (pcd_ndt_localization) StderrLine: {'line': b'\n'}
[0.976726] (pcd_ndt_localization) StdoutLine: {'line': b'-- Eigen found (include: /usr/include/eigen3, version: 3.4.0)\n'}
[1.001506] (-) TimerEvent: {}
[1.007520] (pcd_ndt_localization) StderrLine: {'line': b'CMake Warning (dev) at /usr/lib/aarch64-linux-gnu/cmake/pcl/Modules/FindFLANN.cmake:44 (find_package):\n'}
[1.007935] (pcd_ndt_localization) StderrLine: {'line': b'  Policy CMP0144 is not set: find_package uses upper-case <PACKAGENAME>_ROOT\n'}
[1.008096] (pcd_ndt_localization) StderrLine: {'line': b'  variables.  Run "cmake --help-policy CMP0144" for policy details.  Use the\n'}
[1.008235] (pcd_ndt_localization) StderrLine: {'line': b'  cmake_policy command to set the policy and suppress this warning.\n'}
[1.008366] (pcd_ndt_localization) StderrLine: {'line': b'\n'}
[1.008493] (pcd_ndt_localization) StderrLine: {'line': b'  CMake variable FLANN_ROOT is set to:\n'}
[1.008616] (pcd_ndt_localization) StderrLine: {'line': b'\n'}
[1.008737] (pcd_ndt_localization) StderrLine: {'line': b'    /usr\n'}
[1.008871] (pcd_ndt_localization) StderrLine: {'line': b'\n'}
[1.008993] (pcd_ndt_localization) StderrLine: {'line': b'  For compatibility, find_package is ignoring the variable, but code in a\n'}
[1.009115] (pcd_ndt_localization) StderrLine: {'line': b'  .cmake module might still use it.\n'}
[1.009235] (pcd_ndt_localization) StderrLine: {'line': b'Call Stack (most recent call first):\n'}
[1.009352] (pcd_ndt_localization) StderrLine: {'line': b'  /usr/lib/aarch64-linux-gnu/cmake/pcl/PCLConfig.cmake:256 (find_package)\n'}
[1.009470] (pcd_ndt_localization) StderrLine: {'line': b'  /usr/lib/aarch64-linux-gnu/cmake/pcl/PCLConfig.cmake:301 (find_flann)\n'}
[1.009589] (pcd_ndt_localization) StderrLine: {'line': b'  /usr/lib/aarch64-linux-gnu/cmake/pcl/PCLConfig.cmake:543 (find_external_library)\n'}
[1.009708] (pcd_ndt_localization) StderrLine: {'line': b'  CMakeLists.txt:12 (find_package)\n'}
[1.009827] (pcd_ndt_localization) StderrLine: {'line': b'This warning is for project developers.  Use -Wno-dev to suppress it.\n'}
[1.009984] (pcd_ndt_localization) StderrLine: {'line': b'\n'}
[1.060649] (pcd_ndt_localization) StdoutLine: {'line': b'-- FLANN found (include: /usr/include, lib: /usr/lib/aarch64-linux-gnu/libflann_cpp.so)\n'}
[1.088824] (pcd_ndt_localization) StdoutLine: {'line': b'-- OpenNI found (version: 1.5.4.0, include: /usr/include/ni, lib: /usr/lib/libOpenNI.so;libusb::libusb)\n'}
[1.101677] (-) TimerEvent: {}
[1.102353] (pcd_ndt_localization) StdoutLine: {'line': b'-- OpenNI2 found (version: 2.2.0.33, include: /usr/include/openni2, lib: /usr/lib/aarch64-linux-gnu/libOpenNI2.so;libusb::libusb)\n'}
[1.102935] (pcd_ndt_localization) StderrLine: {'line': b'** WARNING ** io features related to pcap will be disabled\n'}
[1.103114] (pcd_ndt_localization) StderrLine: {'line': b'** WARNING ** io features related to png will be disabled\n'}
[1.201852] (-) TimerEvent: {}
[1.302257] (-) TimerEvent: {}
[1.402667] (-) TimerEvent: {}
[1.503090] (-) TimerEvent: {}
[1.603531] (-) TimerEvent: {}
[1.703931] (-) TimerEvent: {}
[1.804325] (-) TimerEvent: {}
[1.904730] (-) TimerEvent: {}
[2.005139] (-) TimerEvent: {}
[2.035304] (pcd_ndt_localization) StdoutLine: {'line': b'-- Eigen found (include: /usr/include/eigen3, version: 3.4.0)\n'}
[2.105347] (-) TimerEvent: {}
[2.205813] (-) TimerEvent: {}
[2.306255] (-) TimerEvent: {}
[2.406674] (-) TimerEvent: {}
[2.507107] (-) TimerEvent: {}
[2.607544] (-) TimerEvent: {}
[2.707952] (-) TimerEvent: {}
[2.808359] (-) TimerEvent: {}
[2.908774] (-) TimerEvent: {}
[3.009199] (-) TimerEvent: {}
[3.109629] (-) TimerEvent: {}
[3.126940] (pcd_ndt_localization) StdoutLine: {'line': b'-- looking for PCL_COMMON\n'}
[3.127960] (pcd_ndt_localization) StdoutLine: {'line': b'-- looking for PCL_KDTREE\n'}
[3.128891] (pcd_ndt_localization) StdoutLine: {'line': b'-- looking for PCL_OCTREE\n'}
[3.129811] (pcd_ndt_localization) StdoutLine: {'line': b'-- looking for PCL_SEARCH\n'}
[3.130873] (pcd_ndt_localization) StdoutLine: {'line': b'-- looking for PCL_SAMPLE_CONSENSUS\n'}
[3.131739] (pcd_ndt_localization) StdoutLine: {'line': b'-- looking for PCL_FILTERS\n'}
[3.132904] (pcd_ndt_localization) StdoutLine: {'line': b'-- looking for PCL_IO\n'}
[3.134027] (pcd_ndt_localization) StdoutLine: {'line': b'-- looking for PCL_2D\n'}
[3.134921] (pcd_ndt_localization) StdoutLine: {'line': b'-- looking for PCL_FEATURES\n'}
[3.136141] (pcd_ndt_localization) StdoutLine: {'line': b'-- looking for PCL_REGISTRATION\n'}
[3.142460] (pcd_ndt_localization) StdoutLine: {'line': b'-- Found pcl_conversions: 2.4.5 (/opt/ros/humble/share/pcl_conversions/cmake)\n'}
[3.209810] (-) TimerEvent: {}
[3.245028] (pcd_ndt_localization) StdoutLine: {'line': b'-- Found rmw_implementation_cmake: 6.1.2 (/opt/ros/humble/share/rmw_implementation_cmake/cmake)\n'}
[3.249156] (pcd_ndt_localization) StdoutLine: {'line': b'-- Found rmw_fastrtps_cpp: 6.2.10 (/opt/ros/humble/share/rmw_fastrtps_cpp/cmake)\n'}
[3.310000] (-) TimerEvent: {}
[3.410443] (-) TimerEvent: {}
[3.510861] (-) TimerEvent: {}
[3.512878] (pcd_ndt_localization) StdoutLine: {'line': b"-- Using RMW implementation 'rmw_fastrtps_cpp' as default\n"}
[3.611034] (-) TimerEvent: {}
[3.711464] (-) TimerEvent: {}
[3.755606] (pcd_ndt_localization) StdoutLine: {'line': b'-- Found tf2: 0.25.20 (/opt/ros/humble/share/tf2/cmake)\n'}
[3.769065] (pcd_ndt_localization) StdoutLine: {'line': b'-- Found tf2_eigen: 0.25.20 (/opt/ros/humble/share/tf2_eigen/cmake)\n'}
[3.811620] (-) TimerEvent: {}
[3.912081] (-) TimerEvent: {}
[4.012471] (-) TimerEvent: {}
[4.015010] (pcd_ndt_localization) StdoutLine: {'line': b'-- Found visualization_msgs: 4.9.1 (/opt/ros/humble/share/visualization_msgs/cmake)\n'}
[4.112656] (-) TimerEvent: {}
[4.213036] (-) TimerEvent: {}
[4.310655] (pcd_ndt_localization) StdoutLine: {'line': b'-- Configuring done (4.3s)\n'}
[4.313469] (-) TimerEvent: {}
[4.413908] (-) TimerEvent: {}
[4.472729] (pcd_ndt_localization) StdoutLine: {'line': b'-- Generating done (0.1s)\n'}
[4.496923] (pcd_ndt_localization) StdoutLine: {'line': b'-- Build files have been written to: /home/seeed/ros2/ws/build/pcd_ndt_localization\n'}
[4.514093] (-) TimerEvent: {}
[4.543177] (pcd_ndt_localization) CommandEnded: {'returncode': 0}
[4.545269] (pcd_ndt_localization) JobProgress: {'identifier': 'pcd_ndt_localization', 'progress': 'build'}
[4.548368] (pcd_ndt_localization) Command: {'cmd': ['/usr/local/bin/cmake', '--build', '/home/seeed/ros2/ws/build/pcd_ndt_localization', '--', '-j6', '-l6'], 'cwd': '/home/seeed/ros2/ws/build/pcd_ndt_localization', 'env': OrderedDict([('LANGUAGE', 'zh_CN:en'), ('USER', 'seeed'), ('SSH_CLIENT', '10.200.24.83 57609 22'), ('LC_TIME', 'zh_CN.UTF-8'), ('XDG_SESSION_TYPE', 'tty'), ('SHLVL', '0'), ('LD_LIBRARY_PATH', '/opt/ros/humble/opt/rviz_ogre_vendor/lib:/opt/ros/humble/lib/aarch64-linux-gnu:/opt/ros/humble/lib'), ('MOTD_SHOWN', 'pam'), ('HOME', '/home/seeed'), ('OLDPWD', '/home/seeed'), ('ROS_PYTHON_VERSION', '3'), ('LC_MONETARY', 'zh_CN.UTF-8'), ('LC_CTYPE', 'C.UTF-8'), ('DBUS_SESSION_BUS_ADDRESS', 'unix:path=/run/user/1000/bus'), ('ROS_DISTRO', 'humble'), ('LOGNAME', 'seeed'), ('_', '/usr/bin/colcon'), ('ROS_VERSION', '2'), ('XDG_SESSION_CLASS', 'user'), ('XDG_SESSION_ID', '90'), ('ROS_LOCALHOST_ONLY', '0'), ('PATH', '/opt/ros/humble/bin:/usr/local/sbin:/usr/local/bin:/usr/sbin:/usr/bin:/sbin:/bin:/usr/games:/usr/local/games:/snap/bin'), ('PAPERSIZE', 'a4'), ('LC_ADDRESS', 'zh_CN.UTF-8'), ('XDG_RUNTIME_DIR', '/run/user/1000'), ('DISPLAY', 'localhost:15.0'), ('LANG', 'zh_CN.UTF-8'), ('LC_TELEPHONE', 'zh_CN.UTF-8'), ('AMENT_PREFIX_PATH', '/opt/ros/humble'), ('SHELL', '/bin/bash'), ('LC_NAME', 'zh_CN.UTF-8'), ('LC_MEASUREMENT', 'zh_CN.UTF-8'), ('LC_IDENTIFICATION', 'zh_CN.UTF-8'), ('PWD', '/home/seeed/ros2/ws/build/pcd_ndt_localization'), ('LC_ALL', 'en_US.UTF-8'), ('SSH_CONNECTION', '10.200.24.83 57609 10.200.54.207 22'), ('PYTHONPATH', '/opt/ros/humble/lib/python3.10/site-packages:/opt/ros/humble/local/lib/python3.10/dist-packages'), ('LC_NUMERIC', 'zh_CN.UTF-8'), ('LC_PAPER', 'zh_CN.UTF-8'), ('COLCON', '1'), ('CMAKE_PREFIX_PATH', '/opt/ros/humble')]), 'shell': False}
[4.614282] (-) TimerEvent: {}
[4.685847] (pcd_ndt_localization) StdoutLine: {'line': b'[ 25%] Linking CXX executable pcd_occupancy_grid_publisher\n'}
[4.689795] (pcd_ndt_localization) StdoutLine: {'line': b'[ 50%] Building CXX object CMakeFiles/pcd_ndt_localizer.dir/src/pcd_ndt_localizer.cpp.o\n'}
[4.714444] (-) TimerEvent: {}
[4.814840] (-) TimerEvent: {}
[4.915253] (-) TimerEvent: {}
[5.015684] (-) TimerEvent: {}
[5.116091] (-) TimerEvent: {}
[5.216502] (-) TimerEvent: {}
[5.316891] (-) TimerEvent: {}
[5.417284] (-) TimerEvent: {}
[5.517689] (-) TimerEvent: {}
[5.618052] (-) TimerEvent: {}
[5.629812] (pcd_ndt_localization) StdoutLine: {'line': b'[ 75%] Built target pcd_occupancy_grid_publisher\n'}
[5.718231] (-) TimerEvent: {}
[5.818619] (-) TimerEvent: {}
[5.919009] (-) TimerEvent: {}
[6.019400] (-) TimerEvent: {}
[6.119799] (-) TimerEvent: {}
[6.220204] (-) TimerEvent: {}
[6.320613] (-) TimerEvent: {}
[6.421017] (-) TimerEvent: {}
[6.521432] (-) TimerEvent: {}
[6.621854] (-) TimerEvent: {}
[6.722264] (-) TimerEvent: {}
[6.822665] (-) TimerEvent: {}
[6.923075] (-) TimerEvent: {}
[7.023506] (-) TimerEvent: {}
[7.123913] (-) TimerEvent: {}
[7.224319] (-) TimerEvent: {}
[7.324725] (-) TimerEvent: {}
[7.425133] (-) TimerEvent: {}
[7.525541] (-) TimerEvent: {}
[7.625950] (-) TimerEvent: {}
[7.726341] (-) TimerEvent: {}
[7.826722] (-) TimerEvent: {}
[7.927117] (-) TimerEvent: {}
[8.027523] (-) TimerEvent: {}
[8.127905] (-) TimerEvent: {}
[8.228285] (-) TimerEvent: {}
[8.328680] (-) TimerEvent: {}
[8.429083] (-) TimerEvent: {}
[8.529479] (-) TimerEvent: {}
[8.629859] (-) TimerEvent: {}
[8.730255] (-) TimerEvent: {}
[8.830650] (-) TimerEvent: {}
[8.931120] (-) TimerEvent: {}
[9.031564] (-) TimerEvent: {}
[9.131963] (-) TimerEvent: {}
[9.232387] (-) TimerEvent: {}
[9.332819] (-) TimerEvent: {}
[9.433251] (-) TimerEvent: {}
[9.533665] (-) TimerEvent: {}
[9.634076] (-) TimerEvent: {}
[9.734463] (-) TimerEvent: {}
[9.834871] (-) TimerEvent: {}
[9.935285] (-) TimerEvent: {}
[10.035715] (-) TimerEvent: {}
[10.136141] (-) TimerEvent: {}
[10.236556] (-) TimerEvent: {}
[10.336968] (-) TimerEvent: {}
[10.437425] (-) TimerEvent: {}
[10.537880] (-) TimerEvent: {}
[10.638348] (-) TimerEvent: {}
[10.738749] (-) TimerEvent: {}
[10.839187] (-) TimerEvent: {}
[10.939675] (-) TimerEvent: {}
[11.040117] (-) TimerEvent: {}
[11.140540] (-) TimerEvent: {}
[11.240950] (-) TimerEvent: {}
[11.341408] (-) TimerEvent: {}
[11.441917] (-) TimerEvent: {}
[11.542360] (-) TimerEvent: {}
[11.642774] (-) TimerEvent: {}
[11.743203] (-) TimerEvent: {}
[11.843780] (-) TimerEvent: {}
[11.944219] (-) TimerEvent: {}
[12.044638] (-) TimerEvent: {}
[12.145091] (-) TimerEvent: {}
[12.245575] (-) TimerEvent: {}
[12.346036] (-) TimerEvent: {}
[12.446429] (-) TimerEvent: {}
[12.546856] (-) TimerEvent: {}
[12.647321] (-) TimerEvent: {}
[12.747790] (-) TimerEvent: {}
[12.848219] (-) TimerEvent: {}
[12.948662] (-) TimerEvent: {}
[13.049110] (-) TimerEvent: {}
[13.149703] (-) TimerEvent: {}
[13.250144] (-) TimerEvent: {}
[13.350570] (-) TimerEvent: {}
[13.451036] (-) TimerEvent: {}
[13.551671] (-) TimerEvent: {}
[13.652224] (-) TimerEvent: {}
[13.752698] (-) TimerEvent: {}
[13.853164] (-) TimerEvent: {}
[13.953817] (-) TimerEvent: {}
[14.054313] (-) TimerEvent: {}
[14.154752] (-) TimerEvent: {}
[14.255262] (-) TimerEvent: {}
[14.355786] (-) TimerEvent: {}
[14.456317] (-) TimerEvent: {}
[14.556751] (-) TimerEvent: {}
[14.657231] (-) TimerEvent: {}
[14.757741] (-) TimerEvent: {}
[14.858208] (-) TimerEvent: {}
[14.958688] (-) TimerEvent: {}
[15.059152] (-) TimerEvent: {}
[15.159602] (-) TimerEvent: {}
[15.260066] (-) TimerEvent: {}
[15.360547] (-) TimerEvent: {}
[15.461018] (-) TimerEvent: {}
[15.561517] (-) TimerEvent: {}
[15.661972] (-) TimerEvent: {}
[15.762446] (-) TimerEvent: {}
[15.862918] (-) TimerEvent: {}
[15.963393] (-) TimerEvent: {}
[16.063884] (-) TimerEvent: {}
[16.164363] (-) TimerEvent: {}
[16.264846] (-) TimerEvent: {}
[16.365299] (-) TimerEvent: {}
[16.465709] (-) TimerEvent: {}
[16.566143] (-) TimerEvent: {}
[16.666560] (-) TimerEvent: {}
[16.766970] (-) TimerEvent: {}
[16.867399] (-) TimerEvent: {}
[16.967890] (-) TimerEvent: {}
[17.068361] (-) TimerEvent: {}
[17.168831] (-) TimerEvent: {}
[17.269299] (-) TimerEvent: {}
[17.369757] (-) TimerEvent: {}
[17.470212] (-) TimerEvent: {}
[17.570681] (-) TimerEvent: {}
[17.671112] (-) TimerEvent: {}
[17.771603] (-) TimerEvent: {}
[17.872080] (-) TimerEvent: {}
[17.972562] (-) TimerEvent: {}
[18.073035] (-) TimerEvent: {}
[18.173509] (-) TimerEvent: {}
[18.273985] (-) TimerEvent: {}
[18.374467] (-) TimerEvent: {}
[18.474983] (-) TimerEvent: {}
[18.575561] (-) TimerEvent: {}
[18.676044] (-) TimerEvent: {}
[18.776569] (-) TimerEvent: {}
[18.877040] (-) TimerEvent: {}
[18.977676] (-) TimerEvent: {}
[19.078145] (-) TimerEvent: {}
[19.178613] (-) TimerEvent: {}
[19.279148] (-) TimerEvent: {}
[19.379691] (-) TimerEvent: {}
[19.480172] (-) TimerEvent: {}
[19.580647] (-) TimerEvent: {}
[19.681137] (-) TimerEvent: {}
[19.781624] (-) TimerEvent: {}
[19.882349] (-) TimerEvent: {}
[19.982818] (-) TimerEvent: {}
[20.083264] (-) TimerEvent: {}
[20.183747] (-) TimerEvent: {}
[20.284150] (-) TimerEvent: {}
[20.384758] (-) TimerEvent: {}
[20.485219] (-) TimerEvent: {}
[20.585683] (-) TimerEvent: {}
[20.686148] (-) TimerEvent: {}
[20.786790] (-) TimerEvent: {}
[20.887315] (-) TimerEvent: {}
[20.987795] (-) TimerEvent: {}
[21.088271] (-) TimerEvent: {}
[21.188781] (-) TimerEvent: {}
[21.289211] (-) TimerEvent: {}
[21.389719] (-) TimerEvent: {}
[21.490233] (-) TimerEvent: {}
[21.590709] (-) TimerEvent: {}
[21.691191] (-) TimerEvent: {}
[21.791746] (-) TimerEvent: {}
[21.892261] (-) TimerEvent: {}
[21.992782] (-) TimerEvent: {}
[22.093261] (-) TimerEvent: {}
[22.193726] (-) TimerEvent: {}
[22.294170] (-) TimerEvent: {}
[22.394613] (-) TimerEvent: {}
[22.495026] (-) TimerEvent: {}
[22.595518] (-) TimerEvent: {}
[22.695971] (-) TimerEvent: {}
[22.796452] (-) TimerEvent: {}
[22.896929] (-) TimerEvent: {}
[22.997432] (-) TimerEvent: {}
[23.098023] (-) TimerEvent: {}
[23.198515] (-) TimerEvent: {}
[23.299132] (-) TimerEvent: {}
[23.399565] (-) TimerEvent: {}
[23.499999] (-) TimerEvent: {}
[23.600506] (-) TimerEvent: {}
[23.701117] (-) TimerEvent: {}
[23.801749] (-) TimerEvent: {}
[23.902223] (-) TimerEvent: {}
[24.002706] (-) TimerEvent: {}
[24.103180] (-) TimerEvent: {}
[24.203739] (-) TimerEvent: {}
[24.304271] (-) TimerEvent: {}
[24.404748] (-) TimerEvent: {}
[24.505265] (-) TimerEvent: {}
[24.605753] (-) TimerEvent: {}
[24.706241] (-) TimerEvent: {}
[24.806719] (-) TimerEvent: {}
[24.907195] (-) TimerEvent: {}
[25.007715] (-) TimerEvent: {}
[25.108181] (-) TimerEvent: {}
[25.208660] (-) TimerEvent: {}
[25.309145] (-) TimerEvent: {}
[25.409610] (-) TimerEvent: {}
[25.510081] (-) TimerEvent: {}
[25.610553] (-) TimerEvent: {}
[25.711034] (-) TimerEvent: {}
[25.811538] (-) TimerEvent: {}
[25.912010] (-) TimerEvent: {}
[26.012491] (-) TimerEvent: {}
[26.112967] (-) TimerEvent: {}
[26.213445] (-) TimerEvent: {}
[26.313914] (-) TimerEvent: {}
[26.414382] (-) TimerEvent: {}
[26.514831] (-) TimerEvent: {}
[26.615287] (-) TimerEvent: {}
[26.715940] (-) TimerEvent: {}
[26.816662] (-) TimerEvent: {}
[26.917115] (-) TimerEvent: {}
[27.017540] (-) TimerEvent: {}
[27.117997] (-) TimerEvent: {}
[27.218487] (-) TimerEvent: {}
[27.318962] (-) TimerEvent: {}
[27.419447] (-) TimerEvent: {}
[27.519895] (-) TimerEvent: {}
[27.620372] (-) TimerEvent: {}
[27.720836] (-) TimerEvent: {}
[27.821307] (-) TimerEvent: {}
[27.921836] (-) TimerEvent: {}
[28.022532] (-) TimerEvent: {}
[28.122993] (-) TimerEvent: {}
[28.223688] (-) TimerEvent: {}
[28.324246] (-) TimerEvent: {}
[28.424750] (-) TimerEvent: {}
[28.525257] (-) TimerEvent: {}
[28.625785] (-) TimerEvent: {}
[28.726274] (-) TimerEvent: {}
[28.826742] (-) TimerEvent: {}
[28.927253] (-) TimerEvent: {}
[29.027805] (-) TimerEvent: {}
[29.128282] (-) TimerEvent: {}
[29.228738] (-) TimerEvent: {}
[29.329203] (-) TimerEvent: {}
[29.429670] (-) TimerEvent: {}
[29.530123] (-) TimerEvent: {}
[29.630595] (-) TimerEvent: {}
[29.731051] (-) TimerEvent: {}
[29.831531] (-) TimerEvent: {}
[29.932129] (-) TimerEvent: {}
[30.032647] (-) TimerEvent: {}
[30.133090] (-) TimerEvent: {}
[30.233502] (-) TimerEvent: {}
[30.333897] (-) TimerEvent: {}
[30.434349] (-) TimerEvent: {}
[30.534846] (-) TimerEvent: {}
[30.635372] (-) TimerEvent: {}
[30.735907] (-) TimerEvent: {}
[30.836332] (-) TimerEvent: {}
[30.936757] (-) TimerEvent: {}
[31.037190] (-) TimerEvent: {}
[31.137627] (-) TimerEvent: {}
[31.238056] (-) TimerEvent: {}
[31.338474] (-) TimerEvent: {}
[31.438907] (-) TimerEvent: {}
[31.539316] (-) TimerEvent: {}
[31.639833] (-) TimerEvent: {}
[31.740291] (-) TimerEvent: {}
[31.840743] (-) TimerEvent: {}
[31.941186] (-) TimerEvent: {}
[32.041629] (-) TimerEvent: {}
[32.142067] (-) TimerEvent: {}
[32.242513] (-) TimerEvent: {}
[32.342942] (-) TimerEvent: {}
[32.443436] (-) TimerEvent: {}
[32.543947] (-) TimerEvent: {}
[32.644440] (-) TimerEvent: {}
[32.744889] (-) TimerEvent: {}
[32.845340] (-) TimerEvent: {}
[32.945901] (-) TimerEvent: {}
[33.046378] (-) TimerEvent: {}
[33.146862] (-) TimerEvent: {}
[33.247384] (-) TimerEvent: {}
[33.347894] (-) TimerEvent: {}
[33.448421] (-) TimerEvent: {}
[33.548863] (-) TimerEvent: {}
[33.649289] (-) TimerEvent: {}
[33.749817] (-) TimerEvent: {}
[33.850391] (-) TimerEvent: {}
[33.950796] (-) TimerEvent: {}
[34.051221] (-) TimerEvent: {}
[34.151822] (-) TimerEvent: {}
[34.252298] (-) TimerEvent: {}
[34.352749] (-) TimerEvent: {}
[34.453199] (-) TimerEvent: {}
[34.553707] (-) TimerEvent: {}
[34.654296] (-) TimerEvent: {}
[34.754862] (-) TimerEvent: {}
[34.855369] (-) TimerEvent: {}
[34.955920] (-) TimerEvent: {}
[35.056345] (-) TimerEvent: {}
[35.156781] (-) TimerEvent: {}
[35.257253] (-) TimerEvent: {}
[35.357799] (-) TimerEvent: {}
[35.458312] (-) TimerEvent: {}
[35.558729] (-) TimerEvent: {}
[35.659135] (-) TimerEvent: {}
[35.759579] (-) TimerEvent: {}
[35.860015] (-) TimerEvent: {}
[35.960475] (-) TimerEvent: {}
[36.060946] (-) TimerEvent: {}
[36.161410] (-) TimerEvent: {}
[36.261882] (-) TimerEvent: {}
[36.362358] (-) TimerEvent: {}
[36.462842] (-) TimerEvent: {}
[36.563319] (-) TimerEvent: {}
[36.663816] (-) TimerEvent: {}
[36.764318] (-) TimerEvent: {}
[36.864851] (-) TimerEvent: {}
[36.965368] (-) TimerEvent: {}
[37.065877] (-) TimerEvent: {}
[37.166293] (-) TimerEvent: {}
[37.267018] (-) TimerEvent: {}
[37.367481] (-) TimerEvent: {}
[37.467954] (-) TimerEvent: {}
[37.568449] (-) TimerEvent: {}
[37.668938] (-) TimerEvent: {}
[37.769385] (-) TimerEvent: {}
[37.869849] (-) TimerEvent: {}
[37.970318] (-) TimerEvent: {}
[38.070748] (-) TimerEvent: {}
[38.171154] (-) TimerEvent: {}
[38.271577] (-) TimerEvent: {}
[38.372076] (-) TimerEvent: {}
[38.472500] (-) TimerEvent: {}
[38.572923] (-) TimerEvent: {}
[38.673408] (-) TimerEvent: {}
[38.773928] (-) TimerEvent: {}
[38.874422] (-) TimerEvent: {}
[38.974891] (-) TimerEvent: {}
[39.075475] (-) TimerEvent: {}
[39.175976] (-) TimerEvent: {}
[39.276470] (-) TimerEvent: {}
[39.376935] (-) TimerEvent: {}
[39.477465] (-) TimerEvent: {}
[39.578012] (-) TimerEvent: {}
[39.678529] (-) TimerEvent: {}
[39.779033] (-) TimerEvent: {}
[39.879569] (-) TimerEvent: {}
[39.980045] (-) TimerEvent: {}
[40.080518] (-) TimerEvent: {}
[40.180970] (-) TimerEvent: {}
[40.281446] (-) TimerEvent: {}
[40.382097] (-) TimerEvent: {}
[40.482850] (-) TimerEvent: {}
[40.583361] (-) TimerEvent: {}
[40.684079] (-) TimerEvent: {}
[40.784488] (-) TimerEvent: {}
[40.884910] (-) TimerEvent: {}
[40.985582] (-) TimerEvent: {}
[41.086086] (-) TimerEvent: {}
[41.186668] (-) TimerEvent: {}
[41.287144] (-) TimerEvent: {}
[41.387616] (-) TimerEvent: {}
[41.488089] (-) TimerEvent: {}
[41.588612] (-) TimerEvent: {}
[41.689072] (-) TimerEvent: {}
[41.789577] (-) TimerEvent: {}
[41.890073] (-) TimerEvent: {}
[41.990571] (-) TimerEvent: {}
[42.090992] (-) TimerEvent: {}
[42.191441] (-) TimerEvent: {}
[42.291877] (-) TimerEvent: {}
[42.392344] (-) TimerEvent: {}
[42.492876] (-) TimerEvent: {}
[42.593415] (-) TimerEvent: {}
[42.693894] (-) TimerEvent: {}
[42.794308] (-) TimerEvent: {}
[42.894755] (-) TimerEvent: {}
[42.995216] (-) TimerEvent: {}
[43.095706] (-) TimerEvent: {}
[43.196165] (-) TimerEvent: {}
[43.296636] (-) TimerEvent: {}
[43.397109] (-) TimerEvent: {}
[43.497661] (-) TimerEvent: {}
[43.598163] (-) TimerEvent: {}
[43.698636] (-) TimerEvent: {}
[43.799102] (-) TimerEvent: {}
[43.899641] (-) TimerEvent: {}
[44.000343] (-) TimerEvent: {}
[44.100786] (-) TimerEvent: {}
[44.201204] (-) TimerEvent: {}
[44.301653] (-) TimerEvent: {}
[44.402127] (-) TimerEvent: {}
[44.502595] (-) TimerEvent: {}
[44.603075] (-) TimerEvent: {}
[44.703708] (-) TimerEvent: {}
[44.804189] (-) TimerEvent: {}
[44.904622] (-) TimerEvent: {}
[45.005087] (-) TimerEvent: {}
[45.105642] (-) TimerEvent: {}
[45.206145] (-) TimerEvent: {}
[45.306687] (-) TimerEvent: {}
[45.407145] (-) TimerEvent: {}
[45.507718] (-) TimerEvent: {}
[45.608211] (-) TimerEvent: {}
[45.708682] (-) TimerEvent: {}
[45.809155] (-) TimerEvent: {}
[45.909742] (-) TimerEvent: {}
[46.010293] (-) TimerEvent: {}
[46.110765] (-) TimerEvent: {}
[46.211226] (-) TimerEvent: {}
[46.311701] (-) TimerEvent: {}
[46.412153] (-) TimerEvent: {}
[46.512636] (-) TimerEvent: {}
[46.613113] (-) TimerEvent: {}
[46.713594] (-) TimerEvent: {}
[46.814034] (-) TimerEvent: {}
[46.914442] (-) TimerEvent: {}
[47.014857] (-) TimerEvent: {}
[47.115289] (-) TimerEvent: {}
[47.215796] (-) TimerEvent: {}
[47.316255] (-) TimerEvent: {}
[47.416694] (-) TimerEvent: {}
[47.517109] (-) TimerEvent: {}
[47.617525] (-) TimerEvent: {}
[47.717944] (-) TimerEvent: {}
[47.818350] (-) TimerEvent: {}
[47.918761] (-) TimerEvent: {}
[48.019187] (-) TimerEvent: {}
[48.119616] (-) TimerEvent: {}
[48.220085] (-) TimerEvent: {}
[48.320545] (-) TimerEvent: {}
[48.421000] (-) TimerEvent: {}
[48.521456] (-) TimerEvent: {}
[48.621877] (-) TimerEvent: {}
[48.722319] (-) TimerEvent: {}
[48.822784] (-) TimerEvent: {}
[48.923251] (-) TimerEvent: {}
[49.023737] (-) TimerEvent: {}
[49.124179] (-) TimerEvent: {}
[49.224599] (-) TimerEvent: {}
[49.325032] (-) TimerEvent: {}
[49.425527] (-) TimerEvent: {}
[49.526033] (-) TimerEvent: {}
[49.626579] (-) TimerEvent: {}
[49.727038] (-) TimerEvent: {}
[49.827567] (-) TimerEvent: {}
[49.928049] (-) TimerEvent: {}
[50.028531] (-) TimerEvent: {}
[50.129047] (-) TimerEvent: {}
[50.229511] (-) TimerEvent: {}
[50.330005] (-) TimerEvent: {}
[50.430469] (-) TimerEvent: {}
[50.530924] (-) TimerEvent: {}
[50.631378] (-) TimerEvent: {}
[50.731939] (-) TimerEvent: {}
[50.832514] (-) TimerEvent: {}
[50.932971] (-) TimerEvent: {}
[51.033408] (-) TimerEvent: {}
[51.133849] (-) TimerEvent: {}
[51.234271] (-) TimerEvent: {}
[51.334694] (-) TimerEvent: {}
[51.435127] (-) TimerEvent: {}
[51.535687] (-) TimerEvent: {}
[51.636202] (-) TimerEvent: {}
[51.736671] (-) TimerEvent: {}
[51.837202] (-) TimerEvent: {}
[51.937750] (-) TimerEvent: {}
[52.038208] (-) TimerEvent: {}
[52.138668] (-) TimerEvent: {}
[52.239148] (-) TimerEvent: {}
[52.339574] (-) TimerEvent: {}
[52.439977] (-) TimerEvent: {}
[52.540385] (-) TimerEvent: {}
[52.640815] (-) TimerEvent: {}
[52.741248] (-) TimerEvent: {}
[52.841660] (-) TimerEvent: {}
[52.942089] (-) TimerEvent: {}
[53.042516] (-) TimerEvent: {}
[53.142949] (-) TimerEvent: {}
[53.243400] (-) TimerEvent: {}
[53.343857] (-) TimerEvent: {}
[53.444300] (-) TimerEvent: {}
[53.544738] (-) TimerEvent: {}
[53.645178] (-) TimerEvent: {}
[53.745602] (-) TimerEvent: {}
[53.846027] (-) TimerEvent: {}
[53.946477] (-) TimerEvent: {}
[54.046905] (-) TimerEvent: {}
[54.147457] (-) TimerEvent: {}
[54.247940] (-) TimerEvent: {}
[54.348435] (-) TimerEvent: {}
[54.448877] (-) TimerEvent: {}
[54.549389] (-) TimerEvent: {}
[54.650017] (-) TimerEvent: {}
[54.750426] (-) TimerEvent: {}
[54.850862] (-) TimerEvent: {}
[54.951319] (-) TimerEvent: {}
[55.051758] (-) TimerEvent: {}
[55.152204] (-) TimerEvent: {}
[55.252684] (-) TimerEvent: {}
[55.353181] (-) TimerEvent: {}
[55.453667] (-) TimerEvent: {}
[55.554134] (-) TimerEvent: {}
[55.654645] (-) TimerEvent: {}
[55.755114] (-) TimerEvent: {}
[55.855636] (-) TimerEvent: {}
[55.956161] (-) TimerEvent: {}
[56.056648] (-) TimerEvent: {}
[56.157101] (-) TimerEvent: {}
[56.257667] (-) TimerEvent: {}
[56.358224] (-) TimerEvent: {}
[56.458677] (-) TimerEvent: {}
[56.559101] (-) TimerEvent: {}
[56.659628] (-) TimerEvent: {}
[56.760106] (-) TimerEvent: {}
[56.860543] (-) TimerEvent: {}
[56.961018] (-) TimerEvent: {}
[57.061490] (-) TimerEvent: {}
[57.161963] (-) TimerEvent: {}
[57.262437] (-) TimerEvent: {}
[57.362909] (-) TimerEvent: {}
[57.463378] (-) TimerEvent: {}
[57.563855] (-) TimerEvent: {}
[57.664306] (-) TimerEvent: {}
[57.764759] (-) TimerEvent: {}
[57.865217] (-) TimerEvent: {}
[57.965686] (-) TimerEvent: {}
[58.066143] (-) TimerEvent: {}
[58.166776] (-) TimerEvent: {}
[58.267500] (-) TimerEvent: {}
[58.367996] (-) TimerEvent: {}
[58.468478] (-) TimerEvent: {}
[58.569033] (-) TimerEvent: {}
[58.669557] (-) TimerEvent: {}
[58.770096] (-) TimerEvent: {}
[58.870576] (-) TimerEvent: {}
[58.971042] (-) TimerEvent: {}
[59.071592] (-) TimerEvent: {}
[59.172242] (-) TimerEvent: {}
[59.272725] (-) TimerEvent: {}
[59.373198] (-) TimerEvent: {}
[59.473669] (-) TimerEvent: {}
[59.574135] (-) TimerEvent: {}
[59.674701] (-) TimerEvent: {}
[59.775159] (-) TimerEvent: {}
[59.875765] (-) TimerEvent: {}
[59.976333] (-) TimerEvent: {}
[60.076812] (-) TimerEvent: {}
[60.177288] (-) TimerEvent: {}
[60.277761] (-) TimerEvent: {}
[60.378236] (-) TimerEvent: {}
[60.478704] (-) TimerEvent: {}
[60.579177] (-) TimerEvent: {}
[60.679678] (-) TimerEvent: {}
[60.780149] (-) TimerEvent: {}
[60.880613] (-) TimerEvent: {}
[60.981078] (-) TimerEvent: {}
[61.081546] (-) TimerEvent: {}
[61.182002] (-) TimerEvent: {}
[61.282482] (-) TimerEvent: {}
[61.382957] (-) TimerEvent: {}
[61.483445] (-) TimerEvent: {}
[61.583863] (-) TimerEvent: {}
[61.684297] (-) TimerEvent: {}
[61.784696] (-) TimerEvent: {}
[61.885114] (-) TimerEvent: {}
[61.985533] (-) TimerEvent: {}
[62.086025] (-) TimerEvent: {}
[62.186503] (-) TimerEvent: {}
[62.286975] (-) TimerEvent: {}
[62.387506] (-) TimerEvent: {}
[62.487981] (-) TimerEvent: {}
[62.588450] (-) TimerEvent: {}
[62.688913] (-) TimerEvent: {}
[62.789372] (-) TimerEvent: {}
[62.889826] (-) TimerEvent: {}
[62.990280] (-) TimerEvent: {}
[63.090740] (-) TimerEvent: {}
[63.191203] (-) TimerEvent: {}
[63.291709] (-) TimerEvent: {}
[63.392258] (-) TimerEvent: {}
[63.492728] (-) TimerEvent: {}
[63.593196] (-) TimerEvent: {}
[63.693626] (-) TimerEvent: {}
[63.794074] (-) TimerEvent: {}
[63.894510] (-) TimerEvent: {}
[63.994956] (-) TimerEvent: {}
[64.095390] (-) TimerEvent: {}
[64.195881] (-) TimerEvent: {}
[64.296336] (-) TimerEvent: {}
[64.396788] (-) TimerEvent: {}
[64.497241] (-) TimerEvent: {}
[64.597705] (-) TimerEvent: {}
[64.698147] (-) TimerEvent: {}
[64.798593] (-) TimerEvent: {}
[64.899065] (-) TimerEvent: {}
[64.999545] (-) TimerEvent: {}
[65.100078] (-) TimerEvent: {}
[65.200486] (-) TimerEvent: {}
[65.300909] (-) TimerEvent: {}
[65.401324] (-) TimerEvent: {}
[65.501731] (-) TimerEvent: {}
[65.602133] (-) TimerEvent: {}
[65.702618] (-) TimerEvent: {}
[65.803107] (-) TimerEvent: {}
[65.903609] (-) TimerEvent: {}
[66.004088] (-) TimerEvent: {}
[66.104550] (-) TimerEvent: {}
[66.205047] (-) TimerEvent: {}
[66.305659] (-) TimerEvent: {}
[66.406125] (-) TimerEvent: {}
[66.506574] (-) TimerEvent: {}
[66.607028] (-) TimerEvent: {}
[66.707505] (-) TimerEvent: {}
[66.807949] (-) TimerEvent: {}
[66.908391] (-) TimerEvent: {}
[67.008838] (-) TimerEvent: {}
[67.109308] (-) TimerEvent: {}
[67.209760] (-) TimerEvent: {}
[67.310169] (-) TimerEvent: {}
[67.410592] (-) TimerEvent: {}
[67.511048] (-) TimerEvent: {}
[67.611544] (-) TimerEvent: {}
[67.712113] (-) TimerEvent: {}
[67.812870] (-) TimerEvent: {}
[67.913303] (-) TimerEvent: {}
[68.013717] (-) TimerEvent: {}
[68.114143] (-) TimerEvent: {}
[68.214583] (-) TimerEvent: {}
[68.315057] (-) TimerEvent: {}
[68.415562] (-) TimerEvent: {}
[68.516007] (-) TimerEvent: {}
[68.616451] (-) TimerEvent: {}
[68.716914] (-) TimerEvent: {}
[68.817331] (-) TimerEvent: {}
[68.917755] (-) TimerEvent: {}
[69.018199] (-) TimerEvent: {}
[69.118638] (-) TimerEvent: {}
[69.219288] (-) TimerEvent: {}
[69.319852] (-) TimerEvent: {}
[69.420292] (-) TimerEvent: {}
[69.520738] (-) TimerEvent: {}
[69.621182] (-) TimerEvent: {}
[69.721627] (-) TimerEvent: {}
[69.822059] (-) TimerEvent: {}
[69.922489] (-) TimerEvent: {}
[70.022896] (-) TimerEvent: {}
[70.123293] (-) TimerEvent: {}
[70.223733] (-) TimerEvent: {}
[70.324165] (-) TimerEvent: {}
[70.424625] (-) TimerEvent: {}
[70.525097] (-) TimerEvent: {}
[70.625572] (-) TimerEvent: {}
[70.726108] (-) TimerEvent: {}
[70.826588] (-) TimerEvent: {}
[70.927027] (-) TimerEvent: {}
[71.027533] (-) TimerEvent: {}
[71.127986] (-) TimerEvent: {}
[71.228454] (-) TimerEvent: {}
[71.328917] (-) TimerEvent: {}
[71.429350] (-) TimerEvent: {}
[71.529855] (-) TimerEvent: {}
[71.630294] (-) TimerEvent: {}
[71.730734] (-) TimerEvent: {}
[71.831180] (-) TimerEvent: {}
[71.931578] (-) TimerEvent: {}
[72.032007] (-) TimerEvent: {}
[72.132431] (-) TimerEvent: {}
[72.232911] (-) TimerEvent: {}
[72.333353] (-) TimerEvent: {}
[72.433929] (-) TimerEvent: {}
[72.534397] (-) TimerEvent: {}
[72.635044] (-) TimerEvent: {}
[72.735472] (-) TimerEvent: {}
[72.835911] (-) TimerEvent: {}
[72.936333] (-) TimerEvent: {}
[73.036798] (-) TimerEvent: {}
[73.137217] (-) TimerEvent: {}
[73.237713] (-) TimerEvent: {}
[73.338404] (-) TimerEvent: {}
[73.438836] (-) TimerEvent: {}
[73.539246] (-) TimerEvent: {}
[73.639616] (-) TimerEvent: {}
[73.740027] (-) TimerEvent: {}
[73.840448] (-) TimerEvent: {}
[73.940878] (-) TimerEvent: {}
[74.041305] (-) TimerEvent: {}
[74.141836] (-) TimerEvent: {}
[74.242481] (-) TimerEvent: {}
[74.342948] (-) TimerEvent: {}
[74.443383] (-) TimerEvent: {}
[74.543840] (-) TimerEvent: {}
[74.644291] (-) TimerEvent: {}
[74.744741] (-) TimerEvent: {}
[74.845152] (-) TimerEvent: {}
[74.945616] (-) TimerEvent: {}
[75.046102] (-) TimerEvent: {}
[75.146545] (-) TimerEvent: {}
[75.246986] (-) TimerEvent: {}
[75.347493] (-) TimerEvent: {}
[75.447926] (-) TimerEvent: {}
[75.548364] (-) TimerEvent: {}
[75.648842] (-) TimerEvent: {}
[75.749298] (-) TimerEvent: {}
[75.849726] (-) TimerEvent: {}
[75.950152] (-) TimerEvent: {}
[76.050814] (-) TimerEvent: {}
[76.151242] (-) TimerEvent: {}
[76.251685] (-) TimerEvent: {}
[76.352111] (-) TimerEvent: {}
[76.452645] (-) TimerEvent: {}
[76.553062] (-) TimerEvent: {}
[76.653609] (-) TimerEvent: {}
[76.754231] (-) TimerEvent: {}
[76.854739] (-) TimerEvent: {}
[76.955182] (-) TimerEvent: {}
[77.055618] (-) TimerEvent: {}
[77.156103] (-) TimerEvent: {}
[77.256590] (-) TimerEvent: {}
[77.357036] (-) TimerEvent: {}
[77.457488] (-) TimerEvent: {}
[77.557961] (-) TimerEvent: {}
[77.658419] (-) TimerEvent: {}
[77.758866] (-) TimerEvent: {}
[77.859305] (-) TimerEvent: {}
[77.959992] (-) TimerEvent: {}
[78.060431] (-) TimerEvent: {}
[78.160881] (-) TimerEvent: {}
[78.261314] (-) TimerEvent: {}
[78.361754] (-) TimerEvent: {}
[78.462212] (-) TimerEvent: {}
[78.562666] (-) TimerEvent: {}
[78.663141] (-) TimerEvent: {}
[78.763618] (-) TimerEvent: {}
[78.864085] (-) TimerEvent: {}
[78.964549] (-) TimerEvent: {}
[79.064958] (-) TimerEvent: {}
[79.165386] (-) TimerEvent: {}
[79.265882] (-) TimerEvent: {}
[79.366329] (-) TimerEvent: {}
[79.466786] (-) TimerEvent: {}
[79.567380] (-) TimerEvent: {}
[79.667832] (-) TimerEvent: {}
[79.768252] (-) TimerEvent: {}
[79.868672] (-) TimerEvent: {}
[79.969092] (-) TimerEvent: {}
[80.069499] (-) TimerEvent: {}
[80.170201] (-) TimerEvent: {}
[80.270658] (-) TimerEvent: {}
[80.371128] (-) TimerEvent: {}
[80.471615] (-) TimerEvent: {}
[80.572060] (-) TimerEvent: {}
[80.672488] (-) TimerEvent: {}
[80.772962] (-) TimerEvent: {}
[80.873455] (-) TimerEvent: {}
[80.973921] (-) TimerEvent: {}
[81.074382] (-) TimerEvent: {}
[81.174802] (-) TimerEvent: {}
[81.275232] (-) TimerEvent: {}
[81.375716] (-) TimerEvent: {}
[81.476197] (-) TimerEvent: {}
[81.576676] (-) TimerEvent: {}
[81.677113] (-) TimerEvent: {}
[81.777570] (-) TimerEvent: {}
[81.878036] (-) TimerEvent: {}
[81.978478] (-) TimerEvent: {}
[82.078927] (-) TimerEvent: {}
[82.179380] (-) TimerEvent: {}
[82.279935] (-) TimerEvent: {}
[82.380545] (-) TimerEvent: {}
[82.480972] (-) TimerEvent: {}
[82.581424] (-) TimerEvent: {}
[82.681905] (-) TimerEvent: {}
[82.782381] (-) TimerEvent: {}
[82.882839] (-) TimerEvent: {}
[82.983323] (-) TimerEvent: {}
[83.083823] (-) TimerEvent: {}
[83.184612] (-) TimerEvent: {}
[83.285092] (-) TimerEvent: {}
[83.385489] (-) TimerEvent: {}
[83.486062] (-) TimerEvent: {}
[83.586537] (-) TimerEvent: {}
[83.687055] (-) TimerEvent: {}
[83.787559] (-) TimerEvent: {}
[83.888024] (-) TimerEvent: {}
[83.988477] (-) TimerEvent: {}
[84.088938] (-) TimerEvent: {}
[84.189418] (-) TimerEvent: {}
[84.289907] (-) TimerEvent: {}
[84.390374] (-) TimerEvent: {}
[84.490852] (-) TimerEvent: {}
[84.591336] (-) TimerEvent: {}
[84.691867] (-) TimerEvent: {}
[84.792324] (-) TimerEvent: {}
[84.892798] (-) TimerEvent: {}
[84.993274] (-) TimerEvent: {}
[85.093706] (-) TimerEvent: {}
[85.194153] (-) TimerEvent: {}
[85.294606] (-) TimerEvent: {}
[85.395066] (-) TimerEvent: {}
[85.495547] (-) TimerEvent: {}
[85.596006] (-) TimerEvent: {}
[85.696460] (-) TimerEvent: {}
[85.796937] (-) TimerEvent: {}
[85.897400] (-) TimerEvent: {}
[85.997867] (-) TimerEvent: {}
[86.098332] (-) TimerEvent: {}
[86.198796] (-) TimerEvent: {}
[86.299256] (-) TimerEvent: {}
[86.399760] (-) TimerEvent: {}
[86.500208] (-) TimerEvent: {}
[86.600814] (-) TimerEvent: {}
[86.701329] (-) TimerEvent: {}
[86.802034] (-) TimerEvent: {}
[86.902478] (-) TimerEvent: {}
[87.002849] (-) TimerEvent: {}
[87.103252] (-) TimerEvent: {}
[87.203872] (-) TimerEvent: {}
[87.304378] (-) TimerEvent: {}
[87.404848] (-) TimerEvent: {}
[87.505274] (-) TimerEvent: {}
[87.605822] (-) TimerEvent: {}
[87.706295] (-) TimerEvent: {}
[87.806767] (-) TimerEvent: {}
[87.907246] (-) TimerEvent: {}
[88.007740] (-) TimerEvent: {}
[88.108204] (-) TimerEvent: {}
[88.208661] (-) TimerEvent: {}
[88.309138] (-) TimerEvent: {}
[88.409607] (-) TimerEvent: {}
[88.510088] (-) TimerEvent: {}
[88.610536] (-) TimerEvent: {}
[88.710976] (-) TimerEvent: {}
[88.811472] (-) TimerEvent: {}
[88.911947] (-) TimerEvent: {}
[89.012561] (-) TimerEvent: {}
[89.113033] (-) TimerEvent: {}
[89.213503] (-) TimerEvent: {}
[89.313956] (-) TimerEvent: {}
[89.414398] (-) TimerEvent: {}
[89.514812] (-) TimerEvent: {}
[89.615254] (-) TimerEvent: {}
[89.716043] (-) TimerEvent: {}
[89.816484] (-) TimerEvent: {}
[89.917046] (-) TimerEvent: {}
[90.017762] (-) TimerEvent: {}
[90.118349] (-) TimerEvent: {}
[90.218804] (-) TimerEvent: {}
[90.319219] (-) TimerEvent: {}
[90.419653] (-) TimerEvent: {}
[90.520124] (-) TimerEvent: {}
[90.620550] (-) TimerEvent: {}
[90.720992] (-) TimerEvent: {}
[90.821460] (-) TimerEvent: {}
[90.921917] (-) TimerEvent: {}
[91.022380] (-) TimerEvent: {}
[91.122864] (-) TimerEvent: {}
[91.223337] (-) TimerEvent: {}
[91.323872] (-) TimerEvent: {}
[91.424336] (-) TimerEvent: {}
[91.524785] (-) TimerEvent: {}
[91.625233] (-) TimerEvent: {}
[91.725692] (-) TimerEvent: {}
[91.826146] (-) TimerEvent: {}
[91.926600] (-) TimerEvent: {}
[92.027061] (-) TimerEvent: {}
[92.127592] (-) TimerEvent: {}
[92.228069] (-) TimerEvent: {}
[92.328515] (-) TimerEvent: {}
[92.428974] (-) TimerEvent: {}
[92.529435] (-) TimerEvent: {}
[92.629872] (-) TimerEvent: {}
[92.730315] (-) TimerEvent: {}
[92.830769] (-) TimerEvent: {}
[92.931237] (-) TimerEvent: {}
[93.031772] (-) TimerEvent: {}
[93.132285] (-) TimerEvent: {}
[93.232814] (-) TimerEvent: {}
[93.333284] (-) TimerEvent: {}
[93.433738] (-) TimerEvent: {}
[93.534183] (-) TimerEvent: {}
[93.634608] (-) TimerEvent: {}
[93.735040] (-) TimerEvent: {}
[93.835486] (-) TimerEvent: {}
[93.935944] (-) TimerEvent: {}
[94.036389] (-) TimerEvent: {}
[94.136941] (-) TimerEvent: {}
[94.237446] (-) TimerEvent: {}
[94.337894] (-) TimerEvent: {}
[94.438352] (-) TimerEvent: {}
[94.538800] (-) TimerEvent: {}
[94.639251] (-) TimerEvent: {}
[94.739739] (-) TimerEvent: {}
[94.840217] (-) TimerEvent: {}
[94.940652] (-) TimerEvent: {}
[95.041087] (-) TimerEvent: {}
[95.141502] (-) TimerEvent: {}
[95.241894] (-) TimerEvent: {}
[95.342289] (-) TimerEvent: {}
[95.442686] (-) TimerEvent: {}
[95.543072] (-) TimerEvent: {}
[95.643474] (-) TimerEvent: {}
[95.743914] (-) TimerEvent: {}
[95.844343] (-) TimerEvent: {}
[95.944768] (-) TimerEvent: {}
[96.045160] (-) TimerEvent: {}
[96.145562] (-) TimerEvent: {}
[96.246066] (-) TimerEvent: {}
[96.346500] (-) TimerEvent: {}
[96.354825] (pcd_ndt_localization) StdoutLine: {'line': b'[100%] Linking CXX executable pcd_ndt_localizer\n'}
[96.446697] (-) TimerEvent: {}
[96.547145] (-) TimerEvent: {}
[96.647608] (-) TimerEvent: {}
[96.748073] (-) TimerEvent: {}
[96.848509] (-) TimerEvent: {}
[96.948953] (-) TimerEvent: {}
[97.049406] (-) TimerEvent: {}
[97.149858] (-) TimerEvent: {}
[97.250302] (-) TimerEvent: {}
[97.350756] (-) TimerEvent: {}
[97.451487] (-) TimerEvent: {}
[97.551942] (-) TimerEvent: {}
[97.652434] (-) TimerEvent: {}
[97.753146] (-) TimerEvent: {}
[97.853803] (-) TimerEvent: {}
[97.954341] (-) TimerEvent: {}
[98.054747] (-) TimerEvent: {}
[98.155140] (-) TimerEvent: {}
[98.255608] (-) TimerEvent: {}
[98.356051] (-) TimerEvent: {}
[98.456479] (-) TimerEvent: {}
[98.557006] (-) TimerEvent: {}
[98.657479] (-) TimerEvent: {}
[98.758008] (-) TimerEvent: {}
[98.858540] (-) TimerEvent: {}
[98.947293] (pcd_ndt_localization) StdoutLine: {'line': b'[100%] Built target pcd_ndt_localizer\n'}
[98.957733] (pcd_ndt_localization) CommandEnded: {'returncode': 0}
[98.959225] (-) TimerEvent: {}
[98.960309] (pcd_ndt_localization) JobProgress: {'identifier': 'pcd_ndt_localization', 'progress': 'install'}
[98.969151] (pcd_ndt_localization) Command: {'cmd': ['/usr/local/bin/cmake', '--install', '/home/seeed/ros2/ws/build/pcd_ndt_localization'], 'cwd': '/home/seeed/ros2/ws/build/pcd_ndt_localization', 'env': OrderedDict([('LANGUAGE', 'zh_CN:en'), ('USER', 'seeed'), ('SSH_CLIENT', '10.200.24.83 57609 22'), ('LC_TIME', 'zh_CN.UTF-8'), ('XDG_SESSION_TYPE', 'tty'), ('SHLVL', '0'), ('LD_LIBRARY_PATH', '/opt/ros/humble/opt/rviz_ogre_vendor/lib:/opt/ros/humble/lib/aarch64-linux-gnu:/opt/ros/humble/lib'), ('MOTD_SHOWN', 'pam'), ('HOME', '/home/seeed'), ('OLDPWD', '/home/seeed'), ('ROS_PYTHON_VERSION', '3'), ('LC_MONETARY', 'zh_CN.UTF-8'), ('LC_CTYPE', 'C.UTF-8'), ('DBUS_SESSION_BUS_ADDRESS', 'unix:path=/run/user/1000/bus'), ('ROS_DISTRO', 'humble'), ('LOGNAME', 'seeed'), ('_', '/usr/bin/colcon'), ('ROS_VERSION', '2'), ('XDG_SESSION_CLASS', 'user'), ('XDG_SESSION_ID', '90'), ('ROS_LOCALHOST_ONLY', '0'), ('PATH', '/opt/ros/humble/bin:/usr/local/sbin:/usr/local/bin:/usr/sbin:/usr/bin:/sbin:/bin:/usr/games:/usr/local/games:/snap/bin'), ('PAPERSIZE', 'a4'), ('LC_ADDRESS', 'zh_CN.UTF-8'), ('XDG_RUNTIME_DIR', '/run/user/1000'), ('DISPLAY', 'localhost:15.0'), ('LANG', 'zh_CN.UTF-8'), ('LC_TELEPHONE', 'zh_CN.UTF-8'), ('AMENT_PREFIX_PATH', '/opt/ros/humble'), ('SHELL', '/bin/bash'), ('LC_NAME', 'zh_CN.UTF-8'), ('LC_MEASUREMENT', 'zh_CN.UTF-8'), ('LC_IDENTIFICATION', 'zh_CN.UTF-8'), ('PWD', '/home/seeed/ros2/ws/build/pcd_ndt_localization'), ('LC_ALL', 'en_US.UTF-8'), ('SSH_CONNECTION', '10.200.24.83 57609 10.200.54.207 22'), ('PYTHONPATH', '/opt/ros/humble/lib/python3.10/site-packages:/opt/ros/humble/local/lib/python3.10/dist-packages'), ('LC_NUMERIC', 'zh_CN.UTF-8'), ('LC_PAPER', 'zh_CN.UTF-8'), ('COLCON', '1'), ('CMAKE_PREFIX_PATH', '/opt/ros/humble')]), 'shell': False}
[98.979023] (pcd_ndt_localization) StdoutLine: {'line': b'-- Install configuration: "Release"\n'}
[98.981237] (pcd_ndt_localization) StdoutLine: {'line': b'-- Execute custom install script\n'}
[98.982944] (pcd_ndt_localization) StdoutLine: {'line': b'-- Symlinking: /home/seeed/ros2/ws/install/pcd_ndt_localization/lib/pcd_ndt_localization/pcd_ndt_localizer\n'}
[98.989216] (pcd_ndt_localization) StdoutLine: {'line': b'-- Symlinking: /home/seeed/ros2/ws/install/pcd_ndt_localization/lib/pcd_ndt_localization/pcd_occupancy_grid_publisher\n'}
[98.995821] (pcd_ndt_localization) StdoutLine: {'line': b'-- Symlinking: /home/seeed/ros2/ws/install/pcd_ndt_localization/share/pcd_ndt_localization/config/ndt_localization.yaml\n'}
[99.003192] (pcd_ndt_localization) StdoutLine: {'line': b'-- Symlinking: /home/seeed/ros2/ws/install/pcd_ndt_localization/share/pcd_ndt_localization/launch/localization.launch.py\n'}
[99.008790] (pcd_ndt_localization) StdoutLine: {'line': b'-- Symlinking: /home/seeed/ros2/ws/install/pcd_ndt_localization/share/ament_index/resource_index/package_run_dependencies/pcd_ndt_localization\n'}
[99.014346] (pcd_ndt_localization) StdoutLine: {'line': b'-- Symlinking: /home/seeed/ros2/ws/install/pcd_ndt_localization/share/ament_index/resource_index/parent_prefix_path/pcd_ndt_localization\n'}
[99.019989] (pcd_ndt_localization) StdoutLine: {'line': b'-- Symlinking: /home/seeed/ros2/ws/install/pcd_ndt_localization/share/pcd_ndt_localization/environment/ament_prefix_path.sh\n'}
[99.025094] (pcd_ndt_localization) StdoutLine: {'line': b'-- Symlinking: /home/seeed/ros2/ws/install/pcd_ndt_localization/share/pcd_ndt_localization/environment/ament_prefix_path.dsv\n'}
[99.030155] (pcd_ndt_localization) StdoutLine: {'line': b'-- Symlinking: /home/seeed/ros2/ws/install/pcd_ndt_localization/share/pcd_ndt_localization/environment/path.sh\n'}
[99.036812] (pcd_ndt_localization) StdoutLine: {'line': b'-- Symlinking: /home/seeed/ros2/ws/install/pcd_ndt_localization/share/pcd_ndt_localization/environment/path.dsv\n'}
[99.041775] (pcd_ndt_localization) StdoutLine: {'line': b'-- Symlinking: /home/seeed/ros2/ws/install/pcd_ndt_localization/share/pcd_ndt_localization/local_setup.bash\n'}
[99.046540] (pcd_ndt_localization) StdoutLine: {'line': b'-- Symlinking: /home/seeed/ros2/ws/install/pcd_ndt_localization/share/pcd_ndt_localization/local_setup.sh\n'}
[99.052710] (pcd_ndt_localization) StdoutLine: {'line': b'-- Symlinking: /home/seeed/ros2/ws/install/pcd_ndt_localization/share/pcd_ndt_localization/local_setup.zsh\n'}
[99.058056] (pcd_ndt_localization) StdoutLine: {'line': b'-- Symlinking: /home/seeed/ros2/ws/install/pcd_ndt_localization/share/pcd_ndt_localization/local_setup.dsv\n'}
[99.059315] (-) TimerEvent: {}
[99.062963] (pcd_ndt_localization) StdoutLine: {'line': b'-- Symlinking: /home/seeed/ros2/ws/install/pcd_ndt_localization/share/pcd_ndt_localization/package.dsv\n'}
[99.068152] (pcd_ndt_localization) StdoutLine: {'line': b'-- Symlinking: /home/seeed/ros2/ws/install/pcd_ndt_localization/share/ament_index/resource_index/packages/pcd_ndt_localization\n'}
[99.073692] (pcd_ndt_localization) StdoutLine: {'line': b'-- Symlinking: /home/seeed/ros2/ws/install/pcd_ndt_localization/share/pcd_ndt_localization/cmake/pcd_ndt_localizationConfig.cmake\n'}
[99.079466] (pcd_ndt_localization) StdoutLine: {'line': b'-- Symlinking: /home/seeed/ros2/ws/install/pcd_ndt_localization/share/pcd_ndt_localization/cmake/pcd_ndt_localizationConfig-version.cmake\n'}
[99.085034] (pcd_ndt_localization) StdoutLine: {'line': b'-- Symlinking: /home/seeed/ros2/ws/install/pcd_ndt_localization/share/pcd_ndt_localization/package.xml\n'}
[99.093950] (pcd_ndt_localization) CommandEnded: {'returncode': 0}
[99.151817] (pcd_ndt_localization) JobEnded: {'identifier': 'pcd_ndt_localization', 'rc': 0}
[99.153865] (-) EventReactorShutdown: {}
