[0.243s] DEBUG:colcon:Command line arguments: ['/usr/bin/colcon', 'build', '--packages-select', 'fast_lio', '--symlink-install']
[0.244s] DEBUG:colcon:Parsed command line arguments: Namespace(log_base=None, log_level=None, verb_name='build', build_base='build', install_base='install', merge_install=False, symlink_install=True, test_result_base=None, continue_on_error=False, executor='parallel', parallel_workers=6, event_handlers=None, ignore_user_meta=False, metas=['./colcon.meta'], base_paths=['.'], packages_ignore=None, packages_ignore_regex=None, paths=None, packages_up_to=None, packages_up_to_regex=None, packages_above=None, packages_above_and_dependencies=None, packages_above_depth=None, packages_select_by_dep=None, packages_skip_by_dep=None, packages_skip_up_to=None, packages_select_build_failed=False, packages_skip_build_finished=False, packages_select_test_failures=False, packages_skip_test_passed=False, packages_select=['fast_lio'], packages_skip=None, packages_select_regex=None, packages_skip_regex=None, packages_start=None, packages_end=None, allow_overriding=[], cmake_args=None, cmake_target=None, cmake_target_skip_unavailable=False, cmake_clean_cache=False, cmake_clean_first=False, cmake_force_configure=False, ament_cmake_args=None, catkin_cmake_args=None, catkin_skip_building_tests=False, verb_parser=<colcon_defaults.argument_parser.defaults.DefaultArgumentsDecorator object at 0xffffa3723e80>, verb_extension=<colcon_core.verb.build.BuildVerb object at 0xffffa3723910>, main=<bound method BuildVerb.main of <colcon_core.verb.build.BuildVerb object at 0xffffa3723910>>)
[0.618s] Level 1:colcon.colcon_core.package_discovery:discover_packages(colcon_meta) check parameters
[0.619s] Level 1:colcon.colcon_core.package_discovery:discover_packages(recursive) check parameters
[0.619s] Level 1:colcon.colcon_core.package_discovery:discover_packages(ignore) check parameters
[0.619s] Level 1:colcon.colcon_core.package_discovery:discover_packages(path) check parameters
[0.619s] Level 1:colcon.colcon_core.package_discovery:discover_packages(colcon_meta) discover
[0.619s] Level 1:colcon.colcon_core.package_discovery:discover_packages(recursive) discover
[0.619s] INFO:colcon.colcon_core.package_discovery:Crawling recursively for packages in '/home/seeed/ros2/ws'
[0.620s] Level 1:colcon.colcon_core.package_identification:_identify(.) by extensions ['ignore', 'ignore_ament_install']
[0.620s] Level 1:colcon.colcon_core.package_identification:_identify(.) by extension 'ignore'
[0.620s] Level 1:colcon.colcon_core.package_identification:_identify(.) by extension 'ignore_ament_install'
[0.620s] Level 1:colcon.colcon_core.package_identification:_identify(.) by extensions ['colcon_pkg']
[0.620s] Level 1:colcon.colcon_core.package_identification:_identify(.) by extension 'colcon_pkg'
[0.620s] Level 1:colcon.colcon_core.package_identification:_identify(.) by extensions ['colcon_meta']
[0.621s] Level 1:colcon.colcon_core.package_identification:_identify(.) by extension 'colcon_meta'
[0.621s] Level 1:colcon.colcon_core.package_identification:_identify(.) by extensions ['ros']
[0.621s] Level 1:colcon.colcon_core.package_identification:_identify(.) by extension 'ros'
[0.647s] Level 1:colcon.colcon_core.package_identification:_identify(.) by extensions ['cmake', 'python']
[0.647s] Level 1:colcon.colcon_core.package_identification:_identify(.) by extension 'cmake'
[0.647s] Level 1:colcon.colcon_core.package_identification:_identify(.) by extension 'python'
[0.648s] Level 1:colcon.colcon_core.package_identification:_identify(.) by extensions ['python_setup_py']
[0.648s] Level 1:colcon.colcon_core.package_identification:_identify(.) by extension 'python_setup_py'
[0.648s] Level 1:colcon.colcon_core.package_identification:_identify(build) by extensions ['ignore', 'ignore_ament_install']
[0.648s] Level 1:colcon.colcon_core.package_identification:_identify(build) by extension 'ignore'
[0.648s] Level 1:colcon.colcon_core.package_identification:_identify(build) ignored
[0.649s] Level 1:colcon.colcon_core.package_identification:_identify(install) by extensions ['ignore', 'ignore_ament_install']
[0.649s] Level 1:colcon.colcon_core.package_identification:_identify(install) by extension 'ignore'
[0.649s] Level 1:colcon.colcon_core.package_identification:_identify(install) ignored
[0.649s] Level 1:colcon.colcon_core.package_identification:_identify(log) by extensions ['ignore', 'ignore_ament_install']
[0.650s] Level 1:colcon.colcon_core.package_identification:_identify(log) by extension 'ignore'
[0.650s] Level 1:colcon.colcon_core.package_identification:_identify(log) ignored
[0.650s] Level 1:colcon.colcon_core.package_identification:_identify(src) by extensions ['ignore', 'ignore_ament_install']
[0.650s] Level 1:colcon.colcon_core.package_identification:_identify(src) by extension 'ignore'
[0.650s] Level 1:colcon.colcon_core.package_identification:_identify(src) by extension 'ignore_ament_install'
[0.650s] Level 1:colcon.colcon_core.package_identification:_identify(src) by extensions ['colcon_pkg']
[0.650s] Level 1:colcon.colcon_core.package_identification:_identify(src) by extension 'colcon_pkg'
[0.651s] Level 1:colcon.colcon_core.package_identification:_identify(src) by extensions ['colcon_meta']
[0.651s] Level 1:colcon.colcon_core.package_identification:_identify(src) by extension 'colcon_meta'
[0.651s] Level 1:colcon.colcon_core.package_identification:_identify(src) by extensions ['ros']
[0.651s] Level 1:colcon.colcon_core.package_identification:_identify(src) by extension 'ros'
[0.651s] Level 1:colcon.colcon_core.package_identification:_identify(src) by extensions ['cmake', 'python']
[0.651s] Level 1:colcon.colcon_core.package_identification:_identify(src) by extension 'cmake'
[0.651s] Level 1:colcon.colcon_core.package_identification:_identify(src) by extension 'python'
[0.651s] Level 1:colcon.colcon_core.package_identification:_identify(src) by extensions ['python_setup_py']
[0.651s] Level 1:colcon.colcon_core.package_identification:_identify(src) by extension 'python_setup_py'
[0.652s] Level 1:colcon.colcon_core.package_identification:_identify(src/depd) by extensions ['ignore', 'ignore_ament_install']
[0.652s] Level 1:colcon.colcon_core.package_identification:_identify(src/depd) by extension 'ignore'
[0.652s] Level 1:colcon.colcon_core.package_identification:_identify(src/depd) by extension 'ignore_ament_install'
[0.652s] Level 1:colcon.colcon_core.package_identification:_identify(src/depd) by extensions ['colcon_pkg']
[0.652s] Level 1:colcon.colcon_core.package_identification:_identify(src/depd) by extension 'colcon_pkg'
[0.652s] Level 1:colcon.colcon_core.package_identification:_identify(src/depd) by extensions ['colcon_meta']
[0.652s] Level 1:colcon.colcon_core.package_identification:_identify(src/depd) by extension 'colcon_meta'
[0.652s] Level 1:colcon.colcon_core.package_identification:_identify(src/depd) by extensions ['ros']
[0.652s] Level 1:colcon.colcon_core.package_identification:_identify(src/depd) by extension 'ros'
[0.653s] Level 1:colcon.colcon_core.package_identification:_identify(src/depd) by extensions ['cmake', 'python']
[0.653s] Level 1:colcon.colcon_core.package_identification:_identify(src/depd) by extension 'cmake'
[0.653s] Level 1:colcon.colcon_core.package_identification:_identify(src/depd) by extension 'python'
[0.653s] Level 1:colcon.colcon_core.package_identification:_identify(src/depd) by extensions ['python_setup_py']
[0.653s] Level 1:colcon.colcon_core.package_identification:_identify(src/depd) by extension 'python_setup_py'
[0.653s] Level 1:colcon.colcon_core.package_identification:_identify(src/depd/rpg_vikit) by extensions ['ignore', 'ignore_ament_install']
[0.653s] Level 1:colcon.colcon_core.package_identification:_identify(src/depd/rpg_vikit) by extension 'ignore'
[0.654s] Level 1:colcon.colcon_core.package_identification:_identify(src/depd/rpg_vikit) by extension 'ignore_ament_install'
[0.654s] Level 1:colcon.colcon_core.package_identification:_identify(src/depd/rpg_vikit) by extensions ['colcon_pkg']
[0.654s] Level 1:colcon.colcon_core.package_identification:_identify(src/depd/rpg_vikit) by extension 'colcon_pkg'
[0.654s] Level 1:colcon.colcon_core.package_identification:_identify(src/depd/rpg_vikit) by extensions ['colcon_meta']
[0.654s] Level 1:colcon.colcon_core.package_identification:_identify(src/depd/rpg_vikit) by extension 'colcon_meta'
[0.654s] Level 1:colcon.colcon_core.package_identification:_identify(src/depd/rpg_vikit) by extensions ['ros']
[0.654s] Level 1:colcon.colcon_core.package_identification:_identify(src/depd/rpg_vikit) by extension 'ros'
[0.654s] Level 1:colcon.colcon_core.package_identification:_identify(src/depd/rpg_vikit) by extensions ['cmake', 'python']
[0.654s] Level 1:colcon.colcon_core.package_identification:_identify(src/depd/rpg_vikit) by extension 'cmake'
[0.655s] Level 1:colcon.colcon_core.package_identification:_identify(src/depd/rpg_vikit) by extension 'python'
[0.655s] Level 1:colcon.colcon_core.package_identification:_identify(src/depd/rpg_vikit) by extensions ['python_setup_py']
[0.655s] Level 1:colcon.colcon_core.package_identification:_identify(src/depd/rpg_vikit) by extension 'python_setup_py'
[0.655s] Level 1:colcon.colcon_core.package_identification:_identify(src/depd/rpg_vikit/vikit_common) by extensions ['ignore', 'ignore_ament_install']
[0.655s] Level 1:colcon.colcon_core.package_identification:_identify(src/depd/rpg_vikit/vikit_common) by extension 'ignore'
[0.655s] Level 1:colcon.colcon_core.package_identification:_identify(src/depd/rpg_vikit/vikit_common) by extension 'ignore_ament_install'
[0.655s] Level 1:colcon.colcon_core.package_identification:_identify(src/depd/rpg_vikit/vikit_common) by extensions ['colcon_pkg']
[0.655s] Level 1:colcon.colcon_core.package_identification:_identify(src/depd/rpg_vikit/vikit_common) by extension 'colcon_pkg'
[0.656s] Level 1:colcon.colcon_core.package_identification:_identify(src/depd/rpg_vikit/vikit_common) by extensions ['colcon_meta']
[0.656s] Level 1:colcon.colcon_core.package_identification:_identify(src/depd/rpg_vikit/vikit_common) by extension 'colcon_meta'
[0.656s] Level 1:colcon.colcon_core.package_identification:_identify(src/depd/rpg_vikit/vikit_common) by extensions ['ros']
[0.656s] Level 1:colcon.colcon_core.package_identification:_identify(src/depd/rpg_vikit/vikit_common) by extension 'ros'
[0.661s] DEBUG:colcon.colcon_core.package_identification:Package 'src/depd/rpg_vikit/vikit_common' with type 'ros.catkin' and name 'vikit_common'
[0.662s] Level 1:colcon.colcon_core.package_identification:_identify(src/depd/rpg_vikit/vikit_ros) by extensions ['ignore', 'ignore_ament_install']
[0.662s] Level 1:colcon.colcon_core.package_identification:_identify(src/depd/rpg_vikit/vikit_ros) by extension 'ignore'
[0.662s] Level 1:colcon.colcon_core.package_identification:_identify(src/depd/rpg_vikit/vikit_ros) by extension 'ignore_ament_install'
[0.662s] Level 1:colcon.colcon_core.package_identification:_identify(src/depd/rpg_vikit/vikit_ros) by extensions ['colcon_pkg']
[0.662s] Level 1:colcon.colcon_core.package_identification:_identify(src/depd/rpg_vikit/vikit_ros) by extension 'colcon_pkg'
[0.662s] Level 1:colcon.colcon_core.package_identification:_identify(src/depd/rpg_vikit/vikit_ros) by extensions ['colcon_meta']
[0.662s] Level 1:colcon.colcon_core.package_identification:_identify(src/depd/rpg_vikit/vikit_ros) by extension 'colcon_meta'
[0.663s] Level 1:colcon.colcon_core.package_identification:_identify(src/depd/rpg_vikit/vikit_ros) by extensions ['ros']
[0.663s] Level 1:colcon.colcon_core.package_identification:_identify(src/depd/rpg_vikit/vikit_ros) by extension 'ros'
[0.665s] DEBUG:colcon.colcon_core.package_identification:Package 'src/depd/rpg_vikit/vikit_ros' with type 'ros.ament_cmake' and name 'vikit_ros'
[0.665s] Level 1:colcon.colcon_core.package_identification:_identify(src/driver) by extensions ['ignore', 'ignore_ament_install']
[0.665s] Level 1:colcon.colcon_core.package_identification:_identify(src/driver) by extension 'ignore'
[0.665s] Level 1:colcon.colcon_core.package_identification:_identify(src/driver) by extension 'ignore_ament_install'
[0.666s] Level 1:colcon.colcon_core.package_identification:_identify(src/driver) by extensions ['colcon_pkg']
[0.666s] Level 1:colcon.colcon_core.package_identification:_identify(src/driver) by extension 'colcon_pkg'
[0.666s] Level 1:colcon.colcon_core.package_identification:_identify(src/driver) by extensions ['colcon_meta']
[0.666s] Level 1:colcon.colcon_core.package_identification:_identify(src/driver) by extension 'colcon_meta'
[0.666s] Level 1:colcon.colcon_core.package_identification:_identify(src/driver) by extensions ['ros']
[0.666s] Level 1:colcon.colcon_core.package_identification:_identify(src/driver) by extension 'ros'
[0.666s] Level 1:colcon.colcon_core.package_identification:_identify(src/driver) by extensions ['cmake', 'python']
[0.666s] Level 1:colcon.colcon_core.package_identification:_identify(src/driver) by extension 'cmake'
[0.667s] Level 1:colcon.colcon_core.package_identification:_identify(src/driver) by extension 'python'
[0.667s] Level 1:colcon.colcon_core.package_identification:_identify(src/driver) by extensions ['python_setup_py']
[0.667s] Level 1:colcon.colcon_core.package_identification:_identify(src/driver) by extension 'python_setup_py'
[0.667s] Level 1:colcon.colcon_core.package_identification:_identify(src/driver/livox_ros_driver2) by extensions ['ignore', 'ignore_ament_install']
[0.667s] Level 1:colcon.colcon_core.package_identification:_identify(src/driver/livox_ros_driver2) by extension 'ignore'
[0.667s] Level 1:colcon.colcon_core.package_identification:_identify(src/driver/livox_ros_driver2) by extension 'ignore_ament_install'
[0.667s] Level 1:colcon.colcon_core.package_identification:_identify(src/driver/livox_ros_driver2) by extensions ['colcon_pkg']
[0.668s] Level 1:colcon.colcon_core.package_identification:_identify(src/driver/livox_ros_driver2) by extension 'colcon_pkg'
[0.668s] Level 1:colcon.colcon_core.package_identification:_identify(src/driver/livox_ros_driver2) by extensions ['colcon_meta']
[0.668s] Level 1:colcon.colcon_core.package_identification:_identify(src/driver/livox_ros_driver2) by extension 'colcon_meta'
[0.668s] Level 1:colcon.colcon_core.package_identification:_identify(src/driver/livox_ros_driver2) by extensions ['ros']
[0.668s] Level 1:colcon.colcon_core.package_identification:_identify(src/driver/livox_ros_driver2) by extension 'ros'
[0.671s] DEBUG:colcon.colcon_core.package_identification:Package 'src/driver/livox_ros_driver2' with type 'ros.ament_cmake' and name 'livox_ros_driver2'
[0.671s] Level 1:colcon.colcon_core.package_identification:_identify(src/localization) by extensions ['ignore', 'ignore_ament_install']
[0.671s] Level 1:colcon.colcon_core.package_identification:_identify(src/localization) by extension 'ignore'
[0.671s] Level 1:colcon.colcon_core.package_identification:_identify(src/localization) by extension 'ignore_ament_install'
[0.671s] Level 1:colcon.colcon_core.package_identification:_identify(src/localization) by extensions ['colcon_pkg']
[0.671s] Level 1:colcon.colcon_core.package_identification:_identify(src/localization) by extension 'colcon_pkg'
[0.671s] Level 1:colcon.colcon_core.package_identification:_identify(src/localization) by extensions ['colcon_meta']
[0.672s] Level 1:colcon.colcon_core.package_identification:_identify(src/localization) by extension 'colcon_meta'
[0.672s] Level 1:colcon.colcon_core.package_identification:_identify(src/localization) by extensions ['ros']
[0.672s] Level 1:colcon.colcon_core.package_identification:_identify(src/localization) by extension 'ros'
[0.672s] Level 1:colcon.colcon_core.package_identification:_identify(src/localization) by extensions ['cmake', 'python']
[0.672s] Level 1:colcon.colcon_core.package_identification:_identify(src/localization) by extension 'cmake'
[0.672s] Level 1:colcon.colcon_core.package_identification:_identify(src/localization) by extension 'python'
[0.672s] Level 1:colcon.colcon_core.package_identification:_identify(src/localization) by extensions ['python_setup_py']
[0.672s] Level 1:colcon.colcon_core.package_identification:_identify(src/localization) by extension 'python_setup_py'
[0.673s] Level 1:colcon.colcon_core.package_identification:_identify(src/localization/pcd_ndt_localization) by extensions ['ignore', 'ignore_ament_install']
[0.673s] Level 1:colcon.colcon_core.package_identification:_identify(src/localization/pcd_ndt_localization) by extension 'ignore'
[0.673s] Level 1:colcon.colcon_core.package_identification:_identify(src/localization/pcd_ndt_localization) by extension 'ignore_ament_install'
[0.673s] Level 1:colcon.colcon_core.package_identification:_identify(src/localization/pcd_ndt_localization) by extensions ['colcon_pkg']
[0.673s] Level 1:colcon.colcon_core.package_identification:_identify(src/localization/pcd_ndt_localization) by extension 'colcon_pkg'
[0.673s] Level 1:colcon.colcon_core.package_identification:_identify(src/localization/pcd_ndt_localization) by extensions ['colcon_meta']
[0.673s] Level 1:colcon.colcon_core.package_identification:_identify(src/localization/pcd_ndt_localization) by extension 'colcon_meta'
[0.673s] Level 1:colcon.colcon_core.package_identification:_identify(src/localization/pcd_ndt_localization) by extensions ['ros']
[0.673s] Level 1:colcon.colcon_core.package_identification:_identify(src/localization/pcd_ndt_localization) by extension 'ros'
[0.676s] DEBUG:colcon.colcon_core.package_identification:Package 'src/localization/pcd_ndt_localization' with type 'ros.ament_cmake' and name 'pcd_ndt_localization'
[0.676s] Level 1:colcon.colcon_core.package_identification:_identify(src/nav_tf_bridge) by extensions ['ignore', 'ignore_ament_install']
[0.676s] Level 1:colcon.colcon_core.package_identification:_identify(src/nav_tf_bridge) by extension 'ignore'
[0.676s] Level 1:colcon.colcon_core.package_identification:_identify(src/nav_tf_bridge) by extension 'ignore_ament_install'
[0.677s] Level 1:colcon.colcon_core.package_identification:_identify(src/nav_tf_bridge) by extensions ['colcon_pkg']
[0.677s] Level 1:colcon.colcon_core.package_identification:_identify(src/nav_tf_bridge) by extension 'colcon_pkg'
[0.677s] Level 1:colcon.colcon_core.package_identification:_identify(src/nav_tf_bridge) by extensions ['colcon_meta']
[0.677s] Level 1:colcon.colcon_core.package_identification:_identify(src/nav_tf_bridge) by extension 'colcon_meta'
[0.677s] Level 1:colcon.colcon_core.package_identification:_identify(src/nav_tf_bridge) by extensions ['ros']
[0.677s] Level 1:colcon.colcon_core.package_identification:_identify(src/nav_tf_bridge) by extension 'ros'
[0.679s] DEBUG:colcon.colcon_core.package_identification:Package 'src/nav_tf_bridge' with type 'ros.ament_cmake' and name 'nav_tf_bridge'
[0.679s] Level 1:colcon.colcon_core.package_identification:_identify(src/ranger_ros2) by extensions ['ignore', 'ignore_ament_install']
[0.679s] Level 1:colcon.colcon_core.package_identification:_identify(src/ranger_ros2) by extension 'ignore'
[0.679s] Level 1:colcon.colcon_core.package_identification:_identify(src/ranger_ros2) by extension 'ignore_ament_install'
[0.680s] Level 1:colcon.colcon_core.package_identification:_identify(src/ranger_ros2) by extensions ['colcon_pkg']
[0.680s] Level 1:colcon.colcon_core.package_identification:_identify(src/ranger_ros2) by extension 'colcon_pkg'
[0.680s] Level 1:colcon.colcon_core.package_identification:_identify(src/ranger_ros2) by extensions ['colcon_meta']
[0.680s] Level 1:colcon.colcon_core.package_identification:_identify(src/ranger_ros2) by extension 'colcon_meta'
[0.680s] Level 1:colcon.colcon_core.package_identification:_identify(src/ranger_ros2) by extensions ['ros']
[0.680s] Level 1:colcon.colcon_core.package_identification:_identify(src/ranger_ros2) by extension 'ros'
[0.680s] Level 1:colcon.colcon_core.package_identification:_identify(src/ranger_ros2) by extensions ['cmake', 'python']
[0.680s] Level 1:colcon.colcon_core.package_identification:_identify(src/ranger_ros2) by extension 'cmake'
[0.680s] Level 1:colcon.colcon_core.package_identification:_identify(src/ranger_ros2) by extension 'python'
[0.681s] Level 1:colcon.colcon_core.package_identification:_identify(src/ranger_ros2) by extensions ['python_setup_py']
[0.681s] Level 1:colcon.colcon_core.package_identification:_identify(src/ranger_ros2) by extension 'python_setup_py'
[0.681s] Level 1:colcon.colcon_core.package_identification:_identify(src/ranger_ros2/docs) by extensions ['ignore', 'ignore_ament_install']
[0.681s] Level 1:colcon.colcon_core.package_identification:_identify(src/ranger_ros2/docs) by extension 'ignore'
[0.681s] Level 1:colcon.colcon_core.package_identification:_identify(src/ranger_ros2/docs) by extension 'ignore_ament_install'
[0.681s] Level 1:colcon.colcon_core.package_identification:_identify(src/ranger_ros2/docs) by extensions ['colcon_pkg']
[0.681s] Level 1:colcon.colcon_core.package_identification:_identify(src/ranger_ros2/docs) by extension 'colcon_pkg'
[0.682s] Level 1:colcon.colcon_core.package_identification:_identify(src/ranger_ros2/docs) by extensions ['colcon_meta']
[0.682s] Level 1:colcon.colcon_core.package_identification:_identify(src/ranger_ros2/docs) by extension 'colcon_meta'
[0.682s] Level 1:colcon.colcon_core.package_identification:_identify(src/ranger_ros2/docs) by extensions ['ros']
[0.682s] Level 1:colcon.colcon_core.package_identification:_identify(src/ranger_ros2/docs) by extension 'ros'
[0.682s] Level 1:colcon.colcon_core.package_identification:_identify(src/ranger_ros2/docs) by extensions ['cmake', 'python']
[0.682s] Level 1:colcon.colcon_core.package_identification:_identify(src/ranger_ros2/docs) by extension 'cmake'
[0.682s] Level 1:colcon.colcon_core.package_identification:_identify(src/ranger_ros2/docs) by extension 'python'
[0.682s] Level 1:colcon.colcon_core.package_identification:_identify(src/ranger_ros2/docs) by extensions ['python_setup_py']
[0.682s] Level 1:colcon.colcon_core.package_identification:_identify(src/ranger_ros2/docs) by extension 'python_setup_py'
[0.683s] Level 1:colcon.colcon_core.package_identification:_identify(src/ranger_ros2/ranger_base) by extensions ['ignore', 'ignore_ament_install']
[0.683s] Level 1:colcon.colcon_core.package_identification:_identify(src/ranger_ros2/ranger_base) by extension 'ignore'
[0.683s] Level 1:colcon.colcon_core.package_identification:_identify(src/ranger_ros2/ranger_base) by extension 'ignore_ament_install'
[0.683s] Level 1:colcon.colcon_core.package_identification:_identify(src/ranger_ros2/ranger_base) by extensions ['colcon_pkg']
[0.683s] Level 1:colcon.colcon_core.package_identification:_identify(src/ranger_ros2/ranger_base) by extension 'colcon_pkg'
[0.683s] Level 1:colcon.colcon_core.package_identification:_identify(src/ranger_ros2/ranger_base) by extensions ['colcon_meta']
[0.683s] Level 1:colcon.colcon_core.package_identification:_identify(src/ranger_ros2/ranger_base) by extension 'colcon_meta'
[0.683s] Level 1:colcon.colcon_core.package_identification:_identify(src/ranger_ros2/ranger_base) by extensions ['ros']
[0.683s] Level 1:colcon.colcon_core.package_identification:_identify(src/ranger_ros2/ranger_base) by extension 'ros'
[0.686s] DEBUG:colcon.colcon_core.package_identification:Package 'src/ranger_ros2/ranger_base' with type 'ros.ament_cmake' and name 'ranger_base'
[0.686s] Level 1:colcon.colcon_core.package_identification:_identify(src/ranger_ros2/ranger_bringup) by extensions ['ignore', 'ignore_ament_install']
[0.687s] Level 1:colcon.colcon_core.package_identification:_identify(src/ranger_ros2/ranger_bringup) by extension 'ignore'
[0.687s] Level 1:colcon.colcon_core.package_identification:_identify(src/ranger_ros2/ranger_bringup) by extension 'ignore_ament_install'
[0.687s] Level 1:colcon.colcon_core.package_identification:_identify(src/ranger_ros2/ranger_bringup) by extensions ['colcon_pkg']
[0.687s] Level 1:colcon.colcon_core.package_identification:_identify(src/ranger_ros2/ranger_bringup) by extension 'colcon_pkg'
[0.687s] Level 1:colcon.colcon_core.package_identification:_identify(src/ranger_ros2/ranger_bringup) by extensions ['colcon_meta']
[0.687s] Level 1:colcon.colcon_core.package_identification:_identify(src/ranger_ros2/ranger_bringup) by extension 'colcon_meta'
[0.687s] Level 1:colcon.colcon_core.package_identification:_identify(src/ranger_ros2/ranger_bringup) by extensions ['ros']
[0.687s] Level 1:colcon.colcon_core.package_identification:_identify(src/ranger_ros2/ranger_bringup) by extension 'ros'
[0.688s] DEBUG:colcon.colcon_core.package_identification:Package 'src/ranger_ros2/ranger_bringup' with type 'ros.ament_cmake' and name 'ranger_bringup'
[0.689s] Level 1:colcon.colcon_core.package_identification:_identify(src/ranger_ros2/ranger_msgs) by extensions ['ignore', 'ignore_ament_install']
[0.689s] Level 1:colcon.colcon_core.package_identification:_identify(src/ranger_ros2/ranger_msgs) by extension 'ignore'
[0.689s] Level 1:colcon.colcon_core.package_identification:_identify(src/ranger_ros2/ranger_msgs) by extension 'ignore_ament_install'
[0.689s] Level 1:colcon.colcon_core.package_identification:_identify(src/ranger_ros2/ranger_msgs) by extensions ['colcon_pkg']
[0.689s] Level 1:colcon.colcon_core.package_identification:_identify(src/ranger_ros2/ranger_msgs) by extension 'colcon_pkg'
[0.689s] Level 1:colcon.colcon_core.package_identification:_identify(src/ranger_ros2/ranger_msgs) by extensions ['colcon_meta']
[0.689s] Level 1:colcon.colcon_core.package_identification:_identify(src/ranger_ros2/ranger_msgs) by extension 'colcon_meta'
[0.689s] Level 1:colcon.colcon_core.package_identification:_identify(src/ranger_ros2/ranger_msgs) by extensions ['ros']
[0.690s] Level 1:colcon.colcon_core.package_identification:_identify(src/ranger_ros2/ranger_msgs) by extension 'ros'
[0.691s] DEBUG:colcon.colcon_core.package_identification:Package 'src/ranger_ros2/ranger_msgs' with type 'ros.ament_cmake' and name 'ranger_msgs'
[0.691s] Level 1:colcon.colcon_core.package_identification:_identify(src/slam) by extensions ['ignore', 'ignore_ament_install']
[0.691s] Level 1:colcon.colcon_core.package_identification:_identify(src/slam) by extension 'ignore'
[0.691s] Level 1:colcon.colcon_core.package_identification:_identify(src/slam) by extension 'ignore_ament_install'
[0.691s] Level 1:colcon.colcon_core.package_identification:_identify(src/slam) by extensions ['colcon_pkg']
[0.692s] Level 1:colcon.colcon_core.package_identification:_identify(src/slam) by extension 'colcon_pkg'
[0.692s] Level 1:colcon.colcon_core.package_identification:_identify(src/slam) by extensions ['colcon_meta']
[0.692s] Level 1:colcon.colcon_core.package_identification:_identify(src/slam) by extension 'colcon_meta'
[0.692s] Level 1:colcon.colcon_core.package_identification:_identify(src/slam) by extensions ['ros']
[0.692s] Level 1:colcon.colcon_core.package_identification:_identify(src/slam) by extension 'ros'
[0.692s] Level 1:colcon.colcon_core.package_identification:_identify(src/slam) by extensions ['cmake', 'python']
[0.692s] Level 1:colcon.colcon_core.package_identification:_identify(src/slam) by extension 'cmake'
[0.692s] Level 1:colcon.colcon_core.package_identification:_identify(src/slam) by extension 'python'
[0.692s] Level 1:colcon.colcon_core.package_identification:_identify(src/slam) by extensions ['python_setup_py']
[0.692s] Level 1:colcon.colcon_core.package_identification:_identify(src/slam) by extension 'python_setup_py'
[0.693s] Level 1:colcon.colcon_core.package_identification:_identify(src/slam/fast_lio) by extensions ['ignore', 'ignore_ament_install']
[0.693s] Level 1:colcon.colcon_core.package_identification:_identify(src/slam/fast_lio) by extension 'ignore'
[0.693s] Level 1:colcon.colcon_core.package_identification:_identify(src/slam/fast_lio) by extension 'ignore_ament_install'
[0.693s] Level 1:colcon.colcon_core.package_identification:_identify(src/slam/fast_lio) by extensions ['colcon_pkg']
[0.693s] Level 1:colcon.colcon_core.package_identification:_identify(src/slam/fast_lio) by extension 'colcon_pkg'
[0.693s] Level 1:colcon.colcon_core.package_identification:_identify(src/slam/fast_lio) by extensions ['colcon_meta']
[0.693s] Level 1:colcon.colcon_core.package_identification:_identify(src/slam/fast_lio) by extension 'colcon_meta'
[0.694s] Level 1:colcon.colcon_core.package_identification:_identify(src/slam/fast_lio) by extensions ['ros']
[0.694s] Level 1:colcon.colcon_core.package_identification:_identify(src/slam/fast_lio) by extension 'ros'
[0.696s] DEBUG:colcon.colcon_core.package_identification:Package 'src/slam/fast_lio' with type 'ros.ament_cmake' and name 'fast_lio'
[0.696s] Level 1:colcon.colcon_core.package_identification:_identify(src/ugv_sdk) by extensions ['ignore', 'ignore_ament_install']
[0.697s] Level 1:colcon.colcon_core.package_identification:_identify(src/ugv_sdk) by extension 'ignore'
[0.697s] Level 1:colcon.colcon_core.package_identification:_identify(src/ugv_sdk) by extension 'ignore_ament_install'
[0.697s] Level 1:colcon.colcon_core.package_identification:_identify(src/ugv_sdk) by extensions ['colcon_pkg']
[0.697s] Level 1:colcon.colcon_core.package_identification:_identify(src/ugv_sdk) by extension 'colcon_pkg'
[0.697s] Level 1:colcon.colcon_core.package_identification:_identify(src/ugv_sdk) by extensions ['colcon_meta']
[0.697s] Level 1:colcon.colcon_core.package_identification:_identify(src/ugv_sdk) by extension 'colcon_meta'
[0.697s] Level 1:colcon.colcon_core.package_identification:_identify(src/ugv_sdk) by extensions ['ros']
[0.697s] Level 1:colcon.colcon_core.package_identification:_identify(src/ugv_sdk) by extension 'ros'
[0.698s] DEBUG:colcon.colcon_core.package_identification:Package 'src/ugv_sdk' with type 'ros.catkin' and name 'ugv_sdk'
[0.698s] Level 1:colcon.colcon_core.package_discovery:discover_packages(recursive) using defaults
[0.699s] Level 1:colcon.colcon_core.package_discovery:discover_packages(ignore) discover
[0.699s] Level 1:colcon.colcon_core.package_discovery:discover_packages(ignore) using defaults
[0.699s] Level 1:colcon.colcon_core.package_discovery:discover_packages(path) discover
[0.699s] Level 1:colcon.colcon_core.package_discovery:discover_packages(path) using defaults
[0.776s] INFO:colcon.colcon_core.package_selection:Skipping not selected package 'livox_ros_driver2' in 'src/driver/livox_ros_driver2'
[0.776s] INFO:colcon.colcon_core.package_selection:Skipping not selected package 'nav_tf_bridge' in 'src/nav_tf_bridge'
[0.776s] INFO:colcon.colcon_core.package_selection:Skipping not selected package 'pcd_ndt_localization' in 'src/localization/pcd_ndt_localization'
[0.776s] INFO:colcon.colcon_core.package_selection:Skipping not selected package 'ranger_bringup' in 'src/ranger_ros2/ranger_bringup'
[0.777s] INFO:colcon.colcon_core.package_selection:Skipping not selected package 'ranger_msgs' in 'src/ranger_ros2/ranger_msgs'
[0.777s] INFO:colcon.colcon_core.package_selection:Skipping not selected package 'ugv_sdk' in 'src/ugv_sdk'
[0.777s] INFO:colcon.colcon_core.package_selection:Skipping not selected package 'vikit_common' in 'src/depd/rpg_vikit/vikit_common'
[0.777s] INFO:colcon.colcon_core.package_selection:Skipping not selected package 'ranger_base' in 'src/ranger_ros2/ranger_base'
[0.777s] INFO:colcon.colcon_core.package_selection:Skipping not selected package 'vikit_ros' in 'src/depd/rpg_vikit/vikit_ros'
[0.778s] Level 1:colcon.colcon_core.package_discovery:discover_packages(prefix_path) check parameters
[0.778s] Level 1:colcon.colcon_core.package_discovery:discover_packages(prefix_path) discover
[0.784s] DEBUG:colcon.colcon_installed_package_information.package_discovery:Found 10 installed packages in /home/seeed/ros2/ws/install
[0.787s] DEBUG:colcon.colcon_installed_package_information.package_discovery:Found 321 installed packages in /opt/ros/humble
[0.790s] Level 1:colcon.colcon_core.package_discovery:discover_packages(prefix_path) using defaults
[0.886s] Level 5:colcon.colcon_core.verb:set package 'fast_lio' build argument 'cmake_args' from command line to 'None'
[0.887s] Level 5:colcon.colcon_core.verb:set package 'fast_lio' build argument 'cmake_target' from command line to 'None'
[0.887s] Level 5:colcon.colcon_core.verb:set package 'fast_lio' build argument 'cmake_target_skip_unavailable' from command line to 'False'
[0.887s] Level 5:colcon.colcon_core.verb:set package 'fast_lio' build argument 'cmake_clean_cache' from command line to 'False'
[0.887s] Level 5:colcon.colcon_core.verb:set package 'fast_lio' build argument 'cmake_clean_first' from command line to 'False'
[0.887s] Level 5:colcon.colcon_core.verb:set package 'fast_lio' build argument 'cmake_force_configure' from command line to 'False'
[0.887s] Level 5:colcon.colcon_core.verb:set package 'fast_lio' build argument 'ament_cmake_args' from command line to 'None'
[0.887s] Level 5:colcon.colcon_core.verb:set package 'fast_lio' build argument 'catkin_cmake_args' from command line to 'None'
[0.887s] Level 5:colcon.colcon_core.verb:set package 'fast_lio' build argument 'catkin_skip_building_tests' from command line to 'False'
[0.887s] DEBUG:colcon.colcon_core.verb:Building package 'fast_lio' with the following arguments: {'ament_cmake_args': None, 'build_base': '/home/seeed/ros2/ws/build/fast_lio', 'catkin_cmake_args': None, 'catkin_skip_building_tests': False, 'cmake_args': None, 'cmake_clean_cache': False, 'cmake_clean_first': False, 'cmake_force_configure': False, 'cmake_target': None, 'cmake_target_skip_unavailable': False, 'install_base': '/home/seeed/ros2/ws/install/fast_lio', 'merge_install': False, 'path': '/home/seeed/ros2/ws/src/slam/fast_lio', 'symlink_install': True, 'test_result_base': None}
[0.888s] INFO:colcon.colcon_core.executor:Executing jobs using 'parallel' executor
[0.890s] DEBUG:colcon.colcon_parallel_executor.executor.parallel:run_until_complete
[0.890s] INFO:colcon.colcon_ros.task.ament_cmake.build:Building ROS package in '/home/seeed/ros2/ws/src/slam/fast_lio' with build type 'ament_cmake'
[0.891s] INFO:colcon.colcon_cmake.task.cmake.build:Building CMake package in '/home/seeed/ros2/ws/src/slam/fast_lio'
[0.895s] INFO:colcon.colcon_core.plugin_system:Skipping extension 'colcon_core.shell.bat': Not used on non-Windows systems
[0.896s] INFO:colcon.colcon_core.shell:Skip shell extension 'powershell' for command environment: Not usable outside of PowerShell
[0.896s] DEBUG:colcon.colcon_core.shell:Skip shell extension 'dsv' for command environment
[0.923s] DEBUG:colcon.colcon_core.event_handler.log_command:Invoking command in '/home/seeed/ros2/ws/build/fast_lio': CMAKE_PREFIX_PATH=/home/seeed/ros2/ws/install/livox_ros_driver2:/home/seeed/ros2/ws/install/vikit_ros:/opt/ros/humble:/home/seeed/ros2/ws/install/vikit_common:/home/seeed/ros2/ws/install/ranger_base:/home/seeed/ros2/ws/install/ugv_sdk:/home/seeed/ros2/ws/install/ranger_msgs:/home/seeed/ros2/ws/install/ranger_bringup:/home/seeed/ros2/ws/install/pcd_ndt_localization:/home/seeed/ros2/ws/install/nav_tf_bridge:/home/seeed/ros2/ws/install/fast_lio LD_LIBRARY_PATH=/home/seeed/ros2/ws/install/livox_ros_driver2/lib:/home/seeed/ros2/ws/install/vikit_ros/lib:/home/seeed/ros2/ws/install/vikit_common/lib:/home/seeed/ros2/ws/install/ranger_msgs/lib:/home/seeed/ros2/ws/install/fast_lio/lib:/opt/ros/humble/opt/rviz_ogre_vendor/lib:/opt/ros/humble/lib/aarch64-linux-gnu:/opt/ros/humble/lib /usr/local/bin/cmake --build /home/seeed/ros2/ws/build/fast_lio -- -j6 -l6
[182.461s] DEBUG:colcon.colcon_core.event_handler.log_command:Invoked command in '/home/seeed/ros2/ws/build/fast_lio' returned '0': CMAKE_PREFIX_PATH=/home/seeed/ros2/ws/install/livox_ros_driver2:/home/seeed/ros2/ws/install/vikit_ros:/opt/ros/humble:/home/seeed/ros2/ws/install/vikit_common:/home/seeed/ros2/ws/install/ranger_base:/home/seeed/ros2/ws/install/ugv_sdk:/home/seeed/ros2/ws/install/ranger_msgs:/home/seeed/ros2/ws/install/ranger_bringup:/home/seeed/ros2/ws/install/pcd_ndt_localization:/home/seeed/ros2/ws/install/nav_tf_bridge:/home/seeed/ros2/ws/install/fast_lio LD_LIBRARY_PATH=/home/seeed/ros2/ws/install/livox_ros_driver2/lib:/home/seeed/ros2/ws/install/vikit_ros/lib:/home/seeed/ros2/ws/install/vikit_common/lib:/home/seeed/ros2/ws/install/ranger_msgs/lib:/home/seeed/ros2/ws/install/fast_lio/lib:/opt/ros/humble/opt/rviz_ogre_vendor/lib:/opt/ros/humble/lib/aarch64-linux-gnu:/opt/ros/humble/lib /usr/local/bin/cmake --build /home/seeed/ros2/ws/build/fast_lio -- -j6 -l6
[182.472s] DEBUG:colcon.colcon_core.event_handler.log_command:Invoking command in '/home/seeed/ros2/ws/build/fast_lio': CMAKE_PREFIX_PATH=/home/seeed/ros2/ws/install/livox_ros_driver2:/home/seeed/ros2/ws/install/vikit_ros:/opt/ros/humble:/home/seeed/ros2/ws/install/vikit_common:/home/seeed/ros2/ws/install/ranger_base:/home/seeed/ros2/ws/install/ugv_sdk:/home/seeed/ros2/ws/install/ranger_msgs:/home/seeed/ros2/ws/install/ranger_bringup:/home/seeed/ros2/ws/install/pcd_ndt_localization:/home/seeed/ros2/ws/install/nav_tf_bridge:/home/seeed/ros2/ws/install/fast_lio LD_LIBRARY_PATH=/home/seeed/ros2/ws/install/livox_ros_driver2/lib:/home/seeed/ros2/ws/install/vikit_ros/lib:/home/seeed/ros2/ws/install/vikit_common/lib:/home/seeed/ros2/ws/install/ranger_msgs/lib:/home/seeed/ros2/ws/install/fast_lio/lib:/opt/ros/humble/opt/rviz_ogre_vendor/lib:/opt/ros/humble/lib/aarch64-linux-gnu:/opt/ros/humble/lib /usr/local/bin/cmake --install /home/seeed/ros2/ws/build/fast_lio
[182.636s] Level 1:colcon.colcon_core.environment:create_environment_scripts_only(fast_lio)
[182.637s] DEBUG:colcon.colcon_core.event_handler.log_command:Invoked command in '/home/seeed/ros2/ws/build/fast_lio' returned '0': CMAKE_PREFIX_PATH=/home/seeed/ros2/ws/install/livox_ros_driver2:/home/seeed/ros2/ws/install/vikit_ros:/opt/ros/humble:/home/seeed/ros2/ws/install/vikit_common:/home/seeed/ros2/ws/install/ranger_base:/home/seeed/ros2/ws/install/ugv_sdk:/home/seeed/ros2/ws/install/ranger_msgs:/home/seeed/ros2/ws/install/ranger_bringup:/home/seeed/ros2/ws/install/pcd_ndt_localization:/home/seeed/ros2/ws/install/nav_tf_bridge:/home/seeed/ros2/ws/install/fast_lio LD_LIBRARY_PATH=/home/seeed/ros2/ws/install/livox_ros_driver2/lib:/home/seeed/ros2/ws/install/vikit_ros/lib:/home/seeed/ros2/ws/install/vikit_common/lib:/home/seeed/ros2/ws/install/ranger_msgs/lib:/home/seeed/ros2/ws/install/fast_lio/lib:/opt/ros/humble/opt/rviz_ogre_vendor/lib:/opt/ros/humble/lib/aarch64-linux-gnu:/opt/ros/humble/lib /usr/local/bin/cmake --install /home/seeed/ros2/ws/build/fast_lio
[182.647s] Level 1:colcon.colcon_core.environment:checking '/home/seeed/ros2/ws/install/fast_lio' for CMake module files
[182.650s] Level 1:colcon.colcon_core.environment:checking '/home/seeed/ros2/ws/install/fast_lio' for CMake config files
[182.654s] Level 1:colcon.colcon_core.shell:create_environment_hook('fast_lio', 'cmake_prefix_path')
[182.655s] INFO:colcon.colcon_core.shell:Creating environment hook '/home/seeed/ros2/ws/install/fast_lio/share/fast_lio/hook/cmake_prefix_path.ps1'
[182.658s] INFO:colcon.colcon_core.shell:Creating environment descriptor '/home/seeed/ros2/ws/install/fast_lio/share/fast_lio/hook/cmake_prefix_path.dsv'
[182.660s] INFO:colcon.colcon_core.shell:Creating environment hook '/home/seeed/ros2/ws/install/fast_lio/share/fast_lio/hook/cmake_prefix_path.sh'
[182.664s] Level 1:colcon.colcon_core.environment:checking '/home/seeed/ros2/ws/install/fast_lio/lib'
[182.664s] Level 1:colcon.colcon_core.shell:create_environment_hook('fast_lio', 'ld_library_path_lib')
[182.665s] INFO:colcon.colcon_core.shell:Creating environment hook '/home/seeed/ros2/ws/install/fast_lio/share/fast_lio/hook/ld_library_path_lib.ps1'
[182.667s] INFO:colcon.colcon_core.shell:Creating environment descriptor '/home/seeed/ros2/ws/install/fast_lio/share/fast_lio/hook/ld_library_path_lib.dsv'
[182.668s] INFO:colcon.colcon_core.shell:Creating environment hook '/home/seeed/ros2/ws/install/fast_lio/share/fast_lio/hook/ld_library_path_lib.sh'
[182.670s] Level 1:colcon.colcon_core.environment:checking '/home/seeed/ros2/ws/install/fast_lio/bin'
[182.671s] Level 1:colcon.colcon_core.environment:checking '/home/seeed/ros2/ws/install/fast_lio/lib/pkgconfig/fast_lio.pc'
[182.672s] Level 1:colcon.colcon_core.environment:checking '/home/seeed/ros2/ws/install/fast_lio/lib/python3.10/site-packages'
[182.673s] Level 1:colcon.colcon_core.environment:checking '/home/seeed/ros2/ws/install/fast_lio/bin'
[182.674s] INFO:colcon.colcon_core.shell:Creating package script '/home/seeed/ros2/ws/install/fast_lio/share/fast_lio/package.ps1'
[182.680s] INFO:colcon.colcon_core.shell:Creating package descriptor '/home/seeed/ros2/ws/install/fast_lio/share/fast_lio/package.dsv'
[182.682s] INFO:colcon.colcon_core.shell:Creating package script '/home/seeed/ros2/ws/install/fast_lio/share/fast_lio/package.sh'
[182.685s] INFO:colcon.colcon_core.shell:Creating package script '/home/seeed/ros2/ws/install/fast_lio/share/fast_lio/package.bash'
[182.688s] INFO:colcon.colcon_core.shell:Creating package script '/home/seeed/ros2/ws/install/fast_lio/share/fast_lio/package.zsh'
[182.690s] Level 1:colcon.colcon_core.environment:create_file_with_runtime_dependencies(/home/seeed/ros2/ws/install/fast_lio/share/colcon-core/packages/fast_lio)
[182.693s] Level 1:colcon.colcon_core.environment:create_environment_scripts_only(fast_lio)
[182.693s] Level 1:colcon.colcon_core.environment:checking '/home/seeed/ros2/ws/install/fast_lio' for CMake module files
[182.696s] Level 1:colcon.colcon_core.environment:checking '/home/seeed/ros2/ws/install/fast_lio' for CMake config files
[182.699s] Level 1:colcon.colcon_core.shell:create_environment_hook('fast_lio', 'cmake_prefix_path')
[182.699s] INFO:colcon.colcon_core.shell:Creating environment hook '/home/seeed/ros2/ws/install/fast_lio/share/fast_lio/hook/cmake_prefix_path.ps1'
[182.701s] INFO:colcon.colcon_core.shell:Creating environment descriptor '/home/seeed/ros2/ws/install/fast_lio/share/fast_lio/hook/cmake_prefix_path.dsv'
[182.702s] INFO:colcon.colcon_core.shell:Creating environment hook '/home/seeed/ros2/ws/install/fast_lio/share/fast_lio/hook/cmake_prefix_path.sh'
[182.704s] Level 1:colcon.colcon_core.environment:checking '/home/seeed/ros2/ws/install/fast_lio/lib'
[182.704s] Level 1:colcon.colcon_core.shell:create_environment_hook('fast_lio', 'ld_library_path_lib')
[182.705s] INFO:colcon.colcon_core.shell:Creating environment hook '/home/seeed/ros2/ws/install/fast_lio/share/fast_lio/hook/ld_library_path_lib.ps1'
[182.706s] INFO:colcon.colcon_core.shell:Creating environment descriptor '/home/seeed/ros2/ws/install/fast_lio/share/fast_lio/hook/ld_library_path_lib.dsv'
[182.707s] INFO:colcon.colcon_core.shell:Creating environment hook '/home/seeed/ros2/ws/install/fast_lio/share/fast_lio/hook/ld_library_path_lib.sh'
[182.708s] Level 1:colcon.colcon_core.environment:checking '/home/seeed/ros2/ws/install/fast_lio/bin'
[182.708s] Level 1:colcon.colcon_core.environment:checking '/home/seeed/ros2/ws/install/fast_lio/lib/pkgconfig/fast_lio.pc'
[182.709s] Level 1:colcon.colcon_core.environment:checking '/home/seeed/ros2/ws/install/fast_lio/lib/python3.10/site-packages'
[182.710s] Level 1:colcon.colcon_core.environment:checking '/home/seeed/ros2/ws/install/fast_lio/bin'
[182.711s] INFO:colcon.colcon_core.shell:Creating package script '/home/seeed/ros2/ws/install/fast_lio/share/fast_lio/package.ps1'
[182.713s] INFO:colcon.colcon_core.shell:Creating package descriptor '/home/seeed/ros2/ws/install/fast_lio/share/fast_lio/package.dsv'
[182.715s] INFO:colcon.colcon_core.shell:Creating package script '/home/seeed/ros2/ws/install/fast_lio/share/fast_lio/package.sh'
[182.716s] INFO:colcon.colcon_core.shell:Creating package script '/home/seeed/ros2/ws/install/fast_lio/share/fast_lio/package.bash'
[182.717s] INFO:colcon.colcon_core.shell:Creating package script '/home/seeed/ros2/ws/install/fast_lio/share/fast_lio/package.zsh'
[182.718s] Level 1:colcon.colcon_core.environment:create_file_with_runtime_dependencies(/home/seeed/ros2/ws/install/fast_lio/share/colcon-core/packages/fast_lio)
[182.719s] DEBUG:colcon.colcon_parallel_executor.executor.parallel:closing loop
[182.720s] DEBUG:colcon.colcon_parallel_executor.executor.parallel:loop closed
[182.721s] DEBUG:colcon.colcon_parallel_executor.executor.parallel:run_until_complete finished with '0'
[182.721s] DEBUG:colcon.colcon_core.event_reactor:joining thread
[182.723s] DEBUG:colcon.colcon_core.event_reactor:joined thread
[182.723s] INFO:colcon.colcon_core.shell:Creating prefix script '/home/seeed/ros2/ws/install/local_setup.ps1'
[182.726s] INFO:colcon.colcon_core.shell:Creating prefix util module '/home/seeed/ros2/ws/install/_local_setup_util_ps1.py'
[182.730s] INFO:colcon.colcon_core.shell:Creating prefix chain script '/home/seeed/ros2/ws/install/setup.ps1'
[182.735s] INFO:colcon.colcon_core.shell:Creating prefix script '/home/seeed/ros2/ws/install/local_setup.sh'
[182.736s] INFO:colcon.colcon_core.shell:Creating prefix util module '/home/seeed/ros2/ws/install/_local_setup_util_sh.py'
[182.738s] INFO:colcon.colcon_core.shell:Creating prefix chain script '/home/seeed/ros2/ws/install/setup.sh'
[182.742s] INFO:colcon.colcon_core.shell:Creating prefix script '/home/seeed/ros2/ws/install/local_setup.bash'
[182.744s] INFO:colcon.colcon_core.shell:Creating prefix chain script '/home/seeed/ros2/ws/install/setup.bash'
[182.748s] INFO:colcon.colcon_core.shell:Creating prefix script '/home/seeed/ros2/ws/install/local_setup.zsh'
[182.749s] INFO:colcon.colcon_core.shell:Creating prefix chain script '/home/seeed/ros2/ws/install/setup.zsh'
