[0.000000] (-) TimerEvent: {}
[0.000592] (-) JobUnselected: {'identifier': 'fast_lio'}
[0.000678] (-) JobUnselected: {'identifier': 'livox_ros_driver2'}
[0.000730] (-) JobUnselected: {'identifier': 'ranger_base'}
[0.000772] (-) JobUnselected: {'identifier': 'ranger_bringup'}
[0.000813] (-) JobUnselected: {'identifier': 'ranger_msgs'}
[0.001374] (-) JobUnselected: {'identifier': 'ugv_sdk'}
[0.001757] (-) JobUnselected: {'identifier': 'vikit_common'}
[0.002197] (-) JobUnselected: {'identifier': 'vikit_ros'}
[0.002330] (pcd_ndt_localization) JobQueued: {'identifier': 'pcd_ndt_localization', 'dependencies': OrderedDict()}
[0.002427] (pcd_ndt_localization) JobStarted: {'identifier': 'pcd_ndt_localization'}
[0.021777] (pcd_ndt_localization) JobProgress: {'identifier': 'pcd_ndt_localization', 'progress': 'cmake'}
[0.024213] (pcd_ndt_localization) JobProgress: {'identifier': 'pcd_ndt_localization', 'progress': 'build'}
[0.026142] (pcd_ndt_localization) Command: {'cmd': ['/usr/local/bin/cmake', '--build', '/home/seeed/ros2/ws/build/pcd_ndt_localization', '--', '-j6', '-l6'], 'cwd': '/home/seeed/ros2/ws/build/pcd_ndt_localization', 'env': OrderedDict([('LANGUAGE', 'zh_CN:en'), ('USER', 'seeed'), ('SSH_CLIENT', '10.200.24.83 49811 22'), ('LC_TIME', 'zh_CN.UTF-8'), ('XDG_SESSION_TYPE', 'tty'), ('SHLVL', '1'), ('LD_LIBRARY_PATH', '/opt/ros/humble/opt/rviz_ogre_vendor/lib:/opt/ros/humble/lib/aarch64-linux-gnu:/opt/ros/humble/lib'), ('MOTD_SHOWN', 'pam'), ('HOME', '/home/seeed'), ('OLDPWD', '/home/seeed'), ('ROS_PYTHON_VERSION', '3'), ('LC_MONETARY', 'zh_CN.UTF-8'), ('LC_CTYPE', 'C.UTF-8'), ('DBUS_SESSION_BUS_ADDRESS', 'unix:path=/run/user/1000/bus'), ('ROS_DISTRO', 'humble'), ('LOGNAME', 'seeed'), ('_', '/usr/bin/colcon'), ('ROS_VERSION', '2'), ('XDG_SESSION_CLASS', 'user'), ('XDG_SESSION_ID', '113'), ('ROS_LOCALHOST_ONLY', '0'), ('PATH', '/opt/ros/humble/bin:/usr/local/sbin:/usr/local/bin:/usr/sbin:/usr/bin:/sbin:/bin:/usr/games:/usr/local/games:/snap/bin'), ('PAPERSIZE', 'a4'), ('LC_ADDRESS', 'zh_CN.UTF-8'), ('XDG_RUNTIME_DIR', '/run/user/1000'), ('DISPLAY', 'localhost:15.0'), ('LANG', 'zh_CN.UTF-8'), ('LC_TELEPHONE', 'zh_CN.UTF-8'), ('AMENT_PREFIX_PATH', '/opt/ros/humble'), ('SHELL', '/bin/bash'), ('LC_NAME', 'zh_CN.UTF-8'), ('LC_MEASUREMENT', 'zh_CN.UTF-8'), ('LC_IDENTIFICATION', 'zh_CN.UTF-8'), ('PWD', '/home/seeed/ros2/ws/build/pcd_ndt_localization'), ('LC_ALL', 'en_US.UTF-8'), ('SSH_CONNECTION', '10.200.24.83 49811 10.200.54.207 22'), ('PYTHONPATH', '/opt/ros/humble/lib/python3.10/site-packages:/opt/ros/humble/local/lib/python3.10/dist-packages'), ('LC_NUMERIC', 'zh_CN.UTF-8'), ('LC_PAPER', 'zh_CN.UTF-8'), ('COLCON', '1'), ('CMAKE_PREFIX_PATH', '/opt/ros/humble')]), 'shell': False}
[0.099295] (-) TimerEvent: {}
[0.108922] (pcd_ndt_localization) StdoutLine: {'line': b'[ 50%] Built target pcd_occupancy_grid_publisher\n'}
[0.146927] (pcd_ndt_localization) StdoutLine: {'line': b'[ 75%] Building CXX object CMakeFiles/pcd_ndt_localizer.dir/src/pcd_ndt_localizer.cpp.o\n'}
[0.199466] (-) TimerEvent: {}
[0.299918] (-) TimerEvent: {}
[0.400627] (-) TimerEvent: {}
[0.501026] (-) TimerEvent: {}
[0.601437] (-) TimerEvent: {}
[0.701844] (-) TimerEvent: {}
[0.802330] (-) TimerEvent: {}
[0.902803] (-) TimerEvent: {}
[1.003228] (-) TimerEvent: {}
[1.103698] (-) TimerEvent: {}
[1.204229] (-) TimerEvent: {}
[1.304714] (-) TimerEvent: {}
[1.405173] (-) TimerEvent: {}
[1.505861] (-) TimerEvent: {}
[1.606396] (-) TimerEvent: {}
[1.706810] (-) TimerEvent: {}
[1.807223] (-) TimerEvent: {}
[1.907624] (-) TimerEvent: {}
[2.008079] (-) TimerEvent: {}
[2.108544] (-) TimerEvent: {}
[2.209020] (-) TimerEvent: {}
[2.309502] (-) TimerEvent: {}
[2.409971] (-) TimerEvent: {}
[2.510434] (-) TimerEvent: {}
[2.610906] (-) TimerEvent: {}
[2.711381] (-) TimerEvent: {}
[2.811855] (-) TimerEvent: {}
[2.912311] (-) TimerEvent: {}
[3.012775] (-) TimerEvent: {}
[3.113233] (-) TimerEvent: {}
[3.213687] (-) TimerEvent: {}
[3.314183] (-) TimerEvent: {}
[3.414644] (-) TimerEvent: {}
[3.515090] (-) TimerEvent: {}
[3.615528] (-) TimerEvent: {}
[3.715989] (-) TimerEvent: {}
[3.816460] (-) TimerEvent: {}
[3.916983] (-) TimerEvent: {}
[4.017443] (-) TimerEvent: {}
[4.117936] (-) TimerEvent: {}
[4.218404] (-) TimerEvent: {}
[4.318915] (-) TimerEvent: {}
[4.419396] (-) TimerEvent: {}
[4.519852] (-) TimerEvent: {}
[4.620305] (-) TimerEvent: {}
[4.720787] (-) TimerEvent: {}
[4.821242] (-) TimerEvent: {}
[4.921699] (-) TimerEvent: {}
[5.022184] (-) TimerEvent: {}
[5.122621] (-) TimerEvent: {}
[5.223038] (-) TimerEvent: {}
[5.323447] (-) TimerEvent: {}
[5.423863] (-) TimerEvent: {}
[5.524286] (-) TimerEvent: {}
[5.624958] (-) TimerEvent: {}
[5.725468] (-) TimerEvent: {}
[5.825938] (-) TimerEvent: {}
[5.926378] (-) TimerEvent: {}
[6.026828] (-) TimerEvent: {}
[6.127273] (-) TimerEvent: {}
[6.227720] (-) TimerEvent: {}
[6.328161] (-) TimerEvent: {}
[6.428635] (-) TimerEvent: {}
[6.529102] (-) TimerEvent: {}
[6.629603] (-) TimerEvent: {}
[6.730053] (-) TimerEvent: {}
[6.830516] (-) TimerEvent: {}
[6.930975] (-) TimerEvent: {}
[7.031427] (-) TimerEvent: {}
[7.131894] (-) TimerEvent: {}
[7.232359] (-) TimerEvent: {}
[7.332794] (-) TimerEvent: {}
[7.433235] (-) TimerEvent: {}
[7.533707] (-) TimerEvent: {}
[7.634209] (-) TimerEvent: {}
[7.734696] (-) TimerEvent: {}
[7.835165] (-) TimerEvent: {}
[7.935656] (-) TimerEvent: {}
[8.036115] (-) TimerEvent: {}
[8.136600] (-) TimerEvent: {}
[8.237074] (-) TimerEvent: {}
[8.337518] (-) TimerEvent: {}
[8.437994] (-) TimerEvent: {}
[8.538452] (-) TimerEvent: {}
[8.638899] (-) TimerEvent: {}
[8.739372] (-) TimerEvent: {}
[8.839787] (-) TimerEvent: {}
[8.940228] (-) TimerEvent: {}
[9.040726] (-) TimerEvent: {}
[9.141236] (-) TimerEvent: {}
[9.241681] (-) TimerEvent: {}
[9.342228] (-) TimerEvent: {}
[9.442711] (-) TimerEvent: {}
[9.543180] (-) TimerEvent: {}
[9.643646] (-) TimerEvent: {}
[9.744120] (-) TimerEvent: {}
[9.844590] (-) TimerEvent: {}
[9.945064] (-) TimerEvent: {}
[10.045543] (-) TimerEvent: {}
[10.146056] (-) TimerEvent: {}
[10.246497] (-) TimerEvent: {}
[10.347006] (-) TimerEvent: {}
[10.447456] (-) TimerEvent: {}
[10.547985] (-) TimerEvent: {}
[10.648453] (-) TimerEvent: {}
[10.748982] (-) TimerEvent: {}
[10.849465] (-) TimerEvent: {}
[10.949988] (-) TimerEvent: {}
[11.050516] (-) TimerEvent: {}
[11.151047] (-) TimerEvent: {}
[11.251556] (-) TimerEvent: {}
[11.352162] (-) TimerEvent: {}
[11.452722] (-) TimerEvent: {}
[11.553176] (-) TimerEvent: {}
[11.653636] (-) TimerEvent: {}
[11.754148] (-) TimerEvent: {}
[11.854621] (-) TimerEvent: {}
[11.955092] (-) TimerEvent: {}
[12.055567] (-) TimerEvent: {}
[12.156347] (-) TimerEvent: {}
[12.257067] (-) TimerEvent: {}
[12.357570] (-) TimerEvent: {}
[12.458117] (-) TimerEvent: {}
[12.558683] (-) TimerEvent: {}
[12.659169] (-) TimerEvent: {}
[12.759659] (-) TimerEvent: {}
[12.860229] (-) TimerEvent: {}
[12.960791] (-) TimerEvent: {}
[13.061281] (-) TimerEvent: {}
[13.161748] (-) TimerEvent: {}
[13.262245] (-) TimerEvent: {}
[13.362713] (-) TimerEvent: {}
[13.463172] (-) TimerEvent: {}
[13.563659] (-) TimerEvent: {}
[13.664134] (-) TimerEvent: {}
[13.766622] (-) TimerEvent: {}
[13.867124] (-) TimerEvent: {}
[13.967567] (-) TimerEvent: {}
[14.067995] (-) TimerEvent: {}
[14.168451] (-) TimerEvent: {}
[14.268968] (-) TimerEvent: {}
[14.369439] (-) TimerEvent: {}
[14.469931] (-) TimerEvent: {}
[14.570371] (-) TimerEvent: {}
[14.670815] (-) TimerEvent: {}
[14.771291] (-) TimerEvent: {}
[14.871822] (-) TimerEvent: {}
[14.972395] (-) TimerEvent: {}
[15.072985] (-) TimerEvent: {}
[15.174060] (-) TimerEvent: {}
[15.274827] (-) TimerEvent: {}
[15.375280] (-) TimerEvent: {}
[15.475807] (-) TimerEvent: {}
[15.576369] (-) TimerEvent: {}
[15.676868] (-) TimerEvent: {}
[15.777332] (-) TimerEvent: {}
[15.877810] (-) TimerEvent: {}
[15.978380] (-) TimerEvent: {}
[16.078864] (-) TimerEvent: {}
[16.179326] (-) TimerEvent: {}
[16.279850] (-) TimerEvent: {}
[16.380370] (-) TimerEvent: {}
[16.480842] (-) TimerEvent: {}
[16.581308] (-) TimerEvent: {}
[16.681770] (-) TimerEvent: {}
[16.782250] (-) TimerEvent: {}
[16.882711] (-) TimerEvent: {}
[16.983181] (-) TimerEvent: {}
[17.083645] (-) TimerEvent: {}
[17.184150] (-) TimerEvent: {}
[17.284604] (-) TimerEvent: {}
[17.385127] (-) TimerEvent: {}
[17.485586] (-) TimerEvent: {}
[17.586052] (-) TimerEvent: {}
[17.686501] (-) TimerEvent: {}
[17.786912] (-) TimerEvent: {}
[17.887327] (-) TimerEvent: {}
[17.987770] (-) TimerEvent: {}
[18.088195] (-) TimerEvent: {}
[18.188643] (-) TimerEvent: {}
[18.289072] (-) TimerEvent: {}
[18.389647] (-) TimerEvent: {}
[18.490258] (-) TimerEvent: {}
[18.590683] (-) TimerEvent: {}
[18.691125] (-) TimerEvent: {}
[18.791570] (-) TimerEvent: {}
[18.892018] (-) TimerEvent: {}
[18.992738] (-) TimerEvent: {}
[19.093206] (-) TimerEvent: {}
[19.193666] (-) TimerEvent: {}
[19.294173] (-) TimerEvent: {}
[19.394637] (-) TimerEvent: {}
[19.495079] (-) TimerEvent: {}
[19.595520] (-) TimerEvent: {}
[19.695990] (-) TimerEvent: {}
[19.796461] (-) TimerEvent: {}
[19.896927] (-) TimerEvent: {}
[19.997379] (-) TimerEvent: {}
[20.097852] (-) TimerEvent: {}
[20.198333] (-) TimerEvent: {}
[20.298801] (-) TimerEvent: {}
[20.399270] (-) TimerEvent: {}
[20.499734] (-) TimerEvent: {}
[20.600188] (-) TimerEvent: {}
[20.700623] (-) TimerEvent: {}
[20.801051] (-) TimerEvent: {}
[20.901472] (-) TimerEvent: {}
[21.001922] (-) TimerEvent: {}
[21.102352] (-) TimerEvent: {}
[21.202800] (-) TimerEvent: {}
[21.303242] (-) TimerEvent: {}
[21.403680] (-) TimerEvent: {}
[21.504118] (-) TimerEvent: {}
[21.604544] (-) TimerEvent: {}
[21.704978] (-) TimerEvent: {}
[21.805443] (-) TimerEvent: {}
[21.906101] (-) TimerEvent: {}
[22.006506] (-) TimerEvent: {}
[22.106926] (-) TimerEvent: {}
[22.207370] (-) TimerEvent: {}
[22.307825] (-) TimerEvent: {}
[22.408287] (-) TimerEvent: {}
[22.508767] (-) TimerEvent: {}
[22.609217] (-) TimerEvent: {}
[22.709687] (-) TimerEvent: {}
[22.810175] (-) TimerEvent: {}
[22.910649] (-) TimerEvent: {}
[23.011128] (-) TimerEvent: {}
[23.111590] (-) TimerEvent: {}
[23.212088] (-) TimerEvent: {}
[23.312574] (-) TimerEvent: {}
[23.413069] (-) TimerEvent: {}
[23.513507] (-) TimerEvent: {}
[23.613928] (-) TimerEvent: {}
[23.714380] (-) TimerEvent: {}
[23.814845] (-) TimerEvent: {}
[23.915333] (-) TimerEvent: {}
[24.015803] (-) TimerEvent: {}
[24.116263] (-) TimerEvent: {}
[24.216753] (-) TimerEvent: {}
[24.317227] (-) TimerEvent: {}
[24.417695] (-) TimerEvent: {}
[24.518194] (-) TimerEvent: {}
[24.618641] (-) TimerEvent: {}
[24.719111] (-) TimerEvent: {}
[24.819575] (-) TimerEvent: {}
[24.920047] (-) TimerEvent: {}
[25.020505] (-) TimerEvent: {}
[25.120967] (-) TimerEvent: {}
[25.221421] (-) TimerEvent: {}
[25.322007] (-) TimerEvent: {}
[25.422559] (-) TimerEvent: {}
[25.523010] (-) TimerEvent: {}
[25.623627] (-) TimerEvent: {}
[25.724070] (-) TimerEvent: {}
[25.824484] (-) TimerEvent: {}
[25.924873] (-) TimerEvent: {}
[26.025275] (-) TimerEvent: {}
[26.125705] (-) TimerEvent: {}
[26.226250] (-) TimerEvent: {}
[26.326809] (-) TimerEvent: {}
[26.427389] (-) TimerEvent: {}
[26.527894] (-) TimerEvent: {}
[26.628443] (-) TimerEvent: {}
[26.728901] (-) TimerEvent: {}
[26.829423] (-) TimerEvent: {}
[26.929910] (-) TimerEvent: {}
[27.030462] (-) TimerEvent: {}
[27.130992] (-) TimerEvent: {}
[27.231478] (-) TimerEvent: {}
[27.331928] (-) TimerEvent: {}
[27.432353] (-) TimerEvent: {}
[27.532781] (-) TimerEvent: {}
[27.633226] (-) TimerEvent: {}
[27.733688] (-) TimerEvent: {}
[27.834175] (-) TimerEvent: {}
[27.934628] (-) TimerEvent: {}
[28.035089] (-) TimerEvent: {}
[28.135564] (-) TimerEvent: {}
[28.236037] (-) TimerEvent: {}
[28.336518] (-) TimerEvent: {}
[28.436974] (-) TimerEvent: {}
[28.537416] (-) TimerEvent: {}
[28.637904] (-) TimerEvent: {}
