[0.028s] Invoking command in '/home/seeed/ros2/ws/build/pcd_ndt_localization': CMAKE_PREFIX_PATH=/opt/ros/humble /usr/local/bin/cmake --build /home/seeed/ros2/ws/build/pcd_ndt_localization -- -j6 -l6
[0.119s] -- Found ament_cmake: 1.3.14 (/opt/ros/humble/share/ament_cmake/cmake)
[0.581s] -- Override CMake install command with custom implementation using symlinks instead of copying resources
[0.630s] -- Found geometry_msgs: 4.9.1 (/opt/ros/humble/share/geometry_msgs/cmake)
[0.725s] -- Found rosidl_generator_c: 3.1.8 (/opt/ros/humble/share/rosidl_generator_c/cmake)
[0.733s] -- Found rosidl_adapter: 3.1.8 (/opt/ros/humble/share/rosidl_adapter/cmake)
[0.753s] -- Found rosidl_generator_cpp: 3.1.8 (/opt/ros/humble/share/rosidl_generator_cpp/cmake)
[0.784s] -- Using all available rosidl_typesupport_c: rosidl_typesupport_fastrtps_c;rosidl_typesupport_introspection_c
[0.824s] -- Using all available rosidl_typesupport_cpp: rosidl_typesupport_fastrtps_cpp;rosidl_typesupport_introspection_cpp
[0.935s] -- Found nav_msgs: 4.9.1 (/opt/ros/humble/share/nav_msgs/cmake)
[1.002s] CMake Warning (dev) at /usr/lib/aarch64-linux-gnu/cmake/pcl/PCLConfig.cmake:146 (find_package):
[1.002s]   Policy CMP0144 is not set: find_package uses upper-case <PACKAGENAME>_ROOT
[1.003s]   variables.  Run "cmake --help-policy CMP0144" for policy details.  Use the
[1.003s]   cmake_policy command to set the policy and suppress this warning.
[1.003s] 
[1.003s]   CMake variable EIGEN_ROOT is set to:
[1.003s] 
[1.003s]     /usr/include/eigen3
[1.004s] 
[1.004s]   For compatibility, find_package is ignoring the variable, but code in a
[1.004s]   .cmake module might still use it.
[1.004s] Call Stack (most recent call first):
[1.004s]   /usr/lib/aarch64-linux-gnu/cmake/pcl/PCLConfig.cmake:299 (find_eigen)
[1.005s]   /usr/lib/aarch64-linux-gnu/cmake/pcl/PCLConfig.cmake:543 (find_external_library)
[1.005s]   CMakeLists.txt:12 (find_package)
[1.005s] This warning is for project developers.  Use -Wno-dev to suppress it.
[1.005s] 
[1.015s] -- Eigen found (include: /usr/include/eigen3, version: 3.4.0)
[1.050s] CMake Warning (dev) at /usr/lib/aarch64-linux-gnu/cmake/pcl/Modules/FindFLANN.cmake:44 (find_package):
[1.050s]   Policy CMP0144 is not set: find_package uses upper-case <PACKAGENAME>_ROOT
[1.050s]   variables.  Run "cmake --help-policy CMP0144" for policy details.  Use the
[1.051s]   cmake_policy command to set the policy and suppress this warning.
[1.051s] 
[1.051s]   CMake variable FLANN_ROOT is set to:
[1.051s] 
[1.051s]     /usr
[1.052s] 
[1.053s]   For compatibility, find_package is ignoring the variable, but code in a
[1.053s]   .cmake module might still use it.
[1.053s] Call Stack (most recent call first):
[1.053s]   /usr/lib/aarch64-linux-gnu/cmake/pcl/PCLConfig.cmake:256 (find_package)
[1.054s]   /usr/lib/aarch64-linux-gnu/cmake/pcl/PCLConfig.cmake:301 (find_flann)
[1.054s]   /usr/lib/aarch64-linux-gnu/cmake/pcl/PCLConfig.cmake:543 (find_external_library)
[1.054s]   CMakeLists.txt:12 (find_package)
[1.054s] This warning is for project developers.  Use -Wno-dev to suppress it.
[1.054s] 
[1.104s] -- FLANN found (include: /usr/include, lib: /usr/lib/aarch64-linux-gnu/libflann_cpp.so)
[1.131s] -- OpenNI found (version: 1.5.4.0, include: /usr/include/ni, lib: /usr/lib/libOpenNI.so;libusb::libusb)
[1.144s] -- OpenNI2 found (version: 2.2.0.33, include: /usr/include/openni2, lib: /usr/lib/aarch64-linux-gnu/libOpenNI2.so;libusb::libusb)
[1.144s] ** WARNING ** io features related to pcap will be disabled
[1.145s] ** WARNING ** io features related to png will be disabled
[2.241s] -- Eigen found (include: /usr/include/eigen3, version: 3.4.0)
[3.424s] -- looking for PCL_COMMON
[3.424s] -- looking for PCL_KDTREE
[3.426s] -- looking for PCL_OCTREE
[3.427s] -- looking for PCL_SEARCH
[3.428s] -- looking for PCL_SAMPLE_CONSENSUS
[3.429s] -- looking for PCL_FILTERS
[3.430s] -- looking for PCL_IO
[3.432s] -- looking for PCL_2D
[3.433s] -- looking for PCL_FEATURES
[3.435s] -- looking for PCL_REGISTRATION
[3.440s] -- Found pcl_conversions: 2.4.5 (/opt/ros/humble/share/pcl_conversions/cmake)
[3.539s] -- Found rmw_implementation_cmake: 6.1.2 (/opt/ros/humble/share/rmw_implementation_cmake/cmake)
[3.543s] -- Found rmw_fastrtps_cpp: 6.2.10 (/opt/ros/humble/share/rmw_fastrtps_cpp/cmake)
[3.806s] -- Using RMW implementation 'rmw_fastrtps_cpp' as default
[4.058s] -- Found tf2: 0.25.20 (/opt/ros/humble/share/tf2/cmake)
[4.073s] -- Found tf2_eigen: 0.25.20 (/opt/ros/humble/share/tf2_eigen/cmake)
[4.325s] -- Found visualization_msgs: 4.9.1 (/opt/ros/humble/share/visualization_msgs/cmake)
[4.592s] -- Configuring done (4.5s)
[4.767s] -- Generating done (0.1s)
[4.788s] -- Build files have been written to: /home/seeed/ros2/ws/build/pcd_ndt_localization
[4.953s] [ 50%] Building CXX object CMakeFiles/pcd_ndt_localizer.dir/src/pcd_ndt_localizer.cpp.o
[4.953s] [ 50%] Building CXX object CMakeFiles/pcd_occupancy_grid_publisher.dir/src/pcd_occupancy_grid_publisher.cpp.o
[32.433s] [ 75%] Linking CXX executable pcd_occupancy_grid_publisher
[33.420s] [ 75%] Built target pcd_occupancy_grid_publisher
[95.117s] [100%] Linking CXX executable pcd_ndt_localizer
[97.748s] [100%] Built target pcd_ndt_localizer
[97.758s] Invoked command in '/home/seeed/ros2/ws/build/pcd_ndt_localization' returned '0': CMAKE_PREFIX_PATH=/opt/ros/humble /usr/local/bin/cmake --build /home/seeed/ros2/ws/build/pcd_ndt_localization -- -j6 -l6
[97.768s] Invoking command in '/home/seeed/ros2/ws/build/pcd_ndt_localization': CMAKE_PREFIX_PATH=/opt/ros/humble /usr/local/bin/cmake --install /home/seeed/ros2/ws/build/pcd_ndt_localization
[97.774s] -- Install configuration: "Release"
[97.775s] -- Execute custom install script
[97.776s] -- Up-to-date symlink: /home/seeed/ros2/ws/install/pcd_ndt_localization/lib/pcd_ndt_localization/pcd_ndt_localizer
[97.776s] -- Up-to-date symlink: /home/seeed/ros2/ws/install/pcd_ndt_localization/lib/pcd_ndt_localization/pcd_occupancy_grid_publisher
[97.777s] -- Up-to-date symlink: /home/seeed/ros2/ws/install/pcd_ndt_localization/share/pcd_ndt_localization/config/ndt_localization.yaml
[97.777s] -- Up-to-date symlink: /home/seeed/ros2/ws/install/pcd_ndt_localization/share/pcd_ndt_localization/launch/localization.launch.py
[97.778s] -- Up-to-date symlink: /home/seeed/ros2/ws/install/pcd_ndt_localization/share/ament_index/resource_index/package_run_dependencies/pcd_ndt_localization
[97.779s] -- Up-to-date symlink: /home/seeed/ros2/ws/install/pcd_ndt_localization/share/ament_index/resource_index/parent_prefix_path/pcd_ndt_localization
[97.780s] -- Up-to-date symlink: /home/seeed/ros2/ws/install/pcd_ndt_localization/share/pcd_ndt_localization/environment/ament_prefix_path.sh
[97.780s] -- Up-to-date symlink: /home/seeed/ros2/ws/install/pcd_ndt_localization/share/pcd_ndt_localization/environment/ament_prefix_path.dsv
[97.781s] -- Up-to-date symlink: /home/seeed/ros2/ws/install/pcd_ndt_localization/share/pcd_ndt_localization/environment/path.sh
[97.781s] -- Up-to-date symlink: /home/seeed/ros2/ws/install/pcd_ndt_localization/share/pcd_ndt_localization/environment/path.dsv
[97.782s] -- Up-to-date symlink: /home/seeed/ros2/ws/install/pcd_ndt_localization/share/pcd_ndt_localization/local_setup.bash
[97.782s] -- Up-to-date symlink: /home/seeed/ros2/ws/install/pcd_ndt_localization/share/pcd_ndt_localization/local_setup.sh
[97.783s] -- Up-to-date symlink: /home/seeed/ros2/ws/install/pcd_ndt_localization/share/pcd_ndt_localization/local_setup.zsh
[97.783s] -- Up-to-date symlink: /home/seeed/ros2/ws/install/pcd_ndt_localization/share/pcd_ndt_localization/local_setup.dsv
[97.783s] -- Symlinking: /home/seeed/ros2/ws/install/pcd_ndt_localization/share/pcd_ndt_localization/package.dsv
[97.788s] -- Up-to-date symlink: /home/seeed/ros2/ws/install/pcd_ndt_localization/share/ament_index/resource_index/packages/pcd_ndt_localization
[97.789s] -- Up-to-date symlink: /home/seeed/ros2/ws/install/pcd_ndt_localization/share/pcd_ndt_localization/cmake/pcd_ndt_localizationConfig.cmake
[97.790s] -- Up-to-date symlink: /home/seeed/ros2/ws/install/pcd_ndt_localization/share/pcd_ndt_localization/cmake/pcd_ndt_localizationConfig-version.cmake
[97.790s] -- Up-to-date symlink: /home/seeed/ros2/ws/install/pcd_ndt_localization/share/pcd_ndt_localization/package.xml
[97.793s] Invoked command in '/home/seeed/ros2/ws/build/pcd_ndt_localization' returned '0': CMAKE_PREFIX_PATH=/opt/ros/humble /usr/local/bin/cmake --install /home/seeed/ros2/ws/build/pcd_ndt_localization
