[0.000000] (-) TimerEvent: {}
[0.000276] (-) JobUnselected: {'identifier': 'fast_lio'}
[0.000593] (-) JobUnselected: {'identifier': 'livox_ros_driver2'}
[0.001141] (-) JobUnselected: {'identifier': 'nav_tf_bridge'}
[0.001483] (-) JobUnselected: {'identifier': 'ranger_base'}
[0.001873] (-) JobUnselected: {'identifier': 'ranger_bringup'}
[0.001965] (-) JobUnselected: {'identifier': 'ranger_msgs'}
[0.002340] (-) JobUnselected: {'identifier': 'ugv_sdk'}
[0.002778] (-) JobUnselected: {'identifier': 'vikit_common'}
[0.002857] (-) JobUnselected: {'identifier': 'vikit_ros'}
[0.003026] (pcd_ndt_localization) JobQueued: {'identifier': 'pcd_ndt_localization', 'dependencies': OrderedDict()}
[0.003299] (pcd_ndt_localization) JobStarted: {'identifier': 'pcd_ndt_localization'}
[0.018540] (pcd_ndt_localization) JobProgress: {'identifier': 'pcd_ndt_localization', 'progress': 'cmake'}
[0.020896] (pcd_ndt_localization) JobProgress: {'identifier': 'pcd_ndt_localization', 'progress': 'build'}
[0.022934] (pcd_ndt_localization) Command: {'cmd': ['/usr/local/bin/cmake', '--build', '/home/seeed/ros2/ws/build/pcd_ndt_localization', '--', '-j6', '-l6'], 'cwd': '/home/seeed/ros2/ws/build/pcd_ndt_localization', 'env': OrderedDict([('LANGUAGE', 'zh_CN:en'), ('USER', 'seeed'), ('SSH_CLIENT', '192.168.1.101 59719 22'), ('LC_TIME', 'zh_CN.UTF-8'), ('XDG_SESSION_TYPE', 'tty'), ('SHLVL', '0'), ('LD_LIBRARY_PATH', '/opt/ros/humble/opt/rviz_ogre_vendor/lib:/opt/ros/humble/lib/aarch64-linux-gnu:/opt/ros/humble/lib'), ('MOTD_SHOWN', 'pam'), ('HOME', '/home/seeed'), ('OLDPWD', '/home/seeed'), ('ROS_PYTHON_VERSION', '3'), ('LC_MONETARY', 'zh_CN.UTF-8'), ('LC_CTYPE', 'C.UTF-8'), ('DBUS_SESSION_BUS_ADDRESS', 'unix:path=/run/user/1000/bus'), ('ROS_DISTRO', 'humble'), ('LOGNAME', 'seeed'), ('_', '/usr/bin/colcon'), ('ROS_VERSION', '2'), ('XDG_SESSION_CLASS', 'user'), ('XDG_SESSION_ID', '616'), ('ROS_LOCALHOST_ONLY', '0'), ('PATH', '/opt/ros/humble/bin:/usr/local/sbin:/usr/local/bin:/usr/sbin:/usr/bin:/sbin:/bin:/usr/games:/usr/local/games:/snap/bin'), ('PAPERSIZE', 'a4'), ('LC_ADDRESS', 'zh_CN.UTF-8'), ('XDG_RUNTIME_DIR', '/run/user/1000'), ('LANG', 'zh_CN.UTF-8'), ('LC_TELEPHONE', 'zh_CN.UTF-8'), ('AMENT_PREFIX_PATH', '/opt/ros/humble'), ('SHELL', '/bin/bash'), ('LC_NAME', 'zh_CN.UTF-8'), ('LC_MEASUREMENT', 'zh_CN.UTF-8'), ('LC_IDENTIFICATION', 'zh_CN.UTF-8'), ('PWD', '/home/seeed/ros2/ws/build/pcd_ndt_localization'), ('LC_ALL', 'en_US.UTF-8'), ('SSH_CONNECTION', '192.168.1.101 59719 192.168.1.104 22'), ('PYTHONPATH', '/opt/ros/humble/lib/python3.10/site-packages:/opt/ros/humble/local/lib/python3.10/dist-packages'), ('LC_NUMERIC', 'zh_CN.UTF-8'), ('LC_PAPER', 'zh_CN.UTF-8'), ('COLCON', '1'), ('CMAKE_PREFIX_PATH', '/opt/ros/humble')]), 'shell': False}
[0.099368] (-) TimerEvent: {}
[0.126987] (pcd_ndt_localization) StdoutLine: {'line': b'[ 50%] Built target pcd_occupancy_grid_publisher\n'}
[0.159316] (pcd_ndt_localization) StdoutLine: {'line': b'[ 75%] Building CXX object CMakeFiles/pcd_ndt_localizer.dir/src/pcd_ndt_localizer.cpp.o\n'}
[0.199545] (-) TimerEvent: {}
[0.299899] (-) TimerEvent: {}
[0.400269] (-) TimerEvent: {}
[0.502654] (-) TimerEvent: {}
[0.603036] (-) TimerEvent: {}
[0.703403] (-) TimerEvent: {}
[0.803789] (-) TimerEvent: {}
[0.904457] (-) TimerEvent: {}
[1.004848] (-) TimerEvent: {}
[1.105239] (-) TimerEvent: {}
[1.205624] (-) TimerEvent: {}
[1.305997] (-) TimerEvent: {}
[1.406530] (-) TimerEvent: {}
[1.506904] (-) TimerEvent: {}
[1.607630] (-) TimerEvent: {}
[1.707998] (-) TimerEvent: {}
[1.808364] (-) TimerEvent: {}
[1.908784] (-) TimerEvent: {}
[2.009265] (-) TimerEvent: {}
[2.109643] (-) TimerEvent: {}
[2.210009] (-) TimerEvent: {}
[2.310334] (-) TimerEvent: {}
[2.410698] (-) TimerEvent: {}
[2.511066] (-) TimerEvent: {}
[2.611487] (-) TimerEvent: {}
[2.711848] (-) TimerEvent: {}
[2.812197] (-) TimerEvent: {}
[2.912564] (-) TimerEvent: {}
[3.013049] (-) TimerEvent: {}
[3.113420] (-) TimerEvent: {}
[3.213787] (-) TimerEvent: {}
[3.314146] (-) TimerEvent: {}
[3.414821] (-) TimerEvent: {}
[3.515184] (-) TimerEvent: {}
[3.615539] (-) TimerEvent: {}
[3.715898] (-) TimerEvent: {}
[3.816310] (-) TimerEvent: {}
[3.916686] (-) TimerEvent: {}
[4.017152] (-) TimerEvent: {}
[4.117501] (-) TimerEvent: {}
[4.217890] (-) TimerEvent: {}
[4.318255] (-) TimerEvent: {}
[4.418631] (-) TimerEvent: {}
[4.519032] (-) TimerEvent: {}
[4.620716] (-) TimerEvent: {}
[4.721115] (-) TimerEvent: {}
[4.821628] (-) TimerEvent: {}
[4.922040] (-) TimerEvent: {}
[5.023809] (-) TimerEvent: {}
[5.124221] (-) TimerEvent: {}
[5.224657] (-) TimerEvent: {}
[5.327191] (-) TimerEvent: {}
[5.427635] (-) TimerEvent: {}
[5.528010] (-) TimerEvent: {}
[5.628404] (-) TimerEvent: {}
[5.729028] (-) TimerEvent: {}
[5.829417] (-) TimerEvent: {}
[5.929836] (-) TimerEvent: {}
[6.030266] (-) TimerEvent: {}
[6.130634] (-) TimerEvent: {}
[6.231003] (-) TimerEvent: {}
[6.331388] (-) TimerEvent: {}
[6.431793] (-) TimerEvent: {}
[6.534299] (-) TimerEvent: {}
[6.634695] (-) TimerEvent: {}
[6.735278] (-) TimerEvent: {}
[6.835670] (-) TimerEvent: {}
[6.936036] (-) TimerEvent: {}
[7.036408] (-) TimerEvent: {}
[7.136826] (-) TimerEvent: {}
[7.237189] (-) TimerEvent: {}
[7.337586] (-) TimerEvent: {}
[7.437966] (-) TimerEvent: {}
[7.538345] (-) TimerEvent: {}
[7.638740] (-) TimerEvent: {}
[7.739107] (-) TimerEvent: {}
[7.839483] (-) TimerEvent: {}
[7.939862] (-) TimerEvent: {}
[8.040241] (-) TimerEvent: {}
[8.140624] (-) TimerEvent: {}
[8.241063] (-) TimerEvent: {}
[8.341483] (-) TimerEvent: {}
[8.441927] (-) TimerEvent: {}
[8.542499] (-) TimerEvent: {}
[8.642967] (-) TimerEvent: {}
[8.743314] (-) TimerEvent: {}
[8.843778] (-) TimerEvent: {}
[8.945076] (-) TimerEvent: {}
[9.045585] (-) TimerEvent: {}
[9.145975] (-) TimerEvent: {}
[9.246351] (-) TimerEvent: {}
[9.346886] (-) TimerEvent: {}
[9.447314] (-) TimerEvent: {}
[9.547694] (-) TimerEvent: {}
[9.648063] (-) TimerEvent: {}
[9.748435] (-) TimerEvent: {}
[9.848806] (-) TimerEvent: {}
[9.949206] (-) TimerEvent: {}
[10.049567] (-) TimerEvent: {}
[10.149928] (-) TimerEvent: {}
[10.250297] (-) TimerEvent: {}
[10.350675] (-) TimerEvent: {}
[10.451032] (-) TimerEvent: {}
[10.551553] (-) TimerEvent: {}
[10.651933] (-) TimerEvent: {}
[10.752307] (-) TimerEvent: {}
[10.852679] (-) TimerEvent: {}
[10.953073] (-) TimerEvent: {}
[11.053441] (-) TimerEvent: {}
[11.153821] (-) TimerEvent: {}
[11.254261] (-) TimerEvent: {}
[11.354632] (-) TimerEvent: {}
[11.455003] (-) TimerEvent: {}
[11.555370] (-) TimerEvent: {}
[11.655741] (-) TimerEvent: {}
[11.757389] (-) TimerEvent: {}
[11.857760] (-) TimerEvent: {}
[11.958132] (-) TimerEvent: {}
[12.058505] (-) TimerEvent: {}
[12.158885] (-) TimerEvent: {}
[12.259274] (-) TimerEvent: {}
[12.359771] (-) TimerEvent: {}
[12.460151] (-) TimerEvent: {}
[12.560553] (-) TimerEvent: {}
[12.660938] (-) TimerEvent: {}
[12.761381] (-) TimerEvent: {}
[12.861759] (-) TimerEvent: {}
[12.962151] (-) TimerEvent: {}
[13.062649] (-) TimerEvent: {}
[13.163188] (-) TimerEvent: {}
[13.263558] (-) TimerEvent: {}
[13.365037] (-) TimerEvent: {}
[13.465463] (-) TimerEvent: {}
[13.565858] (-) TimerEvent: {}
[13.666265] (-) TimerEvent: {}
[13.766641] (-) TimerEvent: {}
[13.867005] (-) TimerEvent: {}
[13.967373] (-) TimerEvent: {}
[14.067733] (-) TimerEvent: {}
[14.168106] (-) TimerEvent: {}
[14.268474] (-) TimerEvent: {}
[14.368852] (-) TimerEvent: {}
[14.469292] (-) TimerEvent: {}
[14.569665] (-) TimerEvent: {}
[14.670041] (-) TimerEvent: {}
[14.770414] (-) TimerEvent: {}
[14.870926] (-) TimerEvent: {}
[14.971528] (-) TimerEvent: {}
[15.071909] (-) TimerEvent: {}
[15.172289] (-) TimerEvent: {}
[15.272660] (-) TimerEvent: {}
[15.373124] (-) TimerEvent: {}
[15.473479] (-) TimerEvent: {}
[15.573853] (-) TimerEvent: {}
[15.674186] (-) TimerEvent: {}
[15.774561] (-) TimerEvent: {}
[15.874920] (-) TimerEvent: {}
[15.975280] (-) TimerEvent: {}
[16.075647] (-) TimerEvent: {}
[16.176047] (-) TimerEvent: {}
[16.276464] (-) TimerEvent: {}
[16.376846] (-) TimerEvent: {}
[16.478807] (-) TimerEvent: {}
[16.579540] (-) TimerEvent: {}
[16.679965] (-) TimerEvent: {}
[16.780384] (-) TimerEvent: {}
[16.880853] (-) TimerEvent: {}
[16.981283] (-) TimerEvent: {}
[17.081680] (-) TimerEvent: {}
[17.182074] (-) TimerEvent: {}
[17.282544] (-) TimerEvent: {}
[17.383076] (-) TimerEvent: {}
[17.483489] (-) TimerEvent: {}
[17.584052] (-) TimerEvent: {}
[17.684550] (-) TimerEvent: {}
[17.785068] (-) TimerEvent: {}
[17.885484] (-) TimerEvent: {}
[17.985855] (-) TimerEvent: {}
[18.086239] (-) TimerEvent: {}
[18.186593] (-) TimerEvent: {}
[18.287992] (-) TimerEvent: {}
[18.388359] (-) TimerEvent: {}
[18.488784] (-) TimerEvent: {}
[18.589208] (-) TimerEvent: {}
[18.689591] (-) TimerEvent: {}
[18.789951] (-) TimerEvent: {}
[18.890321] (-) TimerEvent: {}
[18.990696] (-) TimerEvent: {}
[19.091073] (-) TimerEvent: {}
[19.191492] (-) TimerEvent: {}
[19.291880] (-) TimerEvent: {}
[19.392357] (-) TimerEvent: {}
[19.492779] (-) TimerEvent: {}
[19.593252] (-) TimerEvent: {}
[19.693862] (-) TimerEvent: {}
[19.794235] (-) TimerEvent: {}
[19.897378] (-) TimerEvent: {}
[19.997753] (-) TimerEvent: {}
[20.098103] (-) TimerEvent: {}
[20.198577] (-) TimerEvent: {}
[20.299078] (-) TimerEvent: {}
[20.399534] (-) TimerEvent: {}
[20.499915] (-) TimerEvent: {}
[20.601030] (-) TimerEvent: {}
[20.701492] (-) TimerEvent: {}
[20.801881] (-) TimerEvent: {}
[20.902258] (-) TimerEvent: {}
[21.002677] (-) TimerEvent: {}
[21.103144] (-) TimerEvent: {}
[21.204063] (-) TimerEvent: {}
[21.304981] (-) TimerEvent: {}
[21.405356] (-) TimerEvent: {}
[21.505753] (-) TimerEvent: {}
[21.606890] (-) TimerEvent: {}
[21.707266] (-) TimerEvent: {}
[21.807642] (-) TimerEvent: {}
[21.908009] (-) TimerEvent: {}
[22.008360] (-) TimerEvent: {}
[22.108687] (-) TimerEvent: {}
[22.209087] (-) TimerEvent: {}
[22.309446] (-) TimerEvent: {}
[22.409859] (-) TimerEvent: {}
[22.510241] (-) TimerEvent: {}
[22.610636] (-) TimerEvent: {}
[22.711047] (-) TimerEvent: {}
[22.811499] (-) TimerEvent: {}
[22.911875] (-) TimerEvent: {}
[23.012242] (-) TimerEvent: {}
[23.112611] (-) TimerEvent: {}
[23.213020] (-) TimerEvent: {}
[23.313418] (-) TimerEvent: {}
[23.413785] (-) TimerEvent: {}
[23.514171] (-) TimerEvent: {}
[23.614546] (-) TimerEvent: {}
[23.714992] (-) TimerEvent: {}
[23.815420] (-) TimerEvent: {}
[23.915798] (-) TimerEvent: {}
[24.016167] (-) TimerEvent: {}
[24.116544] (-) TimerEvent: {}
[24.216925] (-) TimerEvent: {}
[24.317333] (-) TimerEvent: {}
[24.417711] (-) TimerEvent: {}
[24.518088] (-) TimerEvent: {}
[24.618465] (-) TimerEvent: {}
[24.719785] (-) TimerEvent: {}
[24.820211] (-) TimerEvent: {}
[24.920605] (-) TimerEvent: {}
[25.021084] (-) TimerEvent: {}
[25.121463] (-) TimerEvent: {}
[25.223971] (-) TimerEvent: {}
[25.326334] (-) TimerEvent: {}
[25.426780] (-) TimerEvent: {}
[25.527237] (-) TimerEvent: {}
[25.627700] (-) TimerEvent: {}
[25.728072] (-) TimerEvent: {}
[25.828494] (-) TimerEvent: {}
[25.928926] (-) TimerEvent: {}
[26.029342] (-) TimerEvent: {}
[26.129710] (-) TimerEvent: {}
[26.230082] (-) TimerEvent: {}
[26.330489] (-) TimerEvent: {}
[26.430916] (-) TimerEvent: {}
[26.531289] (-) TimerEvent: {}
[26.632391] (-) TimerEvent: {}
[26.732764] (-) TimerEvent: {}
[26.833159] (-) TimerEvent: {}
[26.933537] (-) TimerEvent: {}
[27.033918] (-) TimerEvent: {}
[27.134289] (-) TimerEvent: {}
[27.234653] (-) TimerEvent: {}
[27.335384] (-) TimerEvent: {}
[27.435920] (-) TimerEvent: {}
[27.536290] (-) TimerEvent: {}
[27.636667] (-) TimerEvent: {}
[27.737057] (-) TimerEvent: {}
[27.837429] (-) TimerEvent: {}
[27.937796] (-) TimerEvent: {}
[28.038172] (-) TimerEvent: {}
[28.138508] (-) TimerEvent: {}
[28.238954] (-) TimerEvent: {}
[28.339366] (-) TimerEvent: {}
[28.439755] (-) TimerEvent: {}
[28.540183] (-) TimerEvent: {}
[28.640559] (-) TimerEvent: {}
[28.740996] (-) TimerEvent: {}
[28.841386] (-) TimerEvent: {}
[28.941888] (-) TimerEvent: {}
[29.042352] (-) TimerEvent: {}
[29.142971] (-) TimerEvent: {}
[29.243601] (-) TimerEvent: {}
[29.344180] (-) TimerEvent: {}
[29.444614] (-) TimerEvent: {}
[29.545131] (-) TimerEvent: {}
[29.645584] (-) TimerEvent: {}
[29.746872] (-) TimerEvent: {}
[29.847962] (-) TimerEvent: {}
[29.948471] (-) TimerEvent: {}
[30.048848] (-) TimerEvent: {}
[30.149240] (-) TimerEvent: {}
[30.250719] (-) TimerEvent: {}
[30.351085] (-) TimerEvent: {}
[30.451502] (-) TimerEvent: {}
[30.551989] (-) TimerEvent: {}
[30.652365] (-) TimerEvent: {}
[30.752779] (-) TimerEvent: {}
[30.853191] (-) TimerEvent: {}
[30.953647] (-) TimerEvent: {}
[31.054041] (-) TimerEvent: {}
[31.154428] (-) TimerEvent: {}
[31.254810] (-) TimerEvent: {}
[31.355179] (-) TimerEvent: {}
[31.455549] (-) TimerEvent: {}
[31.555921] (-) TimerEvent: {}
[31.656310] (-) TimerEvent: {}
[31.756680] (-) TimerEvent: {}
[31.857075] (-) TimerEvent: {}
[31.957455] (-) TimerEvent: {}
[32.057832] (-) TimerEvent: {}
[32.158200] (-) TimerEvent: {}
[32.258569] (-) TimerEvent: {}
[32.358947] (-) TimerEvent: {}
[32.459313] (-) TimerEvent: {}
[32.559872] (-) TimerEvent: {}
[32.660331] (-) TimerEvent: {}
[32.760712] (-) TimerEvent: {}
[32.861099] (-) TimerEvent: {}
[32.961476] (-) TimerEvent: {}
[33.061851] (-) TimerEvent: {}
[33.162618] (-) TimerEvent: {}
[33.263019] (-) TimerEvent: {}
[33.363399] (-) TimerEvent: {}
[33.463857] (-) TimerEvent: {}
[33.564236] (-) TimerEvent: {}
[33.664606] (-) TimerEvent: {}
[33.765052] (-) TimerEvent: {}
[33.865422] (-) TimerEvent: {}
[33.965789] (-) TimerEvent: {}
[34.066177] (-) TimerEvent: {}
[34.166551] (-) TimerEvent: {}
[34.266937] (-) TimerEvent: {}
[34.367353] (-) TimerEvent: {}
[34.467734] (-) TimerEvent: {}
[34.568111] (-) TimerEvent: {}
[34.668478] (-) TimerEvent: {}
[34.768865] (-) TimerEvent: {}
[34.869289] (-) TimerEvent: {}
[34.969704] (-) TimerEvent: {}
[35.070331] (-) TimerEvent: {}
[35.170747] (-) TimerEvent: {}
[35.271116] (-) TimerEvent: {}
[35.371929] (-) TimerEvent: {}
[35.472556] (-) TimerEvent: {}
[35.572926] (-) TimerEvent: {}
[35.673350] (-) TimerEvent: {}
[35.773781] (-) TimerEvent: {}
[35.874161] (-) TimerEvent: {}
[35.974528] (-) TimerEvent: {}
[36.074893] (-) TimerEvent: {}
[36.175264] (-) TimerEvent: {}
[36.275641] (-) TimerEvent: {}
[36.376007] (-) TimerEvent: {}
[36.476372] (-) TimerEvent: {}
[36.576737] (-) TimerEvent: {}
[36.677129] (-) TimerEvent: {}
[36.777511] (-) TimerEvent: {}
[36.877885] (-) TimerEvent: {}
[36.978264] (-) TimerEvent: {}
[37.078643] (-) TimerEvent: {}
[37.179017] (-) TimerEvent: {}
[37.279392] (-) TimerEvent: {}
[37.379933] (-) TimerEvent: {}
[37.480313] (-) TimerEvent: {}
[37.580707] (-) TimerEvent: {}
[37.681123] (-) TimerEvent: {}
[37.781513] (-) TimerEvent: {}
[37.881899] (-) TimerEvent: {}
[37.982310] (-) TimerEvent: {}
[38.082770] (-) TimerEvent: {}
[38.183159] (-) TimerEvent: {}
[38.283564] (-) TimerEvent: {}
[38.383995] (-) TimerEvent: {}
[38.485970] (-) TimerEvent: {}
[38.586313] (-) TimerEvent: {}
[38.687606] (-) TimerEvent: {}
[38.787974] (-) TimerEvent: {}
[38.888340] (-) TimerEvent: {}
[38.988708] (-) TimerEvent: {}
[39.089120] (-) TimerEvent: {}
[39.189577] (-) TimerEvent: {}
[39.290136] (-) TimerEvent: {}
[39.390497] (-) TimerEvent: {}
[39.490962] (-) TimerEvent: {}
[39.591365] (-) TimerEvent: {}
[39.691778] (-) TimerEvent: {}
[39.792185] (-) TimerEvent: {}
[39.892568] (-) TimerEvent: {}
[39.992958] (-) TimerEvent: {}
[40.093451] (-) TimerEvent: {}
[40.193819] (-) TimerEvent: {}
[40.294201] (-) TimerEvent: {}
[40.394577] (-) TimerEvent: {}
[40.495023] (-) TimerEvent: {}
[40.595397] (-) TimerEvent: {}
[40.695778] (-) TimerEvent: {}
[40.796163] (-) TimerEvent: {}
[40.896545] (-) TimerEvent: {}
[40.996927] (-) TimerEvent: {}
[41.097344] (-) TimerEvent: {}
[41.197703] (-) TimerEvent: {}
[41.298065] (-) TimerEvent: {}
[41.398514] (-) TimerEvent: {}
[41.498918] (-) TimerEvent: {}
[41.599293] (-) TimerEvent: {}
[41.699659] (-) TimerEvent: {}
[41.800037] (-) TimerEvent: {}
[41.900404] (-) TimerEvent: {}
[42.000785] (-) TimerEvent: {}
[42.101179] (-) TimerEvent: {}
[42.201610] (-) TimerEvent: {}
[42.302091] (-) TimerEvent: {}
[42.402463] (-) TimerEvent: {}
[42.502836] (-) TimerEvent: {}
[42.603216] (-) TimerEvent: {}
[42.703618] (-) TimerEvent: {}
[42.804032] (-) TimerEvent: {}
[42.904569] (-) TimerEvent: {}
[43.005080] (-) TimerEvent: {}
[43.105679] (-) TimerEvent: {}
[43.207255] (-) TimerEvent: {}
[43.307734] (-) TimerEvent: {}
[43.408100] (-) TimerEvent: {}
[43.508495] (-) TimerEvent: {}
[43.608887] (-) TimerEvent: {}
[43.709291] (-) TimerEvent: {}
[43.809722] (-) TimerEvent: {}
[43.910152] (-) TimerEvent: {}
[44.010554] (-) TimerEvent: {}
[44.110973] (-) TimerEvent: {}
[44.211399] (-) TimerEvent: {}
[44.311769] (-) TimerEvent: {}
[44.412151] (-) TimerEvent: {}
[44.512718] (-) TimerEvent: {}
[44.613135] (-) TimerEvent: {}
[44.713523] (-) TimerEvent: {}
[44.814509] (-) TimerEvent: {}
[44.914919] (-) TimerEvent: {}
[45.015313] (-) TimerEvent: {}
[45.115699] (-) TimerEvent: {}
[45.216076] (-) TimerEvent: {}
[45.316446] (-) TimerEvent: {}
[45.416832] (-) TimerEvent: {}
[45.517253] (-) TimerEvent: {}
[45.617613] (-) TimerEvent: {}
[45.717962] (-) TimerEvent: {}
[45.818353] (-) TimerEvent: {}
[45.918730] (-) TimerEvent: {}
[46.019097] (-) TimerEvent: {}
[46.119468] (-) TimerEvent: {}
[46.219853] (-) TimerEvent: {}
[46.320260] (-) TimerEvent: {}
[46.420651] (-) TimerEvent: {}
[46.521071] (-) TimerEvent: {}
[46.621446] (-) TimerEvent: {}
[46.721813] (-) TimerEvent: {}
[46.822195] (-) TimerEvent: {}
[46.922589] (-) TimerEvent: {}
[47.022998] (-) TimerEvent: {}
[47.124028] (-) TimerEvent: {}
[47.226174] (-) TimerEvent: {}
[47.326795] (-) TimerEvent: {}
[47.427178] (-) TimerEvent: {}
[47.527866] (-) TimerEvent: {}
[47.628236] (-) TimerEvent: {}
[47.728608] (-) TimerEvent: {}
[47.829052] (-) TimerEvent: {}
[47.929416] (-) TimerEvent: {}
[48.029783] (-) TimerEvent: {}
[48.130173] (-) TimerEvent: {}
[48.230545] (-) TimerEvent: {}
[48.331048] (-) TimerEvent: {}
[48.431858] (-) TimerEvent: {}
[48.532314] (-) TimerEvent: {}
[48.632671] (-) TimerEvent: {}
[48.733105] (-) TimerEvent: {}
[48.833474] (-) TimerEvent: {}
[48.934001] (-) TimerEvent: {}
[49.034379] (-) TimerEvent: {}
[49.134748] (-) TimerEvent: {}
[49.235128] (-) TimerEvent: {}
[49.335726] (-) TimerEvent: {}
[49.436091] (-) TimerEvent: {}
[49.536487] (-) TimerEvent: {}
[49.636857] (-) TimerEvent: {}
[49.737275] (-) TimerEvent: {}
[49.837646] (-) TimerEvent: {}
[49.938091] (-) TimerEvent: {}
[50.038465] (-) TimerEvent: {}
[50.138846] (-) TimerEvent: {}
[50.239214] (-) TimerEvent: {}
[50.339631] (-) TimerEvent: {}
[50.440019] (-) TimerEvent: {}
[50.540410] (-) TimerEvent: {}
[50.640785] (-) TimerEvent: {}
[50.741183] (-) TimerEvent: {}
[50.841618] (-) TimerEvent: {}
[50.942117] (-) TimerEvent: {}
[51.042501] (-) TimerEvent: {}
[51.142876] (-) TimerEvent: {}
[51.243244] (-) TimerEvent: {}
[51.343710] (-) TimerEvent: {}
[51.444119] (-) TimerEvent: {}
[51.544528] (-) TimerEvent: {}
[51.644893] (-) TimerEvent: {}
[51.745296] (-) TimerEvent: {}
[51.845706] (-) TimerEvent: {}
[51.946065] (-) TimerEvent: {}
[52.046443] (-) TimerEvent: {}
[52.146841] (-) TimerEvent: {}
[52.247209] (-) TimerEvent: {}
[52.347566] (-) TimerEvent: {}
[52.447932] (-) TimerEvent: {}
[52.548294] (-) TimerEvent: {}
[52.649537] (-) TimerEvent: {}
[52.749898] (-) TimerEvent: {}
[52.850335] (-) TimerEvent: {}
[52.950701] (-) TimerEvent: {}
[53.051066] (-) TimerEvent: {}
[53.151508] (-) TimerEvent: {}
[53.251967] (-) TimerEvent: {}
[53.352345] (-) TimerEvent: {}
[53.452703] (-) TimerEvent: {}
[53.553103] (-) TimerEvent: {}
[53.653477] (-) TimerEvent: {}
[53.753842] (-) TimerEvent: {}
[53.854659] (-) TimerEvent: {}
[53.955024] (-) TimerEvent: {}
[54.055390] (-) TimerEvent: {}
[54.155750] (-) TimerEvent: {}
[54.256126] (-) TimerEvent: {}
[54.356484] (-) TimerEvent: {}
[54.456944] (-) TimerEvent: {}
[54.557376] (-) TimerEvent: {}
[54.657742] (-) TimerEvent: {}
[54.758109] (-) TimerEvent: {}
[54.858472] (-) TimerEvent: {}
[54.958895] (-) TimerEvent: {}
[55.059262] (-) TimerEvent: {}
[55.159641] (-) TimerEvent: {}
[55.260026] (-) TimerEvent: {}
[55.360400] (-) TimerEvent: {}
[55.460776] (-) TimerEvent: {}
[55.561175] (-) TimerEvent: {}
[55.661569] (-) TimerEvent: {}
[55.761981] (-) TimerEvent: {}
[55.862374] (-) TimerEvent: {}
[55.962784] (-) TimerEvent: {}
[56.063162] (-) TimerEvent: {}
[56.163524] (-) TimerEvent: {}
[56.264006] (-) TimerEvent: {}
[56.364548] (-) TimerEvent: {}
[56.464955] (-) TimerEvent: {}
[56.565351] (-) TimerEvent: {}
[56.665721] (-) TimerEvent: {}
[56.766212] (-) TimerEvent: {}
[56.866615] (-) TimerEvent: {}
[56.967010] (-) TimerEvent: {}
[57.067498] (-) TimerEvent: {}
[57.168829] (-) TimerEvent: {}
[57.269218] (-) TimerEvent: {}
[57.369585] (-) TimerEvent: {}
[57.470052] (-) TimerEvent: {}
[57.570429] (-) TimerEvent: {}
[57.670850] (-) TimerEvent: {}
[57.771254] (-) TimerEvent: {}
[57.871676] (-) TimerEvent: {}
[57.972659] (-) TimerEvent: {}
[58.073643] (-) TimerEvent: {}
[58.174147] (-) TimerEvent: {}
[58.274616] (-) TimerEvent: {}
[58.375078] (-) TimerEvent: {}
[58.475515] (-) TimerEvent: {}
[58.575886] (-) TimerEvent: {}
[58.676255] (-) TimerEvent: {}
[58.776679] (-) TimerEvent: {}
[58.877085] (-) TimerEvent: {}
[58.977443] (-) TimerEvent: {}
[59.077843] (-) TimerEvent: {}
[59.178234] (-) TimerEvent: {}
[59.278611] (-) TimerEvent: {}
[59.378993] (-) TimerEvent: {}
[59.479372] (-) TimerEvent: {}
[59.579765] (-) TimerEvent: {}
[59.680268] (-) TimerEvent: {}
[59.780664] (-) TimerEvent: {}
[59.881079] (-) TimerEvent: {}
[59.982939] (-) TimerEvent: {}
[60.083411] (-) TimerEvent: {}
[60.184211] (-) TimerEvent: {}
[60.284710] (-) TimerEvent: {}
[60.385304] (-) TimerEvent: {}
[60.487267] (-) TimerEvent: {}
[60.587776] (-) TimerEvent: {}
[60.689129] (-) TimerEvent: {}
[60.789513] (-) TimerEvent: {}
[60.889898] (-) TimerEvent: {}
[60.990281] (-) TimerEvent: {}
[61.090634] (-) TimerEvent: {}
[61.190951] (-) TimerEvent: {}
[61.291312] (-) TimerEvent: {}
[61.391678] (-) TimerEvent: {}
[61.492046] (-) TimerEvent: {}
[61.592410] (-) TimerEvent: {}
[61.692783] (-) TimerEvent: {}
[61.793260] (-) TimerEvent: {}
[61.893651] (-) TimerEvent: {}
[61.994056] (-) TimerEvent: {}
[62.094455] (-) TimerEvent: {}
[62.194844] (-) TimerEvent: {}
[62.295224] (-) TimerEvent: {}
[62.395635] (-) TimerEvent: {}
[62.496062] (-) TimerEvent: {}
[62.596438] (-) TimerEvent: {}
[62.696820] (-) TimerEvent: {}
[62.797197] (-) TimerEvent: {}
[62.897605] (-) TimerEvent: {}
[62.997988] (-) TimerEvent: {}
[63.098349] (-) TimerEvent: {}
[63.198714] (-) TimerEvent: {}
[63.299088] (-) TimerEvent: {}
[63.399499] (-) TimerEvent: {}
[63.499887] (-) TimerEvent: {}
[63.600236] (-) TimerEvent: {}
[63.700626] (-) TimerEvent: {}
[63.801240] (-) TimerEvent: {}
[63.901630] (-) TimerEvent: {}
[64.002041] (-) TimerEvent: {}
[64.102436] (-) TimerEvent: {}
[64.203073] (-) TimerEvent: {}
[64.303670] (-) TimerEvent: {}
[64.404329] (-) TimerEvent: {}
[64.505072] (-) TimerEvent: {}
[64.605444] (-) TimerEvent: {}
[64.706035] (-) TimerEvent: {}
[64.806394] (-) TimerEvent: {}
[64.906829] (-) TimerEvent: {}
[65.007231] (-) TimerEvent: {}
[65.107650] (-) TimerEvent: {}
[65.208336] (-) TimerEvent: {}
[65.308730] (-) TimerEvent: {}
[65.409103] (-) TimerEvent: {}
[65.509462] (-) TimerEvent: {}
[65.609815] (-) TimerEvent: {}
[65.711115] (-) TimerEvent: {}
[65.811582] (-) TimerEvent: {}
[65.912014] (-) TimerEvent: {}
[66.012384] (-) TimerEvent: {}
[66.112778] (-) TimerEvent: {}
[66.213200] (-) TimerEvent: {}
[66.313524] (-) TimerEvent: {}
[66.413879] (-) TimerEvent: {}
[66.514231] (-) TimerEvent: {}
[66.614575] (-) TimerEvent: {}
[66.714952] (-) TimerEvent: {}
[66.815332] (-) TimerEvent: {}
[66.915718] (-) TimerEvent: {}
[67.016135] (-) TimerEvent: {}
[67.116566] (-) TimerEvent: {}
[67.216958] (-) TimerEvent: {}
[67.317389] (-) TimerEvent: {}
[67.417741] (-) TimerEvent: {}
[67.518104] (-) TimerEvent: {}
[67.618475] (-) TimerEvent: {}
[67.718825] (-) TimerEvent: {}
[67.819215] (-) TimerEvent: {}
[67.919533] (-) TimerEvent: {}
[68.019876] (-) TimerEvent: {}
[68.120296] (-) TimerEvent: {}
[68.220679] (-) TimerEvent: {}
[68.321287] (-) TimerEvent: {}
[68.421878] (-) TimerEvent: {}
[68.522224] (-) TimerEvent: {}
[68.622606] (-) TimerEvent: {}
[68.723032] (-) TimerEvent: {}
[68.823423] (-) TimerEvent: {}
[68.923969] (-) TimerEvent: {}
[69.024760] (-) TimerEvent: {}
[69.125118] (-) TimerEvent: {}
[69.225523] (-) TimerEvent: {}
[69.325911] (-) TimerEvent: {}
[69.426279] (-) TimerEvent: {}
[69.526957] (-) TimerEvent: {}
[69.627389] (-) TimerEvent: {}
[69.727760] (-) TimerEvent: {}
[69.828147] (-) TimerEvent: {}
[69.928524] (-) TimerEvent: {}
[70.028925] (-) TimerEvent: {}
[70.129595] (-) TimerEvent: {}
[70.229968] (-) TimerEvent: {}
[70.330411] (-) TimerEvent: {}
[70.430793] (-) TimerEvent: {}
[70.531253] (-) TimerEvent: {}
[70.631693] (-) TimerEvent: {}
[70.732177] (-) TimerEvent: {}
[70.832549] (-) TimerEvent: {}
[70.932957] (-) TimerEvent: {}
[71.033426] (-) TimerEvent: {}
[71.135446] (-) TimerEvent: {}
[71.235823] (-) TimerEvent: {}
[71.336213] (-) TimerEvent: {}
[71.436622] (-) TimerEvent: {}
[71.537021] (-) TimerEvent: {}
[71.637398] (-) TimerEvent: {}
[71.737775] (-) TimerEvent: {}
[71.838151] (-) TimerEvent: {}
[71.938511] (-) TimerEvent: {}
[72.038899] (-) TimerEvent: {}
[72.139280] (-) TimerEvent: {}
[72.239713] (-) TimerEvent: {}
[72.340118] (-) TimerEvent: {}
[72.440499] (-) TimerEvent: {}
[72.540865] (-) TimerEvent: {}
[72.641266] (-) TimerEvent: {}
[72.741653] (-) TimerEvent: {}
[72.841997] (-) TimerEvent: {}
[72.942382] (-) TimerEvent: {}
[73.042774] (-) TimerEvent: {}
[73.143158] (-) TimerEvent: {}
[73.244429] (-) TimerEvent: {}
[73.344798] (-) TimerEvent: {}
[73.445226] (-) TimerEvent: {}
[73.545610] (-) TimerEvent: {}
[73.645982] (-) TimerEvent: {}
[73.746382] (-) TimerEvent: {}
[73.846746] (-) TimerEvent: {}
[73.947109] (-) TimerEvent: {}
[74.047468] (-) TimerEvent: {}
[74.147822] (-) TimerEvent: {}
[74.248249] (-) TimerEvent: {}
[74.348670] (-) TimerEvent: {}
[74.449085] (-) TimerEvent: {}
[74.549489] (-) TimerEvent: {}
[74.649876] (-) TimerEvent: {}
[74.750251] (-) TimerEvent: {}
[74.850651] (-) TimerEvent: {}
[74.951044] (-) TimerEvent: {}
[75.051491] (-) TimerEvent: {}
[75.151886] (-) TimerEvent: {}
[75.252293] (-) TimerEvent: {}
[75.352682] (-) TimerEvent: {}
[75.453076] (-) TimerEvent: {}
[75.553438] (-) TimerEvent: {}
[75.653798] (-) TimerEvent: {}
[75.754261] (-) TimerEvent: {}
[75.854934] (-) TimerEvent: {}
[75.955455] (-) TimerEvent: {}
[76.055949] (-) TimerEvent: {}
[76.156321] (-) TimerEvent: {}
[76.256700] (-) TimerEvent: {}
[76.357221] (-) TimerEvent: {}
[76.457588] (-) TimerEvent: {}
[76.557965] (-) TimerEvent: {}
[76.658339] (-) TimerEvent: {}
[76.758707] (-) TimerEvent: {}
[76.859086] (-) TimerEvent: {}
[76.959435] (-) TimerEvent: {}
[77.059807] (-) TimerEvent: {}
[77.160190] (-) TimerEvent: {}
[77.260769] (-) TimerEvent: {}
[77.361151] (-) TimerEvent: {}
[77.461572] (-) TimerEvent: {}
[77.561967] (-) TimerEvent: {}
[77.662346] (-) TimerEvent: {}
[77.762719] (-) TimerEvent: {}
[77.863295] (-) TimerEvent: {}
[77.963687] (-) TimerEvent: {}
[78.064472] (-) TimerEvent: {}
[78.164863] (-) TimerEvent: {}
[78.265289] (-) TimerEvent: {}
[78.365660] (-) TimerEvent: {}
[78.466037] (-) TimerEvent: {}
[78.566411] (-) TimerEvent: {}
[78.667156] (-) TimerEvent: {}
[78.767539] (-) TimerEvent: {}
[78.867909] (-) TimerEvent: {}
[78.968283] (-) TimerEvent: {}
[79.068645] (-) TimerEvent: {}
[79.169080] (-) TimerEvent: {}
[79.269463] (-) TimerEvent: {}
[79.370877] (-) TimerEvent: {}
[79.471237] (-) TimerEvent: {}
[79.571605] (-) TimerEvent: {}
[79.671973] (-) TimerEvent: {}
[79.772345] (-) TimerEvent: {}
[79.872717] (-) TimerEvent: {}
[79.973166] (-) TimerEvent: {}
[80.073592] (-) TimerEvent: {}
[80.173972] (-) TimerEvent: {}
[80.275289] (-) TimerEvent: {}
[80.375754] (-) TimerEvent: {}
[80.476110] (-) TimerEvent: {}
[80.576478] (-) TimerEvent: {}
[80.676847] (-) TimerEvent: {}
[80.777264] (-) TimerEvent: {}
[80.877664] (-) TimerEvent: {}
[80.978076] (-) TimerEvent: {}
[81.078477] (-) TimerEvent: {}
[81.178864] (-) TimerEvent: {}
[81.279315] (-) TimerEvent: {}
[81.379681] (-) TimerEvent: {}
[81.480143] (-) TimerEvent: {}
[81.580591] (-) TimerEvent: {}
[81.681023] (-) TimerEvent: {}
[81.781409] (-) TimerEvent: {}
[81.881790] (-) TimerEvent: {}
[81.982168] (-) TimerEvent: {}
[82.082541] (-) TimerEvent: {}
[82.182943] (-) TimerEvent: {}
[82.283795] (-) TimerEvent: {}
[82.384279] (-) TimerEvent: {}
[82.484989] (-) TimerEvent: {}
[82.585351] (-) TimerEvent: {}
[82.685721] (-) TimerEvent: {}
[82.786173] (-) TimerEvent: {}
[82.888151] (-) TimerEvent: {}
[82.988561] (-) TimerEvent: {}
[83.089001] (-) TimerEvent: {}
[83.189480] (-) TimerEvent: {}
[83.289832] (-) TimerEvent: {}
[83.390280] (-) TimerEvent: {}
[83.490774] (-) TimerEvent: {}
[83.591208] (-) TimerEvent: {}
[83.691574] (-) TimerEvent: {}
[83.791950] (-) TimerEvent: {}
[83.892317] (-) TimerEvent: {}
[83.992702] (-) TimerEvent: {}
[84.093117] (-) TimerEvent: {}
[84.193518] (-) TimerEvent: {}
[84.293896] (-) TimerEvent: {}
[84.394255] (-) TimerEvent: {}
[84.494647] (-) TimerEvent: {}
[84.595017] (-) TimerEvent: {}
[84.695397] (-) TimerEvent: {}
[84.795769] (-) TimerEvent: {}
[84.896143] (-) TimerEvent: {}
[84.996514] (-) TimerEvent: {}
[85.096885] (-) TimerEvent: {}
[85.197265] (-) TimerEvent: {}
[85.297630] (-) TimerEvent: {}
[85.398027] (-) TimerEvent: {}
[85.498386] (-) TimerEvent: {}
[85.598776] (-) TimerEvent: {}
[85.699152] (-) TimerEvent: {}
[85.799525] (-) TimerEvent: {}
[85.899907] (-) TimerEvent: {}
[86.000275] (-) TimerEvent: {}
[86.100640] (-) TimerEvent: {}
[86.201171] (-) TimerEvent: {}
[86.301561] (-) TimerEvent: {}
[86.401948] (-) TimerEvent: {}
[86.502329] (-) TimerEvent: {}
[86.602681] (-) TimerEvent: {}
[86.703046] (-) TimerEvent: {}
[86.803402] (-) TimerEvent: {}
[86.903742] (-) TimerEvent: {}
[87.004592] (-) TimerEvent: {}
[87.104990] (-) TimerEvent: {}
[87.205364] (-) TimerEvent: {}
[87.305733] (-) TimerEvent: {}
[87.406110] (-) TimerEvent: {}
[87.506485] (-) TimerEvent: {}
[87.606866] (-) TimerEvent: {}
[87.707278] (-) TimerEvent: {}
[87.807716] (-) TimerEvent: {}
[87.908296] (-) TimerEvent: {}
[88.008683] (-) TimerEvent: {}
[88.109082] (-) TimerEvent: {}
[88.209448] (-) TimerEvent: {}
[88.309960] (-) TimerEvent: {}
[88.410403] (-) TimerEvent: {}
[88.510810] (-) TimerEvent: {}
[88.611154] (-) TimerEvent: {}
[88.711553] (-) TimerEvent: {}
[88.811925] (-) TimerEvent: {}
[88.912379] (-) TimerEvent: {}
[89.012754] (-) TimerEvent: {}
[89.113136] (-) TimerEvent: {}
[89.213517] (-) TimerEvent: {}
[89.313882] (-) TimerEvent: {}
[89.414684] (-) TimerEvent: {}
[89.515051] (-) TimerEvent: {}
[89.615503] (-) TimerEvent: {}
[89.715906] (-) TimerEvent: {}
[89.816277] (-) TimerEvent: {}
[89.916649] (-) TimerEvent: {}
[90.017066] (-) TimerEvent: {}
[90.117432] (-) TimerEvent: {}
[90.217814] (-) TimerEvent: {}
[90.318178] (-) TimerEvent: {}
[90.418538] (-) TimerEvent: {}
[90.518898] (-) TimerEvent: {}
[90.619683] (-) TimerEvent: {}
[90.720059] (-) TimerEvent: {}
[90.820477] (-) TimerEvent: {}
[90.920846] (-) TimerEvent: {}
[91.021266] (-) TimerEvent: {}
[91.121679] (-) TimerEvent: {}
[91.222203] (-) TimerEvent: {}
[91.322744] (-) TimerEvent: {}
[91.423189] (-) TimerEvent: {}
[91.523640] (-) TimerEvent: {}
[91.624159] (-) TimerEvent: {}
[91.724635] (-) TimerEvent: {}
[91.825076] (-) TimerEvent: {}
[91.926448] (-) TimerEvent: {}
[92.028193] (-) TimerEvent: {}
[92.128561] (-) TimerEvent: {}
[92.228939] (-) TimerEvent: {}
[92.329339] (-) TimerEvent: {}
[92.429745] (-) TimerEvent: {}
[92.530139] (-) TimerEvent: {}
[92.630519] (-) TimerEvent: {}
[92.730916] (-) TimerEvent: {}
[92.831277] (-) TimerEvent: {}
[92.931648] (-) TimerEvent: {}
[93.032045] (-) TimerEvent: {}
[93.132412] (-) TimerEvent: {}
[93.234504] (-) TimerEvent: {}
[93.334870] (-) TimerEvent: {}
[93.435237] (-) TimerEvent: {}
[93.535773] (-) TimerEvent: {}
[93.636184] (-) TimerEvent: {}
[93.736550] (-) TimerEvent: {}
[93.836928] (-) TimerEvent: {}
[93.937464] (-) TimerEvent: {}
[94.037866] (-) TimerEvent: {}
[94.138275] (-) TimerEvent: {}
[94.238694] (-) TimerEvent: {}
[94.339455] (-) TimerEvent: {}
[94.439905] (-) TimerEvent: {}
[94.540356] (-) TimerEvent: {}
[94.640845] (-) TimerEvent: {}
[94.741270] (-) TimerEvent: {}
[94.841682] (-) TimerEvent: {}
[94.942089] (-) TimerEvent: {}
[95.042533] (-) TimerEvent: {}
[95.142917] (-) TimerEvent: {}
[95.243408] (-) TimerEvent: {}
[95.343876] (-) TimerEvent: {}
[95.444480] (-) TimerEvent: {}
[95.545072] (-) TimerEvent: {}
[95.645466] (-) TimerEvent: {}
[95.745829] (-) TimerEvent: {}
[95.846211] (-) TimerEvent: {}
[95.946576] (-) TimerEvent: {}
[96.047087] (-) TimerEvent: {}
[96.147512] (-) TimerEvent: {}
[96.247905] (-) TimerEvent: {}
[96.348276] (-) TimerEvent: {}
[96.448725] (-) TimerEvent: {}
[96.549107] (-) TimerEvent: {}
[96.649463] (-) TimerEvent: {}
[96.749938] (-) TimerEvent: {}
[96.850355] (-) TimerEvent: {}
[96.950723] (-) TimerEvent: {}
[97.051086] (-) TimerEvent: {}
[97.151873] (-) TimerEvent: {}
[97.252258] (-) TimerEvent: {}
[97.352642] (-) TimerEvent: {}
[97.453054] (-) TimerEvent: {}
[97.553428] (-) TimerEvent: {}
[97.653780] (-) TimerEvent: {}
[97.754151] (-) TimerEvent: {}
[97.854520] (-) TimerEvent: {}
[97.954916] (-) TimerEvent: {}
[98.055293] (-) TimerEvent: {}
[98.155658] (-) TimerEvent: {}
[98.256044] (-) TimerEvent: {}
[98.356418] (-) TimerEvent: {}
[98.456803] (-) TimerEvent: {}
[98.557184] (-) TimerEvent: {}
[98.657581] (-) TimerEvent: {}
[98.757976] (-) TimerEvent: {}
[98.858411] (-) TimerEvent: {}
[98.958819] (-) TimerEvent: {}
[99.059191] (-) TimerEvent: {}
[99.159548] (-) TimerEvent: {}
[99.259931] (-) TimerEvent: {}
[99.360300] (-) TimerEvent: {}
[99.460654] (-) TimerEvent: {}
[99.561035] (-) TimerEvent: {}
[99.661416] (-) TimerEvent: {}
[99.761806] (-) TimerEvent: {}
[99.862183] (-) TimerEvent: {}
[99.962561] (-) TimerEvent: {}
[100.062949] (-) TimerEvent: {}
[100.163316] (-) TimerEvent: {}
[100.263684] (-) TimerEvent: {}
[100.364424] (-) TimerEvent: {}
[100.464868] (-) TimerEvent: {}
[100.565769] (-) TimerEvent: {}
[100.666149] (-) TimerEvent: {}
[100.766517] (-) TimerEvent: {}
[100.866874] (-) TimerEvent: {}
[100.967239] (-) TimerEvent: {}
[101.067636] (-) TimerEvent: {}
[101.168014] (-) TimerEvent: {}
[101.268347] (-) TimerEvent: {}
[101.368715] (-) TimerEvent: {}
[101.469094] (-) TimerEvent: {}
[101.569443] (-) TimerEvent: {}
[101.669806] (-) TimerEvent: {}
[101.770167] (-) TimerEvent: {}
[101.870523] (-) TimerEvent: {}
[101.970891] (-) TimerEvent: {}
[102.071269] (-) TimerEvent: {}
[102.171654] (-) TimerEvent: {}
[102.272067] (-) TimerEvent: {}
[102.372468] (-) TimerEvent: {}
[102.472836] (-) TimerEvent: {}
[102.573224] (-) TimerEvent: {}
[102.673576] (-) TimerEvent: {}
[102.773920] (-) TimerEvent: {}
[102.874421] (-) TimerEvent: {}
[102.975060] (-) TimerEvent: {}
[103.075398] (-) TimerEvent: {}
[103.175774] (-) TimerEvent: {}
[103.276208] (-) TimerEvent: {}
[103.376583] (-) TimerEvent: {}
[103.410626] (pcd_ndt_localization) StdoutLine: {'line': b'[100%] Linking CXX executable pcd_ndt_localizer\n'}
[103.476773] (-) TimerEvent: {}
[103.577165] (-) TimerEvent: {}
[103.677507] (-) TimerEvent: {}
[103.777865] (-) TimerEvent: {}
[103.878226] (-) TimerEvent: {}
[103.978594] (-) TimerEvent: {}
[104.078974] (-) TimerEvent: {}
[104.179380] (-) TimerEvent: {}
[104.279770] (-) TimerEvent: {}
[104.380164] (-) TimerEvent: {}
[104.480578] (-) TimerEvent: {}
[104.582303] (-) TimerEvent: {}
[104.682717] (-) TimerEvent: {}
[104.783119] (-) TimerEvent: {}
[104.883496] (-) TimerEvent: {}
[104.984034] (-) TimerEvent: {}
[105.084545] (-) TimerEvent: {}
[105.184936] (-) TimerEvent: {}
[105.286062] (-) TimerEvent: {}
[105.386636] (-) TimerEvent: {}
[105.487010] (-) TimerEvent: {}
[105.587405] (-) TimerEvent: {}
[105.687764] (-) TimerEvent: {}
[105.788706] (-) TimerEvent: {}
[105.889110] (-) TimerEvent: {}
[105.989738] (-) TimerEvent: {}
[106.090728] (-) TimerEvent: {}
[106.178653] (pcd_ndt_localization) StdoutLine: {'line': b'[100%] Built target pcd_ndt_localizer\n'}
[106.190959] (-) TimerEvent: {}
[106.192711] (pcd_ndt_localization) CommandEnded: {'returncode': 0}
[106.195211] (pcd_ndt_localization) JobProgress: {'identifier': 'pcd_ndt_localization', 'progress': 'install'}
[106.201364] (pcd_ndt_localization) Command: {'cmd': ['/usr/local/bin/cmake', '--install', '/home/seeed/ros2/ws/build/pcd_ndt_localization'], 'cwd': '/home/seeed/ros2/ws/build/pcd_ndt_localization', 'env': OrderedDict([('LANGUAGE', 'zh_CN:en'), ('USER', 'seeed'), ('SSH_CLIENT', '192.168.1.101 59719 22'), ('LC_TIME', 'zh_CN.UTF-8'), ('XDG_SESSION_TYPE', 'tty'), ('SHLVL', '0'), ('LD_LIBRARY_PATH', '/opt/ros/humble/opt/rviz_ogre_vendor/lib:/opt/ros/humble/lib/aarch64-linux-gnu:/opt/ros/humble/lib'), ('MOTD_SHOWN', 'pam'), ('HOME', '/home/seeed'), ('OLDPWD', '/home/seeed'), ('ROS_PYTHON_VERSION', '3'), ('LC_MONETARY', 'zh_CN.UTF-8'), ('LC_CTYPE', 'C.UTF-8'), ('DBUS_SESSION_BUS_ADDRESS', 'unix:path=/run/user/1000/bus'), ('ROS_DISTRO', 'humble'), ('LOGNAME', 'seeed'), ('_', '/usr/bin/colcon'), ('ROS_VERSION', '2'), ('XDG_SESSION_CLASS', 'user'), ('XDG_SESSION_ID', '616'), ('ROS_LOCALHOST_ONLY', '0'), ('PATH', '/opt/ros/humble/bin:/usr/local/sbin:/usr/local/bin:/usr/sbin:/usr/bin:/sbin:/bin:/usr/games:/usr/local/games:/snap/bin'), ('PAPERSIZE', 'a4'), ('LC_ADDRESS', 'zh_CN.UTF-8'), ('XDG_RUNTIME_DIR', '/run/user/1000'), ('LANG', 'zh_CN.UTF-8'), ('LC_TELEPHONE', 'zh_CN.UTF-8'), ('AMENT_PREFIX_PATH', '/opt/ros/humble'), ('SHELL', '/bin/bash'), ('LC_NAME', 'zh_CN.UTF-8'), ('LC_MEASUREMENT', 'zh_CN.UTF-8'), ('LC_IDENTIFICATION', 'zh_CN.UTF-8'), ('PWD', '/home/seeed/ros2/ws/build/pcd_ndt_localization'), ('LC_ALL', 'en_US.UTF-8'), ('SSH_CONNECTION', '192.168.1.101 59719 192.168.1.104 22'), ('PYTHONPATH', '/opt/ros/humble/lib/python3.10/site-packages:/opt/ros/humble/local/lib/python3.10/dist-packages'), ('LC_NUMERIC', 'zh_CN.UTF-8'), ('LC_PAPER', 'zh_CN.UTF-8'), ('COLCON', '1'), ('CMAKE_PREFIX_PATH', '/opt/ros/humble')]), 'shell': False}
[106.214053] (pcd_ndt_localization) StdoutLine: {'line': b'-- Install configuration: "Release"\n'}
[106.214943] (pcd_ndt_localization) StdoutLine: {'line': b'-- Execute custom install script\n'}
[106.215622] (pcd_ndt_localization) StdoutLine: {'line': b'-- Up-to-date symlink: /home/seeed/ros2/ws/install/pcd_ndt_localization/lib/pcd_ndt_localization/pcd_ndt_localizer\n'}
[106.216090] (pcd_ndt_localization) StdoutLine: {'line': b'-- Up-to-date symlink: /home/seeed/ros2/ws/install/pcd_ndt_localization/lib/pcd_ndt_localization/pcd_occupancy_grid_publisher\n'}
[106.217326] (pcd_ndt_localization) StdoutLine: {'line': b'-- Up-to-date symlink: /home/seeed/ros2/ws/install/pcd_ndt_localization/share/pcd_ndt_localization/config/ndt_localization.yaml\n'}
[106.217851] (pcd_ndt_localization) StdoutLine: {'line': b'-- Symlinking: /home/seeed/ros2/ws/install/pcd_ndt_localization/share/pcd_ndt_localization/config/ndt_localization.yaml.bak_20260811_153435\n'}
[106.229449] (pcd_ndt_localization) StdoutLine: {'line': b'-- Up-to-date symlink: /home/seeed/ros2/ws/install/pcd_ndt_localization/share/pcd_ndt_localization/launch/localization.launch.py\n'}
[106.230145] (pcd_ndt_localization) StdoutLine: {'line': b'-- Up-to-date symlink: /home/seeed/ros2/ws/install/pcd_ndt_localization/share/ament_index/resource_index/package_run_dependencies/pcd_ndt_localization\n'}
[106.230876] (pcd_ndt_localization) StdoutLine: {'line': b'-- Up-to-date symlink: /home/seeed/ros2/ws/install/pcd_ndt_localization/share/ament_index/resource_index/parent_prefix_path/pcd_ndt_localization\n'}
[106.231330] (pcd_ndt_localization) StdoutLine: {'line': b'-- Up-to-date symlink: /home/seeed/ros2/ws/install/pcd_ndt_localization/share/pcd_ndt_localization/environment/ament_prefix_path.sh\n'}
[106.231569] (pcd_ndt_localization) StdoutLine: {'line': b'-- Up-to-date symlink: /home/seeed/ros2/ws/install/pcd_ndt_localization/share/pcd_ndt_localization/environment/ament_prefix_path.dsv\n'}
[106.232111] (pcd_ndt_localization) StdoutLine: {'line': b'-- Up-to-date symlink: /home/seeed/ros2/ws/install/pcd_ndt_localization/share/pcd_ndt_localization/environment/path.sh\n'}
[106.232312] (pcd_ndt_localization) StdoutLine: {'line': b'-- Up-to-date symlink: /home/seeed/ros2/ws/install/pcd_ndt_localization/share/pcd_ndt_localization/environment/path.dsv\n'}
[106.232638] (pcd_ndt_localization) StdoutLine: {'line': b'-- Up-to-date symlink: /home/seeed/ros2/ws/install/pcd_ndt_localization/share/pcd_ndt_localization/local_setup.bash\n'}
[106.235938] (pcd_ndt_localization) StdoutLine: {'line': b'-- Up-to-date symlink: /home/seeed/ros2/ws/install/pcd_ndt_localization/share/pcd_ndt_localization/local_setup.sh\n'}
[106.237561] (pcd_ndt_localization) StdoutLine: {'line': b'-- Up-to-date symlink: /home/seeed/ros2/ws/install/pcd_ndt_localization/share/pcd_ndt_localization/local_setup.zsh\n'}
[106.238213] (pcd_ndt_localization) StdoutLine: {'line': b'-- Up-to-date symlink: /home/seeed/ros2/ws/install/pcd_ndt_localization/share/pcd_ndt_localization/local_setup.dsv\n'}
[106.238445] (pcd_ndt_localization) StdoutLine: {'line': b'-- Symlinking: /home/seeed/ros2/ws/install/pcd_ndt_localization/share/pcd_ndt_localization/package.dsv\n'}
[106.248312] (pcd_ndt_localization) StdoutLine: {'line': b'-- Up-to-date symlink: /home/seeed/ros2/ws/install/pcd_ndt_localization/share/ament_index/resource_index/packages/pcd_ndt_localization\n'}
[106.251062] (pcd_ndt_localization) StdoutLine: {'line': b'-- Up-to-date symlink: /home/seeed/ros2/ws/install/pcd_ndt_localization/share/pcd_ndt_localization/cmake/pcd_ndt_localizationConfig.cmake\n'}
[106.251947] (pcd_ndt_localization) StdoutLine: {'line': b'-- Up-to-date symlink: /home/seeed/ros2/ws/install/pcd_ndt_localization/share/pcd_ndt_localization/cmake/pcd_ndt_localizationConfig-version.cmake\n'}
[106.252849] (pcd_ndt_localization) StdoutLine: {'line': b'-- Up-to-date symlink: /home/seeed/ros2/ws/install/pcd_ndt_localization/share/pcd_ndt_localization/package.xml\n'}
[106.259806] (pcd_ndt_localization) CommandEnded: {'returncode': 0}
[106.291899] (-) TimerEvent: {}
[106.310851] (pcd_ndt_localization) JobEnded: {'identifier': 'pcd_ndt_localization', 'rc': 0}
[106.312471] (-) EventReactorShutdown: {}
