[0.028s] Invoking command in '/home/seeed/ros2/ws/build/nav_tf_bridge': CMAKE_PREFIX_PATH=/home/seeed/ros2/ws/install/vikit_ros:/opt/ros/humble:/home/seeed/ros2/ws/install/vikit_common:/home/seeed/ros2/ws/install/ranger_base:/home/seeed/ros2/ws/install/ugv_sdk:/home/seeed/ros2/ws/install/ranger_msgs:/home/seeed/ros2/ws/install/ranger_bringup:/home/seeed/ros2/ws/install/pcd_ndt_localization:/home/seeed/ros2/ws/install/nav_tf_bridge:/home/seeed/ros2/ws/install/fast_lio:/home/seeed/ros2/ws/install/livox_ros_driver2 /usr/local/bin/cmake /home/seeed/ros2/ws/src/nav_tf_bridge -DCMAKE_INSTALL_PREFIX=/home/seeed/ros2/ws/install/nav_tf_bridge
[0.051s] -- Found ament_cmake: 1.3.14 (/opt/ros/humble/share/ament_cmake/cmake)
[0.632s] -- Override CMake install command with custom implementation using symlinks instead of copying resources
[0.654s] -- Found geometry_msgs: 4.9.1 (/opt/ros/humble/share/geometry_msgs/cmake)
[0.746s] -- Found rosidl_generator_c: 3.1.8 (/opt/ros/humble/share/rosidl_generator_c/cmake)
[0.755s] -- Found rosidl_adapter: 3.1.8 (/opt/ros/humble/share/rosidl_adapter/cmake)
[0.774s] -- Found rosidl_generator_cpp: 3.1.8 (/opt/ros/humble/share/rosidl_generator_cpp/cmake)
[0.809s] -- Using all available rosidl_typesupport_c: rosidl_typesupport_fastrtps_c;rosidl_typesupport_introspection_c
[0.861s] -- Using all available rosidl_typesupport_cpp: rosidl_typesupport_fastrtps_cpp;rosidl_typesupport_introspection_cpp
[1.003s] -- Found nav_msgs: 4.9.1 (/opt/ros/humble/share/nav_msgs/cmake)
[1.060s] -- Found rclcpp: 16.0.19 (/opt/ros/humble/share/rclcpp/cmake)
[1.139s] -- Found rmw_implementation_cmake: 6.1.2 (/opt/ros/humble/share/rmw_implementation_cmake/cmake)
[1.143s] -- Found rmw_fastrtps_cpp: 6.2.10 (/opt/ros/humble/share/rmw_fastrtps_cpp/cmake)
[1.416s] -- Using RMW implementation 'rmw_fastrtps_cpp' as default
[1.530s] -- Found tf2: 0.25.20 (/opt/ros/humble/share/tf2/cmake)
[1.544s] -- Found tf2_geometry_msgs: 0.25.20 (/opt/ros/humble/share/tf2_geometry_msgs/cmake)
[1.553s] -- Found eigen3_cmake_module: 0.1.1 (/opt/ros/humble/share/eigen3_cmake_module/cmake)
[1.557s] -- Ensuring Eigen3 include directory is part of orocos-kdl CMake target
[1.990s] -- Configuring done (2.0s)
[2.025s] -- Generating done (0.0s)
[2.037s] -- Build files have been written to: /home/seeed/ros2/ws/build/nav_tf_bridge
[2.067s] Invoked command in '/home/seeed/ros2/ws/build/nav_tf_bridge' returned '0': CMAKE_PREFIX_PATH=/home/seeed/ros2/ws/install/vikit_ros:/opt/ros/humble:/home/seeed/ros2/ws/install/vikit_common:/home/seeed/ros2/ws/install/ranger_base:/home/seeed/ros2/ws/install/ugv_sdk:/home/seeed/ros2/ws/install/ranger_msgs:/home/seeed/ros2/ws/install/ranger_bringup:/home/seeed/ros2/ws/install/pcd_ndt_localization:/home/seeed/ros2/ws/install/nav_tf_bridge:/home/seeed/ros2/ws/install/fast_lio:/home/seeed/ros2/ws/install/livox_ros_driver2 /usr/local/bin/cmake /home/seeed/ros2/ws/src/nav_tf_bridge -DCMAKE_INSTALL_PREFIX=/home/seeed/ros2/ws/install/nav_tf_bridge
[2.071s] Invoking command in '/home/seeed/ros2/ws/build/nav_tf_bridge': CMAKE_PREFIX_PATH=/home/seeed/ros2/ws/install/vikit_ros:/opt/ros/humble:/home/seeed/ros2/ws/install/vikit_common:/home/seeed/ros2/ws/install/ranger_base:/home/seeed/ros2/ws/install/ugv_sdk:/home/seeed/ros2/ws/install/ranger_msgs:/home/seeed/ros2/ws/install/ranger_bringup:/home/seeed/ros2/ws/install/pcd_ndt_localization:/home/seeed/ros2/ws/install/nav_tf_bridge:/home/seeed/ros2/ws/install/fast_lio:/home/seeed/ros2/ws/install/livox_ros_driver2 /usr/local/bin/cmake --build /home/seeed/ros2/ws/build/nav_tf_bridge -- -j6 -l6
[2.168s] [ 50%] Building CXX object CMakeFiles/map_odom_tf_bridge.dir/src/map_odom_tf_bridge.cpp.o
[46.444s] [100%] Linking CXX executable map_odom_tf_bridge
[46.986s] [100%] Built target map_odom_tf_bridge
[47.001s] Invoked command in '/home/seeed/ros2/ws/build/nav_tf_bridge' returned '0': CMAKE_PREFIX_PATH=/home/seeed/ros2/ws/install/vikit_ros:/opt/ros/humble:/home/seeed/ros2/ws/install/vikit_common:/home/seeed/ros2/ws/install/ranger_base:/home/seeed/ros2/ws/install/ugv_sdk:/home/seeed/ros2/ws/install/ranger_msgs:/home/seeed/ros2/ws/install/ranger_bringup:/home/seeed/ros2/ws/install/pcd_ndt_localization:/home/seeed/ros2/ws/install/nav_tf_bridge:/home/seeed/ros2/ws/install/fast_lio:/home/seeed/ros2/ws/install/livox_ros_driver2 /usr/local/bin/cmake --build /home/seeed/ros2/ws/build/nav_tf_bridge -- -j6 -l6
[47.013s] Invoking command in '/home/seeed/ros2/ws/build/nav_tf_bridge': CMAKE_PREFIX_PATH=/home/seeed/ros2/ws/install/vikit_ros:/opt/ros/humble:/home/seeed/ros2/ws/install/vikit_common:/home/seeed/ros2/ws/install/ranger_base:/home/seeed/ros2/ws/install/ugv_sdk:/home/seeed/ros2/ws/install/ranger_msgs:/home/seeed/ros2/ws/install/ranger_bringup:/home/seeed/ros2/ws/install/pcd_ndt_localization:/home/seeed/ros2/ws/install/nav_tf_bridge:/home/seeed/ros2/ws/install/fast_lio:/home/seeed/ros2/ws/install/livox_ros_driver2 /usr/local/bin/cmake --install /home/seeed/ros2/ws/build/nav_tf_bridge
[47.026s] -- Install configuration: "Release"
[47.027s] -- Execute custom install script
[47.028s] -- Up-to-date symlink: /home/seeed/ros2/ws/install/nav_tf_bridge/lib/nav_tf_bridge/map_odom_tf_bridge
[47.029s] -- Up-to-date symlink: /home/seeed/ros2/ws/install/nav_tf_bridge/share/ament_index/resource_index/package_run_dependencies/nav_tf_bridge
[47.029s] -- Up-to-date symlink: /home/seeed/ros2/ws/install/nav_tf_bridge/share/ament_index/resource_index/parent_prefix_path/nav_tf_bridge
[47.029s] -- Up-to-date symlink: /home/seeed/ros2/ws/install/nav_tf_bridge/share/nav_tf_bridge/environment/ament_prefix_path.sh
[47.030s] -- Up-to-date symlink: /home/seeed/ros2/ws/install/nav_tf_bridge/share/nav_tf_bridge/environment/ament_prefix_path.dsv
[47.030s] -- Up-to-date symlink: /home/seeed/ros2/ws/install/nav_tf_bridge/share/nav_tf_bridge/environment/path.sh
[47.032s] -- Up-to-date symlink: /home/seeed/ros2/ws/install/nav_tf_bridge/share/nav_tf_bridge/environment/path.dsv
[47.032s] -- Up-to-date symlink: /home/seeed/ros2/ws/install/nav_tf_bridge/share/nav_tf_bridge/local_setup.bash
[47.032s] -- Up-to-date symlink: /home/seeed/ros2/ws/install/nav_tf_bridge/share/nav_tf_bridge/local_setup.sh
[47.032s] -- Up-to-date symlink: /home/seeed/ros2/ws/install/nav_tf_bridge/share/nav_tf_bridge/local_setup.zsh
[47.033s] -- Up-to-date symlink: /home/seeed/ros2/ws/install/nav_tf_bridge/share/nav_tf_bridge/local_setup.dsv
[47.033s] -- Symlinking: /home/seeed/ros2/ws/install/nav_tf_bridge/share/nav_tf_bridge/package.dsv
[47.045s] -- Up-to-date symlink: /home/seeed/ros2/ws/install/nav_tf_bridge/share/ament_index/resource_index/packages/nav_tf_bridge
[47.045s] -- Up-to-date symlink: /home/seeed/ros2/ws/install/nav_tf_bridge/share/nav_tf_bridge/cmake/nav_tf_bridgeConfig.cmake
[47.046s] -- Up-to-date symlink: /home/seeed/ros2/ws/install/nav_tf_bridge/share/nav_tf_bridge/cmake/nav_tf_bridgeConfig-version.cmake
[47.046s] -- Up-to-date symlink: /home/seeed/ros2/ws/install/nav_tf_bridge/share/nav_tf_bridge/package.xml
[47.049s] Invoked command in '/home/seeed/ros2/ws/build/nav_tf_bridge' returned '0': CMAKE_PREFIX_PATH=/home/seeed/ros2/ws/install/vikit_ros:/opt/ros/humble:/home/seeed/ros2/ws/install/vikit_common:/home/seeed/ros2/ws/install/ranger_base:/home/seeed/ros2/ws/install/ugv_sdk:/home/seeed/ros2/ws/install/ranger_msgs:/home/seeed/ros2/ws/install/ranger_bringup:/home/seeed/ros2/ws/install/pcd_ndt_localization:/home/seeed/ros2/ws/install/nav_tf_bridge:/home/seeed/ros2/ws/install/fast_lio:/home/seeed/ros2/ws/install/livox_ros_driver2 /usr/local/bin/cmake --install /home/seeed/ros2/ws/build/nav_tf_bridge
