[0.000000] (-) TimerEvent: {}
[0.000599] (-) JobUnselected: {'identifier': 'fast_lio'}
[0.000918] (-) JobUnselected: {'identifier': 'livox_ros_driver2'}
[0.001211] (-) JobUnselected: {'identifier': 'nav_tf_bridge'}
[0.001332] (-) JobUnselected: {'identifier': 'ranger_base'}
[0.001424] (-) JobUnselected: {'identifier': 'ranger_bringup'}
[0.001509] (-) JobUnselected: {'identifier': 'ranger_msgs'}
[0.001589] (-) JobUnselected: {'identifier': 'ugv_sdk'}
[0.001671] (-) JobUnselected: {'identifier': 'vikit_common'}
[0.001754] (-) JobUnselected: {'identifier': 'vikit_ros'}
[0.001848] (pcd_ndt_localization) JobQueued: {'identifier': 'pcd_ndt_localization', 'dependencies': OrderedDict()}
[0.001942] (pcd_ndt_localization) JobStarted: {'identifier': 'pcd_ndt_localization'}
[0.020164] (pcd_ndt_localization) JobProgress: {'identifier': 'pcd_ndt_localization', 'progress': 'cmake'}
[0.022368] (pcd_ndt_localization) JobProgress: {'identifier': 'pcd_ndt_localization', 'progress': 'build'}
[0.024353] (pcd_ndt_localization) Command: {'cmd': ['/usr/local/bin/cmake', '--build', '/home/seeed/ros2/ws/build/pcd_ndt_localization', '--', '-j6', '-l6'], 'cwd': '/home/seeed/ros2/ws/build/pcd_ndt_localization', 'env': OrderedDict([('LANGUAGE', 'zh_CN:en'), ('USER', 'seeed'), ('SSH_CLIENT', '172.20.10.3 59443 22'), ('LC_TIME', 'zh_CN.UTF-8'), ('ROS_PACKAGE_PATH', '/home/seeed/ros2/ws/install/vikit_common/share:/home/seeed/ros2/ws/install/ugv_sdk/share'), ('XDG_SESSION_TYPE', 'tty'), ('SHLVL', '1'), ('LD_LIBRARY_PATH', '/home/seeed/ros2/ws/install/vikit_ros/lib:/home/seeed/ros2/ws/install/vikit_common/lib:/home/seeed/ros2/ws/install/ranger_msgs/lib:/home/seeed/ros2/ws/install/fast_lio/lib:/home/seeed/ros2/ws/install/livox_ros_driver2/lib:/opt/ros/humble/opt/rviz_ogre_vendor/lib:/opt/ros/humble/lib/aarch64-linux-gnu:/opt/ros/humble/lib'), ('MOTD_SHOWN', 'pam'), ('HOME', '/home/seeed'), ('OLDPWD', '/home/seeed'), ('ROS_PYTHON_VERSION', '3'), ('LC_MONETARY', 'zh_CN.UTF-8'), ('ROS_IP', '172.20.10.2'), ('LC_CTYPE', 'C.UTF-8'), ('DBUS_SESSION_BUS_ADDRESS', 'unix:path=/run/user/1000/bus'), ('COLCON_PREFIX_PATH', '/home/seeed/ros2/ws/install'), ('ROS_DISTRO', 'humble'), ('LOGNAME', 'seeed'), ('ROS_VERSION', '2'), ('PKG_CONFIG_PATH', '/home/seeed/ros2/ws/install/vikit_common/lib/aarch64-linux-gnu/pkgconfig:/home/seeed/ros2/ws/install/vikit_common/lib/pkgconfig:/home/seeed/ros2/ws/install/ugv_sdk/lib/aarch64-linux-gnu/pkgconfig:/home/seeed/ros2/ws/install/ugv_sdk/lib/pkgconfig'), ('XDG_SESSION_CLASS', 'user'), ('XDG_SESSION_ID', '124'), ('ROS_LOCALHOST_ONLY', '0'), ('PATH', '/opt/ros/humble/bin:/usr/local/sbin:/usr/local/bin:/usr/sbin:/usr/bin:/sbin:/bin:/usr/games:/usr/local/games:/snap/bin'), ('FASTRTPS_DEFAULT_PROFILES_FILE', '/home/seeed/ros2/fastrtps_profile.xml'), ('PAPERSIZE', 'a4'), ('LC_ADDRESS', 'zh_CN.UTF-8'), ('XDG_RUNTIME_DIR', '/run/user/1000'), ('DISPLAY', 'localhost:10.0'), ('LANG', 'zh_CN.UTF-8'), ('LC_TELEPHONE', 'zh_CN.UTF-8'), ('RMW_IMPLEMENTATION', 'rmw_fastrtps_cpp'), ('ROS_DOMAIN_ID', '0'), ('AMENT_PREFIX_PATH', '/home/seeed/ros2/ws/install/vikit_ros:/home/seeed/ros2/ws/install/ranger_base:/home/seeed/ros2/ws/install/ranger_msgs:/home/seeed/ros2/ws/install/ranger_bringup:/home/seeed/ros2/ws/install/pcd_ndt_localization:/home/seeed/ros2/ws/install/nav_tf_bridge:/home/seeed/ros2/ws/install/fast_lio:/home/seeed/ros2/ws/install/livox_ros_driver2:/opt/ros/humble'), ('SHELL', '/bin/bash'), ('LC_NAME', 'zh_CN.UTF-8'), ('LC_MEASUREMENT', 'zh_CN.UTF-8'), ('LC_IDENTIFICATION', 'zh_CN.UTF-8'), ('PWD', '/home/seeed/ros2/ws/build/pcd_ndt_localization'), ('LC_ALL', 'en_US.UTF-8'), ('SSH_CONNECTION', '172.20.10.3 59443 172.20.10.2 22'), ('PYTHONPATH', '/home/seeed/ros2/ws/install/ranger_msgs/local/lib/python3.10/dist-packages:/home/seeed/ros2/ws/install/fast_lio/local/lib/python3.10/dist-packages:/home/seeed/ros2/ws/install/livox_ros_driver2/local/lib/python3.10/dist-packages:/opt/ros/humble/lib/python3.10/site-packages:/opt/ros/humble/local/lib/python3.10/dist-packages'), ('LC_NUMERIC', 'zh_CN.UTF-8'), ('LC_PAPER', 'zh_CN.UTF-8'), ('COLCON', '1'), ('CMAKE_PREFIX_PATH', '/home/seeed/ros2/ws/install/vikit_ros:/opt/ros/humble:/home/seeed/ros2/ws/install/vikit_common:/home/seeed/ros2/ws/install/ranger_base:/home/seeed/ros2/ws/install/ugv_sdk:/home/seeed/ros2/ws/install/ranger_msgs:/home/seeed/ros2/ws/install/ranger_bringup:/home/seeed/ros2/ws/install/pcd_ndt_localization:/home/seeed/ros2/ws/install/nav_tf_bridge:/home/seeed/ros2/ws/install/fast_lio:/home/seeed/ros2/ws/install/livox_ros_driver2')]), 'shell': False}
[0.098960] (-) TimerEvent: {}
[0.106049] (pcd_ndt_localization) StdoutLine: {'line': b'[ 50%] Built target pcd_occupancy_grid_publisher\n'}
[0.141143] (pcd_ndt_localization) StdoutLine: {'line': b'[ 75%] Building CXX object CMakeFiles/pcd_ndt_localizer.dir/src/pcd_ndt_localizer.cpp.o\n'}
[0.199167] (-) TimerEvent: {}
[0.299595] (-) TimerEvent: {}
[0.400016] (-) TimerEvent: {}
[0.500405] (-) TimerEvent: {}
[0.600821] (-) TimerEvent: {}
[0.701296] (-) TimerEvent: {}
[0.801735] (-) TimerEvent: {}
[0.902093] (-) TimerEvent: {}
[1.002506] (-) TimerEvent: {}
[1.102865] (-) TimerEvent: {}
[1.203253] (-) TimerEvent: {}
[1.303656] (-) TimerEvent: {}
[1.404045] (-) TimerEvent: {}
[1.504405] (-) TimerEvent: {}
[1.604812] (-) TimerEvent: {}
[1.705224] (-) TimerEvent: {}
[1.805561] (-) TimerEvent: {}
[1.905955] (-) TimerEvent: {}
[2.006325] (-) TimerEvent: {}
[2.106725] (-) TimerEvent: {}
[2.207131] (-) TimerEvent: {}
[2.307511] (-) TimerEvent: {}
[2.407905] (-) TimerEvent: {}
[2.508312] (-) TimerEvent: {}
[2.608697] (-) TimerEvent: {}
[2.709101] (-) TimerEvent: {}
[2.809504] (-) TimerEvent: {}
[2.909876] (-) TimerEvent: {}
[3.010273] (-) TimerEvent: {}
[3.110667] (-) TimerEvent: {}
[3.211042] (-) TimerEvent: {}
[3.311459] (-) TimerEvent: {}
[3.411840] (-) TimerEvent: {}
[3.512240] (-) TimerEvent: {}
[3.612662] (-) TimerEvent: {}
[3.713124] (-) TimerEvent: {}
[3.813546] (-) TimerEvent: {}
[3.913960] (-) TimerEvent: {}
[4.014349] (-) TimerEvent: {}
[4.114752] (-) TimerEvent: {}
[4.215170] (-) TimerEvent: {}
[4.315563] (-) TimerEvent: {}
[4.415981] (-) TimerEvent: {}
[4.516400] (-) TimerEvent: {}
[4.616828] (-) TimerEvent: {}
[4.717223] (-) TimerEvent: {}
[4.817633] (-) TimerEvent: {}
[4.918007] (-) TimerEvent: {}
[5.018434] (-) TimerEvent: {}
[5.118848] (-) TimerEvent: {}
[5.219282] (-) TimerEvent: {}
[5.319701] (-) TimerEvent: {}
[5.420131] (-) TimerEvent: {}
[5.520539] (-) TimerEvent: {}
[5.620943] (-) TimerEvent: {}
[5.721432] (-) TimerEvent: {}
[5.821918] (-) TimerEvent: {}
[5.922397] (-) TimerEvent: {}
[6.022880] (-) TimerEvent: {}
[6.123379] (-) TimerEvent: {}
[6.223845] (-) TimerEvent: {}
[6.324318] (-) TimerEvent: {}
[6.424802] (-) TimerEvent: {}
[6.525293] (-) TimerEvent: {}
[6.625845] (-) TimerEvent: {}
[6.726335] (-) TimerEvent: {}
[6.826961] (-) TimerEvent: {}
[6.927416] (-) TimerEvent: {}
[7.027893] (-) TimerEvent: {}
[7.128375] (-) TimerEvent: {}
[7.228862] (-) TimerEvent: {}
[7.329325] (-) TimerEvent: {}
[7.429787] (-) TimerEvent: {}
[7.530259] (-) TimerEvent: {}
[7.630733] (-) TimerEvent: {}
[7.731218] (-) TimerEvent: {}
[7.831695] (-) TimerEvent: {}
[7.932167] (-) TimerEvent: {}
[8.032778] (-) TimerEvent: {}
[8.133378] (-) TimerEvent: {}
[8.233914] (-) TimerEvent: {}
[8.334404] (-) TimerEvent: {}
[8.434903] (-) TimerEvent: {}
[8.535337] (-) TimerEvent: {}
[8.635760] (-) TimerEvent: {}
[8.736173] (-) TimerEvent: {}
[8.836585] (-) TimerEvent: {}
[8.936993] (-) TimerEvent: {}
[9.037374] (-) TimerEvent: {}
[9.137783] (-) TimerEvent: {}
[9.238206] (-) TimerEvent: {}
[9.338621] (-) TimerEvent: {}
[9.439052] (-) TimerEvent: {}
[9.539450] (-) TimerEvent: {}
[9.639860] (-) TimerEvent: {}
[9.740272] (-) TimerEvent: {}
[9.840684] (-) TimerEvent: {}
[9.941102] (-) TimerEvent: {}
[10.041521] (-) TimerEvent: {}
[10.141914] (-) TimerEvent: {}
[10.242310] (-) TimerEvent: {}
[10.342727] (-) TimerEvent: {}
[10.443171] (-) TimerEvent: {}
[10.543587] (-) TimerEvent: {}
[10.643998] (-) TimerEvent: {}
[10.744405] (-) TimerEvent: {}
[10.844830] (-) TimerEvent: {}
[10.945284] (-) TimerEvent: {}
[11.045765] (-) TimerEvent: {}
[11.146243] (-) TimerEvent: {}
[11.246698] (-) TimerEvent: {}
[11.347235] (-) TimerEvent: {}
[11.447714] (-) TimerEvent: {}
[11.548192] (-) TimerEvent: {}
[11.648660] (-) TimerEvent: {}
[11.749123] (-) TimerEvent: {}
[11.849594] (-) TimerEvent: {}
[11.950094] (-) TimerEvent: {}
[12.050828] (-) TimerEvent: {}
[12.151283] (-) TimerEvent: {}
[12.251760] (-) TimerEvent: {}
[12.352229] (-) TimerEvent: {}
[12.452711] (-) TimerEvent: {}
[12.553176] (-) TimerEvent: {}
[12.653597] (-) TimerEvent: {}
[12.754025] (-) TimerEvent: {}
[12.854474] (-) TimerEvent: {}
[12.954966] (-) TimerEvent: {}
[13.055478] (-) TimerEvent: {}
[13.155974] (-) TimerEvent: {}
[13.256451] (-) TimerEvent: {}
[13.356930] (-) TimerEvent: {}
[13.457410] (-) TimerEvent: {}
[13.557899] (-) TimerEvent: {}
[13.658429] (-) TimerEvent: {}
[13.759088] (-) TimerEvent: {}
[13.859571] (-) TimerEvent: {}
[13.960091] (-) TimerEvent: {}
[14.060550] (-) TimerEvent: {}
[14.161033] (-) TimerEvent: {}
[14.261525] (-) TimerEvent: {}
[14.362006] (-) TimerEvent: {}
[14.462486] (-) TimerEvent: {}
[14.562950] (-) TimerEvent: {}
[14.663458] (-) TimerEvent: {}
[14.763938] (-) TimerEvent: {}
[14.864422] (-) TimerEvent: {}
[14.965129] (-) TimerEvent: {}
[15.065608] (-) TimerEvent: {}
[15.166083] (-) TimerEvent: {}
[15.266559] (-) TimerEvent: {}
[15.367018] (-) TimerEvent: {}
[15.467520] (-) TimerEvent: {}
[15.568011] (-) TimerEvent: {}
[15.668465] (-) TimerEvent: {}
[15.768951] (-) TimerEvent: {}
[15.870471] (-) TimerEvent: {}
[15.970941] (-) TimerEvent: {}
[16.071481] (-) TimerEvent: {}
[16.171913] (-) TimerEvent: {}
[16.272317] (-) TimerEvent: {}
[16.372769] (-) TimerEvent: {}
[16.473322] (-) TimerEvent: {}
[16.573806] (-) TimerEvent: {}
[16.674232] (-) TimerEvent: {}
[16.774671] (-) TimerEvent: {}
[16.875301] (-) TimerEvent: {}
[16.975732] (-) TimerEvent: {}
[17.076172] (-) TimerEvent: {}
[17.176618] (-) TimerEvent: {}
[17.277035] (-) TimerEvent: {}
[17.377433] (-) TimerEvent: {}
[17.477857] (-) TimerEvent: {}
[17.578318] (-) TimerEvent: {}
[17.678749] (-) TimerEvent: {}
[17.779192] (-) TimerEvent: {}
[17.879624] (-) TimerEvent: {}
[17.980091] (-) TimerEvent: {}
[18.080543] (-) TimerEvent: {}
[18.180961] (-) TimerEvent: {}
[18.281381] (-) TimerEvent: {}
[18.381817] (-) TimerEvent: {}
[18.482243] (-) TimerEvent: {}
[18.582697] (-) TimerEvent: {}
[18.683194] (-) TimerEvent: {}
[18.783616] (-) TimerEvent: {}
[18.884038] (-) TimerEvent: {}
[18.984463] (-) TimerEvent: {}
[19.084875] (-) TimerEvent: {}
[19.185310] (-) TimerEvent: {}
[19.285738] (-) TimerEvent: {}
[19.386178] (-) TimerEvent: {}
[19.486614] (-) TimerEvent: {}
[19.587059] (-) TimerEvent: {}
[19.687493] (-) TimerEvent: {}
[19.787968] (-) TimerEvent: {}
[19.888397] (-) TimerEvent: {}
[19.988827] (-) TimerEvent: {}
[20.089320] (-) TimerEvent: {}
[20.189784] (-) TimerEvent: {}
[20.290246] (-) TimerEvent: {}
[20.390707] (-) TimerEvent: {}
[20.491151] (-) TimerEvent: {}
[20.591717] (-) TimerEvent: {}
[20.692172] (-) TimerEvent: {}
[20.793710] (-) TimerEvent: {}
[20.898677] (-) TimerEvent: {}
[20.999179] (-) TimerEvent: {}
[21.099676] (-) TimerEvent: {}
[21.200048] (-) TimerEvent: {}
[21.300471] (-) TimerEvent: {}
[21.400895] (-) TimerEvent: {}
[21.501320] (-) TimerEvent: {}
[21.601742] (-) TimerEvent: {}
[21.702157] (-) TimerEvent: {}
[21.802555] (-) TimerEvent: {}
[21.902936] (-) TimerEvent: {}
[22.003355] (-) TimerEvent: {}
[22.103764] (-) TimerEvent: {}
[22.204173] (-) TimerEvent: {}
[22.304584] (-) TimerEvent: {}
[22.404979] (-) TimerEvent: {}
[22.505385] (-) TimerEvent: {}
[22.605802] (-) TimerEvent: {}
[22.706214] (-) TimerEvent: {}
[22.806636] (-) TimerEvent: {}
[22.907077] (-) TimerEvent: {}
[23.007459] (-) TimerEvent: {}
[23.107858] (-) TimerEvent: {}
[23.208274] (-) TimerEvent: {}
[23.308687] (-) TimerEvent: {}
[23.409096] (-) TimerEvent: {}
[23.509476] (-) TimerEvent: {}
[23.609874] (-) TimerEvent: {}
[23.710280] (-) TimerEvent: {}
[23.810688] (-) TimerEvent: {}
[23.911121] (-) TimerEvent: {}
[24.011544] (-) TimerEvent: {}
[24.111938] (-) TimerEvent: {}
[24.212342] (-) TimerEvent: {}
[24.312754] (-) TimerEvent: {}
[24.413167] (-) TimerEvent: {}
[24.513593] (-) TimerEvent: {}
[24.614015] (-) TimerEvent: {}
[24.714471] (-) TimerEvent: {}
[24.814877] (-) TimerEvent: {}
[24.915312] (-) TimerEvent: {}
[25.015724] (-) TimerEvent: {}
[25.116143] (-) TimerEvent: {}
[25.216541] (-) TimerEvent: {}
[25.316939] (-) TimerEvent: {}
[25.417350] (-) TimerEvent: {}
[25.517778] (-) TimerEvent: {}
[25.618199] (-) TimerEvent: {}
[25.718600] (-) TimerEvent: {}
[25.818998] (-) TimerEvent: {}
[25.919436] (-) TimerEvent: {}
[26.019865] (-) TimerEvent: {}
[26.120280] (-) TimerEvent: {}
[26.220728] (-) TimerEvent: {}
[26.321163] (-) TimerEvent: {}
[26.421677] (-) TimerEvent: {}
[26.522097] (-) TimerEvent: {}
[26.622512] (-) TimerEvent: {}
[26.723019] (-) TimerEvent: {}
[26.823528] (-) TimerEvent: {}
[26.923955] (-) TimerEvent: {}
[27.024357] (-) TimerEvent: {}
[27.124805] (-) TimerEvent: {}
[27.225318] (-) TimerEvent: {}
[27.325811] (-) TimerEvent: {}
[27.426203] (-) TimerEvent: {}
[27.526611] (-) TimerEvent: {}
[27.627054] (-) TimerEvent: {}
[27.727463] (-) TimerEvent: {}
[27.827872] (-) TimerEvent: {}
[27.928274] (-) TimerEvent: {}
[28.028648] (-) TimerEvent: {}
[28.129050] (-) TimerEvent: {}
[28.229455] (-) TimerEvent: {}
[28.329871] (-) TimerEvent: {}
[28.430282] (-) TimerEvent: {}
[28.530686] (-) TimerEvent: {}
[28.631115] (-) TimerEvent: {}
[28.731581] (-) TimerEvent: {}
[28.832012] (-) TimerEvent: {}
[28.932423] (-) TimerEvent: {}
[29.032825] (-) TimerEvent: {}
[29.133207] (-) TimerEvent: {}
[29.233616] (-) TimerEvent: {}
[29.334046] (-) TimerEvent: {}
[29.434468] (-) TimerEvent: {}
[29.534894] (-) TimerEvent: {}
[29.635332] (-) TimerEvent: {}
[29.735740] (-) TimerEvent: {}
[29.836153] (-) TimerEvent: {}
[29.936567] (-) TimerEvent: {}
[30.036948] (-) TimerEvent: {}
[30.137352] (-) TimerEvent: {}
[30.237756] (-) TimerEvent: {}
[30.338164] (-) TimerEvent: {}
[30.438576] (-) TimerEvent: {}
[30.538993] (-) TimerEvent: {}
[30.639439] (-) TimerEvent: {}
[30.739815] (-) TimerEvent: {}
[30.840226] (-) TimerEvent: {}
[30.940642] (-) TimerEvent: {}
[31.041060] (-) TimerEvent: {}
[31.141476] (-) TimerEvent: {}
[31.241880] (-) TimerEvent: {}
[31.342253] (-) TimerEvent: {}
[31.442722] (-) TimerEvent: {}
[31.543305] (-) TimerEvent: {}
[31.643799] (-) TimerEvent: {}
[31.744209] (-) TimerEvent: {}
[31.844598] (-) TimerEvent: {}
[31.944997] (-) TimerEvent: {}
[32.045406] (-) TimerEvent: {}
[32.145820] (-) TimerEvent: {}
[32.246240] (-) TimerEvent: {}
[32.346654] (-) TimerEvent: {}
[32.447077] (-) TimerEvent: {}
[32.547481] (-) TimerEvent: {}
[32.647896] (-) TimerEvent: {}
[32.748304] (-) TimerEvent: {}
[32.848717] (-) TimerEvent: {}
[32.949131] (-) TimerEvent: {}
[33.049523] (-) TimerEvent: {}
[33.149907] (-) TimerEvent: {}
[33.250321] (-) TimerEvent: {}
[33.350746] (-) TimerEvent: {}
[33.451187] (-) TimerEvent: {}
[33.551885] (-) TimerEvent: {}
[33.652340] (-) TimerEvent: {}
[33.752803] (-) TimerEvent: {}
[33.853282] (-) TimerEvent: {}
[33.953737] (-) TimerEvent: {}
[34.054208] (-) TimerEvent: {}
[34.154687] (-) TimerEvent: {}
[34.255218] (-) TimerEvent: {}
[34.355706] (-) TimerEvent: {}
[34.456169] (-) TimerEvent: {}
[34.556673] (-) TimerEvent: {}
[34.657163] (-) TimerEvent: {}
[34.757628] (-) TimerEvent: {}
[34.858033] (-) TimerEvent: {}
[34.958458] (-) TimerEvent: {}
[35.058865] (-) TimerEvent: {}
[35.159312] (-) TimerEvent: {}
[35.259718] (-) TimerEvent: {}
[35.360129] (-) TimerEvent: {}
[35.460547] (-) TimerEvent: {}
[35.560983] (-) TimerEvent: {}
[35.661425] (-) TimerEvent: {}
[35.761866] (-) TimerEvent: {}
[35.862342] (-) TimerEvent: {}
[35.962767] (-) TimerEvent: {}
[36.063248] (-) TimerEvent: {}
[36.163696] (-) TimerEvent: {}
[36.264133] (-) TimerEvent: {}
[36.364551] (-) TimerEvent: {}
[36.464991] (-) TimerEvent: {}
[36.565386] (-) TimerEvent: {}
[36.665774] (-) TimerEvent: {}
[36.766156] (-) TimerEvent: {}
[36.866568] (-) TimerEvent: {}
[36.966950] (-) TimerEvent: {}
[37.067419] (-) TimerEvent: {}
[37.167885] (-) TimerEvent: {}
[37.268287] (-) TimerEvent: {}
[37.368705] (-) TimerEvent: {}
[37.469111] (-) TimerEvent: {}
[37.569514] (-) TimerEvent: {}
[37.669931] (-) TimerEvent: {}
[37.770346] (-) TimerEvent: {}
[37.870759] (-) TimerEvent: {}
[37.971185] (-) TimerEvent: {}
[38.071571] (-) TimerEvent: {}
[38.171985] (-) TimerEvent: {}
[38.272417] (-) TimerEvent: {}
[38.372830] (-) TimerEvent: {}
[38.473242] (-) TimerEvent: {}
[38.573654] (-) TimerEvent: {}
[38.674281] (-) TimerEvent: {}
[38.774702] (-) TimerEvent: {}
[38.875146] (-) TimerEvent: {}
[38.975618] (-) TimerEvent: {}
[39.076091] (-) TimerEvent: {}
[39.176467] (-) TimerEvent: {}
[39.276879] (-) TimerEvent: {}
[39.377322] (-) TimerEvent: {}
[39.477748] (-) TimerEvent: {}
[39.578383] (-) TimerEvent: {}
[39.678780] (-) TimerEvent: {}
[39.779194] (-) TimerEvent: {}
[39.879602] (-) TimerEvent: {}
[39.980043] (-) TimerEvent: {}
[40.080473] (-) TimerEvent: {}
[40.180996] (-) TimerEvent: {}
[40.281415] (-) TimerEvent: {}
[40.381873] (-) TimerEvent: {}
[40.482323] (-) TimerEvent: {}
[40.582755] (-) TimerEvent: {}
[40.683201] (-) TimerEvent: {}
[40.783632] (-) TimerEvent: {}
[40.884102] (-) TimerEvent: {}
[40.984803] (-) TimerEvent: {}
[41.085381] (-) TimerEvent: {}
[41.186018] (-) TimerEvent: {}
[41.286497] (-) TimerEvent: {}
[41.386949] (-) TimerEvent: {}
[41.487476] (-) TimerEvent: {}
[41.588049] (-) TimerEvent: {}
[41.688576] (-) TimerEvent: {}
[41.789051] (-) TimerEvent: {}
[41.889509] (-) TimerEvent: {}
[41.989987] (-) TimerEvent: {}
[42.090466] (-) TimerEvent: {}
[42.190968] (-) TimerEvent: {}
[42.291484] (-) TimerEvent: {}
[42.391990] (-) TimerEvent: {}
[42.492468] (-) TimerEvent: {}
[42.592943] (-) TimerEvent: {}
[42.693422] (-) TimerEvent: {}
[42.793926] (-) TimerEvent: {}
[42.894385] (-) TimerEvent: {}
[42.994806] (-) TimerEvent: {}
[43.095188] (-) TimerEvent: {}
[43.195591] (-) TimerEvent: {}
[43.296011] (-) TimerEvent: {}
[43.396430] (-) TimerEvent: {}
[43.496846] (-) TimerEvent: {}
[43.597257] (-) TimerEvent: {}
[43.697685] (-) TimerEvent: {}
[43.798119] (-) TimerEvent: {}
[43.898545] (-) TimerEvent: {}
[43.998968] (-) TimerEvent: {}
[44.099426] (-) TimerEvent: {}
[44.199820] (-) TimerEvent: {}
[44.300234] (-) TimerEvent: {}
[44.400642] (-) TimerEvent: {}
[44.501077] (-) TimerEvent: {}
[44.601598] (-) TimerEvent: {}
[44.702083] (-) TimerEvent: {}
[44.802727] (-) TimerEvent: {}
[44.903396] (-) TimerEvent: {}
[45.003857] (-) TimerEvent: {}
[45.104332] (-) TimerEvent: {}
[45.204836] (-) TimerEvent: {}
[45.305338] (-) TimerEvent: {}
[45.405810] (-) TimerEvent: {}
[45.506292] (-) TimerEvent: {}
[45.606756] (-) TimerEvent: {}
[45.707282] (-) TimerEvent: {}
[45.807772] (-) TimerEvent: {}
[45.908216] (-) TimerEvent: {}
[46.008670] (-) TimerEvent: {}
[46.109134] (-) TimerEvent: {}
[46.209645] (-) TimerEvent: {}
[46.310192] (-) TimerEvent: {}
[46.410618] (-) TimerEvent: {}
[46.511091] (-) TimerEvent: {}
[46.611548] (-) TimerEvent: {}
[46.712023] (-) TimerEvent: {}
[46.812522] (-) TimerEvent: {}
[46.912950] (-) TimerEvent: {}
[47.013353] (-) TimerEvent: {}
[47.113785] (-) TimerEvent: {}
[47.214206] (-) TimerEvent: {}
[47.314645] (-) TimerEvent: {}
[47.415146] (-) TimerEvent: {}
[47.515652] (-) TimerEvent: {}
[47.616139] (-) TimerEvent: {}
[47.716614] (-) TimerEvent: {}
[47.817095] (-) TimerEvent: {}
[47.917561] (-) TimerEvent: {}
[48.018039] (-) TimerEvent: {}
[48.118501] (-) TimerEvent: {}
[48.218944] (-) TimerEvent: {}
[48.319511] (-) TimerEvent: {}
[48.419986] (-) TimerEvent: {}
[48.520464] (-) TimerEvent: {}
[48.620929] (-) TimerEvent: {}
[48.721396] (-) TimerEvent: {}
[48.821854] (-) TimerEvent: {}
[48.922309] (-) TimerEvent: {}
[49.022765] (-) TimerEvent: {}
[49.123221] (-) TimerEvent: {}
[49.223646] (-) TimerEvent: {}
[49.324075] (-) TimerEvent: {}
[49.424547] (-) TimerEvent: {}
[49.525028] (-) TimerEvent: {}
[49.625507] (-) TimerEvent: {}
[49.725973] (-) TimerEvent: {}
[49.826452] (-) TimerEvent: {}
[49.926928] (-) TimerEvent: {}
[50.027437] (-) TimerEvent: {}
[50.127937] (-) TimerEvent: {}
[50.228420] (-) TimerEvent: {}
[50.328873] (-) TimerEvent: {}
[50.429358] (-) TimerEvent: {}
[50.529795] (-) TimerEvent: {}
[50.630284] (-) TimerEvent: {}
[50.730754] (-) TimerEvent: {}
[50.831363] (-) TimerEvent: {}
[50.931963] (-) TimerEvent: {}
[51.032447] (-) TimerEvent: {}
[51.132914] (-) TimerEvent: {}
[51.233442] (-) TimerEvent: {}
[51.333964] (-) TimerEvent: {}
[51.434471] (-) TimerEvent: {}
[51.535093] (-) TimerEvent: {}
[51.635629] (-) TimerEvent: {}
[51.736167] (-) TimerEvent: {}
[51.836622] (-) TimerEvent: {}
[51.937079] (-) TimerEvent: {}
[52.037552] (-) TimerEvent: {}
[52.138032] (-) TimerEvent: {}
[52.238508] (-) TimerEvent: {}
[52.338979] (-) TimerEvent: {}
[52.439480] (-) TimerEvent: {}
[52.539942] (-) TimerEvent: {}
[52.640406] (-) TimerEvent: {}
[52.740933] (-) TimerEvent: {}
[52.841468] (-) TimerEvent: {}
[52.941974] (-) TimerEvent: {}
[53.042449] (-) TimerEvent: {}
[53.143198] (-) TimerEvent: {}
[53.243600] (-) TimerEvent: {}
[53.344016] (-) TimerEvent: {}
[53.444437] (-) TimerEvent: {}
[53.544849] (-) TimerEvent: {}
[53.645224] (-) TimerEvent: {}
[53.745617] (-) TimerEvent: {}
[53.846027] (-) TimerEvent: {}
[53.946448] (-) TimerEvent: {}
[54.046855] (-) TimerEvent: {}
[54.147289] (-) TimerEvent: {}
[54.247649] (-) TimerEvent: {}
[54.348084] (-) TimerEvent: {}
[54.448492] (-) TimerEvent: {}
[54.548966] (-) TimerEvent: {}
[54.649498] (-) TimerEvent: {}
[54.749905] (-) TimerEvent: {}
[54.850327] (-) TimerEvent: {}
[54.950735] (-) TimerEvent: {}
[55.051179] (-) TimerEvent: {}
[55.151591] (-) TimerEvent: {}
[55.252002] (-) TimerEvent: {}
[55.352403] (-) TimerEvent: {}
[55.452823] (-) TimerEvent: {}
[55.553258] (-) TimerEvent: {}
[55.653663] (-) TimerEvent: {}
[55.754029] (-) TimerEvent: {}
[55.854435] (-) TimerEvent: {}
[55.954838] (-) TimerEvent: {}
[56.055335] (-) TimerEvent: {}
[56.155759] (-) TimerEvent: {}
[56.256179] (-) TimerEvent: {}
[56.356596] (-) TimerEvent: {}
[56.456982] (-) TimerEvent: {}
[56.557393] (-) TimerEvent: {}
[56.657816] (-) TimerEvent: {}
[56.758249] (-) TimerEvent: {}
[56.858661] (-) TimerEvent: {}
[56.959093] (-) TimerEvent: {}
[57.059504] (-) TimerEvent: {}
[57.159917] (-) TimerEvent: {}
[57.260298] (-) TimerEvent: {}
[57.360716] (-) TimerEvent: {}
[57.461123] (-) TimerEvent: {}
[57.561502] (-) TimerEvent: {}
[57.661913] (-) TimerEvent: {}
[57.762389] (-) TimerEvent: {}
[57.862821] (-) TimerEvent: {}
[57.963457] (-) TimerEvent: {}
[58.063898] (-) TimerEvent: {}
[58.164313] (-) TimerEvent: {}
[58.264715] (-) TimerEvent: {}
[58.365110] (-) TimerEvent: {}
[58.465871] (-) TimerEvent: {}
[58.566347] (-) TimerEvent: {}
[58.666794] (-) TimerEvent: {}
[58.767654] (-) TimerEvent: {}
[58.868172] (-) TimerEvent: {}
[58.968602] (-) TimerEvent: {}
[59.069011] (-) TimerEvent: {}
[59.169625] (-) TimerEvent: {}
[59.270028] (-) TimerEvent: {}
[59.370432] (-) TimerEvent: {}
[59.470840] (-) TimerEvent: {}
[59.571258] (-) TimerEvent: {}
[59.671689] (-) TimerEvent: {}
[59.772090] (-) TimerEvent: {}
[59.872486] (-) TimerEvent: {}
[59.972929] (-) TimerEvent: {}
[60.073405] (-) TimerEvent: {}
[60.173948] (-) TimerEvent: {}
[60.274383] (-) TimerEvent: {}
[60.374789] (-) TimerEvent: {}
[60.475270] (-) TimerEvent: {}
[60.575796] (-) TimerEvent: {}
[60.676298] (-) TimerEvent: {}
[60.776707] (-) TimerEvent: {}
[60.877142] (-) TimerEvent: {}
[60.977584] (-) TimerEvent: {}
[61.077983] (-) TimerEvent: {}
[61.178399] (-) TimerEvent: {}
[61.278833] (-) TimerEvent: {}
[61.379278] (-) TimerEvent: {}
[61.479691] (-) TimerEvent: {}
[61.580110] (-) TimerEvent: {}
[61.680515] (-) TimerEvent: {}
[61.780934] (-) TimerEvent: {}
[61.881353] (-) TimerEvent: {}
[61.981766] (-) TimerEvent: {}
[62.082191] (-) TimerEvent: {}
[62.182633] (-) TimerEvent: {}
[62.283091] (-) TimerEvent: {}
[62.383523] (-) TimerEvent: {}
[62.484046] (-) TimerEvent: {}
[62.584557] (-) TimerEvent: {}
[62.686988] (-) TimerEvent: {}
[62.787531] (-) TimerEvent: {}
[62.887935] (-) TimerEvent: {}
[62.988334] (-) TimerEvent: {}
[63.088739] (-) TimerEvent: {}
[63.189088] (-) TimerEvent: {}
[63.289480] (-) TimerEvent: {}
[63.389972] (-) TimerEvent: {}
[63.490422] (-) TimerEvent: {}
[63.590858] (-) TimerEvent: {}
[63.691343] (-) TimerEvent: {}
[63.791811] (-) TimerEvent: {}
[63.892240] (-) TimerEvent: {}
[63.992650] (-) TimerEvent: {}
[64.093076] (-) TimerEvent: {}
[64.193534] (-) TimerEvent: {}
[64.293963] (-) TimerEvent: {}
[64.394388] (-) TimerEvent: {}
[64.494848] (-) TimerEvent: {}
[64.595273] (-) TimerEvent: {}
[64.695673] (-) TimerEvent: {}
[64.796071] (-) TimerEvent: {}
[64.896487] (-) TimerEvent: {}
[64.996877] (-) TimerEvent: {}
[65.097274] (-) TimerEvent: {}
[65.197685] (-) TimerEvent: {}
[65.298083] (-) TimerEvent: {}
[65.398469] (-) TimerEvent: {}
[65.498870] (-) TimerEvent: {}
[65.599279] (-) TimerEvent: {}
[65.699689] (-) TimerEvent: {}
[65.800137] (-) TimerEvent: {}
[65.900585] (-) TimerEvent: {}
[66.000981] (-) TimerEvent: {}
[66.101394] (-) TimerEvent: {}
[66.201819] (-) TimerEvent: {}
[66.302241] (-) TimerEvent: {}
[66.402658] (-) TimerEvent: {}
[66.503055] (-) TimerEvent: {}
[66.603476] (-) TimerEvent: {}
[66.703894] (-) TimerEvent: {}
[66.804284] (-) TimerEvent: {}
[66.904691] (-) TimerEvent: {}
[67.005096] (-) TimerEvent: {}
[67.105463] (-) TimerEvent: {}
[67.205850] (-) TimerEvent: {}
[67.306258] (-) TimerEvent: {}
[67.406655] (-) TimerEvent: {}
[67.507096] (-) TimerEvent: {}
[67.607491] (-) TimerEvent: {}
[67.707873] (-) TimerEvent: {}
[67.808248] (-) TimerEvent: {}
[67.908643] (-) TimerEvent: {}
[68.009041] (-) TimerEvent: {}
[68.109461] (-) TimerEvent: {}
[68.209836] (-) TimerEvent: {}
[68.310220] (-) TimerEvent: {}
[68.410615] (-) TimerEvent: {}
[68.511004] (-) TimerEvent: {}
[68.611450] (-) TimerEvent: {}
[68.711824] (-) TimerEvent: {}
[68.812217] (-) TimerEvent: {}
[68.912579] (-) TimerEvent: {}
[69.012953] (-) TimerEvent: {}
[69.113363] (-) TimerEvent: {}
[69.213764] (-) TimerEvent: {}
[69.314164] (-) TimerEvent: {}
[69.414593] (-) TimerEvent: {}
[69.515073] (-) TimerEvent: {}
[69.615543] (-) TimerEvent: {}
[69.716000] (-) TimerEvent: {}
[69.816386] (-) TimerEvent: {}
[69.916781] (-) TimerEvent: {}
[70.017185] (-) TimerEvent: {}
[70.117593] (-) TimerEvent: {}
[70.218003] (-) TimerEvent: {}
[70.318384] (-) TimerEvent: {}
[70.418758] (-) TimerEvent: {}
[70.519164] (-) TimerEvent: {}
[70.619583] (-) TimerEvent: {}
[70.720012] (-) TimerEvent: {}
[70.820431] (-) TimerEvent: {}
[70.920844] (-) TimerEvent: {}
[71.021390] (-) TimerEvent: {}
[71.121869] (-) TimerEvent: {}
[71.222273] (-) TimerEvent: {}
[71.322670] (-) TimerEvent: {}
[71.423082] (-) TimerEvent: {}
[71.523489] (-) TimerEvent: {}
[71.623913] (-) TimerEvent: {}
[71.724334] (-) TimerEvent: {}
[71.824754] (-) TimerEvent: {}
[71.926144] (-) TimerEvent: {}
[72.026534] (-) TimerEvent: {}
[72.126939] (-) TimerEvent: {}
[72.227446] (-) TimerEvent: {}
[72.327938] (-) TimerEvent: {}
[72.428374] (-) TimerEvent: {}
[72.528773] (-) TimerEvent: {}
[72.629191] (-) TimerEvent: {}
[72.729662] (-) TimerEvent: {}
[72.830060] (-) TimerEvent: {}
[72.930469] (-) TimerEvent: {}
[73.030857] (-) TimerEvent: {}
[73.131277] (-) TimerEvent: {}
[73.231648] (-) TimerEvent: {}
[73.332051] (-) TimerEvent: {}
[73.432458] (-) TimerEvent: {}
[73.532861] (-) TimerEvent: {}
[73.633270] (-) TimerEvent: {}
[73.733655] (-) TimerEvent: {}
[73.834045] (-) TimerEvent: {}
[73.934445] (-) TimerEvent: {}
[74.034854] (-) TimerEvent: {}
[74.135306] (-) TimerEvent: {}
[74.235709] (-) TimerEvent: {}
[74.336104] (-) TimerEvent: {}
[74.436504] (-) TimerEvent: {}
[74.536907] (-) TimerEvent: {}
[74.637310] (-) TimerEvent: {}
[74.737711] (-) TimerEvent: {}
[74.838105] (-) TimerEvent: {}
[74.938501] (-) TimerEvent: {}
[75.038908] (-) TimerEvent: {}
[75.139311] (-) TimerEvent: {}
[75.239694] (-) TimerEvent: {}
[75.340097] (-) TimerEvent: {}
[75.440453] (-) TimerEvent: {}
[75.540833] (-) TimerEvent: {}
[75.641250] (-) TimerEvent: {}
[75.741641] (-) TimerEvent: {}
[75.842067] (-) TimerEvent: {}
[75.942458] (-) TimerEvent: {}
[76.042858] (-) TimerEvent: {}
[76.143333] (-) TimerEvent: {}
[76.243757] (-) TimerEvent: {}
[76.344226] (-) TimerEvent: {}
[76.444658] (-) TimerEvent: {}
[76.545028] (-) TimerEvent: {}
[76.645422] (-) TimerEvent: {}
[76.745827] (-) TimerEvent: {}
[76.846234] (-) TimerEvent: {}
[76.946648] (-) TimerEvent: {}
[77.047056] (-) TimerEvent: {}
[77.147431] (-) TimerEvent: {}
[77.247803] (-) TimerEvent: {}
[77.348202] (-) TimerEvent: {}
[77.448599] (-) TimerEvent: {}
[77.549025] (-) TimerEvent: {}
[77.649473] (-) TimerEvent: {}
[77.749989] (-) TimerEvent: {}
[77.850441] (-) TimerEvent: {}
[77.950911] (-) TimerEvent: {}
[78.051733] (-) TimerEvent: {}
[78.152292] (-) TimerEvent: {}
[78.252835] (-) TimerEvent: {}
[78.353399] (-) TimerEvent: {}
[78.453897] (-) TimerEvent: {}
[78.554334] (-) TimerEvent: {}
[78.654796] (-) TimerEvent: {}
[78.755519] (-) TimerEvent: {}
[78.856041] (-) TimerEvent: {}
[78.956520] (-) TimerEvent: {}
[79.056985] (-) TimerEvent: {}
[79.157446] (-) TimerEvent: {}
[79.257910] (-) TimerEvent: {}
[79.358348] (-) TimerEvent: {}
[79.458793] (-) TimerEvent: {}
[79.559284] (-) TimerEvent: {}
[79.659755] (-) TimerEvent: {}
[79.760214] (-) TimerEvent: {}
[79.860671] (-) TimerEvent: {}
[79.961136] (-) TimerEvent: {}
[80.061727] (-) TimerEvent: {}
[80.162271] (-) TimerEvent: {}
[80.262734] (-) TimerEvent: {}
[80.363241] (-) TimerEvent: {}
[80.463788] (-) TimerEvent: {}
[80.564265] (-) TimerEvent: {}
[80.664751] (-) TimerEvent: {}
[80.765324] (-) TimerEvent: {}
[80.865830] (-) TimerEvent: {}
[80.966420] (-) TimerEvent: {}
[81.066894] (-) TimerEvent: {}
[81.167374] (-) TimerEvent: {}
[81.267832] (-) TimerEvent: {}
[81.368306] (-) TimerEvent: {}
[81.468782] (-) TimerEvent: {}
[81.569248] (-) TimerEvent: {}
[81.669711] (-) TimerEvent: {}
[81.770170] (-) TimerEvent: {}
[81.870628] (-) TimerEvent: {}
[81.971131] (-) TimerEvent: {}
[82.071622] (-) TimerEvent: {}
[82.172090] (-) TimerEvent: {}
[82.272542] (-) TimerEvent: {}
[82.373012] (-) TimerEvent: {}
[82.473478] (-) TimerEvent: {}
[82.573932] (-) TimerEvent: {}
[82.674342] (-) TimerEvent: {}
[82.774747] (-) TimerEvent: {}
[82.875186] (-) TimerEvent: {}
[82.975607] (-) TimerEvent: {}
[83.076025] (-) TimerEvent: {}
[83.176429] (-) TimerEvent: {}
[83.276805] (-) TimerEvent: {}
[83.377177] (-) TimerEvent: {}
[83.477582] (-) TimerEvent: {}
[83.577991] (-) TimerEvent: {}
[83.678378] (-) TimerEvent: {}
[83.778777] (-) TimerEvent: {}
[83.879176] (-) TimerEvent: {}
[83.979663] (-) TimerEvent: {}
[84.080151] (-) TimerEvent: {}
[84.180666] (-) TimerEvent: {}
[84.281105] (-) TimerEvent: {}
[84.381550] (-) TimerEvent: {}
[84.481994] (-) TimerEvent: {}
[84.582445] (-) TimerEvent: {}
[84.682960] (-) TimerEvent: {}
[84.783587] (-) TimerEvent: {}
[84.884035] (-) TimerEvent: {}
[84.984498] (-) TimerEvent: {}
[85.085148] (-) TimerEvent: {}
[85.185736] (-) TimerEvent: {}
[85.286329] (-) TimerEvent: {}
[85.386784] (-) TimerEvent: {}
[85.487209] (-) TimerEvent: {}
[85.587673] (-) TimerEvent: {}
[85.688142] (-) TimerEvent: {}
[85.788612] (-) TimerEvent: {}
[85.889086] (-) TimerEvent: {}
[85.989527] (-) TimerEvent: {}
[86.089981] (-) TimerEvent: {}
[86.190413] (-) TimerEvent: {}
[86.290884] (-) TimerEvent: {}
[86.391398] (-) TimerEvent: {}
[86.491860] (-) TimerEvent: {}
[86.592309] (-) TimerEvent: {}
[86.692769] (-) TimerEvent: {}
[86.793225] (-) TimerEvent: {}
[86.893695] (-) TimerEvent: {}
[86.994144] (-) TimerEvent: {}
[87.094541] (-) TimerEvent: {}
[87.194972] (-) TimerEvent: {}
[87.295427] (-) TimerEvent: {}
[87.395835] (-) TimerEvent: {}
[87.496232] (-) TimerEvent: {}
[87.596637] (-) TimerEvent: {}
[87.697045] (-) TimerEvent: {}
[87.797453] (-) TimerEvent: {}
[87.897858] (-) TimerEvent: {}
[87.998268] (-) TimerEvent: {}
[88.098662] (-) TimerEvent: {}
[88.199071] (-) TimerEvent: {}
[88.299457] (-) TimerEvent: {}
[88.399908] (-) TimerEvent: {}
[88.500351] (-) TimerEvent: {}
[88.600725] (-) TimerEvent: {}
[88.701150] (-) TimerEvent: {}
[88.801576] (-) TimerEvent: {}
[88.902006] (-) TimerEvent: {}
[89.002417] (-) TimerEvent: {}
[89.102830] (-) TimerEvent: {}
[89.203269] (-) TimerEvent: {}
[89.303678] (-) TimerEvent: {}
[89.404052] (-) TimerEvent: {}
[89.504427] (-) TimerEvent: {}
[89.604830] (-) TimerEvent: {}
[89.705228] (-) TimerEvent: {}
[89.805655] (-) TimerEvent: {}
[89.906108] (-) TimerEvent: {}
[90.006576] (-) TimerEvent: {}
[90.107055] (-) TimerEvent: {}
[90.207511] (-) TimerEvent: {}
[90.307949] (-) TimerEvent: {}
[90.408384] (-) TimerEvent: {}
[90.508818] (-) TimerEvent: {}
[90.609280] (-) TimerEvent: {}
[90.709730] (-) TimerEvent: {}
[90.810190] (-) TimerEvent: {}
[90.910678] (-) TimerEvent: {}
[91.011203] (-) TimerEvent: {}
[91.111654] (-) TimerEvent: {}
[91.212094] (-) TimerEvent: {}
[91.312532] (-) TimerEvent: {}
[91.412977] (-) TimerEvent: {}
[91.513449] (-) TimerEvent: {}
[91.613894] (-) TimerEvent: {}
[91.714340] (-) TimerEvent: {}
[91.814781] (-) TimerEvent: {}
[91.915235] (-) TimerEvent: {}
[92.015683] (-) TimerEvent: {}
[92.116072] (-) TimerEvent: {}
[92.216474] (-) TimerEvent: {}
[92.316887] (-) TimerEvent: {}
[92.417290] (-) TimerEvent: {}
[92.517684] (-) TimerEvent: {}
[92.618084] (-) TimerEvent: {}
[92.718461] (-) TimerEvent: {}
[92.818829] (-) TimerEvent: {}
[92.919230] (-) TimerEvent: {}
[93.019624] (-) TimerEvent: {}
[93.120023] (-) TimerEvent: {}
[93.220402] (-) TimerEvent: {}
[93.320775] (-) TimerEvent: {}
[93.421169] (-) TimerEvent: {}
[93.521590] (-) TimerEvent: {}
[93.549035] (pcd_ndt_localization) StdoutLine: {'line': b'[100%] Linking CXX executable pcd_ndt_localizer\n'}
[93.621780] (-) TimerEvent: {}
[93.722220] (-) TimerEvent: {}
[93.822669] (-) TimerEvent: {}
[93.923104] (-) TimerEvent: {}
[94.023523] (-) TimerEvent: {}
[94.123932] (-) TimerEvent: {}
[94.224354] (-) TimerEvent: {}
[94.324780] (-) TimerEvent: {}
[94.425187] (-) TimerEvent: {}
[94.525605] (-) TimerEvent: {}
[94.626028] (-) TimerEvent: {}
[94.726460] (-) TimerEvent: {}
[94.826878] (-) TimerEvent: {}
[94.927321] (-) TimerEvent: {}
[95.027742] (-) TimerEvent: {}
[95.128156] (-) TimerEvent: {}
[95.228583] (-) TimerEvent: {}
[95.329006] (-) TimerEvent: {}
[95.429426] (-) TimerEvent: {}
[95.529800] (-) TimerEvent: {}
[95.630186] (-) TimerEvent: {}
[95.730596] (-) TimerEvent: {}
[95.830993] (-) TimerEvent: {}
[95.931418] (-) TimerEvent: {}
[96.031812] (-) TimerEvent: {}
[96.132220] (-) TimerEvent: {}
[96.187528] (pcd_ndt_localization) StdoutLine: {'line': b'[100%] Built target pcd_ndt_localizer\n'}
[96.197427] (pcd_ndt_localization) CommandEnded: {'returncode': 0}
[96.199638] (pcd_ndt_localization) JobProgress: {'identifier': 'pcd_ndt_localization', 'progress': 'install'}
[96.207411] (pcd_ndt_localization) Command: {'cmd': ['/usr/local/bin/cmake', '--install', '/home/seeed/ros2/ws/build/pcd_ndt_localization'], 'cwd': '/home/seeed/ros2/ws/build/pcd_ndt_localization', 'env': OrderedDict([('LANGUAGE', 'zh_CN:en'), ('USER', 'seeed'), ('SSH_CLIENT', '172.20.10.3 59443 22'), ('LC_TIME', 'zh_CN.UTF-8'), ('ROS_PACKAGE_PATH', '/home/seeed/ros2/ws/install/vikit_common/share:/home/seeed/ros2/ws/install/ugv_sdk/share'), ('XDG_SESSION_TYPE', 'tty'), ('SHLVL', '1'), ('LD_LIBRARY_PATH', '/home/seeed/ros2/ws/install/vikit_ros/lib:/home/seeed/ros2/ws/install/vikit_common/lib:/home/seeed/ros2/ws/install/ranger_msgs/lib:/home/seeed/ros2/ws/install/fast_lio/lib:/home/seeed/ros2/ws/install/livox_ros_driver2/lib:/opt/ros/humble/opt/rviz_ogre_vendor/lib:/opt/ros/humble/lib/aarch64-linux-gnu:/opt/ros/humble/lib'), ('MOTD_SHOWN', 'pam'), ('HOME', '/home/seeed'), ('OLDPWD', '/home/seeed'), ('ROS_PYTHON_VERSION', '3'), ('LC_MONETARY', 'zh_CN.UTF-8'), ('ROS_IP', '172.20.10.2'), ('LC_CTYPE', 'C.UTF-8'), ('DBUS_SESSION_BUS_ADDRESS', 'unix:path=/run/user/1000/bus'), ('COLCON_PREFIX_PATH', '/home/seeed/ros2/ws/install'), ('ROS_DISTRO', 'humble'), ('LOGNAME', 'seeed'), ('ROS_VERSION', '2'), ('PKG_CONFIG_PATH', '/home/seeed/ros2/ws/install/vikit_common/lib/aarch64-linux-gnu/pkgconfig:/home/seeed/ros2/ws/install/vikit_common/lib/pkgconfig:/home/seeed/ros2/ws/install/ugv_sdk/lib/aarch64-linux-gnu/pkgconfig:/home/seeed/ros2/ws/install/ugv_sdk/lib/pkgconfig'), ('XDG_SESSION_CLASS', 'user'), ('XDG_SESSION_ID', '124'), ('ROS_LOCALHOST_ONLY', '0'), ('PATH', '/opt/ros/humble/bin:/usr/local/sbin:/usr/local/bin:/usr/sbin:/usr/bin:/sbin:/bin:/usr/games:/usr/local/games:/snap/bin'), ('FASTRTPS_DEFAULT_PROFILES_FILE', '/home/seeed/ros2/fastrtps_profile.xml'), ('PAPERSIZE', 'a4'), ('LC_ADDRESS', 'zh_CN.UTF-8'), ('XDG_RUNTIME_DIR', '/run/user/1000'), ('DISPLAY', 'localhost:10.0'), ('LANG', 'zh_CN.UTF-8'), ('LC_TELEPHONE', 'zh_CN.UTF-8'), ('RMW_IMPLEMENTATION', 'rmw_fastrtps_cpp'), ('ROS_DOMAIN_ID', '0'), ('AMENT_PREFIX_PATH', '/home/seeed/ros2/ws/install/vikit_ros:/home/seeed/ros2/ws/install/ranger_base:/home/seeed/ros2/ws/install/ranger_msgs:/home/seeed/ros2/ws/install/ranger_bringup:/home/seeed/ros2/ws/install/pcd_ndt_localization:/home/seeed/ros2/ws/install/nav_tf_bridge:/home/seeed/ros2/ws/install/fast_lio:/home/seeed/ros2/ws/install/livox_ros_driver2:/opt/ros/humble'), ('SHELL', '/bin/bash'), ('LC_NAME', 'zh_CN.UTF-8'), ('LC_MEASUREMENT', 'zh_CN.UTF-8'), ('LC_IDENTIFICATION', 'zh_CN.UTF-8'), ('PWD', '/home/seeed/ros2/ws/build/pcd_ndt_localization'), ('LC_ALL', 'en_US.UTF-8'), ('SSH_CONNECTION', '172.20.10.3 59443 172.20.10.2 22'), ('PYTHONPATH', '/home/seeed/ros2/ws/install/ranger_msgs/local/lib/python3.10/dist-packages:/home/seeed/ros2/ws/install/fast_lio/local/lib/python3.10/dist-packages:/home/seeed/ros2/ws/install/livox_ros_driver2/local/lib/python3.10/dist-packages:/opt/ros/humble/lib/python3.10/site-packages:/opt/ros/humble/local/lib/python3.10/dist-packages'), ('LC_NUMERIC', 'zh_CN.UTF-8'), ('LC_PAPER', 'zh_CN.UTF-8'), ('COLCON', '1'), ('CMAKE_PREFIX_PATH', '/home/seeed/ros2/ws/install/vikit_ros:/opt/ros/humble:/home/seeed/ros2/ws/install/vikit_common:/home/seeed/ros2/ws/install/ranger_base:/home/seeed/ros2/ws/install/ugv_sdk:/home/seeed/ros2/ws/install/ranger_msgs:/home/seeed/ros2/ws/install/ranger_bringup:/home/seeed/ros2/ws/install/pcd_ndt_localization:/home/seeed/ros2/ws/install/nav_tf_bridge:/home/seeed/ros2/ws/install/fast_lio:/home/seeed/ros2/ws/install/livox_ros_driver2')]), 'shell': False}
[96.214180] (pcd_ndt_localization) StdoutLine: {'line': b'-- Install configuration: "Release"\n'}
[96.215345] (pcd_ndt_localization) StdoutLine: {'line': b'-- Execute custom install script\n'}
[96.216191] (pcd_ndt_localization) StdoutLine: {'line': b'-- Up-to-date symlink: /home/seeed/ros2/ws/install/pcd_ndt_localization/lib/pcd_ndt_localization/pcd_ndt_localizer\n'}
[96.216633] (pcd_ndt_localization) StdoutLine: {'line': b'-- Up-to-date symlink: /home/seeed/ros2/ws/install/pcd_ndt_localization/lib/pcd_ndt_localization/pcd_occupancy_grid_publisher\n'}
[96.217601] (pcd_ndt_localization) StdoutLine: {'line': b'-- Up-to-date symlink: /home/seeed/ros2/ws/install/pcd_ndt_localization/share/pcd_ndt_localization/config/ndt_localization.yaml\n'}
[96.218253] (pcd_ndt_localization) StdoutLine: {'line': b'-- Up-to-date symlink: /home/seeed/ros2/ws/install/pcd_ndt_localization/share/pcd_ndt_localization/launch/localization.launch.py\n'}
[96.218750] (pcd_ndt_localization) StdoutLine: {'line': b'-- Up-to-date symlink: /home/seeed/ros2/ws/install/pcd_ndt_localization/share/ament_index/resource_index/package_run_dependencies/pcd_ndt_localization\n'}
[96.219377] (pcd_ndt_localization) StdoutLine: {'line': b'-- Up-to-date symlink: /home/seeed/ros2/ws/install/pcd_ndt_localization/share/ament_index/resource_index/parent_prefix_path/pcd_ndt_localization\n'}
[96.219729] (pcd_ndt_localization) StdoutLine: {'line': b'-- Up-to-date symlink: /home/seeed/ros2/ws/install/pcd_ndt_localization/share/pcd_ndt_localization/environment/ament_prefix_path.sh\n'}
[96.220090] (pcd_ndt_localization) StdoutLine: {'line': b'-- Up-to-date symlink: /home/seeed/ros2/ws/install/pcd_ndt_localization/share/pcd_ndt_localization/environment/ament_prefix_path.dsv\n'}
[96.220568] (pcd_ndt_localization) StdoutLine: {'line': b'-- Up-to-date symlink: /home/seeed/ros2/ws/install/pcd_ndt_localization/share/pcd_ndt_localization/environment/path.sh\n'}
[96.220905] (pcd_ndt_localization) StdoutLine: {'line': b'-- Up-to-date symlink: /home/seeed/ros2/ws/install/pcd_ndt_localization/share/pcd_ndt_localization/environment/path.dsv\n'}
[96.221270] (pcd_ndt_localization) StdoutLine: {'line': b'-- Up-to-date symlink: /home/seeed/ros2/ws/install/pcd_ndt_localization/share/pcd_ndt_localization/local_setup.bash\n'}
[96.221780] (pcd_ndt_localization) StdoutLine: {'line': b'-- Up-to-date symlink: /home/seeed/ros2/ws/install/pcd_ndt_localization/share/pcd_ndt_localization/local_setup.sh\n'}
[96.222263] (pcd_ndt_localization) StdoutLine: {'line': b'-- Up-to-date symlink: /home/seeed/ros2/ws/install/pcd_ndt_localization/share/pcd_ndt_localization/local_setup.zsh\n'}
[96.222644] (pcd_ndt_localization) StdoutLine: {'line': b'-- Up-to-date symlink: /home/seeed/ros2/ws/install/pcd_ndt_localization/share/pcd_ndt_localization/local_setup.dsv\n'}
[96.222979] (pcd_ndt_localization) StdoutLine: {'line': b'-- Symlinking: /home/seeed/ros2/ws/install/pcd_ndt_localization/share/pcd_ndt_localization/package.dsv\n'}
[96.228237] (pcd_ndt_localization) StdoutLine: {'line': b'-- Up-to-date symlink: /home/seeed/ros2/ws/install/pcd_ndt_localization/share/ament_index/resource_index/packages/pcd_ndt_localization\n'}
[96.228659] (pcd_ndt_localization) StdoutLine: {'line': b'-- Up-to-date symlink: /home/seeed/ros2/ws/install/pcd_ndt_localization/share/pcd_ndt_localization/cmake/pcd_ndt_localizationConfig.cmake\n'}
[96.228934] (pcd_ndt_localization) StdoutLine: {'line': b'-- Up-to-date symlink: /home/seeed/ros2/ws/install/pcd_ndt_localization/share/pcd_ndt_localization/cmake/pcd_ndt_localizationConfig-version.cmake\n'}
[96.229234] (pcd_ndt_localization) StdoutLine: {'line': b'-- Up-to-date symlink: /home/seeed/ros2/ws/install/pcd_ndt_localization/share/pcd_ndt_localization/package.xml\n'}
[96.231502] (pcd_ndt_localization) CommandEnded: {'returncode': 0}
[96.232670] (-) TimerEvent: {}
[96.289481] (pcd_ndt_localization) JobEnded: {'identifier': 'pcd_ndt_localization', 'rc': 0}
[96.290912] (-) EventReactorShutdown: {}
