[0.000000] (-) TimerEvent: {}
[0.001445] (nav_tf_bridge) JobQueued: {'identifier': 'nav_tf_bridge', 'dependencies': OrderedDict()}
[0.001846] (nav_tf_bridge) JobStarted: {'identifier': 'nav_tf_bridge'}
[0.021046] (nav_tf_bridge) JobProgress: {'identifier': 'nav_tf_bridge', 'progress': 'cmake'}
[0.022768] (nav_tf_bridge) JobProgress: {'identifier': 'nav_tf_bridge', 'progress': 'build'}
[0.027867] (nav_tf_bridge) Command: {'cmd': ['/usr/local/bin/cmake', '--build', '/home/seeed/ros2/ws/build/nav_tf_bridge', '--', '-j6', '-l6'], 'cwd': '/home/seeed/ros2/ws/build/nav_tf_bridge', 'env': OrderedDict([('LANGUAGE', 'zh_CN:en'), ('USER', 'seeed'), ('SSH_CLIENT', '10.200.24.83 41695 22'), ('LC_TIME', 'zh_CN.UTF-8'), ('XDG_SESSION_TYPE', 'tty'), ('SHLVL', '0'), ('LD_LIBRARY_PATH', '/opt/ros/humble/opt/rviz_ogre_vendor/lib:/opt/ros/humble/lib/aarch64-linux-gnu:/opt/ros/humble/lib'), ('MOTD_SHOWN', 'pam'), ('HOME', '/home/seeed'), ('OLDPWD', '/home/seeed'), ('SSH_TTY', '/dev/pts/2'), ('ROS_PYTHON_VERSION', '3'), ('LC_MONETARY', 'zh_CN.UTF-8'), ('LC_CTYPE', 'C.UTF-8'), ('DBUS_SESSION_BUS_ADDRESS', 'unix:path=/run/user/1000/bus'), ('ROS_DISTRO', 'humble'), ('LOGNAME', 'seeed'), ('_', '/usr/bin/colcon'), ('ROS_VERSION', '2'), ('XDG_SESSION_CLASS', 'user'), ('TERM', 'dumb'), ('XDG_SESSION_ID', '400'), ('ROS_LOCALHOST_ONLY', '0'), ('PATH', '/opt/ros/humble/bin:/usr/local/sbin:/usr/local/bin:/usr/sbin:/usr/bin:/sbin:/bin:/usr/games:/usr/local/games:/snap/bin'), ('PAPERSIZE', 'a4'), ('LC_ADDRESS', 'zh_CN.UTF-8'), ('XDG_RUNTIME_DIR', '/run/user/1000'), ('DISPLAY', 'localhost:10.0'), ('LANG', 'zh_CN.UTF-8'), ('LC_TELEPHONE', 'zh_CN.UTF-8'), ('AMENT_PREFIX_PATH', '/opt/ros/humble'), ('SHELL', '/bin/bash'), ('LC_NAME', 'zh_CN.UTF-8'), ('LC_MEASUREMENT', 'zh_CN.UTF-8'), ('LC_IDENTIFICATION', 'zh_CN.UTF-8'), ('PWD', '/home/seeed/ros2/ws/build/nav_tf_bridge'), ('LC_ALL', 'en_US.UTF-8'), ('SSH_CONNECTION', '10.200.24.83 41695 10.200.54.207 22'), ('PYTHONPATH', '/opt/ros/humble/lib/python3.10/site-packages:/opt/ros/humble/local/lib/python3.10/dist-packages'), ('LC_NUMERIC', 'zh_CN.UTF-8'), ('LC_PAPER', 'zh_CN.UTF-8'), ('COLCON', '1'), ('CMAKE_PREFIX_PATH', '/opt/ros/humble')]), 'shell': False}
[0.099339] (-) TimerEvent: {}
[0.126907] (nav_tf_bridge) StdoutLine: {'line': b'[ 50%] \x1b[32mBuilding CXX object CMakeFiles/map_odom_tf_bridge.dir/src/map_odom_tf_bridge.cpp.o\x1b[0m\n'}
[0.199491] (-) TimerEvent: {}
[0.300118] (-) TimerEvent: {}
[0.400751] (-) TimerEvent: {}
[0.501390] (-) TimerEvent: {}
[0.602025] (-) TimerEvent: {}
[0.702676] (-) TimerEvent: {}
[0.804289] (-) TimerEvent: {}
[0.904903] (-) TimerEvent: {}
[1.005557] (-) TimerEvent: {}
[1.106322] (-) TimerEvent: {}
[1.206969] (-) TimerEvent: {}
[1.307615] (-) TimerEvent: {}
[1.408369] (-) TimerEvent: {}
[1.509039] (-) TimerEvent: {}
[1.609703] (-) TimerEvent: {}
[1.710357] (-) TimerEvent: {}
[1.811062] (-) TimerEvent: {}
[1.911714] (-) TimerEvent: {}
[2.012369] (-) TimerEvent: {}
[2.113030] (-) TimerEvent: {}
[2.213665] (-) TimerEvent: {}
[2.314346] (-) TimerEvent: {}
[2.415039] (-) TimerEvent: {}
[2.515679] (-) TimerEvent: {}
[2.616330] (-) TimerEvent: {}
[2.716979] (-) TimerEvent: {}
[2.817626] (-) TimerEvent: {}
[2.918288] (-) TimerEvent: {}
[3.019052] (-) TimerEvent: {}
[3.119846] (-) TimerEvent: {}
[3.220526] (-) TimerEvent: {}
[3.321268] (-) TimerEvent: {}
[3.422015] (-) TimerEvent: {}
[3.522700] (-) TimerEvent: {}
[3.623533] (-) TimerEvent: {}
[3.724907] (-) TimerEvent: {}
[3.825618] (-) TimerEvent: {}
[3.926276] (-) TimerEvent: {}
[4.026880] (-) TimerEvent: {}
[4.127511] (-) TimerEvent: {}
[4.228154] (-) TimerEvent: {}
[4.328797] (-) TimerEvent: {}
[4.429453] (-) TimerEvent: {}
[4.530088] (-) TimerEvent: {}
[4.630737] (-) TimerEvent: {}
[4.731391] (-) TimerEvent: {}
[4.832337] (-) TimerEvent: {}
[4.933000] (-) TimerEvent: {}
[5.033666] (-) TimerEvent: {}
[5.134324] (-) TimerEvent: {}
[5.235012] (-) TimerEvent: {}
[5.335653] (-) TimerEvent: {}
[5.436292] (-) TimerEvent: {}
[5.536912] (-) TimerEvent: {}
[5.637566] (-) TimerEvent: {}
[5.738239] (-) TimerEvent: {}
[5.838925] (-) TimerEvent: {}
[5.939600] (-) TimerEvent: {}
[6.040237] (-) TimerEvent: {}
[6.140901] (-) TimerEvent: {}
[6.241531] (-) TimerEvent: {}
[6.342164] (-) TimerEvent: {}
[6.442825] (-) TimerEvent: {}
[6.543504] (-) TimerEvent: {}
[6.644248] (-) TimerEvent: {}
[6.745415] (-) TimerEvent: {}
[6.846123] (-) TimerEvent: {}
[6.946808] (-) TimerEvent: {}
[7.047480] (-) TimerEvent: {}
[7.148126] (-) TimerEvent: {}
[7.248814] (-) TimerEvent: {}
[7.349532] (-) TimerEvent: {}
[7.450217] (-) TimerEvent: {}
[7.551010] (-) TimerEvent: {}
[7.651660] (-) TimerEvent: {}
[7.752318] (-) TimerEvent: {}
[7.852961] (-) TimerEvent: {}
[7.953609] (-) TimerEvent: {}
[8.054199] (-) TimerEvent: {}
[8.154840] (-) TimerEvent: {}
[8.255505] (-) TimerEvent: {}
[8.356158] (-) TimerEvent: {}
[8.456789] (-) TimerEvent: {}
[8.557425] (-) TimerEvent: {}
[8.658066] (-) TimerEvent: {}
[8.758758] (-) TimerEvent: {}
[8.859450] (-) TimerEvent: {}
[8.960117] (-) TimerEvent: {}
[9.060793] (-) TimerEvent: {}
[9.161482] (-) TimerEvent: {}
[9.262137] (-) TimerEvent: {}
[9.362786] (-) TimerEvent: {}
[9.463479] (-) TimerEvent: {}
[9.564510] (-) TimerEvent: {}
[9.665410] (-) TimerEvent: {}
[9.766068] (-) TimerEvent: {}
[9.866736] (-) TimerEvent: {}
[9.967411] (-) TimerEvent: {}
[10.068074] (-) TimerEvent: {}
[10.168724] (-) TimerEvent: {}
[10.269367] (-) TimerEvent: {}
[10.370009] (-) TimerEvent: {}
[10.470664] (-) TimerEvent: {}
[10.571339] (-) TimerEvent: {}
[10.671983] (-) TimerEvent: {}
[10.772627] (-) TimerEvent: {}
[10.873663] (-) TimerEvent: {}
[10.974316] (-) TimerEvent: {}
[11.074996] (-) TimerEvent: {}
[11.175641] (-) TimerEvent: {}
[11.276296] (-) TimerEvent: {}
[11.377487] (-) TimerEvent: {}
[11.478234] (-) TimerEvent: {}
[11.578929] (-) TimerEvent: {}
[11.679590] (-) TimerEvent: {}
[11.780247] (-) TimerEvent: {}
[11.880912] (-) TimerEvent: {}
[11.981594] (-) TimerEvent: {}
[12.082293] (-) TimerEvent: {}
[12.182970] (-) TimerEvent: {}
[12.283644] (-) TimerEvent: {}
[12.384999] (-) TimerEvent: {}
[12.485679] (-) TimerEvent: {}
[12.586331] (-) TimerEvent: {}
[12.686994] (-) TimerEvent: {}
[12.787614] (-) TimerEvent: {}
[12.888294] (-) TimerEvent: {}
[12.988931] (-) TimerEvent: {}
[13.089541] (-) TimerEvent: {}
[13.190124] (-) TimerEvent: {}
[13.290750] (-) TimerEvent: {}
[13.391404] (-) TimerEvent: {}
[13.492036] (-) TimerEvent: {}
[13.592670] (-) TimerEvent: {}
[13.693286] (-) TimerEvent: {}
[13.793925] (-) TimerEvent: {}
[13.894549] (-) TimerEvent: {}
[13.995192] (-) TimerEvent: {}
[14.095825] (-) TimerEvent: {}
[14.196448] (-) TimerEvent: {}
[14.297061] (-) TimerEvent: {}
[14.397673] (-) TimerEvent: {}
[14.498306] (-) TimerEvent: {}
[14.598957] (-) TimerEvent: {}
[14.699575] (-) TimerEvent: {}
[14.800186] (-) TimerEvent: {}
[14.900811] (-) TimerEvent: {}
[15.001466] (-) TimerEvent: {}
[15.102117] (-) TimerEvent: {}
[15.202749] (-) TimerEvent: {}
[15.303400] (-) TimerEvent: {}
[15.404235] (-) TimerEvent: {}
[15.504924] (-) TimerEvent: {}
[15.605568] (-) TimerEvent: {}
[15.706239] (-) TimerEvent: {}
[15.806951] (-) TimerEvent: {}
[15.907586] (-) TimerEvent: {}
[16.008223] (-) TimerEvent: {}
[16.108873] (-) TimerEvent: {}
[16.209564] (-) TimerEvent: {}
[16.310257] (-) TimerEvent: {}
[16.410935] (-) TimerEvent: {}
[16.511552] (-) TimerEvent: {}
[16.612198] (-) TimerEvent: {}
[16.712842] (-) TimerEvent: {}
[16.813489] (-) TimerEvent: {}
[16.914129] (-) TimerEvent: {}
[17.014952] (-) TimerEvent: {}
[17.115573] (-) TimerEvent: {}
[17.216251] (-) TimerEvent: {}
[17.316867] (-) TimerEvent: {}
[17.417495] (-) TimerEvent: {}
[17.518105] (-) TimerEvent: {}
[17.618711] (-) TimerEvent: {}
[17.719342] (-) TimerEvent: {}
[17.819950] (-) TimerEvent: {}
[17.920559] (-) TimerEvent: {}
[18.021192] (-) TimerEvent: {}
[18.121816] (-) TimerEvent: {}
[18.222439] (-) TimerEvent: {}
[18.323069] (-) TimerEvent: {}
[18.423695] (-) TimerEvent: {}
[18.524362] (-) TimerEvent: {}
[18.625004] (-) TimerEvent: {}
[18.725615] (-) TimerEvent: {}
[18.826237] (-) TimerEvent: {}
[18.926888] (-) TimerEvent: {}
[19.027524] (-) TimerEvent: {}
[19.128140] (-) TimerEvent: {}
[19.228761] (-) TimerEvent: {}
[19.329494] (-) TimerEvent: {}
[19.430210] (-) TimerEvent: {}
[19.530887] (-) TimerEvent: {}
[19.631640] (-) TimerEvent: {}
[19.732287] (-) TimerEvent: {}
[19.832952] (-) TimerEvent: {}
[19.933688] (-) TimerEvent: {}
[20.034371] (-) TimerEvent: {}
[20.135074] (-) TimerEvent: {}
[20.235838] (-) TimerEvent: {}
[20.336440] (-) TimerEvent: {}
[20.437117] (-) TimerEvent: {}
[20.537735] (-) TimerEvent: {}
[20.638841] (-) TimerEvent: {}
[20.739871] (-) TimerEvent: {}
[20.840522] (-) TimerEvent: {}
[20.941147] (-) TimerEvent: {}
[21.041781] (-) TimerEvent: {}
[21.142432] (-) TimerEvent: {}
[21.243249] (-) TimerEvent: {}
[21.344004] (-) TimerEvent: {}
[21.444765] (-) TimerEvent: {}
[21.545468] (-) TimerEvent: {}
[21.646150] (-) TimerEvent: {}
[21.746847] (-) TimerEvent: {}
[21.847497] (-) TimerEvent: {}
[21.948149] (-) TimerEvent: {}
[22.048826] (-) TimerEvent: {}
[22.149491] (-) TimerEvent: {}
[22.250109] (-) TimerEvent: {}
[22.350710] (-) TimerEvent: {}
[22.451329] (-) TimerEvent: {}
[22.551944] (-) TimerEvent: {}
[22.652543] (-) TimerEvent: {}
[22.753183] (-) TimerEvent: {}
[22.853867] (-) TimerEvent: {}
[22.954478] (-) TimerEvent: {}
[23.055099] (-) TimerEvent: {}
[23.155693] (-) TimerEvent: {}
[23.256309] (-) TimerEvent: {}
[23.356926] (-) TimerEvent: {}
[23.457546] (-) TimerEvent: {}
[23.558142] (-) TimerEvent: {}
[23.658748] (-) TimerEvent: {}
[23.759400] (-) TimerEvent: {}
[23.860067] (-) TimerEvent: {}
[23.960763] (-) TimerEvent: {}
[24.061585] (-) TimerEvent: {}
[24.162336] (-) TimerEvent: {}
[24.262987] (-) TimerEvent: {}
[24.363664] (-) TimerEvent: {}
[24.464595] (-) TimerEvent: {}
[24.565690] (-) TimerEvent: {}
[24.666331] (-) TimerEvent: {}
[24.767103] (-) TimerEvent: {}
[24.867887] (-) TimerEvent: {}
[24.968528] (-) TimerEvent: {}
[25.069263] (-) TimerEvent: {}
[25.170079] (-) TimerEvent: {}
[25.270720] (-) TimerEvent: {}
[25.371514] (-) TimerEvent: {}
[25.472192] (-) TimerEvent: {}
[25.572871] (-) TimerEvent: {}
[25.673729] (-) TimerEvent: {}
[25.774356] (-) TimerEvent: {}
[25.875064] (-) TimerEvent: {}
[25.975746] (-) TimerEvent: {}
[26.076378] (-) TimerEvent: {}
[26.177038] (-) TimerEvent: {}
[26.277691] (-) TimerEvent: {}
[26.378419] (-) TimerEvent: {}
[26.479515] (-) TimerEvent: {}
[26.580248] (-) TimerEvent: {}
[26.681034] (-) TimerEvent: {}
[26.781715] (-) TimerEvent: {}
[26.882390] (-) TimerEvent: {}
[26.983127] (-) TimerEvent: {}
[27.083972] (-) TimerEvent: {}
[27.187075] (-) TimerEvent: {}
[27.287698] (-) TimerEvent: {}
[27.388351] (-) TimerEvent: {}
[27.488996] (-) TimerEvent: {}
[27.589718] (-) TimerEvent: {}
[27.690539] (-) TimerEvent: {}
[27.791274] (-) TimerEvent: {}
[27.892336] (-) TimerEvent: {}
[27.993040] (-) TimerEvent: {}
[28.093800] (-) TimerEvent: {}
[28.194452] (-) TimerEvent: {}
[28.295161] (-) TimerEvent: {}
[28.395856] (-) TimerEvent: {}
[28.496522] (-) TimerEvent: {}
[28.597253] (-) TimerEvent: {}
[28.697924] (-) TimerEvent: {}
[28.798552] (-) TimerEvent: {}
[28.873444] (nav_tf_bridge) StdoutLine: {'line': b'[100%] \x1b[32m\x1b[1mLinking CXX executable map_odom_tf_bridge\x1b[0m\n'}
[28.898727] (-) TimerEvent: {}
[28.999424] (-) TimerEvent: {}
[29.100463] (-) TimerEvent: {}
[29.201200] (-) TimerEvent: {}
[29.301904] (-) TimerEvent: {}
[29.402615] (-) TimerEvent: {}
[29.503393] (-) TimerEvent: {}
[29.604070] (-) TimerEvent: {}
[29.704738] (-) TimerEvent: {}
[29.805372] (-) TimerEvent: {}
[29.905983] (-) TimerEvent: {}
[30.006612] (-) TimerEvent: {}
[30.107274] (-) TimerEvent: {}
[30.207960] (-) TimerEvent: {}
[30.308555] (-) TimerEvent: {}
[30.311168] (nav_tf_bridge) StdoutLine: {'line': b'[100%] Built target map_odom_tf_bridge\n'}
[30.321689] (nav_tf_bridge) CommandEnded: {'returncode': 0}
[30.323095] (nav_tf_bridge) JobProgress: {'identifier': 'nav_tf_bridge', 'progress': 'install'}
[30.328673] (nav_tf_bridge) Command: {'cmd': ['/usr/local/bin/cmake', '--install', '/home/seeed/ros2/ws/build/nav_tf_bridge'], 'cwd': '/home/seeed/ros2/ws/build/nav_tf_bridge', 'env': OrderedDict([('LANGUAGE', 'zh_CN:en'), ('USER', 'seeed'), ('SSH_CLIENT', '10.200.24.83 41695 22'), ('LC_TIME', 'zh_CN.UTF-8'), ('XDG_SESSION_TYPE', 'tty'), ('SHLVL', '0'), ('LD_LIBRARY_PATH', '/opt/ros/humble/opt/rviz_ogre_vendor/lib:/opt/ros/humble/lib/aarch64-linux-gnu:/opt/ros/humble/lib'), ('MOTD_SHOWN', 'pam'), ('HOME', '/home/seeed'), ('OLDPWD', '/home/seeed'), ('SSH_TTY', '/dev/pts/2'), ('ROS_PYTHON_VERSION', '3'), ('LC_MONETARY', 'zh_CN.UTF-8'), ('LC_CTYPE', 'C.UTF-8'), ('DBUS_SESSION_BUS_ADDRESS', 'unix:path=/run/user/1000/bus'), ('ROS_DISTRO', 'humble'), ('LOGNAME', 'seeed'), ('_', '/usr/bin/colcon'), ('ROS_VERSION', '2'), ('XDG_SESSION_CLASS', 'user'), ('TERM', 'dumb'), ('XDG_SESSION_ID', '400'), ('ROS_LOCALHOST_ONLY', '0'), ('PATH', '/opt/ros/humble/bin:/usr/local/sbin:/usr/local/bin:/usr/sbin:/usr/bin:/sbin:/bin:/usr/games:/usr/local/games:/snap/bin'), ('PAPERSIZE', 'a4'), ('LC_ADDRESS', 'zh_CN.UTF-8'), ('XDG_RUNTIME_DIR', '/run/user/1000'), ('DISPLAY', 'localhost:10.0'), ('LANG', 'zh_CN.UTF-8'), ('LC_TELEPHONE', 'zh_CN.UTF-8'), ('AMENT_PREFIX_PATH', '/opt/ros/humble'), ('SHELL', '/bin/bash'), ('LC_NAME', 'zh_CN.UTF-8'), ('LC_MEASUREMENT', 'zh_CN.UTF-8'), ('LC_IDENTIFICATION', 'zh_CN.UTF-8'), ('PWD', '/home/seeed/ros2/ws/build/nav_tf_bridge'), ('LC_ALL', 'en_US.UTF-8'), ('SSH_CONNECTION', '10.200.24.83 41695 10.200.54.207 22'), ('PYTHONPATH', '/opt/ros/humble/lib/python3.10/site-packages:/opt/ros/humble/local/lib/python3.10/dist-packages'), ('LC_NUMERIC', 'zh_CN.UTF-8'), ('LC_PAPER', 'zh_CN.UTF-8'), ('COLCON', '1'), ('CMAKE_PREFIX_PATH', '/opt/ros/humble')]), 'shell': False}
[30.334607] (nav_tf_bridge) StdoutLine: {'line': b'-- Install configuration: ""\n'}
[30.335141] (nav_tf_bridge) StdoutLine: {'line': b'-- Installing: /home/seeed/ros2/ws/install/nav_tf_bridge/lib/nav_tf_bridge/map_odom_tf_bridge\n'}
[30.348513] (nav_tf_bridge) StdoutLine: {'line': b'-- Set runtime path of "/home/seeed/ros2/ws/install/nav_tf_bridge/lib/nav_tf_bridge/map_odom_tf_bridge" to ""\n'}
[30.349002] (nav_tf_bridge) StdoutLine: {'line': b'-- Up-to-date: /home/seeed/ros2/ws/install/nav_tf_bridge/share/ament_index/resource_index/package_run_dependencies/nav_tf_bridge\n'}
[30.349301] (nav_tf_bridge) StdoutLine: {'line': b'-- Up-to-date: /home/seeed/ros2/ws/install/nav_tf_bridge/share/ament_index/resource_index/parent_prefix_path/nav_tf_bridge\n'}
[30.349567] (nav_tf_bridge) StdoutLine: {'line': b'-- Up-to-date: /home/seeed/ros2/ws/install/nav_tf_bridge/share/nav_tf_bridge/environment/ament_prefix_path.sh\n'}
[30.349716] (nav_tf_bridge) StdoutLine: {'line': b'-- Up-to-date: /home/seeed/ros2/ws/install/nav_tf_bridge/share/nav_tf_bridge/environment/ament_prefix_path.dsv\n'}
[30.349863] (nav_tf_bridge) StdoutLine: {'line': b'-- Up-to-date: /home/seeed/ros2/ws/install/nav_tf_bridge/share/nav_tf_bridge/environment/path.sh\n'}
[30.350006] (nav_tf_bridge) StdoutLine: {'line': b'-- Up-to-date: /home/seeed/ros2/ws/install/nav_tf_bridge/share/nav_tf_bridge/environment/path.dsv\n'}
[30.350145] (nav_tf_bridge) StdoutLine: {'line': b'-- Up-to-date: /home/seeed/ros2/ws/install/nav_tf_bridge/share/nav_tf_bridge/local_setup.bash\n'}
[30.350494] (nav_tf_bridge) StdoutLine: {'line': b'-- Up-to-date: /home/seeed/ros2/ws/install/nav_tf_bridge/share/nav_tf_bridge/local_setup.sh\n'}
[30.350647] (nav_tf_bridge) StdoutLine: {'line': b'-- Up-to-date: /home/seeed/ros2/ws/install/nav_tf_bridge/share/nav_tf_bridge/local_setup.zsh\n'}
[30.350785] (nav_tf_bridge) StdoutLine: {'line': b'-- Up-to-date: /home/seeed/ros2/ws/install/nav_tf_bridge/share/nav_tf_bridge/local_setup.dsv\n'}
[30.350939] (nav_tf_bridge) StdoutLine: {'line': b'-- Installing: /home/seeed/ros2/ws/install/nav_tf_bridge/share/nav_tf_bridge/package.dsv\n'}
[30.351085] (nav_tf_bridge) StdoutLine: {'line': b'-- Up-to-date: /home/seeed/ros2/ws/install/nav_tf_bridge/share/ament_index/resource_index/packages/nav_tf_bridge\n'}
[30.351217] (nav_tf_bridge) StdoutLine: {'line': b'-- Up-to-date: /home/seeed/ros2/ws/install/nav_tf_bridge/share/nav_tf_bridge/cmake/nav_tf_bridgeConfig.cmake\n'}
[30.351344] (nav_tf_bridge) StdoutLine: {'line': b'-- Up-to-date: /home/seeed/ros2/ws/install/nav_tf_bridge/share/nav_tf_bridge/cmake/nav_tf_bridgeConfig-version.cmake\n'}
[30.351497] (nav_tf_bridge) StdoutLine: {'line': b'-- Up-to-date: /home/seeed/ros2/ws/install/nav_tf_bridge/share/nav_tf_bridge/package.xml\n'}
[30.353842] (nav_tf_bridge) CommandEnded: {'returncode': 0}
[30.408686] (-) TimerEvent: {}
[30.430693] (nav_tf_bridge) JobEnded: {'identifier': 'nav_tf_bridge', 'rc': 0}
[30.432996] (-) EventReactorShutdown: {}
