[0.265s] DEBUG:colcon:Command line arguments: ['/usr/bin/colcon', 'build', '--base-paths', 'src/nav_tf_bridge', '--packages-select', 'nav_tf_bridge', '--cmake-args', '-DPython3_EXECUTABLE=/usr/bin/python3', '--event-handlers', 'console_cohesion+']
[0.265s] DEBUG:colcon:Parsed command line arguments: Namespace(log_base=None, log_level=None, verb_name='build', build_base='build', install_base='install', merge_install=False, symlink_install=False, test_result_base=None, continue_on_error=False, executor='parallel', parallel_workers=6, event_handlers=['console_cohesion+'], ignore_user_meta=False, metas=['./colcon.meta'], base_paths=['src/nav_tf_bridge'], packages_ignore=None, packages_ignore_regex=None, paths=None, packages_up_to=None, packages_up_to_regex=None, packages_above=None, packages_above_and_dependencies=None, packages_above_depth=None, packages_select_by_dep=None, packages_skip_by_dep=None, packages_skip_up_to=None, packages_select_build_failed=False, packages_skip_build_finished=False, packages_select_test_failures=False, packages_skip_test_passed=False, packages_select=['nav_tf_bridge'], packages_skip=None, packages_select_regex=None, packages_skip_regex=None, packages_start=None, packages_end=None, allow_overriding=[], cmake_args=['-DPython3_EXECUTABLE=/usr/bin/python3'], cmake_target=None, cmake_target_skip_unavailable=False, cmake_clean_cache=False, cmake_clean_first=False, cmake_force_configure=False, ament_cmake_args=None, catkin_cmake_args=None, catkin_skip_building_tests=False, verb_parser=<colcon_defaults.argument_parser.defaults.DefaultArgumentsDecorator object at 0xffff83d5f190>, verb_extension=<colcon_core.verb.build.BuildVerb object at 0xffff83d5ec20>, main=<bound method BuildVerb.main of <colcon_core.verb.build.BuildVerb object at 0xffff83d5ec20>>)
[0.649s] Level 1:colcon.colcon_core.package_discovery:discover_packages(colcon_meta) check parameters
[0.650s] Level 1:colcon.colcon_core.package_discovery:discover_packages(recursive) check parameters
[0.650s] Level 1:colcon.colcon_core.package_discovery:discover_packages(ignore) check parameters
[0.650s] Level 1:colcon.colcon_core.package_discovery:discover_packages(path) check parameters
[0.650s] Level 1:colcon.colcon_core.package_discovery:discover_packages(recursive) discover
[0.650s] INFO:colcon.colcon_core.package_discovery:Crawling recursively for packages in '/home/seeed/ros2/ws/src/nav_tf_bridge'
[0.650s] Level 1:colcon.colcon_core.package_identification:_identify(src/nav_tf_bridge) by extensions ['ignore', 'ignore_ament_install']
[0.651s] Level 1:colcon.colcon_core.package_identification:_identify(src/nav_tf_bridge) by extension 'ignore'
[0.651s] Level 1:colcon.colcon_core.package_identification:_identify(src/nav_tf_bridge) by extension 'ignore_ament_install'
[0.651s] Level 1:colcon.colcon_core.package_identification:_identify(src/nav_tf_bridge) by extensions ['colcon_pkg']
[0.651s] Level 1:colcon.colcon_core.package_identification:_identify(src/nav_tf_bridge) by extension 'colcon_pkg'
[0.651s] Level 1:colcon.colcon_core.package_identification:_identify(src/nav_tf_bridge) by extensions ['colcon_meta']
[0.651s] Level 1:colcon.colcon_core.package_identification:_identify(src/nav_tf_bridge) by extension 'colcon_meta'
[0.652s] Level 1:colcon.colcon_core.package_identification:_identify(src/nav_tf_bridge) by extensions ['ros']
[0.652s] Level 1:colcon.colcon_core.package_identification:_identify(src/nav_tf_bridge) by extension 'ros'
[0.685s] DEBUG:colcon.colcon_core.package_identification:Package 'src/nav_tf_bridge' with type 'ros.ament_cmake' and name 'nav_tf_bridge'
[0.685s] Level 1:colcon.colcon_core.package_discovery:discover_packages(recursive) using defaults
[0.730s] Level 1:colcon.colcon_core.package_discovery:discover_packages(prefix_path) check parameters
[0.731s] Level 1:colcon.colcon_core.package_discovery:discover_packages(prefix_path) discover
[0.737s] DEBUG:colcon.colcon_installed_package_information.package_discovery:Found 321 installed packages in /opt/ros/humble
[0.775s] Level 1:colcon.colcon_core.package_discovery:discover_packages(prefix_path) using defaults
[0.874s] Level 5:colcon.colcon_core.verb:set package 'nav_tf_bridge' build argument 'cmake_args' from command line to '['-DPython3_EXECUTABLE=/usr/bin/python3']'
[0.874s] Level 5:colcon.colcon_core.verb:set package 'nav_tf_bridge' build argument 'cmake_target' from command line to 'None'
[0.874s] Level 5:colcon.colcon_core.verb:set package 'nav_tf_bridge' build argument 'cmake_target_skip_unavailable' from command line to 'False'
[0.874s] Level 5:colcon.colcon_core.verb:set package 'nav_tf_bridge' build argument 'cmake_clean_cache' from command line to 'False'
[0.874s] Level 5:colcon.colcon_core.verb:set package 'nav_tf_bridge' build argument 'cmake_clean_first' from command line to 'False'
[0.874s] Level 5:colcon.colcon_core.verb:set package 'nav_tf_bridge' build argument 'cmake_force_configure' from command line to 'False'
[0.874s] Level 5:colcon.colcon_core.verb:set package 'nav_tf_bridge' build argument 'ament_cmake_args' from command line to 'None'
[0.874s] Level 5:colcon.colcon_core.verb:set package 'nav_tf_bridge' build argument 'catkin_cmake_args' from command line to 'None'
[0.874s] Level 5:colcon.colcon_core.verb:set package 'nav_tf_bridge' build argument 'catkin_skip_building_tests' from command line to 'False'
[0.875s] DEBUG:colcon.colcon_core.verb:Building package 'nav_tf_bridge' with the following arguments: {'ament_cmake_args': None, 'build_base': '/home/seeed/ros2/ws/build/nav_tf_bridge', 'catkin_cmake_args': None, 'catkin_skip_building_tests': False, 'cmake_args': ['-DPython3_EXECUTABLE=/usr/bin/python3'], 'cmake_clean_cache': False, 'cmake_clean_first': False, 'cmake_force_configure': False, 'cmake_target': None, 'cmake_target_skip_unavailable': False, 'install_base': '/home/seeed/ros2/ws/install/nav_tf_bridge', 'merge_install': False, 'path': '/home/seeed/ros2/ws/src/nav_tf_bridge', 'symlink_install': False, 'test_result_base': None}
[0.875s] INFO:colcon.colcon_core.executor:Executing jobs using 'parallel' executor
[0.880s] DEBUG:colcon.colcon_parallel_executor.executor.parallel:run_until_complete
[0.880s] INFO:colcon.colcon_ros.task.ament_cmake.build:Building ROS package in '/home/seeed/ros2/ws/src/nav_tf_bridge' with build type 'ament_cmake'
[0.881s] INFO:colcon.colcon_cmake.task.cmake.build:Building CMake package in '/home/seeed/ros2/ws/src/nav_tf_bridge'
[0.886s] INFO:colcon.colcon_core.plugin_system:Skipping extension 'colcon_core.shell.bat': Not used on non-Windows systems
[0.886s] INFO:colcon.colcon_core.shell:Skip shell extension 'powershell' for command environment: Not usable outside of PowerShell
[0.887s] DEBUG:colcon.colcon_core.shell:Skip shell extension 'dsv' for command environment
[0.909s] DEBUG:colcon.colcon_core.event_handler.log_command:Invoking command in '/home/seeed/ros2/ws/build/nav_tf_bridge': CMAKE_PREFIX_PATH=/opt/ros/humble /usr/local/bin/cmake --build /home/seeed/ros2/ws/build/nav_tf_bridge -- -j6 -l6
[31.203s] DEBUG:colcon.colcon_core.event_handler.log_command:Invoked command in '/home/seeed/ros2/ws/build/nav_tf_bridge' returned '0': CMAKE_PREFIX_PATH=/opt/ros/humble /usr/local/bin/cmake --build /home/seeed/ros2/ws/build/nav_tf_bridge -- -j6 -l6
[31.211s] DEBUG:colcon.colcon_core.event_handler.log_command:Invoking command in '/home/seeed/ros2/ws/build/nav_tf_bridge': CMAKE_PREFIX_PATH=/opt/ros/humble /usr/local/bin/cmake --install /home/seeed/ros2/ws/build/nav_tf_bridge
[31.233s] Level 1:colcon.colcon_core.environment:create_environment_scripts_only(nav_tf_bridge)
[31.235s] DEBUG:colcon.colcon_core.event_handler.log_command:Invoked command in '/home/seeed/ros2/ws/build/nav_tf_bridge' returned '0': CMAKE_PREFIX_PATH=/opt/ros/humble /usr/local/bin/cmake --install /home/seeed/ros2/ws/build/nav_tf_bridge
[31.250s] Level 1:colcon.colcon_core.environment:checking '/home/seeed/ros2/ws/install/nav_tf_bridge' for CMake module files
[31.252s] Level 1:colcon.colcon_core.environment:checking '/home/seeed/ros2/ws/install/nav_tf_bridge' for CMake config files
[31.253s] Level 1:colcon.colcon_core.shell:create_environment_hook('nav_tf_bridge', 'cmake_prefix_path')
[31.254s] INFO:colcon.colcon_core.shell:Creating environment hook '/home/seeed/ros2/ws/install/nav_tf_bridge/share/nav_tf_bridge/hook/cmake_prefix_path.ps1'
[31.257s] INFO:colcon.colcon_core.shell:Creating environment descriptor '/home/seeed/ros2/ws/install/nav_tf_bridge/share/nav_tf_bridge/hook/cmake_prefix_path.dsv'
[31.259s] INFO:colcon.colcon_core.shell:Creating environment hook '/home/seeed/ros2/ws/install/nav_tf_bridge/share/nav_tf_bridge/hook/cmake_prefix_path.sh'
[31.262s] Level 1:colcon.colcon_core.environment:checking '/home/seeed/ros2/ws/install/nav_tf_bridge/lib'
[31.263s] Level 1:colcon.colcon_core.environment:checking '/home/seeed/ros2/ws/install/nav_tf_bridge/bin'
[31.264s] Level 1:colcon.colcon_core.environment:checking '/home/seeed/ros2/ws/install/nav_tf_bridge/lib/pkgconfig/nav_tf_bridge.pc'
[31.268s] Level 1:colcon.colcon_core.environment:checking '/home/seeed/ros2/ws/install/nav_tf_bridge/lib/python3.10/site-packages'
[31.270s] Level 1:colcon.colcon_core.environment:checking '/home/seeed/ros2/ws/install/nav_tf_bridge/bin'
[31.271s] INFO:colcon.colcon_core.shell:Creating package script '/home/seeed/ros2/ws/install/nav_tf_bridge/share/nav_tf_bridge/package.ps1'
[31.274s] INFO:colcon.colcon_core.shell:Creating package descriptor '/home/seeed/ros2/ws/install/nav_tf_bridge/share/nav_tf_bridge/package.dsv'
[31.276s] INFO:colcon.colcon_core.shell:Creating package script '/home/seeed/ros2/ws/install/nav_tf_bridge/share/nav_tf_bridge/package.sh'
[31.278s] INFO:colcon.colcon_core.shell:Creating package script '/home/seeed/ros2/ws/install/nav_tf_bridge/share/nav_tf_bridge/package.bash'
[31.280s] INFO:colcon.colcon_core.shell:Creating package script '/home/seeed/ros2/ws/install/nav_tf_bridge/share/nav_tf_bridge/package.zsh'
[31.282s] Level 1:colcon.colcon_core.environment:create_file_with_runtime_dependencies(/home/seeed/ros2/ws/install/nav_tf_bridge/share/colcon-core/packages/nav_tf_bridge)
[31.284s] Level 1:colcon.colcon_core.environment:create_environment_scripts_only(nav_tf_bridge)
[31.286s] Level 1:colcon.colcon_core.environment:checking '/home/seeed/ros2/ws/install/nav_tf_bridge' for CMake module files
[31.287s] Level 1:colcon.colcon_core.environment:checking '/home/seeed/ros2/ws/install/nav_tf_bridge' for CMake config files
[31.289s] Level 1:colcon.colcon_core.shell:create_environment_hook('nav_tf_bridge', 'cmake_prefix_path')
[31.289s] INFO:colcon.colcon_core.shell:Creating environment hook '/home/seeed/ros2/ws/install/nav_tf_bridge/share/nav_tf_bridge/hook/cmake_prefix_path.ps1'
[31.292s] INFO:colcon.colcon_core.shell:Creating environment descriptor '/home/seeed/ros2/ws/install/nav_tf_bridge/share/nav_tf_bridge/hook/cmake_prefix_path.dsv'
[31.293s] INFO:colcon.colcon_core.shell:Creating environment hook '/home/seeed/ros2/ws/install/nav_tf_bridge/share/nav_tf_bridge/hook/cmake_prefix_path.sh'
[31.295s] Level 1:colcon.colcon_core.environment:checking '/home/seeed/ros2/ws/install/nav_tf_bridge/lib'
[31.295s] Level 1:colcon.colcon_core.environment:checking '/home/seeed/ros2/ws/install/nav_tf_bridge/bin'
[31.296s] Level 1:colcon.colcon_core.environment:checking '/home/seeed/ros2/ws/install/nav_tf_bridge/lib/pkgconfig/nav_tf_bridge.pc'
[31.296s] Level 1:colcon.colcon_core.environment:checking '/home/seeed/ros2/ws/install/nav_tf_bridge/lib/python3.10/site-packages'
[31.298s] Level 1:colcon.colcon_core.environment:checking '/home/seeed/ros2/ws/install/nav_tf_bridge/bin'
[31.299s] INFO:colcon.colcon_core.shell:Creating package script '/home/seeed/ros2/ws/install/nav_tf_bridge/share/nav_tf_bridge/package.ps1'
[31.301s] INFO:colcon.colcon_core.shell:Creating package descriptor '/home/seeed/ros2/ws/install/nav_tf_bridge/share/nav_tf_bridge/package.dsv'
[31.303s] INFO:colcon.colcon_core.shell:Creating package script '/home/seeed/ros2/ws/install/nav_tf_bridge/share/nav_tf_bridge/package.sh'
[31.306s] INFO:colcon.colcon_core.shell:Creating package script '/home/seeed/ros2/ws/install/nav_tf_bridge/share/nav_tf_bridge/package.bash'
[31.308s] INFO:colcon.colcon_core.shell:Creating package script '/home/seeed/ros2/ws/install/nav_tf_bridge/share/nav_tf_bridge/package.zsh'
[31.309s] Level 1:colcon.colcon_core.environment:create_file_with_runtime_dependencies(/home/seeed/ros2/ws/install/nav_tf_bridge/share/colcon-core/packages/nav_tf_bridge)
[31.310s] DEBUG:colcon.colcon_parallel_executor.executor.parallel:closing loop
[31.311s] DEBUG:colcon.colcon_parallel_executor.executor.parallel:loop closed
[31.311s] DEBUG:colcon.colcon_parallel_executor.executor.parallel:run_until_complete finished with '0'
[31.312s] DEBUG:colcon.colcon_core.event_reactor:joining thread
[31.313s] DEBUG:colcon.colcon_core.event_reactor:joined thread
[31.314s] INFO:colcon.colcon_core.shell:Creating prefix script '/home/seeed/ros2/ws/install/local_setup.ps1'
[31.318s] INFO:colcon.colcon_core.shell:Creating prefix util module '/home/seeed/ros2/ws/install/_local_setup_util_ps1.py'
[31.323s] INFO:colcon.colcon_core.shell:Creating prefix chain script '/home/seeed/ros2/ws/install/setup.ps1'
[31.327s] INFO:colcon.colcon_core.shell:Creating prefix script '/home/seeed/ros2/ws/install/local_setup.sh'
[31.330s] INFO:colcon.colcon_core.shell:Creating prefix util module '/home/seeed/ros2/ws/install/_local_setup_util_sh.py'
[31.332s] INFO:colcon.colcon_core.shell:Creating prefix chain script '/home/seeed/ros2/ws/install/setup.sh'
[31.335s] INFO:colcon.colcon_core.shell:Creating prefix script '/home/seeed/ros2/ws/install/local_setup.bash'
[31.336s] INFO:colcon.colcon_core.shell:Creating prefix chain script '/home/seeed/ros2/ws/install/setup.bash'
[31.339s] INFO:colcon.colcon_core.shell:Creating prefix script '/home/seeed/ros2/ws/install/local_setup.zsh'
[31.341s] INFO:colcon.colcon_core.shell:Creating prefix chain script '/home/seeed/ros2/ws/install/setup.zsh'
