[0.000000] (-) TimerEvent: {}
[0.000404] (-) JobUnselected: {'identifier': 'fast_lio'}
[0.001000] (-) JobUnselected: {'identifier': 'livox_ros_driver2'}
[0.001581] (-) JobUnselected: {'identifier': 'ranger_base'}
[0.001717] (-) JobUnselected: {'identifier': 'ranger_bringup'}
[0.001813] (-) JobUnselected: {'identifier': 'ranger_msgs'}
[0.001916] (-) JobUnselected: {'identifier': 'ugv_sdk'}
[0.001999] (-) JobUnselected: {'identifier': 'vikit_common'}
[0.002078] (-) JobUnselected: {'identifier': 'vikit_ros'}
[0.002168] (pcd_ndt_localization) JobQueued: {'identifier': 'pcd_ndt_localization', 'dependencies': OrderedDict()}
[0.002318] (pcd_ndt_localization) JobStarted: {'identifier': 'pcd_ndt_localization'}
[0.022869] (pcd_ndt_localization) JobProgress: {'identifier': 'pcd_ndt_localization', 'progress': 'cmake'}
[0.025987] (pcd_ndt_localization) JobProgress: {'identifier': 'pcd_ndt_localization', 'progress': 'build'}
[0.027878] (pcd_ndt_localization) Command: {'cmd': ['/usr/local/bin/cmake', '--build', '/home/seeed/ros2/ws/build/pcd_ndt_localization', '--', '-j6', '-l6'], 'cwd': '/home/seeed/ros2/ws/build/pcd_ndt_localization', 'env': OrderedDict([('LANGUAGE', 'zh_CN:en'), ('USER', 'seeed'), ('SSH_CLIENT', '10.200.24.83 37119 22'), ('LC_TIME', 'zh_CN.UTF-8'), ('ROS_PACKAGE_PATH', '/home/seeed/ros2/ws/install/vikit_common/share:/home/seeed/ros2/ws/install/ugv_sdk/share'), ('XDG_SESSION_TYPE', 'tty'), ('SHLVL', '0'), ('LD_LIBRARY_PATH', '/home/seeed/ros2/ws/install/vikit_ros/lib:/home/seeed/ros2/ws/install/vikit_common/lib:/home/seeed/ros2/ws/install/ranger_msgs/lib:/home/seeed/ros2/ws/install/fast_lio/lib:/home/seeed/ros2/ws/install/livox_ros_driver2/lib:/opt/ros/humble/opt/rviz_ogre_vendor/lib:/opt/ros/humble/lib/aarch64-linux-gnu:/opt/ros/humble/lib'), ('MOTD_SHOWN', 'pam'), ('HOME', '/home/seeed'), ('OLDPWD', '/home/seeed'), ('ROS_PYTHON_VERSION', '3'), ('LC_MONETARY', 'zh_CN.UTF-8'), ('ROS_IP', '10.200.54.207'), ('LC_CTYPE', 'C.UTF-8'), ('DBUS_SESSION_BUS_ADDRESS', 'unix:path=/run/user/1000/bus'), ('COLCON_PREFIX_PATH', '/home/seeed/ros2/ws/install'), ('ROS_DISTRO', 'humble'), ('LOGNAME', 'seeed'), ('ROS_VERSION', '2'), ('PKG_CONFIG_PATH', '/home/seeed/ros2/ws/install/vikit_common/lib/aarch64-linux-gnu/pkgconfig:/home/seeed/ros2/ws/install/vikit_common/lib/pkgconfig:/home/seeed/ros2/ws/install/ugv_sdk/lib/aarch64-linux-gnu/pkgconfig:/home/seeed/ros2/ws/install/ugv_sdk/lib/pkgconfig'), ('XDG_SESSION_CLASS', 'user'), ('XDG_SESSION_ID', '80'), ('ROS_LOCALHOST_ONLY', '0'), ('PATH', '/opt/ros/humble/bin:/usr/local/sbin:/usr/local/bin:/usr/sbin:/usr/bin:/sbin:/bin:/usr/games:/usr/local/games:/snap/bin'), ('FASTRTPS_DEFAULT_PROFILES_FILE', '/home/seeed/ros2/fastrtps_profile.xml'), ('PAPERSIZE', 'a4'), ('LC_ADDRESS', 'zh_CN.UTF-8'), ('XDG_RUNTIME_DIR', '/run/user/1000'), ('DISPLAY', 'localhost:15.0'), ('LANG', 'zh_CN.UTF-8'), ('LC_TELEPHONE', 'zh_CN.UTF-8'), ('RMW_IMPLEMENTATION', 'rmw_fastrtps_cpp'), ('ROS_DOMAIN_ID', '0'), ('AMENT_PREFIX_PATH', '/home/seeed/ros2/ws/install/vikit_ros:/home/seeed/ros2/ws/install/ranger_base:/home/seeed/ros2/ws/install/ranger_msgs:/home/seeed/ros2/ws/install/ranger_bringup:/home/seeed/ros2/ws/install/pcd_ndt_localization:/home/seeed/ros2/ws/install/fast_lio:/home/seeed/ros2/ws/install/livox_ros_driver2:/opt/ros/humble'), ('SHELL', '/bin/bash'), ('LC_NAME', 'zh_CN.UTF-8'), ('LC_MEASUREMENT', 'zh_CN.UTF-8'), ('LC_IDENTIFICATION', 'zh_CN.UTF-8'), ('PWD', '/home/seeed/ros2/ws/build/pcd_ndt_localization'), ('LC_ALL', 'en_US.UTF-8'), ('SSH_CONNECTION', '10.200.24.83 37119 10.200.54.207 22'), ('PYTHONPATH', '/home/seeed/ros2/ws/install/ranger_msgs/local/lib/python3.10/dist-packages:/home/seeed/ros2/ws/install/fast_lio/local/lib/python3.10/dist-packages:/home/seeed/ros2/ws/install/livox_ros_driver2/local/lib/python3.10/dist-packages:/opt/ros/humble/lib/python3.10/site-packages:/opt/ros/humble/local/lib/python3.10/dist-packages'), ('LC_NUMERIC', 'zh_CN.UTF-8'), ('LC_PAPER', 'zh_CN.UTF-8'), ('COLCON', '1'), ('CMAKE_PREFIX_PATH', '/home/seeed/ros2/ws/install/vikit_ros:/opt/ros/humble:/home/seeed/ros2/ws/install/vikit_common:/home/seeed/ros2/ws/install/ranger_base:/home/seeed/ros2/ws/install/ugv_sdk:/home/seeed/ros2/ws/install/ranger_msgs:/home/seeed/ros2/ws/install/ranger_bringup:/home/seeed/ros2/ws/install/pcd_ndt_localization:/home/seeed/ros2/ws/install/fast_lio:/home/seeed/ros2/ws/install/livox_ros_driver2')]), 'shell': False}
[0.099088] (-) TimerEvent: {}
[0.117597] (pcd_ndt_localization) StdoutLine: {'line': b'[ 50%] Built target pcd_occupancy_grid_publisher\n'}
[0.165387] (pcd_ndt_localization) StdoutLine: {'line': b'[ 75%] Building CXX object CMakeFiles/pcd_ndt_localizer.dir/src/pcd_ndt_localizer.cpp.o\n'}
[0.199202] (-) TimerEvent: {}
[0.299472] (-) TimerEvent: {}
[0.399952] (-) TimerEvent: {}
[0.500263] (-) TimerEvent: {}
[0.600640] (-) TimerEvent: {}
[0.701071] (-) TimerEvent: {}
[0.801466] (-) TimerEvent: {}
[0.901852] (-) TimerEvent: {}
[1.002288] (-) TimerEvent: {}
[1.102687] (-) TimerEvent: {}
[1.203090] (-) TimerEvent: {}
[1.303488] (-) TimerEvent: {}
[1.403880] (-) TimerEvent: {}
[1.504290] (-) TimerEvent: {}
[1.604706] (-) TimerEvent: {}
[1.705154] (-) TimerEvent: {}
[1.805566] (-) TimerEvent: {}
[1.906003] (-) TimerEvent: {}
[2.006422] (-) TimerEvent: {}
[2.106847] (-) TimerEvent: {}
[2.207277] (-) TimerEvent: {}
[2.307702] (-) TimerEvent: {}
[2.408128] (-) TimerEvent: {}
[2.508554] (-) TimerEvent: {}
[2.608976] (-) TimerEvent: {}
[2.709393] (-) TimerEvent: {}
[2.809793] (-) TimerEvent: {}
[2.910500] (-) TimerEvent: {}
[3.010917] (-) TimerEvent: {}
[3.111318] (-) TimerEvent: {}
[3.211727] (-) TimerEvent: {}
[3.312413] (-) TimerEvent: {}
[3.412855] (-) TimerEvent: {}
[3.513266] (-) TimerEvent: {}
[3.613681] (-) TimerEvent: {}
[3.714093] (-) TimerEvent: {}
[3.814494] (-) TimerEvent: {}
[3.914898] (-) TimerEvent: {}
[4.015316] (-) TimerEvent: {}
[4.115735] (-) TimerEvent: {}
[4.216170] (-) TimerEvent: {}
[4.316523] (-) TimerEvent: {}
[4.416906] (-) TimerEvent: {}
[4.517366] (-) TimerEvent: {}
[4.617729] (-) TimerEvent: {}
[4.718116] (-) TimerEvent: {}
[4.818537] (-) TimerEvent: {}
[4.918900] (-) TimerEvent: {}
[5.019244] (-) TimerEvent: {}
[5.119628] (-) TimerEvent: {}
[5.219946] (-) TimerEvent: {}
[5.320291] (-) TimerEvent: {}
[5.420604] (-) TimerEvent: {}
[5.520918] (-) TimerEvent: {}
[5.621288] (-) TimerEvent: {}
[5.721627] (-) TimerEvent: {}
[5.821978] (-) TimerEvent: {}
[5.922327] (-) TimerEvent: {}
[6.022680] (-) TimerEvent: {}
[6.123024] (-) TimerEvent: {}
[6.223411] (-) TimerEvent: {}
[6.323817] (-) TimerEvent: {}
[6.424169] (-) TimerEvent: {}
[6.524557] (-) TimerEvent: {}
[6.624899] (-) TimerEvent: {}
[6.725221] (-) TimerEvent: {}
[6.825489] (-) TimerEvent: {}
[6.925810] (-) TimerEvent: {}
[7.026168] (-) TimerEvent: {}
[7.126464] (-) TimerEvent: {}
[7.226821] (-) TimerEvent: {}
[7.327190] (-) TimerEvent: {}
[7.427515] (-) TimerEvent: {}
[7.527805] (-) TimerEvent: {}
[7.628152] (-) TimerEvent: {}
[7.728514] (-) TimerEvent: {}
[7.828859] (-) TimerEvent: {}
[7.929172] (-) TimerEvent: {}
[8.029518] (-) TimerEvent: {}
[8.129922] (-) TimerEvent: {}
[8.230332] (-) TimerEvent: {}
[8.330724] (-) TimerEvent: {}
[8.431108] (-) TimerEvent: {}
[8.531461] (-) TimerEvent: {}
[8.631835] (-) TimerEvent: {}
[8.732217] (-) TimerEvent: {}
[8.832573] (-) TimerEvent: {}
[8.932916] (-) TimerEvent: {}
[9.033275] (-) TimerEvent: {}
[9.133651] (-) TimerEvent: {}
[9.234055] (-) TimerEvent: {}
[9.334404] (-) TimerEvent: {}
[9.434780] (-) TimerEvent: {}
[9.535146] (-) TimerEvent: {}
[9.635507] (-) TimerEvent: {}
[9.735849] (-) TimerEvent: {}
[9.836186] (-) TimerEvent: {}
[9.936537] (-) TimerEvent: {}
[10.036851] (-) TimerEvent: {}
[10.137193] (-) TimerEvent: {}
[10.237573] (-) TimerEvent: {}
[10.338004] (-) TimerEvent: {}
[10.438365] (-) TimerEvent: {}
[10.538694] (-) TimerEvent: {}
[10.639051] (-) TimerEvent: {}
[10.739400] (-) TimerEvent: {}
[10.839744] (-) TimerEvent: {}
[10.940090] (-) TimerEvent: {}
[11.040457] (-) TimerEvent: {}
[11.140809] (-) TimerEvent: {}
[11.241153] (-) TimerEvent: {}
[11.341548] (-) TimerEvent: {}
[11.441954] (-) TimerEvent: {}
[11.542355] (-) TimerEvent: {}
[11.642745] (-) TimerEvent: {}
[11.743083] (-) TimerEvent: {}
[11.843490] (-) TimerEvent: {}
[11.943843] (-) TimerEvent: {}
[12.044161] (-) TimerEvent: {}
[12.144544] (-) TimerEvent: {}
[12.244873] (-) TimerEvent: {}
[12.345271] (-) TimerEvent: {}
[12.445630] (-) TimerEvent: {}
[12.546007] (-) TimerEvent: {}
[12.646365] (-) TimerEvent: {}
[12.746754] (-) TimerEvent: {}
[12.847153] (-) TimerEvent: {}
[12.947559] (-) TimerEvent: {}
[13.047957] (-) TimerEvent: {}
[13.148376] (-) TimerEvent: {}
[13.248795] (-) TimerEvent: {}
[13.349412] (-) TimerEvent: {}
[13.449875] (-) TimerEvent: {}
[13.550388] (-) TimerEvent: {}
[13.650855] (-) TimerEvent: {}
[13.751333] (-) TimerEvent: {}
[13.851833] (-) TimerEvent: {}
[13.952306] (-) TimerEvent: {}
[14.052780] (-) TimerEvent: {}
[14.153264] (-) TimerEvent: {}
[14.253742] (-) TimerEvent: {}
[14.354239] (-) TimerEvent: {}
[14.454712] (-) TimerEvent: {}
[14.555153] (-) TimerEvent: {}
[14.655593] (-) TimerEvent: {}
[14.756031] (-) TimerEvent: {}
[14.856483] (-) TimerEvent: {}
[14.956919] (-) TimerEvent: {}
[15.057338] (-) TimerEvent: {}
[15.157743] (-) TimerEvent: {}
[15.258195] (-) TimerEvent: {}
[15.358654] (-) TimerEvent: {}
[15.459070] (-) TimerEvent: {}
[15.559465] (-) TimerEvent: {}
[15.659911] (-) TimerEvent: {}
[15.760360] (-) TimerEvent: {}
[15.860812] (-) TimerEvent: {}
[15.961270] (-) TimerEvent: {}
[16.061726] (-) TimerEvent: {}
[16.162187] (-) TimerEvent: {}
[16.262642] (-) TimerEvent: {}
[16.363104] (-) TimerEvent: {}
[16.463575] (-) TimerEvent: {}
[16.564040] (-) TimerEvent: {}
[16.664479] (-) TimerEvent: {}
[16.764910] (-) TimerEvent: {}
[16.865350] (-) TimerEvent: {}
[16.965805] (-) TimerEvent: {}
[17.066292] (-) TimerEvent: {}
[17.166755] (-) TimerEvent: {}
[17.267204] (-) TimerEvent: {}
[17.367644] (-) TimerEvent: {}
[17.468103] (-) TimerEvent: {}
[17.568577] (-) TimerEvent: {}
[17.668998] (-) TimerEvent: {}
[17.769398] (-) TimerEvent: {}
[17.869834] (-) TimerEvent: {}
[17.970334] (-) TimerEvent: {}
[18.070788] (-) TimerEvent: {}
[18.171237] (-) TimerEvent: {}
[18.271726] (-) TimerEvent: {}
[18.372282] (-) TimerEvent: {}
[18.472765] (-) TimerEvent: {}
[18.573224] (-) TimerEvent: {}
[18.673661] (-) TimerEvent: {}
[18.774045] (-) TimerEvent: {}
[18.874441] (-) TimerEvent: {}
[18.974846] (-) TimerEvent: {}
[19.075246] (-) TimerEvent: {}
[19.175647] (-) TimerEvent: {}
[19.276069] (-) TimerEvent: {}
[19.376525] (-) TimerEvent: {}
[19.477009] (-) TimerEvent: {}
[19.577525] (-) TimerEvent: {}
[19.678000] (-) TimerEvent: {}
[19.778522] (-) TimerEvent: {}
[19.879049] (-) TimerEvent: {}
[19.979521] (-) TimerEvent: {}
[20.079992] (-) TimerEvent: {}
[20.180449] (-) TimerEvent: {}
[20.280866] (-) TimerEvent: {}
[20.381301] (-) TimerEvent: {}
[20.481751] (-) TimerEvent: {}
[20.582235] (-) TimerEvent: {}
[20.682701] (-) TimerEvent: {}
[20.783162] (-) TimerEvent: {}
[20.883675] (-) TimerEvent: {}
[20.984136] (-) TimerEvent: {}
[21.084658] (-) TimerEvent: {}
[21.185140] (-) TimerEvent: {}
[21.285591] (-) TimerEvent: {}
[21.386089] (-) TimerEvent: {}
[21.486687] (-) TimerEvent: {}
[21.587148] (-) TimerEvent: {}
[21.687609] (-) TimerEvent: {}
[21.788082] (-) TimerEvent: {}
[21.888536] (-) TimerEvent: {}
[21.988975] (-) TimerEvent: {}
[22.089444] (-) TimerEvent: {}
[22.189931] (-) TimerEvent: {}
[22.290369] (-) TimerEvent: {}
[22.390774] (-) TimerEvent: {}
[22.491198] (-) TimerEvent: {}
[22.591618] (-) TimerEvent: {}
[22.692026] (-) TimerEvent: {}
[22.792438] (-) TimerEvent: {}
[22.892852] (-) TimerEvent: {}
[22.993307] (-) TimerEvent: {}
[23.093774] (-) TimerEvent: {}
[23.194279] (-) TimerEvent: {}
[23.294771] (-) TimerEvent: {}
[23.395311] (-) TimerEvent: {}
[23.495785] (-) TimerEvent: {}
[23.596273] (-) TimerEvent: {}
[23.696753] (-) TimerEvent: {}
[23.797224] (-) TimerEvent: {}
[23.897707] (-) TimerEvent: {}
[23.998216] (-) TimerEvent: {}
[24.098700] (-) TimerEvent: {}
[24.199172] (-) TimerEvent: {}
[24.299636] (-) TimerEvent: {}
[24.400108] (-) TimerEvent: {}
[24.500627] (-) TimerEvent: {}
[24.601135] (-) TimerEvent: {}
[24.701696] (-) TimerEvent: {}
[24.802200] (-) TimerEvent: {}
[24.902777] (-) TimerEvent: {}
[25.003321] (-) TimerEvent: {}
[25.103834] (-) TimerEvent: {}
[25.204269] (-) TimerEvent: {}
[25.304833] (-) TimerEvent: {}
[25.405330] (-) TimerEvent: {}
[25.505788] (-) TimerEvent: {}
[25.606274] (-) TimerEvent: {}
[25.706750] (-) TimerEvent: {}
[25.807394] (-) TimerEvent: {}
[25.907815] (-) TimerEvent: {}
[26.008234] (-) TimerEvent: {}
[26.108647] (-) TimerEvent: {}
[26.209054] (-) TimerEvent: {}
[26.309690] (-) TimerEvent: {}
[26.410229] (-) TimerEvent: {}
[26.510766] (-) TimerEvent: {}
[26.611307] (-) TimerEvent: {}
[26.711815] (-) TimerEvent: {}
[26.812294] (-) TimerEvent: {}
[26.912754] (-) TimerEvent: {}
[27.013211] (-) TimerEvent: {}
[27.113666] (-) TimerEvent: {}
[27.214159] (-) TimerEvent: {}
[27.314620] (-) TimerEvent: {}
[27.415012] (-) TimerEvent: {}
[27.515512] (-) TimerEvent: {}
[27.615968] (-) TimerEvent: {}
[27.716435] (-) TimerEvent: {}
[27.816909] (-) TimerEvent: {}
[27.917393] (-) TimerEvent: {}
[28.017855] (-) TimerEvent: {}
[28.118356] (-) TimerEvent: {}
[28.218811] (-) TimerEvent: {}
[28.319292] (-) TimerEvent: {}
[28.419763] (-) TimerEvent: {}
[28.520240] (-) TimerEvent: {}
[28.620799] (-) TimerEvent: {}
[28.721369] (-) TimerEvent: {}
[28.821876] (-) TimerEvent: {}
[28.922430] (-) TimerEvent: {}
[29.022988] (-) TimerEvent: {}
[29.123461] (-) TimerEvent: {}
[29.224006] (-) TimerEvent: {}
[29.324556] (-) TimerEvent: {}
[29.424973] (-) TimerEvent: {}
[29.525356] (-) TimerEvent: {}
[29.625767] (-) TimerEvent: {}
[29.726247] (-) TimerEvent: {}
[29.826692] (-) TimerEvent: {}
[29.927180] (-) TimerEvent: {}
[30.027647] (-) TimerEvent: {}
[30.128103] (-) TimerEvent: {}
[30.228563] (-) TimerEvent: {}
[30.328970] (-) TimerEvent: {}
[30.429419] (-) TimerEvent: {}
[30.529921] (-) TimerEvent: {}
[30.630382] (-) TimerEvent: {}
[30.730857] (-) TimerEvent: {}
[30.831331] (-) TimerEvent: {}
[30.931798] (-) TimerEvent: {}
[31.032254] (-) TimerEvent: {}
[31.132731] (-) TimerEvent: {}
[31.233181] (-) TimerEvent: {}
[31.333622] (-) TimerEvent: {}
[31.434059] (-) TimerEvent: {}
[31.534517] (-) TimerEvent: {}
[31.634979] (-) TimerEvent: {}
[31.735421] (-) TimerEvent: {}
[31.835854] (-) TimerEvent: {}
[31.936311] (-) TimerEvent: {}
[32.036776] (-) TimerEvent: {}
[32.137292] (-) TimerEvent: {}
[32.237807] (-) TimerEvent: {}
[32.338295] (-) TimerEvent: {}
[32.438750] (-) TimerEvent: {}
[32.539214] (-) TimerEvent: {}
[32.639664] (-) TimerEvent: {}
[32.740116] (-) TimerEvent: {}
[32.840560] (-) TimerEvent: {}
[32.940978] (-) TimerEvent: {}
[33.041393] (-) TimerEvent: {}
[33.141801] (-) TimerEvent: {}
[33.242223] (-) TimerEvent: {}
[33.342629] (-) TimerEvent: {}
[33.443045] (-) TimerEvent: {}
[33.543474] (-) TimerEvent: {}
[33.643943] (-) TimerEvent: {}
[33.744400] (-) TimerEvent: {}
[33.844861] (-) TimerEvent: {}
[33.945327] (-) TimerEvent: {}
[34.045788] (-) TimerEvent: {}
[34.146282] (-) TimerEvent: {}
[34.246753] (-) TimerEvent: {}
[34.347237] (-) TimerEvent: {}
[34.447722] (-) TimerEvent: {}
[34.548190] (-) TimerEvent: {}
[34.648661] (-) TimerEvent: {}
[34.749135] (-) TimerEvent: {}
[34.849617] (-) TimerEvent: {}
[34.950090] (-) TimerEvent: {}
[35.050561] (-) TimerEvent: {}
[35.151032] (-) TimerEvent: {}
[35.251499] (-) TimerEvent: {}
[35.351972] (-) TimerEvent: {}
[35.452443] (-) TimerEvent: {}
[35.552885] (-) TimerEvent: {}
[35.653291] (-) TimerEvent: {}
[35.753689] (-) TimerEvent: {}
[35.854064] (-) TimerEvent: {}
[35.954448] (-) TimerEvent: {}
[36.054886] (-) TimerEvent: {}
[36.155360] (-) TimerEvent: {}
[36.255831] (-) TimerEvent: {}
[36.356300] (-) TimerEvent: {}
[36.456767] (-) TimerEvent: {}
[36.557239] (-) TimerEvent: {}
[36.657683] (-) TimerEvent: {}
[36.758056] (-) TimerEvent: {}
[36.858461] (-) TimerEvent: {}
[36.958857] (-) TimerEvent: {}
[37.059256] (-) TimerEvent: {}
[37.159661] (-) TimerEvent: {}
[37.260095] (-) TimerEvent: {}
[37.360575] (-) TimerEvent: {}
[37.461048] (-) TimerEvent: {}
[37.561519] (-) TimerEvent: {}
[37.662033] (-) TimerEvent: {}
[37.762499] (-) TimerEvent: {}
[37.862971] (-) TimerEvent: {}
[37.963448] (-) TimerEvent: {}
[38.063920] (-) TimerEvent: {}
[38.164386] (-) TimerEvent: {}
[38.264852] (-) TimerEvent: {}
[38.365383] (-) TimerEvent: {}
[38.465863] (-) TimerEvent: {}
[38.566386] (-) TimerEvent: {}
[38.666879] (-) TimerEvent: {}
[38.767372] (-) TimerEvent: {}
[38.867843] (-) TimerEvent: {}
[38.968326] (-) TimerEvent: {}
[39.068811] (-) TimerEvent: {}
[39.169274] (-) TimerEvent: {}
[39.269908] (-) TimerEvent: {}
[39.370325] (-) TimerEvent: {}
[39.470738] (-) TimerEvent: {}
[39.571163] (-) TimerEvent: {}
[39.671649] (-) TimerEvent: {}
[39.772121] (-) TimerEvent: {}
[39.872568] (-) TimerEvent: {}
[39.973006] (-) TimerEvent: {}
[40.073477] (-) TimerEvent: {}
[40.173988] (-) TimerEvent: {}
[40.274570] (-) TimerEvent: {}
[40.374976] (-) TimerEvent: {}
[40.475377] (-) TimerEvent: {}
[40.575781] (-) TimerEvent: {}
[40.676190] (-) TimerEvent: {}
[40.776617] (-) TimerEvent: {}
[40.877082] (-) TimerEvent: {}
[40.977531] (-) TimerEvent: {}
[41.078030] (-) TimerEvent: {}
[41.178487] (-) TimerEvent: {}
[41.278949] (-) TimerEvent: {}
[41.379420] (-) TimerEvent: {}
[41.479902] (-) TimerEvent: {}
[41.580378] (-) TimerEvent: {}
[41.680855] (-) TimerEvent: {}
[41.781332] (-) TimerEvent: {}
[41.881786] (-) TimerEvent: {}
[41.982276] (-) TimerEvent: {}
[42.082796] (-) TimerEvent: {}
[42.183345] (-) TimerEvent: {}
[42.283818] (-) TimerEvent: {}
[42.384275] (-) TimerEvent: {}
[42.484924] (-) TimerEvent: {}
[42.585394] (-) TimerEvent: {}
[42.686007] (-) TimerEvent: {}
[42.786555] (-) TimerEvent: {}
[42.887003] (-) TimerEvent: {}
[42.987442] (-) TimerEvent: {}
[43.087861] (-) TimerEvent: {}
[43.188295] (-) TimerEvent: {}
[43.288760] (-) TimerEvent: {}
[43.389233] (-) TimerEvent: {}
[43.489721] (-) TimerEvent: {}
[43.590212] (-) TimerEvent: {}
[43.690747] (-) TimerEvent: {}
[43.791453] (-) TimerEvent: {}
[43.891896] (-) TimerEvent: {}
[43.992347] (-) TimerEvent: {}
[44.092801] (-) TimerEvent: {}
[44.193334] (-) TimerEvent: {}
[44.293798] (-) TimerEvent: {}
[44.394306] (-) TimerEvent: {}
[44.494885] (-) TimerEvent: {}
[44.595349] (-) TimerEvent: {}
[44.695806] (-) TimerEvent: {}
[44.796266] (-) TimerEvent: {}
[44.896729] (-) TimerEvent: {}
[44.997196] (-) TimerEvent: {}
[45.097694] (-) TimerEvent: {}
[45.198244] (-) TimerEvent: {}
[45.298707] (-) TimerEvent: {}
[45.399190] (-) TimerEvent: {}
[45.499660] (-) TimerEvent: {}
[45.600124] (-) TimerEvent: {}
[45.700598] (-) TimerEvent: {}
[45.801067] (-) TimerEvent: {}
[45.901529] (-) TimerEvent: {}
[46.002045] (-) TimerEvent: {}
[46.102479] (-) TimerEvent: {}
[46.202921] (-) TimerEvent: {}
[46.303362] (-) TimerEvent: {}
[46.403805] (-) TimerEvent: {}
[46.504245] (-) TimerEvent: {}
[46.604692] (-) TimerEvent: {}
[46.705152] (-) TimerEvent: {}
[46.805607] (-) TimerEvent: {}
[46.906083] (-) TimerEvent: {}
[47.006524] (-) TimerEvent: {}
[47.106988] (-) TimerEvent: {}
[47.207457] (-) TimerEvent: {}
[47.307919] (-) TimerEvent: {}
[47.408325] (-) TimerEvent: {}
[47.508744] (-) TimerEvent: {}
[47.609157] (-) TimerEvent: {}
[47.709563] (-) TimerEvent: {}
[47.810255] (-) TimerEvent: {}
[47.910827] (-) TimerEvent: {}
[48.011295] (-) TimerEvent: {}
[48.111784] (-) TimerEvent: {}
[48.212265] (-) TimerEvent: {}
[48.312740] (-) TimerEvent: {}
[48.413204] (-) TimerEvent: {}
[48.513687] (-) TimerEvent: {}
[48.614185] (-) TimerEvent: {}
[48.714655] (-) TimerEvent: {}
[48.815129] (-) TimerEvent: {}
[48.915602] (-) TimerEvent: {}
[49.016059] (-) TimerEvent: {}
[49.116499] (-) TimerEvent: {}
[49.216939] (-) TimerEvent: {}
[49.317388] (-) TimerEvent: {}
[49.417859] (-) TimerEvent: {}
[49.518390] (-) TimerEvent: {}
[49.618835] (-) TimerEvent: {}
[49.719279] (-) TimerEvent: {}
[49.819735] (-) TimerEvent: {}
[49.920197] (-) TimerEvent: {}
[50.020665] (-) TimerEvent: {}
[50.121129] (-) TimerEvent: {}
[50.221585] (-) TimerEvent: {}
[50.322059] (-) TimerEvent: {}
[50.422565] (-) TimerEvent: {}
[50.523064] (-) TimerEvent: {}
[50.623558] (-) TimerEvent: {}
[50.723923] (-) TimerEvent: {}
[50.824311] (-) TimerEvent: {}
[50.924977] (-) TimerEvent: {}
[51.025350] (-) TimerEvent: {}
[51.125760] (-) TimerEvent: {}
[51.226210] (-) TimerEvent: {}
[51.326807] (-) TimerEvent: {}
[51.427356] (-) TimerEvent: {}
[51.527840] (-) TimerEvent: {}
[51.628390] (-) TimerEvent: {}
[51.728851] (-) TimerEvent: {}
[51.829323] (-) TimerEvent: {}
[51.929802] (-) TimerEvent: {}
[52.030323] (-) TimerEvent: {}
[52.130791] (-) TimerEvent: {}
[52.231260] (-) TimerEvent: {}
[52.331736] (-) TimerEvent: {}
[52.432207] (-) TimerEvent: {}
[52.532686] (-) TimerEvent: {}
[52.633149] (-) TimerEvent: {}
[52.733613] (-) TimerEvent: {}
[52.834061] (-) TimerEvent: {}
[52.934516] (-) TimerEvent: {}
[53.034995] (-) TimerEvent: {}
[53.135430] (-) TimerEvent: {}
[53.235890] (-) TimerEvent: {}
[53.336360] (-) TimerEvent: {}
[53.436852] (-) TimerEvent: {}
[53.537333] (-) TimerEvent: {}
[53.637752] (-) TimerEvent: {}
[53.738172] (-) TimerEvent: {}
[53.838565] (-) TimerEvent: {}
[53.938964] (-) TimerEvent: {}
[54.039405] (-) TimerEvent: {}
[54.139852] (-) TimerEvent: {}
[54.240317] (-) TimerEvent: {}
[54.340780] (-) TimerEvent: {}
[54.441238] (-) TimerEvent: {}
[54.541695] (-) TimerEvent: {}
[54.642198] (-) TimerEvent: {}
[54.742674] (-) TimerEvent: {}
[54.843118] (-) TimerEvent: {}
[54.943518] (-) TimerEvent: {}
[55.043926] (-) TimerEvent: {}
[55.144370] (-) TimerEvent: {}
[55.244830] (-) TimerEvent: {}
[55.345290] (-) TimerEvent: {}
[55.445744] (-) TimerEvent: {}
[55.546217] (-) TimerEvent: {}
[55.646674] (-) TimerEvent: {}
[55.747135] (-) TimerEvent: {}
[55.847604] (-) TimerEvent: {}
[55.948072] (-) TimerEvent: {}
[56.048524] (-) TimerEvent: {}
[56.149104] (-) TimerEvent: {}
[56.249566] (-) TimerEvent: {}
[56.350025] (-) TimerEvent: {}
[56.450472] (-) TimerEvent: {}
[56.550937] (-) TimerEvent: {}
[56.651392] (-) TimerEvent: {}
[56.751860] (-) TimerEvent: {}
[56.852416] (-) TimerEvent: {}
[56.952915] (-) TimerEvent: {}
[57.053318] (-) TimerEvent: {}
[57.153716] (-) TimerEvent: {}
[57.254141] (-) TimerEvent: {}
[57.354555] (-) TimerEvent: {}
[57.454988] (-) TimerEvent: {}
[57.555413] (-) TimerEvent: {}
[57.655838] (-) TimerEvent: {}
[57.756295] (-) TimerEvent: {}
[57.856752] (-) TimerEvent: {}
[57.957178] (-) TimerEvent: {}
[58.057619] (-) TimerEvent: {}
[58.158197] (-) TimerEvent: {}
[58.258829] (-) TimerEvent: {}
[58.359431] (-) TimerEvent: {}
[58.459865] (-) TimerEvent: {}
[58.560276] (-) TimerEvent: {}
[58.660762] (-) TimerEvent: {}
[58.761305] (-) TimerEvent: {}
[58.861803] (-) TimerEvent: {}
[58.962283] (-) TimerEvent: {}
[59.062807] (-) TimerEvent: {}
[59.163337] (-) TimerEvent: {}
[59.263778] (-) TimerEvent: {}
[59.364222] (-) TimerEvent: {}
[59.464725] (-) TimerEvent: {}
[59.565239] (-) TimerEvent: {}
[59.665732] (-) TimerEvent: {}
[59.766208] (-) TimerEvent: {}
[59.866658] (-) TimerEvent: {}
[59.967085] (-) TimerEvent: {}
[60.067528] (-) TimerEvent: {}
[60.167977] (-) TimerEvent: {}
[60.268428] (-) TimerEvent: {}
[60.368885] (-) TimerEvent: {}
[60.469356] (-) TimerEvent: {}
[60.569818] (-) TimerEvent: {}
[60.670328] (-) TimerEvent: {}
[60.770756] (-) TimerEvent: {}
[60.871144] (-) TimerEvent: {}
[60.971524] (-) TimerEvent: {}
[61.071900] (-) TimerEvent: {}
[61.172288] (-) TimerEvent: {}
[61.272862] (-) TimerEvent: {}
[61.373356] (-) TimerEvent: {}
[61.473815] (-) TimerEvent: {}
[61.574305] (-) TimerEvent: {}
[61.674754] (-) TimerEvent: {}
[61.775150] (-) TimerEvent: {}
[61.875544] (-) TimerEvent: {}
[61.975960] (-) TimerEvent: {}
[62.076381] (-) TimerEvent: {}
[62.176767] (-) TimerEvent: {}
[62.277168] (-) TimerEvent: {}
[62.377586] (-) TimerEvent: {}
[62.477995] (-) TimerEvent: {}
[62.578419] (-) TimerEvent: {}
[62.678986] (-) TimerEvent: {}
[62.779496] (-) TimerEvent: {}
[62.879998] (-) TimerEvent: {}
[62.980455] (-) TimerEvent: {}
[63.081047] (-) TimerEvent: {}
[63.181593] (-) TimerEvent: {}
[63.282078] (-) TimerEvent: {}
[63.382523] (-) TimerEvent: {}
[63.483066] (-) TimerEvent: {}
[63.583539] (-) TimerEvent: {}
[63.684006] (-) TimerEvent: {}
[63.784474] (-) TimerEvent: {}
[63.884933] (-) TimerEvent: {}
[63.985404] (-) TimerEvent: {}
[64.085859] (-) TimerEvent: {}
[64.186401] (-) TimerEvent: {}
[64.286926] (-) TimerEvent: {}
[64.387468] (-) TimerEvent: {}
[64.487914] (-) TimerEvent: {}
[64.588305] (-) TimerEvent: {}
[64.688706] (-) TimerEvent: {}
[64.789120] (-) TimerEvent: {}
[64.889632] (-) TimerEvent: {}
[64.990086] (-) TimerEvent: {}
[65.090555] (-) TimerEvent: {}
[65.191276] (-) TimerEvent: {}
[65.291977] (-) TimerEvent: {}
[65.392531] (-) TimerEvent: {}
[65.492941] (-) TimerEvent: {}
[65.593369] (-) TimerEvent: {}
[65.694057] (-) TimerEvent: {}
[65.794545] (-) TimerEvent: {}
[65.895105] (-) TimerEvent: {}
[65.995648] (-) TimerEvent: {}
[66.096107] (-) TimerEvent: {}
[66.196568] (-) TimerEvent: {}
[66.297174] (-) TimerEvent: {}
[66.397630] (-) TimerEvent: {}
[66.498071] (-) TimerEvent: {}
[66.598514] (-) TimerEvent: {}
[66.699108] (-) TimerEvent: {}
[66.799638] (-) TimerEvent: {}
[66.900093] (-) TimerEvent: {}
[67.000568] (-) TimerEvent: {}
[67.101147] (-) TimerEvent: {}
[67.201650] (-) TimerEvent: {}
[67.302178] (-) TimerEvent: {}
[67.402668] (-) TimerEvent: {}
[67.503291] (-) TimerEvent: {}
[67.603778] (-) TimerEvent: {}
[67.704198] (-) TimerEvent: {}
[67.804592] (-) TimerEvent: {}
[67.904989] (-) TimerEvent: {}
[68.005397] (-) TimerEvent: {}
[68.105798] (-) TimerEvent: {}
[68.206732] (-) TimerEvent: {}
[68.307229] (-) TimerEvent: {}
[68.407691] (-) TimerEvent: {}
[68.508229] (-) TimerEvent: {}
[68.608971] (-) TimerEvent: {}
[68.709420] (-) TimerEvent: {}
[68.809816] (-) TimerEvent: {}
[68.910259] (-) TimerEvent: {}
[69.010718] (-) TimerEvent: {}
[69.111198] (-) TimerEvent: {}
[69.211682] (-) TimerEvent: {}
[69.312143] (-) TimerEvent: {}
[69.412617] (-) TimerEvent: {}
[69.513074] (-) TimerEvent: {}
[69.613518] (-) TimerEvent: {}
[69.713985] (-) TimerEvent: {}
[69.814445] (-) TimerEvent: {}
[69.914957] (-) TimerEvent: {}
[70.015427] (-) TimerEvent: {}
[70.115943] (-) TimerEvent: {}
[70.216408] (-) TimerEvent: {}
[70.316873] (-) TimerEvent: {}
[70.417434] (-) TimerEvent: {}
[70.517976] (-) TimerEvent: {}
[70.618641] (-) TimerEvent: {}
[70.719126] (-) TimerEvent: {}
[70.819636] (-) TimerEvent: {}
[70.920088] (-) TimerEvent: {}
[71.020533] (-) TimerEvent: {}
[71.121044] (-) TimerEvent: {}
[71.221448] (-) TimerEvent: {}
[71.321853] (-) TimerEvent: {}
[71.422275] (-) TimerEvent: {}
[71.522725] (-) TimerEvent: {}
[71.623181] (-) TimerEvent: {}
[71.723591] (-) TimerEvent: {}
[71.824060] (-) TimerEvent: {}
[71.924525] (-) TimerEvent: {}
[72.025017] (-) TimerEvent: {}
[72.125482] (-) TimerEvent: {}
[72.225978] (-) TimerEvent: {}
[72.326397] (-) TimerEvent: {}
[72.426813] (-) TimerEvent: {}
[72.527252] (-) TimerEvent: {}
[72.627936] (-) TimerEvent: {}
[72.728387] (-) TimerEvent: {}
[72.828811] (-) TimerEvent: {}
[72.929266] (-) TimerEvent: {}
[73.029717] (-) TimerEvent: {}
[73.130208] (-) TimerEvent: {}
[73.230650] (-) TimerEvent: {}
[73.331097] (-) TimerEvent: {}
[73.431558] (-) TimerEvent: {}
[73.532078] (-) TimerEvent: {}
[73.632529] (-) TimerEvent: {}
[73.732973] (-) TimerEvent: {}
[73.833436] (-) TimerEvent: {}
[73.933951] (-) TimerEvent: {}
[74.034415] (-) TimerEvent: {}
[74.134860] (-) TimerEvent: {}
[74.235333] (-) TimerEvent: {}
[74.335788] (-) TimerEvent: {}
[74.436231] (-) TimerEvent: {}
[74.536662] (-) TimerEvent: {}
[74.637092] (-) TimerEvent: {}
[74.738023] (-) TimerEvent: {}
[74.838469] (-) TimerEvent: {}
[74.938873] (-) TimerEvent: {}
[75.039329] (-) TimerEvent: {}
[75.139872] (-) TimerEvent: {}
[75.240289] (-) TimerEvent: {}
[75.340718] (-) TimerEvent: {}
[75.441153] (-) TimerEvent: {}
[75.541695] (-) TimerEvent: {}
[75.642274] (-) TimerEvent: {}
[75.742720] (-) TimerEvent: {}
[75.843189] (-) TimerEvent: {}
[75.943622] (-) TimerEvent: {}
[76.044061] (-) TimerEvent: {}
[76.144501] (-) TimerEvent: {}
[76.244932] (-) TimerEvent: {}
[76.345388] (-) TimerEvent: {}
[76.445847] (-) TimerEvent: {}
[76.546301] (-) TimerEvent: {}
[76.646739] (-) TimerEvent: {}
[76.747172] (-) TimerEvent: {}
[76.847579] (-) TimerEvent: {}
[76.947944] (-) TimerEvent: {}
[77.048344] (-) TimerEvent: {}
[77.148771] (-) TimerEvent: {}
[77.249200] (-) TimerEvent: {}
[77.349645] (-) TimerEvent: {}
[77.450075] (-) TimerEvent: {}
[77.550512] (-) TimerEvent: {}
[77.650961] (-) TimerEvent: {}
[77.751423] (-) TimerEvent: {}
[77.851871] (-) TimerEvent: {}
[77.952260] (-) TimerEvent: {}
[78.052723] (-) TimerEvent: {}
[78.153234] (-) TimerEvent: {}
[78.253761] (-) TimerEvent: {}
[78.354305] (-) TimerEvent: {}
[78.454765] (-) TimerEvent: {}
[78.555313] (-) TimerEvent: {}
[78.655764] (-) TimerEvent: {}
[78.756234] (-) TimerEvent: {}
[78.856621] (-) TimerEvent: {}
[78.957022] (-) TimerEvent: {}
[79.057462] (-) TimerEvent: {}
[79.157978] (-) TimerEvent: {}
[79.258413] (-) TimerEvent: {}
[79.358827] (-) TimerEvent: {}
[79.459249] (-) TimerEvent: {}
[79.559703] (-) TimerEvent: {}
[79.660154] (-) TimerEvent: {}
[79.760571] (-) TimerEvent: {}
[79.860979] (-) TimerEvent: {}
[79.961415] (-) TimerEvent: {}
[80.061866] (-) TimerEvent: {}
[80.162327] (-) TimerEvent: {}
[80.262801] (-) TimerEvent: {}
[80.363253] (-) TimerEvent: {}
[80.463673] (-) TimerEvent: {}
[80.564137] (-) TimerEvent: {}
[80.664588] (-) TimerEvent: {}
[80.765058] (-) TimerEvent: {}
[80.865536] (-) TimerEvent: {}
[80.966010] (-) TimerEvent: {}
[81.066422] (-) TimerEvent: {}
[81.166824] (-) TimerEvent: {}
[81.267273] (-) TimerEvent: {}
[81.367752] (-) TimerEvent: {}
[81.468204] (-) TimerEvent: {}
[81.568655] (-) TimerEvent: {}
[81.669142] (-) TimerEvent: {}
[81.769605] (-) TimerEvent: {}
[81.870094] (-) TimerEvent: {}
[81.970561] (-) TimerEvent: {}
[82.071032] (-) TimerEvent: {}
[82.171511] (-) TimerEvent: {}
[82.271993] (-) TimerEvent: {}
[82.372446] (-) TimerEvent: {}
[82.472849] (-) TimerEvent: {}
[82.573254] (-) TimerEvent: {}
[82.673665] (-) TimerEvent: {}
[82.774074] (-) TimerEvent: {}
[82.874478] (-) TimerEvent: {}
[82.974831] (-) TimerEvent: {}
[83.075256] (-) TimerEvent: {}
[83.175706] (-) TimerEvent: {}
[83.276104] (-) TimerEvent: {}
[83.376506] (-) TimerEvent: {}
[83.476906] (-) TimerEvent: {}
[83.577351] (-) TimerEvent: {}
[83.677795] (-) TimerEvent: {}
[83.778291] (-) TimerEvent: {}
[83.878766] (-) TimerEvent: {}
[83.979242] (-) TimerEvent: {}
[84.079724] (-) TimerEvent: {}
[84.180201] (-) TimerEvent: {}
[84.280668] (-) TimerEvent: {}
[84.381107] (-) TimerEvent: {}
[84.481513] (-) TimerEvent: {}
[84.581961] (-) TimerEvent: {}
[84.682373] (-) TimerEvent: {}
[84.782805] (-) TimerEvent: {}
[84.883277] (-) TimerEvent: {}
[84.983686] (-) TimerEvent: {}
[85.084141] (-) TimerEvent: {}
[85.184594] (-) TimerEvent: {}
[85.285065] (-) TimerEvent: {}
[85.385529] (-) TimerEvent: {}
[85.486030] (-) TimerEvent: {}
[85.586487] (-) TimerEvent: {}
[85.686953] (-) TimerEvent: {}
[85.787419] (-) TimerEvent: {}
[85.887887] (-) TimerEvent: {}
[85.988349] (-) TimerEvent: {}
[86.088874] (-) TimerEvent: {}
[86.189437] (-) TimerEvent: {}
[86.289941] (-) TimerEvent: {}
[86.390405] (-) TimerEvent: {}
[86.490866] (-) TimerEvent: {}
[86.591325] (-) TimerEvent: {}
[86.691790] (-) TimerEvent: {}
[86.792273] (-) TimerEvent: {}
[86.892760] (-) TimerEvent: {}
[86.993281] (-) TimerEvent: {}
[87.093722] (-) TimerEvent: {}
[87.194147] (-) TimerEvent: {}
[87.294588] (-) TimerEvent: {}
[87.395064] (-) TimerEvent: {}
[87.495523] (-) TimerEvent: {}
[87.595990] (-) TimerEvent: {}
[87.696471] (-) TimerEvent: {}
[87.796936] (-) TimerEvent: {}
[87.897389] (-) TimerEvent: {}
[87.997859] (-) TimerEvent: {}
[88.098322] (-) TimerEvent: {}
[88.198764] (-) TimerEvent: {}
[88.299182] (-) TimerEvent: {}
[88.399596] (-) TimerEvent: {}
[88.500071] (-) TimerEvent: {}
[88.600561] (-) TimerEvent: {}
[88.701070] (-) TimerEvent: {}
[88.801541] (-) TimerEvent: {}
[88.902001] (-) TimerEvent: {}
[89.002407] (-) TimerEvent: {}
[89.102852] (-) TimerEvent: {}
[89.203320] (-) TimerEvent: {}
[89.303783] (-) TimerEvent: {}
[89.404169] (-) TimerEvent: {}
[89.504555] (-) TimerEvent: {}
[89.605031] (-) TimerEvent: {}
[89.705498] (-) TimerEvent: {}
[89.805961] (-) TimerEvent: {}
[89.906399] (-) TimerEvent: {}
[90.004523] (pcd_ndt_localization) StdoutLine: {'line': b'[100%] Linking CXX executable pcd_ndt_localizer\n'}
[90.006494] (-) TimerEvent: {}
[90.106836] (-) TimerEvent: {}
[90.207261] (-) TimerEvent: {}
[90.307677] (-) TimerEvent: {}
[90.408102] (-) TimerEvent: {}
[90.508518] (-) TimerEvent: {}
[90.608992] (-) TimerEvent: {}
[90.709616] (-) TimerEvent: {}
[90.810191] (-) TimerEvent: {}
[90.910612] (-) TimerEvent: {}
[91.011036] (-) TimerEvent: {}
[91.111538] (-) TimerEvent: {}
[91.212000] (-) TimerEvent: {}
[91.312468] (-) TimerEvent: {}
[91.412932] (-) TimerEvent: {}
[91.513408] (-) TimerEvent: {}
[91.613880] (-) TimerEvent: {}
[91.714856] (-) TimerEvent: {}
[91.815314] (-) TimerEvent: {}
[91.915746] (-) TimerEvent: {}
[92.016153] (-) TimerEvent: {}
[92.116584] (-) TimerEvent: {}
[92.217060] (-) TimerEvent: {}
[92.317540] (-) TimerEvent: {}
[92.418039] (-) TimerEvent: {}
[92.518498] (-) TimerEvent: {}
[92.590220] (pcd_ndt_localization) StdoutLine: {'line': b'[100%] Built target pcd_ndt_localizer\n'}
[92.600757] (pcd_ndt_localization) CommandEnded: {'returncode': 0}
[92.603227] (pcd_ndt_localization) JobProgress: {'identifier': 'pcd_ndt_localization', 'progress': 'install'}
[92.611008] (pcd_ndt_localization) Command: {'cmd': ['/usr/local/bin/cmake', '--install', '/home/seeed/ros2/ws/build/pcd_ndt_localization'], 'cwd': '/home/seeed/ros2/ws/build/pcd_ndt_localization', 'env': OrderedDict([('LANGUAGE', 'zh_CN:en'), ('USER', 'seeed'), ('SSH_CLIENT', '10.200.24.83 37119 22'), ('LC_TIME', 'zh_CN.UTF-8'), ('ROS_PACKAGE_PATH', '/home/seeed/ros2/ws/install/vikit_common/share:/home/seeed/ros2/ws/install/ugv_sdk/share'), ('XDG_SESSION_TYPE', 'tty'), ('SHLVL', '0'), ('LD_LIBRARY_PATH', '/home/seeed/ros2/ws/install/vikit_ros/lib:/home/seeed/ros2/ws/install/vikit_common/lib:/home/seeed/ros2/ws/install/ranger_msgs/lib:/home/seeed/ros2/ws/install/fast_lio/lib:/home/seeed/ros2/ws/install/livox_ros_driver2/lib:/opt/ros/humble/opt/rviz_ogre_vendor/lib:/opt/ros/humble/lib/aarch64-linux-gnu:/opt/ros/humble/lib'), ('MOTD_SHOWN', 'pam'), ('HOME', '/home/seeed'), ('OLDPWD', '/home/seeed'), ('ROS_PYTHON_VERSION', '3'), ('LC_MONETARY', 'zh_CN.UTF-8'), ('ROS_IP', '10.200.54.207'), ('LC_CTYPE', 'C.UTF-8'), ('DBUS_SESSION_BUS_ADDRESS', 'unix:path=/run/user/1000/bus'), ('COLCON_PREFIX_PATH', '/home/seeed/ros2/ws/install'), ('ROS_DISTRO', 'humble'), ('LOGNAME', 'seeed'), ('ROS_VERSION', '2'), ('PKG_CONFIG_PATH', '/home/seeed/ros2/ws/install/vikit_common/lib/aarch64-linux-gnu/pkgconfig:/home/seeed/ros2/ws/install/vikit_common/lib/pkgconfig:/home/seeed/ros2/ws/install/ugv_sdk/lib/aarch64-linux-gnu/pkgconfig:/home/seeed/ros2/ws/install/ugv_sdk/lib/pkgconfig'), ('XDG_SESSION_CLASS', 'user'), ('XDG_SESSION_ID', '80'), ('ROS_LOCALHOST_ONLY', '0'), ('PATH', '/opt/ros/humble/bin:/usr/local/sbin:/usr/local/bin:/usr/sbin:/usr/bin:/sbin:/bin:/usr/games:/usr/local/games:/snap/bin'), ('FASTRTPS_DEFAULT_PROFILES_FILE', '/home/seeed/ros2/fastrtps_profile.xml'), ('PAPERSIZE', 'a4'), ('LC_ADDRESS', 'zh_CN.UTF-8'), ('XDG_RUNTIME_DIR', '/run/user/1000'), ('DISPLAY', 'localhost:15.0'), ('LANG', 'zh_CN.UTF-8'), ('LC_TELEPHONE', 'zh_CN.UTF-8'), ('RMW_IMPLEMENTATION', 'rmw_fastrtps_cpp'), ('ROS_DOMAIN_ID', '0'), ('AMENT_PREFIX_PATH', '/home/seeed/ros2/ws/install/vikit_ros:/home/seeed/ros2/ws/install/ranger_base:/home/seeed/ros2/ws/install/ranger_msgs:/home/seeed/ros2/ws/install/ranger_bringup:/home/seeed/ros2/ws/install/pcd_ndt_localization:/home/seeed/ros2/ws/install/fast_lio:/home/seeed/ros2/ws/install/livox_ros_driver2:/opt/ros/humble'), ('SHELL', '/bin/bash'), ('LC_NAME', 'zh_CN.UTF-8'), ('LC_MEASUREMENT', 'zh_CN.UTF-8'), ('LC_IDENTIFICATION', 'zh_CN.UTF-8'), ('PWD', '/home/seeed/ros2/ws/build/pcd_ndt_localization'), ('LC_ALL', 'en_US.UTF-8'), ('SSH_CONNECTION', '10.200.24.83 37119 10.200.54.207 22'), ('PYTHONPATH', '/home/seeed/ros2/ws/install/ranger_msgs/local/lib/python3.10/dist-packages:/home/seeed/ros2/ws/install/fast_lio/local/lib/python3.10/dist-packages:/home/seeed/ros2/ws/install/livox_ros_driver2/local/lib/python3.10/dist-packages:/opt/ros/humble/lib/python3.10/site-packages:/opt/ros/humble/local/lib/python3.10/dist-packages'), ('LC_NUMERIC', 'zh_CN.UTF-8'), ('LC_PAPER', 'zh_CN.UTF-8'), ('COLCON', '1'), ('CMAKE_PREFIX_PATH', '/home/seeed/ros2/ws/install/vikit_ros:/opt/ros/humble:/home/seeed/ros2/ws/install/vikit_common:/home/seeed/ros2/ws/install/ranger_base:/home/seeed/ros2/ws/install/ugv_sdk:/home/seeed/ros2/ws/install/ranger_msgs:/home/seeed/ros2/ws/install/ranger_bringup:/home/seeed/ros2/ws/install/pcd_ndt_localization:/home/seeed/ros2/ws/install/fast_lio:/home/seeed/ros2/ws/install/livox_ros_driver2')]), 'shell': False}
[92.618599] (-) TimerEvent: {}
[92.618903] (pcd_ndt_localization) StdoutLine: {'line': b'-- Install configuration: "Release"\n'}
[92.620455] (pcd_ndt_localization) StdoutLine: {'line': b'-- Execute custom install script\n'}
[92.621716] (pcd_ndt_localization) StdoutLine: {'line': b'-- Up-to-date symlink: /home/seeed/ros2/ws/install/pcd_ndt_localization/lib/pcd_ndt_localization/pcd_ndt_localizer\n'}
[92.622706] (pcd_ndt_localization) StdoutLine: {'line': b'-- Up-to-date symlink: /home/seeed/ros2/ws/install/pcd_ndt_localization/lib/pcd_ndt_localization/pcd_occupancy_grid_publisher\n'}
[92.624007] (pcd_ndt_localization) StdoutLine: {'line': b'-- Up-to-date symlink: /home/seeed/ros2/ws/install/pcd_ndt_localization/share/pcd_ndt_localization/config/ndt_localization.yaml\n'}
[92.624498] (pcd_ndt_localization) StdoutLine: {'line': b'-- Up-to-date symlink: /home/seeed/ros2/ws/install/pcd_ndt_localization/share/pcd_ndt_localization/launch/localization.launch.py\n'}
[92.625087] (pcd_ndt_localization) StdoutLine: {'line': b'-- Up-to-date symlink: /home/seeed/ros2/ws/install/pcd_ndt_localization/share/ament_index/resource_index/package_run_dependencies/pcd_ndt_localization\n'}
[92.625759] (pcd_ndt_localization) StdoutLine: {'line': b'-- Up-to-date symlink: /home/seeed/ros2/ws/install/pcd_ndt_localization/share/ament_index/resource_index/parent_prefix_path/pcd_ndt_localization\n'}
[92.626380] (pcd_ndt_localization) StdoutLine: {'line': b'-- Up-to-date symlink: /home/seeed/ros2/ws/install/pcd_ndt_localization/share/pcd_ndt_localization/environment/ament_prefix_path.sh\n'}
[92.627024] (pcd_ndt_localization) StdoutLine: {'line': b'-- Up-to-date symlink: /home/seeed/ros2/ws/install/pcd_ndt_localization/share/pcd_ndt_localization/environment/ament_prefix_path.dsv\n'}
[92.627606] (pcd_ndt_localization) StdoutLine: {'line': b'-- Up-to-date symlink: /home/seeed/ros2/ws/install/pcd_ndt_localization/share/pcd_ndt_localization/environment/path.sh\n'}
[92.628066] (pcd_ndt_localization) StdoutLine: {'line': b'-- Up-to-date symlink: /home/seeed/ros2/ws/install/pcd_ndt_localization/share/pcd_ndt_localization/environment/path.dsv\n'}
[92.628384] (pcd_ndt_localization) StdoutLine: {'line': b'-- Up-to-date symlink: /home/seeed/ros2/ws/install/pcd_ndt_localization/share/pcd_ndt_localization/local_setup.bash\n'}
[92.628718] (pcd_ndt_localization) StdoutLine: {'line': b'-- Up-to-date symlink: /home/seeed/ros2/ws/install/pcd_ndt_localization/share/pcd_ndt_localization/local_setup.sh\n'}
[92.629206] (pcd_ndt_localization) StdoutLine: {'line': b'-- Up-to-date symlink: /home/seeed/ros2/ws/install/pcd_ndt_localization/share/pcd_ndt_localization/local_setup.zsh\n'}
[92.629642] (pcd_ndt_localization) StdoutLine: {'line': b'-- Up-to-date symlink: /home/seeed/ros2/ws/install/pcd_ndt_localization/share/pcd_ndt_localization/local_setup.dsv\n'}
[92.630178] (pcd_ndt_localization) StdoutLine: {'line': b'-- Symlinking: /home/seeed/ros2/ws/install/pcd_ndt_localization/share/pcd_ndt_localization/package.dsv\n'}
[92.635900] (pcd_ndt_localization) StdoutLine: {'line': b'-- Up-to-date symlink: /home/seeed/ros2/ws/install/pcd_ndt_localization/share/ament_index/resource_index/packages/pcd_ndt_localization\n'}
[92.636364] (pcd_ndt_localization) StdoutLine: {'line': b'-- Up-to-date symlink: /home/seeed/ros2/ws/install/pcd_ndt_localization/share/pcd_ndt_localization/cmake/pcd_ndt_localizationConfig.cmake\n'}
[92.636708] (pcd_ndt_localization) StdoutLine: {'line': b'-- Up-to-date symlink: /home/seeed/ros2/ws/install/pcd_ndt_localization/share/pcd_ndt_localization/cmake/pcd_ndt_localizationConfig-version.cmake\n'}
[92.637141] (pcd_ndt_localization) StdoutLine: {'line': b'-- Up-to-date symlink: /home/seeed/ros2/ws/install/pcd_ndt_localization/share/pcd_ndt_localization/package.xml\n'}
[92.639957] (pcd_ndt_localization) CommandEnded: {'returncode': 0}
[92.703231] (pcd_ndt_localization) JobEnded: {'identifier': 'pcd_ndt_localization', 'rc': 0}
[92.705174] (-) EventReactorShutdown: {}
