[0.000000] (-) TimerEvent: {}
[0.000339] (-) JobUnselected: {'identifier': 'livox_ros_driver2'}
[0.000614] (-) JobUnselected: {'identifier': 'nav_tf_bridge'}
[0.000741] (-) JobUnselected: {'identifier': 'pcd_ndt_localization'}
[0.000827] (-) JobUnselected: {'identifier': 'ranger_base'}
[0.000903] (-) JobUnselected: {'identifier': 'ranger_bringup'}
[0.000974] (-) JobUnselected: {'identifier': 'ranger_msgs'}
[0.001043] (-) JobUnselected: {'identifier': 'ugv_sdk'}
[0.001110] (-) JobUnselected: {'identifier': 'vikit_common'}
[0.001167] (-) JobUnselected: {'identifier': 'vikit_ros'}
[0.001207] (fast_lio) JobQueued: {'identifier': 'fast_lio', 'dependencies': OrderedDict([('livox_ros_driver2', '/home/seeed/ros2/ws/install/livox_ros_driver2')])}
[0.001255] (fast_lio) JobStarted: {'identifier': 'fast_lio'}
[0.022683] (fast_lio) JobProgress: {'identifier': 'fast_lio', 'progress': 'cmake'}
[0.025770] (fast_lio) JobProgress: {'identifier': 'fast_lio', 'progress': 'build'}
[0.027728] (fast_lio) Command: {'cmd': ['/usr/local/bin/cmake', '--build', '/home/seeed/ros2/ws/build/fast_lio', '--', '-j6', '-l6'], 'cwd': '/home/seeed/ros2/ws/build/fast_lio', 'env': OrderedDict([('LANGUAGE', 'zh_CN:en'), ('USER', 'seeed'), ('SSH_CLIENT', '10.200.24.83 49099 22'), ('LC_TIME', 'zh_CN.UTF-8'), ('XDG_SESSION_TYPE', 'tty'), ('SHLVL', '0'), ('LD_LIBRARY_PATH', '/home/seeed/ros2/ws/install/livox_ros_driver2/lib:/opt/ros/humble/opt/rviz_ogre_vendor/lib:/opt/ros/humble/lib/aarch64-linux-gnu:/opt/ros/humble/lib'), ('MOTD_SHOWN', 'pam'), ('HOME', '/home/seeed'), ('OLDPWD', '/home/seeed'), ('ROS_PYTHON_VERSION', '3'), ('LC_MONETARY', 'zh_CN.UTF-8'), ('DBUS_SESSION_BUS_ADDRESS', 'unix:path=/run/user/1000/bus'), ('ROS_DISTRO', 'humble'), ('LOGNAME', 'seeed'), ('_', '/usr/bin/colcon'), ('ROS_VERSION', '2'), ('XDG_SESSION_CLASS', 'user'), ('XDG_SESSION_ID', '19'), ('ROS_LOCALHOST_ONLY', '0'), ('PATH', '/opt/ros/humble/bin:/usr/local/sbin:/usr/local/bin:/usr/sbin:/usr/bin:/sbin:/bin:/usr/games:/usr/local/games:/snap/bin'), ('PAPERSIZE', 'a4'), ('LC_ADDRESS', 'zh_CN.UTF-8'), ('XDG_RUNTIME_DIR', '/run/user/1000'), ('DISPLAY', 'localhost:11.0'), ('LANG', 'zh_CN.UTF-8'), ('LC_TELEPHONE', 'zh_CN.UTF-8'), ('AMENT_PREFIX_PATH', '/home/seeed/ros2/ws/install/livox_ros_driver2:/opt/ros/humble'), ('SHELL', '/bin/bash'), ('LC_NAME', 'zh_CN.UTF-8'), ('LC_MEASUREMENT', 'zh_CN.UTF-8'), ('LC_IDENTIFICATION', 'zh_CN.UTF-8'), ('PWD', '/home/seeed/ros2/ws/build/fast_lio'), ('LC_ALL', 'en_US.UTF-8'), ('SSH_CONNECTION', '10.200.24.83 49099 10.200.54.207 22'), ('PYTHONPATH', '/home/seeed/ros2/ws/install/livox_ros_driver2/local/lib/python3.10/dist-packages:/opt/ros/humble/lib/python3.10/site-packages:/opt/ros/humble/local/lib/python3.10/dist-packages'), ('LC_NUMERIC', 'zh_CN.UTF-8'), ('LC_PAPER', 'zh_CN.UTF-8'), ('COLCON', '1'), ('CMAKE_PREFIX_PATH', '/home/seeed/ros2/ws/install/livox_ros_driver2:/opt/ros/humble')]), 'shell': False}
[0.098574] (-) TimerEvent: {}
[0.143409] (fast_lio) StdoutLine: {'line': b'[  2%] Built target fast_lio__rs\n'}
[0.145511] (fast_lio) StdoutLine: {'line': b'[  5%] Built target fast_lio__cpp\n'}
[0.146028] (fast_lio) StdoutLine: {'line': b'[  5%] Built target ament_cmake_python_symlink_fast_lio\n'}
[0.151282] (fast_lio) StdoutLine: {'line': b'[ 13%] Built target fast_lio__rosidl_generator_c\n'}
[0.173544] (fast_lio) StdoutLine: {'line': b'[ 38%] Built target fast_lio__rosidl_typesupport_introspection_cpp\n'}
[0.173959] (fast_lio) StdoutLine: {'line': b'[ 38%] Built target fast_lio__rosidl_typesupport_fastrtps_cpp\n'}
[0.174129] (fast_lio) StdoutLine: {'line': b'[ 38%] Built target fast_lio__rosidl_typesupport_cpp\n'}
[0.174276] (fast_lio) StdoutLine: {'line': b'[ 47%] Built target fast_lio__rosidl_typesupport_fastrtps_c\n'}
[0.177060] (fast_lio) StdoutLine: {'line': b'[ 55%] Built target fast_lio__rosidl_typesupport_introspection_c\n'}
[0.192425] (fast_lio) StdoutLine: {'line': b'[ 63%] Built target fast_lio__rosidl_typesupport_c\n'}
[0.198717] (-) TimerEvent: {}
[0.206885] (fast_lio) StdoutLine: {'line': b'[ 63%] Built target fast_lio\n'}
[0.222459] (fast_lio) StdoutLine: {'line': b'[ 66%] Built target fast_lio__py\n'}
[0.245144] (fast_lio) StdoutLine: {'line': b'[ 72%] Built target fast_lio__rosidl_generator_py\n'}
[0.266529] (fast_lio) StdoutLine: {'line': b'[ 77%] Built target fast_lio__rosidl_typesupport_c__pyext\n'}
[0.266953] (fast_lio) StdoutLine: {'line': b'[ 86%] Built target fast_lio__rosidl_typesupport_introspection_c__pyext\n'}
[0.267132] (fast_lio) StdoutLine: {'line': b'[ 88%] Built target fast_lio__rosidl_typesupport_fastrtps_c__pyext\n'}
[0.298841] (-) TimerEvent: {}
[0.329093] (fast_lio) StdoutLine: {'line': b'[ 91%] Building CXX object CMakeFiles/fastlio_mapping.dir/src/laserMapping.cpp.o\n'}
[0.331533] (fast_lio) StdoutLine: {'line': b'[ 94%] Building CXX object CMakeFiles/fastlio_mapping.dir/src/preprocess.cpp.o\n'}
[0.399018] (-) TimerEvent: {}
[0.499351] (-) TimerEvent: {}
[0.599707] (-) TimerEvent: {}
[0.675719] (fast_lio) StdoutLine: {'line': b'running egg_info\n'}
[0.677585] (fast_lio) StdoutLine: {'line': b'writing fast_lio.egg-info/PKG-INFO\n'}
[0.678170] (fast_lio) StdoutLine: {'line': b'writing dependency_links to fast_lio.egg-info/dependency_links.txt\n'}
[0.678657] (fast_lio) StdoutLine: {'line': b'writing top-level names to fast_lio.egg-info/top_level.txt\n'}
[0.684167] (fast_lio) StdoutLine: {'line': b"reading manifest file 'fast_lio.egg-info/SOURCES.txt'\n"}
[0.685568] (fast_lio) StdoutLine: {'line': b"writing manifest file 'fast_lio.egg-info/SOURCES.txt'\n"}
[0.699868] (-) TimerEvent: {}
[0.746184] (fast_lio) StdoutLine: {'line': b'[ 94%] Built target ament_cmake_python_build_fast_lio_egg\n'}
[0.799991] (-) TimerEvent: {}
[0.900350] (-) TimerEvent: {}
[1.000747] (-) TimerEvent: {}
[1.101158] (-) TimerEvent: {}
[1.201584] (-) TimerEvent: {}
[1.302242] (-) TimerEvent: {}
[1.402900] (-) TimerEvent: {}
[1.503326] (-) TimerEvent: {}
[1.603752] (-) TimerEvent: {}
[1.704174] (-) TimerEvent: {}
[1.804544] (-) TimerEvent: {}
[1.904936] (-) TimerEvent: {}
[2.005349] (-) TimerEvent: {}
[2.105771] (-) TimerEvent: {}
[2.206196] (-) TimerEvent: {}
[2.306555] (-) TimerEvent: {}
[2.406846] (-) TimerEvent: {}
[2.507212] (-) TimerEvent: {}
[2.607565] (-) TimerEvent: {}
[2.707926] (-) TimerEvent: {}
[2.808273] (-) TimerEvent: {}
[2.908609] (-) TimerEvent: {}
[3.009034] (-) TimerEvent: {}
[3.109477] (-) TimerEvent: {}
[3.209913] (-) TimerEvent: {}
[3.310393] (-) TimerEvent: {}
[3.410828] (-) TimerEvent: {}
[3.511262] (-) TimerEvent: {}
[3.611697] (-) TimerEvent: {}
[3.712349] (-) TimerEvent: {}
[3.813013] (-) TimerEvent: {}
[3.913430] (-) TimerEvent: {}
[4.013859] (-) TimerEvent: {}
[4.114289] (-) TimerEvent: {}
[4.214715] (-) TimerEvent: {}
[4.315083] (-) TimerEvent: {}
[4.415469] (-) TimerEvent: {}
[4.515909] (-) TimerEvent: {}
[4.616341] (-) TimerEvent: {}
[4.716746] (-) TimerEvent: {}
[4.817147] (-) TimerEvent: {}
[4.917585] (-) TimerEvent: {}
[5.018015] (-) TimerEvent: {}
[5.118453] (-) TimerEvent: {}
[5.218893] (-) TimerEvent: {}
[5.319335] (-) TimerEvent: {}
[5.419778] (-) TimerEvent: {}
[5.520220] (-) TimerEvent: {}
[5.620902] (-) TimerEvent: {}
[5.721350] (-) TimerEvent: {}
[5.821798] (-) TimerEvent: {}
[5.922238] (-) TimerEvent: {}
[6.022684] (-) TimerEvent: {}
[6.123111] (-) TimerEvent: {}
[6.223550] (-) TimerEvent: {}
[6.323996] (-) TimerEvent: {}
[6.424439] (-) TimerEvent: {}
[6.525119] (-) TimerEvent: {}
[6.625809] (-) TimerEvent: {}
[6.726260] (-) TimerEvent: {}
[6.826703] (-) TimerEvent: {}
[6.927145] (-) TimerEvent: {}
[7.027840] (-) TimerEvent: {}
[7.128273] (-) TimerEvent: {}
[7.228728] (-) TimerEvent: {}
[7.329165] (-) TimerEvent: {}
[7.429614] (-) TimerEvent: {}
[7.530071] (-) TimerEvent: {}
[7.630514] (-) TimerEvent: {}
[7.730958] (-) TimerEvent: {}
[7.831401] (-) TimerEvent: {}
[7.931839] (-) TimerEvent: {}
[8.032300] (-) TimerEvent: {}
[8.132762] (-) TimerEvent: {}
[8.233193] (-) TimerEvent: {}
[8.333683] (-) TimerEvent: {}
[8.434131] (-) TimerEvent: {}
[8.534796] (-) TimerEvent: {}
[8.635256] (-) TimerEvent: {}
[8.735701] (-) TimerEvent: {}
[8.836149] (-) TimerEvent: {}
[8.936518] (-) TimerEvent: {}
[9.036820] (-) TimerEvent: {}
[9.137190] (-) TimerEvent: {}
[9.237662] (-) TimerEvent: {}
[9.338094] (-) TimerEvent: {}
[9.438542] (-) TimerEvent: {}
[9.538985] (-) TimerEvent: {}
[9.639422] (-) TimerEvent: {}
[9.739868] (-) TimerEvent: {}
[9.840309] (-) TimerEvent: {}
[9.940989] (-) TimerEvent: {}
[10.041440] (-) TimerEvent: {}
[10.141884] (-) TimerEvent: {}
[10.242320] (-) TimerEvent: {}
[10.343004] (-) TimerEvent: {}
[10.443466] (-) TimerEvent: {}
[10.543909] (-) TimerEvent: {}
[10.644345] (-) TimerEvent: {}
[10.744802] (-) TimerEvent: {}
[10.845239] (-) TimerEvent: {}
[10.945673] (-) TimerEvent: {}
[11.046114] (-) TimerEvent: {}
[11.146555] (-) TimerEvent: {}
[11.246979] (-) TimerEvent: {}
[11.347437] (-) TimerEvent: {}
[11.447880] (-) TimerEvent: {}
[11.548319] (-) TimerEvent: {}
[11.648785] (-) TimerEvent: {}
[11.749226] (-) TimerEvent: {}
[11.849673] (-) TimerEvent: {}
[11.950361] (-) TimerEvent: {}
[12.050809] (-) TimerEvent: {}
[12.151252] (-) TimerEvent: {}
[12.251677] (-) TimerEvent: {}
[12.352040] (-) TimerEvent: {}
[12.452353] (-) TimerEvent: {}
[12.552751] (-) TimerEvent: {}
[12.653191] (-) TimerEvent: {}
[12.753878] (-) TimerEvent: {}
[12.854329] (-) TimerEvent: {}
[12.954776] (-) TimerEvent: {}
[13.055223] (-) TimerEvent: {}
[13.155664] (-) TimerEvent: {}
[13.256352] (-) TimerEvent: {}
[13.356851] (-) TimerEvent: {}
[13.457224] (-) TimerEvent: {}
[13.557620] (-) TimerEvent: {}
[13.658073] (-) TimerEvent: {}
[13.758748] (-) TimerEvent: {}
[13.859424] (-) TimerEvent: {}
[13.959872] (-) TimerEvent: {}
[14.060317] (-) TimerEvent: {}
[14.160780] (-) TimerEvent: {}
[14.261447] (-) TimerEvent: {}
[14.361884] (-) TimerEvent: {}
[14.462330] (-) TimerEvent: {}
[14.562700] (-) TimerEvent: {}
[14.663048] (-) TimerEvent: {}
[14.763381] (-) TimerEvent: {}
[14.863709] (-) TimerEvent: {}
[14.964036] (-) TimerEvent: {}
[15.064407] (-) TimerEvent: {}
[15.164797] (-) TimerEvent: {}
[15.265105] (-) TimerEvent: {}
[15.365441] (-) TimerEvent: {}
[15.465800] (-) TimerEvent: {}
[15.566184] (-) TimerEvent: {}
[15.666636] (-) TimerEvent: {}
[15.767080] (-) TimerEvent: {}
[15.811320] (fast_lio) StderrLine: {'line': b'In file included from /usr/include/boost/smart_ptr/detail/sp_thread_sleep.hpp:22,\n'}
[15.811967] (fast_lio) StderrLine: {'line': b'                 from /usr/include/boost/smart_ptr/detail/yield_k.hpp:23,\n'}
[15.812176] (fast_lio) StderrLine: {'line': b'                 from /usr/include/boost/smart_ptr/detail/spinlock_gcc_atomic.hpp:14,\n'}
[15.812329] (fast_lio) StderrLine: {'line': b'                 from /usr/include/boost/smart_ptr/detail/spinlock.hpp:42,\n'}
[15.812499] (fast_lio) StderrLine: {'line': b'                 from /usr/include/boost/smart_ptr/detail/spinlock_pool.hpp:25,\n'}
[15.812635] (fast_lio) StderrLine: {'line': b'                 from /usr/include/boost/smart_ptr/shared_ptr.hpp:29,\n'}
[15.812816] (fast_lio) StderrLine: {'line': b'                 from /usr/include/boost/shared_ptr.hpp:17,\n'}
[15.812953] (fast_lio) StderrLine: {'line': b'                 from /usr/include/boost/date_time/microsec_time_clock.hpp:18,\n'}
[15.813080] (fast_lio) StderrLine: {'line': b'                 from /usr/include/boost/interprocess/detail/posix_time_types_wrk.hpp:31,\n'}
[15.813203] (fast_lio) StderrLine: {'line': b'                 from /usr/include/boost/interprocess/detail/os_thread_functions.hpp:36,\n'}
[15.813326] (fast_lio) StderrLine: {'line': b'                 from /usr/include/boost/interprocess/sync/file_lock.hpp:26,\n'}
[15.813447] (fast_lio) StderrLine: {'line': b'                 from /usr/include/pcl-1.12/pcl/io/pcd_io.h:46,\n'}
[15.813570] (fast_lio) StderrLine: {'line': b'                 from /opt/ros/humble/include/pcl_conversions/pcl_conversions/pcl_conversions.h:73,\n'}
[15.813743] (fast_lio) StderrLine: {'line': b'                 from /home/seeed/ros2/ws/src/slam/fast_lio/src/IMU_Processing.hpp:18,\n'}
[15.813906] (fast_lio) StderrLine: {'line': b'                 from /home/seeed/ros2/ws/src/slam/fast_lio/src/laserMapping.cpp:47:\n'}
[15.814030] (fast_lio) StderrLine: {'line': b'/usr/include/boost/bind.hpp:36:1: note: \xe2\x80\x98#pragma message: The practice of declaring the Bind placeholders (_1, _2, ...) in the global namespace is deprecated. Please use <boost/bind/bind.hpp> + using namespace boost::placeholders, or define BOOST_BIND_GLOBAL_PLACEHOLDERS to retain the current behavior.\xe2\x80\x99\n'}
[15.814259] (fast_lio) StderrLine: {'line': b'   36 | BOOST_PRAGMA_MESSAGE(\n'}
[15.814394] (fast_lio) StderrLine: {'line': b'      | ^~~~~~~~~~~~~~~~~~~~\n'}
[15.867249] (-) TimerEvent: {}
[15.967703] (-) TimerEvent: {}
[16.068126] (-) TimerEvent: {}
[16.168550] (-) TimerEvent: {}
[16.268962] (-) TimerEvent: {}
[16.369336] (-) TimerEvent: {}
[16.469784] (-) TimerEvent: {}
[16.570192] (-) TimerEvent: {}
[16.670588] (-) TimerEvent: {}
[16.771001] (-) TimerEvent: {}
[16.871467] (-) TimerEvent: {}
[16.971905] (-) TimerEvent: {}
[17.072273] (-) TimerEvent: {}
[17.172670] (-) TimerEvent: {}
[17.273064] (-) TimerEvent: {}
[17.373436] (-) TimerEvent: {}
[17.473871] (-) TimerEvent: {}
[17.574291] (-) TimerEvent: {}
[17.674657] (-) TimerEvent: {}
[17.774968] (-) TimerEvent: {}
[17.875337] (-) TimerEvent: {}
[17.975763] (-) TimerEvent: {}
[18.076134] (-) TimerEvent: {}
[18.176485] (-) TimerEvent: {}
[18.276814] (-) TimerEvent: {}
[18.377157] (-) TimerEvent: {}
[18.477579] (-) TimerEvent: {}
[18.578027] (-) TimerEvent: {}
[18.678388] (-) TimerEvent: {}
[18.778761] (-) TimerEvent: {}
[18.879127] (-) TimerEvent: {}
[18.979578] (-) TimerEvent: {}
[19.079996] (-) TimerEvent: {}
[19.180387] (-) TimerEvent: {}
[19.280825] (-) TimerEvent: {}
[19.381160] (-) TimerEvent: {}
[19.481565] (-) TimerEvent: {}
[19.582007] (-) TimerEvent: {}
[19.682380] (-) TimerEvent: {}
[19.782830] (-) TimerEvent: {}
[19.883235] (-) TimerEvent: {}
[19.983602] (-) TimerEvent: {}
[20.083934] (-) TimerEvent: {}
[20.184375] (-) TimerEvent: {}
[20.284909] (-) TimerEvent: {}
[20.385219] (-) TimerEvent: {}
[20.485553] (-) TimerEvent: {}
[20.585888] (-) TimerEvent: {}
[20.686118] (-) TimerEvent: {}
[20.786304] (-) TimerEvent: {}
[20.886495] (-) TimerEvent: {}
[20.986726] (-) TimerEvent: {}
[21.086915] (-) TimerEvent: {}
[21.187108] (-) TimerEvent: {}
[21.234584] (fast_lio) StderrLine: {'line': b'/home/seeed/ros2/ws/src/slam/fast_lio/src/laserMapping.cpp: In constructor \xe2\x80\x98LaserMappingNode::LaserMappingNode(const rclcpp::NodeOptions&)\xe2\x80\x99:\n'}
[21.235083] (fast_lio) StderrLine: {'line': b'/home/seeed/ros2/ws/src/slam/fast_lio/src/laserMapping.cpp:914:96: error: lvalue required as decrement operand\n'}
[21.235350] (fast_lio) StderrLine: {'line': b'  914 |         this->get_parameter_or<double>("preprocess.exclusion_max_x", p_pre->exclusion_max_x, --0.22);\n'}
[21.235688] (fast_lio) StderrLine: {'line': b'      |                                                                                                ^~~~\n'}
[21.287204] (-) TimerEvent: {}
[21.387384] (-) TimerEvent: {}
[21.487678] (-) TimerEvent: {}
[21.588017] (-) TimerEvent: {}
[21.688269] (-) TimerEvent: {}
[21.788541] (-) TimerEvent: {}
[21.888842] (-) TimerEvent: {}
[21.989078] (-) TimerEvent: {}
[22.089288] (-) TimerEvent: {}
[22.189498] (-) TimerEvent: {}
[22.289758] (-) TimerEvent: {}
[22.389987] (-) TimerEvent: {}
[22.490251] (-) TimerEvent: {}
[22.590593] (-) TimerEvent: {}
[22.690905] (-) TimerEvent: {}
[22.791185] (-) TimerEvent: {}
[22.891432] (-) TimerEvent: {}
[22.991714] (-) TimerEvent: {}
[23.091951] (-) TimerEvent: {}
[23.192169] (-) TimerEvent: {}
[23.292395] (-) TimerEvent: {}
[23.392624] (-) TimerEvent: {}
[23.492837] (-) TimerEvent: {}
[23.593124] (-) TimerEvent: {}
[23.693452] (-) TimerEvent: {}
[23.793715] (-) TimerEvent: {}
[23.894124] (-) TimerEvent: {}
[23.994580] (-) TimerEvent: {}
[24.094867] (-) TimerEvent: {}
[24.195123] (-) TimerEvent: {}
[24.295363] (-) TimerEvent: {}
[24.395590] (-) TimerEvent: {}
[24.495812] (-) TimerEvent: {}
[24.596131] (-) TimerEvent: {}
[24.696471] (-) TimerEvent: {}
[24.796751] (-) TimerEvent: {}
[24.896999] (-) TimerEvent: {}
[24.997247] (-) TimerEvent: {}
[25.097476] (-) TimerEvent: {}
[25.197735] (-) TimerEvent: {}
[25.298009] (-) TimerEvent: {}
[25.398259] (-) TimerEvent: {}
[25.498529] (-) TimerEvent: {}
[25.598810] (-) TimerEvent: {}
[25.699130] (-) TimerEvent: {}
[25.799416] (-) TimerEvent: {}
[25.899740] (-) TimerEvent: {}
[26.000031] (-) TimerEvent: {}
[26.100240] (-) TimerEvent: {}
[26.200452] (-) TimerEvent: {}
[26.300696] (-) TimerEvent: {}
[26.400961] (-) TimerEvent: {}
[26.501162] (-) TimerEvent: {}
[26.601425] (-) TimerEvent: {}
[26.701784] (-) TimerEvent: {}
[26.802083] (-) TimerEvent: {}
[26.902349] (-) TimerEvent: {}
[27.002580] (-) TimerEvent: {}
[27.102817] (-) TimerEvent: {}
[27.203024] (-) TimerEvent: {}
[27.303229] (-) TimerEvent: {}
[27.403429] (-) TimerEvent: {}
[27.503645] (-) TimerEvent: {}
[27.603888] (-) TimerEvent: {}
[27.704269] (-) TimerEvent: {}
[27.804588] (-) TimerEvent: {}
[27.904869] (-) TimerEvent: {}
[28.005126] (-) TimerEvent: {}
[28.105344] (-) TimerEvent: {}
[28.205567] (-) TimerEvent: {}
[28.305834] (-) TimerEvent: {}
[28.406085] (-) TimerEvent: {}
[28.506275] (-) TimerEvent: {}
[28.606498] (-) TimerEvent: {}
[28.706818] (-) TimerEvent: {}
[28.807152] (-) TimerEvent: {}
[28.907423] (-) TimerEvent: {}
[29.007708] (-) TimerEvent: {}
[29.108007] (-) TimerEvent: {}
[29.208231] (-) TimerEvent: {}
[29.308438] (-) TimerEvent: {}
[29.408668] (-) TimerEvent: {}
[29.496474] (fast_lio) StderrLine: {'line': b'In file included from /home/seeed/ros2/ws/src/slam/fast_lio/include/IKFoM_toolkit/esekfom/../mtk/types/SOn.hpp:83,\n'}
[29.497018] (fast_lio) StderrLine: {'line': b'                 from /home/seeed/ros2/ws/src/slam/fast_lio/include/IKFoM_toolkit/esekfom/esekfom.hpp:49,\n'}
[29.497297] (fast_lio) StderrLine: {'line': b'                 from /home/seeed/ros2/ws/src/slam/fast_lio/include/use-ikfom.hpp:4,\n'}
[29.497598] (fast_lio) StderrLine: {'line': b'                 from /home/seeed/ros2/ws/src/slam/fast_lio/src/IMU_Processing.hpp:22,\n'}
[29.497885] (fast_lio) StderrLine: {'line': b'                 from /home/seeed/ros2/ws/src/slam/fast_lio/src/laserMapping.cpp:47:\n'}
[29.498194] (fast_lio) StderrLine: {'line': b'/home/seeed/ros2/ws/src/slam/fast_lio/include/IKFoM_toolkit/esekfom/../mtk/types/../src/mtkmath.hpp: In instantiation of \xe2\x80\x98std::pair<_FIter, _FIter> MTK::cos_sinc_sqrt(const scalar&) [with scalar = double]\xe2\x80\x99:\n'}
[29.498478] (fast_lio) StderrLine: {'line': b'/home/seeed/ros2/ws/src/slam/fast_lio/include/IKFoM_toolkit/esekfom/../mtk/types/../src/mtkmath.hpp:252:52:   required from \xe2\x80\x98scalar MTK::exp(MTK::vectview<scalar, dim>, MTK::vectview<const scalar, dim>, const scalar&) [with scalar = double; int n = 3]\xe2\x80\x99\n'}
[29.498787] (fast_lio) StderrLine: {'line': b'/home/seeed/ros2/ws/src/slam/fast_lio/include/IKFoM_toolkit/esekfom/../mtk/types/S2.hpp:140:32:   required from \xe2\x80\x98void MTK::S2<_scalar, den, num, S2_typ>::boxplus(MTK::vectview<const _scalar, 2>, MTK::S2<_scalar, den, num, S2_typ>::scalar) [with _scalar = double; int den = 98090; int num = 10000; int S2_typ = 1; MTK::S2<_scalar, den, num, S2_typ>::scalar = double]\xe2\x80\x99\n'}
[29.499040] (fast_lio) StderrLine: {'line': b'/home/seeed/ros2/ws/src/slam/fast_lio/include/use-ikfom.hpp:12:1:   required from here\n'}
[29.499254] (fast_lio) StderrLine: {'line': b'/home/seeed/ros2/ws/src/slam/fast_lio/include/IKFoM_toolkit/esekfom/../mtk/types/../src/mtkmath.hpp:143:27: note: parameter passing for argument of type \xe2\x80\x98std::pair<double, double>\xe2\x80\x99 when C++17 is enabled changed to match C++14 in GCC 10.1\n'}
[29.499469] (fast_lio) StderrLine: {'line': b'  143 | std::pair<scalar, scalar> cos_sinc_sqrt(const scalar &x2){\n'}
[29.499715] (fast_lio) StderrLine: {'line': b'      |                           ^~~~~~~~~~~~~\n'}
[29.508783] (-) TimerEvent: {}
[29.608958] (-) TimerEvent: {}
[29.709224] (-) TimerEvent: {}
[29.809544] (-) TimerEvent: {}
[29.909868] (-) TimerEvent: {}
[30.010103] (-) TimerEvent: {}
[30.110309] (-) TimerEvent: {}
[30.210533] (-) TimerEvent: {}
[30.310751] (-) TimerEvent: {}
[30.410954] (-) TimerEvent: {}
[30.511148] (-) TimerEvent: {}
[30.611345] (-) TimerEvent: {}
[30.711649] (-) TimerEvent: {}
[30.812033] (-) TimerEvent: {}
[30.912303] (-) TimerEvent: {}
[31.012599] (-) TimerEvent: {}
[31.112846] (-) TimerEvent: {}
[31.213082] (-) TimerEvent: {}
[31.313324] (-) TimerEvent: {}
[31.413534] (-) TimerEvent: {}
[31.513788] (-) TimerEvent: {}
[31.613990] (-) TimerEvent: {}
[31.714249] (-) TimerEvent: {}
[31.814635] (-) TimerEvent: {}
[31.914928] (-) TimerEvent: {}
[32.015175] (-) TimerEvent: {}
[32.115397] (-) TimerEvent: {}
[32.215600] (-) TimerEvent: {}
[32.315804] (-) TimerEvent: {}
[32.416030] (-) TimerEvent: {}
[32.516254] (-) TimerEvent: {}
[32.616446] (-) TimerEvent: {}
[32.716661] (-) TimerEvent: {}
[32.816941] (-) TimerEvent: {}
[32.917200] (-) TimerEvent: {}
[33.017427] (-) TimerEvent: {}
[33.117673] (-) TimerEvent: {}
[33.217917] (-) TimerEvent: {}
[33.318109] (-) TimerEvent: {}
[33.418295] (-) TimerEvent: {}
[33.518511] (-) TimerEvent: {}
[33.618696] (-) TimerEvent: {}
[33.718886] (-) TimerEvent: {}
[33.819168] (-) TimerEvent: {}
[33.919545] (-) TimerEvent: {}
[34.019863] (-) TimerEvent: {}
[34.120137] (-) TimerEvent: {}
[34.220377] (-) TimerEvent: {}
[34.320647] (-) TimerEvent: {}
[34.420865] (-) TimerEvent: {}
[34.521051] (-) TimerEvent: {}
[34.621231] (-) TimerEvent: {}
[34.721427] (-) TimerEvent: {}
[34.821746] (-) TimerEvent: {}
[34.922086] (-) TimerEvent: {}
[35.022375] (-) TimerEvent: {}
[35.122635] (-) TimerEvent: {}
[35.222879] (-) TimerEvent: {}
[35.323129] (-) TimerEvent: {}
[35.423335] (-) TimerEvent: {}
[35.523523] (-) TimerEvent: {}
[35.623765] (-) TimerEvent: {}
[35.723972] (-) TimerEvent: {}
[35.824247] (-) TimerEvent: {}
[35.924646] (-) TimerEvent: {}
[36.024955] (-) TimerEvent: {}
[36.125199] (-) TimerEvent: {}
[36.225418] (-) TimerEvent: {}
[36.325689] (-) TimerEvent: {}
[36.425890] (-) TimerEvent: {}
[36.526086] (-) TimerEvent: {}
[36.626276] (-) TimerEvent: {}
[36.726470] (-) TimerEvent: {}
[36.826781] (-) TimerEvent: {}
[36.927105] (-) TimerEvent: {}
[37.027411] (-) TimerEvent: {}
[37.127690] (-) TimerEvent: {}
[37.227927] (-) TimerEvent: {}
[37.328189] (-) TimerEvent: {}
[37.428460] (-) TimerEvent: {}
[37.528698] (-) TimerEvent: {}
[37.628922] (-) TimerEvent: {}
[37.729127] (-) TimerEvent: {}
[37.829338] (-) TimerEvent: {}
[37.929648] (-) TimerEvent: {}
[38.030000] (-) TimerEvent: {}
[38.130284] (-) TimerEvent: {}
[38.230520] (-) TimerEvent: {}
[38.330745] (-) TimerEvent: {}
[38.430954] (-) TimerEvent: {}
[38.531157] (-) TimerEvent: {}
[38.631355] (-) TimerEvent: {}
[38.731579] (-) TimerEvent: {}
[38.831780] (-) TimerEvent: {}
[38.932047] (-) TimerEvent: {}
[39.032396] (-) TimerEvent: {}
[39.132688] (-) TimerEvent: {}
[39.232948] (-) TimerEvent: {}
[39.333166] (-) TimerEvent: {}
[39.433382] (-) TimerEvent: {}
[39.533583] (-) TimerEvent: {}
[39.633803] (-) TimerEvent: {}
[39.733998] (-) TimerEvent: {}
[39.834249] (-) TimerEvent: {}
[39.934519] (-) TimerEvent: {}
[40.034835] (-) TimerEvent: {}
[40.135098] (-) TimerEvent: {}
[40.235343] (-) TimerEvent: {}
[40.335594] (-) TimerEvent: {}
[40.435808] (-) TimerEvent: {}
[40.536047] (-) TimerEvent: {}
[40.636287] (-) TimerEvent: {}
[40.736482] (-) TimerEvent: {}
[40.836726] (-) TimerEvent: {}
[40.936992] (-) TimerEvent: {}
[41.037288] (-) TimerEvent: {}
[41.137548] (-) TimerEvent: {}
[41.237823] (-) TimerEvent: {}
[41.338068] (-) TimerEvent: {}
[41.438269] (-) TimerEvent: {}
[41.538465] (-) TimerEvent: {}
[41.638653] (-) TimerEvent: {}
[41.738836] (-) TimerEvent: {}
[41.839020] (-) TimerEvent: {}
[41.939257] (-) TimerEvent: {}
[42.039513] (-) TimerEvent: {}
[42.139806] (-) TimerEvent: {}
[42.240051] (-) TimerEvent: {}
[42.340246] (-) TimerEvent: {}
[42.440431] (-) TimerEvent: {}
[42.540639] (-) TimerEvent: {}
[42.640834] (-) TimerEvent: {}
[42.741030] (-) TimerEvent: {}
[42.841235] (-) TimerEvent: {}
[42.941428] (-) TimerEvent: {}
[43.041689] (-) TimerEvent: {}
[43.142029] (-) TimerEvent: {}
[43.242331] (-) TimerEvent: {}
[43.342570] (-) TimerEvent: {}
[43.442783] (-) TimerEvent: {}
[43.542989] (-) TimerEvent: {}
[43.643191] (-) TimerEvent: {}
[43.743390] (-) TimerEvent: {}
[43.843601] (-) TimerEvent: {}
[43.943811] (-) TimerEvent: {}
[44.044176] (-) TimerEvent: {}
[44.144552] (-) TimerEvent: {}
[44.244787] (-) TimerEvent: {}
[44.345021] (-) TimerEvent: {}
[44.445236] (-) TimerEvent: {}
[44.545437] (-) TimerEvent: {}
[44.645658] (-) TimerEvent: {}
[44.745842] (-) TimerEvent: {}
[44.846024] (-) TimerEvent: {}
[44.946203] (-) TimerEvent: {}
[45.046450] (-) TimerEvent: {}
[45.146798] (-) TimerEvent: {}
[45.247065] (-) TimerEvent: {}
[45.347309] (-) TimerEvent: {}
[45.447524] (-) TimerEvent: {}
[45.547731] (-) TimerEvent: {}
[45.647980] (-) TimerEvent: {}
[45.748230] (-) TimerEvent: {}
[45.848419] (-) TimerEvent: {}
[45.948611] (-) TimerEvent: {}
[46.048830] (-) TimerEvent: {}
[46.149119] (-) TimerEvent: {}
[46.249378] (-) TimerEvent: {}
[46.349613] (-) TimerEvent: {}
[46.449862] (-) TimerEvent: {}
[46.550070] (-) TimerEvent: {}
[46.650298] (-) TimerEvent: {}
[46.750500] (-) TimerEvent: {}
[46.850691] (-) TimerEvent: {}
[46.950880] (-) TimerEvent: {}
[47.051081] (-) TimerEvent: {}
[47.151347] (-) TimerEvent: {}
[47.251651] (-) TimerEvent: {}
[47.351883] (-) TimerEvent: {}
[47.452142] (-) TimerEvent: {}
[47.552367] (-) TimerEvent: {}
[47.652570] (-) TimerEvent: {}
[47.752775] (-) TimerEvent: {}
[47.852973] (-) TimerEvent: {}
[47.953173] (-) TimerEvent: {}
[48.053363] (-) TimerEvent: {}
[48.153624] (-) TimerEvent: {}
[48.253984] (-) TimerEvent: {}
[48.354300] (-) TimerEvent: {}
[48.454567] (-) TimerEvent: {}
[48.554775] (-) TimerEvent: {}
[48.655061] (-) TimerEvent: {}
[48.755253] (-) TimerEvent: {}
[48.855445] (-) TimerEvent: {}
[48.955663] (-) TimerEvent: {}
[49.055860] (-) TimerEvent: {}
[49.156187] (-) TimerEvent: {}
[49.256537] (-) TimerEvent: {}
[49.356806] (-) TimerEvent: {}
[49.457041] (-) TimerEvent: {}
[49.557260] (-) TimerEvent: {}
[49.657454] (-) TimerEvent: {}
[49.757664] (-) TimerEvent: {}
[49.857854] (-) TimerEvent: {}
[49.958077] (-) TimerEvent: {}
[50.058254] (-) TimerEvent: {}
[50.158485] (-) TimerEvent: {}
[50.258814] (-) TimerEvent: {}
[50.359060] (-) TimerEvent: {}
[50.459299] (-) TimerEvent: {}
[50.559522] (-) TimerEvent: {}
[50.659728] (-) TimerEvent: {}
[50.759988] (-) TimerEvent: {}
[50.860204] (-) TimerEvent: {}
[50.960399] (-) TimerEvent: {}
[51.060586] (-) TimerEvent: {}
[51.160832] (-) TimerEvent: {}
[51.261114] (-) TimerEvent: {}
[51.361375] (-) TimerEvent: {}
[51.461603] (-) TimerEvent: {}
[51.561841] (-) TimerEvent: {}
[51.662039] (-) TimerEvent: {}
[51.762233] (-) TimerEvent: {}
[51.862426] (-) TimerEvent: {}
[51.962625] (-) TimerEvent: {}
[52.062845] (-) TimerEvent: {}
[52.163029] (-) TimerEvent: {}
[52.263297] (-) TimerEvent: {}
[52.363613] (-) TimerEvent: {}
[52.463878] (-) TimerEvent: {}
[52.564154] (-) TimerEvent: {}
[52.664382] (-) TimerEvent: {}
[52.764640] (-) TimerEvent: {}
[52.864901] (-) TimerEvent: {}
[52.965097] (-) TimerEvent: {}
[53.065279] (-) TimerEvent: {}
[53.165460] (-) TimerEvent: {}
[53.265723] (-) TimerEvent: {}
[53.366057] (-) TimerEvent: {}
[53.466329] (-) TimerEvent: {}
[53.566546] (-) TimerEvent: {}
[53.666800] (-) TimerEvent: {}
[53.766996] (-) TimerEvent: {}
[53.867188] (-) TimerEvent: {}
[53.967380] (-) TimerEvent: {}
[54.067568] (-) TimerEvent: {}
[54.167759] (-) TimerEvent: {}
[54.268061] (-) TimerEvent: {}
[54.368385] (-) TimerEvent: {}
[54.468635] (-) TimerEvent: {}
[54.568919] (-) TimerEvent: {}
[54.669132] (-) TimerEvent: {}
[54.769344] (-) TimerEvent: {}
[54.869543] (-) TimerEvent: {}
[54.969734] (-) TimerEvent: {}
[55.069925] (-) TimerEvent: {}
[55.170109] (-) TimerEvent: {}
[55.270383] (-) TimerEvent: {}
[55.370654] (-) TimerEvent: {}
[55.470915] (-) TimerEvent: {}
[55.571138] (-) TimerEvent: {}
[55.671366] (-) TimerEvent: {}
[55.771594] (-) TimerEvent: {}
[55.871837] (-) TimerEvent: {}
[55.972073] (-) TimerEvent: {}
[56.072294] (-) TimerEvent: {}
[56.172486] (-) TimerEvent: {}
[56.272800] (-) TimerEvent: {}
[56.373057] (-) TimerEvent: {}
[56.473300] (-) TimerEvent: {}
[56.573525] (-) TimerEvent: {}
[56.673731] (-) TimerEvent: {}
[56.773949] (-) TimerEvent: {}
[56.874141] (-) TimerEvent: {}
[56.974332] (-) TimerEvent: {}
[57.074543] (-) TimerEvent: {}
[57.174746] (-) TimerEvent: {}
[57.274965] (-) TimerEvent: {}
[57.375268] (-) TimerEvent: {}
[57.475546] (-) TimerEvent: {}
[57.575786] (-) TimerEvent: {}
[57.676059] (-) TimerEvent: {}
[57.776349] (-) TimerEvent: {}
[57.876562] (-) TimerEvent: {}
[57.976781] (-) TimerEvent: {}
[58.076982] (-) TimerEvent: {}
[58.177170] (-) TimerEvent: {}
[58.277349] (-) TimerEvent: {}
[58.377589] (-) TimerEvent: {}
[58.477865] (-) TimerEvent: {}
[58.578168] (-) TimerEvent: {}
[58.678393] (-) TimerEvent: {}
[58.778603] (-) TimerEvent: {}
[58.878867] (-) TimerEvent: {}
[58.979070] (-) TimerEvent: {}
[59.079259] (-) TimerEvent: {}
[59.179448] (-) TimerEvent: {}
[59.279652] (-) TimerEvent: {}
[59.379950] (-) TimerEvent: {}
[59.480212] (-) TimerEvent: {}
[59.580477] (-) TimerEvent: {}
[59.680742] (-) TimerEvent: {}
[59.780950] (-) TimerEvent: {}
[59.881156] (-) TimerEvent: {}
[59.981348] (-) TimerEvent: {}
[60.081543] (-) TimerEvent: {}
[60.181751] (-) TimerEvent: {}
[60.281929] (-) TimerEvent: {}
[60.382188] (-) TimerEvent: {}
[60.482507] (-) TimerEvent: {}
[60.582742] (-) TimerEvent: {}
[60.682963] (-) TimerEvent: {}
[60.783167] (-) TimerEvent: {}
[60.883361] (-) TimerEvent: {}
[60.983550] (-) TimerEvent: {}
[61.083731] (-) TimerEvent: {}
[61.183920] (-) TimerEvent: {}
[61.284117] (-) TimerEvent: {}
[61.384333] (-) TimerEvent: {}
[61.484627] (-) TimerEvent: {}
[61.584992] (-) TimerEvent: {}
[61.685226] (-) TimerEvent: {}
[61.785444] (-) TimerEvent: {}
[61.885657] (-) TimerEvent: {}
[61.985862] (-) TimerEvent: {}
[62.086078] (-) TimerEvent: {}
[62.186272] (-) TimerEvent: {}
[62.286461] (-) TimerEvent: {}
[62.386634] (-) TimerEvent: {}
[62.486913] (-) TimerEvent: {}
[62.587226] (-) TimerEvent: {}
[62.687460] (-) TimerEvent: {}
[62.787680] (-) TimerEvent: {}
[62.887916] (-) TimerEvent: {}
[62.988143] (-) TimerEvent: {}
[63.088331] (-) TimerEvent: {}
[63.188520] (-) TimerEvent: {}
[63.288754] (-) TimerEvent: {}
[63.388965] (-) TimerEvent: {}
[63.489205] (-) TimerEvent: {}
[63.589474] (-) TimerEvent: {}
[63.689705] (-) TimerEvent: {}
[63.789926] (-) TimerEvent: {}
[63.890160] (-) TimerEvent: {}
[63.990358] (-) TimerEvent: {}
[64.090550] (-) TimerEvent: {}
[64.190726] (-) TimerEvent: {}
[64.290936] (-) TimerEvent: {}
[64.391125] (-) TimerEvent: {}
[64.491375] (-) TimerEvent: {}
[64.591653] (-) TimerEvent: {}
[64.691925] (-) TimerEvent: {}
[64.792181] (-) TimerEvent: {}
[64.892394] (-) TimerEvent: {}
[64.992613] (-) TimerEvent: {}
[65.092795] (-) TimerEvent: {}
[65.193007] (-) TimerEvent: {}
[65.293227] (-) TimerEvent: {}
[65.393421] (-) TimerEvent: {}
[65.493653] (-) TimerEvent: {}
[65.593912] (-) TimerEvent: {}
[65.694184] (-) TimerEvent: {}
[65.794470] (-) TimerEvent: {}
[65.894690] (-) TimerEvent: {}
[65.994922] (-) TimerEvent: {}
[66.095122] (-) TimerEvent: {}
[66.195314] (-) TimerEvent: {}
[66.295508] (-) TimerEvent: {}
[66.395700] (-) TimerEvent: {}
[66.495891] (-) TimerEvent: {}
[66.596183] (-) TimerEvent: {}
[66.696473] (-) TimerEvent: {}
[66.796733] (-) TimerEvent: {}
[66.896953] (-) TimerEvent: {}
[66.997165] (-) TimerEvent: {}
[67.097377] (-) TimerEvent: {}
[67.197580] (-) TimerEvent: {}
[67.297783] (-) TimerEvent: {}
[67.398041] (-) TimerEvent: {}
[67.498239] (-) TimerEvent: {}
[67.598523] (-) TimerEvent: {}
[67.698812] (-) TimerEvent: {}
[67.799054] (-) TimerEvent: {}
[67.899271] (-) TimerEvent: {}
[67.999479] (-) TimerEvent: {}
[68.099675] (-) TimerEvent: {}
[68.199868] (-) TimerEvent: {}
[68.300090] (-) TimerEvent: {}
[68.400301] (-) TimerEvent: {}
[68.500483] (-) TimerEvent: {}
[68.600759] (-) TimerEvent: {}
[68.701074] (-) TimerEvent: {}
[68.801316] (-) TimerEvent: {}
[68.901544] (-) TimerEvent: {}
[69.001751] (-) TimerEvent: {}
[69.101974] (-) TimerEvent: {}
[69.202194] (-) TimerEvent: {}
[69.302380] (-) TimerEvent: {}
[69.402560] (-) TimerEvent: {}
[69.502790] (-) TimerEvent: {}
[69.603042] (-) TimerEvent: {}
[69.703313] (-) TimerEvent: {}
[69.803550] (-) TimerEvent: {}
[69.903775] (-) TimerEvent: {}
[70.004016] (-) TimerEvent: {}
[70.104255] (-) TimerEvent: {}
[70.204453] (-) TimerEvent: {}
[70.304644] (-) TimerEvent: {}
[70.404855] (-) TimerEvent: {}
[70.505030] (-) TimerEvent: {}
[70.605314] (-) TimerEvent: {}
[70.705579] (-) TimerEvent: {}
[70.805873] (-) TimerEvent: {}
[70.906181] (-) TimerEvent: {}
[71.006715] (-) TimerEvent: {}
[71.107046] (-) TimerEvent: {}
[71.207369] (-) TimerEvent: {}
[71.307690] (-) TimerEvent: {}
[71.408231] (-) TimerEvent: {}
[71.508788] (-) TimerEvent: {}
[71.609108] (-) TimerEvent: {}
[71.709444] (-) TimerEvent: {}
[71.809757] (-) TimerEvent: {}
[71.910256] (-) TimerEvent: {}
[72.010584] (-) TimerEvent: {}
[72.110915] (-) TimerEvent: {}
[72.211243] (-) TimerEvent: {}
[72.311575] (-) TimerEvent: {}
[72.412120] (-) TimerEvent: {}
[72.512655] (-) TimerEvent: {}
[72.612993] (-) TimerEvent: {}
[72.713358] (-) TimerEvent: {}
[72.813778] (-) TimerEvent: {}
[72.914382] (-) TimerEvent: {}
[73.014972] (-) TimerEvent: {}
[73.115337] (-) TimerEvent: {}
[73.215691] (-) TimerEvent: {}
[73.316051] (-) TimerEvent: {}
[73.416618] (-) TimerEvent: {}
[73.517190] (-) TimerEvent: {}
[73.617522] (-) TimerEvent: {}
[73.717883] (-) TimerEvent: {}
[73.818282] (-) TimerEvent: {}
[73.918864] (-) TimerEvent: {}
[74.019221] (-) TimerEvent: {}
[74.119569] (-) TimerEvent: {}
[74.219905] (-) TimerEvent: {}
[74.320462] (-) TimerEvent: {}
[74.421015] (-) TimerEvent: {}
[74.521349] (-) TimerEvent: {}
[74.621686] (-) TimerEvent: {}
[74.722051] (-) TimerEvent: {}
[74.822668] (-) TimerEvent: {}
[74.922988] (-) TimerEvent: {}
[75.023287] (-) TimerEvent: {}
[75.123637] (-) TimerEvent: {}
[75.224003] (-) TimerEvent: {}
[75.324567] (-) TimerEvent: {}
[75.425149] (-) TimerEvent: {}
[75.525481] (-) TimerEvent: {}
[75.625806] (-) TimerEvent: {}
[75.726145] (-) TimerEvent: {}
[75.826719] (-) TimerEvent: {}
[75.927095] (-) TimerEvent: {}
[76.027455] (-) TimerEvent: {}
[76.127794] (-) TimerEvent: {}
[76.228134] (-) TimerEvent: {}
[76.328689] (-) TimerEvent: {}
[76.429248] (-) TimerEvent: {}
[76.529568] (-) TimerEvent: {}
[76.629879] (-) TimerEvent: {}
[76.730204] (-) TimerEvent: {}
[76.830785] (-) TimerEvent: {}
[76.931183] (-) TimerEvent: {}
[77.031491] (-) TimerEvent: {}
[77.131722] (-) TimerEvent: {}
[77.232227] (-) TimerEvent: {}
[77.332813] (-) TimerEvent: {}
[77.433154] (-) TimerEvent: {}
[77.533496] (-) TimerEvent: {}
[77.633836] (-) TimerEvent: {}
[77.734390] (-) TimerEvent: {}
[77.834774] (-) TimerEvent: {}
[77.935175] (-) TimerEvent: {}
[78.035556] (-) TimerEvent: {}
[78.135930] (-) TimerEvent: {}
[78.236308] (-) TimerEvent: {}
[78.336878] (-) TimerEvent: {}
[78.437225] (-) TimerEvent: {}
[78.537558] (-) TimerEvent: {}
[78.637898] (-) TimerEvent: {}
[78.738453] (-) TimerEvent: {}
[78.839057] (-) TimerEvent: {}
[78.939467] (-) TimerEvent: {}
[79.039795] (-) TimerEvent: {}
[79.140326] (-) TimerEvent: {}
[79.240902] (-) TimerEvent: {}
[79.341259] (-) TimerEvent: {}
[79.441602] (-) TimerEvent: {}
[79.541947] (-) TimerEvent: {}
[79.642502] (-) TimerEvent: {}
[79.743063] (-) TimerEvent: {}
[79.843439] (-) TimerEvent: {}
[79.943818] (-) TimerEvent: {}
[80.044182] (-) TimerEvent: {}
[80.144608] (-) TimerEvent: {}
[80.245088] (-) TimerEvent: {}
[80.345473] (-) TimerEvent: {}
[80.445758] (-) TimerEvent: {}
[80.546054] (-) TimerEvent: {}
[80.646289] (-) TimerEvent: {}
[80.746535] (-) TimerEvent: {}
[80.846775] (-) TimerEvent: {}
[80.947074] (-) TimerEvent: {}
[81.047325] (-) TimerEvent: {}
[81.147555] (-) TimerEvent: {}
[81.247772] (-) TimerEvent: {}
[81.348004] (-) TimerEvent: {}
[81.448233] (-) TimerEvent: {}
[81.548437] (-) TimerEvent: {}
[81.648661] (-) TimerEvent: {}
[81.748873] (-) TimerEvent: {}
[81.849101] (-) TimerEvent: {}
[81.949380] (-) TimerEvent: {}
[82.049701] (-) TimerEvent: {}
[82.149983] (-) TimerEvent: {}
[82.250227] (-) TimerEvent: {}
[82.350447] (-) TimerEvent: {}
[82.450691] (-) TimerEvent: {}
[82.550894] (-) TimerEvent: {}
[82.651117] (-) TimerEvent: {}
[82.751327] (-) TimerEvent: {}
[82.851541] (-) TimerEvent: {}
[82.951811] (-) TimerEvent: {}
[83.052180] (-) TimerEvent: {}
[83.152429] (-) TimerEvent: {}
[83.252656] (-) TimerEvent: {}
[83.352897] (-) TimerEvent: {}
[83.453107] (-) TimerEvent: {}
[83.553315] (-) TimerEvent: {}
[83.653517] (-) TimerEvent: {}
[83.753715] (-) TimerEvent: {}
[83.854000] (-) TimerEvent: {}
[83.954289] (-) TimerEvent: {}
[84.054568] (-) TimerEvent: {}
[84.154903] (-) TimerEvent: {}
[84.255122] (-) TimerEvent: {}
[84.355329] (-) TimerEvent: {}
[84.455524] (-) TimerEvent: {}
[84.555709] (-) TimerEvent: {}
[84.655887] (-) TimerEvent: {}
[84.756098] (-) TimerEvent: {}
[84.856317] (-) TimerEvent: {}
[84.956575] (-) TimerEvent: {}
[85.056904] (-) TimerEvent: {}
[85.157160] (-) TimerEvent: {}
[85.257414] (-) TimerEvent: {}
[85.357639] (-) TimerEvent: {}
[85.457887] (-) TimerEvent: {}
[85.558116] (-) TimerEvent: {}
[85.658328] (-) TimerEvent: {}
[85.758585] (-) TimerEvent: {}
[85.858778] (-) TimerEvent: {}
[85.958956] (-) TimerEvent: {}
[86.059210] (-) TimerEvent: {}
[86.159508] (-) TimerEvent: {}
[86.259763] (-) TimerEvent: {}
[86.360020] (-) TimerEvent: {}
[86.460236] (-) TimerEvent: {}
[86.560467] (-) TimerEvent: {}
[86.660666] (-) TimerEvent: {}
[86.760899] (-) TimerEvent: {}
[86.861087] (-) TimerEvent: {}
[86.961271] (-) TimerEvent: {}
[87.061529] (-) TimerEvent: {}
[87.161832] (-) TimerEvent: {}
[87.262232] (-) TimerEvent: {}
[87.362488] (-) TimerEvent: {}
[87.462836] (-) TimerEvent: {}
[87.563060] (-) TimerEvent: {}
[87.663295] (-) TimerEvent: {}
[87.763533] (-) TimerEvent: {}
[87.863732] (-) TimerEvent: {}
[87.963925] (-) TimerEvent: {}
[88.064305] (-) TimerEvent: {}
[88.164776] (-) TimerEvent: {}
[88.265105] (-) TimerEvent: {}
[88.365373] (-) TimerEvent: {}
[88.465609] (-) TimerEvent: {}
[88.565831] (-) TimerEvent: {}
[88.666077] (-) TimerEvent: {}
[88.766324] (-) TimerEvent: {}
[88.866564] (-) TimerEvent: {}
[88.966757] (-) TimerEvent: {}
[89.066993] (-) TimerEvent: {}
[89.167258] (-) TimerEvent: {}
[89.267472] (-) TimerEvent: {}
[89.367676] (-) TimerEvent: {}
[89.467897] (-) TimerEvent: {}
[89.568085] (-) TimerEvent: {}
[89.668314] (-) TimerEvent: {}
[89.768527] (-) TimerEvent: {}
[89.868730] (-) TimerEvent: {}
[89.968922] (-) TimerEvent: {}
[90.069132] (-) TimerEvent: {}
[90.169343] (-) TimerEvent: {}
[90.269551] (-) TimerEvent: {}
[90.369732] (-) TimerEvent: {}
[90.469912] (-) TimerEvent: {}
[90.570134] (-) TimerEvent: {}
[90.670341] (-) TimerEvent: {}
[90.770515] (-) TimerEvent: {}
[90.870685] (-) TimerEvent: {}
[90.970885] (-) TimerEvent: {}
[91.071069] (-) TimerEvent: {}
[91.171273] (-) TimerEvent: {}
[91.271498] (-) TimerEvent: {}
[91.371696] (-) TimerEvent: {}
[91.471879] (-) TimerEvent: {}
[91.572091] (-) TimerEvent: {}
[91.672305] (-) TimerEvent: {}
[91.772486] (-) TimerEvent: {}
[91.872675] (-) TimerEvent: {}
[91.972880] (-) TimerEvent: {}
[92.073053] (-) TimerEvent: {}
[92.173244] (-) TimerEvent: {}
[92.273447] (-) TimerEvent: {}
[92.373631] (-) TimerEvent: {}
[92.473801] (-) TimerEvent: {}
[92.573978] (-) TimerEvent: {}
[92.674207] (-) TimerEvent: {}
[92.774404] (-) TimerEvent: {}
[92.874649] (-) TimerEvent: {}
[92.974853] (-) TimerEvent: {}
[93.075025] (-) TimerEvent: {}
[93.175248] (-) TimerEvent: {}
[93.275472] (-) TimerEvent: {}
[93.375678] (-) TimerEvent: {}
[93.475864] (-) TimerEvent: {}
[93.576079] (-) TimerEvent: {}
[93.676270] (-) TimerEvent: {}
[93.776459] (-) TimerEvent: {}
[93.876676] (-) TimerEvent: {}
[93.976877] (-) TimerEvent: {}
[94.077058] (-) TimerEvent: {}
[94.177245] (-) TimerEvent: {}
[94.277445] (-) TimerEvent: {}
[94.377631] (-) TimerEvent: {}
[94.477818] (-) TimerEvent: {}
[94.578027] (-) TimerEvent: {}
[94.678212] (-) TimerEvent: {}
[94.778428] (-) TimerEvent: {}
[94.878616] (-) TimerEvent: {}
[94.978800] (-) TimerEvent: {}
[95.079012] (-) TimerEvent: {}
[95.179228] (-) TimerEvent: {}
[95.279477] (-) TimerEvent: {}
[95.379732] (-) TimerEvent: {}
[95.479987] (-) TimerEvent: {}
[95.580311] (-) TimerEvent: {}
[95.680855] (-) TimerEvent: {}
[95.781378] (-) TimerEvent: {}
[95.881653] (-) TimerEvent: {}
[95.981928] (-) TimerEvent: {}
[96.082243] (-) TimerEvent: {}
[96.182777] (-) TimerEvent: {}
[96.283086] (-) TimerEvent: {}
[96.383393] (-) TimerEvent: {}
[96.483700] (-) TimerEvent: {}
[96.584019] (-) TimerEvent: {}
[96.684555] (-) TimerEvent: {}
[96.784901] (-) TimerEvent: {}
[96.885202] (-) TimerEvent: {}
[96.985498] (-) TimerEvent: {}
[97.085866] (-) TimerEvent: {}
[97.186401] (-) TimerEvent: {}
[97.286718] (-) TimerEvent: {}
[97.387027] (-) TimerEvent: {}
[97.487329] (-) TimerEvent: {}
[97.587851] (-) TimerEvent: {}
[97.688365] (-) TimerEvent: {}
[97.788671] (-) TimerEvent: {}
[97.888993] (-) TimerEvent: {}
[97.989294] (-) TimerEvent: {}
[98.089808] (-) TimerEvent: {}
[98.190324] (-) TimerEvent: {}
[98.290620] (-) TimerEvent: {}
[98.390925] (-) TimerEvent: {}
[98.491217] (-) TimerEvent: {}
[98.591733] (-) TimerEvent: {}
[98.692247] (-) TimerEvent: {}
[98.792549] (-) TimerEvent: {}
[98.892847] (-) TimerEvent: {}
[98.993159] (-) TimerEvent: {}
[99.093683] (-) TimerEvent: {}
[99.194195] (-) TimerEvent: {}
[99.294496] (-) TimerEvent: {}
[99.394794] (-) TimerEvent: {}
[99.495288] (-) TimerEvent: {}
[99.595790] (-) TimerEvent: {}
[99.696090] (-) TimerEvent: {}
[99.796390] (-) TimerEvent: {}
[99.896690] (-) TimerEvent: {}
[99.997225] (-) TimerEvent: {}
[100.097742] (-) TimerEvent: {}
[100.198055] (-) TimerEvent: {}
[100.298369] (-) TimerEvent: {}
[100.398661] (-) TimerEvent: {}
[100.498956] (-) TimerEvent: {}
[100.599200] (-) TimerEvent: {}
[100.699396] (-) TimerEvent: {}
[100.799585] (-) TimerEvent: {}
[100.899777] (-) TimerEvent: {}
[100.972356] (fast_lio) StderrLine: {'line': b'gmake[2]: *** [CMakeFiles/fastlio_mapping.dir/build.make:76\xef\xbc\x9aCMakeFiles/fastlio_mapping.dir/src/laserMapping.cpp.o] \xe9\x94\x99\xe8\xaf\xaf 1\n'}
[100.973355] (fast_lio) StderrLine: {'line': b'gmake[1]: *** [CMakeFiles/Makefile2:612\xef\xbc\x9aCMakeFiles/fastlio_mapping.dir/all] \xe9\x94\x99\xe8\xaf\xaf 2\n'}
[100.974271] (fast_lio) StderrLine: {'line': b'gmake: *** [Makefile:146\xef\xbc\x9aall] \xe9\x94\x99\xe8\xaf\xaf 2\n'}
[100.979002] (fast_lio) CommandEnded: {'returncode': 2}
[100.999889] (-) TimerEvent: {}
[101.031042] (fast_lio) JobEnded: {'identifier': 'fast_lio', 'rc': 2}
[101.033622] (-) EventReactorShutdown: {}
