[0.000000] (-) TimerEvent: {}
[0.001203] (-) JobUnselected: {'identifier': 'fast_lio'}
[0.001834] (-) JobUnselected: {'identifier': 'livox_ros_driver2'}
[0.002052] (-) JobUnselected: {'identifier': 'ranger_base'}
[0.002617] (-) JobUnselected: {'identifier': 'ranger_bringup'}
[0.003113] (-) JobUnselected: {'identifier': 'ranger_msgs'}
[0.003241] (-) JobUnselected: {'identifier': 'ugv_sdk'}
[0.003361] (-) JobUnselected: {'identifier': 'vikit_common'}
[0.003408] (-) JobUnselected: {'identifier': 'vikit_ros'}
[0.003472] (pcd_ndt_localization) JobQueued: {'identifier': 'pcd_ndt_localization', 'dependencies': OrderedDict()}
[0.003526] (pcd_ndt_localization) JobStarted: {'identifier': 'pcd_ndt_localization'}
[0.045610] (pcd_ndt_localization) JobProgress: {'identifier': 'pcd_ndt_localization', 'progress': 'cmake'}
[0.048826] (pcd_ndt_localization) JobProgress: {'identifier': 'pcd_ndt_localization', 'progress': 'build'}
[0.051329] (pcd_ndt_localization) Command: {'cmd': ['/usr/local/bin/cmake', '--build', '/home/seeed/ros2/ws/build/pcd_ndt_localization', '--', '-j6', '-l6'], 'cwd': '/home/seeed/ros2/ws/build/pcd_ndt_localization', 'env': OrderedDict([('LANGUAGE', 'zh_CN:en'), ('USER', 'seeed'), ('SSH_CLIENT', '10.200.24.83 35643 22'), ('LC_TIME', 'zh_CN.UTF-8'), ('ROS_PACKAGE_PATH', '/home/seeed/ros2/ws/install/vikit_common/share:/home/seeed/ros2/ws/install/ugv_sdk/share'), ('XDG_SESSION_TYPE', 'tty'), ('SHLVL', '1'), ('LD_LIBRARY_PATH', '/home/seeed/ros2/ws/install/vikit_ros/lib:/home/seeed/ros2/ws/install/vikit_common/lib:/home/seeed/ros2/ws/install/ranger_msgs/lib:/home/seeed/ros2/ws/install/fast_lio/lib:/home/seeed/ros2/ws/install/livox_ros_driver2/lib:/opt/ros/humble/opt/rviz_ogre_vendor/lib:/opt/ros/humble/lib/aarch64-linux-gnu:/opt/ros/humble/lib'), ('MOTD_SHOWN', 'pam'), ('HOME', '/home/seeed'), ('OLDPWD', '/home/seeed'), ('ROS_PYTHON_VERSION', '3'), ('LC_MONETARY', 'zh_CN.UTF-8'), ('ROS_IP', '10.200.54.207'), ('LC_CTYPE', 'C.UTF-8'), ('DBUS_SESSION_BUS_ADDRESS', 'unix:path=/run/user/1000/bus'), ('COLCON_PREFIX_PATH', '/home/seeed/ros2/ws/install'), ('ROS_DISTRO', 'humble'), ('LOGNAME', 'seeed'), ('ROS_VERSION', '2'), ('PKG_CONFIG_PATH', '/home/seeed/ros2/ws/install/vikit_common/lib/aarch64-linux-gnu/pkgconfig:/home/seeed/ros2/ws/install/vikit_common/lib/pkgconfig:/home/seeed/ros2/ws/install/ugv_sdk/lib/aarch64-linux-gnu/pkgconfig:/home/seeed/ros2/ws/install/ugv_sdk/lib/pkgconfig'), ('XDG_SESSION_CLASS', 'user'), ('XDG_SESSION_ID', '135'), ('ROS_LOCALHOST_ONLY', '0'), ('PATH', '/opt/ros/humble/bin:/usr/local/sbin:/usr/local/bin:/usr/sbin:/usr/bin:/sbin:/bin:/usr/games:/usr/local/games:/snap/bin'), ('FASTRTPS_DEFAULT_PROFILES_FILE', '/home/seeed/ros2/fastrtps_profile.xml'), ('PAPERSIZE', 'a4'), ('LC_ADDRESS', 'zh_CN.UTF-8'), ('XDG_RUNTIME_DIR', '/run/user/1000'), ('DISPLAY', 'localhost:13.0'), ('LANG', 'zh_CN.UTF-8'), ('LC_TELEPHONE', 'zh_CN.UTF-8'), ('RMW_IMPLEMENTATION', 'rmw_fastrtps_cpp'), ('ROS_DOMAIN_ID', '0'), ('AMENT_PREFIX_PATH', '/home/seeed/ros2/ws/install/vikit_ros:/home/seeed/ros2/ws/install/ranger_base:/home/seeed/ros2/ws/install/ranger_msgs:/home/seeed/ros2/ws/install/ranger_bringup:/home/seeed/ros2/ws/install/pcd_ndt_localization:/home/seeed/ros2/ws/install/fast_lio:/home/seeed/ros2/ws/install/livox_ros_driver2:/opt/ros/humble'), ('SHELL', '/bin/bash'), ('LC_NAME', 'zh_CN.UTF-8'), ('LC_MEASUREMENT', 'zh_CN.UTF-8'), ('LC_IDENTIFICATION', 'zh_CN.UTF-8'), ('PWD', '/home/seeed/ros2/ws/build/pcd_ndt_localization'), ('LC_ALL', 'en_US.UTF-8'), ('SSH_CONNECTION', '10.200.24.83 35643 10.200.54.207 22'), ('PYTHONPATH', '/home/seeed/ros2/ws/install/ranger_msgs/local/lib/python3.10/dist-packages:/home/seeed/ros2/ws/install/fast_lio/local/lib/python3.10/dist-packages:/home/seeed/ros2/ws/install/livox_ros_driver2/local/lib/python3.10/dist-packages:/opt/ros/humble/lib/python3.10/site-packages:/opt/ros/humble/local/lib/python3.10/dist-packages'), ('LC_NUMERIC', 'zh_CN.UTF-8'), ('LC_PAPER', 'zh_CN.UTF-8'), ('COLCON', '1'), ('CMAKE_PREFIX_PATH', '/home/seeed/ros2/ws/install/vikit_ros:/opt/ros/humble:/home/seeed/ros2/ws/install/vikit_common:/home/seeed/ros2/ws/install/ranger_base:/home/seeed/ros2/ws/install/ugv_sdk:/home/seeed/ros2/ws/install/ranger_msgs:/home/seeed/ros2/ws/install/ranger_bringup:/home/seeed/ros2/ws/install/pcd_ndt_localization:/home/seeed/ros2/ws/install/fast_lio:/home/seeed/ros2/ws/install/livox_ros_driver2')]), 'shell': False}
[0.098851] (-) TimerEvent: {}
[0.199278] (-) TimerEvent: {}
[0.299663] (-) TimerEvent: {}
[0.363267] (pcd_ndt_localization) StdoutLine: {'line': b'[ 50%] Built target pcd_occupancy_grid_publisher\n'}
[0.385219] (pcd_ndt_localization) StdoutLine: {'line': b'[ 75%] Building CXX object CMakeFiles/pcd_ndt_localizer.dir/src/pcd_ndt_localizer.cpp.o\n'}
[0.399843] (-) TimerEvent: {}
[0.500145] (-) TimerEvent: {}
[0.600491] (-) TimerEvent: {}
[0.701022] (-) TimerEvent: {}
[0.801402] (-) TimerEvent: {}
[0.901763] (-) TimerEvent: {}
[1.002175] (-) TimerEvent: {}
[1.102550] (-) TimerEvent: {}
[1.202915] (-) TimerEvent: {}
[1.303291] (-) TimerEvent: {}
[1.403680] (-) TimerEvent: {}
[1.504092] (-) TimerEvent: {}
[1.604466] (-) TimerEvent: {}
[1.704848] (-) TimerEvent: {}
[1.805243] (-) TimerEvent: {}
[1.905634] (-) TimerEvent: {}
[2.006034] (-) TimerEvent: {}
[2.106421] (-) TimerEvent: {}
[2.206811] (-) TimerEvent: {}
[2.307213] (-) TimerEvent: {}
[2.407599] (-) TimerEvent: {}
[2.507957] (-) TimerEvent: {}
[2.608330] (-) TimerEvent: {}
[2.708698] (-) TimerEvent: {}
[2.809077] (-) TimerEvent: {}
[2.909484] (-) TimerEvent: {}
[3.009884] (-) TimerEvent: {}
[3.110298] (-) TimerEvent: {}
[3.210699] (-) TimerEvent: {}
[3.311098] (-) TimerEvent: {}
[3.411498] (-) TimerEvent: {}
[3.511907] (-) TimerEvent: {}
[3.612314] (-) TimerEvent: {}
[3.712730] (-) TimerEvent: {}
[3.813157] (-) TimerEvent: {}
[3.913586] (-) TimerEvent: {}
[4.013983] (-) TimerEvent: {}
[4.114416] (-) TimerEvent: {}
[4.214796] (-) TimerEvent: {}
[4.315193] (-) TimerEvent: {}
[4.415598] (-) TimerEvent: {}
[4.515994] (-) TimerEvent: {}
[4.616396] (-) TimerEvent: {}
[4.716773] (-) TimerEvent: {}
[4.817266] (-) TimerEvent: {}
[4.917648] (-) TimerEvent: {}
[5.018032] (-) TimerEvent: {}
[5.118393] (-) TimerEvent: {}
[5.218765] (-) TimerEvent: {}
[5.319131] (-) TimerEvent: {}
[5.419475] (-) TimerEvent: {}
[5.519826] (-) TimerEvent: {}
[5.620228] (-) TimerEvent: {}
[5.720603] (-) TimerEvent: {}
[5.821264] (-) TimerEvent: {}
[5.922309] (-) TimerEvent: {}
[6.022661] (-) TimerEvent: {}
[6.123002] (-) TimerEvent: {}
[6.223362] (-) TimerEvent: {}
[6.323726] (-) TimerEvent: {}
[6.424033] (-) TimerEvent: {}
[6.524422] (-) TimerEvent: {}
[6.624817] (-) TimerEvent: {}
[6.725223] (-) TimerEvent: {}
[6.825589] (-) TimerEvent: {}
[6.925977] (-) TimerEvent: {}
[7.026375] (-) TimerEvent: {}
[7.126778] (-) TimerEvent: {}
[7.227128] (-) TimerEvent: {}
[7.330641] (-) TimerEvent: {}
[7.431026] (-) TimerEvent: {}
[7.531394] (-) TimerEvent: {}
[7.631783] (-) TimerEvent: {}
[7.732151] (-) TimerEvent: {}
[7.832520] (-) TimerEvent: {}
[7.932880] (-) TimerEvent: {}
[8.033250] (-) TimerEvent: {}
[8.133599] (-) TimerEvent: {}
[8.233954] (-) TimerEvent: {}
[8.334305] (-) TimerEvent: {}
[8.434657] (-) TimerEvent: {}
[8.535018] (-) TimerEvent: {}
[8.635373] (-) TimerEvent: {}
[8.735726] (-) TimerEvent: {}
[8.836081] (-) TimerEvent: {}
[8.936426] (-) TimerEvent: {}
[9.036773] (-) TimerEvent: {}
[9.137124] (-) TimerEvent: {}
[9.237498] (-) TimerEvent: {}
[9.337843] (-) TimerEvent: {}
[9.438193] (-) TimerEvent: {}
[9.538574] (-) TimerEvent: {}
[9.638951] (-) TimerEvent: {}
[9.739334] (-) TimerEvent: {}
[9.839692] (-) TimerEvent: {}
[9.940053] (-) TimerEvent: {}
[10.040418] (-) TimerEvent: {}
[10.140740] (-) TimerEvent: {}
[10.241109] (-) TimerEvent: {}
[10.341442] (-) TimerEvent: {}
[10.441818] (-) TimerEvent: {}
[10.542136] (-) TimerEvent: {}
[10.642494] (-) TimerEvent: {}
[10.742873] (-) TimerEvent: {}
[10.843233] (-) TimerEvent: {}
[10.943867] (-) TimerEvent: {}
[11.044266] (-) TimerEvent: {}
[11.144653] (-) TimerEvent: {}
[11.244962] (-) TimerEvent: {}
[11.345352] (-) TimerEvent: {}
[11.445673] (-) TimerEvent: {}
[11.546056] (-) TimerEvent: {}
[11.646439] (-) TimerEvent: {}
[11.746813] (-) TimerEvent: {}
[11.847248] (-) TimerEvent: {}
[11.947628] (-) TimerEvent: {}
[12.047997] (-) TimerEvent: {}
[12.148397] (-) TimerEvent: {}
[12.248804] (-) TimerEvent: {}
[12.349217] (-) TimerEvent: {}
[12.449580] (-) TimerEvent: {}
[12.549949] (-) TimerEvent: {}
[12.650312] (-) TimerEvent: {}
[12.750680] (-) TimerEvent: {}
[12.851005] (-) TimerEvent: {}
[12.951372] (-) TimerEvent: {}
[13.051724] (-) TimerEvent: {}
[13.152069] (-) TimerEvent: {}
[13.252397] (-) TimerEvent: {}
[13.352758] (-) TimerEvent: {}
[13.453122] (-) TimerEvent: {}
[13.554154] (-) TimerEvent: {}
[13.654508] (-) TimerEvent: {}
[13.754881] (-) TimerEvent: {}
[13.855220] (-) TimerEvent: {}
[13.955582] (-) TimerEvent: {}
[14.055964] (-) TimerEvent: {}
[14.156369] (-) TimerEvent: {}
[14.256804] (-) TimerEvent: {}
[14.357204] (-) TimerEvent: {}
[14.457556] (-) TimerEvent: {}
[14.557964] (-) TimerEvent: {}
[14.658345] (-) TimerEvent: {}
[14.758722] (-) TimerEvent: {}
[14.859099] (-) TimerEvent: {}
[14.959550] (-) TimerEvent: {}
[15.059920] (-) TimerEvent: {}
[15.161689] (-) TimerEvent: {}
[15.262080] (-) TimerEvent: {}
[15.362486] (-) TimerEvent: {}
[15.462860] (-) TimerEvent: {}
[15.563227] (-) TimerEvent: {}
[15.663551] (-) TimerEvent: {}
[15.763958] (-) TimerEvent: {}
[15.864940] (-) TimerEvent: {}
[15.965804] (-) TimerEvent: {}
[16.066175] (-) TimerEvent: {}
[16.166576] (-) TimerEvent: {}
[16.266970] (-) TimerEvent: {}
[16.367353] (-) TimerEvent: {}
[16.467754] (-) TimerEvent: {}
[16.568123] (-) TimerEvent: {}
[16.668503] (-) TimerEvent: {}
[16.768912] (-) TimerEvent: {}
[16.869292] (-) TimerEvent: {}
[16.970265] (-) TimerEvent: {}
[17.070661] (-) TimerEvent: {}
[17.171036] (-) TimerEvent: {}
[17.271389] (-) TimerEvent: {}
[17.371760] (-) TimerEvent: {}
[17.472119] (-) TimerEvent: {}
[17.572474] (-) TimerEvent: {}
[17.672878] (-) TimerEvent: {}
[17.773304] (-) TimerEvent: {}
[17.873707] (-) TimerEvent: {}
[17.974097] (-) TimerEvent: {}
[18.075024] (-) TimerEvent: {}
[18.175386] (-) TimerEvent: {}
[18.275754] (-) TimerEvent: {}
[18.376106] (-) TimerEvent: {}
[18.476454] (-) TimerEvent: {}
[18.576783] (-) TimerEvent: {}
[18.677167] (-) TimerEvent: {}
[18.777532] (-) TimerEvent: {}
[18.877882] (-) TimerEvent: {}
[18.978224] (-) TimerEvent: {}
[19.078572] (-) TimerEvent: {}
[19.178918] (-) TimerEvent: {}
[19.279270] (-) TimerEvent: {}
[19.379623] (-) TimerEvent: {}
[19.479974] (-) TimerEvent: {}
[19.580323] (-) TimerEvent: {}
[19.680670] (-) TimerEvent: {}
[19.781012] (-) TimerEvent: {}
[19.881362] (-) TimerEvent: {}
[19.981706] (-) TimerEvent: {}
[20.082045] (-) TimerEvent: {}
[20.182372] (-) TimerEvent: {}
[20.282695] (-) TimerEvent: {}
[20.383023] (-) TimerEvent: {}
[20.483344] (-) TimerEvent: {}
[20.583702] (-) TimerEvent: {}
[20.684020] (-) TimerEvent: {}
[20.784339] (-) TimerEvent: {}
[20.884661] (-) TimerEvent: {}
[20.984962] (-) TimerEvent: {}
[21.085229] (-) TimerEvent: {}
[21.185517] (-) TimerEvent: {}
[21.285798] (-) TimerEvent: {}
[21.386080] (-) TimerEvent: {}
[21.486375] (-) TimerEvent: {}
[21.586653] (-) TimerEvent: {}
[21.686933] (-) TimerEvent: {}
[21.787217] (-) TimerEvent: {}
[21.887512] (-) TimerEvent: {}
[21.987803] (-) TimerEvent: {}
[22.088098] (-) TimerEvent: {}
[22.188400] (-) TimerEvent: {}
[22.288701] (-) TimerEvent: {}
[22.389015] (-) TimerEvent: {}
[22.489372] (-) TimerEvent: {}
[22.589707] (-) TimerEvent: {}
[22.690024] (-) TimerEvent: {}
[22.790335] (-) TimerEvent: {}
[22.890676] (-) TimerEvent: {}
[22.991049] (-) TimerEvent: {}
[23.091404] (-) TimerEvent: {}
[23.191753] (-) TimerEvent: {}
[23.292064] (-) TimerEvent: {}
[23.392367] (-) TimerEvent: {}
[23.492657] (-) TimerEvent: {}
[23.592936] (-) TimerEvent: {}
[23.693230] (-) TimerEvent: {}
[23.793560] (-) TimerEvent: {}
[23.893911] (-) TimerEvent: {}
[23.994257] (-) TimerEvent: {}
[24.094588] (-) TimerEvent: {}
[24.194926] (-) TimerEvent: {}
[24.295256] (-) TimerEvent: {}
[24.395586] (-) TimerEvent: {}
[24.495914] (-) TimerEvent: {}
[24.596255] (-) TimerEvent: {}
[24.696652] (-) TimerEvent: {}
[24.797009] (-) TimerEvent: {}
[24.897388] (-) TimerEvent: {}
[24.997749] (-) TimerEvent: {}
[25.098205] (-) TimerEvent: {}
[25.198636] (-) TimerEvent: {}
[25.299084] (-) TimerEvent: {}
[25.399503] (-) TimerEvent: {}
[25.499928] (-) TimerEvent: {}
[25.600619] (-) TimerEvent: {}
[25.701065] (-) TimerEvent: {}
[25.801501] (-) TimerEvent: {}
[25.901907] (-) TimerEvent: {}
[26.002288] (-) TimerEvent: {}
[26.102700] (-) TimerEvent: {}
[26.203084] (-) TimerEvent: {}
[26.303463] (-) TimerEvent: {}
[26.403792] (-) TimerEvent: {}
[26.504177] (-) TimerEvent: {}
[26.604546] (-) TimerEvent: {}
[26.704934] (-) TimerEvent: {}
[26.805299] (-) TimerEvent: {}
[26.905641] (-) TimerEvent: {}
[27.006040] (-) TimerEvent: {}
[27.106418] (-) TimerEvent: {}
[27.206803] (-) TimerEvent: {}
[27.307179] (-) TimerEvent: {}
[27.407546] (-) TimerEvent: {}
[27.507929] (-) TimerEvent: {}
[27.608322] (-) TimerEvent: {}
[27.708703] (-) TimerEvent: {}
[27.809089] (-) TimerEvent: {}
[27.909494] (-) TimerEvent: {}
[28.009878] (-) TimerEvent: {}
[28.110279] (-) TimerEvent: {}
[28.210659] (-) TimerEvent: {}
[28.311026] (-) TimerEvent: {}
[28.411407] (-) TimerEvent: {}
[28.511783] (-) TimerEvent: {}
[28.612168] (-) TimerEvent: {}
[28.712561] (-) TimerEvent: {}
[28.812942] (-) TimerEvent: {}
[28.913352] (-) TimerEvent: {}
[29.013692] (-) TimerEvent: {}
[29.114004] (-) TimerEvent: {}
[29.214373] (-) TimerEvent: {}
[29.314745] (-) TimerEvent: {}
[29.415095] (-) TimerEvent: {}
[29.516956] (-) TimerEvent: {}
[29.618660] (-) TimerEvent: {}
[29.719039] (-) TimerEvent: {}
[29.819437] (-) TimerEvent: {}
[29.919828] (-) TimerEvent: {}
[30.020229] (-) TimerEvent: {}
[30.120640] (-) TimerEvent: {}
[30.221035] (-) TimerEvent: {}
[30.322054] (-) TimerEvent: {}
[30.423892] (-) TimerEvent: {}
[30.524289] (-) TimerEvent: {}
[30.624693] (-) TimerEvent: {}
[30.725052] (-) TimerEvent: {}
[30.825452] (-) TimerEvent: {}
[30.925846] (-) TimerEvent: {}
[31.026227] (-) TimerEvent: {}
[31.126621] (-) TimerEvent: {}
[31.229267] (-) TimerEvent: {}
[31.329604] (-) TimerEvent: {}
[31.429931] (-) TimerEvent: {}
[31.530266] (-) TimerEvent: {}
[31.630595] (-) TimerEvent: {}
[31.730945] (-) TimerEvent: {}
[31.831274] (-) TimerEvent: {}
[31.931604] (-) TimerEvent: {}
[32.031931] (-) TimerEvent: {}
[32.132270] (-) TimerEvent: {}
[32.232607] (-) TimerEvent: {}
[32.332952] (-) TimerEvent: {}
[32.433244] (-) TimerEvent: {}
[32.533574] (-) TimerEvent: {}
[32.633905] (-) TimerEvent: {}
[32.734238] (-) TimerEvent: {}
[32.834542] (-) TimerEvent: {}
[32.934850] (-) TimerEvent: {}
[33.035156] (-) TimerEvent: {}
[33.135463] (-) TimerEvent: {}
[33.235793] (-) TimerEvent: {}
[33.336113] (-) TimerEvent: {}
[33.436424] (-) TimerEvent: {}
[33.536744] (-) TimerEvent: {}
[33.637059] (-) TimerEvent: {}
[33.737400] (-) TimerEvent: {}
[33.837725] (-) TimerEvent: {}
[33.938040] (-) TimerEvent: {}
[34.038364] (-) TimerEvent: {}
[34.138674] (-) TimerEvent: {}
[34.238981] (-) TimerEvent: {}
[34.339288] (-) TimerEvent: {}
[34.439603] (-) TimerEvent: {}
[34.539917] (-) TimerEvent: {}
[34.640239] (-) TimerEvent: {}
[34.740563] (-) TimerEvent: {}
[34.840917] (-) TimerEvent: {}
[34.941240] (-) TimerEvent: {}
[35.041576] (-) TimerEvent: {}
[35.141920] (-) TimerEvent: {}
[35.242258] (-) TimerEvent: {}
[35.342548] (-) TimerEvent: {}
[35.442875] (-) TimerEvent: {}
[35.543204] (-) TimerEvent: {}
[35.643489] (-) TimerEvent: {}
[35.743818] (-) TimerEvent: {}
[35.844165] (-) TimerEvent: {}
[35.944502] (-) TimerEvent: {}
[36.044840] (-) TimerEvent: {}
[36.145191] (-) TimerEvent: {}
[36.245518] (-) TimerEvent: {}
[36.345844] (-) TimerEvent: {}
[36.446184] (-) TimerEvent: {}
[36.546479] (-) TimerEvent: {}
[36.646819] (-) TimerEvent: {}
[36.747102] (-) TimerEvent: {}
[36.847379] (-) TimerEvent: {}
[36.947677] (-) TimerEvent: {}
[37.047964] (-) TimerEvent: {}
[37.148240] (-) TimerEvent: {}
[37.248598] (-) TimerEvent: {}
[37.348911] (-) TimerEvent: {}
[37.449235] (-) TimerEvent: {}
[37.549574] (-) TimerEvent: {}
[37.649897] (-) TimerEvent: {}
[37.750218] (-) TimerEvent: {}
[37.850533] (-) TimerEvent: {}
[37.950858] (-) TimerEvent: {}
[38.051180] (-) TimerEvent: {}
[38.151499] (-) TimerEvent: {}
[38.251822] (-) TimerEvent: {}
[38.352173] (-) TimerEvent: {}
[38.452468] (-) TimerEvent: {}
[38.552777] (-) TimerEvent: {}
[38.653081] (-) TimerEvent: {}
[38.753425] (-) TimerEvent: {}
[38.853733] (-) TimerEvent: {}
[38.954042] (-) TimerEvent: {}
[39.054349] (-) TimerEvent: {}
[39.154690] (-) TimerEvent: {}
[39.255009] (-) TimerEvent: {}
[39.355318] (-) TimerEvent: {}
[39.455602] (-) TimerEvent: {}
[39.555905] (-) TimerEvent: {}
[39.656218] (-) TimerEvent: {}
[39.756540] (-) TimerEvent: {}
[39.856850] (-) TimerEvent: {}
[39.957209] (-) TimerEvent: {}
[40.057559] (-) TimerEvent: {}
[40.157912] (-) TimerEvent: {}
[40.258262] (-) TimerEvent: {}
[40.358618] (-) TimerEvent: {}
[40.458952] (-) TimerEvent: {}
[40.559297] (-) TimerEvent: {}
[40.659597] (-) TimerEvent: {}
[40.759894] (-) TimerEvent: {}
[40.860247] (-) TimerEvent: {}
[40.960589] (-) TimerEvent: {}
[41.060991] (-) TimerEvent: {}
[41.161391] (-) TimerEvent: {}
[41.261805] (-) TimerEvent: {}
[41.363578] (-) TimerEvent: {}
[41.463962] (-) TimerEvent: {}
[41.564357] (-) TimerEvent: {}
[41.664765] (-) TimerEvent: {}
[41.765179] (-) TimerEvent: {}
[41.865579] (-) TimerEvent: {}
[41.965968] (-) TimerEvent: {}
[42.066368] (-) TimerEvent: {}
[42.166774] (-) TimerEvent: {}
[42.267177] (-) TimerEvent: {}
[42.367584] (-) TimerEvent: {}
[42.467996] (-) TimerEvent: {}
[42.568400] (-) TimerEvent: {}
[42.668807] (-) TimerEvent: {}
[42.769226] (-) TimerEvent: {}
[42.869638] (-) TimerEvent: {}
[42.970043] (-) TimerEvent: {}
[43.070427] (-) TimerEvent: {}
[43.170802] (-) TimerEvent: {}
[43.271186] (-) TimerEvent: {}
[43.371562] (-) TimerEvent: {}
[43.471942] (-) TimerEvent: {}
[43.572311] (-) TimerEvent: {}
[43.672686] (-) TimerEvent: {}
[43.773061] (-) TimerEvent: {}
[43.873441] (-) TimerEvent: {}
[43.973836] (-) TimerEvent: {}
[44.074211] (-) TimerEvent: {}
[44.174613] (-) TimerEvent: {}
[44.275023] (-) TimerEvent: {}
[44.375420] (-) TimerEvent: {}
[44.475801] (-) TimerEvent: {}
[44.576181] (-) TimerEvent: {}
[44.676582] (-) TimerEvent: {}
[44.776992] (-) TimerEvent: {}
[44.877386] (-) TimerEvent: {}
[44.977756] (-) TimerEvent: {}
[45.078144] (-) TimerEvent: {}
[45.178520] (-) TimerEvent: {}
[45.278890] (-) TimerEvent: {}
[45.379263] (-) TimerEvent: {}
[45.479646] (-) TimerEvent: {}
[45.580028] (-) TimerEvent: {}
[45.680398] (-) TimerEvent: {}
[45.780771] (-) TimerEvent: {}
[45.881146] (-) TimerEvent: {}
[45.981521] (-) TimerEvent: {}
[46.081895] (-) TimerEvent: {}
[46.182499] (-) TimerEvent: {}
[46.282874] (-) TimerEvent: {}
[46.383245] (-) TimerEvent: {}
[46.483613] (-) TimerEvent: {}
[46.583975] (-) TimerEvent: {}
[46.684354] (-) TimerEvent: {}
[46.784738] (-) TimerEvent: {}
[46.885119] (-) TimerEvent: {}
[46.985504] (-) TimerEvent: {}
[47.085871] (-) TimerEvent: {}
[47.186245] (-) TimerEvent: {}
[47.286621] (-) TimerEvent: {}
[47.386982] (-) TimerEvent: {}
[47.487341] (-) TimerEvent: {}
[47.587717] (-) TimerEvent: {}
[47.688085] (-) TimerEvent: {}
[47.788449] (-) TimerEvent: {}
[47.888809] (-) TimerEvent: {}
[47.989183] (-) TimerEvent: {}
[48.089546] (-) TimerEvent: {}
[48.189907] (-) TimerEvent: {}
[48.290273] (-) TimerEvent: {}
[48.390645] (-) TimerEvent: {}
[48.491017] (-) TimerEvent: {}
[48.591392] (-) TimerEvent: {}
[48.691759] (-) TimerEvent: {}
[48.792128] (-) TimerEvent: {}
[48.892493] (-) TimerEvent: {}
[48.992866] (-) TimerEvent: {}
[49.093261] (-) TimerEvent: {}
[49.193633] (-) TimerEvent: {}
[49.294009] (-) TimerEvent: {}
[49.394371] (-) TimerEvent: {}
[49.494739] (-) TimerEvent: {}
[49.595112] (-) TimerEvent: {}
[49.695487] (-) TimerEvent: {}
[49.795877] (-) TimerEvent: {}
[49.896257] (-) TimerEvent: {}
[49.996648] (-) TimerEvent: {}
[50.097037] (-) TimerEvent: {}
[50.197453] (-) TimerEvent: {}
[50.297853] (-) TimerEvent: {}
[50.398237] (-) TimerEvent: {}
[50.498629] (-) TimerEvent: {}
[50.599021] (-) TimerEvent: {}
[50.699417] (-) TimerEvent: {}
[50.799817] (-) TimerEvent: {}
[50.900220] (-) TimerEvent: {}
[51.000613] (-) TimerEvent: {}
[51.101033] (-) TimerEvent: {}
[51.201436] (-) TimerEvent: {}
[51.301820] (-) TimerEvent: {}
[51.402219] (-) TimerEvent: {}
[51.502572] (-) TimerEvent: {}
[51.603010] (-) TimerEvent: {}
[51.703393] (-) TimerEvent: {}
[51.803771] (-) TimerEvent: {}
[51.904149] (-) TimerEvent: {}
[52.004534] (-) TimerEvent: {}
[52.104912] (-) TimerEvent: {}
[52.205303] (-) TimerEvent: {}
[52.305708] (-) TimerEvent: {}
[52.406099] (-) TimerEvent: {}
[52.506474] (-) TimerEvent: {}
[52.606867] (-) TimerEvent: {}
[52.707248] (-) TimerEvent: {}
[52.807638] (-) TimerEvent: {}
[52.908026] (-) TimerEvent: {}
[53.008422] (-) TimerEvent: {}
[53.108802] (-) TimerEvent: {}
[53.209201] (-) TimerEvent: {}
[53.309595] (-) TimerEvent: {}
[53.409970] (-) TimerEvent: {}
[53.510358] (-) TimerEvent: {}
[53.610739] (-) TimerEvent: {}
[53.711139] (-) TimerEvent: {}
[53.811539] (-) TimerEvent: {}
[53.911939] (-) TimerEvent: {}
[54.012338] (-) TimerEvent: {}
[54.112740] (-) TimerEvent: {}
[54.213153] (-) TimerEvent: {}
[54.313553] (-) TimerEvent: {}
[54.413957] (-) TimerEvent: {}
[54.514362] (-) TimerEvent: {}
[54.614767] (-) TimerEvent: {}
[54.715171] (-) TimerEvent: {}
[54.815578] (-) TimerEvent: {}
[54.915956] (-) TimerEvent: {}
[55.016360] (-) TimerEvent: {}
[55.116746] (-) TimerEvent: {}
[55.217155] (-) TimerEvent: {}
[55.317553] (-) TimerEvent: {}
[55.417939] (-) TimerEvent: {}
[55.518317] (-) TimerEvent: {}
[55.618706] (-) TimerEvent: {}
[55.719120] (-) TimerEvent: {}
[55.819536] (-) TimerEvent: {}
[55.919944] (-) TimerEvent: {}
[56.020348] (-) TimerEvent: {}
[56.120747] (-) TimerEvent: {}
[56.221149] (-) TimerEvent: {}
[56.321543] (-) TimerEvent: {}
[56.421939] (-) TimerEvent: {}
[56.522315] (-) TimerEvent: {}
[56.622715] (-) TimerEvent: {}
[56.723132] (-) TimerEvent: {}
[56.823521] (-) TimerEvent: {}
[56.923919] (-) TimerEvent: {}
[57.024333] (-) TimerEvent: {}
[57.124747] (-) TimerEvent: {}
[57.225153] (-) TimerEvent: {}
[57.325542] (-) TimerEvent: {}
[57.425936] (-) TimerEvent: {}
[57.526314] (-) TimerEvent: {}
[57.626712] (-) TimerEvent: {}
[57.727097] (-) TimerEvent: {}
[57.827485] (-) TimerEvent: {}
[57.927854] (-) TimerEvent: {}
[58.028225] (-) TimerEvent: {}
[58.128594] (-) TimerEvent: {}
[58.228964] (-) TimerEvent: {}
[58.329389] (-) TimerEvent: {}
[58.429779] (-) TimerEvent: {}
[58.530128] (-) TimerEvent: {}
[58.630472] (-) TimerEvent: {}
[58.730883] (-) TimerEvent: {}
[58.831219] (-) TimerEvent: {}
[58.931558] (-) TimerEvent: {}
[59.035262] (-) TimerEvent: {}
[59.135629] (-) TimerEvent: {}
[59.235976] (-) TimerEvent: {}
[59.336311] (-) TimerEvent: {}
[59.436646] (-) TimerEvent: {}
[59.536985] (-) TimerEvent: {}
[59.637349] (-) TimerEvent: {}
[59.737678] (-) TimerEvent: {}
[59.838009] (-) TimerEvent: {}
[59.938345] (-) TimerEvent: {}
[60.038690] (-) TimerEvent: {}
[60.139034] (-) TimerEvent: {}
[60.239417] (-) TimerEvent: {}
[60.339774] (-) TimerEvent: {}
[60.440123] (-) TimerEvent: {}
[60.540476] (-) TimerEvent: {}
[60.640843] (-) TimerEvent: {}
[60.741172] (-) TimerEvent: {}
[60.841505] (-) TimerEvent: {}
[60.941861] (-) TimerEvent: {}
[61.042228] (-) TimerEvent: {}
[61.142611] (-) TimerEvent: {}
[61.242998] (-) TimerEvent: {}
[61.343306] (-) TimerEvent: {}
[61.443614] (-) TimerEvent: {}
[61.543939] (-) TimerEvent: {}
[61.644288] (-) TimerEvent: {}
[61.744627] (-) TimerEvent: {}
[61.844954] (-) TimerEvent: {}
[61.945307] (-) TimerEvent: {}
[62.045660] (-) TimerEvent: {}
[62.146019] (-) TimerEvent: {}
[62.246380] (-) TimerEvent: {}
[62.346736] (-) TimerEvent: {}
[62.447090] (-) TimerEvent: {}
[62.547456] (-) TimerEvent: {}
[62.647813] (-) TimerEvent: {}
[62.748166] (-) TimerEvent: {}
[62.848514] (-) TimerEvent: {}
[62.948867] (-) TimerEvent: {}
[63.049233] (-) TimerEvent: {}
[63.149580] (-) TimerEvent: {}
[63.249918] (-) TimerEvent: {}
[63.350267] (-) TimerEvent: {}
[63.450633] (-) TimerEvent: {}
[63.550977] (-) TimerEvent: {}
[63.651325] (-) TimerEvent: {}
[63.751671] (-) TimerEvent: {}
[63.852006] (-) TimerEvent: {}
[63.952361] (-) TimerEvent: {}
[64.052723] (-) TimerEvent: {}
[64.153046] (-) TimerEvent: {}
[64.253375] (-) TimerEvent: {}
[64.353685] (-) TimerEvent: {}
[64.454009] (-) TimerEvent: {}
[64.554344] (-) TimerEvent: {}
[64.654659] (-) TimerEvent: {}
[64.754989] (-) TimerEvent: {}
[64.855338] (-) TimerEvent: {}
[64.955647] (-) TimerEvent: {}
[65.055957] (-) TimerEvent: {}
[65.156404] (-) TimerEvent: {}
[65.256730] (-) TimerEvent: {}
[65.357068] (-) TimerEvent: {}
[65.457440] (-) TimerEvent: {}
[65.557760] (-) TimerEvent: {}
[65.658084] (-) TimerEvent: {}
[65.758410] (-) TimerEvent: {}
[65.858730] (-) TimerEvent: {}
[65.959042] (-) TimerEvent: {}
[66.059356] (-) TimerEvent: {}
[66.159670] (-) TimerEvent: {}
[66.259987] (-) TimerEvent: {}
[66.360308] (-) TimerEvent: {}
[66.460669] (-) TimerEvent: {}
[66.560998] (-) TimerEvent: {}
[66.661350] (-) TimerEvent: {}
[66.761665] (-) TimerEvent: {}
[66.862001] (-) TimerEvent: {}
[66.962325] (-) TimerEvent: {}
[67.062688] (-) TimerEvent: {}
[67.163010] (-) TimerEvent: {}
[67.263330] (-) TimerEvent: {}
[67.363666] (-) TimerEvent: {}
[67.463986] (-) TimerEvent: {}
[67.564305] (-) TimerEvent: {}
[67.664653] (-) TimerEvent: {}
[67.764992] (-) TimerEvent: {}
[67.865329] (-) TimerEvent: {}
[67.965665] (-) TimerEvent: {}
[68.066001] (-) TimerEvent: {}
[68.166322] (-) TimerEvent: {}
[68.266664] (-) TimerEvent: {}
[68.366995] (-) TimerEvent: {}
[68.467328] (-) TimerEvent: {}
[68.567662] (-) TimerEvent: {}
[68.668003] (-) TimerEvent: {}
[68.768345] (-) TimerEvent: {}
[68.868683] (-) TimerEvent: {}
[68.969013] (-) TimerEvent: {}
[69.069378] (-) TimerEvent: {}
[69.170210] (-) TimerEvent: {}
[69.270528] (-) TimerEvent: {}
[69.370872] (-) TimerEvent: {}
[69.471194] (-) TimerEvent: {}
[69.571538] (-) TimerEvent: {}
[69.671869] (-) TimerEvent: {}
[69.772203] (-) TimerEvent: {}
[69.872544] (-) TimerEvent: {}
[69.972889] (-) TimerEvent: {}
[70.073227] (-) TimerEvent: {}
[70.173567] (-) TimerEvent: {}
[70.273897] (-) TimerEvent: {}
[70.374208] (-) TimerEvent: {}
[70.474510] (-) TimerEvent: {}
[70.574800] (-) TimerEvent: {}
[70.675076] (-) TimerEvent: {}
[70.775347] (-) TimerEvent: {}
[70.875627] (-) TimerEvent: {}
[70.975897] (-) TimerEvent: {}
[71.076163] (-) TimerEvent: {}
[71.176436] (-) TimerEvent: {}
[71.276710] (-) TimerEvent: {}
[71.376975] (-) TimerEvent: {}
[71.477213] (-) TimerEvent: {}
[71.577519] (-) TimerEvent: {}
[71.677834] (-) TimerEvent: {}
[71.778123] (-) TimerEvent: {}
[71.878414] (-) TimerEvent: {}
[71.978693] (-) TimerEvent: {}
[72.078972] (-) TimerEvent: {}
[72.179230] (-) TimerEvent: {}
[72.279504] (-) TimerEvent: {}
[72.379786] (-) TimerEvent: {}
[72.480091] (-) TimerEvent: {}
[72.580396] (-) TimerEvent: {}
[72.680697] (-) TimerEvent: {}
[72.781008] (-) TimerEvent: {}
[72.881326] (-) TimerEvent: {}
[72.981609] (-) TimerEvent: {}
[73.081890] (-) TimerEvent: {}
[73.182161] (-) TimerEvent: {}
[73.282442] (-) TimerEvent: {}
[73.382725] (-) TimerEvent: {}
[73.483004] (-) TimerEvent: {}
[73.583294] (-) TimerEvent: {}
[73.683903] (-) TimerEvent: {}
[73.784470] (-) TimerEvent: {}
[73.885723] (-) TimerEvent: {}
[73.986111] (-) TimerEvent: {}
[74.086421] (-) TimerEvent: {}
[74.186755] (-) TimerEvent: {}
[74.287097] (-) TimerEvent: {}
[74.387454] (-) TimerEvent: {}
[74.487821] (-) TimerEvent: {}
[74.588171] (-) TimerEvent: {}
[74.688495] (-) TimerEvent: {}
[74.788824] (-) TimerEvent: {}
[74.889158] (-) TimerEvent: {}
[74.989477] (-) TimerEvent: {}
[75.089807] (-) TimerEvent: {}
[75.190136] (-) TimerEvent: {}
[75.290461] (-) TimerEvent: {}
[75.390778] (-) TimerEvent: {}
[75.491095] (-) TimerEvent: {}
[75.591406] (-) TimerEvent: {}
[75.691723] (-) TimerEvent: {}
[75.792147] (-) TimerEvent: {}
[75.892477] (-) TimerEvent: {}
[75.992805] (-) TimerEvent: {}
[76.093154] (-) TimerEvent: {}
[76.193467] (-) TimerEvent: {}
[76.293792] (-) TimerEvent: {}
[76.394115] (-) TimerEvent: {}
[76.494424] (-) TimerEvent: {}
[76.594696] (-) TimerEvent: {}
[76.695014] (-) TimerEvent: {}
[76.795341] (-) TimerEvent: {}
[76.895650] (-) TimerEvent: {}
[76.995942] (-) TimerEvent: {}
[77.096251] (-) TimerEvent: {}
[77.196569] (-) TimerEvent: {}
[77.296870] (-) TimerEvent: {}
[77.397191] (-) TimerEvent: {}
[77.497479] (-) TimerEvent: {}
[77.597815] (-) TimerEvent: {}
[77.698161] (-) TimerEvent: {}
[77.798497] (-) TimerEvent: {}
[77.898839] (-) TimerEvent: {}
[77.999173] (-) TimerEvent: {}
[78.099487] (-) TimerEvent: {}
[78.199863] (-) TimerEvent: {}
[78.300174] (-) TimerEvent: {}
[78.400482] (-) TimerEvent: {}
[78.500795] (-) TimerEvent: {}
[78.601098] (-) TimerEvent: {}
[78.701432] (-) TimerEvent: {}
[78.801780] (-) TimerEvent: {}
[78.902135] (-) TimerEvent: {}
[79.002425] (-) TimerEvent: {}
[79.102690] (-) TimerEvent: {}
[79.202968] (-) TimerEvent: {}
[79.303251] (-) TimerEvent: {}
[79.403551] (-) TimerEvent: {}
[79.503860] (-) TimerEvent: {}
[79.604940] (-) TimerEvent: {}
[79.705372] (-) TimerEvent: {}
[79.805727] (-) TimerEvent: {}
[79.906080] (-) TimerEvent: {}
[80.006484] (-) TimerEvent: {}
[80.106996] (-) TimerEvent: {}
[80.207405] (-) TimerEvent: {}
[80.307782] (-) TimerEvent: {}
[80.408178] (-) TimerEvent: {}
[80.508631] (-) TimerEvent: {}
[80.609117] (-) TimerEvent: {}
[80.709591] (-) TimerEvent: {}
[80.809977] (-) TimerEvent: {}
[80.910378] (-) TimerEvent: {}
[81.010776] (-) TimerEvent: {}
[81.111141] (-) TimerEvent: {}
[81.211630] (-) TimerEvent: {}
[81.311993] (-) TimerEvent: {}
[81.412383] (-) TimerEvent: {}
[81.512798] (-) TimerEvent: {}
[81.613170] (-) TimerEvent: {}
[81.713552] (-) TimerEvent: {}
[81.813921] (-) TimerEvent: {}
[81.914308] (-) TimerEvent: {}
[82.014697] (-) TimerEvent: {}
[82.115091] (-) TimerEvent: {}
[82.215482] (-) TimerEvent: {}
[82.315851] (-) TimerEvent: {}
[82.416246] (-) TimerEvent: {}
[82.516652] (-) TimerEvent: {}
[82.617003] (-) TimerEvent: {}
[82.717426] (-) TimerEvent: {}
[82.817814] (-) TimerEvent: {}
[82.918162] (-) TimerEvent: {}
[83.018594] (-) TimerEvent: {}
[83.118969] (-) TimerEvent: {}
[83.219379] (-) TimerEvent: {}
[83.319776] (-) TimerEvent: {}
[83.420108] (-) TimerEvent: {}
[83.520466] (-) TimerEvent: {}
[83.620846] (-) TimerEvent: {}
[83.722394] (-) TimerEvent: {}
[83.822773] (-) TimerEvent: {}
[83.923126] (-) TimerEvent: {}
[84.023486] (-) TimerEvent: {}
[84.123885] (-) TimerEvent: {}
[84.224221] (-) TimerEvent: {}
[84.324608] (-) TimerEvent: {}
[84.424989] (-) TimerEvent: {}
[84.525398] (-) TimerEvent: {}
[84.625783] (-) TimerEvent: {}
[84.726142] (-) TimerEvent: {}
[84.826522] (-) TimerEvent: {}
[84.926904] (-) TimerEvent: {}
[85.027263] (-) TimerEvent: {}
[85.130657] (-) TimerEvent: {}
[85.231147] (-) TimerEvent: {}
[85.333028] (-) TimerEvent: {}
[85.433387] (-) TimerEvent: {}
[85.533720] (-) TimerEvent: {}
[85.634059] (-) TimerEvent: {}
[85.734396] (-) TimerEvent: {}
[85.834785] (-) TimerEvent: {}
[85.935123] (-) TimerEvent: {}
[86.035420] (-) TimerEvent: {}
[86.135751] (-) TimerEvent: {}
[86.236101] (-) TimerEvent: {}
[86.336490] (-) TimerEvent: {}
[86.436825] (-) TimerEvent: {}
[86.537178] (-) TimerEvent: {}
[86.637516] (-) TimerEvent: {}
[86.737870] (-) TimerEvent: {}
[86.838197] (-) TimerEvent: {}
[86.938579] (-) TimerEvent: {}
[87.038926] (-) TimerEvent: {}
[87.139260] (-) TimerEvent: {}
[87.239611] (-) TimerEvent: {}
[87.339955] (-) TimerEvent: {}
[87.440305] (-) TimerEvent: {}
[87.540655] (-) TimerEvent: {}
[87.641031] (-) TimerEvent: {}
[87.741413] (-) TimerEvent: {}
[87.841792] (-) TimerEvent: {}
[87.942121] (-) TimerEvent: {}
[88.042474] (-) TimerEvent: {}
[88.142818] (-) TimerEvent: {}
[88.243162] (-) TimerEvent: {}
[88.343509] (-) TimerEvent: {}
[88.443846] (-) TimerEvent: {}
[88.544153] (-) TimerEvent: {}
[88.644445] (-) TimerEvent: {}
[88.744791] (-) TimerEvent: {}
[88.845109] (-) TimerEvent: {}
[88.945441] (-) TimerEvent: {}
[89.045781] (-) TimerEvent: {}
[89.146129] (-) TimerEvent: {}
[89.246455] (-) TimerEvent: {}
[89.346775] (-) TimerEvent: {}
[89.447074] (-) TimerEvent: {}
[89.547388] (-) TimerEvent: {}
[89.647758] (-) TimerEvent: {}
[89.748077] (-) TimerEvent: {}
[89.848409] (-) TimerEvent: {}
[89.948763] (-) TimerEvent: {}
[90.049109] (-) TimerEvent: {}
[90.149440] (-) TimerEvent: {}
[90.249780] (-) TimerEvent: {}
[90.350069] (-) TimerEvent: {}
[90.450409] (-) TimerEvent: {}
[90.550759] (-) TimerEvent: {}
[90.651061] (-) TimerEvent: {}
[90.751495] (-) TimerEvent: {}
[90.851836] (-) TimerEvent: {}
[90.952170] (-) TimerEvent: {}
[91.052523] (-) TimerEvent: {}
[91.152869] (-) TimerEvent: {}
[91.253238] (-) TimerEvent: {}
[91.353626] (-) TimerEvent: {}
[91.454039] (-) TimerEvent: {}
[91.554379] (-) TimerEvent: {}
[91.654741] (-) TimerEvent: {}
[91.755102] (-) TimerEvent: {}
[91.855463] (-) TimerEvent: {}
[91.955813] (-) TimerEvent: {}
[92.056164] (-) TimerEvent: {}
[92.156508] (-) TimerEvent: {}
[92.256854] (-) TimerEvent: {}
[92.359638] (-) TimerEvent: {}
[92.460006] (-) TimerEvent: {}
[92.560371] (-) TimerEvent: {}
[92.660739] (-) TimerEvent: {}
[92.761095] (-) TimerEvent: {}
[92.861481] (-) TimerEvent: {}
[92.961855] (-) TimerEvent: {}
[93.062220] (-) TimerEvent: {}
[93.162642] (-) TimerEvent: {}
[93.263009] (-) TimerEvent: {}
[93.363381] (-) TimerEvent: {}
[93.463734] (-) TimerEvent: {}
[93.564100] (-) TimerEvent: {}
[93.664464] (-) TimerEvent: {}
[93.764824] (-) TimerEvent: {}
[93.865204] (-) TimerEvent: {}
[93.965565] (-) TimerEvent: {}
[94.066024] (-) TimerEvent: {}
[94.166386] (-) TimerEvent: {}
[94.266751] (-) TimerEvent: {}
[94.367145] (-) TimerEvent: {}
[94.467509] (-) TimerEvent: {}
[94.567870] (-) TimerEvent: {}
[94.668232] (-) TimerEvent: {}
[94.768605] (-) TimerEvent: {}
[94.868953] (-) TimerEvent: {}
[94.969345] (-) TimerEvent: {}
[95.069866] (-) TimerEvent: {}
[95.170210] (-) TimerEvent: {}
[95.270552] (-) TimerEvent: {}
[95.370889] (-) TimerEvent: {}
[95.471238] (-) TimerEvent: {}
[95.571591] (-) TimerEvent: {}
[95.671931] (-) TimerEvent: {}
[95.772255] (-) TimerEvent: {}
[95.872605] (-) TimerEvent: {}
[95.972953] (-) TimerEvent: {}
[96.073319] (-) TimerEvent: {}
[96.173668] (-) TimerEvent: {}
[96.274029] (-) TimerEvent: {}
[96.374381] (-) TimerEvent: {}
[96.474740] (-) TimerEvent: {}
[96.575086] (-) TimerEvent: {}
[96.675427] (-) TimerEvent: {}
[96.775822] (-) TimerEvent: {}
[96.876182] (-) TimerEvent: {}
[96.976551] (-) TimerEvent: {}
[97.076909] (-) TimerEvent: {}
[97.177262] (-) TimerEvent: {}
[97.277626] (-) TimerEvent: {}
[97.377981] (-) TimerEvent: {}
[97.478331] (-) TimerEvent: {}
[97.578699] (-) TimerEvent: {}
[97.679052] (-) TimerEvent: {}
[97.779418] (-) TimerEvent: {}
[97.879908] (-) TimerEvent: {}
[97.980253] (-) TimerEvent: {}
[98.080608] (-) TimerEvent: {}
[98.180957] (-) TimerEvent: {}
[98.281317] (-) TimerEvent: {}
[98.381693] (-) TimerEvent: {}
[98.482025] (-) TimerEvent: {}
[98.582373] (-) TimerEvent: {}
[98.682725] (-) TimerEvent: {}
[98.783084] (-) TimerEvent: {}
[98.883447] (-) TimerEvent: {}
[98.983799] (-) TimerEvent: {}
[99.084154] (-) TimerEvent: {}
[99.184503] (-) TimerEvent: {}
[99.284851] (-) TimerEvent: {}
[99.385207] (-) TimerEvent: {}
[99.485774] (-) TimerEvent: {}
[99.518310] (pcd_ndt_localization) StdoutLine: {'line': b'[100%] Linking CXX executable pcd_ndt_localizer\n'}
[99.585907] (-) TimerEvent: {}
[99.686285] (-) TimerEvent: {}
[99.786617] (-) TimerEvent: {}
[99.887217] (-) TimerEvent: {}
[99.989268] (-) TimerEvent: {}
[100.089628] (-) TimerEvent: {}
[100.190255] (-) TimerEvent: {}
[100.290640] (-) TimerEvent: {}
[100.391016] (-) TimerEvent: {}
[100.491361] (-) TimerEvent: {}
[100.591752] (-) TimerEvent: {}
[100.692110] (-) TimerEvent: {}
[100.792454] (-) TimerEvent: {}
[100.892828] (-) TimerEvent: {}
[100.993194] (-) TimerEvent: {}
[101.093562] (-) TimerEvent: {}
[101.193926] (-) TimerEvent: {}
[101.294263] (-) TimerEvent: {}
[101.394628] (-) TimerEvent: {}
[101.495052] (-) TimerEvent: {}
[101.595443] (-) TimerEvent: {}
[101.695858] (-) TimerEvent: {}
[101.796249] (-) TimerEvent: {}
[101.896636] (-) TimerEvent: {}
[101.997032] (-) TimerEvent: {}
[102.097443] (-) TimerEvent: {}
[102.197804] (-) TimerEvent: {}
[102.298813] (-) TimerEvent: {}
[102.399188] (-) TimerEvent: {}
[102.499542] (-) TimerEvent: {}
[102.599873] (-) TimerEvent: {}
[102.700238] (-) TimerEvent: {}
[102.800619] (-) TimerEvent: {}
[102.901024] (-) TimerEvent: {}
[103.001422] (-) TimerEvent: {}
[103.085952] (pcd_ndt_localization) StdoutLine: {'line': b'[100%] Built target pcd_ndt_localizer\n'}
[103.103475] (pcd_ndt_localization) CommandEnded: {'returncode': 0}
[103.104732] (-) TimerEvent: {}
[103.107157] (pcd_ndt_localization) JobProgress: {'identifier': 'pcd_ndt_localization', 'progress': 'install'}
[103.116787] (pcd_ndt_localization) Command: {'cmd': ['/usr/local/bin/cmake', '--install', '/home/seeed/ros2/ws/build/pcd_ndt_localization'], 'cwd': '/home/seeed/ros2/ws/build/pcd_ndt_localization', 'env': OrderedDict([('LANGUAGE', 'zh_CN:en'), ('USER', 'seeed'), ('SSH_CLIENT', '10.200.24.83 35643 22'), ('LC_TIME', 'zh_CN.UTF-8'), ('ROS_PACKAGE_PATH', '/home/seeed/ros2/ws/install/vikit_common/share:/home/seeed/ros2/ws/install/ugv_sdk/share'), ('XDG_SESSION_TYPE', 'tty'), ('SHLVL', '1'), ('LD_LIBRARY_PATH', '/home/seeed/ros2/ws/install/vikit_ros/lib:/home/seeed/ros2/ws/install/vikit_common/lib:/home/seeed/ros2/ws/install/ranger_msgs/lib:/home/seeed/ros2/ws/install/fast_lio/lib:/home/seeed/ros2/ws/install/livox_ros_driver2/lib:/opt/ros/humble/opt/rviz_ogre_vendor/lib:/opt/ros/humble/lib/aarch64-linux-gnu:/opt/ros/humble/lib'), ('MOTD_SHOWN', 'pam'), ('HOME', '/home/seeed'), ('OLDPWD', '/home/seeed'), ('ROS_PYTHON_VERSION', '3'), ('LC_MONETARY', 'zh_CN.UTF-8'), ('ROS_IP', '10.200.54.207'), ('LC_CTYPE', 'C.UTF-8'), ('DBUS_SESSION_BUS_ADDRESS', 'unix:path=/run/user/1000/bus'), ('COLCON_PREFIX_PATH', '/home/seeed/ros2/ws/install'), ('ROS_DISTRO', 'humble'), ('LOGNAME', 'seeed'), ('ROS_VERSION', '2'), ('PKG_CONFIG_PATH', '/home/seeed/ros2/ws/install/vikit_common/lib/aarch64-linux-gnu/pkgconfig:/home/seeed/ros2/ws/install/vikit_common/lib/pkgconfig:/home/seeed/ros2/ws/install/ugv_sdk/lib/aarch64-linux-gnu/pkgconfig:/home/seeed/ros2/ws/install/ugv_sdk/lib/pkgconfig'), ('XDG_SESSION_CLASS', 'user'), ('XDG_SESSION_ID', '135'), ('ROS_LOCALHOST_ONLY', '0'), ('PATH', '/opt/ros/humble/bin:/usr/local/sbin:/usr/local/bin:/usr/sbin:/usr/bin:/sbin:/bin:/usr/games:/usr/local/games:/snap/bin'), ('FASTRTPS_DEFAULT_PROFILES_FILE', '/home/seeed/ros2/fastrtps_profile.xml'), ('PAPERSIZE', 'a4'), ('LC_ADDRESS', 'zh_CN.UTF-8'), ('XDG_RUNTIME_DIR', '/run/user/1000'), ('DISPLAY', 'localhost:13.0'), ('LANG', 'zh_CN.UTF-8'), ('LC_TELEPHONE', 'zh_CN.UTF-8'), ('RMW_IMPLEMENTATION', 'rmw_fastrtps_cpp'), ('ROS_DOMAIN_ID', '0'), ('AMENT_PREFIX_PATH', '/home/seeed/ros2/ws/install/vikit_ros:/home/seeed/ros2/ws/install/ranger_base:/home/seeed/ros2/ws/install/ranger_msgs:/home/seeed/ros2/ws/install/ranger_bringup:/home/seeed/ros2/ws/install/pcd_ndt_localization:/home/seeed/ros2/ws/install/fast_lio:/home/seeed/ros2/ws/install/livox_ros_driver2:/opt/ros/humble'), ('SHELL', '/bin/bash'), ('LC_NAME', 'zh_CN.UTF-8'), ('LC_MEASUREMENT', 'zh_CN.UTF-8'), ('LC_IDENTIFICATION', 'zh_CN.UTF-8'), ('PWD', '/home/seeed/ros2/ws/build/pcd_ndt_localization'), ('LC_ALL', 'en_US.UTF-8'), ('SSH_CONNECTION', '10.200.24.83 35643 10.200.54.207 22'), ('PYTHONPATH', '/home/seeed/ros2/ws/install/ranger_msgs/local/lib/python3.10/dist-packages:/home/seeed/ros2/ws/install/fast_lio/local/lib/python3.10/dist-packages:/home/seeed/ros2/ws/install/livox_ros_driver2/local/lib/python3.10/dist-packages:/opt/ros/humble/lib/python3.10/site-packages:/opt/ros/humble/local/lib/python3.10/dist-packages'), ('LC_NUMERIC', 'zh_CN.UTF-8'), ('LC_PAPER', 'zh_CN.UTF-8'), ('COLCON', '1'), ('CMAKE_PREFIX_PATH', '/home/seeed/ros2/ws/install/vikit_ros:/opt/ros/humble:/home/seeed/ros2/ws/install/vikit_common:/home/seeed/ros2/ws/install/ranger_base:/home/seeed/ros2/ws/install/ugv_sdk:/home/seeed/ros2/ws/install/ranger_msgs:/home/seeed/ros2/ws/install/ranger_bringup:/home/seeed/ros2/ws/install/pcd_ndt_localization:/home/seeed/ros2/ws/install/fast_lio:/home/seeed/ros2/ws/install/livox_ros_driver2')]), 'shell': False}
[103.124695] (pcd_ndt_localization) StdoutLine: {'line': b'-- Install configuration: "Release"\n'}
[103.129068] (pcd_ndt_localization) StdoutLine: {'line': b'-- Execute custom install script\n'}
[103.135632] (pcd_ndt_localization) StdoutLine: {'line': b'-- Up-to-date symlink: /home/seeed/ros2/ws/install/pcd_ndt_localization/lib/pcd_ndt_localization/pcd_ndt_localizer\n'}
[103.135971] (pcd_ndt_localization) StdoutLine: {'line': b'-- Up-to-date symlink: /home/seeed/ros2/ws/install/pcd_ndt_localization/lib/pcd_ndt_localization/pcd_occupancy_grid_publisher\n'}
[103.137712] (pcd_ndt_localization) StdoutLine: {'line': b'-- Up-to-date symlink: /home/seeed/ros2/ws/install/pcd_ndt_localization/share/pcd_ndt_localization/config/ndt_localization.yaml\n'}
[103.138113] (pcd_ndt_localization) StdoutLine: {'line': b'-- Up-to-date symlink: /home/seeed/ros2/ws/install/pcd_ndt_localization/share/pcd_ndt_localization/launch/localization.launch.py\n'}
[103.138464] (pcd_ndt_localization) StdoutLine: {'line': b'-- Up-to-date symlink: /home/seeed/ros2/ws/install/pcd_ndt_localization/share/ament_index/resource_index/package_run_dependencies/pcd_ndt_localization\n'}
[103.139101] (pcd_ndt_localization) StdoutLine: {'line': b'-- Up-to-date symlink: /home/seeed/ros2/ws/install/pcd_ndt_localization/share/ament_index/resource_index/parent_prefix_path/pcd_ndt_localization\n'}
[103.139547] (pcd_ndt_localization) StdoutLine: {'line': b'-- Up-to-date symlink: /home/seeed/ros2/ws/install/pcd_ndt_localization/share/pcd_ndt_localization/environment/ament_prefix_path.sh\n'}
[103.139903] (pcd_ndt_localization) StdoutLine: {'line': b'-- Up-to-date symlink: /home/seeed/ros2/ws/install/pcd_ndt_localization/share/pcd_ndt_localization/environment/ament_prefix_path.dsv\n'}
[103.140258] (pcd_ndt_localization) StdoutLine: {'line': b'-- Up-to-date symlink: /home/seeed/ros2/ws/install/pcd_ndt_localization/share/pcd_ndt_localization/environment/path.sh\n'}
[103.140608] (pcd_ndt_localization) StdoutLine: {'line': b'-- Up-to-date symlink: /home/seeed/ros2/ws/install/pcd_ndt_localization/share/pcd_ndt_localization/environment/path.dsv\n'}
[103.141036] (pcd_ndt_localization) StdoutLine: {'line': b'-- Up-to-date symlink: /home/seeed/ros2/ws/install/pcd_ndt_localization/share/pcd_ndt_localization/local_setup.bash\n'}
[103.141419] (pcd_ndt_localization) StdoutLine: {'line': b'-- Up-to-date symlink: /home/seeed/ros2/ws/install/pcd_ndt_localization/share/pcd_ndt_localization/local_setup.sh\n'}
[103.141860] (pcd_ndt_localization) StdoutLine: {'line': b'-- Up-to-date symlink: /home/seeed/ros2/ws/install/pcd_ndt_localization/share/pcd_ndt_localization/local_setup.zsh\n'}
[103.142217] (pcd_ndt_localization) StdoutLine: {'line': b'-- Up-to-date symlink: /home/seeed/ros2/ws/install/pcd_ndt_localization/share/pcd_ndt_localization/local_setup.dsv\n'}
[103.142515] (pcd_ndt_localization) StdoutLine: {'line': b'-- Symlinking: /home/seeed/ros2/ws/install/pcd_ndt_localization/share/pcd_ndt_localization/package.dsv\n'}
[103.148395] (pcd_ndt_localization) StdoutLine: {'line': b'-- Up-to-date symlink: /home/seeed/ros2/ws/install/pcd_ndt_localization/share/ament_index/resource_index/packages/pcd_ndt_localization\n'}
[103.149051] (pcd_ndt_localization) StdoutLine: {'line': b'-- Up-to-date symlink: /home/seeed/ros2/ws/install/pcd_ndt_localization/share/pcd_ndt_localization/cmake/pcd_ndt_localizationConfig.cmake\n'}
[103.149512] (pcd_ndt_localization) StdoutLine: {'line': b'-- Up-to-date symlink: /home/seeed/ros2/ws/install/pcd_ndt_localization/share/pcd_ndt_localization/cmake/pcd_ndt_localizationConfig-version.cmake\n'}
[103.149708] (pcd_ndt_localization) StdoutLine: {'line': b'-- Up-to-date symlink: /home/seeed/ros2/ws/install/pcd_ndt_localization/share/pcd_ndt_localization/package.xml\n'}
[103.151688] (pcd_ndt_localization) CommandEnded: {'returncode': 0}
[103.204923] (-) TimerEvent: {}
[103.210246] (pcd_ndt_localization) JobEnded: {'identifier': 'pcd_ndt_localization', 'rc': 0}
[103.212161] (-) EventReactorShutdown: {}
