[0.029s] Invoking command in '/home/seeed/ros2/ws/build/nav_tf_bridge': CMAKE_PREFIX_PATH=/home/seeed/ros2/ws/install/vikit_ros:/opt/ros/humble:/home/seeed/ros2/ws/install/vikit_common:/home/seeed/ros2/ws/install/ranger_base:/home/seeed/ros2/ws/install/ugv_sdk:/home/seeed/ros2/ws/install/ranger_msgs:/home/seeed/ros2/ws/install/ranger_bringup:/home/seeed/ros2/ws/install/pcd_ndt_localization:/home/seeed/ros2/ws/install/nav_tf_bridge:/home/seeed/ros2/ws/install/fast_lio:/home/seeed/ros2/ws/install/livox_ros_driver2 /usr/local/bin/cmake --build /home/seeed/ros2/ws/build/nav_tf_bridge -- -j6 -l6
[0.117s] [ 50%] Building CXX object CMakeFiles/map_odom_tf_bridge.dir/src/map_odom_tf_bridge.cpp.o
[45.341s] [100%] Linking CXX executable map_odom_tf_bridge
[45.882s] [100%] Built target map_odom_tf_bridge
[45.900s] Invoked command in '/home/seeed/ros2/ws/build/nav_tf_bridge' returned '0': CMAKE_PREFIX_PATH=/home/seeed/ros2/ws/install/vikit_ros:/opt/ros/humble:/home/seeed/ros2/ws/install/vikit_common:/home/seeed/ros2/ws/install/ranger_base:/home/seeed/ros2/ws/install/ugv_sdk:/home/seeed/ros2/ws/install/ranger_msgs:/home/seeed/ros2/ws/install/ranger_bringup:/home/seeed/ros2/ws/install/pcd_ndt_localization:/home/seeed/ros2/ws/install/nav_tf_bridge:/home/seeed/ros2/ws/install/fast_lio:/home/seeed/ros2/ws/install/livox_ros_driver2 /usr/local/bin/cmake --build /home/seeed/ros2/ws/build/nav_tf_bridge -- -j6 -l6
[45.911s] Invoking command in '/home/seeed/ros2/ws/build/nav_tf_bridge': CMAKE_PREFIX_PATH=/home/seeed/ros2/ws/install/vikit_ros:/opt/ros/humble:/home/seeed/ros2/ws/install/vikit_common:/home/seeed/ros2/ws/install/ranger_base:/home/seeed/ros2/ws/install/ugv_sdk:/home/seeed/ros2/ws/install/ranger_msgs:/home/seeed/ros2/ws/install/ranger_bringup:/home/seeed/ros2/ws/install/pcd_ndt_localization:/home/seeed/ros2/ws/install/nav_tf_bridge:/home/seeed/ros2/ws/install/fast_lio:/home/seeed/ros2/ws/install/livox_ros_driver2 /usr/local/bin/cmake --install /home/seeed/ros2/ws/build/nav_tf_bridge
[45.919s] -- Install configuration: "Release"
[45.920s] -- Execute custom install script
[45.922s] -- Up-to-date symlink: /home/seeed/ros2/ws/install/nav_tf_bridge/lib/nav_tf_bridge/map_odom_tf_bridge
[45.922s] -- Up-to-date symlink: /home/seeed/ros2/ws/install/nav_tf_bridge/share/ament_index/resource_index/package_run_dependencies/nav_tf_bridge
[45.923s] -- Up-to-date symlink: /home/seeed/ros2/ws/install/nav_tf_bridge/share/ament_index/resource_index/parent_prefix_path/nav_tf_bridge
[45.925s] -- Up-to-date symlink: /home/seeed/ros2/ws/install/nav_tf_bridge/share/nav_tf_bridge/environment/ament_prefix_path.sh
[45.926s] -- Up-to-date symlink: /home/seeed/ros2/ws/install/nav_tf_bridge/share/nav_tf_bridge/environment/ament_prefix_path.dsv
[45.927s] -- Up-to-date symlink: /home/seeed/ros2/ws/install/nav_tf_bridge/share/nav_tf_bridge/environment/path.sh
[45.928s] -- Up-to-date symlink: /home/seeed/ros2/ws/install/nav_tf_bridge/share/nav_tf_bridge/environment/path.dsv
[45.929s] -- Up-to-date symlink: /home/seeed/ros2/ws/install/nav_tf_bridge/share/nav_tf_bridge/local_setup.bash
[45.930s] -- Up-to-date symlink: /home/seeed/ros2/ws/install/nav_tf_bridge/share/nav_tf_bridge/local_setup.sh
[45.931s] -- Up-to-date symlink: /home/seeed/ros2/ws/install/nav_tf_bridge/share/nav_tf_bridge/local_setup.zsh
[45.931s] -- Up-to-date symlink: /home/seeed/ros2/ws/install/nav_tf_bridge/share/nav_tf_bridge/local_setup.dsv
[45.932s] -- Symlinking: /home/seeed/ros2/ws/install/nav_tf_bridge/share/nav_tf_bridge/package.dsv
[45.946s] -- Up-to-date symlink: /home/seeed/ros2/ws/install/nav_tf_bridge/share/ament_index/resource_index/packages/nav_tf_bridge
[45.948s] -- Up-to-date symlink: /home/seeed/ros2/ws/install/nav_tf_bridge/share/nav_tf_bridge/cmake/nav_tf_bridgeConfig.cmake
[45.952s] -- Up-to-date symlink: /home/seeed/ros2/ws/install/nav_tf_bridge/share/nav_tf_bridge/cmake/nav_tf_bridgeConfig-version.cmake
[45.953s] -- Up-to-date symlink: /home/seeed/ros2/ws/install/nav_tf_bridge/share/nav_tf_bridge/package.xml
[45.957s] Invoked command in '/home/seeed/ros2/ws/build/nav_tf_bridge' returned '0': CMAKE_PREFIX_PATH=/home/seeed/ros2/ws/install/vikit_ros:/opt/ros/humble:/home/seeed/ros2/ws/install/vikit_common:/home/seeed/ros2/ws/install/ranger_base:/home/seeed/ros2/ws/install/ugv_sdk:/home/seeed/ros2/ws/install/ranger_msgs:/home/seeed/ros2/ws/install/ranger_bringup:/home/seeed/ros2/ws/install/pcd_ndt_localization:/home/seeed/ros2/ws/install/nav_tf_bridge:/home/seeed/ros2/ws/install/fast_lio:/home/seeed/ros2/ws/install/livox_ros_driver2 /usr/local/bin/cmake --install /home/seeed/ros2/ws/build/nav_tf_bridge
