[0.000000] (-) TimerEvent: {}
[0.000307] (-) JobUnselected: {'identifier': 'fast_lio'}
[0.000680] (-) JobUnselected: {'identifier': 'livox_ros_driver2'}
[0.001260] (-) JobUnselected: {'identifier': 'nav_tf_bridge'}
[0.001603] (-) JobUnselected: {'identifier': 'ranger_base'}
[0.001931] (-) JobUnselected: {'identifier': 'ranger_bringup'}
[0.002056] (-) JobUnselected: {'identifier': 'ranger_msgs'}
[0.002148] (-) JobUnselected: {'identifier': 'ugv_sdk'}
[0.002290] (-) JobUnselected: {'identifier': 'vikit_common'}
[0.002398] (-) JobUnselected: {'identifier': 'vikit_ros'}
[0.002510] (pcd_ndt_localization) JobQueued: {'identifier': 'pcd_ndt_localization', 'dependencies': OrderedDict()}
[0.002618] (pcd_ndt_localization) JobStarted: {'identifier': 'pcd_ndt_localization'}
[0.023210] (pcd_ndt_localization) JobProgress: {'identifier': 'pcd_ndt_localization', 'progress': 'cmake'}
[0.025575] (pcd_ndt_localization) JobProgress: {'identifier': 'pcd_ndt_localization', 'progress': 'build'}
[0.027624] (pcd_ndt_localization) Command: {'cmd': ['/usr/local/bin/cmake', '--build', '/home/seeed/ros2/ws/build/pcd_ndt_localization', '--', '-j6', '-l6'], 'cwd': '/home/seeed/ros2/ws/build/pcd_ndt_localization', 'env': OrderedDict([('LANGUAGE', 'zh_CN:en'), ('USER', 'seeed'), ('SSH_CLIENT', '172.20.10.3 34953 22'), ('LC_TIME', 'zh_CN.UTF-8'), ('ROS_PACKAGE_PATH', '/home/seeed/ros2/ws/install/vikit_common/share:/home/seeed/ros2/ws/install/ugv_sdk/share'), ('XDG_SESSION_TYPE', 'tty'), ('SHLVL', '0'), ('LD_LIBRARY_PATH', '/home/seeed/ros2/ws/install/vikit_ros/lib:/home/seeed/ros2/ws/install/vikit_common/lib:/home/seeed/ros2/ws/install/ranger_msgs/lib:/home/seeed/ros2/ws/install/fast_lio/lib:/home/seeed/ros2/ws/install/livox_ros_driver2/lib:/opt/ros/humble/opt/rviz_ogre_vendor/lib:/opt/ros/humble/lib/aarch64-linux-gnu:/opt/ros/humble/lib'), ('MOTD_SHOWN', 'pam'), ('HOME', '/home/seeed'), ('OLDPWD', '/home/seeed'), ('ROS_PYTHON_VERSION', '3'), ('LC_MONETARY', 'zh_CN.UTF-8'), ('ROS_IP', '172.20.10.2'), ('LC_CTYPE', 'C.UTF-8'), ('DBUS_SESSION_BUS_ADDRESS', 'unix:path=/run/user/1000/bus'), ('COLCON_PREFIX_PATH', '/home/seeed/ros2/ws/install'), ('ROS_DISTRO', 'humble'), ('LOGNAME', 'seeed'), ('ROS_VERSION', '2'), ('PKG_CONFIG_PATH', '/home/seeed/ros2/ws/install/vikit_common/lib/aarch64-linux-gnu/pkgconfig:/home/seeed/ros2/ws/install/vikit_common/lib/pkgconfig:/home/seeed/ros2/ws/install/ugv_sdk/lib/aarch64-linux-gnu/pkgconfig:/home/seeed/ros2/ws/install/ugv_sdk/lib/pkgconfig'), ('XDG_SESSION_CLASS', 'user'), ('XDG_SESSION_ID', '115'), ('ROS_LOCALHOST_ONLY', '0'), ('PATH', '/opt/ros/humble/bin:/usr/local/sbin:/usr/local/bin:/usr/sbin:/usr/bin:/sbin:/bin:/usr/games:/usr/local/games:/snap/bin'), ('FASTRTPS_DEFAULT_PROFILES_FILE', '/home/seeed/ros2/fastrtps_profile.xml'), ('PAPERSIZE', 'a4'), ('LC_ADDRESS', 'zh_CN.UTF-8'), ('XDG_RUNTIME_DIR', '/run/user/1000'), ('DISPLAY', 'localhost:11.0'), ('LANG', 'zh_CN.UTF-8'), ('LC_TELEPHONE', 'zh_CN.UTF-8'), ('RMW_IMPLEMENTATION', 'rmw_fastrtps_cpp'), ('ROS_DOMAIN_ID', '0'), ('AMENT_PREFIX_PATH', '/home/seeed/ros2/ws/install/vikit_ros:/home/seeed/ros2/ws/install/ranger_base:/home/seeed/ros2/ws/install/ranger_msgs:/home/seeed/ros2/ws/install/ranger_bringup:/home/seeed/ros2/ws/install/pcd_ndt_localization:/home/seeed/ros2/ws/install/nav_tf_bridge:/home/seeed/ros2/ws/install/fast_lio:/home/seeed/ros2/ws/install/livox_ros_driver2:/opt/ros/humble'), ('SHELL', '/bin/bash'), ('LC_NAME', 'zh_CN.UTF-8'), ('LC_MEASUREMENT', 'zh_CN.UTF-8'), ('LC_IDENTIFICATION', 'zh_CN.UTF-8'), ('PWD', '/home/seeed/ros2/ws/build/pcd_ndt_localization'), ('LC_ALL', 'en_US.UTF-8'), ('SSH_CONNECTION', '172.20.10.3 34953 172.20.10.2 22'), ('PYTHONPATH', '/home/seeed/ros2/ws/install/ranger_msgs/local/lib/python3.10/dist-packages:/home/seeed/ros2/ws/install/fast_lio/local/lib/python3.10/dist-packages:/home/seeed/ros2/ws/install/livox_ros_driver2/local/lib/python3.10/dist-packages:/opt/ros/humble/lib/python3.10/site-packages:/opt/ros/humble/local/lib/python3.10/dist-packages'), ('LC_NUMERIC', 'zh_CN.UTF-8'), ('LC_PAPER', 'zh_CN.UTF-8'), ('COLCON', '1'), ('CMAKE_PREFIX_PATH', '/home/seeed/ros2/ws/install/vikit_ros:/opt/ros/humble:/home/seeed/ros2/ws/install/vikit_common:/home/seeed/ros2/ws/install/ranger_base:/home/seeed/ros2/ws/install/ugv_sdk:/home/seeed/ros2/ws/install/ranger_msgs:/home/seeed/ros2/ws/install/ranger_bringup:/home/seeed/ros2/ws/install/pcd_ndt_localization:/home/seeed/ros2/ws/install/nav_tf_bridge:/home/seeed/ros2/ws/install/fast_lio:/home/seeed/ros2/ws/install/livox_ros_driver2')]), 'shell': False}
[0.099254] (-) TimerEvent: {}
[0.107913] (pcd_ndt_localization) StdoutLine: {'line': b'[ 50%] Built target pcd_occupancy_grid_publisher\n'}
[0.145726] (pcd_ndt_localization) StdoutLine: {'line': b'[ 75%] Building CXX object CMakeFiles/pcd_ndt_localizer.dir/src/pcd_ndt_localizer.cpp.o\n'}
[0.199426] (-) TimerEvent: {}
[0.299855] (-) TimerEvent: {}
[0.400261] (-) TimerEvent: {}
[0.501094] (-) TimerEvent: {}
[0.601654] (-) TimerEvent: {}
[0.702135] (-) TimerEvent: {}
[0.802610] (-) TimerEvent: {}
[0.903063] (-) TimerEvent: {}
[1.003526] (-) TimerEvent: {}
[1.103935] (-) TimerEvent: {}
[1.204346] (-) TimerEvent: {}
[1.304778] (-) TimerEvent: {}
[1.405174] (-) TimerEvent: {}
[1.505585] (-) TimerEvent: {}
[1.605974] (-) TimerEvent: {}
[1.706366] (-) TimerEvent: {}
[1.806780] (-) TimerEvent: {}
[1.907200] (-) TimerEvent: {}
[2.007594] (-) TimerEvent: {}
[2.108035] (-) TimerEvent: {}
[2.208452] (-) TimerEvent: {}
[2.308851] (-) TimerEvent: {}
[2.409234] (-) TimerEvent: {}
[2.509616] (-) TimerEvent: {}
[2.610007] (-) TimerEvent: {}
[2.710407] (-) TimerEvent: {}
[2.810770] (-) TimerEvent: {}
[2.911187] (-) TimerEvent: {}
[3.011604] (-) TimerEvent: {}
[3.111973] (-) TimerEvent: {}
[3.212363] (-) TimerEvent: {}
[3.312773] (-) TimerEvent: {}
[3.413158] (-) TimerEvent: {}
[3.513534] (-) TimerEvent: {}
[3.613903] (-) TimerEvent: {}
[3.714334] (-) TimerEvent: {}
[3.814762] (-) TimerEvent: {}
[3.915179] (-) TimerEvent: {}
[4.015594] (-) TimerEvent: {}
[4.116030] (-) TimerEvent: {}
[4.216460] (-) TimerEvent: {}
[4.316882] (-) TimerEvent: {}
[4.417294] (-) TimerEvent: {}
[4.517731] (-) TimerEvent: {}
[4.618126] (-) TimerEvent: {}
[4.718547] (-) TimerEvent: {}
[4.818979] (-) TimerEvent: {}
[4.919430] (-) TimerEvent: {}
[5.019862] (-) TimerEvent: {}
[5.120236] (-) TimerEvent: {}
[5.220682] (-) TimerEvent: {}
[5.321083] (-) TimerEvent: {}
[5.421451] (-) TimerEvent: {}
[5.521874] (-) TimerEvent: {}
[5.622294] (-) TimerEvent: {}
[5.722687] (-) TimerEvent: {}
[5.823607] (-) TimerEvent: {}
[5.924020] (-) TimerEvent: {}
[6.024461] (-) TimerEvent: {}
[6.124890] (-) TimerEvent: {}
[6.225302] (-) TimerEvent: {}
[6.325771] (-) TimerEvent: {}
[6.426159] (-) TimerEvent: {}
[6.526568] (-) TimerEvent: {}
[6.626988] (-) TimerEvent: {}
[6.727414] (-) TimerEvent: {}
[6.827831] (-) TimerEvent: {}
[6.928238] (-) TimerEvent: {}
[7.028680] (-) TimerEvent: {}
[7.129109] (-) TimerEvent: {}
[7.229548] (-) TimerEvent: {}
[7.329977] (-) TimerEvent: {}
[7.430406] (-) TimerEvent: {}
[7.530830] (-) TimerEvent: {}
[7.631252] (-) TimerEvent: {}
[7.731690] (-) TimerEvent: {}
[7.832113] (-) TimerEvent: {}
[7.932542] (-) TimerEvent: {}
[8.032955] (-) TimerEvent: {}
[8.133382] (-) TimerEvent: {}
[8.233788] (-) TimerEvent: {}
[8.334212] (-) TimerEvent: {}
[8.434641] (-) TimerEvent: {}
[8.535053] (-) TimerEvent: {}
[8.635471] (-) TimerEvent: {}
[8.735884] (-) TimerEvent: {}
[8.836358] (-) TimerEvent: {}
[8.936822] (-) TimerEvent: {}
[9.037259] (-) TimerEvent: {}
[9.137673] (-) TimerEvent: {}
[9.238092] (-) TimerEvent: {}
[9.338545] (-) TimerEvent: {}
[9.438989] (-) TimerEvent: {}
[9.539434] (-) TimerEvent: {}
[9.639909] (-) TimerEvent: {}
[9.740335] (-) TimerEvent: {}
[9.840752] (-) TimerEvent: {}
[9.941163] (-) TimerEvent: {}
[10.041553] (-) TimerEvent: {}
[10.141994] (-) TimerEvent: {}
[10.242372] (-) TimerEvent: {}
[10.342780] (-) TimerEvent: {}
[10.443629] (-) TimerEvent: {}
[10.544057] (-) TimerEvent: {}
[10.644505] (-) TimerEvent: {}
[10.744923] (-) TimerEvent: {}
[10.845324] (-) TimerEvent: {}
[10.945735] (-) TimerEvent: {}
[11.046147] (-) TimerEvent: {}
[11.146567] (-) TimerEvent: {}
[11.246982] (-) TimerEvent: {}
[11.347438] (-) TimerEvent: {}
[11.447833] (-) TimerEvent: {}
[11.548250] (-) TimerEvent: {}
[11.648711] (-) TimerEvent: {}
[11.749117] (-) TimerEvent: {}
[11.849492] (-) TimerEvent: {}
[11.949906] (-) TimerEvent: {}
[12.050323] (-) TimerEvent: {}
[12.150749] (-) TimerEvent: {}
[12.251177] (-) TimerEvent: {}
[12.351605] (-) TimerEvent: {}
[12.452023] (-) TimerEvent: {}
[12.552458] (-) TimerEvent: {}
[12.652869] (-) TimerEvent: {}
[12.753294] (-) TimerEvent: {}
[12.853722] (-) TimerEvent: {}
[12.954138] (-) TimerEvent: {}
[13.054549] (-) TimerEvent: {}
[13.154967] (-) TimerEvent: {}
[13.255394] (-) TimerEvent: {}
[13.355827] (-) TimerEvent: {}
[13.456263] (-) TimerEvent: {}
[13.556711] (-) TimerEvent: {}
[13.657124] (-) TimerEvent: {}
[13.757559] (-) TimerEvent: {}
[13.857990] (-) TimerEvent: {}
[13.958418] (-) TimerEvent: {}
[14.058848] (-) TimerEvent: {}
[14.159261] (-) TimerEvent: {}
[14.259696] (-) TimerEvent: {}
[14.360132] (-) TimerEvent: {}
[14.460550] (-) TimerEvent: {}
[14.560998] (-) TimerEvent: {}
[14.661419] (-) TimerEvent: {}
[14.761811] (-) TimerEvent: {}
[14.862220] (-) TimerEvent: {}
[14.962642] (-) TimerEvent: {}
[15.063072] (-) TimerEvent: {}
[15.163535] (-) TimerEvent: {}
[15.263929] (-) TimerEvent: {}
[15.364335] (-) TimerEvent: {}
[15.464796] (-) TimerEvent: {}
[15.565202] (-) TimerEvent: {}
[15.665616] (-) TimerEvent: {}
[15.766016] (-) TimerEvent: {}
[15.866412] (-) TimerEvent: {}
[15.966831] (-) TimerEvent: {}
[16.067253] (-) TimerEvent: {}
[16.167669] (-) TimerEvent: {}
[16.268083] (-) TimerEvent: {}
[16.368526] (-) TimerEvent: {}
[16.468940] (-) TimerEvent: {}
[16.569370] (-) TimerEvent: {}
[16.669785] (-) TimerEvent: {}
[16.770208] (-) TimerEvent: {}
[16.870635] (-) TimerEvent: {}
[16.971026] (-) TimerEvent: {}
[17.071436] (-) TimerEvent: {}
[17.171858] (-) TimerEvent: {}
[17.272277] (-) TimerEvent: {}
[17.372722] (-) TimerEvent: {}
[17.473131] (-) TimerEvent: {}
[17.573553] (-) TimerEvent: {}
[17.673979] (-) TimerEvent: {}
[17.774407] (-) TimerEvent: {}
[17.874833] (-) TimerEvent: {}
[17.975204] (-) TimerEvent: {}
[18.075621] (-) TimerEvent: {}
[18.175985] (-) TimerEvent: {}
[18.276420] (-) TimerEvent: {}
[18.376837] (-) TimerEvent: {}
[18.477258] (-) TimerEvent: {}
[18.577666] (-) TimerEvent: {}
[18.678094] (-) TimerEvent: {}
[18.778518] (-) TimerEvent: {}
[18.878939] (-) TimerEvent: {}
[18.979388] (-) TimerEvent: {}
[19.079826] (-) TimerEvent: {}
[19.180248] (-) TimerEvent: {}
[19.280698] (-) TimerEvent: {}
[19.381108] (-) TimerEvent: {}
[19.481528] (-) TimerEvent: {}
[19.581958] (-) TimerEvent: {}
[19.682396] (-) TimerEvent: {}
[19.782822] (-) TimerEvent: {}
[19.883575] (-) TimerEvent: {}
[19.983986] (-) TimerEvent: {}
[20.084423] (-) TimerEvent: {}
[20.184845] (-) TimerEvent: {}
[20.285257] (-) TimerEvent: {}
[20.385677] (-) TimerEvent: {}
[20.486098] (-) TimerEvent: {}
[20.586481] (-) TimerEvent: {}
[20.686894] (-) TimerEvent: {}
[20.787309] (-) TimerEvent: {}
[20.887651] (-) TimerEvent: {}
[20.988060] (-) TimerEvent: {}
[21.088449] (-) TimerEvent: {}
[21.188852] (-) TimerEvent: {}
[21.289252] (-) TimerEvent: {}
[21.389676] (-) TimerEvent: {}
[21.490054] (-) TimerEvent: {}
[21.590482] (-) TimerEvent: {}
[21.690900] (-) TimerEvent: {}
[21.791319] (-) TimerEvent: {}
[21.891745] (-) TimerEvent: {}
[21.992150] (-) TimerEvent: {}
[22.092556] (-) TimerEvent: {}
[22.192976] (-) TimerEvent: {}
[22.293404] (-) TimerEvent: {}
[22.393824] (-) TimerEvent: {}
[22.494252] (-) TimerEvent: {}
[22.594664] (-) TimerEvent: {}
[22.695070] (-) TimerEvent: {}
[22.795459] (-) TimerEvent: {}
[22.895882] (-) TimerEvent: {}
[22.996321] (-) TimerEvent: {}
[23.096757] (-) TimerEvent: {}
[23.197168] (-) TimerEvent: {}
[23.297596] (-) TimerEvent: {}
[23.398023] (-) TimerEvent: {}
[23.498451] (-) TimerEvent: {}
[23.598838] (-) TimerEvent: {}
[23.699258] (-) TimerEvent: {}
[23.799682] (-) TimerEvent: {}
[23.900103] (-) TimerEvent: {}
[24.000497] (-) TimerEvent: {}
[24.100885] (-) TimerEvent: {}
[24.201298] (-) TimerEvent: {}
[24.301697] (-) TimerEvent: {}
[24.402107] (-) TimerEvent: {}
[24.502521] (-) TimerEvent: {}
[24.602945] (-) TimerEvent: {}
[24.703525] (-) TimerEvent: {}
[24.803997] (-) TimerEvent: {}
[24.904489] (-) TimerEvent: {}
[25.004965] (-) TimerEvent: {}
[25.105446] (-) TimerEvent: {}
[25.205904] (-) TimerEvent: {}
[25.306348] (-) TimerEvent: {}
[25.406797] (-) TimerEvent: {}
[25.507294] (-) TimerEvent: {}
[25.607754] (-) TimerEvent: {}
[25.708213] (-) TimerEvent: {}
[25.808687] (-) TimerEvent: {}
[25.909089] (-) TimerEvent: {}
[26.009501] (-) TimerEvent: {}
[26.109930] (-) TimerEvent: {}
[26.210380] (-) TimerEvent: {}
[26.310849] (-) TimerEvent: {}
[26.411269] (-) TimerEvent: {}
[26.511727] (-) TimerEvent: {}
[26.612209] (-) TimerEvent: {}
[26.712715] (-) TimerEvent: {}
[26.813188] (-) TimerEvent: {}
[26.913854] (-) TimerEvent: {}
[27.014299] (-) TimerEvent: {}
[27.114763] (-) TimerEvent: {}
[27.215232] (-) TimerEvent: {}
[27.315708] (-) TimerEvent: {}
[27.416156] (-) TimerEvent: {}
[27.516631] (-) TimerEvent: {}
[27.617127] (-) TimerEvent: {}
[27.717602] (-) TimerEvent: {}
[27.818052] (-) TimerEvent: {}
[27.918530] (-) TimerEvent: {}
[28.019025] (-) TimerEvent: {}
[28.119501] (-) TimerEvent: {}
[28.219992] (-) TimerEvent: {}
[28.320500] (-) TimerEvent: {}
[28.420974] (-) TimerEvent: {}
[28.521433] (-) TimerEvent: {}
[28.622001] (-) TimerEvent: {}
[28.722558] (-) TimerEvent: {}
[28.823032] (-) TimerEvent: {}
[28.923492] (-) TimerEvent: {}
[29.023995] (-) TimerEvent: {}
[29.124747] (-) TimerEvent: {}
[29.225193] (-) TimerEvent: {}
[29.325631] (-) TimerEvent: {}
[29.426082] (-) TimerEvent: {}
[29.526559] (-) TimerEvent: {}
[29.627053] (-) TimerEvent: {}
[29.727554] (-) TimerEvent: {}
[29.828000] (-) TimerEvent: {}
[29.928669] (-) TimerEvent: {}
[30.029164] (-) TimerEvent: {}
[30.129634] (-) TimerEvent: {}
[30.230067] (-) TimerEvent: {}
[30.330540] (-) TimerEvent: {}
[30.431084] (-) TimerEvent: {}
[30.531713] (-) TimerEvent: {}
[30.632267] (-) TimerEvent: {}
[30.732778] (-) TimerEvent: {}
[30.833247] (-) TimerEvent: {}
[30.933676] (-) TimerEvent: {}
[31.034125] (-) TimerEvent: {}
[31.134600] (-) TimerEvent: {}
[31.235118] (-) TimerEvent: {}
[31.335596] (-) TimerEvent: {}
[31.436050] (-) TimerEvent: {}
[31.536877] (-) TimerEvent: {}
[31.637376] (-) TimerEvent: {}
[31.737841] (-) TimerEvent: {}
[31.838304] (-) TimerEvent: {}
[31.938759] (-) TimerEvent: {}
[32.039298] (-) TimerEvent: {}
[32.139795] (-) TimerEvent: {}
[32.240274] (-) TimerEvent: {}
[32.340855] (-) TimerEvent: {}
[32.441333] (-) TimerEvent: {}
[32.541796] (-) TimerEvent: {}
[32.642235] (-) TimerEvent: {}
[32.742708] (-) TimerEvent: {}
[32.843183] (-) TimerEvent: {}
[32.943655] (-) TimerEvent: {}
[33.044131] (-) TimerEvent: {}
[33.144603] (-) TimerEvent: {}
[33.245009] (-) TimerEvent: {}
[33.345447] (-) TimerEvent: {}
[33.445888] (-) TimerEvent: {}
[33.546332] (-) TimerEvent: {}
[33.646749] (-) TimerEvent: {}
[33.747204] (-) TimerEvent: {}
[33.847621] (-) TimerEvent: {}
[33.948097] (-) TimerEvent: {}
[34.048572] (-) TimerEvent: {}
[34.149034] (-) TimerEvent: {}
[34.249458] (-) TimerEvent: {}
[34.349893] (-) TimerEvent: {}
[34.450319] (-) TimerEvent: {}
[34.550743] (-) TimerEvent: {}
[34.653903] (-) TimerEvent: {}
[34.754318] (-) TimerEvent: {}
[34.854731] (-) TimerEvent: {}
[34.955148] (-) TimerEvent: {}
[35.055520] (-) TimerEvent: {}
[35.155933] (-) TimerEvent: {}
[35.256343] (-) TimerEvent: {}
[35.356754] (-) TimerEvent: {}
[35.457132] (-) TimerEvent: {}
[35.557550] (-) TimerEvent: {}
[35.657964] (-) TimerEvent: {}
[35.758395] (-) TimerEvent: {}
[35.858825] (-) TimerEvent: {}
[35.959209] (-) TimerEvent: {}
[36.059597] (-) TimerEvent: {}
[36.160012] (-) TimerEvent: {}
[36.260438] (-) TimerEvent: {}
[36.360849] (-) TimerEvent: {}
[36.461241] (-) TimerEvent: {}
[36.561646] (-) TimerEvent: {}
[36.662070] (-) TimerEvent: {}
[36.762481] (-) TimerEvent: {}
[36.862909] (-) TimerEvent: {}
[36.963332] (-) TimerEvent: {}
[37.063744] (-) TimerEvent: {}
[37.164169] (-) TimerEvent: {}
[37.264605] (-) TimerEvent: {}
[37.365010] (-) TimerEvent: {}
[37.465424] (-) TimerEvent: {}
[37.565837] (-) TimerEvent: {}
[37.666233] (-) TimerEvent: {}
[37.766651] (-) TimerEvent: {}
[37.867057] (-) TimerEvent: {}
[37.967522] (-) TimerEvent: {}
[38.067942] (-) TimerEvent: {}
[38.168338] (-) TimerEvent: {}
[38.268760] (-) TimerEvent: {}
[38.369183] (-) TimerEvent: {}
[38.469583] (-) TimerEvent: {}
[38.570010] (-) TimerEvent: {}
[38.670429] (-) TimerEvent: {}
[38.770862] (-) TimerEvent: {}
[38.871289] (-) TimerEvent: {}
[38.971715] (-) TimerEvent: {}
[39.072129] (-) TimerEvent: {}
[39.172563] (-) TimerEvent: {}
[39.272974] (-) TimerEvent: {}
[39.373375] (-) TimerEvent: {}
[39.473797] (-) TimerEvent: {}
[39.574222] (-) TimerEvent: {}
[39.674660] (-) TimerEvent: {}
[39.775074] (-) TimerEvent: {}
[39.875501] (-) TimerEvent: {}
[39.975934] (-) TimerEvent: {}
[40.076365] (-) TimerEvent: {}
[40.176817] (-) TimerEvent: {}
[40.277206] (-) TimerEvent: {}
[40.377566] (-) TimerEvent: {}
[40.477959] (-) TimerEvent: {}
[40.578360] (-) TimerEvent: {}
[40.678782] (-) TimerEvent: {}
[40.779199] (-) TimerEvent: {}
[40.879610] (-) TimerEvent: {}
[40.980029] (-) TimerEvent: {}
[41.080472] (-) TimerEvent: {}
[41.180885] (-) TimerEvent: {}
[41.281301] (-) TimerEvent: {}
[41.381724] (-) TimerEvent: {}
[41.482131] (-) TimerEvent: {}
[41.582551] (-) TimerEvent: {}
[41.682982] (-) TimerEvent: {}
[41.783418] (-) TimerEvent: {}
[41.883851] (-) TimerEvent: {}
[41.984272] (-) TimerEvent: {}
[42.084654] (-) TimerEvent: {}
[42.185072] (-) TimerEvent: {}
[42.285479] (-) TimerEvent: {}
[42.385876] (-) TimerEvent: {}
[42.486275] (-) TimerEvent: {}
[42.586659] (-) TimerEvent: {}
[42.687044] (-) TimerEvent: {}
[42.787453] (-) TimerEvent: {}
[42.887855] (-) TimerEvent: {}
[42.988229] (-) TimerEvent: {}
[43.088625] (-) TimerEvent: {}
[43.188990] (-) TimerEvent: {}
[43.289328] (-) TimerEvent: {}
[43.389715] (-) TimerEvent: {}
[43.490108] (-) TimerEvent: {}
[43.590504] (-) TimerEvent: {}
[43.690877] (-) TimerEvent: {}
[43.791265] (-) TimerEvent: {}
[43.891665] (-) TimerEvent: {}
[43.992071] (-) TimerEvent: {}
[44.092427] (-) TimerEvent: {}
[44.192802] (-) TimerEvent: {}
[44.293188] (-) TimerEvent: {}
[44.393541] (-) TimerEvent: {}
[44.493936] (-) TimerEvent: {}
[44.594317] (-) TimerEvent: {}
[44.694701] (-) TimerEvent: {}
[44.795094] (-) TimerEvent: {}
[44.895440] (-) TimerEvent: {}
[44.995838] (-) TimerEvent: {}
[45.096232] (-) TimerEvent: {}
[45.196651] (-) TimerEvent: {}
[45.297014] (-) TimerEvent: {}
[45.397379] (-) TimerEvent: {}
[45.497773] (-) TimerEvent: {}
[45.598177] (-) TimerEvent: {}
[45.698578] (-) TimerEvent: {}
[45.798972] (-) TimerEvent: {}
[45.899349] (-) TimerEvent: {}
[45.999732] (-) TimerEvent: {}
[46.100096] (-) TimerEvent: {}
[46.200470] (-) TimerEvent: {}
[46.300844] (-) TimerEvent: {}
[46.401232] (-) TimerEvent: {}
[46.501642] (-) TimerEvent: {}
[46.602047] (-) TimerEvent: {}
[46.702649] (-) TimerEvent: {}
[46.803083] (-) TimerEvent: {}
[46.903553] (-) TimerEvent: {}
[47.004000] (-) TimerEvent: {}
[47.104548] (-) TimerEvent: {}
[47.205172] (-) TimerEvent: {}
[47.305698] (-) TimerEvent: {}
[47.406200] (-) TimerEvent: {}
[47.506659] (-) TimerEvent: {}
[47.607085] (-) TimerEvent: {}
[47.707549] (-) TimerEvent: {}
[47.808278] (-) TimerEvent: {}
[47.908777] (-) TimerEvent: {}
[48.009282] (-) TimerEvent: {}
[48.109856] (-) TimerEvent: {}
[48.210481] (-) TimerEvent: {}
[48.310995] (-) TimerEvent: {}
[48.411431] (-) TimerEvent: {}
[48.511872] (-) TimerEvent: {}
[48.612340] (-) TimerEvent: {}
[48.712825] (-) TimerEvent: {}
[48.813275] (-) TimerEvent: {}
[48.913743] (-) TimerEvent: {}
[49.014204] (-) TimerEvent: {}
[49.114686] (-) TimerEvent: {}
[49.215146] (-) TimerEvent: {}
[49.315670] (-) TimerEvent: {}
[49.416137] (-) TimerEvent: {}
[49.516611] (-) TimerEvent: {}
[49.617082] (-) TimerEvent: {}
[49.717570] (-) TimerEvent: {}
[49.818006] (-) TimerEvent: {}
[49.918480] (-) TimerEvent: {}
[50.019055] (-) TimerEvent: {}
[50.119627] (-) TimerEvent: {}
[50.220116] (-) TimerEvent: {}
[50.320637] (-) TimerEvent: {}
[50.421233] (-) TimerEvent: {}
[50.521769] (-) TimerEvent: {}
[50.622223] (-) TimerEvent: {}
[50.722696] (-) TimerEvent: {}
[50.823200] (-) TimerEvent: {}
[50.923692] (-) TimerEvent: {}
[51.024175] (-) TimerEvent: {}
[51.124660] (-) TimerEvent: {}
[51.225196] (-) TimerEvent: {}
[51.325669] (-) TimerEvent: {}
[51.426144] (-) TimerEvent: {}
[51.526632] (-) TimerEvent: {}
[51.627096] (-) TimerEvent: {}
[51.727532] (-) TimerEvent: {}
[51.828078] (-) TimerEvent: {}
[51.928557] (-) TimerEvent: {}
[52.029005] (-) TimerEvent: {}
[52.129464] (-) TimerEvent: {}
[52.229915] (-) TimerEvent: {}
[52.330410] (-) TimerEvent: {}
[52.430957] (-) TimerEvent: {}
[52.531453] (-) TimerEvent: {}
[52.631939] (-) TimerEvent: {}
[52.732358] (-) TimerEvent: {}
[52.832887] (-) TimerEvent: {}
[52.933357] (-) TimerEvent: {}
[53.033817] (-) TimerEvent: {}
[53.134272] (-) TimerEvent: {}
[53.234782] (-) TimerEvent: {}
[53.335296] (-) TimerEvent: {}
[53.435765] (-) TimerEvent: {}
[53.536289] (-) TimerEvent: {}
[53.636741] (-) TimerEvent: {}
[53.737205] (-) TimerEvent: {}
[53.837796] (-) TimerEvent: {}
[53.938256] (-) TimerEvent: {}
[54.038752] (-) TimerEvent: {}
[54.139318] (-) TimerEvent: {}
[54.239840] (-) TimerEvent: {}
[54.340289] (-) TimerEvent: {}
[54.440719] (-) TimerEvent: {}
[54.541147] (-) TimerEvent: {}
[54.641675] (-) TimerEvent: {}
[54.742184] (-) TimerEvent: {}
[54.842675] (-) TimerEvent: {}
[54.943135] (-) TimerEvent: {}
[55.043726] (-) TimerEvent: {}
[55.144206] (-) TimerEvent: {}
[55.244667] (-) TimerEvent: {}
[55.345116] (-) TimerEvent: {}
[55.445550] (-) TimerEvent: {}
[55.545989] (-) TimerEvent: {}
[55.646428] (-) TimerEvent: {}
[55.746878] (-) TimerEvent: {}
[55.847329] (-) TimerEvent: {}
[55.947762] (-) TimerEvent: {}
[56.048214] (-) TimerEvent: {}
[56.148694] (-) TimerEvent: {}
[56.249128] (-) TimerEvent: {}
[56.349567] (-) TimerEvent: {}
[56.449982] (-) TimerEvent: {}
[56.550405] (-) TimerEvent: {}
[56.650858] (-) TimerEvent: {}
[56.751303] (-) TimerEvent: {}
[56.851730] (-) TimerEvent: {}
[56.952138] (-) TimerEvent: {}
[57.052539] (-) TimerEvent: {}
[57.152958] (-) TimerEvent: {}
[57.253383] (-) TimerEvent: {}
[57.353818] (-) TimerEvent: {}
[57.454275] (-) TimerEvent: {}
[57.554715] (-) TimerEvent: {}
[57.655145] (-) TimerEvent: {}
[57.755585] (-) TimerEvent: {}
[57.856016] (-) TimerEvent: {}
[57.956473] (-) TimerEvent: {}
[58.056904] (-) TimerEvent: {}
[58.157334] (-) TimerEvent: {}
[58.257773] (-) TimerEvent: {}
[58.358213] (-) TimerEvent: {}
[58.458647] (-) TimerEvent: {}
[58.559080] (-) TimerEvent: {}
[58.659517] (-) TimerEvent: {}
[58.759871] (-) TimerEvent: {}
[58.860301] (-) TimerEvent: {}
[58.960764] (-) TimerEvent: {}
[59.061159] (-) TimerEvent: {}
[59.161580] (-) TimerEvent: {}
[59.261995] (-) TimerEvent: {}
[59.362458] (-) TimerEvent: {}
[59.462908] (-) TimerEvent: {}
[59.563365] (-) TimerEvent: {}
[59.663813] (-) TimerEvent: {}
[59.764209] (-) TimerEvent: {}
[59.864667] (-) TimerEvent: {}
[59.965107] (-) TimerEvent: {}
[60.065527] (-) TimerEvent: {}
[60.165947] (-) TimerEvent: {}
[60.266369] (-) TimerEvent: {}
[60.366774] (-) TimerEvent: {}
[60.467192] (-) TimerEvent: {}
[60.567610] (-) TimerEvent: {}
[60.668034] (-) TimerEvent: {}
[60.768472] (-) TimerEvent: {}
[60.868884] (-) TimerEvent: {}
[60.969282] (-) TimerEvent: {}
[61.069723] (-) TimerEvent: {}
[61.170169] (-) TimerEvent: {}
[61.270584] (-) TimerEvent: {}
[61.370981] (-) TimerEvent: {}
[61.471387] (-) TimerEvent: {}
[61.571823] (-) TimerEvent: {}
[61.672283] (-) TimerEvent: {}
[61.772843] (-) TimerEvent: {}
[61.873287] (-) TimerEvent: {}
[61.973695] (-) TimerEvent: {}
[62.074092] (-) TimerEvent: {}
[62.174523] (-) TimerEvent: {}
[62.274970] (-) TimerEvent: {}
[62.375430] (-) TimerEvent: {}
[62.475882] (-) TimerEvent: {}
[62.576303] (-) TimerEvent: {}
[62.676755] (-) TimerEvent: {}
[62.777126] (-) TimerEvent: {}
[62.877536] (-) TimerEvent: {}
[62.977984] (-) TimerEvent: {}
[63.078409] (-) TimerEvent: {}
[63.178847] (-) TimerEvent: {}
[63.279323] (-) TimerEvent: {}
[63.379836] (-) TimerEvent: {}
[63.480238] (-) TimerEvent: {}
[63.580774] (-) TimerEvent: {}
[63.681224] (-) TimerEvent: {}
[63.781716] (-) TimerEvent: {}
[63.882164] (-) TimerEvent: {}
[63.982617] (-) TimerEvent: {}
[64.083069] (-) TimerEvent: {}
[64.183509] (-) TimerEvent: {}
[64.283940] (-) TimerEvent: {}
[64.384365] (-) TimerEvent: {}
[64.484871] (-) TimerEvent: {}
[64.585290] (-) TimerEvent: {}
[64.685710] (-) TimerEvent: {}
[64.786147] (-) TimerEvent: {}
[64.886580] (-) TimerEvent: {}
[64.987002] (-) TimerEvent: {}
[65.087446] (-) TimerEvent: {}
[65.187892] (-) TimerEvent: {}
[65.288356] (-) TimerEvent: {}
[65.388809] (-) TimerEvent: {}
[65.489248] (-) TimerEvent: {}
[65.589721] (-) TimerEvent: {}
[65.690199] (-) TimerEvent: {}
[65.790660] (-) TimerEvent: {}
[65.891083] (-) TimerEvent: {}
[65.991551] (-) TimerEvent: {}
[66.092275] (-) TimerEvent: {}
[66.192806] (-) TimerEvent: {}
[66.293273] (-) TimerEvent: {}
[66.393729] (-) TimerEvent: {}
[66.494145] (-) TimerEvent: {}
[66.594596] (-) TimerEvent: {}
[66.695071] (-) TimerEvent: {}
[66.795541] (-) TimerEvent: {}
[66.896035] (-) TimerEvent: {}
[66.996541] (-) TimerEvent: {}
[67.096958] (-) TimerEvent: {}
[67.197344] (-) TimerEvent: {}
[67.297774] (-) TimerEvent: {}
[67.398216] (-) TimerEvent: {}
[67.498653] (-) TimerEvent: {}
[67.599080] (-) TimerEvent: {}
[67.699563] (-) TimerEvent: {}
[67.800018] (-) TimerEvent: {}
[67.900509] (-) TimerEvent: {}
[68.000958] (-) TimerEvent: {}
[68.101391] (-) TimerEvent: {}
[68.201848] (-) TimerEvent: {}
[68.302297] (-) TimerEvent: {}
[68.402751] (-) TimerEvent: {}
[68.503205] (-) TimerEvent: {}
[68.603674] (-) TimerEvent: {}
[68.704152] (-) TimerEvent: {}
[68.804627] (-) TimerEvent: {}
[68.905105] (-) TimerEvent: {}
[69.005566] (-) TimerEvent: {}
[69.105992] (-) TimerEvent: {}
[69.206420] (-) TimerEvent: {}
[69.306861] (-) TimerEvent: {}
[69.407304] (-) TimerEvent: {}
[69.507976] (-) TimerEvent: {}
[69.608481] (-) TimerEvent: {}
[69.708909] (-) TimerEvent: {}
[69.809340] (-) TimerEvent: {}
[69.909798] (-) TimerEvent: {}
[70.010222] (-) TimerEvent: {}
[70.110698] (-) TimerEvent: {}
[70.211162] (-) TimerEvent: {}
[70.311613] (-) TimerEvent: {}
[70.412051] (-) TimerEvent: {}
[70.512525] (-) TimerEvent: {}
[70.612980] (-) TimerEvent: {}
[70.713457] (-) TimerEvent: {}
[70.813931] (-) TimerEvent: {}
[70.914391] (-) TimerEvent: {}
[71.014861] (-) TimerEvent: {}
[71.115347] (-) TimerEvent: {}
[71.215833] (-) TimerEvent: {}
[71.316301] (-) TimerEvent: {}
[71.416770] (-) TimerEvent: {}
[71.517207] (-) TimerEvent: {}
[71.617674] (-) TimerEvent: {}
[71.718158] (-) TimerEvent: {}
[71.818643] (-) TimerEvent: {}
[71.919120] (-) TimerEvent: {}
[72.019590] (-) TimerEvent: {}
[72.120076] (-) TimerEvent: {}
[72.220563] (-) TimerEvent: {}
[72.321043] (-) TimerEvent: {}
[72.421496] (-) TimerEvent: {}
[72.521965] (-) TimerEvent: {}
[72.622426] (-) TimerEvent: {}
[72.722897] (-) TimerEvent: {}
[72.823533] (-) TimerEvent: {}
[72.923964] (-) TimerEvent: {}
[73.024406] (-) TimerEvent: {}
[73.124830] (-) TimerEvent: {}
[73.225207] (-) TimerEvent: {}
[73.325628] (-) TimerEvent: {}
[73.426140] (-) TimerEvent: {}
[73.526627] (-) TimerEvent: {}
[73.627073] (-) TimerEvent: {}
[73.727533] (-) TimerEvent: {}
[73.828012] (-) TimerEvent: {}
[73.928769] (-) TimerEvent: {}
[74.029266] (-) TimerEvent: {}
[74.129720] (-) TimerEvent: {}
[74.230189] (-) TimerEvent: {}
[74.330637] (-) TimerEvent: {}
[74.431159] (-) TimerEvent: {}
[74.531684] (-) TimerEvent: {}
[74.632252] (-) TimerEvent: {}
[74.732869] (-) TimerEvent: {}
[74.833397] (-) TimerEvent: {}
[74.933857] (-) TimerEvent: {}
[75.034327] (-) TimerEvent: {}
[75.134791] (-) TimerEvent: {}
[75.235247] (-) TimerEvent: {}
[75.335684] (-) TimerEvent: {}
[75.436134] (-) TimerEvent: {}
[75.536610] (-) TimerEvent: {}
[75.637116] (-) TimerEvent: {}
[75.737569] (-) TimerEvent: {}
[75.838046] (-) TimerEvent: {}
[75.938502] (-) TimerEvent: {}
[76.038939] (-) TimerEvent: {}
[76.139390] (-) TimerEvent: {}
[76.239842] (-) TimerEvent: {}
[76.340266] (-) TimerEvent: {}
[76.440728] (-) TimerEvent: {}
[76.541199] (-) TimerEvent: {}
[76.641667] (-) TimerEvent: {}
[76.742120] (-) TimerEvent: {}
[76.842561] (-) TimerEvent: {}
[76.942972] (-) TimerEvent: {}
[77.043368] (-) TimerEvent: {}
[77.143770] (-) TimerEvent: {}
[77.244213] (-) TimerEvent: {}
[77.344679] (-) TimerEvent: {}
[77.445095] (-) TimerEvent: {}
[77.545530] (-) TimerEvent: {}
[77.645968] (-) TimerEvent: {}
[77.746448] (-) TimerEvent: {}
[77.846901] (-) TimerEvent: {}
[77.947360] (-) TimerEvent: {}
[78.047828] (-) TimerEvent: {}
[78.148284] (-) TimerEvent: {}
[78.248738] (-) TimerEvent: {}
[78.349170] (-) TimerEvent: {}
[78.449607] (-) TimerEvent: {}
[78.550044] (-) TimerEvent: {}
[78.650468] (-) TimerEvent: {}
[78.750861] (-) TimerEvent: {}
[78.851270] (-) TimerEvent: {}
[78.951708] (-) TimerEvent: {}
[79.052144] (-) TimerEvent: {}
[79.152580] (-) TimerEvent: {}
[79.252978] (-) TimerEvent: {}
[79.353394] (-) TimerEvent: {}
[79.453809] (-) TimerEvent: {}
[79.554236] (-) TimerEvent: {}
[79.654648] (-) TimerEvent: {}
[79.755026] (-) TimerEvent: {}
[79.855483] (-) TimerEvent: {}
[79.955899] (-) TimerEvent: {}
[80.056328] (-) TimerEvent: {}
[80.156773] (-) TimerEvent: {}
[80.257173] (-) TimerEvent: {}
[80.357597] (-) TimerEvent: {}
[80.457991] (-) TimerEvent: {}
[80.558412] (-) TimerEvent: {}
[80.658860] (-) TimerEvent: {}
[80.759313] (-) TimerEvent: {}
[80.859781] (-) TimerEvent: {}
[80.960238] (-) TimerEvent: {}
[81.060724] (-) TimerEvent: {}
[81.161175] (-) TimerEvent: {}
[81.261592] (-) TimerEvent: {}
[81.362006] (-) TimerEvent: {}
[81.462425] (-) TimerEvent: {}
[81.562806] (-) TimerEvent: {}
[81.663214] (-) TimerEvent: {}
[81.763657] (-) TimerEvent: {}
[81.864090] (-) TimerEvent: {}
[81.964834] (-) TimerEvent: {}
[82.065284] (-) TimerEvent: {}
[82.165749] (-) TimerEvent: {}
[82.266197] (-) TimerEvent: {}
[82.366642] (-) TimerEvent: {}
[82.467086] (-) TimerEvent: {}
[82.567511] (-) TimerEvent: {}
[82.667936] (-) TimerEvent: {}
[82.768409] (-) TimerEvent: {}
[82.868854] (-) TimerEvent: {}
[82.969280] (-) TimerEvent: {}
[83.069712] (-) TimerEvent: {}
[83.170147] (-) TimerEvent: {}
[83.270592] (-) TimerEvent: {}
[83.371035] (-) TimerEvent: {}
[83.471459] (-) TimerEvent: {}
[83.571904] (-) TimerEvent: {}
[83.672329] (-) TimerEvent: {}
[83.772783] (-) TimerEvent: {}
[83.873303] (-) TimerEvent: {}
[83.973806] (-) TimerEvent: {}
[84.074238] (-) TimerEvent: {}
[84.174679] (-) TimerEvent: {}
[84.275193] (-) TimerEvent: {}
[84.375625] (-) TimerEvent: {}
[84.476068] (-) TimerEvent: {}
[84.576592] (-) TimerEvent: {}
[84.677066] (-) TimerEvent: {}
[84.777542] (-) TimerEvent: {}
[84.878162] (-) TimerEvent: {}
[84.978608] (-) TimerEvent: {}
[85.079129] (-) TimerEvent: {}
[85.179766] (-) TimerEvent: {}
[85.280235] (-) TimerEvent: {}
[85.380706] (-) TimerEvent: {}
[85.481207] (-) TimerEvent: {}
[85.581687] (-) TimerEvent: {}
[85.682136] (-) TimerEvent: {}
[85.782593] (-) TimerEvent: {}
[85.883011] (-) TimerEvent: {}
[85.983485] (-) TimerEvent: {}
[86.084038] (-) TimerEvent: {}
[86.184570] (-) TimerEvent: {}
[86.285130] (-) TimerEvent: {}
[86.385636] (-) TimerEvent: {}
[86.486162] (-) TimerEvent: {}
[86.586596] (-) TimerEvent: {}
[86.687027] (-) TimerEvent: {}
[86.787502] (-) TimerEvent: {}
[86.887954] (-) TimerEvent: {}
[86.988468] (-) TimerEvent: {}
[87.088924] (-) TimerEvent: {}
[87.189394] (-) TimerEvent: {}
[87.289843] (-) TimerEvent: {}
[87.390298] (-) TimerEvent: {}
[87.490760] (-) TimerEvent: {}
[87.591222] (-) TimerEvent: {}
[87.691687] (-) TimerEvent: {}
[87.792164] (-) TimerEvent: {}
[87.892676] (-) TimerEvent: {}
[87.993141] (-) TimerEvent: {}
[88.093607] (-) TimerEvent: {}
[88.194051] (-) TimerEvent: {}
[88.294495] (-) TimerEvent: {}
[88.394965] (-) TimerEvent: {}
[88.495441] (-) TimerEvent: {}
[88.595937] (-) TimerEvent: {}
[88.696470] (-) TimerEvent: {}
[88.796928] (-) TimerEvent: {}
[88.897385] (-) TimerEvent: {}
[88.997846] (-) TimerEvent: {}
[89.098304] (-) TimerEvent: {}
[89.198765] (-) TimerEvent: {}
[89.299213] (-) TimerEvent: {}
[89.399784] (-) TimerEvent: {}
[89.500293] (-) TimerEvent: {}
[89.600830] (-) TimerEvent: {}
[89.701320] (-) TimerEvent: {}
[89.801773] (-) TimerEvent: {}
[89.902166] (-) TimerEvent: {}
[90.002579] (-) TimerEvent: {}
[90.102983] (-) TimerEvent: {}
[90.203479] (-) TimerEvent: {}
[90.303974] (-) TimerEvent: {}
[90.404486] (-) TimerEvent: {}
[90.505016] (-) TimerEvent: {}
[90.605547] (-) TimerEvent: {}
[90.706020] (-) TimerEvent: {}
[90.806489] (-) TimerEvent: {}
[90.906945] (-) TimerEvent: {}
[91.007460] (-) TimerEvent: {}
[91.107959] (-) TimerEvent: {}
[91.208440] (-) TimerEvent: {}
[91.308940] (-) TimerEvent: {}
[91.409513] (-) TimerEvent: {}
[91.510050] (-) TimerEvent: {}
[91.610514] (-) TimerEvent: {}
[91.710985] (-) TimerEvent: {}
[91.811546] (-) TimerEvent: {}
[91.912021] (-) TimerEvent: {}
[92.012514] (-) TimerEvent: {}
[92.112971] (-) TimerEvent: {}
[92.213430] (-) TimerEvent: {}
[92.313907] (-) TimerEvent: {}
[92.414641] (-) TimerEvent: {}
[92.515047] (-) TimerEvent: {}
[92.615453] (-) TimerEvent: {}
[92.715829] (-) TimerEvent: {}
[92.816230] (-) TimerEvent: {}
[92.916656] (-) TimerEvent: {}
[93.017062] (-) TimerEvent: {}
[93.117463] (-) TimerEvent: {}
[93.217835] (-) TimerEvent: {}
[93.318225] (-) TimerEvent: {}
[93.418627] (-) TimerEvent: {}
[93.519059] (-) TimerEvent: {}
[93.619487] (-) TimerEvent: {}
[93.625881] (pcd_ndt_localization) StdoutLine: {'line': b'[100%] Linking CXX executable pcd_ndt_localizer\n'}
[93.719672] (-) TimerEvent: {}
[93.820062] (-) TimerEvent: {}
[93.920520] (-) TimerEvent: {}
[94.020945] (-) TimerEvent: {}
[94.121370] (-) TimerEvent: {}
[94.221796] (-) TimerEvent: {}
[94.322238] (-) TimerEvent: {}
[94.422671] (-) TimerEvent: {}
[94.523129] (-) TimerEvent: {}
[94.623562] (-) TimerEvent: {}
[94.723990] (-) TimerEvent: {}
[94.824450] (-) TimerEvent: {}
[94.925946] (-) TimerEvent: {}
[95.026376] (-) TimerEvent: {}
[95.126839] (-) TimerEvent: {}
[95.227405] (-) TimerEvent: {}
[95.327883] (-) TimerEvent: {}
[95.428360] (-) TimerEvent: {}
[95.528846] (-) TimerEvent: {}
[95.629367] (-) TimerEvent: {}
[95.729783] (-) TimerEvent: {}
[95.830194] (-) TimerEvent: {}
[95.930600] (-) TimerEvent: {}
[96.031016] (-) TimerEvent: {}
[96.131478] (-) TimerEvent: {}
[96.231954] (-) TimerEvent: {}
[96.332444] (-) TimerEvent: {}
[96.373167] (pcd_ndt_localization) StdoutLine: {'line': b'[100%] Built target pcd_ndt_localizer\n'}
[96.382638] (pcd_ndt_localization) CommandEnded: {'returncode': 0}
[96.385414] (pcd_ndt_localization) JobProgress: {'identifier': 'pcd_ndt_localization', 'progress': 'install'}
[96.396619] (pcd_ndt_localization) Command: {'cmd': ['/usr/local/bin/cmake', '--install', '/home/seeed/ros2/ws/build/pcd_ndt_localization'], 'cwd': '/home/seeed/ros2/ws/build/pcd_ndt_localization', 'env': OrderedDict([('LANGUAGE', 'zh_CN:en'), ('USER', 'seeed'), ('SSH_CLIENT', '172.20.10.3 34953 22'), ('LC_TIME', 'zh_CN.UTF-8'), ('ROS_PACKAGE_PATH', '/home/seeed/ros2/ws/install/vikit_common/share:/home/seeed/ros2/ws/install/ugv_sdk/share'), ('XDG_SESSION_TYPE', 'tty'), ('SHLVL', '0'), ('LD_LIBRARY_PATH', '/home/seeed/ros2/ws/install/vikit_ros/lib:/home/seeed/ros2/ws/install/vikit_common/lib:/home/seeed/ros2/ws/install/ranger_msgs/lib:/home/seeed/ros2/ws/install/fast_lio/lib:/home/seeed/ros2/ws/install/livox_ros_driver2/lib:/opt/ros/humble/opt/rviz_ogre_vendor/lib:/opt/ros/humble/lib/aarch64-linux-gnu:/opt/ros/humble/lib'), ('MOTD_SHOWN', 'pam'), ('HOME', '/home/seeed'), ('OLDPWD', '/home/seeed'), ('ROS_PYTHON_VERSION', '3'), ('LC_MONETARY', 'zh_CN.UTF-8'), ('ROS_IP', '172.20.10.2'), ('LC_CTYPE', 'C.UTF-8'), ('DBUS_SESSION_BUS_ADDRESS', 'unix:path=/run/user/1000/bus'), ('COLCON_PREFIX_PATH', '/home/seeed/ros2/ws/install'), ('ROS_DISTRO', 'humble'), ('LOGNAME', 'seeed'), ('ROS_VERSION', '2'), ('PKG_CONFIG_PATH', '/home/seeed/ros2/ws/install/vikit_common/lib/aarch64-linux-gnu/pkgconfig:/home/seeed/ros2/ws/install/vikit_common/lib/pkgconfig:/home/seeed/ros2/ws/install/ugv_sdk/lib/aarch64-linux-gnu/pkgconfig:/home/seeed/ros2/ws/install/ugv_sdk/lib/pkgconfig'), ('XDG_SESSION_CLASS', 'user'), ('XDG_SESSION_ID', '115'), ('ROS_LOCALHOST_ONLY', '0'), ('PATH', '/opt/ros/humble/bin:/usr/local/sbin:/usr/local/bin:/usr/sbin:/usr/bin:/sbin:/bin:/usr/games:/usr/local/games:/snap/bin'), ('FASTRTPS_DEFAULT_PROFILES_FILE', '/home/seeed/ros2/fastrtps_profile.xml'), ('PAPERSIZE', 'a4'), ('LC_ADDRESS', 'zh_CN.UTF-8'), ('XDG_RUNTIME_DIR', '/run/user/1000'), ('DISPLAY', 'localhost:11.0'), ('LANG', 'zh_CN.UTF-8'), ('LC_TELEPHONE', 'zh_CN.UTF-8'), ('RMW_IMPLEMENTATION', 'rmw_fastrtps_cpp'), ('ROS_DOMAIN_ID', '0'), ('AMENT_PREFIX_PATH', '/home/seeed/ros2/ws/install/vikit_ros:/home/seeed/ros2/ws/install/ranger_base:/home/seeed/ros2/ws/install/ranger_msgs:/home/seeed/ros2/ws/install/ranger_bringup:/home/seeed/ros2/ws/install/pcd_ndt_localization:/home/seeed/ros2/ws/install/nav_tf_bridge:/home/seeed/ros2/ws/install/fast_lio:/home/seeed/ros2/ws/install/livox_ros_driver2:/opt/ros/humble'), ('SHELL', '/bin/bash'), ('LC_NAME', 'zh_CN.UTF-8'), ('LC_MEASUREMENT', 'zh_CN.UTF-8'), ('LC_IDENTIFICATION', 'zh_CN.UTF-8'), ('PWD', '/home/seeed/ros2/ws/build/pcd_ndt_localization'), ('LC_ALL', 'en_US.UTF-8'), ('SSH_CONNECTION', '172.20.10.3 34953 172.20.10.2 22'), ('PYTHONPATH', '/home/seeed/ros2/ws/install/ranger_msgs/local/lib/python3.10/dist-packages:/home/seeed/ros2/ws/install/fast_lio/local/lib/python3.10/dist-packages:/home/seeed/ros2/ws/install/livox_ros_driver2/local/lib/python3.10/dist-packages:/opt/ros/humble/lib/python3.10/site-packages:/opt/ros/humble/local/lib/python3.10/dist-packages'), ('LC_NUMERIC', 'zh_CN.UTF-8'), ('LC_PAPER', 'zh_CN.UTF-8'), ('COLCON', '1'), ('CMAKE_PREFIX_PATH', '/home/seeed/ros2/ws/install/vikit_ros:/opt/ros/humble:/home/seeed/ros2/ws/install/vikit_common:/home/seeed/ros2/ws/install/ranger_base:/home/seeed/ros2/ws/install/ugv_sdk:/home/seeed/ros2/ws/install/ranger_msgs:/home/seeed/ros2/ws/install/ranger_bringup:/home/seeed/ros2/ws/install/pcd_ndt_localization:/home/seeed/ros2/ws/install/nav_tf_bridge:/home/seeed/ros2/ws/install/fast_lio:/home/seeed/ros2/ws/install/livox_ros_driver2')]), 'shell': False}
[96.399817] (pcd_ndt_localization) StdoutLine: {'line': b'-- Install configuration: "Release"\n'}
[96.401943] (pcd_ndt_localization) StdoutLine: {'line': b'-- Execute custom install script\n'}
[96.403279] (pcd_ndt_localization) StdoutLine: {'line': b'-- Up-to-date symlink: /home/seeed/ros2/ws/install/pcd_ndt_localization/lib/pcd_ndt_localization/pcd_ndt_localizer\n'}
[96.404322] (pcd_ndt_localization) StdoutLine: {'line': b'-- Up-to-date symlink: /home/seeed/ros2/ws/install/pcd_ndt_localization/lib/pcd_ndt_localization/pcd_occupancy_grid_publisher\n'}
[96.406337] (pcd_ndt_localization) StdoutLine: {'line': b'-- Up-to-date symlink: /home/seeed/ros2/ws/install/pcd_ndt_localization/share/pcd_ndt_localization/config/ndt_localization.yaml\n'}
[96.408439] (pcd_ndt_localization) StdoutLine: {'line': b'-- Up-to-date symlink: /home/seeed/ros2/ws/install/pcd_ndt_localization/share/pcd_ndt_localization/launch/localization.launch.py\n'}
[96.408963] (pcd_ndt_localization) StdoutLine: {'line': b'-- Up-to-date symlink: /home/seeed/ros2/ws/install/pcd_ndt_localization/share/ament_index/resource_index/package_run_dependencies/pcd_ndt_localization\n'}
[96.409371] (pcd_ndt_localization) StdoutLine: {'line': b'-- Up-to-date symlink: /home/seeed/ros2/ws/install/pcd_ndt_localization/share/ament_index/resource_index/parent_prefix_path/pcd_ndt_localization\n'}
[96.409570] (pcd_ndt_localization) StdoutLine: {'line': b'-- Up-to-date symlink: /home/seeed/ros2/ws/install/pcd_ndt_localization/share/pcd_ndt_localization/environment/ament_prefix_path.sh\n'}
[96.410401] (pcd_ndt_localization) StdoutLine: {'line': b'-- Up-to-date symlink: /home/seeed/ros2/ws/install/pcd_ndt_localization/share/pcd_ndt_localization/environment/ament_prefix_path.dsv\n'}
[96.410939] (pcd_ndt_localization) StdoutLine: {'line': b'-- Up-to-date symlink: /home/seeed/ros2/ws/install/pcd_ndt_localization/share/pcd_ndt_localization/environment/path.sh\n'}
[96.411725] (pcd_ndt_localization) StdoutLine: {'line': b'-- Up-to-date symlink: /home/seeed/ros2/ws/install/pcd_ndt_localization/share/pcd_ndt_localization/environment/path.dsv\n'}
[96.412700] (pcd_ndt_localization) StdoutLine: {'line': b'-- Up-to-date symlink: /home/seeed/ros2/ws/install/pcd_ndt_localization/share/pcd_ndt_localization/local_setup.bash\n'}
[96.412911] (pcd_ndt_localization) StdoutLine: {'line': b'-- Up-to-date symlink: /home/seeed/ros2/ws/install/pcd_ndt_localization/share/pcd_ndt_localization/local_setup.sh\n'}
[96.413307] (pcd_ndt_localization) StdoutLine: {'line': b'-- Up-to-date symlink: /home/seeed/ros2/ws/install/pcd_ndt_localization/share/pcd_ndt_localization/local_setup.zsh\n'}
[96.413794] (pcd_ndt_localization) StdoutLine: {'line': b'-- Up-to-date symlink: /home/seeed/ros2/ws/install/pcd_ndt_localization/share/pcd_ndt_localization/local_setup.dsv\n'}
[96.414531] (pcd_ndt_localization) StdoutLine: {'line': b'-- Symlinking: /home/seeed/ros2/ws/install/pcd_ndt_localization/share/pcd_ndt_localization/package.dsv\n'}
[96.420006] (pcd_ndt_localization) StdoutLine: {'line': b'-- Up-to-date symlink: /home/seeed/ros2/ws/install/pcd_ndt_localization/share/ament_index/resource_index/packages/pcd_ndt_localization\n'}
[96.420651] (pcd_ndt_localization) StdoutLine: {'line': b'-- Up-to-date symlink: /home/seeed/ros2/ws/install/pcd_ndt_localization/share/pcd_ndt_localization/cmake/pcd_ndt_localizationConfig.cmake\n'}
[96.420945] (pcd_ndt_localization) StdoutLine: {'line': b'-- Up-to-date symlink: /home/seeed/ros2/ws/install/pcd_ndt_localization/share/pcd_ndt_localization/cmake/pcd_ndt_localizationConfig-version.cmake\n'}
[96.421094] (pcd_ndt_localization) StdoutLine: {'line': b'-- Up-to-date symlink: /home/seeed/ros2/ws/install/pcd_ndt_localization/share/pcd_ndt_localization/package.xml\n'}
[96.423484] (pcd_ndt_localization) CommandEnded: {'returncode': 0}
[96.433521] (-) TimerEvent: {}
[96.486532] (pcd_ndt_localization) JobEnded: {'identifier': 'pcd_ndt_localization', 'rc': 0}
[96.488094] (-) EventReactorShutdown: {}
