[0.000000] (-) TimerEvent: {}
[0.000556] (-) JobUnselected: {'identifier': 'livox_ros_driver2'}
[0.000848] (-) JobUnselected: {'identifier': 'nav_tf_bridge'}
[0.001122] (-) JobUnselected: {'identifier': 'pcd_ndt_localization'}
[0.001225] (-) JobUnselected: {'identifier': 'ranger_base'}
[0.001305] (-) JobUnselected: {'identifier': 'ranger_bringup'}
[0.001379] (-) JobUnselected: {'identifier': 'ranger_msgs'}
[0.001448] (-) JobUnselected: {'identifier': 'ugv_sdk'}
[0.001516] (-) JobUnselected: {'identifier': 'vikit_common'}
[0.001583] (-) JobUnselected: {'identifier': 'vikit_ros'}
[0.001674] (fast_lio) JobQueued: {'identifier': 'fast_lio', 'dependencies': OrderedDict([('livox_ros_driver2', '/home/seeed/ros2/ws/install/livox_ros_driver2')])}
[0.001769] (fast_lio) JobStarted: {'identifier': 'fast_lio'}
[0.019478] (fast_lio) JobProgress: {'identifier': 'fast_lio', 'progress': 'cmake'}
[0.021758] (fast_lio) JobProgress: {'identifier': 'fast_lio', 'progress': 'build'}
[0.023640] (fast_lio) Command: {'cmd': ['/usr/local/bin/cmake', '--build', '/home/seeed/ros2/ws/build/fast_lio', '--', '-j6', '-l6'], 'cwd': '/home/seeed/ros2/ws/build/fast_lio', 'env': OrderedDict([('LANGUAGE', 'zh_CN:en'), ('USER', 'seeed'), ('SSH_CLIENT', '10.200.24.83 56429 22'), ('LC_TIME', 'zh_CN.UTF-8'), ('XDG_SESSION_TYPE', 'tty'), ('SHLVL', '0'), ('LD_LIBRARY_PATH', '/home/seeed/ros2/ws/install/livox_ros_driver2/lib:/opt/ros/humble/opt/rviz_ogre_vendor/lib:/opt/ros/humble/lib/aarch64-linux-gnu:/opt/ros/humble/lib'), ('MOTD_SHOWN', 'pam'), ('HOME', '/home/seeed'), ('OLDPWD', '/home/seeed'), ('ROS_PYTHON_VERSION', '3'), ('LC_MONETARY', 'zh_CN.UTF-8'), ('DBUS_SESSION_BUS_ADDRESS', 'unix:path=/run/user/1000/bus'), ('ROS_DISTRO', 'humble'), ('LOGNAME', 'seeed'), ('_', '/usr/bin/colcon'), ('ROS_VERSION', '2'), ('XDG_SESSION_CLASS', 'user'), ('XDG_SESSION_ID', '30'), ('ROS_LOCALHOST_ONLY', '0'), ('PATH', '/opt/ros/humble/bin:/usr/local/sbin:/usr/local/bin:/usr/sbin:/usr/bin:/sbin:/bin:/usr/games:/usr/local/games:/snap/bin'), ('PAPERSIZE', 'a4'), ('LC_ADDRESS', 'zh_CN.UTF-8'), ('XDG_RUNTIME_DIR', '/run/user/1000'), ('DISPLAY', 'localhost:11.0'), ('LANG', 'zh_CN.UTF-8'), ('LC_TELEPHONE', 'zh_CN.UTF-8'), ('AMENT_PREFIX_PATH', '/home/seeed/ros2/ws/install/livox_ros_driver2:/opt/ros/humble'), ('SHELL', '/bin/bash'), ('LC_NAME', 'zh_CN.UTF-8'), ('LC_MEASUREMENT', 'zh_CN.UTF-8'), ('LC_IDENTIFICATION', 'zh_CN.UTF-8'), ('PWD', '/home/seeed/ros2/ws/build/fast_lio'), ('LC_ALL', 'en_US.UTF-8'), ('SSH_CONNECTION', '10.200.24.83 56429 10.200.54.207 22'), ('PYTHONPATH', '/home/seeed/ros2/ws/install/livox_ros_driver2/local/lib/python3.10/dist-packages:/opt/ros/humble/lib/python3.10/site-packages:/opt/ros/humble/local/lib/python3.10/dist-packages'), ('LC_NUMERIC', 'zh_CN.UTF-8'), ('LC_PAPER', 'zh_CN.UTF-8'), ('COLCON', '1'), ('CMAKE_PREFIX_PATH', '/home/seeed/ros2/ws/install/livox_ros_driver2:/opt/ros/humble')]), 'shell': False}
[0.074929] (fast_lio) StdoutLine: {'line': b'[  2%] Built target fast_lio__rs\n'}
[0.076501] (fast_lio) StdoutLine: {'line': b'[  5%] Built target fast_lio__cpp\n'}
[0.077532] (fast_lio) StdoutLine: {'line': b'[ 13%] Built target fast_lio__rosidl_generator_c\n'}
[0.079689] (fast_lio) StdoutLine: {'line': b'[ 13%] Built target ament_cmake_python_symlink_fast_lio\n'}
[0.096903] (fast_lio) StdoutLine: {'line': b'[ 41%] Built target fast_lio__rosidl_typesupport_cpp\n'}
[0.097366] (fast_lio) StdoutLine: {'line': b'[ 44%] Built target fast_lio__rosidl_typesupport_introspection_c\n'}
[0.097765] (fast_lio) StdoutLine: {'line': b'[ 47%] Built target fast_lio__rosidl_typesupport_fastrtps_cpp\n'}
[0.097929] (fast_lio) StdoutLine: {'line': b'[ 55%] Built target fast_lio__rosidl_typesupport_c\n'}
[0.098075] (fast_lio) StdoutLine: {'line': b'[ 44%] Built target fast_lio__rosidl_typesupport_introspection_cpp\n'}
[0.098666] (fast_lio) StdoutLine: {'line': b'[ 63%] Built target fast_lio__rosidl_typesupport_fastrtps_c\n'}
[0.098919] (-) TimerEvent: {}
[0.115328] (fast_lio) StdoutLine: {'line': b'[ 63%] Built target fast_lio\n'}
[0.132262] (fast_lio) StdoutLine: {'line': b'[ 66%] Built target fast_lio__py\n'}
[0.152719] (fast_lio) StdoutLine: {'line': b'[ 72%] Built target fast_lio__rosidl_generator_py\n'}
[0.176139] (fast_lio) StdoutLine: {'line': b'[ 83%] Built target fast_lio__rosidl_typesupport_fastrtps_c__pyext\n'}
[0.176566] (fast_lio) StdoutLine: {'line': b'[ 83%] Built target fast_lio__rosidl_typesupport_introspection_c__pyext\n'}
[0.176745] (fast_lio) StdoutLine: {'line': b'[ 88%] Built target fast_lio__rosidl_typesupport_c__pyext\n'}
[0.199076] (-) TimerEvent: {}
[0.207794] (fast_lio) StdoutLine: {'line': b'[ 91%] Building CXX object CMakeFiles/fastlio_mapping.dir/src/laserMapping.cpp.o\n'}
[0.209910] (fast_lio) StdoutLine: {'line': b'[ 94%] Building CXX object CMakeFiles/fastlio_mapping.dir/src/preprocess.cpp.o\n'}
[0.299242] (-) TimerEvent: {}
[0.399563] (-) TimerEvent: {}
[0.499845] (-) TimerEvent: {}
[0.600108] (-) TimerEvent: {}
[0.625122] (fast_lio) StdoutLine: {'line': b'running egg_info\n'}
[0.626967] (fast_lio) StdoutLine: {'line': b'writing fast_lio.egg-info/PKG-INFO\n'}
[0.627557] (fast_lio) StdoutLine: {'line': b'writing dependency_links to fast_lio.egg-info/dependency_links.txt\n'}
[0.627975] (fast_lio) StdoutLine: {'line': b'writing top-level names to fast_lio.egg-info/top_level.txt\n'}
[0.632892] (fast_lio) StdoutLine: {'line': b"reading manifest file 'fast_lio.egg-info/SOURCES.txt'\n"}
[0.634144] (fast_lio) StdoutLine: {'line': b"writing manifest file 'fast_lio.egg-info/SOURCES.txt'\n"}
[0.696365] (fast_lio) StdoutLine: {'line': b'[ 94%] Built target ament_cmake_python_build_fast_lio_egg\n'}
[0.700190] (-) TimerEvent: {}
[0.800447] (-) TimerEvent: {}
[0.900822] (-) TimerEvent: {}
[1.001170] (-) TimerEvent: {}
[1.101508] (-) TimerEvent: {}
[1.201854] (-) TimerEvent: {}
[1.302164] (-) TimerEvent: {}
[1.402467] (-) TimerEvent: {}
[1.502831] (-) TimerEvent: {}
[1.603216] (-) TimerEvent: {}
[1.703568] (-) TimerEvent: {}
[1.803911] (-) TimerEvent: {}
[1.904260] (-) TimerEvent: {}
[2.004598] (-) TimerEvent: {}
[2.104946] (-) TimerEvent: {}
[2.205241] (-) TimerEvent: {}
[2.305543] (-) TimerEvent: {}
[2.405842] (-) TimerEvent: {}
[2.506149] (-) TimerEvent: {}
[2.606453] (-) TimerEvent: {}
[2.706754] (-) TimerEvent: {}
[2.807087] (-) TimerEvent: {}
[2.907435] (-) TimerEvent: {}
[3.007727] (-) TimerEvent: {}
[3.108011] (-) TimerEvent: {}
[3.208275] (-) TimerEvent: {}
[3.308519] (-) TimerEvent: {}
[3.408767] (-) TimerEvent: {}
[3.509025] (-) TimerEvent: {}
[3.609349] (-) TimerEvent: {}
[3.709692] (-) TimerEvent: {}
[3.810035] (-) TimerEvent: {}
[3.910399] (-) TimerEvent: {}
[4.010766] (-) TimerEvent: {}
[4.111112] (-) TimerEvent: {}
[4.211398] (-) TimerEvent: {}
[4.311678] (-) TimerEvent: {}
[4.411961] (-) TimerEvent: {}
[4.512248] (-) TimerEvent: {}
[4.612554] (-) TimerEvent: {}
[4.712831] (-) TimerEvent: {}
[4.813135] (-) TimerEvent: {}
[4.913461] (-) TimerEvent: {}
[5.013714] (-) TimerEvent: {}
[5.114032] (-) TimerEvent: {}
[5.214373] (-) TimerEvent: {}
[5.314651] (-) TimerEvent: {}
[5.414933] (-) TimerEvent: {}
[5.515189] (-) TimerEvent: {}
[5.615491] (-) TimerEvent: {}
[5.715809] (-) TimerEvent: {}
[5.816123] (-) TimerEvent: {}
[5.916482] (-) TimerEvent: {}
[6.016837] (-) TimerEvent: {}
[6.117161] (-) TimerEvent: {}
[6.217415] (-) TimerEvent: {}
[6.317662] (-) TimerEvent: {}
[6.417908] (-) TimerEvent: {}
[6.518209] (-) TimerEvent: {}
[6.618585] (-) TimerEvent: {}
[6.718946] (-) TimerEvent: {}
[6.819280] (-) TimerEvent: {}
[6.919618] (-) TimerEvent: {}
[7.019881] (-) TimerEvent: {}
[7.120133] (-) TimerEvent: {}
[7.220375] (-) TimerEvent: {}
[7.320610] (-) TimerEvent: {}
[7.420855] (-) TimerEvent: {}
[7.521099] (-) TimerEvent: {}
[7.621397] (-) TimerEvent: {}
[7.721756] (-) TimerEvent: {}
[7.822112] (-) TimerEvent: {}
[7.922457] (-) TimerEvent: {}
[8.022779] (-) TimerEvent: {}
[8.123111] (-) TimerEvent: {}
[8.223471] (-) TimerEvent: {}
[8.323755] (-) TimerEvent: {}
[8.424011] (-) TimerEvent: {}
[8.524272] (-) TimerEvent: {}
[8.624547] (-) TimerEvent: {}
[8.724855] (-) TimerEvent: {}
[8.825219] (-) TimerEvent: {}
[8.925541] (-) TimerEvent: {}
[9.025801] (-) TimerEvent: {}
[9.126106] (-) TimerEvent: {}
[9.226485] (-) TimerEvent: {}
[9.326771] (-) TimerEvent: {}
[9.427034] (-) TimerEvent: {}
[9.527290] (-) TimerEvent: {}
[9.627589] (-) TimerEvent: {}
[9.727921] (-) TimerEvent: {}
[9.828243] (-) TimerEvent: {}
[9.928597] (-) TimerEvent: {}
[10.028910] (-) TimerEvent: {}
[10.129176] (-) TimerEvent: {}
[10.229434] (-) TimerEvent: {}
[10.329704] (-) TimerEvent: {}
[10.429974] (-) TimerEvent: {}
[10.530252] (-) TimerEvent: {}
[10.630531] (-) TimerEvent: {}
[10.730789] (-) TimerEvent: {}
[10.831105] (-) TimerEvent: {}
[10.931467] (-) TimerEvent: {}
[11.031782] (-) TimerEvent: {}
[11.132039] (-) TimerEvent: {}
[11.232288] (-) TimerEvent: {}
[11.332528] (-) TimerEvent: {}
[11.432765] (-) TimerEvent: {}
[11.533059] (-) TimerEvent: {}
[11.633424] (-) TimerEvent: {}
[11.733757] (-) TimerEvent: {}
[11.834079] (-) TimerEvent: {}
[11.934464] (-) TimerEvent: {}
[12.034810] (-) TimerEvent: {}
[12.135106] (-) TimerEvent: {}
[12.235395] (-) TimerEvent: {}
[12.335654] (-) TimerEvent: {}
[12.435914] (-) TimerEvent: {}
[12.536189] (-) TimerEvent: {}
[12.636492] (-) TimerEvent: {}
[12.736771] (-) TimerEvent: {}
[12.837091] (-) TimerEvent: {}
[12.937427] (-) TimerEvent: {}
[13.037695] (-) TimerEvent: {}
[13.137993] (-) TimerEvent: {}
[13.238305] (-) TimerEvent: {}
[13.338574] (-) TimerEvent: {}
[13.438832] (-) TimerEvent: {}
[13.539082] (-) TimerEvent: {}
[13.639384] (-) TimerEvent: {}
[13.739754] (-) TimerEvent: {}
[13.840136] (-) TimerEvent: {}
[13.940513] (-) TimerEvent: {}
[14.040842] (-) TimerEvent: {}
[14.141133] (-) TimerEvent: {}
[14.241422] (-) TimerEvent: {}
[14.341696] (-) TimerEvent: {}
[14.441966] (-) TimerEvent: {}
[14.542262] (-) TimerEvent: {}
[14.642545] (-) TimerEvent: {}
[14.742872] (-) TimerEvent: {}
[14.843236] (-) TimerEvent: {}
[14.943571] (-) TimerEvent: {}
[15.043845] (-) TimerEvent: {}
[15.144096] (-) TimerEvent: {}
[15.244343] (-) TimerEvent: {}
[15.344578] (-) TimerEvent: {}
[15.444811] (-) TimerEvent: {}
[15.476154] (fast_lio) StderrLine: {'line': b'In file included from /usr/include/boost/smart_ptr/detail/sp_thread_sleep.hpp:22,\n'}
[15.476675] (fast_lio) StderrLine: {'line': b'                 from /usr/include/boost/smart_ptr/detail/yield_k.hpp:23,\n'}
[15.476848] (fast_lio) StderrLine: {'line': b'                 from /usr/include/boost/smart_ptr/detail/spinlock_gcc_atomic.hpp:14,\n'}
[15.476994] (fast_lio) StderrLine: {'line': b'                 from /usr/include/boost/smart_ptr/detail/spinlock.hpp:42,\n'}
[15.477127] (fast_lio) StderrLine: {'line': b'                 from /usr/include/boost/smart_ptr/detail/spinlock_pool.hpp:25,\n'}
[15.477257] (fast_lio) StderrLine: {'line': b'                 from /usr/include/boost/smart_ptr/shared_ptr.hpp:29,\n'}
[15.477386] (fast_lio) StderrLine: {'line': b'                 from /usr/include/boost/shared_ptr.hpp:17,\n'}
[15.477510] (fast_lio) StderrLine: {'line': b'                 from /usr/include/boost/date_time/microsec_time_clock.hpp:18,\n'}
[15.477633] (fast_lio) StderrLine: {'line': b'                 from /usr/include/boost/interprocess/detail/posix_time_types_wrk.hpp:31,\n'}
[15.477756] (fast_lio) StderrLine: {'line': b'                 from /usr/include/boost/interprocess/detail/os_thread_functions.hpp:36,\n'}
[15.477878] (fast_lio) StderrLine: {'line': b'                 from /usr/include/boost/interprocess/sync/file_lock.hpp:26,\n'}
[15.478001] (fast_lio) StderrLine: {'line': b'                 from /usr/include/pcl-1.12/pcl/io/pcd_io.h:46,\n'}
[15.478119] (fast_lio) StderrLine: {'line': b'                 from /opt/ros/humble/include/pcl_conversions/pcl_conversions/pcl_conversions.h:73,\n'}
[15.478241] (fast_lio) StderrLine: {'line': b'                 from /home/seeed/ros2/ws/src/slam/fast_lio/src/IMU_Processing.hpp:18,\n'}
[15.478360] (fast_lio) StderrLine: {'line': b'                 from /home/seeed/ros2/ws/src/slam/fast_lio/src/laserMapping.cpp:47:\n'}
[15.478480] (fast_lio) StderrLine: {'line': b'/usr/include/boost/bind.hpp:36:1: note: \xe2\x80\x98#pragma message: The practice of declaring the Bind placeholders (_1, _2, ...) in the global namespace is deprecated. Please use <boost/bind/bind.hpp> + using namespace boost::placeholders, or define BOOST_BIND_GLOBAL_PLACEHOLDERS to retain the current behavior.\xe2\x80\x99\n'}
[15.478647] (fast_lio) StderrLine: {'line': b'   36 | BOOST_PRAGMA_MESSAGE(\n'}
[15.478816] (fast_lio) StderrLine: {'line': b'      | ^~~~~~~~~~~~~~~~~~~~\n'}
[15.544957] (-) TimerEvent: {}
[15.645304] (-) TimerEvent: {}
[15.745687] (-) TimerEvent: {}
[15.846032] (-) TimerEvent: {}
[15.946391] (-) TimerEvent: {}
[16.046750] (-) TimerEvent: {}
[16.147023] (-) TimerEvent: {}
[16.247282] (-) TimerEvent: {}
[16.347528] (-) TimerEvent: {}
[16.447764] (-) TimerEvent: {}
[16.548062] (-) TimerEvent: {}
[16.648391] (-) TimerEvent: {}
[16.748717] (-) TimerEvent: {}
[16.849074] (-) TimerEvent: {}
[16.949405] (-) TimerEvent: {}
[17.049687] (-) TimerEvent: {}
[17.150001] (-) TimerEvent: {}
[17.250333] (-) TimerEvent: {}
[17.350593] (-) TimerEvent: {}
[17.450850] (-) TimerEvent: {}
[17.551101] (-) TimerEvent: {}
[17.651410] (-) TimerEvent: {}
[17.751765] (-) TimerEvent: {}
[17.852099] (-) TimerEvent: {}
[17.952429] (-) TimerEvent: {}
[18.052769] (-) TimerEvent: {}
[18.153081] (-) TimerEvent: {}
[18.253374] (-) TimerEvent: {}
[18.353641] (-) TimerEvent: {}
[18.453927] (-) TimerEvent: {}
[18.554199] (-) TimerEvent: {}
[18.654468] (-) TimerEvent: {}
[18.754871] (-) TimerEvent: {}
[18.855217] (-) TimerEvent: {}
[18.955526] (-) TimerEvent: {}
[19.055810] (-) TimerEvent: {}
[19.156072] (-) TimerEvent: {}
[19.256321] (-) TimerEvent: {}
[19.356555] (-) TimerEvent: {}
[19.456785] (-) TimerEvent: {}
[19.557016] (-) TimerEvent: {}
[19.657310] (-) TimerEvent: {}
[19.757673] (-) TimerEvent: {}
[19.858015] (-) TimerEvent: {}
[19.958338] (-) TimerEvent: {}
[20.058711] (-) TimerEvent: {}
[20.159094] (-) TimerEvent: {}
[20.259372] (-) TimerEvent: {}
[20.359646] (-) TimerEvent: {}
[20.459915] (-) TimerEvent: {}
[20.560176] (-) TimerEvent: {}
[20.660446] (-) TimerEvent: {}
[20.760760] (-) TimerEvent: {}
[20.861119] (-) TimerEvent: {}
[20.961442] (-) TimerEvent: {}
[21.061763] (-) TimerEvent: {}
[21.162071] (-) TimerEvent: {}
[21.262338] (-) TimerEvent: {}
[21.362583] (-) TimerEvent: {}
[21.462912] (-) TimerEvent: {}
[21.563263] (-) TimerEvent: {}
[21.663631] (-) TimerEvent: {}
[21.763992] (-) TimerEvent: {}
[21.864299] (-) TimerEvent: {}
[21.964606] (-) TimerEvent: {}
[22.064930] (-) TimerEvent: {}
[22.165201] (-) TimerEvent: {}
[22.265507] (-) TimerEvent: {}
[22.365827] (-) TimerEvent: {}
[22.466095] (-) TimerEvent: {}
[22.566341] (-) TimerEvent: {}
[22.666607] (-) TimerEvent: {}
[22.766953] (-) TimerEvent: {}
[22.867274] (-) TimerEvent: {}
[22.967531] (-) TimerEvent: {}
[23.067799] (-) TimerEvent: {}
[23.168061] (-) TimerEvent: {}
[23.268308] (-) TimerEvent: {}
[23.368552] (-) TimerEvent: {}
[23.468779] (-) TimerEvent: {}
[23.569052] (-) TimerEvent: {}
[23.669350] (-) TimerEvent: {}
[23.769662] (-) TimerEvent: {}
[23.869970] (-) TimerEvent: {}
[23.970279] (-) TimerEvent: {}
[24.070606] (-) TimerEvent: {}
[24.170946] (-) TimerEvent: {}
[24.271257] (-) TimerEvent: {}
[24.371512] (-) TimerEvent: {}
[24.471749] (-) TimerEvent: {}
[24.571983] (-) TimerEvent: {}
[24.672246] (-) TimerEvent: {}
[24.772569] (-) TimerEvent: {}
[24.872891] (-) TimerEvent: {}
[24.973235] (-) TimerEvent: {}
[25.073628] (-) TimerEvent: {}
[25.173962] (-) TimerEvent: {}
[25.274250] (-) TimerEvent: {}
[25.374501] (-) TimerEvent: {}
[25.474751] (-) TimerEvent: {}
[25.575029] (-) TimerEvent: {}
[25.675320] (-) TimerEvent: {}
[25.775626] (-) TimerEvent: {}
[25.875978] (-) TimerEvent: {}
[25.976325] (-) TimerEvent: {}
[26.076640] (-) TimerEvent: {}
[26.176899] (-) TimerEvent: {}
[26.277143] (-) TimerEvent: {}
[26.377382] (-) TimerEvent: {}
[26.477611] (-) TimerEvent: {}
[26.577897] (-) TimerEvent: {}
[26.678227] (-) TimerEvent: {}
[26.778566] (-) TimerEvent: {}
[26.878918] (-) TimerEvent: {}
[26.979213] (-) TimerEvent: {}
[27.079517] (-) TimerEvent: {}
[27.179776] (-) TimerEvent: {}
[27.280033] (-) TimerEvent: {}
[27.380275] (-) TimerEvent: {}
[27.480505] (-) TimerEvent: {}
[27.580787] (-) TimerEvent: {}
[27.681138] (-) TimerEvent: {}
[27.781447] (-) TimerEvent: {}
[27.881762] (-) TimerEvent: {}
[27.982070] (-) TimerEvent: {}
[28.082384] (-) TimerEvent: {}
[28.182748] (-) TimerEvent: {}
[28.283047] (-) TimerEvent: {}
[28.383297] (-) TimerEvent: {}
[28.483538] (-) TimerEvent: {}
[28.583778] (-) TimerEvent: {}
[28.684032] (-) TimerEvent: {}
[28.784342] (-) TimerEvent: {}
[28.884661] (-) TimerEvent: {}
[28.984991] (-) TimerEvent: {}
[29.085377] (-) TimerEvent: {}
[29.093764] (fast_lio) StderrLine: {'line': b'In file included from /home/seeed/ros2/ws/src/slam/fast_lio/include/IKFoM_toolkit/esekfom/../mtk/types/SOn.hpp:83,\n'}
[29.094229] (fast_lio) StderrLine: {'line': b'                 from /home/seeed/ros2/ws/src/slam/fast_lio/include/IKFoM_toolkit/esekfom/esekfom.hpp:49,\n'}
[29.094424] (fast_lio) StderrLine: {'line': b'                 from /home/seeed/ros2/ws/src/slam/fast_lio/include/use-ikfom.hpp:4,\n'}
[29.094621] (fast_lio) StderrLine: {'line': b'                 from /home/seeed/ros2/ws/src/slam/fast_lio/src/IMU_Processing.hpp:22,\n'}
[29.094814] (fast_lio) StderrLine: {'line': b'                 from /home/seeed/ros2/ws/src/slam/fast_lio/src/laserMapping.cpp:47:\n'}
[29.094959] (fast_lio) StderrLine: {'line': b'/home/seeed/ros2/ws/src/slam/fast_lio/include/IKFoM_toolkit/esekfom/../mtk/types/../src/mtkmath.hpp: In instantiation of \xe2\x80\x98std::pair<_FIter, _FIter> MTK::cos_sinc_sqrt(const scalar&) [with scalar = double]\xe2\x80\x99:\n'}
[29.095103] (fast_lio) StderrLine: {'line': b'/home/seeed/ros2/ws/src/slam/fast_lio/include/IKFoM_toolkit/esekfom/../mtk/types/../src/mtkmath.hpp:252:52:   required from \xe2\x80\x98scalar MTK::exp(MTK::vectview<scalar, dim>, MTK::vectview<const scalar, dim>, const scalar&) [with scalar = double; int n = 3]\xe2\x80\x99\n'}
[29.095241] (fast_lio) StderrLine: {'line': b'/home/seeed/ros2/ws/src/slam/fast_lio/include/IKFoM_toolkit/esekfom/../mtk/types/S2.hpp:140:32:   required from \xe2\x80\x98void MTK::S2<_scalar, den, num, S2_typ>::boxplus(MTK::vectview<const _scalar, 2>, MTK::S2<_scalar, den, num, S2_typ>::scalar) [with _scalar = double; int den = 98090; int num = 10000; int S2_typ = 1; MTK::S2<_scalar, den, num, S2_typ>::scalar = double]\xe2\x80\x99\n'}
[29.095409] (fast_lio) StderrLine: {'line': b'/home/seeed/ros2/ws/src/slam/fast_lio/include/use-ikfom.hpp:12:1:   required from here\n'}
[29.095539] (fast_lio) StderrLine: {'line': b'/home/seeed/ros2/ws/src/slam/fast_lio/include/IKFoM_toolkit/esekfom/../mtk/types/../src/mtkmath.hpp:143:27: note: parameter passing for argument of type \xe2\x80\x98std::pair<double, double>\xe2\x80\x99 when C++17 is enabled changed to match C++14 in GCC 10.1\n'}
[29.095669] (fast_lio) StderrLine: {'line': b'  143 | std::pair<scalar, scalar> cos_sinc_sqrt(const scalar &x2){\n'}
[29.095794] (fast_lio) StderrLine: {'line': b'      |                           ^~~~~~~~~~~~~\n'}
[29.185502] (-) TimerEvent: {}
[29.285777] (-) TimerEvent: {}
[29.386028] (-) TimerEvent: {}
[29.486271] (-) TimerEvent: {}
[29.586538] (-) TimerEvent: {}
[29.686830] (-) TimerEvent: {}
[29.787126] (-) TimerEvent: {}
[29.887435] (-) TimerEvent: {}
[29.987729] (-) TimerEvent: {}
[30.088065] (-) TimerEvent: {}
[30.188435] (-) TimerEvent: {}
[30.288777] (-) TimerEvent: {}
[30.389051] (-) TimerEvent: {}
[30.489296] (-) TimerEvent: {}
[30.589539] (-) TimerEvent: {}
[30.689806] (-) TimerEvent: {}
[30.790136] (-) TimerEvent: {}
[30.890491] (-) TimerEvent: {}
[30.990804] (-) TimerEvent: {}
[31.091105] (-) TimerEvent: {}
[31.191410] (-) TimerEvent: {}
[31.291676] (-) TimerEvent: {}
[31.391938] (-) TimerEvent: {}
[31.492185] (-) TimerEvent: {}
[31.592491] (-) TimerEvent: {}
[31.692816] (-) TimerEvent: {}
[31.793122] (-) TimerEvent: {}
[31.893452] (-) TimerEvent: {}
[31.993766] (-) TimerEvent: {}
[32.094109] (-) TimerEvent: {}
[32.194408] (-) TimerEvent: {}
[32.294673] (-) TimerEvent: {}
[32.394948] (-) TimerEvent: {}
[32.495200] (-) TimerEvent: {}
[32.595437] (-) TimerEvent: {}
[32.695696] (-) TimerEvent: {}
[32.796013] (-) TimerEvent: {}
[32.896332] (-) TimerEvent: {}
[32.996593] (-) TimerEvent: {}
[33.096948] (-) TimerEvent: {}
[33.197308] (-) TimerEvent: {}
[33.297624] (-) TimerEvent: {}
[33.397885] (-) TimerEvent: {}
[33.498141] (-) TimerEvent: {}
[33.598423] (-) TimerEvent: {}
[33.698731] (-) TimerEvent: {}
[33.799033] (-) TimerEvent: {}
[33.899354] (-) TimerEvent: {}
[33.999659] (-) TimerEvent: {}
[34.099971] (-) TimerEvent: {}
[34.200275] (-) TimerEvent: {}
[34.300575] (-) TimerEvent: {}
[34.400837] (-) TimerEvent: {}
[34.501083] (-) TimerEvent: {}
[34.601321] (-) TimerEvent: {}
[34.701566] (-) TimerEvent: {}
[34.801865] (-) TimerEvent: {}
[34.902173] (-) TimerEvent: {}
[35.002421] (-) TimerEvent: {}
[35.102664] (-) TimerEvent: {}
[35.202970] (-) TimerEvent: {}
[35.303267] (-) TimerEvent: {}
[35.403504] (-) TimerEvent: {}
[35.503741] (-) TimerEvent: {}
[35.604036] (-) TimerEvent: {}
[35.704342] (-) TimerEvent: {}
[35.804638] (-) TimerEvent: {}
[35.904990] (-) TimerEvent: {}
[36.005334] (-) TimerEvent: {}
[36.105642] (-) TimerEvent: {}
[36.205940] (-) TimerEvent: {}
[36.306258] (-) TimerEvent: {}
[36.406548] (-) TimerEvent: {}
[36.506873] (-) TimerEvent: {}
[36.607207] (-) TimerEvent: {}
[36.707526] (-) TimerEvent: {}
[36.807839] (-) TimerEvent: {}
[36.908165] (-) TimerEvent: {}
[37.008432] (-) TimerEvent: {}
[37.108751] (-) TimerEvent: {}
[37.209107] (-) TimerEvent: {}
[37.309414] (-) TimerEvent: {}
[37.409672] (-) TimerEvent: {}
[37.509910] (-) TimerEvent: {}
[37.610200] (-) TimerEvent: {}
[37.710504] (-) TimerEvent: {}
[37.810822] (-) TimerEvent: {}
[37.911136] (-) TimerEvent: {}
[38.011426] (-) TimerEvent: {}
[38.111732] (-) TimerEvent: {}
[38.211984] (-) TimerEvent: {}
[38.312268] (-) TimerEvent: {}
[38.412581] (-) TimerEvent: {}
[38.512837] (-) TimerEvent: {}
[38.613081] (-) TimerEvent: {}
[38.713313] (-) TimerEvent: {}
[38.813609] (-) TimerEvent: {}
[38.913950] (-) TimerEvent: {}
[39.014212] (-) TimerEvent: {}
[39.114464] (-) TimerEvent: {}
[39.214710] (-) TimerEvent: {}
[39.315014] (-) TimerEvent: {}
[39.415317] (-) TimerEvent: {}
[39.515570] (-) TimerEvent: {}
[39.615876] (-) TimerEvent: {}
[39.716191] (-) TimerEvent: {}
[39.816488] (-) TimerEvent: {}
[39.916804] (-) TimerEvent: {}
[40.017089] (-) TimerEvent: {}
[40.117382] (-) TimerEvent: {}
[40.217634] (-) TimerEvent: {}
[40.317878] (-) TimerEvent: {}
[40.418112] (-) TimerEvent: {}
[40.518398] (-) TimerEvent: {}
[40.618710] (-) TimerEvent: {}
[40.718990] (-) TimerEvent: {}
[40.819291] (-) TimerEvent: {}
[40.919659] (-) TimerEvent: {}
[41.019978] (-) TimerEvent: {}
[41.120284] (-) TimerEvent: {}
[41.220598] (-) TimerEvent: {}
[41.320887] (-) TimerEvent: {}
[41.421187] (-) TimerEvent: {}
[41.521492] (-) TimerEvent: {}
[41.621852] (-) TimerEvent: {}
[41.722181] (-) TimerEvent: {}
[41.822491] (-) TimerEvent: {}
[41.922812] (-) TimerEvent: {}
[42.023116] (-) TimerEvent: {}
[42.123435] (-) TimerEvent: {}
[42.223708] (-) TimerEvent: {}
[42.323990] (-) TimerEvent: {}
[42.424294] (-) TimerEvent: {}
[42.524558] (-) TimerEvent: {}
[42.624806] (-) TimerEvent: {}
[42.725044] (-) TimerEvent: {}
[42.825341] (-) TimerEvent: {}
[42.925670] (-) TimerEvent: {}
[43.025934] (-) TimerEvent: {}
[43.126182] (-) TimerEvent: {}
[43.226431] (-) TimerEvent: {}
[43.326667] (-) TimerEvent: {}
[43.426967] (-) TimerEvent: {}
[43.527272] (-) TimerEvent: {}
[43.627581] (-) TimerEvent: {}
[43.727909] (-) TimerEvent: {}
[43.828213] (-) TimerEvent: {}
[43.928528] (-) TimerEvent: {}
[44.028831] (-) TimerEvent: {}
[44.129136] (-) TimerEvent: {}
[44.229388] (-) TimerEvent: {}
[44.329627] (-) TimerEvent: {}
[44.429915] (-) TimerEvent: {}
[44.530217] (-) TimerEvent: {}
[44.630521] (-) TimerEvent: {}
[44.730836] (-) TimerEvent: {}
[44.831147] (-) TimerEvent: {}
[44.931475] (-) TimerEvent: {}
[45.031731] (-) TimerEvent: {}
[45.132024] (-) TimerEvent: {}
[45.232339] (-) TimerEvent: {}
[45.332596] (-) TimerEvent: {}
[45.432882] (-) TimerEvent: {}
[45.533181] (-) TimerEvent: {}
[45.633472] (-) TimerEvent: {}
[45.733776] (-) TimerEvent: {}
[45.834071] (-) TimerEvent: {}
[45.934421] (-) TimerEvent: {}
[46.034789] (-) TimerEvent: {}
[46.135096] (-) TimerEvent: {}
[46.235347] (-) TimerEvent: {}
[46.335632] (-) TimerEvent: {}
[46.435920] (-) TimerEvent: {}
[46.536265] (-) TimerEvent: {}
[46.636580] (-) TimerEvent: {}
[46.736836] (-) TimerEvent: {}
[46.837150] (-) TimerEvent: {}
[46.937473] (-) TimerEvent: {}
[47.037734] (-) TimerEvent: {}
[47.137978] (-) TimerEvent: {}
[47.238223] (-) TimerEvent: {}
[47.338467] (-) TimerEvent: {}
[47.438764] (-) TimerEvent: {}
[47.539059] (-) TimerEvent: {}
[47.639372] (-) TimerEvent: {}
[47.739694] (-) TimerEvent: {}
[47.840010] (-) TimerEvent: {}
[47.940330] (-) TimerEvent: {}
[48.040629] (-) TimerEvent: {}
[48.140925] (-) TimerEvent: {}
[48.241182] (-) TimerEvent: {}
[48.341427] (-) TimerEvent: {}
[48.441662] (-) TimerEvent: {}
[48.541937] (-) TimerEvent: {}
[48.642250] (-) TimerEvent: {}
[48.742560] (-) TimerEvent: {}
[48.842938] (-) TimerEvent: {}
[48.943257] (-) TimerEvent: {}
[49.043520] (-) TimerEvent: {}
[49.143836] (-) TimerEvent: {}
[49.244157] (-) TimerEvent: {}
[49.344418] (-) TimerEvent: {}
[49.444667] (-) TimerEvent: {}
[49.544950] (-) TimerEvent: {}
[49.645304] (-) TimerEvent: {}
[49.745647] (-) TimerEvent: {}
[49.845982] (-) TimerEvent: {}
[49.946277] (-) TimerEvent: {}
[50.046571] (-) TimerEvent: {}
[50.146898] (-) TimerEvent: {}
[50.247151] (-) TimerEvent: {}
[50.347391] (-) TimerEvent: {}
[50.447622] (-) TimerEvent: {}
[50.547900] (-) TimerEvent: {}
[50.648207] (-) TimerEvent: {}
[50.748503] (-) TimerEvent: {}
[50.848850] (-) TimerEvent: {}
[50.949167] (-) TimerEvent: {}
[51.049421] (-) TimerEvent: {}
[51.149656] (-) TimerEvent: {}
[51.249907] (-) TimerEvent: {}
[51.350145] (-) TimerEvent: {}
[51.450387] (-) TimerEvent: {}
[51.550698] (-) TimerEvent: {}
[51.651089] (-) TimerEvent: {}
[51.751457] (-) TimerEvent: {}
[51.851797] (-) TimerEvent: {}
[51.952068] (-) TimerEvent: {}
[52.052366] (-) TimerEvent: {}
[52.152680] (-) TimerEvent: {}
[52.252973] (-) TimerEvent: {}
[52.353292] (-) TimerEvent: {}
[52.453568] (-) TimerEvent: {}
[52.553833] (-) TimerEvent: {}
[52.654120] (-) TimerEvent: {}
[52.754413] (-) TimerEvent: {}
[52.854794] (-) TimerEvent: {}
[52.955115] (-) TimerEvent: {}
[53.055516] (-) TimerEvent: {}
[53.155806] (-) TimerEvent: {}
[53.256056] (-) TimerEvent: {}
[53.356299] (-) TimerEvent: {}
[53.456539] (-) TimerEvent: {}
[53.556773] (-) TimerEvent: {}
[53.657056] (-) TimerEvent: {}
[53.757409] (-) TimerEvent: {}
[53.857730] (-) TimerEvent: {}
[53.958014] (-) TimerEvent: {}
[54.058322] (-) TimerEvent: {}
[54.158646] (-) TimerEvent: {}
[54.258946] (-) TimerEvent: {}
[54.359204] (-) TimerEvent: {}
[54.459459] (-) TimerEvent: {}
[54.559708] (-) TimerEvent: {}
[54.660020] (-) TimerEvent: {}
[54.760397] (-) TimerEvent: {}
[54.860744] (-) TimerEvent: {}
[54.961037] (-) TimerEvent: {}
[55.061295] (-) TimerEvent: {}
[55.161535] (-) TimerEvent: {}
[55.261771] (-) TimerEvent: {}
[55.362001] (-) TimerEvent: {}
[55.462231] (-) TimerEvent: {}
[55.562475] (-) TimerEvent: {}
[55.662795] (-) TimerEvent: {}
[55.763155] (-) TimerEvent: {}
[55.863513] (-) TimerEvent: {}
[55.963836] (-) TimerEvent: {}
[56.064141] (-) TimerEvent: {}
[56.164444] (-) TimerEvent: {}
[56.264699] (-) TimerEvent: {}
[56.364934] (-) TimerEvent: {}
[56.465174] (-) TimerEvent: {}
[56.565473] (-) TimerEvent: {}
[56.665816] (-) TimerEvent: {}
[56.766158] (-) TimerEvent: {}
[56.866486] (-) TimerEvent: {}
[56.966785] (-) TimerEvent: {}
[57.067104] (-) TimerEvent: {}
[57.167417] (-) TimerEvent: {}
[57.267676] (-) TimerEvent: {}
[57.367917] (-) TimerEvent: {}
[57.468157] (-) TimerEvent: {}
[57.568433] (-) TimerEvent: {}
[57.668719] (-) TimerEvent: {}
[57.769022] (-) TimerEvent: {}
[57.869348] (-) TimerEvent: {}
[57.969623] (-) TimerEvent: {}
[58.069920] (-) TimerEvent: {}
[58.170226] (-) TimerEvent: {}
[58.270482] (-) TimerEvent: {}
[58.370737] (-) TimerEvent: {}
[58.470981] (-) TimerEvent: {}
[58.571227] (-) TimerEvent: {}
[58.671462] (-) TimerEvent: {}
[58.771753] (-) TimerEvent: {}
[58.872076] (-) TimerEvent: {}
[58.972363] (-) TimerEvent: {}
[59.072642] (-) TimerEvent: {}
[59.172887] (-) TimerEvent: {}
[59.273127] (-) TimerEvent: {}
[59.373355] (-) TimerEvent: {}
[59.473582] (-) TimerEvent: {}
[59.573908] (-) TimerEvent: {}
[59.674217] (-) TimerEvent: {}
[59.774521] (-) TimerEvent: {}
[59.874850] (-) TimerEvent: {}
[59.975151] (-) TimerEvent: {}
[60.075450] (-) TimerEvent: {}
[60.175699] (-) TimerEvent: {}
[60.275924] (-) TimerEvent: {}
[60.376190] (-) TimerEvent: {}
[60.476474] (-) TimerEvent: {}
[60.576722] (-) TimerEvent: {}
[60.676961] (-) TimerEvent: {}
[60.777245] (-) TimerEvent: {}
[60.877599] (-) TimerEvent: {}
[60.977951] (-) TimerEvent: {}
[61.078319] (-) TimerEvent: {}
[61.178644] (-) TimerEvent: {}
[61.278918] (-) TimerEvent: {}
[61.379165] (-) TimerEvent: {}
[61.479462] (-) TimerEvent: {}
[61.579809] (-) TimerEvent: {}
[61.680134] (-) TimerEvent: {}
[61.780438] (-) TimerEvent: {}
[61.880757] (-) TimerEvent: {}
[61.981048] (-) TimerEvent: {}
[62.081340] (-) TimerEvent: {}
[62.181598] (-) TimerEvent: {}
[62.281837] (-) TimerEvent: {}
[62.382078] (-) TimerEvent: {}
[62.482317] (-) TimerEvent: {}
[62.582560] (-) TimerEvent: {}
[62.682803] (-) TimerEvent: {}
[62.783074] (-) TimerEvent: {}
[62.883383] (-) TimerEvent: {}
[62.983658] (-) TimerEvent: {}
[63.083940] (-) TimerEvent: {}
[63.184192] (-) TimerEvent: {}
[63.284432] (-) TimerEvent: {}
[63.384659] (-) TimerEvent: {}
[63.484887] (-) TimerEvent: {}
[63.585175] (-) TimerEvent: {}
[63.685485] (-) TimerEvent: {}
[63.785794] (-) TimerEvent: {}
[63.886116] (-) TimerEvent: {}
[63.986406] (-) TimerEvent: {}
[64.086711] (-) TimerEvent: {}
[64.187047] (-) TimerEvent: {}
[64.287306] (-) TimerEvent: {}
[64.387622] (-) TimerEvent: {}
[64.487974] (-) TimerEvent: {}
[64.588255] (-) TimerEvent: {}
[64.688521] (-) TimerEvent: {}
[64.788831] (-) TimerEvent: {}
[64.889178] (-) TimerEvent: {}
[64.989487] (-) TimerEvent: {}
[65.089839] (-) TimerEvent: {}
[65.190165] (-) TimerEvent: {}
[65.290428] (-) TimerEvent: {}
[65.390664] (-) TimerEvent: {}
[65.490917] (-) TimerEvent: {}
[65.591203] (-) TimerEvent: {}
[65.691509] (-) TimerEvent: {}
[65.791811] (-) TimerEvent: {}
[65.892162] (-) TimerEvent: {}
[65.992504] (-) TimerEvent: {}
[66.092810] (-) TimerEvent: {}
[66.193062] (-) TimerEvent: {}
[66.293312] (-) TimerEvent: {}
[66.393550] (-) TimerEvent: {}
[66.493792] (-) TimerEvent: {}
[66.594069] (-) TimerEvent: {}
[66.694386] (-) TimerEvent: {}
[66.794695] (-) TimerEvent: {}
[66.895034] (-) TimerEvent: {}
[66.995309] (-) TimerEvent: {}
[67.095592] (-) TimerEvent: {}
[67.195841] (-) TimerEvent: {}
[67.296084] (-) TimerEvent: {}
[67.396326] (-) TimerEvent: {}
[67.496564] (-) TimerEvent: {}
[67.596855] (-) TimerEvent: {}
[67.697178] (-) TimerEvent: {}
[67.797493] (-) TimerEvent: {}
[67.897811] (-) TimerEvent: {}
[67.998107] (-) TimerEvent: {}
[68.098403] (-) TimerEvent: {}
[68.198651] (-) TimerEvent: {}
[68.298915] (-) TimerEvent: {}
[68.399155] (-) TimerEvent: {}
[68.499389] (-) TimerEvent: {}
[68.599620] (-) TimerEvent: {}
[68.699915] (-) TimerEvent: {}
[68.800275] (-) TimerEvent: {}
[68.900592] (-) TimerEvent: {}
[69.000870] (-) TimerEvent: {}
[69.101205] (-) TimerEvent: {}
[69.201558] (-) TimerEvent: {}
[69.301878] (-) TimerEvent: {}
[69.402135] (-) TimerEvent: {}
[69.502369] (-) TimerEvent: {}
[69.602653] (-) TimerEvent: {}
[69.702976] (-) TimerEvent: {}
[69.803280] (-) TimerEvent: {}
[69.903611] (-) TimerEvent: {}
[70.003933] (-) TimerEvent: {}
[70.104258] (-) TimerEvent: {}
[70.204532] (-) TimerEvent: {}
[70.304790] (-) TimerEvent: {}
[70.405055] (-) TimerEvent: {}
[70.505325] (-) TimerEvent: {}
[70.605594] (-) TimerEvent: {}
[70.705865] (-) TimerEvent: {}
[70.806192] (-) TimerEvent: {}
[70.906585] (-) TimerEvent: {}
[71.006977] (-) TimerEvent: {}
[71.107276] (-) TimerEvent: {}
[71.207550] (-) TimerEvent: {}
[71.307818] (-) TimerEvent: {}
[71.408088] (-) TimerEvent: {}
[71.508357] (-) TimerEvent: {}
[71.608689] (-) TimerEvent: {}
[71.709040] (-) TimerEvent: {}
[71.809389] (-) TimerEvent: {}
[71.909743] (-) TimerEvent: {}
[72.010071] (-) TimerEvent: {}
[72.110410] (-) TimerEvent: {}
[72.210689] (-) TimerEvent: {}
[72.310983] (-) TimerEvent: {}
[72.411258] (-) TimerEvent: {}
[72.511522] (-) TimerEvent: {}
[72.611780] (-) TimerEvent: {}
[72.712042] (-) TimerEvent: {}
[72.812421] (-) TimerEvent: {}
[72.912760] (-) TimerEvent: {}
[73.013041] (-) TimerEvent: {}
[73.113380] (-) TimerEvent: {}
[73.213735] (-) TimerEvent: {}
[73.314082] (-) TimerEvent: {}
[73.414431] (-) TimerEvent: {}
[73.514743] (-) TimerEvent: {}
[73.615076] (-) TimerEvent: {}
[73.715437] (-) TimerEvent: {}
[73.815777] (-) TimerEvent: {}
[73.916134] (-) TimerEvent: {}
[74.016470] (-) TimerEvent: {}
[74.116820] (-) TimerEvent: {}
[74.217113] (-) TimerEvent: {}
[74.317389] (-) TimerEvent: {}
[74.417657] (-) TimerEvent: {}
[74.517927] (-) TimerEvent: {}
[74.618258] (-) TimerEvent: {}
[74.718617] (-) TimerEvent: {}
[74.818989] (-) TimerEvent: {}
[74.919349] (-) TimerEvent: {}
[75.019654] (-) TimerEvent: {}
[75.119949] (-) TimerEvent: {}
[75.220223] (-) TimerEvent: {}
[75.320490] (-) TimerEvent: {}
[75.420757] (-) TimerEvent: {}
[75.521022] (-) TimerEvent: {}
[75.621341] (-) TimerEvent: {}
[75.721681] (-) TimerEvent: {}
[75.821997] (-) TimerEvent: {}
[75.922381] (-) TimerEvent: {}
[76.022792] (-) TimerEvent: {}
[76.123147] (-) TimerEvent: {}
[76.223437] (-) TimerEvent: {}
[76.323716] (-) TimerEvent: {}
[76.423999] (-) TimerEvent: {}
[76.524327] (-) TimerEvent: {}
[76.624724] (-) TimerEvent: {}
[76.725085] (-) TimerEvent: {}
[76.825428] (-) TimerEvent: {}
[76.925779] (-) TimerEvent: {}
[77.026072] (-) TimerEvent: {}
[77.126415] (-) TimerEvent: {}
[77.226789] (-) TimerEvent: {}
[77.327085] (-) TimerEvent: {}
[77.427365] (-) TimerEvent: {}
[77.527637] (-) TimerEvent: {}
[77.627959] (-) TimerEvent: {}
[77.728303] (-) TimerEvent: {}
[77.828636] (-) TimerEvent: {}
[77.928994] (-) TimerEvent: {}
[78.029339] (-) TimerEvent: {}
[78.129719] (-) TimerEvent: {}
[78.230056] (-) TimerEvent: {}
[78.330324] (-) TimerEvent: {}
[78.430581] (-) TimerEvent: {}
[78.530850] (-) TimerEvent: {}
[78.631124] (-) TimerEvent: {}
[78.731390] (-) TimerEvent: {}
[78.831708] (-) TimerEvent: {}
[78.932067] (-) TimerEvent: {}
[79.032351] (-) TimerEvent: {}
[79.132636] (-) TimerEvent: {}
[79.232918] (-) TimerEvent: {}
[79.333190] (-) TimerEvent: {}
[79.433453] (-) TimerEvent: {}
[79.533719] (-) TimerEvent: {}
[79.634043] (-) TimerEvent: {}
[79.734402] (-) TimerEvent: {}
[79.834761] (-) TimerEvent: {}
[79.935113] (-) TimerEvent: {}
[80.035449] (-) TimerEvent: {}
[80.135801] (-) TimerEvent: {}
[80.236091] (-) TimerEvent: {}
[80.336362] (-) TimerEvent: {}
[80.436628] (-) TimerEvent: {}
[80.536895] (-) TimerEvent: {}
[80.637162] (-) TimerEvent: {}
[80.737424] (-) TimerEvent: {}
[80.837746] (-) TimerEvent: {}
[80.938126] (-) TimerEvent: {}
[81.038466] (-) TimerEvent: {}
[81.138821] (-) TimerEvent: {}
[81.239159] (-) TimerEvent: {}
[81.339438] (-) TimerEvent: {}
[81.439744] (-) TimerEvent: {}
[81.540133] (-) TimerEvent: {}
[81.640525] (-) TimerEvent: {}
[81.740902] (-) TimerEvent: {}
[81.841286] (-) TimerEvent: {}
[81.941651] (-) TimerEvent: {}
[82.041991] (-) TimerEvent: {}
[82.142343] (-) TimerEvent: {}
[82.242641] (-) TimerEvent: {}
[82.342981] (-) TimerEvent: {}
[82.443329] (-) TimerEvent: {}
[82.543611] (-) TimerEvent: {}
[82.643887] (-) TimerEvent: {}
[82.744194] (-) TimerEvent: {}
[82.844571] (-) TimerEvent: {}
[82.944919] (-) TimerEvent: {}
[83.045219] (-) TimerEvent: {}
[83.145516] (-) TimerEvent: {}
[83.245798] (-) TimerEvent: {}
[83.346081] (-) TimerEvent: {}
[83.446354] (-) TimerEvent: {}
[83.546621] (-) TimerEvent: {}
[83.646959] (-) TimerEvent: {}
[83.747330] (-) TimerEvent: {}
[83.847689] (-) TimerEvent: {}
[83.948007] (-) TimerEvent: {}
[84.048333] (-) TimerEvent: {}
[84.148676] (-) TimerEvent: {}
[84.248961] (-) TimerEvent: {}
[84.349241] (-) TimerEvent: {}
[84.449520] (-) TimerEvent: {}
[84.549793] (-) TimerEvent: {}
[84.650067] (-) TimerEvent: {}
[84.750387] (-) TimerEvent: {}
[84.850815] (-) TimerEvent: {}
[84.951144] (-) TimerEvent: {}
[85.051422] (-) TimerEvent: {}
[85.151761] (-) TimerEvent: {}
[85.252130] (-) TimerEvent: {}
[85.352425] (-) TimerEvent: {}
[85.452698] (-) TimerEvent: {}
[85.553020] (-) TimerEvent: {}
[85.653413] (-) TimerEvent: {}
[85.753802] (-) TimerEvent: {}
[85.854186] (-) TimerEvent: {}
[85.954527] (-) TimerEvent: {}
[86.054910] (-) TimerEvent: {}
[86.155256] (-) TimerEvent: {}
[86.255531] (-) TimerEvent: {}
[86.355802] (-) TimerEvent: {}
[86.456061] (-) TimerEvent: {}
[86.556379] (-) TimerEvent: {}
[86.656714] (-) TimerEvent: {}
[86.757041] (-) TimerEvent: {}
[86.857387] (-) TimerEvent: {}
[86.957676] (-) TimerEvent: {}
[87.057961] (-) TimerEvent: {}
[87.158255] (-) TimerEvent: {}
[87.258544] (-) TimerEvent: {}
[87.358822] (-) TimerEvent: {}
[87.459093] (-) TimerEvent: {}
[87.559364] (-) TimerEvent: {}
[87.659691] (-) TimerEvent: {}
[87.760085] (-) TimerEvent: {}
[87.860428] (-) TimerEvent: {}
[87.960721] (-) TimerEvent: {}
[88.061053] (-) TimerEvent: {}
[88.161409] (-) TimerEvent: {}
[88.261703] (-) TimerEvent: {}
[88.361980] (-) TimerEvent: {}
[88.462250] (-) TimerEvent: {}
[88.562520] (-) TimerEvent: {}
[88.662797] (-) TimerEvent: {}
[88.763122] (-) TimerEvent: {}
[88.863472] (-) TimerEvent: {}
[88.963758] (-) TimerEvent: {}
[89.064077] (-) TimerEvent: {}
[89.164408] (-) TimerEvent: {}
[89.264696] (-) TimerEvent: {}
[89.364954] (-) TimerEvent: {}
[89.465203] (-) TimerEvent: {}
[89.565605] (-) TimerEvent: {}
[89.665985] (-) TimerEvent: {}
[89.766367] (-) TimerEvent: {}
[89.866711] (-) TimerEvent: {}
[89.967030] (-) TimerEvent: {}
[90.067342] (-) TimerEvent: {}
[90.167717] (-) TimerEvent: {}
[90.268079] (-) TimerEvent: {}
[90.368371] (-) TimerEvent: {}
[90.468645] (-) TimerEvent: {}
[90.568928] (-) TimerEvent: {}
[90.669208] (-) TimerEvent: {}
[90.769539] (-) TimerEvent: {}
[90.869929] (-) TimerEvent: {}
[90.970272] (-) TimerEvent: {}
[91.070550] (-) TimerEvent: {}
[91.170837] (-) TimerEvent: {}
[91.271129] (-) TimerEvent: {}
[91.371399] (-) TimerEvent: {}
[91.471650] (-) TimerEvent: {}
[91.571975] (-) TimerEvent: {}
[91.672313] (-) TimerEvent: {}
[91.772651] (-) TimerEvent: {}
[91.872991] (-) TimerEvent: {}
[91.973275] (-) TimerEvent: {}
[92.073587] (-) TimerEvent: {}
[92.173922] (-) TimerEvent: {}
[92.274212] (-) TimerEvent: {}
[92.374494] (-) TimerEvent: {}
[92.474790] (-) TimerEvent: {}
[92.575070] (-) TimerEvent: {}
[92.675348] (-) TimerEvent: {}
[92.775664] (-) TimerEvent: {}
[92.876017] (-) TimerEvent: {}
[92.976305] (-) TimerEvent: {}
[93.076647] (-) TimerEvent: {}
[93.177008] (-) TimerEvent: {}
[93.277311] (-) TimerEvent: {}
[93.377610] (-) TimerEvent: {}
[93.477888] (-) TimerEvent: {}
[93.578204] (-) TimerEvent: {}
[93.678545] (-) TimerEvent: {}
[93.778873] (-) TimerEvent: {}
[93.879230] (-) TimerEvent: {}
[93.979505] (-) TimerEvent: {}
[94.079825] (-) TimerEvent: {}
[94.180171] (-) TimerEvent: {}
[94.280451] (-) TimerEvent: {}
[94.380729] (-) TimerEvent: {}
[94.480986] (-) TimerEvent: {}
[94.581239] (-) TimerEvent: {}
[94.681487] (-) TimerEvent: {}
[94.781774] (-) TimerEvent: {}
[94.882108] (-) TimerEvent: {}
[94.982389] (-) TimerEvent: {}
[95.082669] (-) TimerEvent: {}
[95.182975] (-) TimerEvent: {}
[95.283253] (-) TimerEvent: {}
[95.383523] (-) TimerEvent: {}
[95.483796] (-) TimerEvent: {}
[95.584127] (-) TimerEvent: {}
[95.684500] (-) TimerEvent: {}
[95.784849] (-) TimerEvent: {}
[95.885244] (-) TimerEvent: {}
[95.985563] (-) TimerEvent: {}
[96.085874] (-) TimerEvent: {}
[96.186190] (-) TimerEvent: {}
[96.286451] (-) TimerEvent: {}
[96.386705] (-) TimerEvent: {}
[96.487016] (-) TimerEvent: {}
[96.587345] (-) TimerEvent: {}
[96.687650] (-) TimerEvent: {}
[96.787944] (-) TimerEvent: {}
[96.888251] (-) TimerEvent: {}
[96.988519] (-) TimerEvent: {}
[97.088822] (-) TimerEvent: {}
[97.189140] (-) TimerEvent: {}
[97.289427] (-) TimerEvent: {}
[97.389700] (-) TimerEvent: {}
[97.489960] (-) TimerEvent: {}
[97.590240] (-) TimerEvent: {}
[97.690550] (-) TimerEvent: {}
[97.790860] (-) TimerEvent: {}
[97.891231] (-) TimerEvent: {}
[97.991567] (-) TimerEvent: {}
[98.091892] (-) TimerEvent: {}
[98.192219] (-) TimerEvent: {}
[98.292488] (-) TimerEvent: {}
[98.392755] (-) TimerEvent: {}
[98.493029] (-) TimerEvent: {}
[98.593306] (-) TimerEvent: {}
[98.693578] (-) TimerEvent: {}
[98.793910] (-) TimerEvent: {}
[98.894268] (-) TimerEvent: {}
[98.994574] (-) TimerEvent: {}
[99.094857] (-) TimerEvent: {}
[99.195125] (-) TimerEvent: {}
[99.295466] (-) TimerEvent: {}
[99.395749] (-) TimerEvent: {}
[99.496024] (-) TimerEvent: {}
[99.596349] (-) TimerEvent: {}
[99.696675] (-) TimerEvent: {}
[99.797008] (-) TimerEvent: {}
[99.897347] (-) TimerEvent: {}
[99.997626] (-) TimerEvent: {}
[100.097949] (-) TimerEvent: {}
[100.198277] (-) TimerEvent: {}
[100.298545] (-) TimerEvent: {}
[100.398808] (-) TimerEvent: {}
[100.499062] (-) TimerEvent: {}
[100.599325] (-) TimerEvent: {}
[100.699577] (-) TimerEvent: {}
[100.799886] (-) TimerEvent: {}
[100.900261] (-) TimerEvent: {}
[101.000584] (-) TimerEvent: {}
[101.100908] (-) TimerEvent: {}
[101.201227] (-) TimerEvent: {}
[101.301503] (-) TimerEvent: {}
[101.401774] (-) TimerEvent: {}
[101.502080] (-) TimerEvent: {}
[101.602438] (-) TimerEvent: {}
[101.702790] (-) TimerEvent: {}
[101.803108] (-) TimerEvent: {}
[101.903420] (-) TimerEvent: {}
[102.003679] (-) TimerEvent: {}
[102.103986] (-) TimerEvent: {}
[102.204303] (-) TimerEvent: {}
[102.304564] (-) TimerEvent: {}
[102.404816] (-) TimerEvent: {}
[102.505079] (-) TimerEvent: {}
[102.605332] (-) TimerEvent: {}
[102.705569] (-) TimerEvent: {}
[102.805854] (-) TimerEvent: {}
[102.906161] (-) TimerEvent: {}
[103.006439] (-) TimerEvent: {}
[103.106732] (-) TimerEvent: {}
[103.206997] (-) TimerEvent: {}
[103.307270] (-) TimerEvent: {}
[103.407551] (-) TimerEvent: {}
[103.507827] (-) TimerEvent: {}
[103.608149] (-) TimerEvent: {}
[103.708472] (-) TimerEvent: {}
[103.808797] (-) TimerEvent: {}
[103.909135] (-) TimerEvent: {}
[104.009406] (-) TimerEvent: {}
[104.109723] (-) TimerEvent: {}
[104.210053] (-) TimerEvent: {}
[104.310331] (-) TimerEvent: {}
[104.410591] (-) TimerEvent: {}
[104.510849] (-) TimerEvent: {}
[104.611114] (-) TimerEvent: {}
[104.711381] (-) TimerEvent: {}
[104.811688] (-) TimerEvent: {}
[104.912008] (-) TimerEvent: {}
[105.012270] (-) TimerEvent: {}
[105.112583] (-) TimerEvent: {}
[105.212907] (-) TimerEvent: {}
[105.313173] (-) TimerEvent: {}
[105.413427] (-) TimerEvent: {}
[105.513664] (-) TimerEvent: {}
[105.613942] (-) TimerEvent: {}
[105.714245] (-) TimerEvent: {}
[105.814567] (-) TimerEvent: {}
[105.914961] (-) TimerEvent: {}
[106.015322] (-) TimerEvent: {}
[106.115676] (-) TimerEvent: {}
[106.216007] (-) TimerEvent: {}
[106.316287] (-) TimerEvent: {}
[106.416557] (-) TimerEvent: {}
[106.516808] (-) TimerEvent: {}
[106.617116] (-) TimerEvent: {}
[106.717439] (-) TimerEvent: {}
[106.817764] (-) TimerEvent: {}
[106.918101] (-) TimerEvent: {}
[107.018372] (-) TimerEvent: {}
[107.118634] (-) TimerEvent: {}
[107.218921] (-) TimerEvent: {}
[107.319184] (-) TimerEvent: {}
[107.419443] (-) TimerEvent: {}
[107.519697] (-) TimerEvent: {}
[107.620004] (-) TimerEvent: {}
[107.720338] (-) TimerEvent: {}
[107.820659] (-) TimerEvent: {}
[107.920980] (-) TimerEvent: {}
[108.021261] (-) TimerEvent: {}
[108.121557] (-) TimerEvent: {}
[108.221818] (-) TimerEvent: {}
[108.322059] (-) TimerEvent: {}
[108.422312] (-) TimerEvent: {}
[108.522567] (-) TimerEvent: {}
[108.622806] (-) TimerEvent: {}
[108.723068] (-) TimerEvent: {}
[108.823378] (-) TimerEvent: {}
[108.923700] (-) TimerEvent: {}
[109.023977] (-) TimerEvent: {}
[109.124308] (-) TimerEvent: {}
[109.224649] (-) TimerEvent: {}
[109.324940] (-) TimerEvent: {}
[109.425228] (-) TimerEvent: {}
[109.525501] (-) TimerEvent: {}
[109.625816] (-) TimerEvent: {}
[109.726145] (-) TimerEvent: {}
[109.826469] (-) TimerEvent: {}
[109.926816] (-) TimerEvent: {}
[110.027130] (-) TimerEvent: {}
[110.127489] (-) TimerEvent: {}
[110.227812] (-) TimerEvent: {}
[110.328081] (-) TimerEvent: {}
[110.428334] (-) TimerEvent: {}
[110.528576] (-) TimerEvent: {}
[110.628811] (-) TimerEvent: {}
[110.729050] (-) TimerEvent: {}
[110.829340] (-) TimerEvent: {}
[110.929681] (-) TimerEvent: {}
[111.029992] (-) TimerEvent: {}
[111.130268] (-) TimerEvent: {}
[111.230534] (-) TimerEvent: {}
[111.330812] (-) TimerEvent: {}
[111.431085] (-) TimerEvent: {}
[111.531402] (-) TimerEvent: {}
[111.631779] (-) TimerEvent: {}
[111.732108] (-) TimerEvent: {}
[111.832440] (-) TimerEvent: {}
[111.932778] (-) TimerEvent: {}
[112.033091] (-) TimerEvent: {}
[112.133412] (-) TimerEvent: {}
[112.233721] (-) TimerEvent: {}
[112.334045] (-) TimerEvent: {}
[112.434382] (-) TimerEvent: {}
[112.534659] (-) TimerEvent: {}
[112.634951] (-) TimerEvent: {}
[112.735232] (-) TimerEvent: {}
[112.835553] (-) TimerEvent: {}
[112.935883] (-) TimerEvent: {}
[113.036150] (-) TimerEvent: {}
[113.136471] (-) TimerEvent: {}
[113.236800] (-) TimerEvent: {}
[113.337087] (-) TimerEvent: {}
[113.437346] (-) TimerEvent: {}
[113.537591] (-) TimerEvent: {}
[113.637886] (-) TimerEvent: {}
[113.738204] (-) TimerEvent: {}
[113.838529] (-) TimerEvent: {}
[113.938860] (-) TimerEvent: {}
[114.039176] (-) TimerEvent: {}
[114.139489] (-) TimerEvent: {}
[114.239812] (-) TimerEvent: {}
[114.340135] (-) TimerEvent: {}
[114.440402] (-) TimerEvent: {}
[114.540672] (-) TimerEvent: {}
[114.640932] (-) TimerEvent: {}
[114.741231] (-) TimerEvent: {}
[114.841597] (-) TimerEvent: {}
[114.941926] (-) TimerEvent: {}
[115.042204] (-) TimerEvent: {}
[115.142457] (-) TimerEvent: {}
[115.242709] (-) TimerEvent: {}
[115.342999] (-) TimerEvent: {}
[115.443270] (-) TimerEvent: {}
[115.543531] (-) TimerEvent: {}
[115.643847] (-) TimerEvent: {}
[115.744213] (-) TimerEvent: {}
[115.844560] (-) TimerEvent: {}
[115.944915] (-) TimerEvent: {}
[116.045271] (-) TimerEvent: {}
[116.145575] (-) TimerEvent: {}
[116.245836] (-) TimerEvent: {}
[116.346078] (-) TimerEvent: {}
[116.446330] (-) TimerEvent: {}
[116.546645] (-) TimerEvent: {}
[116.646992] (-) TimerEvent: {}
[116.747318] (-) TimerEvent: {}
[116.847693] (-) TimerEvent: {}
[116.948023] (-) TimerEvent: {}
[117.048295] (-) TimerEvent: {}
[117.148621] (-) TimerEvent: {}
[117.248961] (-) TimerEvent: {}
[117.349239] (-) TimerEvent: {}
[117.449522] (-) TimerEvent: {}
[117.549801] (-) TimerEvent: {}
[117.650124] (-) TimerEvent: {}
[117.750496] (-) TimerEvent: {}
[117.850901] (-) TimerEvent: {}
[117.951197] (-) TimerEvent: {}
[118.051507] (-) TimerEvent: {}
[118.151825] (-) TimerEvent: {}
[118.252095] (-) TimerEvent: {}
[118.352392] (-) TimerEvent: {}
[118.452713] (-) TimerEvent: {}
[118.552975] (-) TimerEvent: {}
[118.653215] (-) TimerEvent: {}
[118.753501] (-) TimerEvent: {}
[118.853818] (-) TimerEvent: {}
[118.954081] (-) TimerEvent: {}
[119.054324] (-) TimerEvent: {}
[119.154569] (-) TimerEvent: {}
[119.254824] (-) TimerEvent: {}
[119.355073] (-) TimerEvent: {}
[119.455331] (-) TimerEvent: {}
[119.555584] (-) TimerEvent: {}
[119.655904] (-) TimerEvent: {}
[119.756283] (-) TimerEvent: {}
[119.856619] (-) TimerEvent: {}
[119.956897] (-) TimerEvent: {}
[120.057186] (-) TimerEvent: {}
[120.157511] (-) TimerEvent: {}
[120.257785] (-) TimerEvent: {}
[120.358059] (-) TimerEvent: {}
[120.458322] (-) TimerEvent: {}
[120.558583] (-) TimerEvent: {}
[120.658838] (-) TimerEvent: {}
[120.759145] (-) TimerEvent: {}
[120.859510] (-) TimerEvent: {}
[120.959842] (-) TimerEvent: {}
[121.060155] (-) TimerEvent: {}
[121.160468] (-) TimerEvent: {}
[121.260736] (-) TimerEvent: {}
[121.360994] (-) TimerEvent: {}
[121.461248] (-) TimerEvent: {}
[121.561556] (-) TimerEvent: {}
[121.661912] (-) TimerEvent: {}
[121.762277] (-) TimerEvent: {}
[121.862613] (-) TimerEvent: {}
[121.962906] (-) TimerEvent: {}
[122.063235] (-) TimerEvent: {}
[122.163562] (-) TimerEvent: {}
[122.263837] (-) TimerEvent: {}
[122.364107] (-) TimerEvent: {}
[122.464369] (-) TimerEvent: {}
[122.564601] (-) TimerEvent: {}
[122.664837] (-) TimerEvent: {}
[122.765128] (-) TimerEvent: {}
[122.865450] (-) TimerEvent: {}
[122.965732] (-) TimerEvent: {}
[123.065991] (-) TimerEvent: {}
[123.166233] (-) TimerEvent: {}
[123.266471] (-) TimerEvent: {}
[123.366734] (-) TimerEvent: {}
[123.466977] (-) TimerEvent: {}
[123.567384] (-) TimerEvent: {}
[123.667685] (-) TimerEvent: {}
[123.767993] (-) TimerEvent: {}
[123.868320] (-) TimerEvent: {}
[123.968589] (-) TimerEvent: {}
[124.068894] (-) TimerEvent: {}
[124.169219] (-) TimerEvent: {}
[124.269484] (-) TimerEvent: {}
[124.369726] (-) TimerEvent: {}
[124.469968] (-) TimerEvent: {}
[124.570183] (-) TimerEvent: {}
[124.670421] (-) TimerEvent: {}
[124.770741] (-) TimerEvent: {}
[124.871044] (-) TimerEvent: {}
[124.971295] (-) TimerEvent: {}
[125.071618] (-) TimerEvent: {}
[125.171930] (-) TimerEvent: {}
[125.272181] (-) TimerEvent: {}
[125.372435] (-) TimerEvent: {}
[125.472671] (-) TimerEvent: {}
[125.572967] (-) TimerEvent: {}
[125.673285] (-) TimerEvent: {}
[125.773608] (-) TimerEvent: {}
[125.873981] (-) TimerEvent: {}
[125.974315] (-) TimerEvent: {}
[126.074643] (-) TimerEvent: {}
[126.174992] (-) TimerEvent: {}
[126.275268] (-) TimerEvent: {}
[126.375526] (-) TimerEvent: {}
[126.475788] (-) TimerEvent: {}
[126.576101] (-) TimerEvent: {}
[126.676429] (-) TimerEvent: {}
[126.776738] (-) TimerEvent: {}
[126.877053] (-) TimerEvent: {}
[126.977323] (-) TimerEvent: {}
[127.077575] (-) TimerEvent: {}
[127.177807] (-) TimerEvent: {}
[127.278029] (-) TimerEvent: {}
[127.378260] (-) TimerEvent: {}
[127.478518] (-) TimerEvent: {}
[127.578838] (-) TimerEvent: {}
[127.679147] (-) TimerEvent: {}
[127.779461] (-) TimerEvent: {}
[127.879769] (-) TimerEvent: {}
[127.980025] (-) TimerEvent: {}
[128.080329] (-) TimerEvent: {}
[128.180650] (-) TimerEvent: {}
[128.280910] (-) TimerEvent: {}
[128.381157] (-) TimerEvent: {}
[128.481405] (-) TimerEvent: {}
[128.581638] (-) TimerEvent: {}
[128.681942] (-) TimerEvent: {}
[128.782304] (-) TimerEvent: {}
[128.882604] (-) TimerEvent: {}
[128.982853] (-) TimerEvent: {}
[129.083169] (-) TimerEvent: {}
[129.183478] (-) TimerEvent: {}
[129.283736] (-) TimerEvent: {}
[129.383985] (-) TimerEvent: {}
[129.484227] (-) TimerEvent: {}
[129.584500] (-) TimerEvent: {}
[129.684820] (-) TimerEvent: {}
[129.785129] (-) TimerEvent: {}
[129.885427] (-) TimerEvent: {}
[129.985670] (-) TimerEvent: {}
[130.085955] (-) TimerEvent: {}
[130.186251] (-) TimerEvent: {}
[130.286517] (-) TimerEvent: {}
[130.386783] (-) TimerEvent: {}
[130.487026] (-) TimerEvent: {}
[130.587325] (-) TimerEvent: {}
[130.687635] (-) TimerEvent: {}
[130.787940] (-) TimerEvent: {}
[130.888291] (-) TimerEvent: {}
[130.988632] (-) TimerEvent: {}
[131.088908] (-) TimerEvent: {}
[131.189155] (-) TimerEvent: {}
[131.289413] (-) TimerEvent: {}
[131.389654] (-) TimerEvent: {}
[131.489955] (-) TimerEvent: {}
[131.590326] (-) TimerEvent: {}
[131.690650] (-) TimerEvent: {}
[131.790999] (-) TimerEvent: {}
[131.891329] (-) TimerEvent: {}
[131.991588] (-) TimerEvent: {}
[132.091883] (-) TimerEvent: {}
[132.192212] (-) TimerEvent: {}
[132.292470] (-) TimerEvent: {}
[132.392692] (-) TimerEvent: {}
[132.492933] (-) TimerEvent: {}
[132.593165] (-) TimerEvent: {}
[132.693398] (-) TimerEvent: {}
[132.793697] (-) TimerEvent: {}
[132.894017] (-) TimerEvent: {}
[132.994287] (-) TimerEvent: {}
[133.094614] (-) TimerEvent: {}
[133.194961] (-) TimerEvent: {}
[133.295236] (-) TimerEvent: {}
[133.395486] (-) TimerEvent: {}
[133.495751] (-) TimerEvent: {}
[133.596066] (-) TimerEvent: {}
[133.696391] (-) TimerEvent: {}
[133.796712] (-) TimerEvent: {}
[133.897049] (-) TimerEvent: {}
[133.997326] (-) TimerEvent: {}
[134.097636] (-) TimerEvent: {}
[134.197956] (-) TimerEvent: {}
[134.298208] (-) TimerEvent: {}
[134.398472] (-) TimerEvent: {}
[134.498744] (-) TimerEvent: {}
[134.598984] (-) TimerEvent: {}
[134.699274] (-) TimerEvent: {}
[134.799631] (-) TimerEvent: {}
[134.899951] (-) TimerEvent: {}
[135.000216] (-) TimerEvent: {}
[135.100453] (-) TimerEvent: {}
[135.200681] (-) TimerEvent: {}
[135.300909] (-) TimerEvent: {}
[135.401126] (-) TimerEvent: {}
[135.501353] (-) TimerEvent: {}
[135.601659] (-) TimerEvent: {}
[135.701992] (-) TimerEvent: {}
[135.802291] (-) TimerEvent: {}
[135.902633] (-) TimerEvent: {}
[136.002976] (-) TimerEvent: {}
[136.103291] (-) TimerEvent: {}
[136.203603] (-) TimerEvent: {}
[136.303868] (-) TimerEvent: {}
[136.404126] (-) TimerEvent: {}
[136.504414] (-) TimerEvent: {}
[136.604783] (-) TimerEvent: {}
[136.705095] (-) TimerEvent: {}
[136.805406] (-) TimerEvent: {}
[136.905735] (-) TimerEvent: {}
[137.006001] (-) TimerEvent: {}
[137.106312] (-) TimerEvent: {}
[137.206636] (-) TimerEvent: {}
[137.306912] (-) TimerEvent: {}
[137.407167] (-) TimerEvent: {}
[137.507394] (-) TimerEvent: {}
[137.607703] (-) TimerEvent: {}
[137.708021] (-) TimerEvent: {}
[137.808337] (-) TimerEvent: {}
[137.908669] (-) TimerEvent: {}
[138.008901] (-) TimerEvent: {}
[138.109197] (-) TimerEvent: {}
[138.209504] (-) TimerEvent: {}
[138.309767] (-) TimerEvent: {}
[138.410026] (-) TimerEvent: {}
[138.510282] (-) TimerEvent: {}
[138.610541] (-) TimerEvent: {}
[138.710807] (-) TimerEvent: {}
[138.811134] (-) TimerEvent: {}
[138.911474] (-) TimerEvent: {}
[139.011753] (-) TimerEvent: {}
[139.112007] (-) TimerEvent: {}
[139.212265] (-) TimerEvent: {}
[139.312522] (-) TimerEvent: {}
[139.412762] (-) TimerEvent: {}
[139.513007] (-) TimerEvent: {}
[139.613296] (-) TimerEvent: {}
[139.713595] (-) TimerEvent: {}
[139.813874] (-) TimerEvent: {}
[139.914172] (-) TimerEvent: {}
[140.014414] (-) TimerEvent: {}
[140.114697] (-) TimerEvent: {}
[140.214999] (-) TimerEvent: {}
[140.315243] (-) TimerEvent: {}
[140.415470] (-) TimerEvent: {}
[140.515703] (-) TimerEvent: {}
[140.615928] (-) TimerEvent: {}
[140.716150] (-) TimerEvent: {}
[140.816425] (-) TimerEvent: {}
[140.916753] (-) TimerEvent: {}
[141.017056] (-) TimerEvent: {}
[141.117361] (-) TimerEvent: {}
[141.217655] (-) TimerEvent: {}
[141.317896] (-) TimerEvent: {}
[141.418124] (-) TimerEvent: {}
[141.518404] (-) TimerEvent: {}
[141.618771] (-) TimerEvent: {}
[141.719085] (-) TimerEvent: {}
[141.819384] (-) TimerEvent: {}
[141.919694] (-) TimerEvent: {}
[142.019948] (-) TimerEvent: {}
[142.120232] (-) TimerEvent: {}
[142.220528] (-) TimerEvent: {}
[142.320820] (-) TimerEvent: {}
[142.421119] (-) TimerEvent: {}
[142.521372] (-) TimerEvent: {}
[142.621594] (-) TimerEvent: {}
[142.721820] (-) TimerEvent: {}
[142.822101] (-) TimerEvent: {}
[142.922425] (-) TimerEvent: {}
[143.022731] (-) TimerEvent: {}
[143.122984] (-) TimerEvent: {}
[143.223192] (-) TimerEvent: {}
[143.323420] (-) TimerEvent: {}
[143.423628] (-) TimerEvent: {}
[143.523853] (-) TimerEvent: {}
[143.624140] (-) TimerEvent: {}
[143.724429] (-) TimerEvent: {}
[143.824707] (-) TimerEvent: {}
[143.924988] (-) TimerEvent: {}
[144.025215] (-) TimerEvent: {}
[144.125494] (-) TimerEvent: {}
[144.225793] (-) TimerEvent: {}
[144.326041] (-) TimerEvent: {}
[144.426272] (-) TimerEvent: {}
[144.526492] (-) TimerEvent: {}
[144.626736] (-) TimerEvent: {}
[144.726957] (-) TimerEvent: {}
[144.827231] (-) TimerEvent: {}
[144.927529] (-) TimerEvent: {}
[145.027775] (-) TimerEvent: {}
[145.128066] (-) TimerEvent: {}
[145.228375] (-) TimerEvent: {}
[145.328611] (-) TimerEvent: {}
[145.428846] (-) TimerEvent: {}
[145.529073] (-) TimerEvent: {}
[145.629366] (-) TimerEvent: {}
[145.729669] (-) TimerEvent: {}
[145.829961] (-) TimerEvent: {}
[145.930299] (-) TimerEvent: {}
[146.030590] (-) TimerEvent: {}
[146.130876] (-) TimerEvent: {}
[146.231170] (-) TimerEvent: {}
[146.331418] (-) TimerEvent: {}
[146.431648] (-) TimerEvent: {}
[146.531900] (-) TimerEvent: {}
[146.632189] (-) TimerEvent: {}
[146.732433] (-) TimerEvent: {}
[146.832720] (-) TimerEvent: {}
[146.933020] (-) TimerEvent: {}
[147.033263] (-) TimerEvent: {}
[147.133501] (-) TimerEvent: {}
[147.233700] (-) TimerEvent: {}
[147.333902] (-) TimerEvent: {}
[147.434121] (-) TimerEvent: {}
[147.534328] (-) TimerEvent: {}
[147.634607] (-) TimerEvent: {}
[147.734928] (-) TimerEvent: {}
[147.835214] (-) TimerEvent: {}
[147.935496] (-) TimerEvent: {}
[148.035739] (-) TimerEvent: {}
[148.136017] (-) TimerEvent: {}
[148.236314] (-) TimerEvent: {}
[148.336557] (-) TimerEvent: {}
[148.436778] (-) TimerEvent: {}
[148.537005] (-) TimerEvent: {}
[148.637223] (-) TimerEvent: {}
[148.737447] (-) TimerEvent: {}
[148.837724] (-) TimerEvent: {}
[148.938030] (-) TimerEvent: {}
[149.038264] (-) TimerEvent: {}
[149.138616] (-) TimerEvent: {}
[149.238931] (-) TimerEvent: {}
[149.339179] (-) TimerEvent: {}
[149.439404] (-) TimerEvent: {}
[149.539626] (-) TimerEvent: {}
[149.639904] (-) TimerEvent: {}
[149.740224] (-) TimerEvent: {}
[149.840531] (-) TimerEvent: {}
[149.940834] (-) TimerEvent: {}
[150.041087] (-) TimerEvent: {}
[150.141367] (-) TimerEvent: {}
[150.241669] (-) TimerEvent: {}
[150.341912] (-) TimerEvent: {}
[150.442120] (-) TimerEvent: {}
[150.542320] (-) TimerEvent: {}
[150.642520] (-) TimerEvent: {}
[150.742808] (-) TimerEvent: {}
[150.843090] (-) TimerEvent: {}
[150.943404] (-) TimerEvent: {}
[151.043703] (-) TimerEvent: {}
[151.143980] (-) TimerEvent: {}
[151.244273] (-) TimerEvent: {}
[151.344504] (-) TimerEvent: {}
[151.444715] (-) TimerEvent: {}
[151.544997] (-) TimerEvent: {}
[151.645330] (-) TimerEvent: {}
[151.745657] (-) TimerEvent: {}
[151.845951] (-) TimerEvent: {}
[151.946239] (-) TimerEvent: {}
[152.046480] (-) TimerEvent: {}
[152.146758] (-) TimerEvent: {}
[152.247062] (-) TimerEvent: {}
[152.347304] (-) TimerEvent: {}
[152.447541] (-) TimerEvent: {}
[152.547766] (-) TimerEvent: {}
[152.647985] (-) TimerEvent: {}
[152.748245] (-) TimerEvent: {}
[152.848531] (-) TimerEvent: {}
[152.948817] (-) TimerEvent: {}
[153.049061] (-) TimerEvent: {}
[153.149343] (-) TimerEvent: {}
[153.249645] (-) TimerEvent: {}
[153.349897] (-) TimerEvent: {}
[153.450122] (-) TimerEvent: {}
[153.550354] (-) TimerEvent: {}
[153.650648] (-) TimerEvent: {}
[153.750996] (-) TimerEvent: {}
[153.851292] (-) TimerEvent: {}
[153.951540] (-) TimerEvent: {}
[154.051768] (-) TimerEvent: {}
[154.153198] (-) TimerEvent: {}
[154.253493] (-) TimerEvent: {}
[154.353743] (-) TimerEvent: {}
[154.453973] (-) TimerEvent: {}
[154.554190] (-) TimerEvent: {}
[154.654417] (-) TimerEvent: {}
[154.754680] (-) TimerEvent: {}
[154.855002] (-) TimerEvent: {}
[154.955254] (-) TimerEvent: {}
[155.055492] (-) TimerEvent: {}
[155.155721] (-) TimerEvent: {}
[155.255990] (-) TimerEvent: {}
[155.356290] (-) TimerEvent: {}
[155.456542] (-) TimerEvent: {}
[155.556773] (-) TimerEvent: {}
[155.657066] (-) TimerEvent: {}
[155.757399] (-) TimerEvent: {}
[155.857733] (-) TimerEvent: {}
[155.958017] (-) TimerEvent: {}
[156.058263] (-) TimerEvent: {}
[156.158539] (-) TimerEvent: {}
[156.258814] (-) TimerEvent: {}
[156.359049] (-) TimerEvent: {}
[156.459272] (-) TimerEvent: {}
[156.559552] (-) TimerEvent: {}
[156.659850] (-) TimerEvent: {}
[156.760131] (-) TimerEvent: {}
[156.860423] (-) TimerEvent: {}
[156.960649] (-) TimerEvent: {}
[157.060917] (-) TimerEvent: {}
[157.161191] (-) TimerEvent: {}
[157.261415] (-) TimerEvent: {}
[157.361656] (-) TimerEvent: {}
[157.461873] (-) TimerEvent: {}
[157.562112] (-) TimerEvent: {}
[157.662400] (-) TimerEvent: {}
[157.762763] (-) TimerEvent: {}
[157.863058] (-) TimerEvent: {}
[157.963297] (-) TimerEvent: {}
[158.063529] (-) TimerEvent: {}
[158.163808] (-) TimerEvent: {}
[158.264097] (-) TimerEvent: {}
[158.364331] (-) TimerEvent: {}
[158.464576] (-) TimerEvent: {}
[158.564800] (-) TimerEvent: {}
[158.664999] (-) TimerEvent: {}
[158.765270] (-) TimerEvent: {}
[158.865576] (-) TimerEvent: {}
[158.965826] (-) TimerEvent: {}
[159.066057] (-) TimerEvent: {}
[159.166303] (-) TimerEvent: {}
[159.266593] (-) TimerEvent: {}
[159.366923] (-) TimerEvent: {}
[159.467168] (-) TimerEvent: {}
[159.567433] (-) TimerEvent: {}
[159.667697] (-) TimerEvent: {}
[159.767976] (-) TimerEvent: {}
[159.868281] (-) TimerEvent: {}
[159.968537] (-) TimerEvent: {}
[160.068772] (-) TimerEvent: {}
[160.169047] (-) TimerEvent: {}
[160.269345] (-) TimerEvent: {}
[160.369563] (-) TimerEvent: {}
[160.469789] (-) TimerEvent: {}
[160.570017] (-) TimerEvent: {}
[160.670239] (-) TimerEvent: {}
[160.770515] (-) TimerEvent: {}
[160.870855] (-) TimerEvent: {}
[160.971150] (-) TimerEvent: {}
[161.071435] (-) TimerEvent: {}
[161.171716] (-) TimerEvent: {}
[161.271949] (-) TimerEvent: {}
[161.372176] (-) TimerEvent: {}
[161.472411] (-) TimerEvent: {}
[161.572698] (-) TimerEvent: {}
[161.672996] (-) TimerEvent: {}
[161.773279] (-) TimerEvent: {}
[161.873572] (-) TimerEvent: {}
[161.973822] (-) TimerEvent: {}
[162.074140] (-) TimerEvent: {}
[162.174437] (-) TimerEvent: {}
[162.274692] (-) TimerEvent: {}
[162.374940] (-) TimerEvent: {}
[162.475169] (-) TimerEvent: {}
[162.575391] (-) TimerEvent: {}
[162.675615] (-) TimerEvent: {}
[162.775895] (-) TimerEvent: {}
[162.876189] (-) TimerEvent: {}
[162.976449] (-) TimerEvent: {}
[163.076693] (-) TimerEvent: {}
[163.176868] (-) TimerEvent: {}
[163.277018] (-) TimerEvent: {}
[163.377196] (-) TimerEvent: {}
[163.477374] (-) TimerEvent: {}
[163.577597] (-) TimerEvent: {}
[163.677775] (-) TimerEvent: {}
[163.777944] (-) TimerEvent: {}
[163.878122] (-) TimerEvent: {}
[163.978270] (-) TimerEvent: {}
[164.078431] (-) TimerEvent: {}
[164.178592] (-) TimerEvent: {}
[164.278799] (-) TimerEvent: {}
[164.379041] (-) TimerEvent: {}
[164.479280] (-) TimerEvent: {}
[164.520131] (fast_lio) StdoutLine: {'line': b'[ 97%] Linking CXX executable fastlio_mapping\n'}
[164.579398] (-) TimerEvent: {}
[164.679589] (-) TimerEvent: {}
[164.779767] (-) TimerEvent: {}
[164.879937] (-) TimerEvent: {}
[164.980083] (-) TimerEvent: {}
[165.080259] (-) TimerEvent: {}
[165.180441] (-) TimerEvent: {}
[165.280595] (-) TimerEvent: {}
[165.380741] (-) TimerEvent: {}
[165.480882] (-) TimerEvent: {}
[165.581052] (-) TimerEvent: {}
[165.681229] (-) TimerEvent: {}
[165.781402] (-) TimerEvent: {}
[165.881600] (-) TimerEvent: {}
[165.981773] (-) TimerEvent: {}
[166.081947] (-) TimerEvent: {}
[166.182124] (-) TimerEvent: {}
[166.282273] (-) TimerEvent: {}
[166.382417] (-) TimerEvent: {}
[166.482553] (-) TimerEvent: {}
[166.582742] (-) TimerEvent: {}
[166.682919] (-) TimerEvent: {}
[166.783085] (-) TimerEvent: {}
[166.883257] (-) TimerEvent: {}
[166.983405] (-) TimerEvent: {}
[167.083546] (-) TimerEvent: {}
[167.183685] (-) TimerEvent: {}
[167.283822] (-) TimerEvent: {}
[167.383959] (-) TimerEvent: {}
[167.484126] (-) TimerEvent: {}
[167.546022] (fast_lio) StdoutLine: {'line': b'[100%] Built target fastlio_mapping\n'}
[167.556119] (fast_lio) CommandEnded: {'returncode': 0}
[167.558521] (fast_lio) JobProgress: {'identifier': 'fast_lio', 'progress': 'install'}
[167.566943] (fast_lio) Command: {'cmd': ['/usr/local/bin/cmake', '--install', '/home/seeed/ros2/ws/build/fast_lio'], 'cwd': '/home/seeed/ros2/ws/build/fast_lio', 'env': OrderedDict([('LANGUAGE', 'zh_CN:en'), ('USER', 'seeed'), ('SSH_CLIENT', '10.200.24.83 56429 22'), ('LC_TIME', 'zh_CN.UTF-8'), ('XDG_SESSION_TYPE', 'tty'), ('SHLVL', '0'), ('LD_LIBRARY_PATH', '/home/seeed/ros2/ws/install/livox_ros_driver2/lib:/opt/ros/humble/opt/rviz_ogre_vendor/lib:/opt/ros/humble/lib/aarch64-linux-gnu:/opt/ros/humble/lib'), ('MOTD_SHOWN', 'pam'), ('HOME', '/home/seeed'), ('OLDPWD', '/home/seeed'), ('ROS_PYTHON_VERSION', '3'), ('LC_MONETARY', 'zh_CN.UTF-8'), ('DBUS_SESSION_BUS_ADDRESS', 'unix:path=/run/user/1000/bus'), ('ROS_DISTRO', 'humble'), ('LOGNAME', 'seeed'), ('_', '/usr/bin/colcon'), ('ROS_VERSION', '2'), ('XDG_SESSION_CLASS', 'user'), ('XDG_SESSION_ID', '30'), ('ROS_LOCALHOST_ONLY', '0'), ('PATH', '/opt/ros/humble/bin:/usr/local/sbin:/usr/local/bin:/usr/sbin:/usr/bin:/sbin:/bin:/usr/games:/usr/local/games:/snap/bin'), ('PAPERSIZE', 'a4'), ('LC_ADDRESS', 'zh_CN.UTF-8'), ('XDG_RUNTIME_DIR', '/run/user/1000'), ('DISPLAY', 'localhost:11.0'), ('LANG', 'zh_CN.UTF-8'), ('LC_TELEPHONE', 'zh_CN.UTF-8'), ('AMENT_PREFIX_PATH', '/home/seeed/ros2/ws/install/livox_ros_driver2:/opt/ros/humble'), ('SHELL', '/bin/bash'), ('LC_NAME', 'zh_CN.UTF-8'), ('LC_MEASUREMENT', 'zh_CN.UTF-8'), ('LC_IDENTIFICATION', 'zh_CN.UTF-8'), ('PWD', '/home/seeed/ros2/ws/build/fast_lio'), ('LC_ALL', 'en_US.UTF-8'), ('SSH_CONNECTION', '10.200.24.83 56429 10.200.54.207 22'), ('PYTHONPATH', '/home/seeed/ros2/ws/install/livox_ros_driver2/local/lib/python3.10/dist-packages:/opt/ros/humble/lib/python3.10/site-packages:/opt/ros/humble/local/lib/python3.10/dist-packages'), ('LC_NUMERIC', 'zh_CN.UTF-8'), ('LC_PAPER', 'zh_CN.UTF-8'), ('COLCON', '1'), ('CMAKE_PREFIX_PATH', '/home/seeed/ros2/ws/install/livox_ros_driver2:/opt/ros/humble')]), 'shell': False}
[167.574103] (fast_lio) StdoutLine: {'line': b'-- Install configuration: "Release"\n'}
[167.576075] (fast_lio) StdoutLine: {'line': b'-- Execute custom install script\n'}
[167.576735] (fast_lio) StdoutLine: {'line': b'-- Up-to-date symlink: /home/seeed/ros2/ws/install/fast_lio/share/ament_index/resource_index/rosidl_interfaces/fast_lio\n'}
[167.579590] (fast_lio) StdoutLine: {'line': b'-- Up-to-date symlink: /home/seeed/ros2/ws/install/fast_lio/include/fast_lio/fast_lio/msg/detail/pose6_d__functions.h\n'}
[167.579991] (fast_lio) StdoutLine: {'line': b'-- Up-to-date symlink: /home/seeed/ros2/ws/install/fast_lio/include/fast_lio/fast_lio/msg/detail/pose6_d__struct.h\n'}
[167.580429] (fast_lio) StdoutLine: {'line': b'-- Up-to-date symlink: /home/seeed/ros2/ws/install/fast_lio/include/fast_lio/fast_lio/msg/detail/pose6_d__type_support.h\n'}
[167.580797] (fast_lio) StdoutLine: {'line': b'-- Up-to-date symlink: /home/seeed/ros2/ws/install/fast_lio/include/fast_lio/fast_lio/msg/pose6_d.h\n'}
[167.581187] (fast_lio) StdoutLine: {'line': b'-- Up-to-date symlink: /home/seeed/ros2/ws/install/fast_lio/include/fast_lio/fast_lio/msg/rosidl_generator_c__visibility_control.h\n'}
[167.581644] (fast_lio) StdoutLine: {'line': b'-- Up-to-date symlink: /home/seeed/ros2/ws/install/fast_lio/share/fast_lio/environment/library_path.sh\n'}
[167.582052] (fast_lio) StdoutLine: {'line': b'-- Up-to-date symlink: /home/seeed/ros2/ws/install/fast_lio/share/fast_lio/environment/library_path.dsv\n'}
[167.583363] (fast_lio) StdoutLine: {'line': b'-- Up-to-date symlink: /home/seeed/ros2/ws/install/fast_lio/include/fast_lio/fast_lio/msg/detail/pose6_d__rosidl_typesupport_fastrtps_c.h\n'}
[167.583791] (fast_lio) StdoutLine: {'line': b'-- Up-to-date symlink: /home/seeed/ros2/ws/install/fast_lio/include/fast_lio/fast_lio/msg/rosidl_typesupport_fastrtps_c__visibility_control.h\n'}
[167.584213] (-) TimerEvent: {}
[167.584800] (fast_lio) StdoutLine: {'line': b'-- Up-to-date symlink: /home/seeed/ros2/ws/install/fast_lio/include/fast_lio/fast_lio/msg/detail/pose6_d__builder.hpp\n'}
[167.585215] (fast_lio) StdoutLine: {'line': b'-- Up-to-date symlink: /home/seeed/ros2/ws/install/fast_lio/include/fast_lio/fast_lio/msg/detail/pose6_d__struct.hpp\n'}
[167.585624] (fast_lio) StdoutLine: {'line': b'-- Up-to-date symlink: /home/seeed/ros2/ws/install/fast_lio/include/fast_lio/fast_lio/msg/detail/pose6_d__traits.hpp\n'}
[167.586013] (fast_lio) StdoutLine: {'line': b'-- Up-to-date symlink: /home/seeed/ros2/ws/install/fast_lio/include/fast_lio/fast_lio/msg/detail/pose6_d__type_support.hpp\n'}
[167.586456] (fast_lio) StdoutLine: {'line': b'-- Up-to-date symlink: /home/seeed/ros2/ws/install/fast_lio/include/fast_lio/fast_lio/msg/pose6_d.hpp\n'}
[167.586897] (fast_lio) StdoutLine: {'line': b'-- Up-to-date symlink: /home/seeed/ros2/ws/install/fast_lio/include/fast_lio/fast_lio/msg/rosidl_generator_cpp__visibility_control.hpp\n'}
[167.588089] (fast_lio) StdoutLine: {'line': b'-- Up-to-date symlink: /home/seeed/ros2/ws/install/fast_lio/include/fast_lio/fast_lio/msg/detail/pose6_d__rosidl_typesupport_fastrtps_cpp.hpp\n'}
[167.588467] (fast_lio) StdoutLine: {'line': b'-- Up-to-date symlink: /home/seeed/ros2/ws/install/fast_lio/include/fast_lio/fast_lio/msg/rosidl_typesupport_fastrtps_cpp__visibility_control.h\n'}
[167.589406] (fast_lio) StdoutLine: {'line': b'-- Up-to-date symlink: /home/seeed/ros2/ws/install/fast_lio/include/fast_lio/fast_lio/msg/detail/pose6_d__rosidl_typesupport_introspection_c.h\n'}
[167.589782] (fast_lio) StdoutLine: {'line': b'-- Up-to-date symlink: /home/seeed/ros2/ws/install/fast_lio/include/fast_lio/fast_lio/msg/rosidl_typesupport_introspection_c__visibility_control.h\n'}
[167.590671] (fast_lio) StdoutLine: {'line': b'-- Up-to-date symlink: /home/seeed/ros2/ws/install/fast_lio/include/fast_lio/fast_lio/msg/detail/pose6_d__rosidl_typesupport_introspection_cpp.hpp\n'}
[167.591135] (fast_lio) StdoutLine: {'line': b'-- Up-to-date symlink: /home/seeed/ros2/ws/install/fast_lio/share/fast_lio/environment/pythonpath.sh\n'}
[167.591534] (fast_lio) StdoutLine: {'line': b'-- Up-to-date symlink: /home/seeed/ros2/ws/install/fast_lio/share/fast_lio/environment/pythonpath.dsv\n'}
[167.592329] (fast_lio) StdoutLine: {'line': b'-- Up-to-date symlink: /home/seeed/ros2/ws/install/fast_lio/local/lib/python3.10/dist-packages/fast_lio-0.0.0-py3.10.egg-info/PKG-INFO\n'}
[167.592673] (fast_lio) StdoutLine: {'line': b'-- Up-to-date symlink: /home/seeed/ros2/ws/install/fast_lio/local/lib/python3.10/dist-packages/fast_lio-0.0.0-py3.10.egg-info/SOURCES.txt\n'}
[167.593063] (fast_lio) StdoutLine: {'line': b'-- Up-to-date symlink: /home/seeed/ros2/ws/install/fast_lio/local/lib/python3.10/dist-packages/fast_lio-0.0.0-py3.10.egg-info/dependency_links.txt\n'}
[167.593429] (fast_lio) StdoutLine: {'line': b'-- Up-to-date symlink: /home/seeed/ros2/ws/install/fast_lio/local/lib/python3.10/dist-packages/fast_lio-0.0.0-py3.10.egg-info/top_level.txt\n'}
[167.594589] (fast_lio) StdoutLine: {'line': b'-- Up-to-date symlink: /home/seeed/ros2/ws/install/fast_lio/local/lib/python3.10/dist-packages/fast_lio/__init__.py\n'}
[167.595259] (fast_lio) StdoutLine: {'line': b'-- Up-to-date symlink: /home/seeed/ros2/ws/install/fast_lio/local/lib/python3.10/dist-packages/fast_lio/_fast_lio_s.ep.rosidl_typesupport_c.c\n'}
[167.595620] (fast_lio) StdoutLine: {'line': b'-- Up-to-date symlink: /home/seeed/ros2/ws/install/fast_lio/local/lib/python3.10/dist-packages/fast_lio/_fast_lio_s.ep.rosidl_typesupport_fastrtps_c.c\n'}
[167.595982] (fast_lio) StdoutLine: {'line': b'-- Up-to-date symlink: /home/seeed/ros2/ws/install/fast_lio/local/lib/python3.10/dist-packages/fast_lio/_fast_lio_s.ep.rosidl_typesupport_introspection_c.c\n'}
[167.596327] (fast_lio) StdoutLine: {'line': b'-- Up-to-date symlink: /home/seeed/ros2/ws/install/fast_lio/local/lib/python3.10/dist-packages/fast_lio/fast_lio_s__rosidl_typesupport_c.cpython-310-aarch64-linux-gnu.so\n'}
[167.596779] (fast_lio) StdoutLine: {'line': b'-- Up-to-date symlink: /home/seeed/ros2/ws/install/fast_lio/local/lib/python3.10/dist-packages/fast_lio/fast_lio_s__rosidl_typesupport_fastrtps_c.cpython-310-aarch64-linux-gnu.so\n'}
[167.597265] (fast_lio) StdoutLine: {'line': b'-- Up-to-date symlink: /home/seeed/ros2/ws/install/fast_lio/local/lib/python3.10/dist-packages/fast_lio/fast_lio_s__rosidl_typesupport_introspection_c.cpython-310-aarch64-linux-gnu.so\n'}
[167.597604] (fast_lio) StdoutLine: {'line': b'-- Up-to-date symlink: /home/seeed/ros2/ws/install/fast_lio/local/lib/python3.10/dist-packages/fast_lio/libfast_lio__rosidl_generator_py.so\n'}
[167.597943] (fast_lio) StdoutLine: {'line': b'-- Up-to-date symlink: /home/seeed/ros2/ws/install/fast_lio/local/lib/python3.10/dist-packages/fast_lio/msg/__init__.py\n'}
[167.598157] (fast_lio) StdoutLine: {'line': b'-- Up-to-date symlink: /home/seeed/ros2/ws/install/fast_lio/local/lib/python3.10/dist-packages/fast_lio/msg/_pose6_d.py\n'}
[167.598363] (fast_lio) StdoutLine: {'line': b'-- Up-to-date symlink: /home/seeed/ros2/ws/install/fast_lio/local/lib/python3.10/dist-packages/fast_lio/msg/_pose6_d_s.c\n'}
[167.598741] (fast_lio) StdoutLine: {'line': b'-- Up-to-date symlink: /home/seeed/ros2/ws/install/fast_lio/local/lib/python3.10/dist-packages/fast_lio/fast_lio_s__rosidl_typesupport_fastrtps_c.cpython-310-aarch64-linux-gnu.so\n'}
[167.599292] (fast_lio) StdoutLine: {'line': b'-- Up-to-date symlink: /home/seeed/ros2/ws/install/fast_lio/local/lib/python3.10/dist-packages/fast_lio/fast_lio_s__rosidl_typesupport_introspection_c.cpython-310-aarch64-linux-gnu.so\n'}
[167.599887] (fast_lio) StdoutLine: {'line': b'-- Up-to-date symlink: /home/seeed/ros2/ws/install/fast_lio/local/lib/python3.10/dist-packages/fast_lio/fast_lio_s__rosidl_typesupport_c.cpython-310-aarch64-linux-gnu.so\n'}
[167.600323] (fast_lio) StdoutLine: {'line': b'-- Up-to-date symlink: /home/seeed/ros2/ws/install/fast_lio/share/ament_index/resource_index/rust_packages/fast_lio\n'}
[167.601231] (fast_lio) StdoutLine: {'line': b'-- Up-to-date symlink: /home/seeed/ros2/ws/install/fast_lio/share/fast_lio/rust/Cargo.toml\n'}
[167.601593] (fast_lio) StdoutLine: {'line': b'-- Up-to-date symlink: /home/seeed/ros2/ws/install/fast_lio/share/fast_lio/rust/build.rs\n'}
[167.602038] (fast_lio) StdoutLine: {'line': b'-- Up-to-date symlink: /home/seeed/ros2/ws/install/fast_lio/share/fast_lio/rust/src/lib.rs\n'}
[167.602385] (fast_lio) StdoutLine: {'line': b'-- Up-to-date symlink: /home/seeed/ros2/ws/install/fast_lio/share/fast_lio/rust/src/msg.rs\n'}
[167.602600] (fast_lio) StdoutLine: {'line': b'-- Up-to-date symlink: /home/seeed/ros2/ws/install/fast_lio/share/fast_lio/rust/src/msg/rmw.rs\n'}
[167.602985] (fast_lio) StdoutLine: {'line': b'-- Up-to-date symlink: /home/seeed/ros2/ws/install/fast_lio/share/fast_lio/msg/Pose6D.idl\n'}
[167.603323] (fast_lio) StdoutLine: {'line': b'-- Up-to-date symlink: /home/seeed/ros2/ws/install/fast_lio/share/fast_lio/msg/Pose6D.msg\n'}
[167.603782] (fast_lio) StdoutLine: {'line': b'-- Up-to-date symlink: /home/seeed/ros2/ws/install/fast_lio/lib/fast_lio/fastlio_mapping\n'}
[167.604709] (fast_lio) StdoutLine: {'line': b'-- Up-to-date symlink: /home/seeed/ros2/ws/install/fast_lio/share/fast_lio/config/avia.yaml\n'}
[167.605084] (fast_lio) StdoutLine: {'line': b'-- Up-to-date symlink: /home/seeed/ros2/ws/install/fast_lio/share/fast_lio/config/horizon.yaml\n'}
[167.605546] (fast_lio) StdoutLine: {'line': b'-- Up-to-date symlink: /home/seeed/ros2/ws/install/fast_lio/share/fast_lio/config/mid360.yaml\n'}
[167.606016] (fast_lio) StdoutLine: {'line': b'-- Up-to-date symlink: /home/seeed/ros2/ws/install/fast_lio/share/fast_lio/config/mid360.yaml.bak.20260625_211559\n'}
[167.606358] (fast_lio) StdoutLine: {'line': b'-- Up-to-date symlink: /home/seeed/ros2/ws/install/fast_lio/share/fast_lio/config/mid360.yaml.bak.20260626_093929\n'}
[167.606827] (fast_lio) StdoutLine: {'line': b'-- Up-to-date symlink: /home/seeed/ros2/ws/install/fast_lio/share/fast_lio/config/mid360.yaml.bak.disable_timesync_20260626_100616\n'}
[167.607055] (fast_lio) StdoutLine: {'line': b'-- Up-to-date symlink: /home/seeed/ros2/ws/install/fast_lio/share/fast_lio/config/mid360.yaml.bak.fix_drift_20260626_095649\n'}
[167.607266] (fast_lio) StdoutLine: {'line': b'-- Up-to-date symlink: /home/seeed/ros2/ws/install/fast_lio/share/fast_lio/config/ouster64.yaml\n'}
[167.607471] (fast_lio) StdoutLine: {'line': b'-- Up-to-date symlink: /home/seeed/ros2/ws/install/fast_lio/share/fast_lio/config/velodyne.yaml\n'}
[167.607943] (fast_lio) StdoutLine: {'line': b'-- Up-to-date symlink: /home/seeed/ros2/ws/install/fast_lio/share/fast_lio/launch/gdb_debug_example.launch\n'}
[167.608158] (fast_lio) StdoutLine: {'line': b'-- Up-to-date symlink: /home/seeed/ros2/ws/install/fast_lio/share/fast_lio/launch/mapping.launch.py\n'}
[167.608503] (fast_lio) StdoutLine: {'line': b'-- Up-to-date symlink: /home/seeed/ros2/ws/install/fast_lio/share/fast_lio/rviz/fastlio.rviz\n'}
[167.608839] (fast_lio) StdoutLine: {'line': b'-- Up-to-date symlink: /home/seeed/ros2/ws/install/fast_lio/share/ament_index/resource_index/package_run_dependencies/fast_lio\n'}
[167.609216] (fast_lio) StdoutLine: {'line': b'-- Up-to-date symlink: /home/seeed/ros2/ws/install/fast_lio/share/ament_index/resource_index/parent_prefix_path/fast_lio\n'}
[167.609574] (fast_lio) StdoutLine: {'line': b'-- Up-to-date symlink: /home/seeed/ros2/ws/install/fast_lio/share/fast_lio/environment/ament_prefix_path.sh\n'}
[167.609935] (fast_lio) StdoutLine: {'line': b'-- Up-to-date symlink: /home/seeed/ros2/ws/install/fast_lio/share/fast_lio/environment/ament_prefix_path.dsv\n'}
[167.610289] (fast_lio) StdoutLine: {'line': b'-- Up-to-date symlink: /home/seeed/ros2/ws/install/fast_lio/share/fast_lio/environment/path.sh\n'}
[167.610638] (fast_lio) StdoutLine: {'line': b'-- Up-to-date symlink: /home/seeed/ros2/ws/install/fast_lio/share/fast_lio/environment/path.dsv\n'}
[167.611031] (fast_lio) StdoutLine: {'line': b'-- Up-to-date symlink: /home/seeed/ros2/ws/install/fast_lio/share/fast_lio/local_setup.bash\n'}
[167.611375] (fast_lio) StdoutLine: {'line': b'-- Up-to-date symlink: /home/seeed/ros2/ws/install/fast_lio/share/fast_lio/local_setup.sh\n'}
[167.611759] (fast_lio) StdoutLine: {'line': b'-- Up-to-date symlink: /home/seeed/ros2/ws/install/fast_lio/share/fast_lio/local_setup.zsh\n'}
[167.612104] (fast_lio) StdoutLine: {'line': b'-- Up-to-date symlink: /home/seeed/ros2/ws/install/fast_lio/share/fast_lio/local_setup.dsv\n'}
[167.612457] (fast_lio) StdoutLine: {'line': b'-- Symlinking: /home/seeed/ros2/ws/install/fast_lio/share/fast_lio/package.dsv\n'}
[167.617374] (fast_lio) StdoutLine: {'line': b'-- Up-to-date symlink: /home/seeed/ros2/ws/install/fast_lio/share/ament_index/resource_index/packages/fast_lio\n'}
[167.617887] (fast_lio) StdoutLine: {'line': b'-- Up-to-date symlink: /home/seeed/ros2/ws/install/fast_lio/share/fast_lio/cmake/rosidl_cmake-extras.cmake\n'}
[167.618280] (fast_lio) StdoutLine: {'line': b'-- Up-to-date symlink: /home/seeed/ros2/ws/install/fast_lio/share/fast_lio/cmake/ament_cmake_export_include_directories-extras.cmake\n'}
[167.618632] (fast_lio) StdoutLine: {'line': b'-- Up-to-date symlink: /home/seeed/ros2/ws/install/fast_lio/share/fast_lio/cmake/ament_cmake_export_libraries-extras.cmake\n'}
[167.619025] (fast_lio) StdoutLine: {'line': b'-- Up-to-date symlink: /home/seeed/ros2/ws/install/fast_lio/share/fast_lio/cmake/ament_cmake_export_targets-extras.cmake\n'}
[167.619385] (fast_lio) StdoutLine: {'line': b'-- Up-to-date symlink: /home/seeed/ros2/ws/install/fast_lio/share/fast_lio/cmake/rosidl_cmake_export_typesupport_targets-extras.cmake\n'}
[167.619771] (fast_lio) StdoutLine: {'line': b'-- Up-to-date symlink: /home/seeed/ros2/ws/install/fast_lio/share/fast_lio/cmake/ament_cmake_export_dependencies-extras.cmake\n'}
[167.620150] (fast_lio) StdoutLine: {'line': b'-- Up-to-date symlink: /home/seeed/ros2/ws/install/fast_lio/share/fast_lio/cmake/rosidl_cmake_export_typesupport_libraries-extras.cmake\n'}
[167.620485] (fast_lio) StdoutLine: {'line': b'-- Up-to-date symlink: /home/seeed/ros2/ws/install/fast_lio/share/fast_lio/cmake/fast_lioConfig.cmake\n'}
[167.620819] (fast_lio) StdoutLine: {'line': b'-- Up-to-date symlink: /home/seeed/ros2/ws/install/fast_lio/share/fast_lio/cmake/fast_lioConfig-version.cmake\n'}
[167.621171] (fast_lio) StdoutLine: {'line': b'-- Up-to-date symlink: /home/seeed/ros2/ws/install/fast_lio/share/fast_lio/package.xml\n'}
[167.622110] (fast_lio) StdoutLine: {'line': b'-- Up-to-date: /home/seeed/ros2/ws/install/fast_lio/lib/libfast_lio__rosidl_generator_c.so\n'}
[167.622962] (fast_lio) StdoutLine: {'line': b'-- Up-to-date: /home/seeed/ros2/ws/install/fast_lio/lib/libfast_lio__rosidl_typesupport_fastrtps_c.so\n'}
[167.623746] (fast_lio) StdoutLine: {'line': b'-- Up-to-date: /home/seeed/ros2/ws/install/fast_lio/lib/libfast_lio__rosidl_typesupport_fastrtps_cpp.so\n'}
[167.624763] (fast_lio) StdoutLine: {'line': b'-- Up-to-date: /home/seeed/ros2/ws/install/fast_lio/lib/libfast_lio__rosidl_typesupport_introspection_c.so\n'}
[167.625249] (fast_lio) StdoutLine: {'line': b'-- Up-to-date: /home/seeed/ros2/ws/install/fast_lio/lib/libfast_lio__rosidl_typesupport_c.so\n'}
[167.625986] (fast_lio) StdoutLine: {'line': b'-- Up-to-date: /home/seeed/ros2/ws/install/fast_lio/lib/libfast_lio__rosidl_typesupport_introspection_cpp.so\n'}
[167.626602] (fast_lio) StdoutLine: {'line': b'-- Up-to-date: /home/seeed/ros2/ws/install/fast_lio/lib/libfast_lio__rosidl_typesupport_cpp.so\n'}
[167.684307] (-) TimerEvent: {}
[167.695757] (fast_lio) StdoutLine: {'line': b"Listing '/home/seeed/ros2/ws/install/fast_lio/local/lib/python3.10/dist-packages/fast_lio'...\n"}
[167.696205] (fast_lio) StdoutLine: {'line': b"Listing '/home/seeed/ros2/ws/install/fast_lio/local/lib/python3.10/dist-packages/fast_lio/msg'...\n"}
[167.707564] (fast_lio) StdoutLine: {'line': b'-- Up-to-date: /home/seeed/ros2/ws/install/fast_lio/lib/libfast_lio__rosidl_generator_py.so\n'}
[167.708853] (fast_lio) StdoutLine: {'line': b'-- Up-to-date: /home/seeed/ros2/ws/install/fast_lio/share/fast_lio/cmake/export_fast_lio__rosidl_generator_cExport.cmake\n'}
[167.709331] (fast_lio) StdoutLine: {'line': b'-- Up-to-date: /home/seeed/ros2/ws/install/fast_lio/share/fast_lio/cmake/export_fast_lio__rosidl_generator_cExport-release.cmake\n'}
[167.709798] (fast_lio) StdoutLine: {'line': b'-- Up-to-date: /home/seeed/ros2/ws/install/fast_lio/share/fast_lio/cmake/export_fast_lio__rosidl_typesupport_fastrtps_cExport.cmake\n'}
[167.710228] (fast_lio) StdoutLine: {'line': b'-- Up-to-date: /home/seeed/ros2/ws/install/fast_lio/share/fast_lio/cmake/export_fast_lio__rosidl_typesupport_fastrtps_cExport-release.cmake\n'}
[167.710683] (fast_lio) StdoutLine: {'line': b'-- Up-to-date: /home/seeed/ros2/ws/install/fast_lio/share/fast_lio/cmake/export_fast_lio__rosidl_generator_cppExport.cmake\n'}
[167.711481] (fast_lio) StdoutLine: {'line': b'-- Up-to-date: /home/seeed/ros2/ws/install/fast_lio/share/fast_lio/cmake/export_fast_lio__rosidl_typesupport_fastrtps_cppExport.cmake\n'}
[167.711907] (fast_lio) StdoutLine: {'line': b'-- Up-to-date: /home/seeed/ros2/ws/install/fast_lio/share/fast_lio/cmake/export_fast_lio__rosidl_typesupport_fastrtps_cppExport-release.cmake\n'}
[167.712350] (fast_lio) StdoutLine: {'line': b'-- Up-to-date: /home/seeed/ros2/ws/install/fast_lio/share/fast_lio/cmake/fast_lio__rosidl_typesupport_introspection_cExport.cmake\n'}
[167.712758] (fast_lio) StdoutLine: {'line': b'-- Up-to-date: /home/seeed/ros2/ws/install/fast_lio/share/fast_lio/cmake/fast_lio__rosidl_typesupport_introspection_cExport-release.cmake\n'}
[167.713123] (fast_lio) StdoutLine: {'line': b'-- Up-to-date: /home/seeed/ros2/ws/install/fast_lio/share/fast_lio/cmake/fast_lio__rosidl_typesupport_cExport.cmake\n'}
[167.713476] (fast_lio) StdoutLine: {'line': b'-- Up-to-date: /home/seeed/ros2/ws/install/fast_lio/share/fast_lio/cmake/fast_lio__rosidl_typesupport_cExport-release.cmake\n'}
[167.713856] (fast_lio) StdoutLine: {'line': b'-- Up-to-date: /home/seeed/ros2/ws/install/fast_lio/share/fast_lio/cmake/fast_lio__rosidl_typesupport_introspection_cppExport.cmake\n'}
[167.714244] (fast_lio) StdoutLine: {'line': b'-- Up-to-date: /home/seeed/ros2/ws/install/fast_lio/share/fast_lio/cmake/fast_lio__rosidl_typesupport_introspection_cppExport-release.cmake\n'}
[167.714701] (fast_lio) StdoutLine: {'line': b'-- Up-to-date: /home/seeed/ros2/ws/install/fast_lio/share/fast_lio/cmake/fast_lio__rosidl_typesupport_cppExport.cmake\n'}
[167.714972] (fast_lio) StdoutLine: {'line': b'-- Up-to-date: /home/seeed/ros2/ws/install/fast_lio/share/fast_lio/cmake/fast_lio__rosidl_typesupport_cppExport-release.cmake\n'}
[167.715333] (fast_lio) StdoutLine: {'line': b'-- Up-to-date: /home/seeed/ros2/ws/install/fast_lio/share/fast_lio/cmake/export_fast_lio__rosidl_generator_pyExport.cmake\n'}
[167.715669] (fast_lio) StdoutLine: {'line': b'-- Up-to-date: /home/seeed/ros2/ws/install/fast_lio/share/fast_lio/cmake/export_fast_lio__rosidl_generator_pyExport-release.cmake\n'}
[167.719363] (fast_lio) CommandEnded: {'returncode': 0}
[167.785163] (-) TimerEvent: {}
[167.793194] (fast_lio) JobEnded: {'identifier': 'fast_lio', 'rc': 0}
[167.795256] (-) EventReactorShutdown: {}
