[0.020s] Invoking command in '/home/seeed/ros2/ws/build/pcd_ndt_localization': CMAKE_PREFIX_PATH=/opt/ros/humble /usr/local/bin/cmake /home/seeed/ros2/ws/src/localization/pcd_ndt_localization -DPython3_EXECUTABLE=/usr/bin/python3 -DCMAKE_INSTALL_PREFIX=/home/seeed/ros2/ws/install/pcd_ndt_localization
[0.208s] -- The C compiler identification is GNU 11.4.0
[0.354s] -- The CXX compiler identification is GNU 11.4.0
[0.424s] -- Detecting C compiler ABI info
[0.556s] -- Detecting C compiler ABI info - done
[0.590s] -- Check for working C compiler: /usr/bin/cc - skipped
[0.591s] -- Detecting C compile features
[0.592s] -- Detecting C compile features - done
[0.614s] -- Detecting CXX compiler ABI info
[0.763s] -- Detecting CXX compiler ABI info - done
[0.799s] -- Check for working CXX compiler: /usr/bin/c++ - skipped
[0.800s] -- Detecting CXX compile features
[0.802s] -- Detecting CXX compile features - done
[0.814s] -- Found ament_cmake: 1.3.14 (/opt/ros/humble/share/ament_cmake/cmake)
[1.216s] -- Found Python3: /usr/bin/python3 (found version "3.10.12") found components: Interpreter 
[1.481s] -- Found geometry_msgs: 4.9.1 (/opt/ros/humble/share/geometry_msgs/cmake)
[1.576s] -- Found rosidl_generator_c: 3.1.8 (/opt/ros/humble/share/rosidl_generator_c/cmake)
[1.590s] -- Found rosidl_adapter: 3.1.8 (/opt/ros/humble/share/rosidl_adapter/cmake)
[1.616s] -- Found rosidl_generator_cpp: 3.1.8 (/opt/ros/humble/share/rosidl_generator_cpp/cmake)
[1.651s] -- Using all available rosidl_typesupport_c: rosidl_typesupport_fastrtps_c;rosidl_typesupport_introspection_c
[1.696s] -- Using all available rosidl_typesupport_cpp: rosidl_typesupport_fastrtps_cpp;rosidl_typesupport_introspection_cpp
[1.817s] -- Found nav_msgs: 4.9.1 (/opt/ros/humble/share/nav_msgs/cmake)
[1.899s] CMake Warning (dev) at /usr/lib/aarch64-linux-gnu/cmake/pcl/PCLConfig.cmake:146 (find_package):
[1.899s]   Policy CMP0144 is not set: find_package uses upper-case <PACKAGENAME>_ROOT
[1.899s]   variables.  Run "cmake --help-policy CMP0144" for policy details.  Use the
[1.900s]   cmake_policy command to set the policy and suppress this warning.
[1.900s] 
[1.900s]   CMake variable EIGEN_ROOT is set to:
[1.900s] 
[1.900s]     /usr/include/eigen3
[1.900s] 
[1.900s]   For compatibility, find_package is ignoring the variable, but code in a
[1.900s]   .cmake module might still use it.
[1.901s] Call Stack (most recent call first):
[1.901s]   /usr/lib/aarch64-linux-gnu/cmake/pcl/PCLConfig.cmake:299 (find_eigen)
[1.901s]   /usr/lib/aarch64-linux-gnu/cmake/pcl/PCLConfig.cmake:543 (find_external_library)
[1.901s]   CMakeLists.txt:12 (find_package)
[1.901s] This warning is for project developers.  Use -Wno-dev to suppress it.
[1.901s] 
[1.917s] -- Checking for module 'eigen3'
[1.945s] --   Found eigen3, version 3.4.0
[2.010s] -- Found Eigen: /usr/include/eigen3 (Required is at least version "3.1") 
[2.010s] -- Eigen found (include: /usr/include/eigen3, version: 3.4.0)
[2.062s] -- Found Boost: /usr/lib/aarch64-linux-gnu/cmake/Boost-1.74.0/BoostConfig.cmake (found suitable version "1.74.0", minimum required is "1.65.0") found components: system filesystem date_time iostreams serialization 
[2.069s] CMake Warning (dev) at /usr/lib/aarch64-linux-gnu/cmake/pcl/Modules/FindFLANN.cmake:44 (find_package):
[2.069s]   Policy CMP0144 is not set: find_package uses upper-case <PACKAGENAME>_ROOT
[2.069s]   variables.  Run "cmake --help-policy CMP0144" for policy details.  Use the
[2.070s]   cmake_policy command to set the policy and suppress this warning.
[2.070s] 
[2.070s]   CMake variable FLANN_ROOT is set to:
[2.070s] 
[2.070s]     /usr
[2.070s] 
[2.070s]   For compatibility, find_package is ignoring the variable, but code in a
[2.071s]   .cmake module might still use it.
[2.071s] Call Stack (most recent call first):
[2.071s]   /usr/lib/aarch64-linux-gnu/cmake/pcl/PCLConfig.cmake:256 (find_package)
[2.071s]   /usr/lib/aarch64-linux-gnu/cmake/pcl/PCLConfig.cmake:301 (find_flann)
[2.071s]   /usr/lib/aarch64-linux-gnu/cmake/pcl/PCLConfig.cmake:543 (find_external_library)
[2.071s]   CMakeLists.txt:12 (find_package)
[2.072s] This warning is for project developers.  Use -Wno-dev to suppress it.
[2.072s] 
[2.107s] -- Checking for module 'flann'
[2.128s] --   Found flann, version 1.9.1
[2.221s] -- Found FLANN: /usr/lib/aarch64-linux-gnu/libflann_cpp.so  
[2.221s] -- FLANN found (include: /usr/include, lib: /usr/lib/aarch64-linux-gnu/libflann_cpp.so)
[2.336s] -- Checking for module 'libusb-1.0'
[2.360s] --   Found libusb-1.0, version 1.0.25
[2.425s] -- Found libusb: /usr/lib/aarch64-linux-gnu/libusb-1.0.so  
[2.428s] -- Found OpenNI: /usr/lib/libOpenNI.so;libusb::libusb (found version "1.5.4.0") 
[2.428s] -- OpenNI found (version: 1.5.4.0, include: /usr/include/ni, lib: /usr/lib/libOpenNI.so;libusb::libusb)
[2.562s] -- Found OpenNI2: /usr/lib/aarch64-linux-gnu/libOpenNI2.so;libusb::libusb (found version "2.2.0.33") 
[2.562s] -- OpenNI2 found (version: 2.2.0.33, include: /usr/include/openni2, lib: /usr/lib/aarch64-linux-gnu/libOpenNI2.so;libusb::libusb)
[2.563s] ** WARNING ** io features related to pcap will be disabled
[2.563s] ** WARNING ** io features related to png will be disabled
[2.679s] -- Performing Test CMAKE_HAVE_LIBC_PTHREAD
[2.810s] -- Performing Test CMAKE_HAVE_LIBC_PTHREAD - Success
[2.815s] -- Found Threads: TRUE  
[2.824s] -- Found GLEW: /usr/lib/aarch64-linux-gnu/libGLEW.so  
[2.851s] -- Found OpenGL: /usr/lib/aarch64-linux-gnu/libOpenGL.so  found components: OpenGL GLX 
[3.200s] -- Found MPI_C: /usr/lib/aarch64-linux-gnu/libmpi.so (found version "3.1") 
[3.201s] -- Found MPI: TRUE (found version "3.1") found components: C 
[3.209s] -- Found JsonCpp: /usr/lib/aarch64-linux-gnu/libjsoncpp.so (found suitable version "1.9.5", minimum required is "0.7.0") 
[3.245s] -- Found ZLIB: /usr/lib/aarch64-linux-gnu/libz.so (found version "1.2.11")  
[3.303s] -- Found PNG: /usr/lib/aarch64-linux-gnu/libpng.so (found version "1.6.37") 
[3.377s] -- Found Eigen3: /usr/include/eigen3 (found version "3.4.0") 
[3.662s] -- Found X11: /usr/include   
[3.662s] -- Looking for XOpenDisplay in /usr/lib/aarch64-linux-gnu/libX11.so;/usr/lib/aarch64-linux-gnu/libXext.so
[3.811s] -- Looking for XOpenDisplay in /usr/lib/aarch64-linux-gnu/libX11.so;/usr/lib/aarch64-linux-gnu/libXext.so - found
[3.812s] -- Looking for gethostbyname
[4.053s] -- Looking for gethostbyname - found
[4.053s] -- Looking for connect
[4.199s] -- Looking for connect - found
[4.199s] -- Looking for remove
[4.377s] -- Looking for remove - found
[4.378s] -- Looking for shmat
[4.526s] -- Looking for shmat - found
[4.526s] -- Looking for IceConnectionNumber in ICE
[4.684s] -- Looking for IceConnectionNumber in ICE - found
[5.044s] -- Found EXPAT: /usr/lib/aarch64-linux-gnu/libexpat.so (found version "2.4.7") 
[5.059s] -- Found double-conversion: /usr/lib/aarch64-linux-gnu/libdouble-conversion.so  
[5.076s] -- Found LZ4: /usr/lib/aarch64-linux-gnu/liblz4.so (found version "1.9.3") 
[5.088s] -- Found LZMA: /usr/lib/aarch64-linux-gnu/liblzma.so (found version "5.2.5") 
[5.181s] -- Found JPEG: /usr/lib/aarch64-linux-gnu/libjpeg.so (found version "80") 
[5.205s] -- Found TIFF: /usr/lib/aarch64-linux-gnu/libtiff.so (found version "4.3.0")  
[5.225s] -- Found Freetype: /usr/lib/aarch64-linux-gnu/libfreetype.so (found version "2.11.1") 
[5.248s] -- Found utf8cpp: /usr/include/utf8cpp  
[5.349s] -- Eigen found (include: /usr/include/eigen3, version: 3.4.0)
[6.634s] -- looking for PCL_COMMON
[6.639s] -- Found PCL_COMMON: /usr/lib/aarch64-linux-gnu/libpcl_common.so  
[6.639s] -- looking for PCL_KDTREE
[6.646s] -- Found PCL_KDTREE: /usr/lib/aarch64-linux-gnu/libpcl_kdtree.so  
[6.646s] -- looking for PCL_OCTREE
[6.650s] -- Found PCL_OCTREE: /usr/lib/aarch64-linux-gnu/libpcl_octree.so  
[6.650s] -- looking for PCL_SEARCH
[6.653s] -- Found PCL_SEARCH: /usr/lib/aarch64-linux-gnu/libpcl_search.so  
[6.653s] -- looking for PCL_SAMPLE_CONSENSUS
[6.656s] -- Found PCL_SAMPLE_CONSENSUS: /usr/lib/aarch64-linux-gnu/libpcl_sample_consensus.so  
[6.656s] -- looking for PCL_FILTERS
[6.658s] -- Found PCL_FILTERS: /usr/lib/aarch64-linux-gnu/libpcl_filters.so  
[6.659s] -- looking for PCL_IO
[6.661s] -- Found PCL_IO: /usr/lib/aarch64-linux-gnu/libpcl_io.so  
[6.662s] -- looking for PCL_2D
[6.662s] -- Found PCL_2D: /usr/include/pcl-1.12  
[6.663s] -- looking for PCL_FEATURES
[6.666s] -- Found PCL_FEATURES: /usr/lib/aarch64-linux-gnu/libpcl_features.so  
[6.666s] -- looking for PCL_REGISTRATION
[6.670s] -- Found PCL_REGISTRATION: /usr/lib/aarch64-linux-gnu/libpcl_registration.so  
[6.671s] -- Found PCL: pcl_common;pcl_kdtree;pcl_octree;pcl_search;pcl_sample_consensus;pcl_filters;pcl_io;pcl_features;pcl_registration;Boost::system;Boost::filesystem;Boost::date_time;Boost::iostreams;Boost::serialization;/usr/lib/libOpenNI.so;libusb::libusb;/usr/lib/aarch64-linux-gnu/libOpenNI2.so;libusb::libusb;VTK::ChartsCore;VTK::CommonColor;VTK::CommonComputationalGeometry;VTK::CommonCore;VTK::CommonDataModel;VTK::CommonExecutionModel;VTK::CommonMath;VTK::CommonMisc;VTK::CommonTransforms;VTK::FiltersCore;VTK::FiltersExtraction;VTK::FiltersGeneral;VTK::FiltersGeometry;VTK::FiltersModeling;VTK::FiltersSources;VTK::ImagingCore;VTK::ImagingSources;VTK::InteractionImage;VTK::InteractionStyle;VTK::InteractionWidgets;VTK::IOCore;VTK::IOGeometry;VTK::IOImage;VTK::IOLegacy;VTK::IOPLY;VTK::RenderingAnnotation;VTK::RenderingCore;VTK::RenderingContext2D;VTK::RenderingLOD;VTK::RenderingFreeType;VTK::ViewsCore;VTK::ViewsContext2D;VTK::RenderingOpenGL2;VTK::GUISupportQt;FLANN::FLANN  
[6.676s] -- Found pcl_conversions: 2.4.5 (/opt/ros/humble/share/pcl_conversions/cmake)
[6.804s] -- Found rmw_implementation_cmake: 6.1.2 (/opt/ros/humble/share/rmw_implementation_cmake/cmake)
[6.810s] -- Found rmw_fastrtps_cpp: 6.2.10 (/opt/ros/humble/share/rmw_fastrtps_cpp/cmake)
[7.125s] -- Found OpenSSL: /usr/lib/aarch64-linux-gnu/libcrypto.so (found version "3.0.2")  
[7.205s] -- Found FastRTPS: /opt/ros/humble/include  
[7.343s] -- Using RMW implementation 'rmw_fastrtps_cpp' as default
[7.671s] -- Found tf2: 0.25.20 (/opt/ros/humble/share/tf2/cmake)
[7.698s] -- Found tf2_eigen: 0.25.20 (/opt/ros/humble/share/tf2_eigen/cmake)
[7.964s] -- Found visualization_msgs: 4.9.1 (/opt/ros/humble/share/visualization_msgs/cmake)
[8.257s] -- Configuring done (8.2s)
[8.418s] -- Generating done (0.1s)
[8.442s] -- Build files have been written to: /home/seeed/ros2/ws/build/pcd_ndt_localization
[8.503s] Invoked command in '/home/seeed/ros2/ws/build/pcd_ndt_localization' returned '0': CMAKE_PREFIX_PATH=/opt/ros/humble /usr/local/bin/cmake /home/seeed/ros2/ws/src/localization/pcd_ndt_localization -DPython3_EXECUTABLE=/usr/bin/python3 -DCMAKE_INSTALL_PREFIX=/home/seeed/ros2/ws/install/pcd_ndt_localization
[8.504s] Invoking command in '/home/seeed/ros2/ws/build/pcd_ndt_localization': CMAKE_PREFIX_PATH=/opt/ros/humble /usr/local/bin/cmake --build /home/seeed/ros2/ws/build/pcd_ndt_localization -- -j6 -l6
[8.645s] [ 25%] Building CXX object CMakeFiles/pcd_occupancy_grid_publisher.dir/src/pcd_occupancy_grid_publisher.cpp.o
[8.647s] [ 50%] Building CXX object CMakeFiles/pcd_ndt_localizer.dir/src/pcd_ndt_localizer.cpp.o
[32.622s] [ 75%] Linking CXX executable pcd_occupancy_grid_publisher
[34.196s] [ 75%] Built target pcd_occupancy_grid_publisher
[88.404s] [100%] Linking CXX executable pcd_ndt_localizer
[95.007s] [100%] Built target pcd_ndt_localizer
[95.018s] Invoked command in '/home/seeed/ros2/ws/build/pcd_ndt_localization' returned '0': CMAKE_PREFIX_PATH=/opt/ros/humble /usr/local/bin/cmake --build /home/seeed/ros2/ws/build/pcd_ndt_localization -- -j6 -l6
[95.023s] Invoking command in '/home/seeed/ros2/ws/build/pcd_ndt_localization': CMAKE_PREFIX_PATH=/opt/ros/humble /usr/local/bin/cmake --install /home/seeed/ros2/ws/build/pcd_ndt_localization
[95.028s] -- Install configuration: ""
[95.030s] -- Up-to-date: /home/seeed/ros2/ws/install/pcd_ndt_localization/share/pcd_ndt_localization/config
[95.030s] -- Up-to-date: /home/seeed/ros2/ws/install/pcd_ndt_localization/share/pcd_ndt_localization/launch
[95.031s] -- Installing: /home/seeed/ros2/ws/install/pcd_ndt_localization/share/pcd_ndt_localization/package.dsv
[95.037s] Invoked command in '/home/seeed/ros2/ws/build/pcd_ndt_localization' returned '0': CMAKE_PREFIX_PATH=/opt/ros/humble /usr/local/bin/cmake --install /home/seeed/ros2/ws/build/pcd_ndt_localization
