[0.000000] (-) TimerEvent: {}
[0.000398] (-) JobUnselected: {'identifier': 'fast_lio'}
[0.000973] (-) JobUnselected: {'identifier': 'livox_ros_driver2'}
[0.001280] (-) JobUnselected: {'identifier': 'ranger_base'}
[0.001592] (-) JobUnselected: {'identifier': 'ranger_bringup'}
[0.001722] (-) JobUnselected: {'identifier': 'ranger_msgs'}
[0.001819] (-) JobUnselected: {'identifier': 'ugv_sdk'}
[0.001909] (-) JobUnselected: {'identifier': 'vikit_common'}
[0.001996] (-) JobUnselected: {'identifier': 'vikit_ros'}
[0.002094] (pcd_ndt_localization) JobQueued: {'identifier': 'pcd_ndt_localization', 'dependencies': OrderedDict()}
[0.002195] (pcd_ndt_localization) JobStarted: {'identifier': 'pcd_ndt_localization'}
[0.020440] (pcd_ndt_localization) JobProgress: {'identifier': 'pcd_ndt_localization', 'progress': 'cmake'}
[0.023157] (pcd_ndt_localization) JobProgress: {'identifier': 'pcd_ndt_localization', 'progress': 'build'}
[0.025431] (pcd_ndt_localization) Command: {'cmd': ['/usr/local/bin/cmake', '--build', '/home/seeed/ros2/ws/build/pcd_ndt_localization', '--', '-j6', '-l6'], 'cwd': '/home/seeed/ros2/ws/build/pcd_ndt_localization', 'env': OrderedDict([('LANGUAGE', 'zh_CN:en'), ('USER', 'seeed'), ('SSH_CLIENT', '10.200.24.83 58407 22'), ('LC_TIME', 'zh_CN.UTF-8'), ('ROS_PACKAGE_PATH', '/home/seeed/ros2/ws/install/vikit_common/share:/home/seeed/ros2/ws/install/ugv_sdk/share'), ('XDG_SESSION_TYPE', 'tty'), ('SHLVL', '0'), ('LD_LIBRARY_PATH', '/home/seeed/ros2/ws/install/vikit_ros/lib:/home/seeed/ros2/ws/install/vikit_common/lib:/home/seeed/ros2/ws/install/ranger_msgs/lib:/home/seeed/ros2/ws/install/fast_lio/lib:/home/seeed/ros2/ws/install/livox_ros_driver2/lib:/opt/ros/humble/opt/rviz_ogre_vendor/lib:/opt/ros/humble/lib/aarch64-linux-gnu:/opt/ros/humble/lib'), ('MOTD_SHOWN', 'pam'), ('HOME', '/home/seeed'), ('OLDPWD', '/home/seeed'), ('ROS_PYTHON_VERSION', '3'), ('LC_MONETARY', 'zh_CN.UTF-8'), ('ROS_IP', '10.200.54.207'), ('LC_CTYPE', 'C.UTF-8'), ('DBUS_SESSION_BUS_ADDRESS', 'unix:path=/run/user/1000/bus'), ('COLCON_PREFIX_PATH', '/home/seeed/ros2/ws/install'), ('ROS_DISTRO', 'humble'), ('LOGNAME', 'seeed'), ('_', '/usr/bin/colcon'), ('ROS_VERSION', '2'), ('PKG_CONFIG_PATH', '/home/seeed/ros2/ws/install/vikit_common/lib/aarch64-linux-gnu/pkgconfig:/home/seeed/ros2/ws/install/vikit_common/lib/pkgconfig:/home/seeed/ros2/ws/install/ugv_sdk/lib/aarch64-linux-gnu/pkgconfig:/home/seeed/ros2/ws/install/ugv_sdk/lib/pkgconfig'), ('XDG_SESSION_CLASS', 'user'), ('XDG_SESSION_ID', '138'), ('ROS_LOCALHOST_ONLY', '0'), ('PATH', '/opt/ros/humble/bin:/usr/local/sbin:/usr/local/bin:/usr/sbin:/usr/bin:/sbin:/bin:/usr/games:/usr/local/games:/snap/bin'), ('FASTRTPS_DEFAULT_PROFILES_FILE', '/home/seeed/ros2/fastrtps_profile.xml'), ('PAPERSIZE', 'a4'), ('LC_ADDRESS', 'zh_CN.UTF-8'), ('XDG_RUNTIME_DIR', '/run/user/1000'), ('DISPLAY', 'localhost:14.0'), ('LANG', 'zh_CN.UTF-8'), ('LC_TELEPHONE', 'zh_CN.UTF-8'), ('RMW_IMPLEMENTATION', 'rmw_fastrtps_cpp'), ('ROS_DOMAIN_ID', '0'), ('AMENT_PREFIX_PATH', '/home/seeed/ros2/ws/install/vikit_ros:/home/seeed/ros2/ws/install/ranger_base:/home/seeed/ros2/ws/install/ranger_msgs:/home/seeed/ros2/ws/install/ranger_bringup:/home/seeed/ros2/ws/install/pcd_ndt_localization:/home/seeed/ros2/ws/install/fast_lio:/home/seeed/ros2/ws/install/livox_ros_driver2:/opt/ros/humble'), ('SHELL', '/bin/bash'), ('LC_NAME', 'zh_CN.UTF-8'), ('LC_MEASUREMENT', 'zh_CN.UTF-8'), ('LC_IDENTIFICATION', 'zh_CN.UTF-8'), ('PWD', '/home/seeed/ros2/ws/build/pcd_ndt_localization'), ('LC_ALL', 'en_US.UTF-8'), ('SSH_CONNECTION', '10.200.24.83 58407 10.200.54.207 22'), ('XDG_DATA_DIRS', '/usr/share/gnome:/usr/local/share:/usr/share:/var/lib/snapd/desktop'), ('PYTHONPATH', '/home/seeed/ros2/ws/install/ranger_msgs/local/lib/python3.10/dist-packages:/home/seeed/ros2/ws/install/fast_lio/local/lib/python3.10/dist-packages:/home/seeed/ros2/ws/install/livox_ros_driver2/local/lib/python3.10/dist-packages:/opt/ros/humble/lib/python3.10/site-packages:/opt/ros/humble/local/lib/python3.10/dist-packages'), ('LC_NUMERIC', 'zh_CN.UTF-8'), ('LC_PAPER', 'zh_CN.UTF-8'), ('COLCON', '1'), ('CMAKE_PREFIX_PATH', '/home/seeed/ros2/ws/install/vikit_ros:/opt/ros/humble:/home/seeed/ros2/ws/install/vikit_common:/home/seeed/ros2/ws/install/ranger_base:/home/seeed/ros2/ws/install/ugv_sdk:/home/seeed/ros2/ws/install/ranger_msgs:/home/seeed/ros2/ws/install/ranger_bringup:/home/seeed/ros2/ws/install/pcd_ndt_localization:/home/seeed/ros2/ws/install/fast_lio:/home/seeed/ros2/ws/install/livox_ros_driver2')]), 'shell': False}
[0.099178] (-) TimerEvent: {}
[0.112615] (pcd_ndt_localization) StdoutLine: {'line': b'[ 50%] Built target pcd_occupancy_grid_publisher\n'}
[0.150513] (pcd_ndt_localization) StdoutLine: {'line': b'[ 75%] Building CXX object CMakeFiles/pcd_ndt_localizer.dir/src/pcd_ndt_localizer.cpp.o\n'}
[0.199375] (-) TimerEvent: {}
[0.299867] (-) TimerEvent: {}
[0.400336] (-) TimerEvent: {}
[0.500791] (-) TimerEvent: {}
[0.601292] (-) TimerEvent: {}
[0.701788] (-) TimerEvent: {}
[0.802289] (-) TimerEvent: {}
[0.902766] (-) TimerEvent: {}
[1.003264] (-) TimerEvent: {}
[1.103756] (-) TimerEvent: {}
[1.204279] (-) TimerEvent: {}
[1.304781] (-) TimerEvent: {}
[1.405269] (-) TimerEvent: {}
[1.505745] (-) TimerEvent: {}
[1.606231] (-) TimerEvent: {}
[1.706746] (-) TimerEvent: {}
[1.807250] (-) TimerEvent: {}
[1.907759] (-) TimerEvent: {}
[2.008414] (-) TimerEvent: {}
[2.108964] (-) TimerEvent: {}
[2.209467] (-) TimerEvent: {}
[2.309965] (-) TimerEvent: {}
[2.410482] (-) TimerEvent: {}
[2.510974] (-) TimerEvent: {}
[2.611429] (-) TimerEvent: {}
[2.711916] (-) TimerEvent: {}
[2.812408] (-) TimerEvent: {}
[2.912913] (-) TimerEvent: {}
[3.013415] (-) TimerEvent: {}
[3.113914] (-) TimerEvent: {}
[3.214433] (-) TimerEvent: {}
[3.314937] (-) TimerEvent: {}
[3.415433] (-) TimerEvent: {}
[3.515930] (-) TimerEvent: {}
[3.616446] (-) TimerEvent: {}
[3.716933] (-) TimerEvent: {}
[3.817443] (-) TimerEvent: {}
[3.917932] (-) TimerEvent: {}
[4.018431] (-) TimerEvent: {}
[4.118939] (-) TimerEvent: {}
[4.219447] (-) TimerEvent: {}
[4.319952] (-) TimerEvent: {}
[4.420504] (-) TimerEvent: {}
[4.521017] (-) TimerEvent: {}
[4.621535] (-) TimerEvent: {}
[4.722044] (-) TimerEvent: {}
[4.822562] (-) TimerEvent: {}
[4.923050] (-) TimerEvent: {}
[5.023557] (-) TimerEvent: {}
[5.124052] (-) TimerEvent: {}
[5.224580] (-) TimerEvent: {}
[5.325079] (-) TimerEvent: {}
[5.425570] (-) TimerEvent: {}
[5.526072] (-) TimerEvent: {}
[5.626587] (-) TimerEvent: {}
[5.727079] (-) TimerEvent: {}
[5.827589] (-) TimerEvent: {}
[5.928082] (-) TimerEvent: {}
[6.028610] (-) TimerEvent: {}
[6.129101] (-) TimerEvent: {}
[6.229591] (-) TimerEvent: {}
[6.330092] (-) TimerEvent: {}
[6.430587] (-) TimerEvent: {}
[6.531088] (-) TimerEvent: {}
[6.631595] (-) TimerEvent: {}
[6.732098] (-) TimerEvent: {}
[6.832615] (-) TimerEvent: {}
[6.933108] (-) TimerEvent: {}
[7.033616] (-) TimerEvent: {}
[7.134149] (-) TimerEvent: {}
[7.234646] (-) TimerEvent: {}
[7.335160] (-) TimerEvent: {}
[7.435658] (-) TimerEvent: {}
[7.536159] (-) TimerEvent: {}
[7.636708] (-) TimerEvent: {}
[7.737202] (-) TimerEvent: {}
[7.837751] (-) TimerEvent: {}
[7.938208] (-) TimerEvent: {}
[8.038651] (-) TimerEvent: {}
[8.139085] (-) TimerEvent: {}
[8.239506] (-) TimerEvent: {}
[8.339930] (-) TimerEvent: {}
[8.440387] (-) TimerEvent: {}
[8.540821] (-) TimerEvent: {}
[8.641249] (-) TimerEvent: {}
[8.741676] (-) TimerEvent: {}
[8.842117] (-) TimerEvent: {}
[8.942557] (-) TimerEvent: {}
[9.043012] (-) TimerEvent: {}
[9.143444] (-) TimerEvent: {}
[9.243877] (-) TimerEvent: {}
[9.344331] (-) TimerEvent: {}
[9.444775] (-) TimerEvent: {}
[9.545215] (-) TimerEvent: {}
[9.645668] (-) TimerEvent: {}
[9.746110] (-) TimerEvent: {}
[9.846597] (-) TimerEvent: {}
[9.947074] (-) TimerEvent: {}
[10.047545] (-) TimerEvent: {}
[10.147995] (-) TimerEvent: {}
[10.248459] (-) TimerEvent: {}
[10.348893] (-) TimerEvent: {}
[10.449338] (-) TimerEvent: {}
[10.549796] (-) TimerEvent: {}
[10.650251] (-) TimerEvent: {}
[10.750692] (-) TimerEvent: {}
[10.852509] (-) TimerEvent: {}
[10.952954] (-) TimerEvent: {}
[11.053377] (-) TimerEvent: {}
[11.153839] (-) TimerEvent: {}
[11.254265] (-) TimerEvent: {}
[11.354703] (-) TimerEvent: {}
[11.455179] (-) TimerEvent: {}
[11.555606] (-) TimerEvent: {}
[11.656007] (-) TimerEvent: {}
[11.756467] (-) TimerEvent: {}
[11.856902] (-) TimerEvent: {}
[11.957339] (-) TimerEvent: {}
[12.057781] (-) TimerEvent: {}
[12.158240] (-) TimerEvent: {}
[12.258654] (-) TimerEvent: {}
[12.359091] (-) TimerEvent: {}
[12.459570] (-) TimerEvent: {}
[12.560008] (-) TimerEvent: {}
[12.660477] (-) TimerEvent: {}
[12.760946] (-) TimerEvent: {}
[12.861411] (-) TimerEvent: {}
[12.961877] (-) TimerEvent: {}
[13.062318] (-) TimerEvent: {}
[13.162758] (-) TimerEvent: {}
[13.263191] (-) TimerEvent: {}
[13.363622] (-) TimerEvent: {}
[13.464071] (-) TimerEvent: {}
[13.564513] (-) TimerEvent: {}
[13.664947] (-) TimerEvent: {}
[13.765381] (-) TimerEvent: {}
[13.865820] (-) TimerEvent: {}
[13.966266] (-) TimerEvent: {}
[14.066698] (-) TimerEvent: {}
[14.167138] (-) TimerEvent: {}
[14.267563] (-) TimerEvent: {}
[14.367992] (-) TimerEvent: {}
[14.468441] (-) TimerEvent: {}
[14.568877] (-) TimerEvent: {}
[14.669320] (-) TimerEvent: {}
[14.769765] (-) TimerEvent: {}
[14.870201] (-) TimerEvent: {}
[14.970633] (-) TimerEvent: {}
[15.071070] (-) TimerEvent: {}
[15.171641] (-) TimerEvent: {}
[15.272044] (-) TimerEvent: {}
[15.372495] (-) TimerEvent: {}
[15.472935] (-) TimerEvent: {}
[15.573387] (-) TimerEvent: {}
[15.673821] (-) TimerEvent: {}
[15.774214] (-) TimerEvent: {}
[15.874664] (-) TimerEvent: {}
[15.975120] (-) TimerEvent: {}
[16.075568] (-) TimerEvent: {}
[16.176000] (-) TimerEvent: {}
[16.276461] (-) TimerEvent: {}
[16.376880] (-) TimerEvent: {}
[16.477365] (-) TimerEvent: {}
[16.577801] (-) TimerEvent: {}
[16.678243] (-) TimerEvent: {}
[16.778683] (-) TimerEvent: {}
[16.879119] (-) TimerEvent: {}
[16.979568] (-) TimerEvent: {}
[17.080018] (-) TimerEvent: {}
[17.180475] (-) TimerEvent: {}
[17.280917] (-) TimerEvent: {}
[17.381365] (-) TimerEvent: {}
[17.481810] (-) TimerEvent: {}
[17.582266] (-) TimerEvent: {}
[17.682721] (-) TimerEvent: {}
[17.783195] (-) TimerEvent: {}
[17.883655] (-) TimerEvent: {}
[17.984103] (-) TimerEvent: {}
[18.084593] (-) TimerEvent: {}
[18.185054] (-) TimerEvent: {}
[18.285506] (-) TimerEvent: {}
[18.385962] (-) TimerEvent: {}
[18.486392] (-) TimerEvent: {}
[18.586841] (-) TimerEvent: {}
[18.687293] (-) TimerEvent: {}
[18.787757] (-) TimerEvent: {}
[18.888222] (-) TimerEvent: {}
[18.988662] (-) TimerEvent: {}
[19.089050] (-) TimerEvent: {}
[19.189498] (-) TimerEvent: {}
[19.289936] (-) TimerEvent: {}
[19.390397] (-) TimerEvent: {}
[19.490846] (-) TimerEvent: {}
[19.591280] (-) TimerEvent: {}
[19.691729] (-) TimerEvent: {}
[19.792205] (-) TimerEvent: {}
[19.892598] (-) TimerEvent: {}
[19.993046] (-) TimerEvent: {}
[20.093483] (-) TimerEvent: {}
[20.193932] (-) TimerEvent: {}
[20.294378] (-) TimerEvent: {}
[20.394808] (-) TimerEvent: {}
[20.495237] (-) TimerEvent: {}
[20.595646] (-) TimerEvent: {}
[20.696032] (-) TimerEvent: {}
[20.796474] (-) TimerEvent: {}
[20.896902] (-) TimerEvent: {}
[20.997362] (-) TimerEvent: {}
[21.097827] (-) TimerEvent: {}
[21.198276] (-) TimerEvent: {}
[21.298729] (-) TimerEvent: {}
[21.399137] (-) TimerEvent: {}
[21.499597] (-) TimerEvent: {}
[21.600047] (-) TimerEvent: {}
[21.700506] (-) TimerEvent: {}
[21.800931] (-) TimerEvent: {}
[21.901354] (-) TimerEvent: {}
[22.001786] (-) TimerEvent: {}
[22.102216] (-) TimerEvent: {}
[22.202667] (-) TimerEvent: {}
[22.303206] (-) TimerEvent: {}
[22.403629] (-) TimerEvent: {}
[22.504056] (-) TimerEvent: {}
[22.604489] (-) TimerEvent: {}
[22.704908] (-) TimerEvent: {}
[22.805306] (-) TimerEvent: {}
[22.905732] (-) TimerEvent: {}
[23.006156] (-) TimerEvent: {}
[23.106601] (-) TimerEvent: {}
[23.207041] (-) TimerEvent: {}
[23.307468] (-) TimerEvent: {}
[23.407900] (-) TimerEvent: {}
[23.508347] (-) TimerEvent: {}
[23.608780] (-) TimerEvent: {}
[23.709185] (-) TimerEvent: {}
[23.809598] (-) TimerEvent: {}
[23.910040] (-) TimerEvent: {}
[24.010455] (-) TimerEvent: {}
[24.110891] (-) TimerEvent: {}
[24.211334] (-) TimerEvent: {}
[24.311784] (-) TimerEvent: {}
[24.412237] (-) TimerEvent: {}
[24.512679] (-) TimerEvent: {}
[24.613103] (-) TimerEvent: {}
[24.713566] (-) TimerEvent: {}
[24.813992] (-) TimerEvent: {}
[24.914413] (-) TimerEvent: {}
[25.014825] (-) TimerEvent: {}
[25.115230] (-) TimerEvent: {}
[25.215614] (-) TimerEvent: {}
[25.316036] (-) TimerEvent: {}
[25.416496] (-) TimerEvent: {}
[25.516923] (-) TimerEvent: {}
[25.617356] (-) TimerEvent: {}
[25.717787] (-) TimerEvent: {}
[25.818193] (-) TimerEvent: {}
[25.918623] (-) TimerEvent: {}
[26.019062] (-) TimerEvent: {}
[26.119506] (-) TimerEvent: {}
[26.219950] (-) TimerEvent: {}
[26.320383] (-) TimerEvent: {}
[26.420833] (-) TimerEvent: {}
[26.521264] (-) TimerEvent: {}
[26.621713] (-) TimerEvent: {}
[26.722135] (-) TimerEvent: {}
[26.824009] (-) TimerEvent: {}
[26.924465] (-) TimerEvent: {}
[27.024893] (-) TimerEvent: {}
[27.125345] (-) TimerEvent: {}
[27.225781] (-) TimerEvent: {}
[27.326212] (-) TimerEvent: {}
[27.426643] (-) TimerEvent: {}
[27.527078] (-) TimerEvent: {}
[27.627509] (-) TimerEvent: {}
[27.727941] (-) TimerEvent: {}
[27.828374] (-) TimerEvent: {}
[27.928800] (-) TimerEvent: {}
[28.029232] (-) TimerEvent: {}
[28.129659] (-) TimerEvent: {}
[28.230109] (-) TimerEvent: {}
[28.330513] (-) TimerEvent: {}
[28.430922] (-) TimerEvent: {}
[28.531344] (-) TimerEvent: {}
[28.631772] (-) TimerEvent: {}
[28.732227] (-) TimerEvent: {}
[28.832628] (-) TimerEvent: {}
[28.933087] (-) TimerEvent: {}
[29.033509] (-) TimerEvent: {}
[29.133949] (-) TimerEvent: {}
[29.234390] (-) TimerEvent: {}
[29.334843] (-) TimerEvent: {}
[29.435276] (-) TimerEvent: {}
[29.535719] (-) TimerEvent: {}
[29.636096] (-) TimerEvent: {}
[29.736547] (-) TimerEvent: {}
[29.836967] (-) TimerEvent: {}
[29.937381] (-) TimerEvent: {}
[30.037743] (-) TimerEvent: {}
[30.138119] (-) TimerEvent: {}
[30.238741] (-) TimerEvent: {}
[30.339239] (-) TimerEvent: {}
[30.439737] (-) TimerEvent: {}
[30.540288] (-) TimerEvent: {}
[30.640795] (-) TimerEvent: {}
[30.741288] (-) TimerEvent: {}
[30.841798] (-) TimerEvent: {}
[30.942305] (-) TimerEvent: {}
[31.042980] (-) TimerEvent: {}
[31.143515] (-) TimerEvent: {}
[31.244014] (-) TimerEvent: {}
[31.344716] (-) TimerEvent: {}
[31.445329] (-) TimerEvent: {}
[31.545859] (-) TimerEvent: {}
[31.646463] (-) TimerEvent: {}
[31.747005] (-) TimerEvent: {}
[31.847534] (-) TimerEvent: {}
[31.948053] (-) TimerEvent: {}
[32.048588] (-) TimerEvent: {}
[32.149100] (-) TimerEvent: {}
[32.249611] (-) TimerEvent: {}
[32.350128] (-) TimerEvent: {}
[32.450695] (-) TimerEvent: {}
[32.551252] (-) TimerEvent: {}
[32.651818] (-) TimerEvent: {}
[32.752346] (-) TimerEvent: {}
[32.852871] (-) TimerEvent: {}
[32.953359] (-) TimerEvent: {}
[33.053843] (-) TimerEvent: {}
[33.154341] (-) TimerEvent: {}
[33.254820] (-) TimerEvent: {}
[33.355301] (-) TimerEvent: {}
[33.455767] (-) TimerEvent: {}
[33.556272] (-) TimerEvent: {}
[33.656756] (-) TimerEvent: {}
[33.757326] (-) TimerEvent: {}
[33.857832] (-) TimerEvent: {}
[33.958313] (-) TimerEvent: {}
[34.058798] (-) TimerEvent: {}
[34.159288] (-) TimerEvent: {}
[34.259789] (-) TimerEvent: {}
[34.360349] (-) TimerEvent: {}
[34.460852] (-) TimerEvent: {}
[34.561365] (-) TimerEvent: {}
[34.661852] (-) TimerEvent: {}
[34.762350] (-) TimerEvent: {}
[34.862874] (-) TimerEvent: {}
[34.963352] (-) TimerEvent: {}
[35.063836] (-) TimerEvent: {}
[35.164359] (-) TimerEvent: {}
[35.264866] (-) TimerEvent: {}
[35.365381] (-) TimerEvent: {}
[35.465874] (-) TimerEvent: {}
[35.566417] (-) TimerEvent: {}
[35.666962] (-) TimerEvent: {}
[35.767467] (-) TimerEvent: {}
[35.867991] (-) TimerEvent: {}
[35.968573] (-) TimerEvent: {}
[36.069072] (-) TimerEvent: {}
[36.169558] (-) TimerEvent: {}
[36.270049] (-) TimerEvent: {}
[36.370535] (-) TimerEvent: {}
[36.471013] (-) TimerEvent: {}
[36.571507] (-) TimerEvent: {}
[36.672003] (-) TimerEvent: {}
[36.772537] (-) TimerEvent: {}
[36.873040] (-) TimerEvent: {}
[36.973545] (-) TimerEvent: {}
[37.074050] (-) TimerEvent: {}
[37.174741] (-) TimerEvent: {}
[37.275246] (-) TimerEvent: {}
[37.375740] (-) TimerEvent: {}
[37.476261] (-) TimerEvent: {}
[37.576762] (-) TimerEvent: {}
[37.677262] (-) TimerEvent: {}
[37.777770] (-) TimerEvent: {}
[37.878281] (-) TimerEvent: {}
[37.978846] (-) TimerEvent: {}
[38.079369] (-) TimerEvent: {}
[38.179861] (-) TimerEvent: {}
[38.280420] (-) TimerEvent: {}
[38.380941] (-) TimerEvent: {}
[38.481433] (-) TimerEvent: {}
[38.581935] (-) TimerEvent: {}
[38.682448] (-) TimerEvent: {}
[38.783042] (-) TimerEvent: {}
[38.883570] (-) TimerEvent: {}
[38.984083] (-) TimerEvent: {}
[39.084630] (-) TimerEvent: {}
[39.185109] (-) TimerEvent: {}
[39.285605] (-) TimerEvent: {}
[39.386098] (-) TimerEvent: {}
[39.486627] (-) TimerEvent: {}
[39.587150] (-) TimerEvent: {}
[39.687650] (-) TimerEvent: {}
[39.788161] (-) TimerEvent: {}
[39.888693] (-) TimerEvent: {}
[39.989213] (-) TimerEvent: {}
[40.089725] (-) TimerEvent: {}
[40.190212] (-) TimerEvent: {}
[40.290730] (-) TimerEvent: {}
[40.391228] (-) TimerEvent: {}
[40.491692] (-) TimerEvent: {}
[40.592216] (-) TimerEvent: {}
[40.692717] (-) TimerEvent: {}
[40.793223] (-) TimerEvent: {}
[40.893735] (-) TimerEvent: {}
[40.994239] (-) TimerEvent: {}
[41.094735] (-) TimerEvent: {}
[41.195259] (-) TimerEvent: {}
[41.295775] (-) TimerEvent: {}
[41.396295] (-) TimerEvent: {}
[41.496815] (-) TimerEvent: {}
[41.597308] (-) TimerEvent: {}
[41.697812] (-) TimerEvent: {}
[41.798316] (-) TimerEvent: {}
[41.898815] (-) TimerEvent: {}
[41.999316] (-) TimerEvent: {}
[42.099823] (-) TimerEvent: {}
[42.200339] (-) TimerEvent: {}
[42.300829] (-) TimerEvent: {}
[42.401348] (-) TimerEvent: {}
[42.501850] (-) TimerEvent: {}
[42.602343] (-) TimerEvent: {}
[42.702848] (-) TimerEvent: {}
[42.803335] (-) TimerEvent: {}
[42.903832] (-) TimerEvent: {}
[43.004352] (-) TimerEvent: {}
[43.104863] (-) TimerEvent: {}
[43.205418] (-) TimerEvent: {}
[43.305910] (-) TimerEvent: {}
[43.406413] (-) TimerEvent: {}
[43.506909] (-) TimerEvent: {}
[43.607397] (-) TimerEvent: {}
[43.707872] (-) TimerEvent: {}
[43.808400] (-) TimerEvent: {}
[43.909034] (-) TimerEvent: {}
[44.009521] (-) TimerEvent: {}
[44.110035] (-) TimerEvent: {}
[44.210636] (-) TimerEvent: {}
[44.311173] (-) TimerEvent: {}
[44.411730] (-) TimerEvent: {}
[44.512271] (-) TimerEvent: {}
[44.612860] (-) TimerEvent: {}
[44.713456] (-) TimerEvent: {}
[44.813970] (-) TimerEvent: {}
[44.914537] (-) TimerEvent: {}
[45.015039] (-) TimerEvent: {}
[45.115526] (-) TimerEvent: {}
[45.216027] (-) TimerEvent: {}
[45.316552] (-) TimerEvent: {}
[45.417043] (-) TimerEvent: {}
[45.517541] (-) TimerEvent: {}
[45.618026] (-) TimerEvent: {}
[45.718514] (-) TimerEvent: {}
[45.819012] (-) TimerEvent: {}
[45.919495] (-) TimerEvent: {}
[46.019996] (-) TimerEvent: {}
[46.120513] (-) TimerEvent: {}
[46.221014] (-) TimerEvent: {}
[46.321512] (-) TimerEvent: {}
[46.422015] (-) TimerEvent: {}
[46.522523] (-) TimerEvent: {}
[46.623040] (-) TimerEvent: {}
[46.723532] (-) TimerEvent: {}
[46.824023] (-) TimerEvent: {}
[46.924536] (-) TimerEvent: {}
[47.025026] (-) TimerEvent: {}
[47.125506] (-) TimerEvent: {}
[47.225991] (-) TimerEvent: {}
[47.326491] (-) TimerEvent: {}
[47.426994] (-) TimerEvent: {}
[47.527570] (-) TimerEvent: {}
[47.628077] (-) TimerEvent: {}
[47.728626] (-) TimerEvent: {}
[47.829126] (-) TimerEvent: {}
[47.929640] (-) TimerEvent: {}
[48.030139] (-) TimerEvent: {}
[48.130651] (-) TimerEvent: {}
[48.231163] (-) TimerEvent: {}
[48.331659] (-) TimerEvent: {}
[48.432156] (-) TimerEvent: {}
[48.532715] (-) TimerEvent: {}
[48.633261] (-) TimerEvent: {}
[48.733836] (-) TimerEvent: {}
[48.834296] (-) TimerEvent: {}
[48.934770] (-) TimerEvent: {}
[49.035285] (-) TimerEvent: {}
[49.135819] (-) TimerEvent: {}
[49.236354] (-) TimerEvent: {}
[49.336857] (-) TimerEvent: {}
[49.437366] (-) TimerEvent: {}
[49.537879] (-) TimerEvent: {}
[49.638379] (-) TimerEvent: {}
[49.738895] (-) TimerEvent: {}
[49.839402] (-) TimerEvent: {}
[49.939908] (-) TimerEvent: {}
[50.040443] (-) TimerEvent: {}
[50.140943] (-) TimerEvent: {}
[50.241442] (-) TimerEvent: {}
[50.341938] (-) TimerEvent: {}
[50.442473] (-) TimerEvent: {}
[50.543137] (-) TimerEvent: {}
[50.643678] (-) TimerEvent: {}
[50.744227] (-) TimerEvent: {}
[50.844826] (-) TimerEvent: {}
[50.945286] (-) TimerEvent: {}
[51.045772] (-) TimerEvent: {}
[51.146252] (-) TimerEvent: {}
[51.246777] (-) TimerEvent: {}
[51.347413] (-) TimerEvent: {}
[51.447929] (-) TimerEvent: {}
[51.548473] (-) TimerEvent: {}
[51.649034] (-) TimerEvent: {}
[51.749519] (-) TimerEvent: {}
[51.849994] (-) TimerEvent: {}
[51.950521] (-) TimerEvent: {}
[52.051026] (-) TimerEvent: {}
[52.151514] (-) TimerEvent: {}
[52.252002] (-) TimerEvent: {}
[52.352553] (-) TimerEvent: {}
[52.453221] (-) TimerEvent: {}
[52.553700] (-) TimerEvent: {}
[52.654183] (-) TimerEvent: {}
[52.754746] (-) TimerEvent: {}
[52.855326] (-) TimerEvent: {}
[52.955817] (-) TimerEvent: {}
[53.056319] (-) TimerEvent: {}
[53.156795] (-) TimerEvent: {}
[53.257291] (-) TimerEvent: {}
[53.357778] (-) TimerEvent: {}
[53.458319] (-) TimerEvent: {}
[53.558880] (-) TimerEvent: {}
[53.659425] (-) TimerEvent: {}
[53.759943] (-) TimerEvent: {}
[53.860832] (-) TimerEvent: {}
[53.961379] (-) TimerEvent: {}
[54.061882] (-) TimerEvent: {}
[54.162440] (-) TimerEvent: {}
[54.263068] (-) TimerEvent: {}
[54.363592] (-) TimerEvent: {}
[54.464079] (-) TimerEvent: {}
[54.564651] (-) TimerEvent: {}
[54.665151] (-) TimerEvent: {}
[54.765645] (-) TimerEvent: {}
[54.866130] (-) TimerEvent: {}
[54.966635] (-) TimerEvent: {}
[55.067195] (-) TimerEvent: {}
[55.167697] (-) TimerEvent: {}
[55.268237] (-) TimerEvent: {}
[55.368881] (-) TimerEvent: {}
[55.469411] (-) TimerEvent: {}
[55.569875] (-) TimerEvent: {}
[55.670365] (-) TimerEvent: {}
[55.770859] (-) TimerEvent: {}
[55.871319] (-) TimerEvent: {}
[55.971789] (-) TimerEvent: {}
[56.072283] (-) TimerEvent: {}
[56.172793] (-) TimerEvent: {}
[56.273320] (-) TimerEvent: {}
[56.373873] (-) TimerEvent: {}
[56.474258] (-) TimerEvent: {}
[56.574662] (-) TimerEvent: {}
[56.675048] (-) TimerEvent: {}
[56.775475] (-) TimerEvent: {}
[56.875960] (-) TimerEvent: {}
[56.976839] (-) TimerEvent: {}
[57.077331] (-) TimerEvent: {}
[57.177707] (-) TimerEvent: {}
[57.278112] (-) TimerEvent: {}
[57.378541] (-) TimerEvent: {}
[57.478931] (-) TimerEvent: {}
[57.579336] (-) TimerEvent: {}
[57.679697] (-) TimerEvent: {}
[57.780024] (-) TimerEvent: {}
[57.880424] (-) TimerEvent: {}
[57.980788] (-) TimerEvent: {}
[58.081192] (-) TimerEvent: {}
[58.181622] (-) TimerEvent: {}
[58.282081] (-) TimerEvent: {}
[58.382514] (-) TimerEvent: {}
[58.483173] (-) TimerEvent: {}
[58.583652] (-) TimerEvent: {}
[58.684154] (-) TimerEvent: {}
[58.784689] (-) TimerEvent: {}
[58.885162] (-) TimerEvent: {}
[58.985652] (-) TimerEvent: {}
[59.086136] (-) TimerEvent: {}
[59.186611] (-) TimerEvent: {}
[59.287076] (-) TimerEvent: {}
[59.387555] (-) TimerEvent: {}
[59.488042] (-) TimerEvent: {}
[59.588545] (-) TimerEvent: {}
[59.689028] (-) TimerEvent: {}
[59.789517] (-) TimerEvent: {}
[59.889998] (-) TimerEvent: {}
[59.990481] (-) TimerEvent: {}
[60.090957] (-) TimerEvent: {}
[60.191504] (-) TimerEvent: {}
[60.292001] (-) TimerEvent: {}
[60.392528] (-) TimerEvent: {}
[60.493017] (-) TimerEvent: {}
[60.593495] (-) TimerEvent: {}
[60.693991] (-) TimerEvent: {}
[60.794471] (-) TimerEvent: {}
[60.894942] (-) TimerEvent: {}
[60.995442] (-) TimerEvent: {}
[61.095935] (-) TimerEvent: {}
[61.196473] (-) TimerEvent: {}
[61.296967] (-) TimerEvent: {}
[61.397485] (-) TimerEvent: {}
[61.497985] (-) TimerEvent: {}
[61.598539] (-) TimerEvent: {}
[61.699112] (-) TimerEvent: {}
[61.799626] (-) TimerEvent: {}
[61.900118] (-) TimerEvent: {}
[62.000701] (-) TimerEvent: {}
[62.101160] (-) TimerEvent: {}
[62.201621] (-) TimerEvent: {}
[62.302107] (-) TimerEvent: {}
[62.402624] (-) TimerEvent: {}
[62.503203] (-) TimerEvent: {}
[62.603727] (-) TimerEvent: {}
[62.704261] (-) TimerEvent: {}
[62.804737] (-) TimerEvent: {}
[62.905246] (-) TimerEvent: {}
[63.005753] (-) TimerEvent: {}
[63.106250] (-) TimerEvent: {}
[63.206735] (-) TimerEvent: {}
[63.307206] (-) TimerEvent: {}
[63.407695] (-) TimerEvent: {}
[63.508223] (-) TimerEvent: {}
[63.608741] (-) TimerEvent: {}
[63.709304] (-) TimerEvent: {}
[63.809765] (-) TimerEvent: {}
[63.910252] (-) TimerEvent: {}
[64.010838] (-) TimerEvent: {}
[64.111338] (-) TimerEvent: {}
[64.211819] (-) TimerEvent: {}
[64.312341] (-) TimerEvent: {}
[64.412799] (-) TimerEvent: {}
[64.513279] (-) TimerEvent: {}
[64.613800] (-) TimerEvent: {}
[64.714294] (-) TimerEvent: {}
[64.814785] (-) TimerEvent: {}
[64.915285] (-) TimerEvent: {}
[65.015772] (-) TimerEvent: {}
[65.116306] (-) TimerEvent: {}
[65.216915] (-) TimerEvent: {}
[65.317468] (-) TimerEvent: {}
[65.417950] (-) TimerEvent: {}
[65.518504] (-) TimerEvent: {}
[65.619021] (-) TimerEvent: {}
[65.719451] (-) TimerEvent: {}
[65.819950] (-) TimerEvent: {}
[65.920464] (-) TimerEvent: {}
[66.020959] (-) TimerEvent: {}
[66.121445] (-) TimerEvent: {}
[66.221928] (-) TimerEvent: {}
[66.322408] (-) TimerEvent: {}
[66.422887] (-) TimerEvent: {}
[66.523374] (-) TimerEvent: {}
[66.623876] (-) TimerEvent: {}
[66.724376] (-) TimerEvent: {}
[66.824905] (-) TimerEvent: {}
[66.925418] (-) TimerEvent: {}
[67.025905] (-) TimerEvent: {}
[67.126465] (-) TimerEvent: {}
[67.226994] (-) TimerEvent: {}
[67.327558] (-) TimerEvent: {}
[67.428055] (-) TimerEvent: {}
[67.528594] (-) TimerEvent: {}
[67.629098] (-) TimerEvent: {}
[67.729609] (-) TimerEvent: {}
[67.830095] (-) TimerEvent: {}
[67.930594] (-) TimerEvent: {}
[68.031105] (-) TimerEvent: {}
[68.131610] (-) TimerEvent: {}
[68.232118] (-) TimerEvent: {}
[68.332658] (-) TimerEvent: {}
[68.433160] (-) TimerEvent: {}
[68.533670] (-) TimerEvent: {}
[68.634166] (-) TimerEvent: {}
[68.734677] (-) TimerEvent: {}
[68.835177] (-) TimerEvent: {}
[68.935686] (-) TimerEvent: {}
[69.036209] (-) TimerEvent: {}
[69.136710] (-) TimerEvent: {}
[69.237198] (-) TimerEvent: {}
[69.337693] (-) TimerEvent: {}
[69.438156] (-) TimerEvent: {}
[69.538591] (-) TimerEvent: {}
[69.639124] (-) TimerEvent: {}
[69.739652] (-) TimerEvent: {}
[69.840172] (-) TimerEvent: {}
[69.940720] (-) TimerEvent: {}
[70.041224] (-) TimerEvent: {}
[70.141774] (-) TimerEvent: {}
[70.242301] (-) TimerEvent: {}
[70.342806] (-) TimerEvent: {}
[70.443336] (-) TimerEvent: {}
[70.543856] (-) TimerEvent: {}
[70.644374] (-) TimerEvent: {}
[70.744917] (-) TimerEvent: {}
[70.845464] (-) TimerEvent: {}
[70.945976] (-) TimerEvent: {}
[71.046545] (-) TimerEvent: {}
[71.147102] (-) TimerEvent: {}
[71.247593] (-) TimerEvent: {}
[71.348044] (-) TimerEvent: {}
[71.448549] (-) TimerEvent: {}
[71.549041] (-) TimerEvent: {}
[71.649526] (-) TimerEvent: {}
[71.750028] (-) TimerEvent: {}
[71.850521] (-) TimerEvent: {}
[71.950997] (-) TimerEvent: {}
[72.051466] (-) TimerEvent: {}
[72.151953] (-) TimerEvent: {}
[72.252455] (-) TimerEvent: {}
[72.352936] (-) TimerEvent: {}
[72.453403] (-) TimerEvent: {}
[72.553860] (-) TimerEvent: {}
[72.654351] (-) TimerEvent: {}
[72.754861] (-) TimerEvent: {}
[72.855347] (-) TimerEvent: {}
[72.955814] (-) TimerEvent: {}
[73.056341] (-) TimerEvent: {}
[73.156812] (-) TimerEvent: {}
[73.257377] (-) TimerEvent: {}
[73.357856] (-) TimerEvent: {}
[73.458338] (-) TimerEvent: {}
[73.558832] (-) TimerEvent: {}
[73.659281] (-) TimerEvent: {}
[73.759765] (-) TimerEvent: {}
[73.860339] (-) TimerEvent: {}
[73.960933] (-) TimerEvent: {}
[74.061494] (-) TimerEvent: {}
[74.161985] (-) TimerEvent: {}
[74.262740] (-) TimerEvent: {}
[74.363296] (-) TimerEvent: {}
[74.463809] (-) TimerEvent: {}
[74.564516] (-) TimerEvent: {}
[74.665017] (-) TimerEvent: {}
[74.765522] (-) TimerEvent: {}
[74.866022] (-) TimerEvent: {}
[74.966541] (-) TimerEvent: {}
[75.067145] (-) TimerEvent: {}
[75.167618] (-) TimerEvent: {}
[75.268074] (-) TimerEvent: {}
[75.368836] (-) TimerEvent: {}
[75.469338] (-) TimerEvent: {}
[75.569823] (-) TimerEvent: {}
[75.670264] (-) TimerEvent: {}
[75.770702] (-) TimerEvent: {}
[75.871178] (-) TimerEvent: {}
[75.971640] (-) TimerEvent: {}
[76.072071] (-) TimerEvent: {}
[76.172539] (-) TimerEvent: {}
[76.273047] (-) TimerEvent: {}
[76.373541] (-) TimerEvent: {}
[76.474037] (-) TimerEvent: {}
[76.574526] (-) TimerEvent: {}
[76.675007] (-) TimerEvent: {}
[76.775447] (-) TimerEvent: {}
[76.875905] (-) TimerEvent: {}
[76.976356] (-) TimerEvent: {}
[77.076799] (-) TimerEvent: {}
[77.177289] (-) TimerEvent: {}
[77.277818] (-) TimerEvent: {}
[77.378302] (-) TimerEvent: {}
[77.478777] (-) TimerEvent: {}
[77.579229] (-) TimerEvent: {}
[77.679700] (-) TimerEvent: {}
[77.780175] (-) TimerEvent: {}
[77.880752] (-) TimerEvent: {}
[77.981226] (-) TimerEvent: {}
[78.081712] (-) TimerEvent: {}
[78.182220] (-) TimerEvent: {}
[78.282785] (-) TimerEvent: {}
[78.383401] (-) TimerEvent: {}
[78.483908] (-) TimerEvent: {}
[78.584442] (-) TimerEvent: {}
[78.684934] (-) TimerEvent: {}
[78.785423] (-) TimerEvent: {}
[78.885928] (-) TimerEvent: {}
[78.986440] (-) TimerEvent: {}
[79.086934] (-) TimerEvent: {}
[79.187416] (-) TimerEvent: {}
[79.287942] (-) TimerEvent: {}
[79.388472] (-) TimerEvent: {}
[79.488946] (-) TimerEvent: {}
[79.589434] (-) TimerEvent: {}
[79.689866] (-) TimerEvent: {}
[79.790333] (-) TimerEvent: {}
[79.890771] (-) TimerEvent: {}
[79.991205] (-) TimerEvent: {}
[80.091699] (-) TimerEvent: {}
[80.192119] (-) TimerEvent: {}
[80.292599] (-) TimerEvent: {}
[80.393091] (-) TimerEvent: {}
[80.493591] (-) TimerEvent: {}
[80.594054] (-) TimerEvent: {}
[80.694488] (-) TimerEvent: {}
[80.794926] (-) TimerEvent: {}
[80.895396] (-) TimerEvent: {}
[80.995835] (-) TimerEvent: {}
[81.096330] (-) TimerEvent: {}
[81.196803] (-) TimerEvent: {}
[81.297305] (-) TimerEvent: {}
[81.397825] (-) TimerEvent: {}
[81.498325] (-) TimerEvent: {}
[81.598776] (-) TimerEvent: {}
[81.699207] (-) TimerEvent: {}
[81.799679] (-) TimerEvent: {}
[81.900177] (-) TimerEvent: {}
[82.000712] (-) TimerEvent: {}
[82.101175] (-) TimerEvent: {}
[82.201648] (-) TimerEvent: {}
[82.302107] (-) TimerEvent: {}
[82.402572] (-) TimerEvent: {}
[82.503041] (-) TimerEvent: {}
[82.603516] (-) TimerEvent: {}
[82.703990] (-) TimerEvent: {}
[82.804529] (-) TimerEvent: {}
[82.905007] (-) TimerEvent: {}
[83.005495] (-) TimerEvent: {}
[83.105976] (-) TimerEvent: {}
[83.206452] (-) TimerEvent: {}
[83.306946] (-) TimerEvent: {}
[83.407457] (-) TimerEvent: {}
[83.508333] (-) TimerEvent: {}
[83.608807] (-) TimerEvent: {}
[83.709277] (-) TimerEvent: {}
[83.809772] (-) TimerEvent: {}
[83.910286] (-) TimerEvent: {}
[84.010777] (-) TimerEvent: {}
[84.111285] (-) TimerEvent: {}
[84.211751] (-) TimerEvent: {}
[84.312264] (-) TimerEvent: {}
[84.412764] (-) TimerEvent: {}
[84.513237] (-) TimerEvent: {}
[84.613698] (-) TimerEvent: {}
[84.714168] (-) TimerEvent: {}
[84.814630] (-) TimerEvent: {}
[84.915129] (-) TimerEvent: {}
[85.015632] (-) TimerEvent: {}
[85.116128] (-) TimerEvent: {}
[85.216650] (-) TimerEvent: {}
[85.317104] (-) TimerEvent: {}
[85.417573] (-) TimerEvent: {}
[85.518067] (-) TimerEvent: {}
[85.618578] (-) TimerEvent: {}
[85.719060] (-) TimerEvent: {}
[85.819552] (-) TimerEvent: {}
[85.920070] (-) TimerEvent: {}
[86.020587] (-) TimerEvent: {}
[86.121113] (-) TimerEvent: {}
[86.221616] (-) TimerEvent: {}
[86.322084] (-) TimerEvent: {}
[86.422697] (-) TimerEvent: {}
[86.523241] (-) TimerEvent: {}
[86.623746] (-) TimerEvent: {}
[86.724270] (-) TimerEvent: {}
[86.824737] (-) TimerEvent: {}
[86.925215] (-) TimerEvent: {}
[87.025715] (-) TimerEvent: {}
[87.126223] (-) TimerEvent: {}
[87.226731] (-) TimerEvent: {}
[87.327260] (-) TimerEvent: {}
[87.427714] (-) TimerEvent: {}
[87.528246] (-) TimerEvent: {}
[87.628765] (-) TimerEvent: {}
[87.729275] (-) TimerEvent: {}
[87.829764] (-) TimerEvent: {}
[87.930282] (-) TimerEvent: {}
[88.030978] (-) TimerEvent: {}
[88.131489] (-) TimerEvent: {}
[88.231972] (-) TimerEvent: {}
[88.332432] (-) TimerEvent: {}
[88.432984] (-) TimerEvent: {}
[88.533457] (-) TimerEvent: {}
[88.633965] (-) TimerEvent: {}
[88.734486] (-) TimerEvent: {}
[88.835047] (-) TimerEvent: {}
[88.935590] (-) TimerEvent: {}
[89.036082] (-) TimerEvent: {}
[89.136623] (-) TimerEvent: {}
[89.237136] (-) TimerEvent: {}
[89.337650] (-) TimerEvent: {}
[89.438144] (-) TimerEvent: {}
[89.442977] (pcd_ndt_localization) StdoutLine: {'line': b'[100%] Linking CXX executable pcd_ndt_localizer\n'}
[89.538339] (-) TimerEvent: {}
[89.638812] (-) TimerEvent: {}
[89.739291] (-) TimerEvent: {}
[89.839777] (-) TimerEvent: {}
[89.940360] (-) TimerEvent: {}
[90.040846] (-) TimerEvent: {}
[90.141339] (-) TimerEvent: {}
[90.244874] (-) TimerEvent: {}
[90.345384] (-) TimerEvent: {}
[90.446033] (-) TimerEvent: {}
[90.546516] (-) TimerEvent: {}
[90.647238] (-) TimerEvent: {}
[90.747733] (-) TimerEvent: {}
[90.848298] (-) TimerEvent: {}
[90.948778] (-) TimerEvent: {}
[91.049225] (-) TimerEvent: {}
[91.149710] (-) TimerEvent: {}
[91.250217] (-) TimerEvent: {}
[91.350697] (-) TimerEvent: {}
[91.451189] (-) TimerEvent: {}
[91.551713] (-) TimerEvent: {}
[91.652233] (-) TimerEvent: {}
[91.752718] (-) TimerEvent: {}
[91.853307] (-) TimerEvent: {}
[91.953843] (-) TimerEvent: {}
[92.054331] (-) TimerEvent: {}
[92.154901] (-) TimerEvent: {}
[92.255430] (-) TimerEvent: {}
[92.322970] (pcd_ndt_localization) StdoutLine: {'line': b'[100%] Built target pcd_ndt_localizer\n'}
[92.332562] (pcd_ndt_localization) CommandEnded: {'returncode': 0}
[92.335262] (pcd_ndt_localization) JobProgress: {'identifier': 'pcd_ndt_localization', 'progress': 'install'}
[92.346412] (pcd_ndt_localization) Command: {'cmd': ['/usr/local/bin/cmake', '--install', '/home/seeed/ros2/ws/build/pcd_ndt_localization'], 'cwd': '/home/seeed/ros2/ws/build/pcd_ndt_localization', 'env': OrderedDict([('LANGUAGE', 'zh_CN:en'), ('USER', 'seeed'), ('SSH_CLIENT', '10.200.24.83 58407 22'), ('LC_TIME', 'zh_CN.UTF-8'), ('ROS_PACKAGE_PATH', '/home/seeed/ros2/ws/install/vikit_common/share:/home/seeed/ros2/ws/install/ugv_sdk/share'), ('XDG_SESSION_TYPE', 'tty'), ('SHLVL', '0'), ('LD_LIBRARY_PATH', '/home/seeed/ros2/ws/install/vikit_ros/lib:/home/seeed/ros2/ws/install/vikit_common/lib:/home/seeed/ros2/ws/install/ranger_msgs/lib:/home/seeed/ros2/ws/install/fast_lio/lib:/home/seeed/ros2/ws/install/livox_ros_driver2/lib:/opt/ros/humble/opt/rviz_ogre_vendor/lib:/opt/ros/humble/lib/aarch64-linux-gnu:/opt/ros/humble/lib'), ('MOTD_SHOWN', 'pam'), ('HOME', '/home/seeed'), ('OLDPWD', '/home/seeed'), ('ROS_PYTHON_VERSION', '3'), ('LC_MONETARY', 'zh_CN.UTF-8'), ('ROS_IP', '10.200.54.207'), ('LC_CTYPE', 'C.UTF-8'), ('DBUS_SESSION_BUS_ADDRESS', 'unix:path=/run/user/1000/bus'), ('COLCON_PREFIX_PATH', '/home/seeed/ros2/ws/install'), ('ROS_DISTRO', 'humble'), ('LOGNAME', 'seeed'), ('_', '/usr/bin/colcon'), ('ROS_VERSION', '2'), ('PKG_CONFIG_PATH', '/home/seeed/ros2/ws/install/vikit_common/lib/aarch64-linux-gnu/pkgconfig:/home/seeed/ros2/ws/install/vikit_common/lib/pkgconfig:/home/seeed/ros2/ws/install/ugv_sdk/lib/aarch64-linux-gnu/pkgconfig:/home/seeed/ros2/ws/install/ugv_sdk/lib/pkgconfig'), ('XDG_SESSION_CLASS', 'user'), ('XDG_SESSION_ID', '138'), ('ROS_LOCALHOST_ONLY', '0'), ('PATH', '/opt/ros/humble/bin:/usr/local/sbin:/usr/local/bin:/usr/sbin:/usr/bin:/sbin:/bin:/usr/games:/usr/local/games:/snap/bin'), ('FASTRTPS_DEFAULT_PROFILES_FILE', '/home/seeed/ros2/fastrtps_profile.xml'), ('PAPERSIZE', 'a4'), ('LC_ADDRESS', 'zh_CN.UTF-8'), ('XDG_RUNTIME_DIR', '/run/user/1000'), ('DISPLAY', 'localhost:14.0'), ('LANG', 'zh_CN.UTF-8'), ('LC_TELEPHONE', 'zh_CN.UTF-8'), ('RMW_IMPLEMENTATION', 'rmw_fastrtps_cpp'), ('ROS_DOMAIN_ID', '0'), ('AMENT_PREFIX_PATH', '/home/seeed/ros2/ws/install/vikit_ros:/home/seeed/ros2/ws/install/ranger_base:/home/seeed/ros2/ws/install/ranger_msgs:/home/seeed/ros2/ws/install/ranger_bringup:/home/seeed/ros2/ws/install/pcd_ndt_localization:/home/seeed/ros2/ws/install/fast_lio:/home/seeed/ros2/ws/install/livox_ros_driver2:/opt/ros/humble'), ('SHELL', '/bin/bash'), ('LC_NAME', 'zh_CN.UTF-8'), ('LC_MEASUREMENT', 'zh_CN.UTF-8'), ('LC_IDENTIFICATION', 'zh_CN.UTF-8'), ('PWD', '/home/seeed/ros2/ws/build/pcd_ndt_localization'), ('LC_ALL', 'en_US.UTF-8'), ('SSH_CONNECTION', '10.200.24.83 58407 10.200.54.207 22'), ('XDG_DATA_DIRS', '/usr/share/gnome:/usr/local/share:/usr/share:/var/lib/snapd/desktop'), ('PYTHONPATH', '/home/seeed/ros2/ws/install/ranger_msgs/local/lib/python3.10/dist-packages:/home/seeed/ros2/ws/install/fast_lio/local/lib/python3.10/dist-packages:/home/seeed/ros2/ws/install/livox_ros_driver2/local/lib/python3.10/dist-packages:/opt/ros/humble/lib/python3.10/site-packages:/opt/ros/humble/local/lib/python3.10/dist-packages'), ('LC_NUMERIC', 'zh_CN.UTF-8'), ('LC_PAPER', 'zh_CN.UTF-8'), ('COLCON', '1'), ('CMAKE_PREFIX_PATH', '/home/seeed/ros2/ws/install/vikit_ros:/opt/ros/humble:/home/seeed/ros2/ws/install/vikit_common:/home/seeed/ros2/ws/install/ranger_base:/home/seeed/ros2/ws/install/ugv_sdk:/home/seeed/ros2/ws/install/ranger_msgs:/home/seeed/ros2/ws/install/ranger_bringup:/home/seeed/ros2/ws/install/pcd_ndt_localization:/home/seeed/ros2/ws/install/fast_lio:/home/seeed/ros2/ws/install/livox_ros_driver2')]), 'shell': False}
[92.355240] (pcd_ndt_localization) StdoutLine: {'line': b'-- Install configuration: "Release"\n'}
[92.355739] (-) TimerEvent: {}
[92.356016] (pcd_ndt_localization) StdoutLine: {'line': b'-- Installing: /home/seeed/ros2/ws/install/pcd_ndt_localization/lib/pcd_ndt_localization/pcd_ndt_localizer\n'}
[92.361832] (pcd_ndt_localization) StdoutLine: {'line': b'-- Set runtime path of "/home/seeed/ros2/ws/install/pcd_ndt_localization/lib/pcd_ndt_localization/pcd_ndt_localizer" to ""\n'}
[92.362747] (pcd_ndt_localization) StdoutLine: {'line': b'-- Up-to-date: /home/seeed/ros2/ws/install/pcd_ndt_localization/lib/pcd_ndt_localization/pcd_occupancy_grid_publisher\n'}
[92.363432] (pcd_ndt_localization) StdoutLine: {'line': b'-- Up-to-date: /home/seeed/ros2/ws/install/pcd_ndt_localization/share/pcd_ndt_localization/config\n'}
[92.363991] (pcd_ndt_localization) StdoutLine: {'line': b'-- Installing: /home/seeed/ros2/ws/install/pcd_ndt_localization/share/pcd_ndt_localization/config/ndt_localization.yaml\n'}
[92.366191] (pcd_ndt_localization) StdoutLine: {'line': b'-- Up-to-date: /home/seeed/ros2/ws/install/pcd_ndt_localization/share/pcd_ndt_localization/launch\n'}
[92.366514] (pcd_ndt_localization) StdoutLine: {'line': b'-- Installing: /home/seeed/ros2/ws/install/pcd_ndt_localization/share/pcd_ndt_localization/launch/localization.launch.py\n'}
[92.366792] (pcd_ndt_localization) StdoutLine: {'line': b'-- Up-to-date: /home/seeed/ros2/ws/install/pcd_ndt_localization/share/ament_index/resource_index/package_run_dependencies/pcd_ndt_localization\n'}
[92.367048] (pcd_ndt_localization) StdoutLine: {'line': b'-- Up-to-date: /home/seeed/ros2/ws/install/pcd_ndt_localization/share/ament_index/resource_index/parent_prefix_path/pcd_ndt_localization\n'}
[92.367299] (pcd_ndt_localization) StdoutLine: {'line': b'-- Up-to-date: /home/seeed/ros2/ws/install/pcd_ndt_localization/share/pcd_ndt_localization/environment/ament_prefix_path.sh\n'}
[92.367819] (pcd_ndt_localization) StdoutLine: {'line': b'-- Up-to-date: /home/seeed/ros2/ws/install/pcd_ndt_localization/share/pcd_ndt_localization/environment/ament_prefix_path.dsv\n'}
[92.368097] (pcd_ndt_localization) StdoutLine: {'line': b'-- Up-to-date: /home/seeed/ros2/ws/install/pcd_ndt_localization/share/pcd_ndt_localization/environment/path.sh\n'}
[92.368410] (pcd_ndt_localization) StdoutLine: {'line': b'-- Up-to-date: /home/seeed/ros2/ws/install/pcd_ndt_localization/share/pcd_ndt_localization/environment/path.dsv\n'}
[92.368634] (pcd_ndt_localization) StdoutLine: {'line': b'-- Up-to-date: /home/seeed/ros2/ws/install/pcd_ndt_localization/share/pcd_ndt_localization/local_setup.bash\n'}
[92.368847] (pcd_ndt_localization) StdoutLine: {'line': b'-- Up-to-date: /home/seeed/ros2/ws/install/pcd_ndt_localization/share/pcd_ndt_localization/local_setup.sh\n'}
[92.369057] (pcd_ndt_localization) StdoutLine: {'line': b'-- Up-to-date: /home/seeed/ros2/ws/install/pcd_ndt_localization/share/pcd_ndt_localization/local_setup.zsh\n'}
[92.369262] (pcd_ndt_localization) StdoutLine: {'line': b'-- Up-to-date: /home/seeed/ros2/ws/install/pcd_ndt_localization/share/pcd_ndt_localization/local_setup.dsv\n'}
[92.369522] (pcd_ndt_localization) StdoutLine: {'line': b'-- Installing: /home/seeed/ros2/ws/install/pcd_ndt_localization/share/pcd_ndt_localization/package.dsv\n'}
[92.369746] (pcd_ndt_localization) StdoutLine: {'line': b'-- Up-to-date: /home/seeed/ros2/ws/install/pcd_ndt_localization/share/ament_index/resource_index/packages/pcd_ndt_localization\n'}
[92.369961] (pcd_ndt_localization) StdoutLine: {'line': b'-- Up-to-date: /home/seeed/ros2/ws/install/pcd_ndt_localization/share/pcd_ndt_localization/cmake/pcd_ndt_localizationConfig.cmake\n'}
[92.370167] (pcd_ndt_localization) StdoutLine: {'line': b'-- Up-to-date: /home/seeed/ros2/ws/install/pcd_ndt_localization/share/pcd_ndt_localization/cmake/pcd_ndt_localizationConfig-version.cmake\n'}
[92.370407] (pcd_ndt_localization) StdoutLine: {'line': b'-- Up-to-date: /home/seeed/ros2/ws/install/pcd_ndt_localization/share/pcd_ndt_localization/package.xml\n'}
[92.376347] (pcd_ndt_localization) CommandEnded: {'returncode': 0}
[92.441006] (pcd_ndt_localization) JobEnded: {'identifier': 'pcd_ndt_localization', 'rc': 0}
[92.442448] (-) EventReactorShutdown: {}
