[0.000000] (-) TimerEvent: {}
[0.000329] (-) JobUnselected: {'identifier': 'livox_ros_driver2'}
[0.000623] (-) JobUnselected: {'identifier': 'nav_tf_bridge'}
[0.001116] (-) JobUnselected: {'identifier': 'pcd_ndt_localization'}
[0.001395] (-) JobUnselected: {'identifier': 'ranger_base'}
[0.001670] (-) JobUnselected: {'identifier': 'ranger_bringup'}
[0.001773] (-) JobUnselected: {'identifier': 'ranger_msgs'}
[0.001854] (-) JobUnselected: {'identifier': 'ugv_sdk'}
[0.001933] (-) JobUnselected: {'identifier': 'vikit_common'}
[0.002005] (-) JobUnselected: {'identifier': 'vikit_ros'}
[0.002082] (fast_lio) JobQueued: {'identifier': 'fast_lio', 'dependencies': OrderedDict([('livox_ros_driver2', '/home/seeed/ros2/ws/install/livox_ros_driver2')])}
[0.002170] (fast_lio) JobStarted: {'identifier': 'fast_lio'}
[0.019681] (fast_lio) JobProgress: {'identifier': 'fast_lio', 'progress': 'cmake'}
[0.021857] (fast_lio) JobProgress: {'identifier': 'fast_lio', 'progress': 'build'}
[0.023680] (fast_lio) Command: {'cmd': ['/usr/local/bin/cmake', '--build', '/home/seeed/ros2/ws/build/fast_lio', '--', '-j6', '-l6'], 'cwd': '/home/seeed/ros2/ws/build/fast_lio', 'env': OrderedDict([('LANGUAGE', 'zh_CN:en'), ('USER', 'seeed'), ('SSH_CLIENT', '10.200.24.83 54331 22'), ('LC_TIME', 'zh_CN.UTF-8'), ('XDG_SESSION_TYPE', 'tty'), ('SHLVL', '0'), ('LD_LIBRARY_PATH', '/home/seeed/ros2/ws/install/livox_ros_driver2/lib:/opt/ros/humble/opt/rviz_ogre_vendor/lib:/opt/ros/humble/lib/aarch64-linux-gnu:/opt/ros/humble/lib'), ('MOTD_SHOWN', 'pam'), ('HOME', '/home/seeed'), ('OLDPWD', '/home/seeed'), ('ROS_PYTHON_VERSION', '3'), ('LC_MONETARY', 'zh_CN.UTF-8'), ('DBUS_SESSION_BUS_ADDRESS', 'unix:path=/run/user/1000/bus'), ('ROS_DISTRO', 'humble'), ('LOGNAME', 'seeed'), ('_', '/usr/bin/colcon'), ('ROS_VERSION', '2'), ('XDG_SESSION_CLASS', 'user'), ('XDG_SESSION_ID', '102'), ('ROS_LOCALHOST_ONLY', '0'), ('PATH', '/opt/ros/humble/bin:/usr/local/sbin:/usr/local/bin:/usr/sbin:/usr/bin:/sbin:/bin:/usr/games:/usr/local/games:/snap/bin'), ('PAPERSIZE', 'a4'), ('LC_ADDRESS', 'zh_CN.UTF-8'), ('XDG_RUNTIME_DIR', '/run/user/1000'), ('DISPLAY', 'localhost:15.0'), ('LANG', 'zh_CN.UTF-8'), ('LC_TELEPHONE', 'zh_CN.UTF-8'), ('AMENT_PREFIX_PATH', '/home/seeed/ros2/ws/install/livox_ros_driver2:/opt/ros/humble'), ('SHELL', '/bin/bash'), ('LC_NAME', 'zh_CN.UTF-8'), ('LC_MEASUREMENT', 'zh_CN.UTF-8'), ('LC_IDENTIFICATION', 'zh_CN.UTF-8'), ('PWD', '/home/seeed/ros2/ws/build/fast_lio'), ('LC_ALL', 'en_US.UTF-8'), ('SSH_CONNECTION', '10.200.24.83 54331 10.200.54.207 22'), ('PYTHONPATH', '/home/seeed/ros2/ws/install/livox_ros_driver2/local/lib/python3.10/dist-packages:/opt/ros/humble/lib/python3.10/site-packages:/opt/ros/humble/local/lib/python3.10/dist-packages'), ('LC_NUMERIC', 'zh_CN.UTF-8'), ('LC_PAPER', 'zh_CN.UTF-8'), ('COLCON', '1'), ('CMAKE_PREFIX_PATH', '/home/seeed/ros2/ws/install/livox_ros_driver2:/opt/ros/humble')]), 'shell': False}
[0.076784] (fast_lio) StdoutLine: {'line': b'[  2%] Built target fast_lio__rs\n'}
[0.078277] (fast_lio) StdoutLine: {'line': b'[  5%] Built target fast_lio__cpp\n'}
[0.081475] (fast_lio) StdoutLine: {'line': b'[ 13%] Built target fast_lio__rosidl_generator_c\n'}
[0.084326] (fast_lio) StdoutLine: {'line': b'[ 13%] Built target ament_cmake_python_symlink_fast_lio\n'}
[0.099397] (-) TimerEvent: {}
[0.102764] (fast_lio) StdoutLine: {'line': b'[ 22%] Built target fast_lio__rosidl_typesupport_fastrtps_cpp\n'}
[0.103639] (fast_lio) StdoutLine: {'line': b'[ 30%] Built target fast_lio__rosidl_typesupport_introspection_cpp\n'}
[0.104675] (fast_lio) StdoutLine: {'line': b'[ 47%] Built target fast_lio__rosidl_typesupport_c\n'}
[0.104941] (fast_lio) StdoutLine: {'line': b'[ 47%] Built target fast_lio__rosidl_typesupport_cpp\n'}
[0.108104] (fast_lio) StdoutLine: {'line': b'[ 55%] Built target fast_lio__rosidl_typesupport_introspection_c\n'}
[0.108416] (fast_lio) StdoutLine: {'line': b'[ 63%] Built target fast_lio__rosidl_typesupport_fastrtps_c\n'}
[0.124989] (fast_lio) StdoutLine: {'line': b'[ 63%] Built target fast_lio\n'}
[0.143805] (fast_lio) StdoutLine: {'line': b'[ 66%] Built target fast_lio__py\n'}
[0.163849] (fast_lio) StdoutLine: {'line': b'[ 72%] Built target fast_lio__rosidl_generator_py\n'}
[0.197302] (fast_lio) StdoutLine: {'line': b'[ 77%] Built target fast_lio__rosidl_typesupport_fastrtps_c__pyext\n'}
[0.199377] (fast_lio) StdoutLine: {'line': b'[ 83%] Built target fast_lio__rosidl_typesupport_c__pyext\n'}
[0.199726] (-) TimerEvent: {}
[0.204390] (fast_lio) StdoutLine: {'line': b'[ 88%] Built target fast_lio__rosidl_typesupport_introspection_c__pyext\n'}
[0.219226] (fast_lio) StdoutLine: {'line': b'[ 91%] Building CXX object CMakeFiles/fastlio_mapping.dir/src/laserMapping.cpp.o\n'}
[0.221194] (fast_lio) StdoutLine: {'line': b'[ 94%] Building CXX object CMakeFiles/fastlio_mapping.dir/src/preprocess.cpp.o\n'}
[0.299902] (-) TimerEvent: {}
[0.400257] (-) TimerEvent: {}
[0.500611] (-) TimerEvent: {}
[0.600961] (-) TimerEvent: {}
[0.643124] (fast_lio) StdoutLine: {'line': b'running egg_info\n'}
[0.644969] (fast_lio) StdoutLine: {'line': b'writing fast_lio.egg-info/PKG-INFO\n'}
[0.645643] (fast_lio) StdoutLine: {'line': b'writing dependency_links to fast_lio.egg-info/dependency_links.txt\n'}
[0.646117] (fast_lio) StdoutLine: {'line': b'writing top-level names to fast_lio.egg-info/top_level.txt\n'}
[0.651200] (fast_lio) StdoutLine: {'line': b"reading manifest file 'fast_lio.egg-info/SOURCES.txt'\n"}
[0.652429] (fast_lio) StdoutLine: {'line': b"writing manifest file 'fast_lio.egg-info/SOURCES.txt'\n"}
[0.701220] (-) TimerEvent: {}
[0.721182] (fast_lio) StdoutLine: {'line': b'[ 94%] Built target ament_cmake_python_build_fast_lio_egg\n'}
[0.801407] (-) TimerEvent: {}
[0.901799] (-) TimerEvent: {}
[1.002219] (-) TimerEvent: {}
[1.102625] (-) TimerEvent: {}
[1.203020] (-) TimerEvent: {}
[1.303417] (-) TimerEvent: {}
[1.403857] (-) TimerEvent: {}
[1.504258] (-) TimerEvent: {}
[1.604667] (-) TimerEvent: {}
[1.705064] (-) TimerEvent: {}
[1.805458] (-) TimerEvent: {}
[1.905853] (-) TimerEvent: {}
[2.006266] (-) TimerEvent: {}
[2.106666] (-) TimerEvent: {}
[2.207076] (-) TimerEvent: {}
[2.307503] (-) TimerEvent: {}
[2.407909] (-) TimerEvent: {}
[2.508313] (-) TimerEvent: {}
[2.608706] (-) TimerEvent: {}
[2.709117] (-) TimerEvent: {}
[2.809514] (-) TimerEvent: {}
[2.909913] (-) TimerEvent: {}
[3.010314] (-) TimerEvent: {}
[3.110726] (-) TimerEvent: {}
[3.211132] (-) TimerEvent: {}
[3.311509] (-) TimerEvent: {}
[3.411901] (-) TimerEvent: {}
[3.512307] (-) TimerEvent: {}
[3.612715] (-) TimerEvent: {}
[3.713128] (-) TimerEvent: {}
[3.813542] (-) TimerEvent: {}
[3.913965] (-) TimerEvent: {}
[4.014391] (-) TimerEvent: {}
[4.114802] (-) TimerEvent: {}
[4.215209] (-) TimerEvent: {}
[4.315621] (-) TimerEvent: {}
[4.416037] (-) TimerEvent: {}
[4.516461] (-) TimerEvent: {}
[4.616903] (-) TimerEvent: {}
[4.717321] (-) TimerEvent: {}
[4.817723] (-) TimerEvent: {}
[4.918138] (-) TimerEvent: {}
[5.018575] (-) TimerEvent: {}
[5.118993] (-) TimerEvent: {}
[5.219420] (-) TimerEvent: {}
[5.319867] (-) TimerEvent: {}
[5.420289] (-) TimerEvent: {}
[5.520706] (-) TimerEvent: {}
[5.621121] (-) TimerEvent: {}
[5.721534] (-) TimerEvent: {}
[5.821948] (-) TimerEvent: {}
[5.922366] (-) TimerEvent: {}
[6.022779] (-) TimerEvent: {}
[6.123194] (-) TimerEvent: {}
[6.223596] (-) TimerEvent: {}
[6.324021] (-) TimerEvent: {}
[6.424445] (-) TimerEvent: {}
[6.524858] (-) TimerEvent: {}
[6.625278] (-) TimerEvent: {}
[6.725657] (-) TimerEvent: {}
[6.826068] (-) TimerEvent: {}
[6.926478] (-) TimerEvent: {}
[7.026879] (-) TimerEvent: {}
[7.127258] (-) TimerEvent: {}
[7.227685] (-) TimerEvent: {}
[7.328087] (-) TimerEvent: {}
[7.428492] (-) TimerEvent: {}
[7.528895] (-) TimerEvent: {}
[7.629295] (-) TimerEvent: {}
[7.729693] (-) TimerEvent: {}
[7.830088] (-) TimerEvent: {}
[7.930490] (-) TimerEvent: {}
[8.030882] (-) TimerEvent: {}
[8.131283] (-) TimerEvent: {}
[8.231713] (-) TimerEvent: {}
[8.332125] (-) TimerEvent: {}
[8.432537] (-) TimerEvent: {}
[8.532945] (-) TimerEvent: {}
[8.633354] (-) TimerEvent: {}
[8.733766] (-) TimerEvent: {}
[8.834149] (-) TimerEvent: {}
[8.934560] (-) TimerEvent: {}
[9.035043] (-) TimerEvent: {}
[9.135470] (-) TimerEvent: {}
[9.235910] (-) TimerEvent: {}
[9.336271] (-) TimerEvent: {}
[9.436668] (-) TimerEvent: {}
[9.537057] (-) TimerEvent: {}
[9.637475] (-) TimerEvent: {}
[9.737845] (-) TimerEvent: {}
[9.838254] (-) TimerEvent: {}
[9.938673] (-) TimerEvent: {}
[10.039081] (-) TimerEvent: {}
[10.139485] (-) TimerEvent: {}
[10.239843] (-) TimerEvent: {}
[10.340249] (-) TimerEvent: {}
[10.440656] (-) TimerEvent: {}
[10.541054] (-) TimerEvent: {}
[10.641454] (-) TimerEvent: {}
[10.741861] (-) TimerEvent: {}
[10.842260] (-) TimerEvent: {}
[10.942623] (-) TimerEvent: {}
[11.043024] (-) TimerEvent: {}
[11.143401] (-) TimerEvent: {}
[11.243838] (-) TimerEvent: {}
[11.344248] (-) TimerEvent: {}
[11.444654] (-) TimerEvent: {}
[11.545060] (-) TimerEvent: {}
[11.645430] (-) TimerEvent: {}
[11.745850] (-) TimerEvent: {}
[11.846274] (-) TimerEvent: {}
[11.946682] (-) TimerEvent: {}
[12.047054] (-) TimerEvent: {}
[12.147482] (-) TimerEvent: {}
[12.247880] (-) TimerEvent: {}
[12.348272] (-) TimerEvent: {}
[12.448674] (-) TimerEvent: {}
[12.549066] (-) TimerEvent: {}
[12.649445] (-) TimerEvent: {}
[12.749816] (-) TimerEvent: {}
[12.850166] (-) TimerEvent: {}
[12.950545] (-) TimerEvent: {}
[13.050956] (-) TimerEvent: {}
[13.151349] (-) TimerEvent: {}
[13.251768] (-) TimerEvent: {}
[13.352162] (-) TimerEvent: {}
[13.452563] (-) TimerEvent: {}
[13.552961] (-) TimerEvent: {}
[13.653364] (-) TimerEvent: {}
[13.753758] (-) TimerEvent: {}
[13.854155] (-) TimerEvent: {}
[13.954540] (-) TimerEvent: {}
[14.055100] (-) TimerEvent: {}
[14.155548] (-) TimerEvent: {}
[14.255928] (-) TimerEvent: {}
[14.356340] (-) TimerEvent: {}
[14.456753] (-) TimerEvent: {}
[14.557162] (-) TimerEvent: {}
[14.657542] (-) TimerEvent: {}
[14.757950] (-) TimerEvent: {}
[14.858416] (-) TimerEvent: {}
[14.958877] (-) TimerEvent: {}
[15.059354] (-) TimerEvent: {}
[15.159800] (-) TimerEvent: {}
[15.260204] (-) TimerEvent: {}
[15.360610] (-) TimerEvent: {}
[15.461015] (-) TimerEvent: {}
[15.561419] (-) TimerEvent: {}
[15.661777] (-) TimerEvent: {}
[15.762182] (-) TimerEvent: {}
[15.862679] (-) TimerEvent: {}
[15.963084] (-) TimerEvent: {}
[16.063557] (-) TimerEvent: {}
[16.163962] (-) TimerEvent: {}
[16.190071] (fast_lio) StderrLine: {'line': b'In file included from /usr/include/boost/smart_ptr/detail/sp_thread_sleep.hpp:22,\n'}
[16.190728] (fast_lio) StderrLine: {'line': b'                 from /usr/include/boost/smart_ptr/detail/yield_k.hpp:23,\n'}
[16.190916] (fast_lio) StderrLine: {'line': b'                 from /usr/include/boost/smart_ptr/detail/spinlock_gcc_atomic.hpp:14,\n'}
[16.191071] (fast_lio) StderrLine: {'line': b'                 from /usr/include/boost/smart_ptr/detail/spinlock.hpp:42,\n'}
[16.191262] (fast_lio) StderrLine: {'line': b'                 from /usr/include/boost/smart_ptr/detail/spinlock_pool.hpp:25,\n'}
[16.191463] (fast_lio) StderrLine: {'line': b'                 from /usr/include/boost/smart_ptr/shared_ptr.hpp:29,\n'}
[16.191612] (fast_lio) StderrLine: {'line': b'                 from /usr/include/boost/shared_ptr.hpp:17,\n'}
[16.191742] (fast_lio) StderrLine: {'line': b'                 from /usr/include/boost/date_time/microsec_time_clock.hpp:18,\n'}
[16.191869] (fast_lio) StderrLine: {'line': b'                 from /usr/include/boost/interprocess/detail/posix_time_types_wrk.hpp:31,\n'}
[16.191992] (fast_lio) StderrLine: {'line': b'                 from /usr/include/boost/interprocess/detail/os_thread_functions.hpp:36,\n'}
[16.192117] (fast_lio) StderrLine: {'line': b'                 from /usr/include/boost/interprocess/sync/file_lock.hpp:26,\n'}
[16.192280] (fast_lio) StderrLine: {'line': b'                 from /usr/include/pcl-1.12/pcl/io/pcd_io.h:46,\n'}
[16.192438] (fast_lio) StderrLine: {'line': b'                 from /opt/ros/humble/include/pcl_conversions/pcl_conversions/pcl_conversions.h:73,\n'}
[16.192571] (fast_lio) StderrLine: {'line': b'                 from /home/seeed/ros2/ws/src/slam/fast_lio/src/IMU_Processing.hpp:18,\n'}
[16.192696] (fast_lio) StderrLine: {'line': b'                 from /home/seeed/ros2/ws/src/slam/fast_lio/src/laserMapping.cpp:47:\n'}
[16.192853] (fast_lio) StderrLine: {'line': b'/usr/include/boost/bind.hpp:36:1: note: \xe2\x80\x98#pragma message: The practice of declaring the Bind placeholders (_1, _2, ...) in the global namespace is deprecated. Please use <boost/bind/bind.hpp> + using namespace boost::placeholders, or define BOOST_BIND_GLOBAL_PLACEHOLDERS to retain the current behavior.\xe2\x80\x99\n'}
[16.192993] (fast_lio) StderrLine: {'line': b'   36 | BOOST_PRAGMA_MESSAGE(\n'}
[16.193118] (fast_lio) StderrLine: {'line': b'      | ^~~~~~~~~~~~~~~~~~~~\n'}
[16.264128] (-) TimerEvent: {}
[16.364557] (-) TimerEvent: {}
[16.465079] (-) TimerEvent: {}
[16.565460] (-) TimerEvent: {}
[16.665882] (-) TimerEvent: {}
[16.766295] (-) TimerEvent: {}
[16.866723] (-) TimerEvent: {}
[16.967133] (-) TimerEvent: {}
[17.067557] (-) TimerEvent: {}
[17.167970] (-) TimerEvent: {}
[17.268398] (-) TimerEvent: {}
[17.368873] (-) TimerEvent: {}
[17.469327] (-) TimerEvent: {}
[17.569740] (-) TimerEvent: {}
[17.670156] (-) TimerEvent: {}
[17.770637] (-) TimerEvent: {}
[17.871055] (-) TimerEvent: {}
[17.971489] (-) TimerEvent: {}
[18.071930] (-) TimerEvent: {}
[18.172311] (-) TimerEvent: {}
[18.272732] (-) TimerEvent: {}
[18.373149] (-) TimerEvent: {}
[18.473561] (-) TimerEvent: {}
[18.573966] (-) TimerEvent: {}
[18.674370] (-) TimerEvent: {}
[18.774791] (-) TimerEvent: {}
[18.875231] (-) TimerEvent: {}
[18.975676] (-) TimerEvent: {}
[19.076096] (-) TimerEvent: {}
[19.176528] (-) TimerEvent: {}
[19.276948] (-) TimerEvent: {}
[19.377377] (-) TimerEvent: {}
[19.477814] (-) TimerEvent: {}
[19.578219] (-) TimerEvent: {}
[19.678613] (-) TimerEvent: {}
[19.779026] (-) TimerEvent: {}
[19.879463] (-) TimerEvent: {}
[19.979862] (-) TimerEvent: {}
[20.080228] (-) TimerEvent: {}
[20.180633] (-) TimerEvent: {}
[20.281045] (-) TimerEvent: {}
[20.381448] (-) TimerEvent: {}
[20.481862] (-) TimerEvent: {}
[20.582258] (-) TimerEvent: {}
[20.682659] (-) TimerEvent: {}
[20.783068] (-) TimerEvent: {}
[20.883491] (-) TimerEvent: {}
[20.983900] (-) TimerEvent: {}
[21.084316] (-) TimerEvent: {}
[21.184734] (-) TimerEvent: {}
[21.285149] (-) TimerEvent: {}
[21.385560] (-) TimerEvent: {}
[21.485990] (-) TimerEvent: {}
[21.586420] (-) TimerEvent: {}
[21.686838] (-) TimerEvent: {}
[21.787267] (-) TimerEvent: {}
[21.887685] (-) TimerEvent: {}
[21.988085] (-) TimerEvent: {}
[22.088492] (-) TimerEvent: {}
[22.188911] (-) TimerEvent: {}
[22.289323] (-) TimerEvent: {}
[22.389735] (-) TimerEvent: {}
[22.490147] (-) TimerEvent: {}
[22.590555] (-) TimerEvent: {}
[22.690963] (-) TimerEvent: {}
[22.791369] (-) TimerEvent: {}
[22.891799] (-) TimerEvent: {}
[22.992220] (-) TimerEvent: {}
[23.092635] (-) TimerEvent: {}
[23.193055] (-) TimerEvent: {}
[23.293452] (-) TimerEvent: {}
[23.393860] (-) TimerEvent: {}
[23.494274] (-) TimerEvent: {}
[23.594687] (-) TimerEvent: {}
[23.695093] (-) TimerEvent: {}
[23.795523] (-) TimerEvent: {}
[23.895934] (-) TimerEvent: {}
[23.996338] (-) TimerEvent: {}
[24.096785] (-) TimerEvent: {}
[24.197178] (-) TimerEvent: {}
[24.297558] (-) TimerEvent: {}
[24.397967] (-) TimerEvent: {}
[24.498362] (-) TimerEvent: {}
[24.598764] (-) TimerEvent: {}
[24.699169] (-) TimerEvent: {}
[24.799605] (-) TimerEvent: {}
[24.900017] (-) TimerEvent: {}
[25.000433] (-) TimerEvent: {}
[25.100854] (-) TimerEvent: {}
[25.201256] (-) TimerEvent: {}
[25.301667] (-) TimerEvent: {}
[25.402079] (-) TimerEvent: {}
[25.502491] (-) TimerEvent: {}
[25.602897] (-) TimerEvent: {}
[25.703309] (-) TimerEvent: {}
[25.803732] (-) TimerEvent: {}
[25.904138] (-) TimerEvent: {}
[26.004549] (-) TimerEvent: {}
[26.105007] (-) TimerEvent: {}
[26.205442] (-) TimerEvent: {}
[26.305855] (-) TimerEvent: {}
[26.406264] (-) TimerEvent: {}
[26.506664] (-) TimerEvent: {}
[26.607073] (-) TimerEvent: {}
[26.707494] (-) TimerEvent: {}
[26.807896] (-) TimerEvent: {}
[26.908305] (-) TimerEvent: {}
[27.008705] (-) TimerEvent: {}
[27.109130] (-) TimerEvent: {}
[27.209645] (-) TimerEvent: {}
[27.310052] (-) TimerEvent: {}
[27.410470] (-) TimerEvent: {}
[27.510915] (-) TimerEvent: {}
[27.611322] (-) TimerEvent: {}
[27.711835] (-) TimerEvent: {}
[27.812249] (-) TimerEvent: {}
[27.912721] (-) TimerEvent: {}
[28.013180] (-) TimerEvent: {}
[28.113689] (-) TimerEvent: {}
[28.214161] (-) TimerEvent: {}
[28.314672] (-) TimerEvent: {}
[28.415237] (-) TimerEvent: {}
[28.515745] (-) TimerEvent: {}
[28.616223] (-) TimerEvent: {}
[28.716688] (-) TimerEvent: {}
[28.817156] (-) TimerEvent: {}
[28.917644] (-) TimerEvent: {}
[29.018104] (-) TimerEvent: {}
[29.118569] (-) TimerEvent: {}
[29.219049] (-) TimerEvent: {}
[29.319537] (-) TimerEvent: {}
[29.420009] (-) TimerEvent: {}
[29.520491] (-) TimerEvent: {}
[29.620958] (-) TimerEvent: {}
[29.721415] (-) TimerEvent: {}
[29.821884] (-) TimerEvent: {}
[29.922359] (-) TimerEvent: {}
[30.022825] (-) TimerEvent: {}
[30.123289] (-) TimerEvent: {}
[30.223767] (-) TimerEvent: {}
[30.324216] (-) TimerEvent: {}
[30.424688] (-) TimerEvent: {}
[30.525165] (-) TimerEvent: {}
[30.579178] (fast_lio) StderrLine: {'line': b'In file included from /home/seeed/ros2/ws/src/slam/fast_lio/include/IKFoM_toolkit/esekfom/../mtk/types/SOn.hpp:83,\n'}
[30.579883] (fast_lio) StderrLine: {'line': b'                 from /home/seeed/ros2/ws/src/slam/fast_lio/include/IKFoM_toolkit/esekfom/esekfom.hpp:49,\n'}
[30.580194] (fast_lio) StderrLine: {'line': b'                 from /home/seeed/ros2/ws/src/slam/fast_lio/include/use-ikfom.hpp:4,\n'}
[30.580521] (fast_lio) StderrLine: {'line': b'                 from /home/seeed/ros2/ws/src/slam/fast_lio/src/IMU_Processing.hpp:22,\n'}
[30.580771] (fast_lio) StderrLine: {'line': b'                 from /home/seeed/ros2/ws/src/slam/fast_lio/src/laserMapping.cpp:47:\n'}
[30.581001] (fast_lio) StderrLine: {'line': b'/home/seeed/ros2/ws/src/slam/fast_lio/include/IKFoM_toolkit/esekfom/../mtk/types/../src/mtkmath.hpp: In instantiation of \xe2\x80\x98std::pair<_FIter, _FIter> MTK::cos_sinc_sqrt(const scalar&) [with scalar = double]\xe2\x80\x99:\n'}
[30.581235] (fast_lio) StderrLine: {'line': b'/home/seeed/ros2/ws/src/slam/fast_lio/include/IKFoM_toolkit/esekfom/../mtk/types/../src/mtkmath.hpp:252:52:   required from \xe2\x80\x98scalar MTK::exp(MTK::vectview<scalar, dim>, MTK::vectview<const scalar, dim>, const scalar&) [with scalar = double; int n = 3]\xe2\x80\x99\n'}
[30.581464] (fast_lio) StderrLine: {'line': b'/home/seeed/ros2/ws/src/slam/fast_lio/include/IKFoM_toolkit/esekfom/../mtk/types/S2.hpp:140:32:   required from \xe2\x80\x98void MTK::S2<_scalar, den, num, S2_typ>::boxplus(MTK::vectview<const _scalar, 2>, MTK::S2<_scalar, den, num, S2_typ>::scalar) [with _scalar = double; int den = 98090; int num = 10000; int S2_typ = 1; MTK::S2<_scalar, den, num, S2_typ>::scalar = double]\xe2\x80\x99\n'}
[30.581732] (fast_lio) StderrLine: {'line': b'/home/seeed/ros2/ws/src/slam/fast_lio/include/use-ikfom.hpp:12:1:   required from here\n'}
[30.581953] (fast_lio) StderrLine: {'line': b'/home/seeed/ros2/ws/src/slam/fast_lio/include/IKFoM_toolkit/esekfom/../mtk/types/../src/mtkmath.hpp:143:27: note: parameter passing for argument of type \xe2\x80\x98std::pair<double, double>\xe2\x80\x99 when C++17 is enabled changed to match C++14 in GCC 10.1\n'}
[30.582173] (fast_lio) StderrLine: {'line': b'  143 | std::pair<scalar, scalar> cos_sinc_sqrt(const scalar &x2){\n'}
[30.582385] (fast_lio) StderrLine: {'line': b'      |                           ^~~~~~~~~~~~~\n'}
[30.625344] (-) TimerEvent: {}
[30.725789] (-) TimerEvent: {}
[30.826256] (-) TimerEvent: {}
[30.926743] (-) TimerEvent: {}
[31.027216] (-) TimerEvent: {}
[31.127714] (-) TimerEvent: {}
[31.228176] (-) TimerEvent: {}
[31.328628] (-) TimerEvent: {}
[31.429093] (-) TimerEvent: {}
[31.529577] (-) TimerEvent: {}
[31.630042] (-) TimerEvent: {}
[31.730563] (-) TimerEvent: {}
[31.831119] (-) TimerEvent: {}
[31.931640] (-) TimerEvent: {}
[32.032106] (-) TimerEvent: {}
[32.132643] (-) TimerEvent: {}
[32.233161] (-) TimerEvent: {}
[32.333677] (-) TimerEvent: {}
[32.434138] (-) TimerEvent: {}
[32.534676] (-) TimerEvent: {}
[32.635152] (-) TimerEvent: {}
[32.735623] (-) TimerEvent: {}
[32.836126] (-) TimerEvent: {}
[32.936611] (-) TimerEvent: {}
[33.037100] (-) TimerEvent: {}
[33.137637] (-) TimerEvent: {}
[33.238094] (-) TimerEvent: {}
[33.338555] (-) TimerEvent: {}
[33.439016] (-) TimerEvent: {}
[33.539507] (-) TimerEvent: {}
[33.639973] (-) TimerEvent: {}
[33.740439] (-) TimerEvent: {}
[33.840968] (-) TimerEvent: {}
[33.941468] (-) TimerEvent: {}
[34.041928] (-) TimerEvent: {}
[34.142434] (-) TimerEvent: {}
[34.242942] (-) TimerEvent: {}
[34.343420] (-) TimerEvent: {}
[34.443869] (-) TimerEvent: {}
[34.544311] (-) TimerEvent: {}
[34.644864] (-) TimerEvent: {}
[34.745386] (-) TimerEvent: {}
[34.845854] (-) TimerEvent: {}
[34.946303] (-) TimerEvent: {}
[35.046762] (-) TimerEvent: {}
[35.147185] (-) TimerEvent: {}
[35.247663] (-) TimerEvent: {}
[35.348130] (-) TimerEvent: {}
[35.448595] (-) TimerEvent: {}
[35.549025] (-) TimerEvent: {}
[35.649486] (-) TimerEvent: {}
[35.749948] (-) TimerEvent: {}
[35.850404] (-) TimerEvent: {}
[35.950867] (-) TimerEvent: {}
[36.051334] (-) TimerEvent: {}
[36.151819] (-) TimerEvent: {}
[36.252279] (-) TimerEvent: {}
[36.352740] (-) TimerEvent: {}
[36.453198] (-) TimerEvent: {}
[36.553665] (-) TimerEvent: {}
[36.654123] (-) TimerEvent: {}
[36.754582] (-) TimerEvent: {}
[36.855042] (-) TimerEvent: {}
[36.955547] (-) TimerEvent: {}
[37.056015] (-) TimerEvent: {}
[37.156497] (-) TimerEvent: {}
[37.256962] (-) TimerEvent: {}
[37.357451] (-) TimerEvent: {}
[37.457922] (-) TimerEvent: {}
[37.558350] (-) TimerEvent: {}
[37.658815] (-) TimerEvent: {}
[37.759273] (-) TimerEvent: {}
[37.859752] (-) TimerEvent: {}
[37.960216] (-) TimerEvent: {}
[38.060676] (-) TimerEvent: {}
[38.161129] (-) TimerEvent: {}
[38.261601] (-) TimerEvent: {}
[38.362047] (-) TimerEvent: {}
[38.462512] (-) TimerEvent: {}
[38.562989] (-) TimerEvent: {}
[38.663476] (-) TimerEvent: {}
[38.763946] (-) TimerEvent: {}
[38.864422] (-) TimerEvent: {}
[38.964885] (-) TimerEvent: {}
[39.065360] (-) TimerEvent: {}
[39.165851] (-) TimerEvent: {}
[39.266327] (-) TimerEvent: {}
[39.366827] (-) TimerEvent: {}
[39.467530] (-) TimerEvent: {}
[39.568009] (-) TimerEvent: {}
[39.668521] (-) TimerEvent: {}
[39.769097] (-) TimerEvent: {}
[39.869574] (-) TimerEvent: {}
[39.970052] (-) TimerEvent: {}
[40.070535] (-) TimerEvent: {}
[40.170991] (-) TimerEvent: {}
[40.271483] (-) TimerEvent: {}
[40.371941] (-) TimerEvent: {}
[40.472398] (-) TimerEvent: {}
[40.572855] (-) TimerEvent: {}
[40.673319] (-) TimerEvent: {}
[40.773777] (-) TimerEvent: {}
[40.874239] (-) TimerEvent: {}
[40.974698] (-) TimerEvent: {}
[41.075160] (-) TimerEvent: {}
[41.175617] (-) TimerEvent: {}
[41.276087] (-) TimerEvent: {}
[41.376553] (-) TimerEvent: {}
[41.477038] (-) TimerEvent: {}
[41.577517] (-) TimerEvent: {}
[41.677981] (-) TimerEvent: {}
[41.778513] (-) TimerEvent: {}
[41.879256] (-) TimerEvent: {}
[41.979825] (-) TimerEvent: {}
[42.080300] (-) TimerEvent: {}
[42.180836] (-) TimerEvent: {}
[42.281324] (-) TimerEvent: {}
[42.381802] (-) TimerEvent: {}
[42.482270] (-) TimerEvent: {}
[42.582741] (-) TimerEvent: {}
[42.683204] (-) TimerEvent: {}
[42.783685] (-) TimerEvent: {}
[42.884136] (-) TimerEvent: {}
[42.984588] (-) TimerEvent: {}
[43.085035] (-) TimerEvent: {}
[43.185457] (-) TimerEvent: {}
[43.285938] (-) TimerEvent: {}
[43.386419] (-) TimerEvent: {}
[43.487041] (-) TimerEvent: {}
[43.587547] (-) TimerEvent: {}
[43.688024] (-) TimerEvent: {}
[43.788494] (-) TimerEvent: {}
[43.888962] (-) TimerEvent: {}
[43.989436] (-) TimerEvent: {}
[44.089914] (-) TimerEvent: {}
[44.190386] (-) TimerEvent: {}
[44.290940] (-) TimerEvent: {}
[44.391478] (-) TimerEvent: {}
[44.491942] (-) TimerEvent: {}
[44.592451] (-) TimerEvent: {}
[44.692987] (-) TimerEvent: {}
[44.793503] (-) TimerEvent: {}
[44.894021] (-) TimerEvent: {}
[44.994541] (-) TimerEvent: {}
[45.095048] (-) TimerEvent: {}
[45.195580] (-) TimerEvent: {}
[45.296037] (-) TimerEvent: {}
[45.396598] (-) TimerEvent: {}
[45.497072] (-) TimerEvent: {}
[45.597772] (-) TimerEvent: {}
[45.698239] (-) TimerEvent: {}
[45.798706] (-) TimerEvent: {}
[45.899172] (-) TimerEvent: {}
[45.999632] (-) TimerEvent: {}
[46.100111] (-) TimerEvent: {}
[46.200678] (-) TimerEvent: {}
[46.301215] (-) TimerEvent: {}
[46.401797] (-) TimerEvent: {}
[46.502268] (-) TimerEvent: {}
[46.602743] (-) TimerEvent: {}
[46.703209] (-) TimerEvent: {}
[46.803697] (-) TimerEvent: {}
[46.904175] (-) TimerEvent: {}
[47.004665] (-) TimerEvent: {}
[47.105166] (-) TimerEvent: {}
[47.205715] (-) TimerEvent: {}
[47.306177] (-) TimerEvent: {}
[47.406845] (-) TimerEvent: {}
[47.507346] (-) TimerEvent: {}
[47.607841] (-) TimerEvent: {}
[47.708295] (-) TimerEvent: {}
[47.808766] (-) TimerEvent: {}
[47.909240] (-) TimerEvent: {}
[48.009714] (-) TimerEvent: {}
[48.110164] (-) TimerEvent: {}
[48.210630] (-) TimerEvent: {}
[48.311104] (-) TimerEvent: {}
[48.411600] (-) TimerEvent: {}
[48.512050] (-) TimerEvent: {}
[48.612532] (-) TimerEvent: {}
[48.712994] (-) TimerEvent: {}
[48.813470] (-) TimerEvent: {}
[48.913943] (-) TimerEvent: {}
[49.014390] (-) TimerEvent: {}
[49.114848] (-) TimerEvent: {}
[49.215309] (-) TimerEvent: {}
[49.315788] (-) TimerEvent: {}
[49.416269] (-) TimerEvent: {}
[49.516799] (-) TimerEvent: {}
[49.617305] (-) TimerEvent: {}
[49.717795] (-) TimerEvent: {}
[49.818230] (-) TimerEvent: {}
[49.918762] (-) TimerEvent: {}
[50.019326] (-) TimerEvent: {}
[50.119828] (-) TimerEvent: {}
[50.220290] (-) TimerEvent: {}
[50.320767] (-) TimerEvent: {}
[50.421233] (-) TimerEvent: {}
[50.521701] (-) TimerEvent: {}
[50.622174] (-) TimerEvent: {}
[50.722644] (-) TimerEvent: {}
[50.823088] (-) TimerEvent: {}
[50.923566] (-) TimerEvent: {}
[51.024034] (-) TimerEvent: {}
[51.124493] (-) TimerEvent: {}
[51.224964] (-) TimerEvent: {}
[51.325437] (-) TimerEvent: {}
[51.425900] (-) TimerEvent: {}
[51.526403] (-) TimerEvent: {}
[51.626917] (-) TimerEvent: {}
[51.727475] (-) TimerEvent: {}
[51.827930] (-) TimerEvent: {}
[51.928399] (-) TimerEvent: {}
[52.028843] (-) TimerEvent: {}
[52.129274] (-) TimerEvent: {}
[52.229741] (-) TimerEvent: {}
[52.330204] (-) TimerEvent: {}
[52.430657] (-) TimerEvent: {}
[52.531126] (-) TimerEvent: {}
[52.631604] (-) TimerEvent: {}
[52.732066] (-) TimerEvent: {}
[52.832543] (-) TimerEvent: {}
[52.933025] (-) TimerEvent: {}
[53.033530] (-) TimerEvent: {}
[53.133976] (-) TimerEvent: {}
[53.234455] (-) TimerEvent: {}
[53.335009] (-) TimerEvent: {}
[53.435534] (-) TimerEvent: {}
[53.536024] (-) TimerEvent: {}
[53.636502] (-) TimerEvent: {}
[53.736972] (-) TimerEvent: {}
[53.837484] (-) TimerEvent: {}
[53.937944] (-) TimerEvent: {}
[54.038407] (-) TimerEvent: {}
[54.138972] (-) TimerEvent: {}
[54.239559] (-) TimerEvent: {}
[54.340021] (-) TimerEvent: {}
[54.440535] (-) TimerEvent: {}
[54.541062] (-) TimerEvent: {}
[54.641511] (-) TimerEvent: {}
[54.741978] (-) TimerEvent: {}
[54.842439] (-) TimerEvent: {}
[54.942898] (-) TimerEvent: {}
[55.043366] (-) TimerEvent: {}
[55.143815] (-) TimerEvent: {}
[55.244289] (-) TimerEvent: {}
[55.344800] (-) TimerEvent: {}
[55.445358] (-) TimerEvent: {}
[55.545831] (-) TimerEvent: {}
[55.646310] (-) TimerEvent: {}
[55.746798] (-) TimerEvent: {}
[55.847267] (-) TimerEvent: {}
[55.947742] (-) TimerEvent: {}
[56.048184] (-) TimerEvent: {}
[56.148652] (-) TimerEvent: {}
[56.249215] (-) TimerEvent: {}
[56.349698] (-) TimerEvent: {}
[56.450173] (-) TimerEvent: {}
[56.550637] (-) TimerEvent: {}
[56.651100] (-) TimerEvent: {}
[56.751591] (-) TimerEvent: {}
[56.852056] (-) TimerEvent: {}
[56.952505] (-) TimerEvent: {}
[57.052914] (-) TimerEvent: {}
[57.153352] (-) TimerEvent: {}
[57.253824] (-) TimerEvent: {}
[57.354296] (-) TimerEvent: {}
[57.454756] (-) TimerEvent: {}
[57.555207] (-) TimerEvent: {}
[57.655705] (-) TimerEvent: {}
[57.756179] (-) TimerEvent: {}
[57.856609] (-) TimerEvent: {}
[57.957026] (-) TimerEvent: {}
[58.057471] (-) TimerEvent: {}
[58.157941] (-) TimerEvent: {}
[58.258402] (-) TimerEvent: {}
[58.358867] (-) TimerEvent: {}
[58.459331] (-) TimerEvent: {}
[58.559811] (-) TimerEvent: {}
[58.660276] (-) TimerEvent: {}
[58.760741] (-) TimerEvent: {}
[58.861214] (-) TimerEvent: {}
[58.961695] (-) TimerEvent: {}
[59.062170] (-) TimerEvent: {}
[59.162613] (-) TimerEvent: {}
[59.263076] (-) TimerEvent: {}
[59.363566] (-) TimerEvent: {}
[59.464052] (-) TimerEvent: {}
[59.564521] (-) TimerEvent: {}
[59.665045] (-) TimerEvent: {}
[59.765512] (-) TimerEvent: {}
[59.865992] (-) TimerEvent: {}
[59.966468] (-) TimerEvent: {}
[60.066940] (-) TimerEvent: {}
[60.167410] (-) TimerEvent: {}
[60.267900] (-) TimerEvent: {}
[60.368366] (-) TimerEvent: {}
[60.468832] (-) TimerEvent: {}
[60.569298] (-) TimerEvent: {}
[60.669780] (-) TimerEvent: {}
[60.770266] (-) TimerEvent: {}
[60.870736] (-) TimerEvent: {}
[60.971203] (-) TimerEvent: {}
[61.071692] (-) TimerEvent: {}
[61.172151] (-) TimerEvent: {}
[61.272618] (-) TimerEvent: {}
[61.373088] (-) TimerEvent: {}
[61.473521] (-) TimerEvent: {}
[61.573989] (-) TimerEvent: {}
[61.674445] (-) TimerEvent: {}
[61.774923] (-) TimerEvent: {}
[61.875401] (-) TimerEvent: {}
[61.975906] (-) TimerEvent: {}
[62.076388] (-) TimerEvent: {}
[62.176845] (-) TimerEvent: {}
[62.277330] (-) TimerEvent: {}
[62.377810] (-) TimerEvent: {}
[62.478290] (-) TimerEvent: {}
[62.578720] (-) TimerEvent: {}
[62.679129] (-) TimerEvent: {}
[62.779637] (-) TimerEvent: {}
[62.880115] (-) TimerEvent: {}
[62.980604] (-) TimerEvent: {}
[63.081081] (-) TimerEvent: {}
[63.181547] (-) TimerEvent: {}
[63.282024] (-) TimerEvent: {}
[63.382483] (-) TimerEvent: {}
[63.482956] (-) TimerEvent: {}
[63.583474] (-) TimerEvent: {}
[63.683932] (-) TimerEvent: {}
[63.784378] (-) TimerEvent: {}
[63.884811] (-) TimerEvent: {}
[63.985277] (-) TimerEvent: {}
[64.085754] (-) TimerEvent: {}
[64.186222] (-) TimerEvent: {}
[64.286761] (-) TimerEvent: {}
[64.387243] (-) TimerEvent: {}
[64.487741] (-) TimerEvent: {}
[64.588215] (-) TimerEvent: {}
[64.688649] (-) TimerEvent: {}
[64.789115] (-) TimerEvent: {}
[64.889585] (-) TimerEvent: {}
[64.990056] (-) TimerEvent: {}
[65.090516] (-) TimerEvent: {}
[65.190952] (-) TimerEvent: {}
[65.291421] (-) TimerEvent: {}
[65.391905] (-) TimerEvent: {}
[65.492363] (-) TimerEvent: {}
[65.592879] (-) TimerEvent: {}
[65.693380] (-) TimerEvent: {}
[65.793901] (-) TimerEvent: {}
[65.894353] (-) TimerEvent: {}
[65.994775] (-) TimerEvent: {}
[66.095201] (-) TimerEvent: {}
[66.195638] (-) TimerEvent: {}
[66.296118] (-) TimerEvent: {}
[66.396604] (-) TimerEvent: {}
[66.497097] (-) TimerEvent: {}
[66.597565] (-) TimerEvent: {}
[66.698030] (-) TimerEvent: {}
[66.798489] (-) TimerEvent: {}
[66.898962] (-) TimerEvent: {}
[66.999467] (-) TimerEvent: {}
[67.099944] (-) TimerEvent: {}
[67.200413] (-) TimerEvent: {}
[67.300956] (-) TimerEvent: {}
[67.401508] (-) TimerEvent: {}
[67.501968] (-) TimerEvent: {}
[67.602442] (-) TimerEvent: {}
[67.702975] (-) TimerEvent: {}
[67.803560] (-) TimerEvent: {}
[67.904026] (-) TimerEvent: {}
[68.004495] (-) TimerEvent: {}
[68.105040] (-) TimerEvent: {}
[68.205589] (-) TimerEvent: {}
[68.306105] (-) TimerEvent: {}
[68.406566] (-) TimerEvent: {}
[68.507106] (-) TimerEvent: {}
[68.607645] (-) TimerEvent: {}
[68.708114] (-) TimerEvent: {}
[68.808574] (-) TimerEvent: {}
[68.909033] (-) TimerEvent: {}
[69.009469] (-) TimerEvent: {}
[69.109942] (-) TimerEvent: {}
[69.210408] (-) TimerEvent: {}
[69.310891] (-) TimerEvent: {}
[69.411523] (-) TimerEvent: {}
[69.511982] (-) TimerEvent: {}
[69.612458] (-) TimerEvent: {}
[69.712995] (-) TimerEvent: {}
[69.813475] (-) TimerEvent: {}
[69.913945] (-) TimerEvent: {}
[70.014418] (-) TimerEvent: {}
[70.114872] (-) TimerEvent: {}
[70.215322] (-) TimerEvent: {}
[70.315811] (-) TimerEvent: {}
[70.416276] (-) TimerEvent: {}
[70.516751] (-) TimerEvent: {}
[70.617236] (-) TimerEvent: {}
[70.717691] (-) TimerEvent: {}
[70.818161] (-) TimerEvent: {}
[70.918638] (-) TimerEvent: {}
[71.019097] (-) TimerEvent: {}
[71.119599] (-) TimerEvent: {}
[71.220061] (-) TimerEvent: {}
[71.320519] (-) TimerEvent: {}
[71.420979] (-) TimerEvent: {}
[71.521441] (-) TimerEvent: {}
[71.621904] (-) TimerEvent: {}
[71.722368] (-) TimerEvent: {}
[71.822833] (-) TimerEvent: {}
[71.923290] (-) TimerEvent: {}
[72.023787] (-) TimerEvent: {}
[72.124232] (-) TimerEvent: {}
[72.224658] (-) TimerEvent: {}
[72.325087] (-) TimerEvent: {}
[72.425545] (-) TimerEvent: {}
[72.525986] (-) TimerEvent: {}
[72.626455] (-) TimerEvent: {}
[72.726918] (-) TimerEvent: {}
[72.827390] (-) TimerEvent: {}
[72.927976] (-) TimerEvent: {}
[73.028446] (-) TimerEvent: {}
[73.128910] (-) TimerEvent: {}
[73.229384] (-) TimerEvent: {}
[73.329864] (-) TimerEvent: {}
[73.430334] (-) TimerEvent: {}
[73.530805] (-) TimerEvent: {}
[73.631273] (-) TimerEvent: {}
[73.731777] (-) TimerEvent: {}
[73.832241] (-) TimerEvent: {}
[73.932705] (-) TimerEvent: {}
[74.033168] (-) TimerEvent: {}
[74.133638] (-) TimerEvent: {}
[74.234112] (-) TimerEvent: {}
[74.334583] (-) TimerEvent: {}
[74.435056] (-) TimerEvent: {}
[74.535540] (-) TimerEvent: {}
[74.635985] (-) TimerEvent: {}
[74.736420] (-) TimerEvent: {}
[74.836887] (-) TimerEvent: {}
[74.937352] (-) TimerEvent: {}
[75.037810] (-) TimerEvent: {}
[75.138281] (-) TimerEvent: {}
[75.238745] (-) TimerEvent: {}
[75.339211] (-) TimerEvent: {}
[75.439698] (-) TimerEvent: {}
[75.540178] (-) TimerEvent: {}
[75.640645] (-) TimerEvent: {}
[75.741122] (-) TimerEvent: {}
[75.841613] (-) TimerEvent: {}
[75.942066] (-) TimerEvent: {}
[76.042543] (-) TimerEvent: {}
[76.142998] (-) TimerEvent: {}
[76.243491] (-) TimerEvent: {}
[76.343941] (-) TimerEvent: {}
[76.444404] (-) TimerEvent: {}
[76.544863] (-) TimerEvent: {}
[76.645321] (-) TimerEvent: {}
[76.745790] (-) TimerEvent: {}
[76.846271] (-) TimerEvent: {}
[76.946740] (-) TimerEvent: {}
[77.047210] (-) TimerEvent: {}
[77.147679] (-) TimerEvent: {}
[77.248111] (-) TimerEvent: {}
[77.348571] (-) TimerEvent: {}
[77.449024] (-) TimerEvent: {}
[77.549468] (-) TimerEvent: {}
[77.649895] (-) TimerEvent: {}
[77.750366] (-) TimerEvent: {}
[77.850844] (-) TimerEvent: {}
[77.951309] (-) TimerEvent: {}
[78.051795] (-) TimerEvent: {}
[78.152248] (-) TimerEvent: {}
[78.252717] (-) TimerEvent: {}
[78.353174] (-) TimerEvent: {}
[78.453629] (-) TimerEvent: {}
[78.554075] (-) TimerEvent: {}
[78.654540] (-) TimerEvent: {}
[78.755003] (-) TimerEvent: {}
[78.855497] (-) TimerEvent: {}
[78.955963] (-) TimerEvent: {}
[79.056421] (-) TimerEvent: {}
[79.156896] (-) TimerEvent: {}
[79.257427] (-) TimerEvent: {}
[79.357893] (-) TimerEvent: {}
[79.458326] (-) TimerEvent: {}
[79.558782] (-) TimerEvent: {}
[79.659249] (-) TimerEvent: {}
[79.759806] (-) TimerEvent: {}
[79.860269] (-) TimerEvent: {}
[79.960772] (-) TimerEvent: {}
[80.061336] (-) TimerEvent: {}
[80.161813] (-) TimerEvent: {}
[80.262276] (-) TimerEvent: {}
[80.362735] (-) TimerEvent: {}
[80.463197] (-) TimerEvent: {}
[80.563669] (-) TimerEvent: {}
[80.664131] (-) TimerEvent: {}
[80.764596] (-) TimerEvent: {}
[80.865050] (-) TimerEvent: {}
[80.965522] (-) TimerEvent: {}
[81.065969] (-) TimerEvent: {}
[81.166436] (-) TimerEvent: {}
[81.266903] (-) TimerEvent: {}
[81.367366] (-) TimerEvent: {}
[81.467875] (-) TimerEvent: {}
[81.568347] (-) TimerEvent: {}
[81.668810] (-) TimerEvent: {}
[81.769255] (-) TimerEvent: {}
[81.869719] (-) TimerEvent: {}
[81.970187] (-) TimerEvent: {}
[82.070639] (-) TimerEvent: {}
[82.171106] (-) TimerEvent: {}
[82.271605] (-) TimerEvent: {}
[82.372085] (-) TimerEvent: {}
[82.472554] (-) TimerEvent: {}
[82.573021] (-) TimerEvent: {}
[82.673489] (-) TimerEvent: {}
[82.773969] (-) TimerEvent: {}
[82.874435] (-) TimerEvent: {}
[82.974909] (-) TimerEvent: {}
[83.075355] (-) TimerEvent: {}
[83.175866] (-) TimerEvent: {}
[83.276371] (-) TimerEvent: {}
[83.376829] (-) TimerEvent: {}
[83.477298] (-) TimerEvent: {}
[83.577779] (-) TimerEvent: {}
[83.678269] (-) TimerEvent: {}
[83.778807] (-) TimerEvent: {}
[83.879396] (-) TimerEvent: {}
[83.979982] (-) TimerEvent: {}
[84.080458] (-) TimerEvent: {}
[84.180931] (-) TimerEvent: {}
[84.281487] (-) TimerEvent: {}
[84.381948] (-) TimerEvent: {}
[84.482420] (-) TimerEvent: {}
[84.582979] (-) TimerEvent: {}
[84.683552] (-) TimerEvent: {}
[84.784061] (-) TimerEvent: {}
[84.884530] (-) TimerEvent: {}
[84.985044] (-) TimerEvent: {}
[85.085601] (-) TimerEvent: {}
[85.186172] (-) TimerEvent: {}
[85.286697] (-) TimerEvent: {}
[85.387209] (-) TimerEvent: {}
[85.487711] (-) TimerEvent: {}
[85.588194] (-) TimerEvent: {}
[85.688668] (-) TimerEvent: {}
[85.789137] (-) TimerEvent: {}
[85.889604] (-) TimerEvent: {}
[85.990069] (-) TimerEvent: {}
[86.090534] (-) TimerEvent: {}
[86.191115] (-) TimerEvent: {}
[86.291633] (-) TimerEvent: {}
[86.392152] (-) TimerEvent: {}
[86.492664] (-) TimerEvent: {}
[86.593213] (-) TimerEvent: {}
[86.693726] (-) TimerEvent: {}
[86.794189] (-) TimerEvent: {}
[86.894651] (-) TimerEvent: {}
[86.995208] (-) TimerEvent: {}
[87.095759] (-) TimerEvent: {}
[87.196323] (-) TimerEvent: {}
[87.296790] (-) TimerEvent: {}
[87.397289] (-) TimerEvent: {}
[87.497718] (-) TimerEvent: {}
[87.598177] (-) TimerEvent: {}
[87.698594] (-) TimerEvent: {}
[87.799060] (-) TimerEvent: {}
[87.899560] (-) TimerEvent: {}
[88.000022] (-) TimerEvent: {}
[88.100489] (-) TimerEvent: {}
[88.200934] (-) TimerEvent: {}
[88.301390] (-) TimerEvent: {}
[88.401861] (-) TimerEvent: {}
[88.502343] (-) TimerEvent: {}
[88.602816] (-) TimerEvent: {}
[88.703375] (-) TimerEvent: {}
[88.803903] (-) TimerEvent: {}
[88.904352] (-) TimerEvent: {}
[89.004845] (-) TimerEvent: {}
[89.105401] (-) TimerEvent: {}
[89.205952] (-) TimerEvent: {}
[89.306534] (-) TimerEvent: {}
[89.407067] (-) TimerEvent: {}
[89.507600] (-) TimerEvent: {}
[89.608112] (-) TimerEvent: {}
[89.708581] (-) TimerEvent: {}
[89.809149] (-) TimerEvent: {}
[89.909616] (-) TimerEvent: {}
[90.010222] (-) TimerEvent: {}
[90.110694] (-) TimerEvent: {}
[90.211236] (-) TimerEvent: {}
[90.311778] (-) TimerEvent: {}
[90.412253] (-) TimerEvent: {}
[90.512702] (-) TimerEvent: {}
[90.613299] (-) TimerEvent: {}
[90.713817] (-) TimerEvent: {}
[90.814290] (-) TimerEvent: {}
[90.914759] (-) TimerEvent: {}
[91.015203] (-) TimerEvent: {}
[91.115631] (-) TimerEvent: {}
[91.216106] (-) TimerEvent: {}
[91.316592] (-) TimerEvent: {}
[91.417073] (-) TimerEvent: {}
[91.517548] (-) TimerEvent: {}
[91.618111] (-) TimerEvent: {}
[91.718545] (-) TimerEvent: {}
[91.819061] (-) TimerEvent: {}
[91.919585] (-) TimerEvent: {}
[92.020123] (-) TimerEvent: {}
[92.120592] (-) TimerEvent: {}
[92.221143] (-) TimerEvent: {}
[92.321589] (-) TimerEvent: {}
[92.422058] (-) TimerEvent: {}
[92.522521] (-) TimerEvent: {}
[92.623026] (-) TimerEvent: {}
[92.723647] (-) TimerEvent: {}
[92.824109] (-) TimerEvent: {}
[92.924581] (-) TimerEvent: {}
[93.025101] (-) TimerEvent: {}
[93.125631] (-) TimerEvent: {}
[93.226153] (-) TimerEvent: {}
[93.326633] (-) TimerEvent: {}
[93.427110] (-) TimerEvent: {}
[93.527599] (-) TimerEvent: {}
[93.628112] (-) TimerEvent: {}
[93.728578] (-) TimerEvent: {}
[93.829091] (-) TimerEvent: {}
[93.929571] (-) TimerEvent: {}
[94.030044] (-) TimerEvent: {}
[94.130507] (-) TimerEvent: {}
[94.230973] (-) TimerEvent: {}
[94.331500] (-) TimerEvent: {}
[94.431948] (-) TimerEvent: {}
[94.532408] (-) TimerEvent: {}
[94.632876] (-) TimerEvent: {}
[94.733405] (-) TimerEvent: {}
[94.833877] (-) TimerEvent: {}
[94.934346] (-) TimerEvent: {}
[95.034816] (-) TimerEvent: {}
[95.135385] (-) TimerEvent: {}
[95.235943] (-) TimerEvent: {}
[95.336419] (-) TimerEvent: {}
[95.436860] (-) TimerEvent: {}
[95.537332] (-) TimerEvent: {}
[95.637863] (-) TimerEvent: {}
[95.738341] (-) TimerEvent: {}
[95.838851] (-) TimerEvent: {}
[95.939533] (-) TimerEvent: {}
[96.040060] (-) TimerEvent: {}
[96.140510] (-) TimerEvent: {}
[96.241017] (-) TimerEvent: {}
[96.341518] (-) TimerEvent: {}
[96.442019] (-) TimerEvent: {}
[96.542475] (-) TimerEvent: {}
[96.643023] (-) TimerEvent: {}
[96.743536] (-) TimerEvent: {}
[96.844040] (-) TimerEvent: {}
[96.944500] (-) TimerEvent: {}
[97.044996] (-) TimerEvent: {}
[97.145565] (-) TimerEvent: {}
[97.246033] (-) TimerEvent: {}
[97.346490] (-) TimerEvent: {}
[97.447000] (-) TimerEvent: {}
[97.547495] (-) TimerEvent: {}
[97.647992] (-) TimerEvent: {}
[97.748444] (-) TimerEvent: {}
[97.848983] (-) TimerEvent: {}
[97.949511] (-) TimerEvent: {}
[98.050024] (-) TimerEvent: {}
[98.150481] (-) TimerEvent: {}
[98.250949] (-) TimerEvent: {}
[98.351506] (-) TimerEvent: {}
[98.452009] (-) TimerEvent: {}
[98.552459] (-) TimerEvent: {}
[98.652932] (-) TimerEvent: {}
[98.753490] (-) TimerEvent: {}
[98.853993] (-) TimerEvent: {}
[98.954450] (-) TimerEvent: {}
[99.054947] (-) TimerEvent: {}
[99.155484] (-) TimerEvent: {}
[99.255937] (-) TimerEvent: {}
[99.356477] (-) TimerEvent: {}
[99.457007] (-) TimerEvent: {}
[99.557471] (-) TimerEvent: {}
[99.657953] (-) TimerEvent: {}
[99.758429] (-) TimerEvent: {}
[99.858965] (-) TimerEvent: {}
[99.959502] (-) TimerEvent: {}
[100.059924] (-) TimerEvent: {}
[100.160390] (-) TimerEvent: {}
[100.260838] (-) TimerEvent: {}
[100.361292] (-) TimerEvent: {}
[100.461744] (-) TimerEvent: {}
[100.562198] (-) TimerEvent: {}
[100.662642] (-) TimerEvent: {}
[100.763109] (-) TimerEvent: {}
[100.863602] (-) TimerEvent: {}
[100.964060] (-) TimerEvent: {}
[101.064522] (-) TimerEvent: {}
[101.164977] (-) TimerEvent: {}
[101.265449] (-) TimerEvent: {}
[101.365903] (-) TimerEvent: {}
[101.466349] (-) TimerEvent: {}
[101.566872] (-) TimerEvent: {}
[101.667457] (-) TimerEvent: {}
[101.767915] (-) TimerEvent: {}
[101.868377] (-) TimerEvent: {}
[101.968826] (-) TimerEvent: {}
[102.069285] (-) TimerEvent: {}
[102.169737] (-) TimerEvent: {}
[102.270159] (-) TimerEvent: {}
[102.370612] (-) TimerEvent: {}
[102.471114] (-) TimerEvent: {}
[102.571641] (-) TimerEvent: {}
[102.672079] (-) TimerEvent: {}
[102.772544] (-) TimerEvent: {}
[102.873001] (-) TimerEvent: {}
[102.973457] (-) TimerEvent: {}
[103.073915] (-) TimerEvent: {}
[103.174389] (-) TimerEvent: {}
[103.274892] (-) TimerEvent: {}
[103.375397] (-) TimerEvent: {}
[103.475979] (-) TimerEvent: {}
[103.576440] (-) TimerEvent: {}
[103.676994] (-) TimerEvent: {}
[103.777484] (-) TimerEvent: {}
[103.877941] (-) TimerEvent: {}
[103.978406] (-) TimerEvent: {}
[104.078881] (-) TimerEvent: {}
[104.179343] (-) TimerEvent: {}
[104.279825] (-) TimerEvent: {}
[104.380281] (-) TimerEvent: {}
[104.480726] (-) TimerEvent: {}
[104.581180] (-) TimerEvent: {}
[104.681636] (-) TimerEvent: {}
[104.782098] (-) TimerEvent: {}
[104.882559] (-) TimerEvent: {}
[104.983020] (-) TimerEvent: {}
[105.083490] (-) TimerEvent: {}
[105.183938] (-) TimerEvent: {}
[105.284395] (-) TimerEvent: {}
[105.384836] (-) TimerEvent: {}
[105.485291] (-) TimerEvent: {}
[105.585739] (-) TimerEvent: {}
[105.686199] (-) TimerEvent: {}
[105.786660] (-) TimerEvent: {}
[105.887062] (-) TimerEvent: {}
[105.987521] (-) TimerEvent: {}
[106.087985] (-) TimerEvent: {}
[106.188447] (-) TimerEvent: {}
[106.288903] (-) TimerEvent: {}
[106.389339] (-) TimerEvent: {}
[106.489768] (-) TimerEvent: {}
[106.590222] (-) TimerEvent: {}
[106.690672] (-) TimerEvent: {}
[106.791147] (-) TimerEvent: {}
[106.891618] (-) TimerEvent: {}
[106.992066] (-) TimerEvent: {}
[107.092509] (-) TimerEvent: {}
[107.192958] (-) TimerEvent: {}
[107.293410] (-) TimerEvent: {}
[107.393852] (-) TimerEvent: {}
[107.494311] (-) TimerEvent: {}
[107.594765] (-) TimerEvent: {}
[107.695227] (-) TimerEvent: {}
[107.795734] (-) TimerEvent: {}
[107.896192] (-) TimerEvent: {}
[107.996651] (-) TimerEvent: {}
[108.097177] (-) TimerEvent: {}
[108.197646] (-) TimerEvent: {}
[108.298100] (-) TimerEvent: {}
[108.398559] (-) TimerEvent: {}
[108.498995] (-) TimerEvent: {}
[108.599421] (-) TimerEvent: {}
[108.699895] (-) TimerEvent: {}
[108.800369] (-) TimerEvent: {}
[108.900884] (-) TimerEvent: {}
[109.001411] (-) TimerEvent: {}
[109.101916] (-) TimerEvent: {}
[109.202344] (-) TimerEvent: {}
[109.302849] (-) TimerEvent: {}
[109.403387] (-) TimerEvent: {}
[109.503885] (-) TimerEvent: {}
[109.604349] (-) TimerEvent: {}
[109.704781] (-) TimerEvent: {}
[109.805287] (-) TimerEvent: {}
[109.905861] (-) TimerEvent: {}
[110.006322] (-) TimerEvent: {}
[110.106839] (-) TimerEvent: {}
[110.207343] (-) TimerEvent: {}
[110.307828] (-) TimerEvent: {}
[110.408273] (-) TimerEvent: {}
[110.508724] (-) TimerEvent: {}
[110.609175] (-) TimerEvent: {}
[110.709626] (-) TimerEvent: {}
[110.810077] (-) TimerEvent: {}
[110.910537] (-) TimerEvent: {}
[111.010980] (-) TimerEvent: {}
[111.111461] (-) TimerEvent: {}
[111.211922] (-) TimerEvent: {}
[111.312380] (-) TimerEvent: {}
[111.412829] (-) TimerEvent: {}
[111.513293] (-) TimerEvent: {}
[111.613738] (-) TimerEvent: {}
[111.714196] (-) TimerEvent: {}
[111.814661] (-) TimerEvent: {}
[111.915107] (-) TimerEvent: {}
[112.015578] (-) TimerEvent: {}
[112.116025] (-) TimerEvent: {}
[112.216461] (-) TimerEvent: {}
[112.316952] (-) TimerEvent: {}
[112.417417] (-) TimerEvent: {}
[112.517877] (-) TimerEvent: {}
[112.618379] (-) TimerEvent: {}
[112.718843] (-) TimerEvent: {}
[112.819388] (-) TimerEvent: {}
[112.919859] (-) TimerEvent: {}
[113.020314] (-) TimerEvent: {}
[113.120778] (-) TimerEvent: {}
[113.221370] (-) TimerEvent: {}
[113.321912] (-) TimerEvent: {}
[113.422382] (-) TimerEvent: {}
[113.522824] (-) TimerEvent: {}
[113.623281] (-) TimerEvent: {}
[113.723757] (-) TimerEvent: {}
[113.824204] (-) TimerEvent: {}
[113.924672] (-) TimerEvent: {}
[114.025101] (-) TimerEvent: {}
[114.125579] (-) TimerEvent: {}
[114.226059] (-) TimerEvent: {}
[114.326527] (-) TimerEvent: {}
[114.427056] (-) TimerEvent: {}
[114.527545] (-) TimerEvent: {}
[114.628008] (-) TimerEvent: {}
[114.728468] (-) TimerEvent: {}
[114.828951] (-) TimerEvent: {}
[114.929461] (-) TimerEvent: {}
[115.029916] (-) TimerEvent: {}
[115.130322] (-) TimerEvent: {}
[115.230783] (-) TimerEvent: {}
[115.331259] (-) TimerEvent: {}
[115.431743] (-) TimerEvent: {}
[115.532217] (-) TimerEvent: {}
[115.632678] (-) TimerEvent: {}
[115.733107] (-) TimerEvent: {}
[115.833511] (-) TimerEvent: {}
[115.933973] (-) TimerEvent: {}
[116.034426] (-) TimerEvent: {}
[116.134868] (-) TimerEvent: {}
[116.235322] (-) TimerEvent: {}
[116.335838] (-) TimerEvent: {}
[116.436291] (-) TimerEvent: {}
[116.536743] (-) TimerEvent: {}
[116.637305] (-) TimerEvent: {}
[116.737772] (-) TimerEvent: {}
[116.838238] (-) TimerEvent: {}
[116.938699] (-) TimerEvent: {}
[117.039122] (-) TimerEvent: {}
[117.139588] (-) TimerEvent: {}
[117.240024] (-) TimerEvent: {}
[117.340467] (-) TimerEvent: {}
[117.440890] (-) TimerEvent: {}
[117.541353] (-) TimerEvent: {}
[117.641800] (-) TimerEvent: {}
[117.742239] (-) TimerEvent: {}
[117.842704] (-) TimerEvent: {}
[117.943165] (-) TimerEvent: {}
[118.043647] (-) TimerEvent: {}
[118.144113] (-) TimerEvent: {}
[118.244574] (-) TimerEvent: {}
[118.345029] (-) TimerEvent: {}
[118.445483] (-) TimerEvent: {}
[118.545952] (-) TimerEvent: {}
[118.646414] (-) TimerEvent: {}
[118.746887] (-) TimerEvent: {}
[118.847359] (-) TimerEvent: {}
[118.947835] (-) TimerEvent: {}
[119.048275] (-) TimerEvent: {}
[119.148720] (-) TimerEvent: {}
[119.249174] (-) TimerEvent: {}
[119.349631] (-) TimerEvent: {}
[119.450071] (-) TimerEvent: {}
[119.550519] (-) TimerEvent: {}
[119.650979] (-) TimerEvent: {}
[119.751427] (-) TimerEvent: {}
[119.851902] (-) TimerEvent: {}
[119.952356] (-) TimerEvent: {}
[120.052818] (-) TimerEvent: {}
[120.153268] (-) TimerEvent: {}
[120.253729] (-) TimerEvent: {}
[120.354192] (-) TimerEvent: {}
[120.454623] (-) TimerEvent: {}
[120.554991] (-) TimerEvent: {}
[120.655413] (-) TimerEvent: {}
[120.755889] (-) TimerEvent: {}
[120.856353] (-) TimerEvent: {}
[120.956824] (-) TimerEvent: {}
[121.057295] (-) TimerEvent: {}
[121.157767] (-) TimerEvent: {}
[121.258217] (-) TimerEvent: {}
[121.358672] (-) TimerEvent: {}
[121.459130] (-) TimerEvent: {}
[121.559574] (-) TimerEvent: {}
[121.660027] (-) TimerEvent: {}
[121.760494] (-) TimerEvent: {}
[121.860949] (-) TimerEvent: {}
[121.961403] (-) TimerEvent: {}
[122.061858] (-) TimerEvent: {}
[122.162312] (-) TimerEvent: {}
[122.262765] (-) TimerEvent: {}
[122.363217] (-) TimerEvent: {}
[122.463705] (-) TimerEvent: {}
[122.564161] (-) TimerEvent: {}
[122.664624] (-) TimerEvent: {}
[122.765083] (-) TimerEvent: {}
[122.865519] (-) TimerEvent: {}
[122.965968] (-) TimerEvent: {}
[123.066422] (-) TimerEvent: {}
[123.166890] (-) TimerEvent: {}
[123.267374] (-) TimerEvent: {}
[123.367871] (-) TimerEvent: {}
[123.468320] (-) TimerEvent: {}
[123.568752] (-) TimerEvent: {}
[123.669200] (-) TimerEvent: {}
[123.769612] (-) TimerEvent: {}
[123.870041] (-) TimerEvent: {}
[123.970508] (-) TimerEvent: {}
[124.070970] (-) TimerEvent: {}
[124.171458] (-) TimerEvent: {}
[124.271928] (-) TimerEvent: {}
[124.372398] (-) TimerEvent: {}
[124.472896] (-) TimerEvent: {}
[124.573352] (-) TimerEvent: {}
[124.673813] (-) TimerEvent: {}
[124.774277] (-) TimerEvent: {}
[124.874751] (-) TimerEvent: {}
[124.975208] (-) TimerEvent: {}
[125.075663] (-) TimerEvent: {}
[125.176268] (-) TimerEvent: {}
[125.276741] (-) TimerEvent: {}
[125.377302] (-) TimerEvent: {}
[125.477807] (-) TimerEvent: {}
[125.578291] (-) TimerEvent: {}
[125.678749] (-) TimerEvent: {}
[125.779339] (-) TimerEvent: {}
[125.879876] (-) TimerEvent: {}
[125.980331] (-) TimerEvent: {}
[126.080805] (-) TimerEvent: {}
[126.181299] (-) TimerEvent: {}
[126.281766] (-) TimerEvent: {}
[126.382229] (-) TimerEvent: {}
[126.482676] (-) TimerEvent: {}
[126.583128] (-) TimerEvent: {}
[126.683620] (-) TimerEvent: {}
[126.784073] (-) TimerEvent: {}
[126.884526] (-) TimerEvent: {}
[126.984944] (-) TimerEvent: {}
[127.085402] (-) TimerEvent: {}
[127.185859] (-) TimerEvent: {}
[127.286331] (-) TimerEvent: {}
[127.386802] (-) TimerEvent: {}
[127.487328] (-) TimerEvent: {}
[127.587817] (-) TimerEvent: {}
[127.688287] (-) TimerEvent: {}
[127.788740] (-) TimerEvent: {}
[127.889203] (-) TimerEvent: {}
[127.989653] (-) TimerEvent: {}
[128.090108] (-) TimerEvent: {}
[128.190547] (-) TimerEvent: {}
[128.290994] (-) TimerEvent: {}
[128.391429] (-) TimerEvent: {}
[128.491914] (-) TimerEvent: {}
[128.592369] (-) TimerEvent: {}
[128.692805] (-) TimerEvent: {}
[128.793240] (-) TimerEvent: {}
[128.893681] (-) TimerEvent: {}
[128.994109] (-) TimerEvent: {}
[129.094544] (-) TimerEvent: {}
[129.194983] (-) TimerEvent: {}
[129.295462] (-) TimerEvent: {}
[129.395898] (-) TimerEvent: {}
[129.496322] (-) TimerEvent: {}
[129.596768] (-) TimerEvent: {}
[129.697317] (-) TimerEvent: {}
[129.797772] (-) TimerEvent: {}
[129.898277] (-) TimerEvent: {}
[129.998747] (-) TimerEvent: {}
[130.099197] (-) TimerEvent: {}
[130.199647] (-) TimerEvent: {}
[130.300111] (-) TimerEvent: {}
[130.400573] (-) TimerEvent: {}
[130.501031] (-) TimerEvent: {}
[130.601470] (-) TimerEvent: {}
[130.701917] (-) TimerEvent: {}
[130.802348] (-) TimerEvent: {}
[130.902784] (-) TimerEvent: {}
[131.003224] (-) TimerEvent: {}
[131.103668] (-) TimerEvent: {}
[131.204116] (-) TimerEvent: {}
[131.304563] (-) TimerEvent: {}
[131.404966] (-) TimerEvent: {}
[131.505407] (-) TimerEvent: {}
[131.605874] (-) TimerEvent: {}
[131.706335] (-) TimerEvent: {}
[131.806790] (-) TimerEvent: {}
[131.907246] (-) TimerEvent: {}
[132.007727] (-) TimerEvent: {}
[132.108158] (-) TimerEvent: {}
[132.208615] (-) TimerEvent: {}
[132.309088] (-) TimerEvent: {}
[132.409639] (-) TimerEvent: {}
[132.510151] (-) TimerEvent: {}
[132.610606] (-) TimerEvent: {}
[132.711103] (-) TimerEvent: {}
[132.811728] (-) TimerEvent: {}
[132.912240] (-) TimerEvent: {}
[133.012693] (-) TimerEvent: {}
[133.113239] (-) TimerEvent: {}
[133.213731] (-) TimerEvent: {}
[133.314179] (-) TimerEvent: {}
[133.414627] (-) TimerEvent: {}
[133.515077] (-) TimerEvent: {}
[133.615629] (-) TimerEvent: {}
[133.716110] (-) TimerEvent: {}
[133.816554] (-) TimerEvent: {}
[133.917001] (-) TimerEvent: {}
[134.017457] (-) TimerEvent: {}
[134.117892] (-) TimerEvent: {}
[134.218380] (-) TimerEvent: {}
[134.318826] (-) TimerEvent: {}
[134.419399] (-) TimerEvent: {}
[134.519908] (-) TimerEvent: {}
[134.620388] (-) TimerEvent: {}
[134.720824] (-) TimerEvent: {}
[134.821260] (-) TimerEvent: {}
[134.921728] (-) TimerEvent: {}
[135.022175] (-) TimerEvent: {}
[135.122628] (-) TimerEvent: {}
[135.223121] (-) TimerEvent: {}
[135.323667] (-) TimerEvent: {}
[135.424133] (-) TimerEvent: {}
[135.524585] (-) TimerEvent: {}
[135.625017] (-) TimerEvent: {}
[135.725447] (-) TimerEvent: {}
[135.825902] (-) TimerEvent: {}
[135.926349] (-) TimerEvent: {}
[136.026790] (-) TimerEvent: {}
[136.127238] (-) TimerEvent: {}
[136.227701] (-) TimerEvent: {}
[136.328133] (-) TimerEvent: {}
[136.428566] (-) TimerEvent: {}
[136.529032] (-) TimerEvent: {}
[136.629480] (-) TimerEvent: {}
[136.729914] (-) TimerEvent: {}
[136.830342] (-) TimerEvent: {}
[136.930786] (-) TimerEvent: {}
[137.031236] (-) TimerEvent: {}
[137.131687] (-) TimerEvent: {}
[137.232134] (-) TimerEvent: {}
[137.332575] (-) TimerEvent: {}
[137.433025] (-) TimerEvent: {}
[137.533466] (-) TimerEvent: {}
[137.633906] (-) TimerEvent: {}
[137.734358] (-) TimerEvent: {}
[137.834808] (-) TimerEvent: {}
[137.935274] (-) TimerEvent: {}
[138.035795] (-) TimerEvent: {}
[138.136223] (-) TimerEvent: {}
[138.236687] (-) TimerEvent: {}
[138.337154] (-) TimerEvent: {}
[138.437627] (-) TimerEvent: {}
[138.538070] (-) TimerEvent: {}
[138.638532] (-) TimerEvent: {}
[138.738973] (-) TimerEvent: {}
[138.839408] (-) TimerEvent: {}
[138.939889] (-) TimerEvent: {}
[139.040338] (-) TimerEvent: {}
[139.140801] (-) TimerEvent: {}
[139.241260] (-) TimerEvent: {}
[139.341794] (-) TimerEvent: {}
[139.442283] (-) TimerEvent: {}
[139.542799] (-) TimerEvent: {}
[139.643354] (-) TimerEvent: {}
[139.743828] (-) TimerEvent: {}
[139.844305] (-) TimerEvent: {}
[139.944758] (-) TimerEvent: {}
[140.045240] (-) TimerEvent: {}
[140.145793] (-) TimerEvent: {}
[140.246284] (-) TimerEvent: {}
[140.346737] (-) TimerEvent: {}
[140.447234] (-) TimerEvent: {}
[140.547718] (-) TimerEvent: {}
[140.648163] (-) TimerEvent: {}
[140.748604] (-) TimerEvent: {}
[140.849050] (-) TimerEvent: {}
[140.949501] (-) TimerEvent: {}
[141.049953] (-) TimerEvent: {}
[141.150386] (-) TimerEvent: {}
[141.250847] (-) TimerEvent: {}
[141.351300] (-) TimerEvent: {}
[141.451775] (-) TimerEvent: {}
[141.552212] (-) TimerEvent: {}
[141.652656] (-) TimerEvent: {}
[141.753087] (-) TimerEvent: {}
[141.853533] (-) TimerEvent: {}
[141.953975] (-) TimerEvent: {}
[142.054409] (-) TimerEvent: {}
[142.154855] (-) TimerEvent: {}
[142.255315] (-) TimerEvent: {}
[142.355786] (-) TimerEvent: {}
[142.456232] (-) TimerEvent: {}
[142.556681] (-) TimerEvent: {}
[142.657164] (-) TimerEvent: {}
[142.757600] (-) TimerEvent: {}
[142.858044] (-) TimerEvent: {}
[142.958478] (-) TimerEvent: {}
[143.063103] (-) TimerEvent: {}
[143.163567] (-) TimerEvent: {}
[143.264016] (-) TimerEvent: {}
[143.364453] (-) TimerEvent: {}
[143.464894] (-) TimerEvent: {}
[143.565327] (-) TimerEvent: {}
[143.665870] (-) TimerEvent: {}
[143.766540] (-) TimerEvent: {}
[143.866995] (-) TimerEvent: {}
[143.967474] (-) TimerEvent: {}
[144.067922] (-) TimerEvent: {}
[144.168354] (-) TimerEvent: {}
[144.268806] (-) TimerEvent: {}
[144.369252] (-) TimerEvent: {}
[144.469671] (-) TimerEvent: {}
[144.570142] (-) TimerEvent: {}
[144.670588] (-) TimerEvent: {}
[144.771052] (-) TimerEvent: {}
[144.871538] (-) TimerEvent: {}
[144.971974] (-) TimerEvent: {}
[145.072431] (-) TimerEvent: {}
[145.172884] (-) TimerEvent: {}
[145.273324] (-) TimerEvent: {}
[145.373799] (-) TimerEvent: {}
[145.474259] (-) TimerEvent: {}
[145.574686] (-) TimerEvent: {}
[145.675144] (-) TimerEvent: {}
[145.775616] (-) TimerEvent: {}
[145.876012] (-) TimerEvent: {}
[145.976473] (-) TimerEvent: {}
[146.076931] (-) TimerEvent: {}
[146.177412] (-) TimerEvent: {}
[146.277884] (-) TimerEvent: {}
[146.378316] (-) TimerEvent: {}
[146.478757] (-) TimerEvent: {}
[146.579219] (-) TimerEvent: {}
[146.679707] (-) TimerEvent: {}
[146.780179] (-) TimerEvent: {}
[146.880603] (-) TimerEvent: {}
[146.981058] (-) TimerEvent: {}
[147.081531] (-) TimerEvent: {}
[147.182042] (-) TimerEvent: {}
[147.282480] (-) TimerEvent: {}
[147.382919] (-) TimerEvent: {}
[147.483494] (-) TimerEvent: {}
[147.583985] (-) TimerEvent: {}
[147.684443] (-) TimerEvent: {}
[147.784898] (-) TimerEvent: {}
[147.885407] (-) TimerEvent: {}
[147.985958] (-) TimerEvent: {}
[148.086483] (-) TimerEvent: {}
[148.186941] (-) TimerEvent: {}
[148.287403] (-) TimerEvent: {}
[148.387859] (-) TimerEvent: {}
[148.488304] (-) TimerEvent: {}
[148.588766] (-) TimerEvent: {}
[148.689221] (-) TimerEvent: {}
[148.789663] (-) TimerEvent: {}
[148.890121] (-) TimerEvent: {}
[148.990587] (-) TimerEvent: {}
[149.091015] (-) TimerEvent: {}
[149.191509] (-) TimerEvent: {}
[149.291958] (-) TimerEvent: {}
[149.392408] (-) TimerEvent: {}
[149.492861] (-) TimerEvent: {}
[149.595580] (-) TimerEvent: {}
[149.696048] (-) TimerEvent: {}
[149.796486] (-) TimerEvent: {}
[149.896930] (-) TimerEvent: {}
[149.997363] (-) TimerEvent: {}
[150.097818] (-) TimerEvent: {}
[150.198266] (-) TimerEvent: {}
[150.298719] (-) TimerEvent: {}
[150.399159] (-) TimerEvent: {}
[150.499626] (-) TimerEvent: {}
[150.600087] (-) TimerEvent: {}
[150.700530] (-) TimerEvent: {}
[150.801000] (-) TimerEvent: {}
[150.901531] (-) TimerEvent: {}
[151.001972] (-) TimerEvent: {}
[151.102425] (-) TimerEvent: {}
[151.202842] (-) TimerEvent: {}
[151.303293] (-) TimerEvent: {}
[151.403785] (-) TimerEvent: {}
[151.504229] (-) TimerEvent: {}
[151.604681] (-) TimerEvent: {}
[151.705136] (-) TimerEvent: {}
[151.805591] (-) TimerEvent: {}
[151.906045] (-) TimerEvent: {}
[152.006490] (-) TimerEvent: {}
[152.106960] (-) TimerEvent: {}
[152.207419] (-) TimerEvent: {}
[152.307889] (-) TimerEvent: {}
[152.408409] (-) TimerEvent: {}
[152.508874] (-) TimerEvent: {}
[152.609333] (-) TimerEvent: {}
[152.709787] (-) TimerEvent: {}
[152.810243] (-) TimerEvent: {}
[152.910678] (-) TimerEvent: {}
[153.011141] (-) TimerEvent: {}
[153.111608] (-) TimerEvent: {}
[153.212061] (-) TimerEvent: {}
[153.312517] (-) TimerEvent: {}
[153.412965] (-) TimerEvent: {}
[153.513376] (-) TimerEvent: {}
[153.613789] (-) TimerEvent: {}
[153.714235] (-) TimerEvent: {}
[153.814688] (-) TimerEvent: {}
[153.915141] (-) TimerEvent: {}
[154.015601] (-) TimerEvent: {}
[154.116110] (-) TimerEvent: {}
[154.216540] (-) TimerEvent: {}
[154.316965] (-) TimerEvent: {}
[154.417468] (-) TimerEvent: {}
[154.517931] (-) TimerEvent: {}
[154.618442] (-) TimerEvent: {}
[154.718888] (-) TimerEvent: {}
[154.819409] (-) TimerEvent: {}
[154.919909] (-) TimerEvent: {}
[155.020420] (-) TimerEvent: {}
[155.120886] (-) TimerEvent: {}
[155.221345] (-) TimerEvent: {}
[155.321795] (-) TimerEvent: {}
[155.422234] (-) TimerEvent: {}
[155.522693] (-) TimerEvent: {}
[155.623157] (-) TimerEvent: {}
[155.723611] (-) TimerEvent: {}
[155.824063] (-) TimerEvent: {}
[155.924515] (-) TimerEvent: {}
[156.024963] (-) TimerEvent: {}
[156.125413] (-) TimerEvent: {}
[156.225864] (-) TimerEvent: {}
[156.326317] (-) TimerEvent: {}
[156.426763] (-) TimerEvent: {}
[156.527228] (-) TimerEvent: {}
[156.627787] (-) TimerEvent: {}
[156.728236] (-) TimerEvent: {}
[156.828684] (-) TimerEvent: {}
[156.929127] (-) TimerEvent: {}
[157.029570] (-) TimerEvent: {}
[157.130001] (-) TimerEvent: {}
[157.230436] (-) TimerEvent: {}
[157.330865] (-) TimerEvent: {}
[157.431310] (-) TimerEvent: {}
[157.531781] (-) TimerEvent: {}
[157.632222] (-) TimerEvent: {}
[157.732651] (-) TimerEvent: {}
[157.833088] (-) TimerEvent: {}
[157.933531] (-) TimerEvent: {}
[158.033963] (-) TimerEvent: {}
[158.134424] (-) TimerEvent: {}
[158.234866] (-) TimerEvent: {}
[158.335314] (-) TimerEvent: {}
[158.435796] (-) TimerEvent: {}
[158.536257] (-) TimerEvent: {}
[158.636772] (-) TimerEvent: {}
[158.737224] (-) TimerEvent: {}
[158.837684] (-) TimerEvent: {}
[158.938138] (-) TimerEvent: {}
[159.038600] (-) TimerEvent: {}
[159.139061] (-) TimerEvent: {}
[159.239552] (-) TimerEvent: {}
[159.340008] (-) TimerEvent: {}
[159.440479] (-) TimerEvent: {}
[159.540942] (-) TimerEvent: {}
[159.641486] (-) TimerEvent: {}
[159.741947] (-) TimerEvent: {}
[159.842401] (-) TimerEvent: {}
[159.942863] (-) TimerEvent: {}
[160.043313] (-) TimerEvent: {}
[160.143795] (-) TimerEvent: {}
[160.244241] (-) TimerEvent: {}
[160.344677] (-) TimerEvent: {}
[160.445135] (-) TimerEvent: {}
[160.545595] (-) TimerEvent: {}
[160.646049] (-) TimerEvent: {}
[160.746507] (-) TimerEvent: {}
[160.846971] (-) TimerEvent: {}
[160.947429] (-) TimerEvent: {}
[161.047935] (-) TimerEvent: {}
[161.148379] (-) TimerEvent: {}
[161.248823] (-) TimerEvent: {}
[161.349229] (-) TimerEvent: {}
[161.449691] (-) TimerEvent: {}
[161.550149] (-) TimerEvent: {}
[161.650611] (-) TimerEvent: {}
[161.751064] (-) TimerEvent: {}
[161.851538] (-) TimerEvent: {}
[161.951991] (-) TimerEvent: {}
[162.052443] (-) TimerEvent: {}
[162.152898] (-) TimerEvent: {}
[162.253362] (-) TimerEvent: {}
[162.353821] (-) TimerEvent: {}
[162.454276] (-) TimerEvent: {}
[162.554716] (-) TimerEvent: {}
[162.655154] (-) TimerEvent: {}
[162.755612] (-) TimerEvent: {}
[162.856070] (-) TimerEvent: {}
[162.956522] (-) TimerEvent: {}
[163.056968] (-) TimerEvent: {}
[163.157443] (-) TimerEvent: {}
[163.257921] (-) TimerEvent: {}
[163.358380] (-) TimerEvent: {}
[163.458812] (-) TimerEvent: {}
[163.559297] (-) TimerEvent: {}
[163.659854] (-) TimerEvent: {}
[163.760438] (-) TimerEvent: {}
[163.860907] (-) TimerEvent: {}
[163.961362] (-) TimerEvent: {}
[164.061809] (-) TimerEvent: {}
[164.162284] (-) TimerEvent: {}
[164.262714] (-) TimerEvent: {}
[164.363158] (-) TimerEvent: {}
[164.463611] (-) TimerEvent: {}
[164.564065] (-) TimerEvent: {}
[164.664597] (-) TimerEvent: {}
[164.765053] (-) TimerEvent: {}
[164.865510] (-) TimerEvent: {}
[164.965975] (-) TimerEvent: {}
[165.066443] (-) TimerEvent: {}
[165.166907] (-) TimerEvent: {}
[165.267347] (-) TimerEvent: {}
[165.367840] (-) TimerEvent: {}
[165.468377] (-) TimerEvent: {}
[165.568858] (-) TimerEvent: {}
[165.669433] (-) TimerEvent: {}
[165.769967] (-) TimerEvent: {}
[165.870515] (-) TimerEvent: {}
[165.970957] (-) TimerEvent: {}
[166.071412] (-) TimerEvent: {}
[166.171894] (-) TimerEvent: {}
[166.272347] (-) TimerEvent: {}
[166.372805] (-) TimerEvent: {}
[166.473263] (-) TimerEvent: {}
[166.573737] (-) TimerEvent: {}
[166.674203] (-) TimerEvent: {}
[166.774661] (-) TimerEvent: {}
[166.875112] (-) TimerEvent: {}
[166.975592] (-) TimerEvent: {}
[167.076050] (-) TimerEvent: {}
[167.176518] (-) TimerEvent: {}
[167.276992] (-) TimerEvent: {}
[167.377460] (-) TimerEvent: {}
[167.477883] (-) TimerEvent: {}
[167.578365] (-) TimerEvent: {}
[167.678809] (-) TimerEvent: {}
[167.779263] (-) TimerEvent: {}
[167.879754] (-) TimerEvent: {}
[167.980197] (-) TimerEvent: {}
[168.080657] (-) TimerEvent: {}
[168.181125] (-) TimerEvent: {}
[168.281567] (-) TimerEvent: {}
[168.382030] (-) TimerEvent: {}
[168.482500] (-) TimerEvent: {}
[168.582937] (-) TimerEvent: {}
[168.683392] (-) TimerEvent: {}
[168.783888] (-) TimerEvent: {}
[168.884317] (-) TimerEvent: {}
[168.984759] (-) TimerEvent: {}
[169.085215] (-) TimerEvent: {}
[169.185678] (-) TimerEvent: {}
[169.286141] (-) TimerEvent: {}
[169.386600] (-) TimerEvent: {}
[169.487056] (-) TimerEvent: {}
[169.587556] (-) TimerEvent: {}
[169.688029] (-) TimerEvent: {}
[169.788488] (-) TimerEvent: {}
[169.888927] (-) TimerEvent: {}
[169.989382] (-) TimerEvent: {}
[170.089837] (-) TimerEvent: {}
[170.190253] (-) TimerEvent: {}
[170.290598] (-) TimerEvent: {}
[170.390967] (-) TimerEvent: {}
[170.491307] (-) TimerEvent: {}
[170.591690] (-) TimerEvent: {}
[170.692057] (-) TimerEvent: {}
[170.792429] (-) TimerEvent: {}
[170.892810] (-) TimerEvent: {}
[170.993193] (-) TimerEvent: {}
[171.093584] (-) TimerEvent: {}
[171.193977] (-) TimerEvent: {}
[171.294375] (-) TimerEvent: {}
[171.394761] (-) TimerEvent: {}
[171.495158] (-) TimerEvent: {}
[171.595564] (-) TimerEvent: {}
[171.695960] (-) TimerEvent: {}
[171.744688] (fast_lio) StdoutLine: {'line': b'[ 97%] Linking CXX executable fastlio_mapping\n'}
[171.796138] (-) TimerEvent: {}
[171.896536] (-) TimerEvent: {}
[171.996944] (-) TimerEvent: {}
[172.097368] (-) TimerEvent: {}
[172.197828] (-) TimerEvent: {}
[172.298275] (-) TimerEvent: {}
[172.398733] (-) TimerEvent: {}
[172.499195] (-) TimerEvent: {}
[172.599645] (-) TimerEvent: {}
[172.700102] (-) TimerEvent: {}
[172.800561] (-) TimerEvent: {}
[172.901016] (-) TimerEvent: {}
[173.001466] (-) TimerEvent: {}
[173.101927] (-) TimerEvent: {}
[173.202373] (-) TimerEvent: {}
[173.302827] (-) TimerEvent: {}
[173.403281] (-) TimerEvent: {}
[173.503794] (-) TimerEvent: {}
[173.604262] (-) TimerEvent: {}
[173.704700] (-) TimerEvent: {}
[173.805162] (-) TimerEvent: {}
[173.905616] (-) TimerEvent: {}
[174.006071] (-) TimerEvent: {}
[174.106541] (-) TimerEvent: {}
[174.206994] (-) TimerEvent: {}
[174.307465] (-) TimerEvent: {}
[174.407919] (-) TimerEvent: {}
[174.508370] (-) TimerEvent: {}
[174.608835] (-) TimerEvent: {}
[174.709385] (-) TimerEvent: {}
[174.801032] (fast_lio) StdoutLine: {'line': b'[100%] Built target fastlio_mapping\n'}
[174.809500] (-) TimerEvent: {}
[174.813388] (fast_lio) CommandEnded: {'returncode': 0}
[174.815711] (fast_lio) JobProgress: {'identifier': 'fast_lio', 'progress': 'install'}
[174.824421] (fast_lio) Command: {'cmd': ['/usr/local/bin/cmake', '--install', '/home/seeed/ros2/ws/build/fast_lio'], 'cwd': '/home/seeed/ros2/ws/build/fast_lio', 'env': OrderedDict([('LANGUAGE', 'zh_CN:en'), ('USER', 'seeed'), ('SSH_CLIENT', '10.200.24.83 54331 22'), ('LC_TIME', 'zh_CN.UTF-8'), ('XDG_SESSION_TYPE', 'tty'), ('SHLVL', '0'), ('LD_LIBRARY_PATH', '/home/seeed/ros2/ws/install/livox_ros_driver2/lib:/opt/ros/humble/opt/rviz_ogre_vendor/lib:/opt/ros/humble/lib/aarch64-linux-gnu:/opt/ros/humble/lib'), ('MOTD_SHOWN', 'pam'), ('HOME', '/home/seeed'), ('OLDPWD', '/home/seeed'), ('ROS_PYTHON_VERSION', '3'), ('LC_MONETARY', 'zh_CN.UTF-8'), ('DBUS_SESSION_BUS_ADDRESS', 'unix:path=/run/user/1000/bus'), ('ROS_DISTRO', 'humble'), ('LOGNAME', 'seeed'), ('_', '/usr/bin/colcon'), ('ROS_VERSION', '2'), ('XDG_SESSION_CLASS', 'user'), ('XDG_SESSION_ID', '102'), ('ROS_LOCALHOST_ONLY', '0'), ('PATH', '/opt/ros/humble/bin:/usr/local/sbin:/usr/local/bin:/usr/sbin:/usr/bin:/sbin:/bin:/usr/games:/usr/local/games:/snap/bin'), ('PAPERSIZE', 'a4'), ('LC_ADDRESS', 'zh_CN.UTF-8'), ('XDG_RUNTIME_DIR', '/run/user/1000'), ('DISPLAY', 'localhost:15.0'), ('LANG', 'zh_CN.UTF-8'), ('LC_TELEPHONE', 'zh_CN.UTF-8'), ('AMENT_PREFIX_PATH', '/home/seeed/ros2/ws/install/livox_ros_driver2:/opt/ros/humble'), ('SHELL', '/bin/bash'), ('LC_NAME', 'zh_CN.UTF-8'), ('LC_MEASUREMENT', 'zh_CN.UTF-8'), ('LC_IDENTIFICATION', 'zh_CN.UTF-8'), ('PWD', '/home/seeed/ros2/ws/build/fast_lio'), ('LC_ALL', 'en_US.UTF-8'), ('SSH_CONNECTION', '10.200.24.83 54331 10.200.54.207 22'), ('PYTHONPATH', '/home/seeed/ros2/ws/install/livox_ros_driver2/local/lib/python3.10/dist-packages:/opt/ros/humble/lib/python3.10/site-packages:/opt/ros/humble/local/lib/python3.10/dist-packages'), ('LC_NUMERIC', 'zh_CN.UTF-8'), ('LC_PAPER', 'zh_CN.UTF-8'), ('COLCON', '1'), ('CMAKE_PREFIX_PATH', '/home/seeed/ros2/ws/install/livox_ros_driver2:/opt/ros/humble')]), 'shell': False}
[174.833578] (fast_lio) StdoutLine: {'line': b'-- Install configuration: "Release"\n'}
[174.835113] (fast_lio) StdoutLine: {'line': b'-- Execute custom install script\n'}
[174.836268] (fast_lio) StdoutLine: {'line': b'-- Up-to-date symlink: /home/seeed/ros2/ws/install/fast_lio/share/ament_index/resource_index/rosidl_interfaces/fast_lio\n'}
[174.837635] (fast_lio) StdoutLine: {'line': b'-- Up-to-date symlink: /home/seeed/ros2/ws/install/fast_lio/include/fast_lio/fast_lio/msg/detail/pose6_d__functions.h\n'}
[174.838327] (fast_lio) StdoutLine: {'line': b'-- Up-to-date symlink: /home/seeed/ros2/ws/install/fast_lio/include/fast_lio/fast_lio/msg/detail/pose6_d__struct.h\n'}
[174.838942] (fast_lio) StdoutLine: {'line': b'-- Up-to-date symlink: /home/seeed/ros2/ws/install/fast_lio/include/fast_lio/fast_lio/msg/detail/pose6_d__type_support.h\n'}
[174.839283] (fast_lio) StdoutLine: {'line': b'-- Up-to-date symlink: /home/seeed/ros2/ws/install/fast_lio/include/fast_lio/fast_lio/msg/pose6_d.h\n'}
[174.839494] (fast_lio) StdoutLine: {'line': b'-- Up-to-date symlink: /home/seeed/ros2/ws/install/fast_lio/include/fast_lio/fast_lio/msg/rosidl_generator_c__visibility_control.h\n'}
[174.839804] (fast_lio) StdoutLine: {'line': b'-- Up-to-date symlink: /home/seeed/ros2/ws/install/fast_lio/share/fast_lio/environment/library_path.sh\n'}
[174.839951] (fast_lio) StdoutLine: {'line': b'-- Up-to-date symlink: /home/seeed/ros2/ws/install/fast_lio/share/fast_lio/environment/library_path.dsv\n'}
[174.841005] (fast_lio) StdoutLine: {'line': b'-- Up-to-date symlink: /home/seeed/ros2/ws/install/fast_lio/include/fast_lio/fast_lio/msg/detail/pose6_d__rosidl_typesupport_fastrtps_c.h\n'}
[174.841454] (fast_lio) StdoutLine: {'line': b'-- Up-to-date symlink: /home/seeed/ros2/ws/install/fast_lio/include/fast_lio/fast_lio/msg/rosidl_typesupport_fastrtps_c__visibility_control.h\n'}
[174.842394] (fast_lio) StdoutLine: {'line': b'-- Up-to-date symlink: /home/seeed/ros2/ws/install/fast_lio/include/fast_lio/fast_lio/msg/detail/pose6_d__builder.hpp\n'}
[174.842802] (fast_lio) StdoutLine: {'line': b'-- Up-to-date symlink: /home/seeed/ros2/ws/install/fast_lio/include/fast_lio/fast_lio/msg/detail/pose6_d__struct.hpp\n'}
[174.844008] (fast_lio) StdoutLine: {'line': b'-- Up-to-date symlink: /home/seeed/ros2/ws/install/fast_lio/include/fast_lio/fast_lio/msg/detail/pose6_d__traits.hpp\n'}
[174.844727] (fast_lio) StdoutLine: {'line': b'-- Up-to-date symlink: /home/seeed/ros2/ws/install/fast_lio/include/fast_lio/fast_lio/msg/detail/pose6_d__type_support.hpp\n'}
[174.844919] (fast_lio) StdoutLine: {'line': b'-- Up-to-date symlink: /home/seeed/ros2/ws/install/fast_lio/include/fast_lio/fast_lio/msg/pose6_d.hpp\n'}
[174.845057] (fast_lio) StdoutLine: {'line': b'-- Up-to-date symlink: /home/seeed/ros2/ws/install/fast_lio/include/fast_lio/fast_lio/msg/rosidl_generator_cpp__visibility_control.hpp\n'}
[174.845719] (fast_lio) StdoutLine: {'line': b'-- Up-to-date symlink: /home/seeed/ros2/ws/install/fast_lio/include/fast_lio/fast_lio/msg/detail/pose6_d__rosidl_typesupport_fastrtps_cpp.hpp\n'}
[174.846261] (fast_lio) StdoutLine: {'line': b'-- Up-to-date symlink: /home/seeed/ros2/ws/install/fast_lio/include/fast_lio/fast_lio/msg/rosidl_typesupport_fastrtps_cpp__visibility_control.h\n'}
[174.848193] (fast_lio) StdoutLine: {'line': b'-- Up-to-date symlink: /home/seeed/ros2/ws/install/fast_lio/include/fast_lio/fast_lio/msg/detail/pose6_d__rosidl_typesupport_introspection_c.h\n'}
[174.848471] (fast_lio) StdoutLine: {'line': b'-- Up-to-date symlink: /home/seeed/ros2/ws/install/fast_lio/include/fast_lio/fast_lio/msg/rosidl_typesupport_introspection_c__visibility_control.h\n'}
[174.848796] (fast_lio) StdoutLine: {'line': b'-- Up-to-date symlink: /home/seeed/ros2/ws/install/fast_lio/include/fast_lio/fast_lio/msg/detail/pose6_d__rosidl_typesupport_introspection_cpp.hpp\n'}
[174.849096] (fast_lio) StdoutLine: {'line': b'-- Up-to-date symlink: /home/seeed/ros2/ws/install/fast_lio/share/fast_lio/environment/pythonpath.sh\n'}
[174.849237] (fast_lio) StdoutLine: {'line': b'-- Up-to-date symlink: /home/seeed/ros2/ws/install/fast_lio/share/fast_lio/environment/pythonpath.dsv\n'}
[174.849818] (fast_lio) StdoutLine: {'line': b'-- Up-to-date symlink: /home/seeed/ros2/ws/install/fast_lio/local/lib/python3.10/dist-packages/fast_lio-0.0.0-py3.10.egg-info/PKG-INFO\n'}
[174.850127] (fast_lio) StdoutLine: {'line': b'-- Up-to-date symlink: /home/seeed/ros2/ws/install/fast_lio/local/lib/python3.10/dist-packages/fast_lio-0.0.0-py3.10.egg-info/SOURCES.txt\n'}
[174.850463] (fast_lio) StdoutLine: {'line': b'-- Up-to-date symlink: /home/seeed/ros2/ws/install/fast_lio/local/lib/python3.10/dist-packages/fast_lio-0.0.0-py3.10.egg-info/dependency_links.txt\n'}
[174.850831] (fast_lio) StdoutLine: {'line': b'-- Up-to-date symlink: /home/seeed/ros2/ws/install/fast_lio/local/lib/python3.10/dist-packages/fast_lio-0.0.0-py3.10.egg-info/top_level.txt\n'}
[174.852222] (fast_lio) StdoutLine: {'line': b'-- Up-to-date symlink: /home/seeed/ros2/ws/install/fast_lio/local/lib/python3.10/dist-packages/fast_lio/__init__.py\n'}
[174.852762] (fast_lio) StdoutLine: {'line': b'-- Up-to-date symlink: /home/seeed/ros2/ws/install/fast_lio/local/lib/python3.10/dist-packages/fast_lio/_fast_lio_s.ep.rosidl_typesupport_c.c\n'}
[174.853058] (fast_lio) StdoutLine: {'line': b'-- Up-to-date symlink: /home/seeed/ros2/ws/install/fast_lio/local/lib/python3.10/dist-packages/fast_lio/_fast_lio_s.ep.rosidl_typesupport_fastrtps_c.c\n'}
[174.853341] (fast_lio) StdoutLine: {'line': b'-- Up-to-date symlink: /home/seeed/ros2/ws/install/fast_lio/local/lib/python3.10/dist-packages/fast_lio/_fast_lio_s.ep.rosidl_typesupport_introspection_c.c\n'}
[174.853615] (fast_lio) StdoutLine: {'line': b'-- Up-to-date symlink: /home/seeed/ros2/ws/install/fast_lio/local/lib/python3.10/dist-packages/fast_lio/fast_lio_s__rosidl_typesupport_c.cpython-310-aarch64-linux-gnu.so\n'}
[174.853757] (fast_lio) StdoutLine: {'line': b'-- Up-to-date symlink: /home/seeed/ros2/ws/install/fast_lio/local/lib/python3.10/dist-packages/fast_lio/fast_lio_s__rosidl_typesupport_fastrtps_c.cpython-310-aarch64-linux-gnu.so\n'}
[174.854144] (fast_lio) StdoutLine: {'line': b'-- Up-to-date symlink: /home/seeed/ros2/ws/install/fast_lio/local/lib/python3.10/dist-packages/fast_lio/fast_lio_s__rosidl_typesupport_introspection_c.cpython-310-aarch64-linux-gnu.so\n'}
[174.854276] (fast_lio) StdoutLine: {'line': b'-- Up-to-date symlink: /home/seeed/ros2/ws/install/fast_lio/local/lib/python3.10/dist-packages/fast_lio/libfast_lio__rosidl_generator_py.so\n'}
[174.854544] (fast_lio) StdoutLine: {'line': b'-- Up-to-date symlink: /home/seeed/ros2/ws/install/fast_lio/local/lib/python3.10/dist-packages/fast_lio/msg/__init__.py\n'}
[174.854828] (fast_lio) StdoutLine: {'line': b'-- Up-to-date symlink: /home/seeed/ros2/ws/install/fast_lio/local/lib/python3.10/dist-packages/fast_lio/msg/_pose6_d.py\n'}
[174.855075] (fast_lio) StdoutLine: {'line': b'-- Up-to-date symlink: /home/seeed/ros2/ws/install/fast_lio/local/lib/python3.10/dist-packages/fast_lio/msg/_pose6_d_s.c\n'}
[174.855753] (fast_lio) StdoutLine: {'line': b'-- Up-to-date symlink: /home/seeed/ros2/ws/install/fast_lio/local/lib/python3.10/dist-packages/fast_lio/fast_lio_s__rosidl_typesupport_fastrtps_c.cpython-310-aarch64-linux-gnu.so\n'}
[174.856437] (fast_lio) StdoutLine: {'line': b'-- Up-to-date symlink: /home/seeed/ros2/ws/install/fast_lio/local/lib/python3.10/dist-packages/fast_lio/fast_lio_s__rosidl_typesupport_introspection_c.cpython-310-aarch64-linux-gnu.so\n'}
[174.862181] (fast_lio) StdoutLine: {'line': b'-- Up-to-date symlink: /home/seeed/ros2/ws/install/fast_lio/local/lib/python3.10/dist-packages/fast_lio/fast_lio_s__rosidl_typesupport_c.cpython-310-aarch64-linux-gnu.so\n'}
[174.862916] (fast_lio) StdoutLine: {'line': b'-- Up-to-date symlink: /home/seeed/ros2/ws/install/fast_lio/share/ament_index/resource_index/rust_packages/fast_lio\n'}
[174.863367] (fast_lio) StdoutLine: {'line': b'-- Up-to-date symlink: /home/seeed/ros2/ws/install/fast_lio/share/fast_lio/rust/Cargo.toml\n'}
[174.863545] (fast_lio) StdoutLine: {'line': b'-- Up-to-date symlink: /home/seeed/ros2/ws/install/fast_lio/share/fast_lio/rust/build.rs\n'}
[174.863684] (fast_lio) StdoutLine: {'line': b'-- Up-to-date symlink: /home/seeed/ros2/ws/install/fast_lio/share/fast_lio/rust/src/lib.rs\n'}
[174.863811] (fast_lio) StdoutLine: {'line': b'-- Up-to-date symlink: /home/seeed/ros2/ws/install/fast_lio/share/fast_lio/rust/src/msg.rs\n'}
[174.863935] (fast_lio) StdoutLine: {'line': b'-- Up-to-date symlink: /home/seeed/ros2/ws/install/fast_lio/share/fast_lio/rust/src/msg/rmw.rs\n'}
[174.864206] (fast_lio) StdoutLine: {'line': b'-- Up-to-date symlink: /home/seeed/ros2/ws/install/fast_lio/share/fast_lio/msg/Pose6D.idl\n'}
[174.864339] (fast_lio) StdoutLine: {'line': b'-- Up-to-date symlink: /home/seeed/ros2/ws/install/fast_lio/share/fast_lio/msg/Pose6D.msg\n'}
[174.864470] (fast_lio) StdoutLine: {'line': b'-- Up-to-date symlink: /home/seeed/ros2/ws/install/fast_lio/lib/fast_lio/fastlio_mapping\n'}
[174.864828] (fast_lio) StdoutLine: {'line': b'-- Up-to-date symlink: /home/seeed/ros2/ws/install/fast_lio/share/fast_lio/config/avia.yaml\n'}
[174.864958] (fast_lio) StdoutLine: {'line': b'-- Up-to-date symlink: /home/seeed/ros2/ws/install/fast_lio/share/fast_lio/config/horizon.yaml\n'}
[174.865171] (fast_lio) StdoutLine: {'line': b'-- Up-to-date symlink: /home/seeed/ros2/ws/install/fast_lio/share/fast_lio/config/mid360.yaml\n'}
[174.865292] (fast_lio) StdoutLine: {'line': b'-- Up-to-date symlink: /home/seeed/ros2/ws/install/fast_lio/share/fast_lio/config/mid360.yaml.bak.20260625_211559\n'}
[174.865453] (fast_lio) StdoutLine: {'line': b'-- Up-to-date symlink: /home/seeed/ros2/ws/install/fast_lio/share/fast_lio/config/mid360.yaml.bak.20260626_093929\n'}
[174.865659] (fast_lio) StdoutLine: {'line': b'-- Up-to-date symlink: /home/seeed/ros2/ws/install/fast_lio/share/fast_lio/config/mid360.yaml.bak.disable_timesync_20260626_100616\n'}
[174.865791] (fast_lio) StdoutLine: {'line': b'-- Up-to-date symlink: /home/seeed/ros2/ws/install/fast_lio/share/fast_lio/config/mid360.yaml.bak.fix_drift_20260626_095649\n'}
[174.865997] (fast_lio) StdoutLine: {'line': b'-- Up-to-date symlink: /home/seeed/ros2/ws/install/fast_lio/share/fast_lio/config/ouster64.yaml\n'}
[174.866120] (fast_lio) StdoutLine: {'line': b'-- Up-to-date symlink: /home/seeed/ros2/ws/install/fast_lio/share/fast_lio/config/velodyne.yaml\n'}
[174.866242] (fast_lio) StdoutLine: {'line': b'-- Up-to-date symlink: /home/seeed/ros2/ws/install/fast_lio/share/fast_lio/launch/gdb_debug_example.launch\n'}
[174.866522] (fast_lio) StdoutLine: {'line': b'-- Up-to-date symlink: /home/seeed/ros2/ws/install/fast_lio/share/fast_lio/launch/mapping.launch.py\n'}
[174.867217] (fast_lio) StdoutLine: {'line': b'-- Up-to-date symlink: /home/seeed/ros2/ws/install/fast_lio/share/fast_lio/rviz/fastlio.rviz\n'}
[174.868402] (fast_lio) StdoutLine: {'line': b'-- Up-to-date symlink: /home/seeed/ros2/ws/install/fast_lio/share/ament_index/resource_index/package_run_dependencies/fast_lio\n'}
[174.868747] (fast_lio) StdoutLine: {'line': b'-- Up-to-date symlink: /home/seeed/ros2/ws/install/fast_lio/share/ament_index/resource_index/parent_prefix_path/fast_lio\n'}
[174.869068] (fast_lio) StdoutLine: {'line': b'-- Up-to-date symlink: /home/seeed/ros2/ws/install/fast_lio/share/fast_lio/environment/ament_prefix_path.sh\n'}
[174.869442] (fast_lio) StdoutLine: {'line': b'-- Up-to-date symlink: /home/seeed/ros2/ws/install/fast_lio/share/fast_lio/environment/ament_prefix_path.dsv\n'}
[174.869798] (fast_lio) StdoutLine: {'line': b'-- Up-to-date symlink: /home/seeed/ros2/ws/install/fast_lio/share/fast_lio/environment/path.sh\n'}
[174.870096] (fast_lio) StdoutLine: {'line': b'-- Up-to-date symlink: /home/seeed/ros2/ws/install/fast_lio/share/fast_lio/environment/path.dsv\n'}
[174.870578] (fast_lio) StdoutLine: {'line': b'-- Up-to-date symlink: /home/seeed/ros2/ws/install/fast_lio/share/fast_lio/local_setup.bash\n'}
[174.870759] (fast_lio) StdoutLine: {'line': b'-- Up-to-date symlink: /home/seeed/ros2/ws/install/fast_lio/share/fast_lio/local_setup.sh\n'}
[174.870892] (fast_lio) StdoutLine: {'line': b'-- Up-to-date symlink: /home/seeed/ros2/ws/install/fast_lio/share/fast_lio/local_setup.zsh\n'}
[174.871017] (fast_lio) StdoutLine: {'line': b'-- Up-to-date symlink: /home/seeed/ros2/ws/install/fast_lio/share/fast_lio/local_setup.dsv\n'}
[174.871141] (fast_lio) StdoutLine: {'line': b'-- Symlinking: /home/seeed/ros2/ws/install/fast_lio/share/fast_lio/package.dsv\n'}
[174.876386] (fast_lio) StdoutLine: {'line': b'-- Up-to-date symlink: /home/seeed/ros2/ws/install/fast_lio/share/ament_index/resource_index/packages/fast_lio\n'}
[174.877153] (fast_lio) StdoutLine: {'line': b'-- Up-to-date symlink: /home/seeed/ros2/ws/install/fast_lio/share/fast_lio/cmake/rosidl_cmake-extras.cmake\n'}
[174.878388] (fast_lio) StdoutLine: {'line': b'-- Up-to-date symlink: /home/seeed/ros2/ws/install/fast_lio/share/fast_lio/cmake/ament_cmake_export_include_directories-extras.cmake\n'}
[174.879050] (fast_lio) StdoutLine: {'line': b'-- Up-to-date symlink: /home/seeed/ros2/ws/install/fast_lio/share/fast_lio/cmake/ament_cmake_export_libraries-extras.cmake\n'}
[174.879369] (fast_lio) StdoutLine: {'line': b'-- Up-to-date symlink: /home/seeed/ros2/ws/install/fast_lio/share/fast_lio/cmake/ament_cmake_export_targets-extras.cmake\n'}
[174.879689] (fast_lio) StdoutLine: {'line': b'-- Up-to-date symlink: /home/seeed/ros2/ws/install/fast_lio/share/fast_lio/cmake/rosidl_cmake_export_typesupport_targets-extras.cmake\n'}
[174.880046] (fast_lio) StdoutLine: {'line': b'-- Up-to-date symlink: /home/seeed/ros2/ws/install/fast_lio/share/fast_lio/cmake/ament_cmake_export_dependencies-extras.cmake\n'}
[174.880367] (fast_lio) StdoutLine: {'line': b'-- Up-to-date symlink: /home/seeed/ros2/ws/install/fast_lio/share/fast_lio/cmake/rosidl_cmake_export_typesupport_libraries-extras.cmake\n'}
[174.880526] (fast_lio) StdoutLine: {'line': b'-- Up-to-date symlink: /home/seeed/ros2/ws/install/fast_lio/share/fast_lio/cmake/fast_lioConfig.cmake\n'}
[174.880818] (fast_lio) StdoutLine: {'line': b'-- Up-to-date symlink: /home/seeed/ros2/ws/install/fast_lio/share/fast_lio/cmake/fast_lioConfig-version.cmake\n'}
[174.880959] (fast_lio) StdoutLine: {'line': b'-- Up-to-date symlink: /home/seeed/ros2/ws/install/fast_lio/share/fast_lio/package.xml\n'}
[174.881148] (fast_lio) StdoutLine: {'line': b'-- Up-to-date: /home/seeed/ros2/ws/install/fast_lio/lib/libfast_lio__rosidl_generator_c.so\n'}
[174.881518] (fast_lio) StdoutLine: {'line': b'-- Up-to-date: /home/seeed/ros2/ws/install/fast_lio/lib/libfast_lio__rosidl_typesupport_fastrtps_c.so\n'}
[174.881915] (fast_lio) StdoutLine: {'line': b'-- Up-to-date: /home/seeed/ros2/ws/install/fast_lio/lib/libfast_lio__rosidl_typesupport_fastrtps_cpp.so\n'}
[174.882164] (fast_lio) StdoutLine: {'line': b'-- Up-to-date: /home/seeed/ros2/ws/install/fast_lio/lib/libfast_lio__rosidl_typesupport_introspection_c.so\n'}
[174.882303] (fast_lio) StdoutLine: {'line': b'-- Up-to-date: /home/seeed/ros2/ws/install/fast_lio/lib/libfast_lio__rosidl_typesupport_c.so\n'}
[174.883204] (fast_lio) StdoutLine: {'line': b'-- Up-to-date: /home/seeed/ros2/ws/install/fast_lio/lib/libfast_lio__rosidl_typesupport_introspection_cpp.so\n'}
[174.883462] (fast_lio) StdoutLine: {'line': b'-- Up-to-date: /home/seeed/ros2/ws/install/fast_lio/lib/libfast_lio__rosidl_typesupport_cpp.so\n'}
[174.909713] (-) TimerEvent: {}
[174.956295] (fast_lio) StdoutLine: {'line': b"Listing '/home/seeed/ros2/ws/install/fast_lio/local/lib/python3.10/dist-packages/fast_lio'...\n"}
[174.956787] (fast_lio) StdoutLine: {'line': b"Listing '/home/seeed/ros2/ws/install/fast_lio/local/lib/python3.10/dist-packages/fast_lio/msg'...\n"}
[174.969009] (fast_lio) StdoutLine: {'line': b'-- Up-to-date: /home/seeed/ros2/ws/install/fast_lio/lib/libfast_lio__rosidl_generator_py.so\n'}
[174.969849] (fast_lio) StdoutLine: {'line': b'-- Up-to-date: /home/seeed/ros2/ws/install/fast_lio/share/fast_lio/cmake/export_fast_lio__rosidl_generator_cExport.cmake\n'}
[174.970113] (fast_lio) StdoutLine: {'line': b'-- Up-to-date: /home/seeed/ros2/ws/install/fast_lio/share/fast_lio/cmake/export_fast_lio__rosidl_generator_cExport-release.cmake\n'}
[174.970441] (fast_lio) StdoutLine: {'line': b'-- Up-to-date: /home/seeed/ros2/ws/install/fast_lio/share/fast_lio/cmake/export_fast_lio__rosidl_typesupport_fastrtps_cExport.cmake\n'}
[174.970627] (fast_lio) StdoutLine: {'line': b'-- Up-to-date: /home/seeed/ros2/ws/install/fast_lio/share/fast_lio/cmake/export_fast_lio__rosidl_typesupport_fastrtps_cExport-release.cmake\n'}
[174.970766] (fast_lio) StdoutLine: {'line': b'-- Up-to-date: /home/seeed/ros2/ws/install/fast_lio/share/fast_lio/cmake/export_fast_lio__rosidl_generator_cppExport.cmake\n'}
[174.970934] (fast_lio) StdoutLine: {'line': b'-- Up-to-date: /home/seeed/ros2/ws/install/fast_lio/share/fast_lio/cmake/export_fast_lio__rosidl_typesupport_fastrtps_cppExport.cmake\n'}
[174.971062] (fast_lio) StdoutLine: {'line': b'-- Up-to-date: /home/seeed/ros2/ws/install/fast_lio/share/fast_lio/cmake/export_fast_lio__rosidl_typesupport_fastrtps_cppExport-release.cmake\n'}
[174.971423] (fast_lio) StdoutLine: {'line': b'-- Up-to-date: /home/seeed/ros2/ws/install/fast_lio/share/fast_lio/cmake/fast_lio__rosidl_typesupport_introspection_cExport.cmake\n'}
[174.971858] (fast_lio) StdoutLine: {'line': b'-- Up-to-date: /home/seeed/ros2/ws/install/fast_lio/share/fast_lio/cmake/fast_lio__rosidl_typesupport_introspection_cExport-release.cmake\n'}
[174.972201] (fast_lio) StdoutLine: {'line': b'-- Up-to-date: /home/seeed/ros2/ws/install/fast_lio/share/fast_lio/cmake/fast_lio__rosidl_typesupport_cExport.cmake\n'}
[174.972351] (fast_lio) StdoutLine: {'line': b'-- Up-to-date: /home/seeed/ros2/ws/install/fast_lio/share/fast_lio/cmake/fast_lio__rosidl_typesupport_cExport-release.cmake\n'}
[174.972490] (fast_lio) StdoutLine: {'line': b'-- Up-to-date: /home/seeed/ros2/ws/install/fast_lio/share/fast_lio/cmake/fast_lio__rosidl_typesupport_introspection_cppExport.cmake\n'}
[174.972651] (fast_lio) StdoutLine: {'line': b'-- Up-to-date: /home/seeed/ros2/ws/install/fast_lio/share/fast_lio/cmake/fast_lio__rosidl_typesupport_introspection_cppExport-release.cmake\n'}
[174.972792] (fast_lio) StdoutLine: {'line': b'-- Up-to-date: /home/seeed/ros2/ws/install/fast_lio/share/fast_lio/cmake/fast_lio__rosidl_typesupport_cppExport.cmake\n'}
[174.972920] (fast_lio) StdoutLine: {'line': b'-- Up-to-date: /home/seeed/ros2/ws/install/fast_lio/share/fast_lio/cmake/fast_lio__rosidl_typesupport_cppExport-release.cmake\n'}
[174.973042] (fast_lio) StdoutLine: {'line': b'-- Up-to-date: /home/seeed/ros2/ws/install/fast_lio/share/fast_lio/cmake/export_fast_lio__rosidl_generator_pyExport.cmake\n'}
[174.973184] (fast_lio) StdoutLine: {'line': b'-- Up-to-date: /home/seeed/ros2/ws/install/fast_lio/share/fast_lio/cmake/export_fast_lio__rosidl_generator_pyExport-release.cmake\n'}
[174.975986] (fast_lio) CommandEnded: {'returncode': 0}
[175.010909] (-) TimerEvent: {}
[175.041244] (fast_lio) JobEnded: {'identifier': 'fast_lio', 'rc': 0}
[175.043042] (-) EventReactorShutdown: {}
