[0.065s] Invoking command in '/home/seeed/ros2/ws/build/pcd_ndt_localization': CMAKE_PREFIX_PATH=/opt/ros/humble /usr/local/bin/cmake --build /home/seeed/ros2/ws/build/pcd_ndt_localization -- -j6 -l6
[0.401s] [ 25%] Building CXX object CMakeFiles/pcd_ndt_localizer.dir/src/pcd_ndt_localizer.cpp.o
[211.189s] [ 50%] Linking CXX executable pcd_ndt_localizer
[217.825s] [ 50%] Built target pcd_ndt_localizer
[217.964s] [100%] Built target pcd_occupancy_grid_publisher
[217.978s] Invoked command in '/home/seeed/ros2/ws/build/pcd_ndt_localization' returned '0': CMAKE_PREFIX_PATH=/opt/ros/humble /usr/local/bin/cmake --build /home/seeed/ros2/ws/build/pcd_ndt_localization -- -j6 -l6
[217.990s] Invoking command in '/home/seeed/ros2/ws/build/pcd_ndt_localization': CMAKE_PREFIX_PATH=/opt/ros/humble /usr/local/bin/cmake --install /home/seeed/ros2/ws/build/pcd_ndt_localization
[218.000s] -- Install configuration: "Release"
[218.002s] -- Execute custom install script
[218.005s] -- Up-to-date symlink: /home/seeed/ros2/ws/install/pcd_ndt_localization/lib/pcd_ndt_localization/pcd_ndt_localizer
[218.006s] -- Up-to-date symlink: /home/seeed/ros2/ws/install/pcd_ndt_localization/lib/pcd_ndt_localization/pcd_occupancy_grid_publisher
[218.008s] -- Up-to-date symlink: /home/seeed/ros2/ws/install/pcd_ndt_localization/share/pcd_ndt_localization/config/ndt_localization.yaml
[218.011s] -- Up-to-date symlink: /home/seeed/ros2/ws/install/pcd_ndt_localization/share/pcd_ndt_localization/launch/localization.launch.py
[218.013s] -- Up-to-date symlink: /home/seeed/ros2/ws/install/pcd_ndt_localization/share/ament_index/resource_index/package_run_dependencies/pcd_ndt_localization
[218.014s] -- Up-to-date symlink: /home/seeed/ros2/ws/install/pcd_ndt_localization/share/ament_index/resource_index/parent_prefix_path/pcd_ndt_localization
[218.016s] -- Up-to-date symlink: /home/seeed/ros2/ws/install/pcd_ndt_localization/share/pcd_ndt_localization/environment/ament_prefix_path.sh
[218.017s] -- Up-to-date symlink: /home/seeed/ros2/ws/install/pcd_ndt_localization/share/pcd_ndt_localization/environment/ament_prefix_path.dsv
[218.018s] -- Up-to-date symlink: /home/seeed/ros2/ws/install/pcd_ndt_localization/share/pcd_ndt_localization/environment/path.sh
[218.021s] -- Up-to-date symlink: /home/seeed/ros2/ws/install/pcd_ndt_localization/share/pcd_ndt_localization/environment/path.dsv
[218.022s] -- Up-to-date symlink: /home/seeed/ros2/ws/install/pcd_ndt_localization/share/pcd_ndt_localization/local_setup.bash
[218.023s] -- Up-to-date symlink: /home/seeed/ros2/ws/install/pcd_ndt_localization/share/pcd_ndt_localization/local_setup.sh
[218.025s] -- Up-to-date symlink: /home/seeed/ros2/ws/install/pcd_ndt_localization/share/pcd_ndt_localization/local_setup.zsh
[218.026s] -- Up-to-date symlink: /home/seeed/ros2/ws/install/pcd_ndt_localization/share/pcd_ndt_localization/local_setup.dsv
[218.027s] -- Symlinking: /home/seeed/ros2/ws/install/pcd_ndt_localization/share/pcd_ndt_localization/package.dsv
[218.038s] -- Up-to-date symlink: /home/seeed/ros2/ws/install/pcd_ndt_localization/share/ament_index/resource_index/packages/pcd_ndt_localization
[218.039s] -- Up-to-date symlink: /home/seeed/ros2/ws/install/pcd_ndt_localization/share/pcd_ndt_localization/cmake/pcd_ndt_localizationConfig.cmake
[218.039s] -- Up-to-date symlink: /home/seeed/ros2/ws/install/pcd_ndt_localization/share/pcd_ndt_localization/cmake/pcd_ndt_localizationConfig-version.cmake
[218.040s] -- Up-to-date symlink: /home/seeed/ros2/ws/install/pcd_ndt_localization/share/pcd_ndt_localization/package.xml
[218.047s] Invoked command in '/home/seeed/ros2/ws/build/pcd_ndt_localization' returned '0': CMAKE_PREFIX_PATH=/opt/ros/humble /usr/local/bin/cmake --install /home/seeed/ros2/ws/build/pcd_ndt_localization
