[0.030s] Invoking command in '/home/seeed/ros2/ws/build/nav_tf_bridge': CMAKE_PREFIX_PATH=/opt/ros/humble /usr/local/bin/cmake /home/seeed/ros2/ws/src/nav_tf_bridge -DCMAKE_BUILD_TYPE=Release -DCMAKE_INSTALL_PREFIX=/home/seeed/ros2/ws/install/nav_tf_bridge
[0.089s] -- Found ament_cmake: 1.3.14 (/opt/ros/humble/share/ament_cmake/cmake)
[0.572s] -- Override CMake install command with custom implementation using symlinks instead of copying resources
[0.610s] -- Found geometry_msgs: 4.9.1 (/opt/ros/humble/share/geometry_msgs/cmake)
[0.695s] -- Found rosidl_generator_c: 3.1.8 (/opt/ros/humble/share/rosidl_generator_c/cmake)
[0.711s] -- Found rosidl_adapter: 3.1.8 (/opt/ros/humble/share/rosidl_adapter/cmake)
[0.728s] -- Found rosidl_generator_cpp: 3.1.8 (/opt/ros/humble/share/rosidl_generator_cpp/cmake)
[0.761s] -- Using all available rosidl_typesupport_c: rosidl_typesupport_fastrtps_c;rosidl_typesupport_introspection_c
[0.801s] -- Using all available rosidl_typesupport_cpp: rosidl_typesupport_fastrtps_cpp;rosidl_typesupport_introspection_cpp
[0.919s] -- Found nav_msgs: 4.9.1 (/opt/ros/humble/share/nav_msgs/cmake)
[0.970s] -- Found rclcpp: 16.0.19 (/opt/ros/humble/share/rclcpp/cmake)
[1.059s] -- Found rmw_implementation_cmake: 6.1.2 (/opt/ros/humble/share/rmw_implementation_cmake/cmake)
[1.063s] -- Found rmw_fastrtps_cpp: 6.2.10 (/opt/ros/humble/share/rmw_fastrtps_cpp/cmake)
[1.338s] -- Using RMW implementation 'rmw_fastrtps_cpp' as default
[1.474s] -- Found tf2: 0.25.20 (/opt/ros/humble/share/tf2/cmake)
[1.488s] -- Found tf2_geometry_msgs: 0.25.20 (/opt/ros/humble/share/tf2_geometry_msgs/cmake)
[1.501s] -- Found eigen3_cmake_module: 0.1.1 (/opt/ros/humble/share/eigen3_cmake_module/cmake)
[1.506s] -- Ensuring Eigen3 include directory is part of orocos-kdl CMake target
[1.984s] -- Configuring done (1.9s)
[2.048s] -- Generating done (0.0s)
[2.061s] -- Build files have been written to: /home/seeed/ros2/ws/build/nav_tf_bridge
[2.088s] Invoked command in '/home/seeed/ros2/ws/build/nav_tf_bridge' returned '0': CMAKE_PREFIX_PATH=/opt/ros/humble /usr/local/bin/cmake /home/seeed/ros2/ws/src/nav_tf_bridge -DCMAKE_BUILD_TYPE=Release -DCMAKE_INSTALL_PREFIX=/home/seeed/ros2/ws/install/nav_tf_bridge
[2.093s] Invoking command in '/home/seeed/ros2/ws/build/nav_tf_bridge': CMAKE_PREFIX_PATH=/opt/ros/humble /usr/local/bin/cmake --build /home/seeed/ros2/ws/build/nav_tf_bridge -- -j6 -l6
[2.187s] [ 50%] Building CXX object CMakeFiles/map_odom_tf_bridge.dir/src/map_odom_tf_bridge.cpp.o
[42.750s] [100%] Linking CXX executable map_odom_tf_bridge
[43.225s] [100%] Built target map_odom_tf_bridge
[43.238s] Invoked command in '/home/seeed/ros2/ws/build/nav_tf_bridge' returned '0': CMAKE_PREFIX_PATH=/opt/ros/humble /usr/local/bin/cmake --build /home/seeed/ros2/ws/build/nav_tf_bridge -- -j6 -l6
[43.246s] Invoking command in '/home/seeed/ros2/ws/build/nav_tf_bridge': CMAKE_PREFIX_PATH=/opt/ros/humble /usr/local/bin/cmake --install /home/seeed/ros2/ws/build/nav_tf_bridge
[43.250s] -- Install configuration: "Release"
[43.251s] -- Execute custom install script
[43.251s] -- Up-to-date symlink: /home/seeed/ros2/ws/install/nav_tf_bridge/lib/nav_tf_bridge/map_odom_tf_bridge
[43.252s] -- Up-to-date symlink: /home/seeed/ros2/ws/install/nav_tf_bridge/share/ament_index/resource_index/package_run_dependencies/nav_tf_bridge
[43.253s] -- Up-to-date symlink: /home/seeed/ros2/ws/install/nav_tf_bridge/share/ament_index/resource_index/parent_prefix_path/nav_tf_bridge
[43.254s] -- Up-to-date symlink: /home/seeed/ros2/ws/install/nav_tf_bridge/share/nav_tf_bridge/environment/ament_prefix_path.sh
[43.255s] -- Up-to-date symlink: /home/seeed/ros2/ws/install/nav_tf_bridge/share/nav_tf_bridge/environment/ament_prefix_path.dsv
[43.256s] -- Up-to-date symlink: /home/seeed/ros2/ws/install/nav_tf_bridge/share/nav_tf_bridge/environment/path.sh
[43.256s] -- Up-to-date symlink: /home/seeed/ros2/ws/install/nav_tf_bridge/share/nav_tf_bridge/environment/path.dsv
[43.257s] -- Up-to-date symlink: /home/seeed/ros2/ws/install/nav_tf_bridge/share/nav_tf_bridge/local_setup.bash
[43.257s] -- Up-to-date symlink: /home/seeed/ros2/ws/install/nav_tf_bridge/share/nav_tf_bridge/local_setup.sh
[43.258s] -- Up-to-date symlink: /home/seeed/ros2/ws/install/nav_tf_bridge/share/nav_tf_bridge/local_setup.zsh
[43.258s] -- Up-to-date symlink: /home/seeed/ros2/ws/install/nav_tf_bridge/share/nav_tf_bridge/local_setup.dsv
[43.258s] -- Symlinking: /home/seeed/ros2/ws/install/nav_tf_bridge/share/nav_tf_bridge/package.dsv
[43.263s] -- Up-to-date symlink: /home/seeed/ros2/ws/install/nav_tf_bridge/share/ament_index/resource_index/packages/nav_tf_bridge
[43.264s] -- Up-to-date symlink: /home/seeed/ros2/ws/install/nav_tf_bridge/share/nav_tf_bridge/cmake/nav_tf_bridgeConfig.cmake
[43.265s] -- Up-to-date symlink: /home/seeed/ros2/ws/install/nav_tf_bridge/share/nav_tf_bridge/cmake/nav_tf_bridgeConfig-version.cmake
[43.265s] -- Up-to-date symlink: /home/seeed/ros2/ws/install/nav_tf_bridge/share/nav_tf_bridge/package.xml
[43.268s] Invoked command in '/home/seeed/ros2/ws/build/nav_tf_bridge' returned '0': CMAKE_PREFIX_PATH=/opt/ros/humble /usr/local/bin/cmake --install /home/seeed/ros2/ws/build/nav_tf_bridge
