[0.000000] (-) TimerEvent: {}
[0.000321] (-) JobUnselected: {'identifier': 'fast_lio'}
[0.000644] (-) JobUnselected: {'identifier': 'livox_ros_driver2'}
[0.001299] (-) JobUnselected: {'identifier': 'ranger_base'}
[0.001640] (-) JobUnselected: {'identifier': 'ranger_bringup'}
[0.001940] (-) JobUnselected: {'identifier': 'ranger_msgs'}
[0.002068] (-) JobUnselected: {'identifier': 'ugv_sdk'}
[0.002166] (-) JobUnselected: {'identifier': 'vikit_common'}
[0.002257] (-) JobUnselected: {'identifier': 'vikit_ros'}
[0.002358] (pcd_ndt_localization) JobQueued: {'identifier': 'pcd_ndt_localization', 'dependencies': OrderedDict()}
[0.002463] (pcd_ndt_localization) JobStarted: {'identifier': 'pcd_ndt_localization'}
[0.023092] (pcd_ndt_localization) JobProgress: {'identifier': 'pcd_ndt_localization', 'progress': 'cmake'}
[0.025513] (pcd_ndt_localization) JobProgress: {'identifier': 'pcd_ndt_localization', 'progress': 'build'}
[0.027561] (pcd_ndt_localization) Command: {'cmd': ['/usr/local/bin/cmake', '--build', '/home/seeed/ros2/ws/build/pcd_ndt_localization', '--', '-j6', '-l6'], 'cwd': '/home/seeed/ros2/ws/build/pcd_ndt_localization', 'env': OrderedDict([('LANGUAGE', 'zh_CN:en'), ('USER', 'seeed'), ('SSH_CLIENT', '10.200.24.83 44339 22'), ('LC_TIME', 'zh_CN.UTF-8'), ('ROS_PACKAGE_PATH', '/home/seeed/ros2/ws/install/vikit_common/share:/home/seeed/ros2/ws/install/ugv_sdk/share'), ('XDG_SESSION_TYPE', 'tty'), ('SHLVL', '0'), ('LD_LIBRARY_PATH', '/home/seeed/ros2/ws/install/vikit_ros/lib:/home/seeed/ros2/ws/install/vikit_common/lib:/home/seeed/ros2/ws/install/ranger_msgs/lib:/home/seeed/ros2/ws/install/fast_lio/lib:/home/seeed/ros2/ws/install/livox_ros_driver2/lib:/opt/ros/humble/opt/rviz_ogre_vendor/lib:/opt/ros/humble/lib/aarch64-linux-gnu:/opt/ros/humble/lib'), ('MOTD_SHOWN', 'pam'), ('HOME', '/home/seeed'), ('OLDPWD', '/home/seeed'), ('ROS_PYTHON_VERSION', '3'), ('LC_MONETARY', 'zh_CN.UTF-8'), ('ROS_IP', '10.200.54.207'), ('LC_CTYPE', 'C.UTF-8'), ('DBUS_SESSION_BUS_ADDRESS', 'unix:path=/run/user/1000/bus'), ('COLCON_PREFIX_PATH', '/home/seeed/ros2/ws/install'), ('ROS_DISTRO', 'humble'), ('LOGNAME', 'seeed'), ('_', '/usr/bin/colcon'), ('ROS_VERSION', '2'), ('PKG_CONFIG_PATH', '/home/seeed/ros2/ws/install/vikit_common/lib/aarch64-linux-gnu/pkgconfig:/home/seeed/ros2/ws/install/vikit_common/lib/pkgconfig:/home/seeed/ros2/ws/install/ugv_sdk/lib/aarch64-linux-gnu/pkgconfig:/home/seeed/ros2/ws/install/ugv_sdk/lib/pkgconfig'), ('XDG_SESSION_CLASS', 'user'), ('XDG_SESSION_ID', '58'), ('ROS_LOCALHOST_ONLY', '0'), ('PATH', '/opt/ros/humble/bin:/usr/local/sbin:/usr/local/bin:/usr/sbin:/usr/bin:/sbin:/bin:/usr/games:/usr/local/games:/snap/bin'), ('FASTRTPS_DEFAULT_PROFILES_FILE', '/home/seeed/ros2/fastrtps_profile.xml'), ('PAPERSIZE', 'a4'), ('LC_ADDRESS', 'zh_CN.UTF-8'), ('XDG_RUNTIME_DIR', '/run/user/1000'), ('DISPLAY', 'localhost:14.0'), ('LANG', 'zh_CN.UTF-8'), ('LC_TELEPHONE', 'zh_CN.UTF-8'), ('RMW_IMPLEMENTATION', 'rmw_fastrtps_cpp'), ('ROS_DOMAIN_ID', '0'), ('AMENT_PREFIX_PATH', '/home/seeed/ros2/ws/install/vikit_ros:/home/seeed/ros2/ws/install/ranger_base:/home/seeed/ros2/ws/install/ranger_msgs:/home/seeed/ros2/ws/install/ranger_bringup:/home/seeed/ros2/ws/install/pcd_ndt_localization:/home/seeed/ros2/ws/install/fast_lio:/home/seeed/ros2/ws/install/livox_ros_driver2:/opt/ros/humble'), ('SHELL', '/bin/bash'), ('LC_NAME', 'zh_CN.UTF-8'), ('LC_MEASUREMENT', 'zh_CN.UTF-8'), ('LC_IDENTIFICATION', 'zh_CN.UTF-8'), ('PWD', '/home/seeed/ros2/ws/build/pcd_ndt_localization'), ('LC_ALL', 'en_US.UTF-8'), ('SSH_CONNECTION', '10.200.24.83 44339 10.200.54.207 22'), ('XDG_DATA_DIRS', '/usr/share/gnome:/usr/local/share:/usr/share:/var/lib/snapd/desktop'), ('PYTHONPATH', '/home/seeed/ros2/ws/install/ranger_msgs/local/lib/python3.10/dist-packages:/home/seeed/ros2/ws/install/fast_lio/local/lib/python3.10/dist-packages:/home/seeed/ros2/ws/install/livox_ros_driver2/local/lib/python3.10/dist-packages:/opt/ros/humble/lib/python3.10/site-packages:/opt/ros/humble/local/lib/python3.10/dist-packages'), ('LC_NUMERIC', 'zh_CN.UTF-8'), ('LC_PAPER', 'zh_CN.UTF-8'), ('COLCON', '1'), ('CMAKE_PREFIX_PATH', '/home/seeed/ros2/ws/install/vikit_ros:/opt/ros/humble:/home/seeed/ros2/ws/install/vikit_common:/home/seeed/ros2/ws/install/ranger_base:/home/seeed/ros2/ws/install/ugv_sdk:/home/seeed/ros2/ws/install/ranger_msgs:/home/seeed/ros2/ws/install/ranger_bringup:/home/seeed/ros2/ws/install/pcd_ndt_localization:/home/seeed/ros2/ws/install/fast_lio:/home/seeed/ros2/ws/install/livox_ros_driver2')]), 'shell': False}
[0.076882] (pcd_ndt_localization) StdoutLine: {'line': b'-- Found ament_cmake: 1.3.14 (/opt/ros/humble/share/ament_cmake/cmake)\n'}
[0.099056] (-) TimerEvent: {}
[0.199444] (-) TimerEvent: {}
[0.299856] (-) TimerEvent: {}
[0.400362] (-) TimerEvent: {}
[0.500813] (-) TimerEvent: {}
[0.579495] (pcd_ndt_localization) StdoutLine: {'line': b'-- Found geometry_msgs: 4.9.1 (/opt/ros/humble/share/geometry_msgs/cmake)\n'}
[0.600953] (-) TimerEvent: {}
[0.658275] (pcd_ndt_localization) StdoutLine: {'line': b'-- Found rosidl_generator_c: 3.1.8 (/opt/ros/humble/share/rosidl_generator_c/cmake)\n'}
[0.666136] (pcd_ndt_localization) StdoutLine: {'line': b'-- Found rosidl_adapter: 3.1.8 (/opt/ros/humble/share/rosidl_adapter/cmake)\n'}
[0.684704] (pcd_ndt_localization) StdoutLine: {'line': b'-- Found rosidl_generator_cpp: 3.1.8 (/opt/ros/humble/share/rosidl_generator_cpp/cmake)\n'}
[0.701120] (-) TimerEvent: {}
[0.716034] (pcd_ndt_localization) StdoutLine: {'line': b'-- Using all available rosidl_typesupport_c: rosidl_typesupport_fastrtps_c;rosidl_typesupport_introspection_c\n'}
[0.757536] (pcd_ndt_localization) StdoutLine: {'line': b'-- Using all available rosidl_typesupport_cpp: rosidl_typesupport_fastrtps_cpp;rosidl_typesupport_introspection_cpp\n'}
[0.801300] (-) TimerEvent: {}
[0.872123] (pcd_ndt_localization) StdoutLine: {'line': b'-- Found nav_msgs: 4.9.1 (/opt/ros/humble/share/nav_msgs/cmake)\n'}
[0.901479] (-) TimerEvent: {}
[0.940080] (pcd_ndt_localization) StderrLine: {'line': b'CMake Warning (dev) at /usr/lib/aarch64-linux-gnu/cmake/pcl/PCLConfig.cmake:146 (find_package):\n'}
[0.940650] (pcd_ndt_localization) StderrLine: {'line': b'  Policy CMP0144 is not set: find_package uses upper-case <PACKAGENAME>_ROOT\n'}
[0.940873] (pcd_ndt_localization) StderrLine: {'line': b'  variables.  Run "cmake --help-policy CMP0144" for policy details.  Use the\n'}
[0.941049] (pcd_ndt_localization) StderrLine: {'line': b'  cmake_policy command to set the policy and suppress this warning.\n'}
[0.941205] (pcd_ndt_localization) StderrLine: {'line': b'\n'}
[0.941351] (pcd_ndt_localization) StderrLine: {'line': b'  CMake variable EIGEN_ROOT is set to:\n'}
[0.941494] (pcd_ndt_localization) StderrLine: {'line': b'\n'}
[0.941631] (pcd_ndt_localization) StderrLine: {'line': b'    /usr/include/eigen3\n'}
[0.941765] (pcd_ndt_localization) StderrLine: {'line': b'\n'}
[0.941897] (pcd_ndt_localization) StderrLine: {'line': b'  For compatibility, find_package is ignoring the variable, but code in a\n'}
[0.942032] (pcd_ndt_localization) StderrLine: {'line': b'  .cmake module might still use it.\n'}
[0.942169] (pcd_ndt_localization) StderrLine: {'line': b'Call Stack (most recent call first):\n'}
[0.942305] (pcd_ndt_localization) StderrLine: {'line': b'  /usr/lib/aarch64-linux-gnu/cmake/pcl/PCLConfig.cmake:299 (find_eigen)\n'}
[0.942436] (pcd_ndt_localization) StderrLine: {'line': b'  /usr/lib/aarch64-linux-gnu/cmake/pcl/PCLConfig.cmake:543 (find_external_library)\n'}
[0.942570] (pcd_ndt_localization) StderrLine: {'line': b'  CMakeLists.txt:12 (find_package)\n'}
[0.942703] (pcd_ndt_localization) StderrLine: {'line': b'This warning is for project developers.  Use -Wno-dev to suppress it.\n'}
[0.942845] (pcd_ndt_localization) StderrLine: {'line': b'\n'}
[0.953446] (pcd_ndt_localization) StdoutLine: {'line': b'-- Eigen found (include: /usr/include/eigen3, version: 3.4.0)\n'}
[0.981298] (pcd_ndt_localization) StderrLine: {'line': b'CMake Warning (dev) at /usr/lib/aarch64-linux-gnu/cmake/pcl/Modules/FindFLANN.cmake:44 (find_package):\n'}
[0.981690] (pcd_ndt_localization) StderrLine: {'line': b'  Policy CMP0144 is not set: find_package uses upper-case <PACKAGENAME>_ROOT\n'}
[0.982023] (pcd_ndt_localization) StderrLine: {'line': b'  variables.  Run "cmake --help-policy CMP0144" for policy details.  Use the\n'}
[0.982282] (pcd_ndt_localization) StderrLine: {'line': b'  cmake_policy command to set the policy and suppress this warning.\n'}
[0.982524] (pcd_ndt_localization) StderrLine: {'line': b'\n'}
[0.982758] (pcd_ndt_localization) StderrLine: {'line': b'  CMake variable FLANN_ROOT is set to:\n'}
[0.982990] (pcd_ndt_localization) StderrLine: {'line': b'\n'}
[0.983221] (pcd_ndt_localization) StderrLine: {'line': b'    /usr\n'}
[0.983443] (pcd_ndt_localization) StderrLine: {'line': b'\n'}
[0.983665] (pcd_ndt_localization) StderrLine: {'line': b'  For compatibility, find_package is ignoring the variable, but code in a\n'}
[0.983890] (pcd_ndt_localization) StderrLine: {'line': b'  .cmake module might still use it.\n'}
[0.984114] (pcd_ndt_localization) StderrLine: {'line': b'Call Stack (most recent call first):\n'}
[0.984334] (pcd_ndt_localization) StderrLine: {'line': b'  /usr/lib/aarch64-linux-gnu/cmake/pcl/PCLConfig.cmake:256 (find_package)\n'}
[0.984559] (pcd_ndt_localization) StderrLine: {'line': b'  /usr/lib/aarch64-linux-gnu/cmake/pcl/PCLConfig.cmake:301 (find_flann)\n'}
[0.984781] (pcd_ndt_localization) StderrLine: {'line': b'  /usr/lib/aarch64-linux-gnu/cmake/pcl/PCLConfig.cmake:543 (find_external_library)\n'}
[0.985368] (pcd_ndt_localization) StderrLine: {'line': b'  CMakeLists.txt:12 (find_package)\n'}
[0.985630] (pcd_ndt_localization) StderrLine: {'line': b'This warning is for project developers.  Use -Wno-dev to suppress it.\n'}
[0.985842] (pcd_ndt_localization) StderrLine: {'line': b'\n'}
[1.001643] (-) TimerEvent: {}
[1.039168] (pcd_ndt_localization) StdoutLine: {'line': b'-- FLANN found (include: /usr/include, lib: /usr/lib/aarch64-linux-gnu/libflann_cpp.so)\n'}
[1.069208] (pcd_ndt_localization) StdoutLine: {'line': b'-- OpenNI found (version: 1.5.4.0, include: /usr/include/ni, lib: /usr/lib/libOpenNI.so;libusb::libusb)\n'}
[1.083870] (pcd_ndt_localization) StdoutLine: {'line': b'-- OpenNI2 found (version: 2.2.0.33, include: /usr/include/openni2, lib: /usr/lib/aarch64-linux-gnu/libOpenNI2.so;libusb::libusb)\n'}
[1.084535] (pcd_ndt_localization) StderrLine: {'line': b'** WARNING ** io features related to pcap will be disabled\n'}
[1.084768] (pcd_ndt_localization) StderrLine: {'line': b'** WARNING ** io features related to png will be disabled\n'}
[1.101761] (-) TimerEvent: {}
[1.202126] (-) TimerEvent: {}
[1.302596] (-) TimerEvent: {}
[1.403116] (-) TimerEvent: {}
[1.503603] (-) TimerEvent: {}
[1.604030] (-) TimerEvent: {}
[1.704499] (-) TimerEvent: {}
[1.804986] (-) TimerEvent: {}
[1.905463] (-) TimerEvent: {}
[2.005948] (-) TimerEvent: {}
[2.054613] (pcd_ndt_localization) StdoutLine: {'line': b'-- Eigen found (include: /usr/include/eigen3, version: 3.4.0)\n'}
[2.106125] (-) TimerEvent: {}
[2.206554] (-) TimerEvent: {}
[2.307071] (-) TimerEvent: {}
[2.407540] (-) TimerEvent: {}
[2.508021] (-) TimerEvent: {}
[2.608515] (-) TimerEvent: {}
[2.708987] (-) TimerEvent: {}
[2.809493] (-) TimerEvent: {}
[2.909977] (-) TimerEvent: {}
[3.010444] (-) TimerEvent: {}
[3.110897] (-) TimerEvent: {}
[3.211367] (-) TimerEvent: {}
[3.221511] (pcd_ndt_localization) StdoutLine: {'line': b'-- looking for PCL_COMMON\n'}
[3.222570] (pcd_ndt_localization) StdoutLine: {'line': b'-- looking for PCL_KDTREE\n'}
[3.223520] (pcd_ndt_localization) StdoutLine: {'line': b'-- looking for PCL_OCTREE\n'}
[3.224463] (pcd_ndt_localization) StdoutLine: {'line': b'-- looking for PCL_SEARCH\n'}
[3.225531] (pcd_ndt_localization) StdoutLine: {'line': b'-- looking for PCL_SAMPLE_CONSENSUS\n'}
[3.226494] (pcd_ndt_localization) StdoutLine: {'line': b'-- looking for PCL_FILTERS\n'}
[3.227533] (pcd_ndt_localization) StdoutLine: {'line': b'-- looking for PCL_IO\n'}
[3.228658] (pcd_ndt_localization) StdoutLine: {'line': b'-- looking for PCL_2D\n'}
[3.229651] (pcd_ndt_localization) StdoutLine: {'line': b'-- looking for PCL_FEATURES\n'}
[3.231028] (pcd_ndt_localization) StdoutLine: {'line': b'-- looking for PCL_REGISTRATION\n'}
[3.234403] (pcd_ndt_localization) StdoutLine: {'line': b'-- Found pcl_conversions: 2.4.5 (/opt/ros/humble/share/pcl_conversions/cmake)\n'}
[3.311553] (-) TimerEvent: {}
[3.324526] (pcd_ndt_localization) StdoutLine: {'line': b'-- Found rmw_implementation_cmake: 6.1.2 (/opt/ros/humble/share/rmw_implementation_cmake/cmake)\n'}
[3.328892] (pcd_ndt_localization) StdoutLine: {'line': b'-- Found rmw_fastrtps_cpp: 6.2.10 (/opt/ros/humble/share/rmw_fastrtps_cpp/cmake)\n'}
[3.411738] (-) TimerEvent: {}
[3.512176] (-) TimerEvent: {}
[3.589988] (pcd_ndt_localization) StdoutLine: {'line': b"-- Using RMW implementation 'rmw_fastrtps_cpp' as default\n"}
[3.612309] (-) TimerEvent: {}
[3.712714] (-) TimerEvent: {}
[3.813161] (-) TimerEvent: {}
[3.819155] (pcd_ndt_localization) StdoutLine: {'line': b'-- Found tf2: 0.25.20 (/opt/ros/humble/share/tf2/cmake)\n'}
[3.830797] (pcd_ndt_localization) StdoutLine: {'line': b'-- Found tf2_eigen: 0.25.20 (/opt/ros/humble/share/tf2_eigen/cmake)\n'}
[3.913313] (-) TimerEvent: {}
[4.013721] (-) TimerEvent: {}
[4.060065] (pcd_ndt_localization) StdoutLine: {'line': b'-- Found visualization_msgs: 4.9.1 (/opt/ros/humble/share/visualization_msgs/cmake)\n'}
[4.113839] (-) TimerEvent: {}
[4.214182] (-) TimerEvent: {}
[4.314577] (-) TimerEvent: {}
[4.323771] (pcd_ndt_localization) StdoutLine: {'line': b'-- Configuring done (4.3s)\n'}
[4.412173] (pcd_ndt_localization) StdoutLine: {'line': b'-- Generating done (0.1s)\n'}
[4.414660] (-) TimerEvent: {}
[4.428301] (pcd_ndt_localization) StdoutLine: {'line': b'-- Build files have been written to: /home/seeed/ros2/ws/build/pcd_ndt_localization\n'}
[4.514884] (-) TimerEvent: {}
[4.550218] (pcd_ndt_localization) StdoutLine: {'line': b'[ 50%] Building CXX object CMakeFiles/pcd_ndt_localizer.dir/src/pcd_ndt_localizer.cpp.o\n'}
[4.615094] (-) TimerEvent: {}
[4.715584] (-) TimerEvent: {}
[4.816028] (-) TimerEvent: {}
[4.916521] (-) TimerEvent: {}
[5.016966] (-) TimerEvent: {}
[5.117388] (-) TimerEvent: {}
[5.217777] (-) TimerEvent: {}
[5.318258] (-) TimerEvent: {}
[5.418737] (-) TimerEvent: {}
[5.519209] (-) TimerEvent: {}
[5.619709] (-) TimerEvent: {}
[5.720184] (-) TimerEvent: {}
[5.820682] (-) TimerEvent: {}
[5.921197] (-) TimerEvent: {}
[6.021662] (-) TimerEvent: {}
[6.122132] (-) TimerEvent: {}
[6.222653] (-) TimerEvent: {}
[6.323168] (-) TimerEvent: {}
[6.423670] (-) TimerEvent: {}
[6.524131] (-) TimerEvent: {}
[6.624572] (-) TimerEvent: {}
[6.725021] (-) TimerEvent: {}
[6.825462] (-) TimerEvent: {}
[6.925900] (-) TimerEvent: {}
[7.026338] (-) TimerEvent: {}
[7.126765] (-) TimerEvent: {}
[7.227194] (-) TimerEvent: {}
[7.327639] (-) TimerEvent: {}
[7.428082] (-) TimerEvent: {}
[7.528516] (-) TimerEvent: {}
[7.628959] (-) TimerEvent: {}
[7.729392] (-) TimerEvent: {}
[7.829813] (-) TimerEvent: {}
[7.930265] (-) TimerEvent: {}
[8.030708] (-) TimerEvent: {}
[8.131125] (-) TimerEvent: {}
[8.231547] (-) TimerEvent: {}
[8.331926] (-) TimerEvent: {}
[8.432356] (-) TimerEvent: {}
[8.532767] (-) TimerEvent: {}
[8.633237] (-) TimerEvent: {}
[8.733680] (-) TimerEvent: {}
[8.834133] (-) TimerEvent: {}
[8.934568] (-) TimerEvent: {}
[9.035011] (-) TimerEvent: {}
[9.135437] (-) TimerEvent: {}
[9.235875] (-) TimerEvent: {}
[9.336313] (-) TimerEvent: {}
[9.436743] (-) TimerEvent: {}
[9.537208] (-) TimerEvent: {}
[9.637643] (-) TimerEvent: {}
[9.738090] (-) TimerEvent: {}
[9.838531] (-) TimerEvent: {}
[9.938973] (-) TimerEvent: {}
[10.039430] (-) TimerEvent: {}
[10.139906] (-) TimerEvent: {}
[10.240323] (-) TimerEvent: {}
[10.340745] (-) TimerEvent: {}
[10.441165] (-) TimerEvent: {}
[10.541601] (-) TimerEvent: {}
[10.642028] (-) TimerEvent: {}
[10.742482] (-) TimerEvent: {}
[10.843112] (-) TimerEvent: {}
[10.943664] (-) TimerEvent: {}
[11.044240] (-) TimerEvent: {}
[11.144701] (-) TimerEvent: {}
[11.245249] (-) TimerEvent: {}
[11.345761] (-) TimerEvent: {}
[11.446355] (-) TimerEvent: {}
[11.546853] (-) TimerEvent: {}
[11.647426] (-) TimerEvent: {}
[11.747971] (-) TimerEvent: {}
[11.848540] (-) TimerEvent: {}
[11.949090] (-) TimerEvent: {}
[12.049616] (-) TimerEvent: {}
[12.150143] (-) TimerEvent: {}
[12.250575] (-) TimerEvent: {}
[12.351019] (-) TimerEvent: {}
[12.451491] (-) TimerEvent: {}
[12.551967] (-) TimerEvent: {}
[12.652432] (-) TimerEvent: {}
[12.752970] (-) TimerEvent: {}
[12.853471] (-) TimerEvent: {}
[12.953938] (-) TimerEvent: {}
[13.054423] (-) TimerEvent: {}
[13.154913] (-) TimerEvent: {}
[13.255386] (-) TimerEvent: {}
[13.355870] (-) TimerEvent: {}
[13.456367] (-) TimerEvent: {}
[13.556887] (-) TimerEvent: {}
[13.657367] (-) TimerEvent: {}
[13.757820] (-) TimerEvent: {}
[13.858330] (-) TimerEvent: {}
[13.958825] (-) TimerEvent: {}
[14.059285] (-) TimerEvent: {}
[14.159784] (-) TimerEvent: {}
[14.260280] (-) TimerEvent: {}
[14.360769] (-) TimerEvent: {}
[14.461317] (-) TimerEvent: {}
[14.561771] (-) TimerEvent: {}
[14.662276] (-) TimerEvent: {}
[14.762775] (-) TimerEvent: {}
[14.863272] (-) TimerEvent: {}
[14.963763] (-) TimerEvent: {}
[15.064263] (-) TimerEvent: {}
[15.164764] (-) TimerEvent: {}
[15.265305] (-) TimerEvent: {}
[15.365810] (-) TimerEvent: {}
[15.466316] (-) TimerEvent: {}
[15.566816] (-) TimerEvent: {}
[15.667335] (-) TimerEvent: {}
[15.767842] (-) TimerEvent: {}
[15.868343] (-) TimerEvent: {}
[15.968857] (-) TimerEvent: {}
[16.069327] (-) TimerEvent: {}
[16.169838] (-) TimerEvent: {}
[16.270338] (-) TimerEvent: {}
[16.370839] (-) TimerEvent: {}
[16.471348] (-) TimerEvent: {}
[16.571775] (-) TimerEvent: {}
[16.672256] (-) TimerEvent: {}
[16.772764] (-) TimerEvent: {}
[16.873305] (-) TimerEvent: {}
[16.973787] (-) TimerEvent: {}
[17.074352] (-) TimerEvent: {}
[17.174908] (-) TimerEvent: {}
[17.275386] (-) TimerEvent: {}
[17.375859] (-) TimerEvent: {}
[17.476455] (-) TimerEvent: {}
[17.576994] (-) TimerEvent: {}
[17.677451] (-) TimerEvent: {}
[17.777942] (-) TimerEvent: {}
[17.878462] (-) TimerEvent: {}
[17.978992] (-) TimerEvent: {}
[18.079466] (-) TimerEvent: {}
[18.179961] (-) TimerEvent: {}
[18.280563] (-) TimerEvent: {}
[18.381063] (-) TimerEvent: {}
[18.481536] (-) TimerEvent: {}
[18.582003] (-) TimerEvent: {}
[18.682492] (-) TimerEvent: {}
[18.782991] (-) TimerEvent: {}
[18.883473] (-) TimerEvent: {}
[18.983969] (-) TimerEvent: {}
[19.084459] (-) TimerEvent: {}
[19.184987] (-) TimerEvent: {}
[19.285463] (-) TimerEvent: {}
[19.385931] (-) TimerEvent: {}
[19.486429] (-) TimerEvent: {}
[19.586916] (-) TimerEvent: {}
[19.687416] (-) TimerEvent: {}
[19.787913] (-) TimerEvent: {}
[19.888423] (-) TimerEvent: {}
[19.988959] (-) TimerEvent: {}
[20.089476] (-) TimerEvent: {}
[20.189980] (-) TimerEvent: {}
[20.290479] (-) TimerEvent: {}
[20.390965] (-) TimerEvent: {}
[20.491456] (-) TimerEvent: {}
[20.591959] (-) TimerEvent: {}
[20.692457] (-) TimerEvent: {}
[20.792974] (-) TimerEvent: {}
[20.893508] (-) TimerEvent: {}
[20.994022] (-) TimerEvent: {}
[21.094538] (-) TimerEvent: {}
[21.195047] (-) TimerEvent: {}
[21.295552] (-) TimerEvent: {}
[21.396039] (-) TimerEvent: {}
[21.496932] (-) TimerEvent: {}
[21.597467] (-) TimerEvent: {}
[21.697972] (-) TimerEvent: {}
[21.798493] (-) TimerEvent: {}
[21.898996] (-) TimerEvent: {}
[21.999485] (-) TimerEvent: {}
[22.099972] (-) TimerEvent: {}
[22.200483] (-) TimerEvent: {}
[22.300981] (-) TimerEvent: {}
[22.401468] (-) TimerEvent: {}
[22.501943] (-) TimerEvent: {}
[22.602480] (-) TimerEvent: {}
[22.703061] (-) TimerEvent: {}
[22.803570] (-) TimerEvent: {}
[22.904124] (-) TimerEvent: {}
[23.004686] (-) TimerEvent: {}
[23.105239] (-) TimerEvent: {}
[23.205741] (-) TimerEvent: {}
[23.306266] (-) TimerEvent: {}
[23.406779] (-) TimerEvent: {}
[23.507230] (-) TimerEvent: {}
[23.607680] (-) TimerEvent: {}
[23.708224] (-) TimerEvent: {}
[23.808778] (-) TimerEvent: {}
[23.909413] (-) TimerEvent: {}
[24.009933] (-) TimerEvent: {}
[24.110610] (-) TimerEvent: {}
[24.211267] (-) TimerEvent: {}
[24.311779] (-) TimerEvent: {}
[24.412316] (-) TimerEvent: {}
[24.512906] (-) TimerEvent: {}
[24.613407] (-) TimerEvent: {}
[24.713897] (-) TimerEvent: {}
[24.814522] (-) TimerEvent: {}
[24.915007] (-) TimerEvent: {}
[25.015482] (-) TimerEvent: {}
[25.115975] (-) TimerEvent: {}
[25.216518] (-) TimerEvent: {}
[25.317039] (-) TimerEvent: {}
[25.417564] (-) TimerEvent: {}
[25.518056] (-) TimerEvent: {}
[25.618671] (-) TimerEvent: {}
[25.719138] (-) TimerEvent: {}
[25.819617] (-) TimerEvent: {}
[25.920126] (-) TimerEvent: {}
[26.020618] (-) TimerEvent: {}
[26.121158] (-) TimerEvent: {}
[26.221665] (-) TimerEvent: {}
[26.322168] (-) TimerEvent: {}
[26.422753] (-) TimerEvent: {}
[26.523260] (-) TimerEvent: {}
[26.623724] (-) TimerEvent: {}
[26.724179] (-) TimerEvent: {}
[26.824675] (-) TimerEvent: {}
[26.925170] (-) TimerEvent: {}
[27.025676] (-) TimerEvent: {}
[27.126216] (-) TimerEvent: {}
[27.226743] (-) TimerEvent: {}
[27.327328] (-) TimerEvent: {}
[27.427822] (-) TimerEvent: {}
[27.528304] (-) TimerEvent: {}
[27.628785] (-) TimerEvent: {}
[27.729312] (-) TimerEvent: {}
[27.829824] (-) TimerEvent: {}
[27.930323] (-) TimerEvent: {}
[28.030808] (-) TimerEvent: {}
[28.131305] (-) TimerEvent: {}
[28.231818] (-) TimerEvent: {}
[28.332311] (-) TimerEvent: {}
[28.432872] (-) TimerEvent: {}
[28.533376] (-) TimerEvent: {}
[28.633904] (-) TimerEvent: {}
[28.734425] (-) TimerEvent: {}
[28.834900] (-) TimerEvent: {}
[28.935356] (-) TimerEvent: {}
[29.035809] (-) TimerEvent: {}
[29.136254] (-) TimerEvent: {}
[29.236722] (-) TimerEvent: {}
[29.337246] (-) TimerEvent: {}
[29.438042] (-) TimerEvent: {}
[29.538543] (-) TimerEvent: {}
[29.639044] (-) TimerEvent: {}
[29.739513] (-) TimerEvent: {}
[29.839995] (-) TimerEvent: {}
[29.940477] (-) TimerEvent: {}
[30.040964] (-) TimerEvent: {}
[30.141394] (-) TimerEvent: {}
[30.241848] (-) TimerEvent: {}
[30.342331] (-) TimerEvent: {}
[30.442828] (-) TimerEvent: {}
[30.543309] (-) TimerEvent: {}
[30.643790] (-) TimerEvent: {}
[30.744296] (-) TimerEvent: {}
[30.844949] (-) TimerEvent: {}
[30.945411] (-) TimerEvent: {}
[31.045899] (-) TimerEvent: {}
[31.146418] (-) TimerEvent: {}
[31.246925] (-) TimerEvent: {}
[31.347415] (-) TimerEvent: {}
[31.447904] (-) TimerEvent: {}
[31.548395] (-) TimerEvent: {}
[31.648920] (-) TimerEvent: {}
[31.749419] (-) TimerEvent: {}
[31.849914] (-) TimerEvent: {}
[31.950775] (-) TimerEvent: {}
[32.051287] (-) TimerEvent: {}
[32.151782] (-) TimerEvent: {}
[32.252279] (-) TimerEvent: {}
[32.352866] (-) TimerEvent: {}
[32.453389] (-) TimerEvent: {}
[32.553842] (-) TimerEvent: {}
[32.654386] (-) TimerEvent: {}
[32.754907] (-) TimerEvent: {}
[32.855389] (-) TimerEvent: {}
[32.955889] (-) TimerEvent: {}
[33.056397] (-) TimerEvent: {}
[33.156927] (-) TimerEvent: {}
[33.257441] (-) TimerEvent: {}
[33.357955] (-) TimerEvent: {}
[33.458459] (-) TimerEvent: {}
[33.558970] (-) TimerEvent: {}
[33.659477] (-) TimerEvent: {}
[33.759978] (-) TimerEvent: {}
[33.860612] (-) TimerEvent: {}
[33.961231] (-) TimerEvent: {}
[34.061731] (-) TimerEvent: {}
[34.162266] (-) TimerEvent: {}
[34.262905] (-) TimerEvent: {}
[34.363456] (-) TimerEvent: {}
[34.464000] (-) TimerEvent: {}
[34.564568] (-) TimerEvent: {}
[34.665148] (-) TimerEvent: {}
[34.765628] (-) TimerEvent: {}
[34.866157] (-) TimerEvent: {}
[34.966674] (-) TimerEvent: {}
[35.067242] (-) TimerEvent: {}
[35.167734] (-) TimerEvent: {}
[35.268287] (-) TimerEvent: {}
[35.368757] (-) TimerEvent: {}
[35.469313] (-) TimerEvent: {}
[35.569797] (-) TimerEvent: {}
[35.670293] (-) TimerEvent: {}
[35.770788] (-) TimerEvent: {}
[35.871264] (-) TimerEvent: {}
[35.971724] (-) TimerEvent: {}
[36.072185] (-) TimerEvent: {}
[36.172625] (-) TimerEvent: {}
[36.273096] (-) TimerEvent: {}
[36.373550] (-) TimerEvent: {}
[36.473998] (-) TimerEvent: {}
[36.574562] (-) TimerEvent: {}
[36.675105] (-) TimerEvent: {}
[36.775649] (-) TimerEvent: {}
[36.876187] (-) TimerEvent: {}
[36.976786] (-) TimerEvent: {}
[37.077355] (-) TimerEvent: {}
[37.177853] (-) TimerEvent: {}
[37.278406] (-) TimerEvent: {}
[37.378864] (-) TimerEvent: {}
[37.479327] (-) TimerEvent: {}
[37.579830] (-) TimerEvent: {}
[37.680284] (-) TimerEvent: {}
[37.780735] (-) TimerEvent: {}
[37.881215] (-) TimerEvent: {}
[37.981698] (-) TimerEvent: {}
[38.082172] (-) TimerEvent: {}
[38.182695] (-) TimerEvent: {}
[38.283286] (-) TimerEvent: {}
[38.383759] (-) TimerEvent: {}
[38.484245] (-) TimerEvent: {}
[38.584745] (-) TimerEvent: {}
[38.685358] (-) TimerEvent: {}
[38.785837] (-) TimerEvent: {}
[38.886390] (-) TimerEvent: {}
[38.986898] (-) TimerEvent: {}
[39.087448] (-) TimerEvent: {}
[39.187963] (-) TimerEvent: {}
[39.288468] (-) TimerEvent: {}
[39.388990] (-) TimerEvent: {}
[39.489474] (-) TimerEvent: {}
[39.589987] (-) TimerEvent: {}
[39.690499] (-) TimerEvent: {}
[39.791022] (-) TimerEvent: {}
[39.891521] (-) TimerEvent: {}
[39.992034] (-) TimerEvent: {}
[40.092536] (-) TimerEvent: {}
[40.193127] (-) TimerEvent: {}
[40.293620] (-) TimerEvent: {}
[40.394107] (-) TimerEvent: {}
[40.494674] (-) TimerEvent: {}
[40.595168] (-) TimerEvent: {}
[40.695717] (-) TimerEvent: {}
[40.796268] (-) TimerEvent: {}
[40.896870] (-) TimerEvent: {}
[40.997449] (-) TimerEvent: {}
[41.097947] (-) TimerEvent: {}
[41.198598] (-) TimerEvent: {}
[41.299188] (-) TimerEvent: {}
[41.399692] (-) TimerEvent: {}
[41.500201] (-) TimerEvent: {}
[41.600718] (-) TimerEvent: {}
[41.701332] (-) TimerEvent: {}
[41.801851] (-) TimerEvent: {}
[41.902363] (-) TimerEvent: {}
[42.002876] (-) TimerEvent: {}
[42.103397] (-) TimerEvent: {}
[42.203914] (-) TimerEvent: {}
[42.304481] (-) TimerEvent: {}
[42.405017] (-) TimerEvent: {}
[42.505548] (-) TimerEvent: {}
[42.606151] (-) TimerEvent: {}
[42.706700] (-) TimerEvent: {}
[42.807216] (-) TimerEvent: {}
[42.907726] (-) TimerEvent: {}
[43.008241] (-) TimerEvent: {}
[43.108768] (-) TimerEvent: {}
[43.209309] (-) TimerEvent: {}
[43.309805] (-) TimerEvent: {}
[43.410363] (-) TimerEvent: {}
[43.510870] (-) TimerEvent: {}
[43.611389] (-) TimerEvent: {}
[43.711895] (-) TimerEvent: {}
[43.812414] (-) TimerEvent: {}
[43.913062] (-) TimerEvent: {}
[44.013529] (-) TimerEvent: {}
[44.114009] (-) TimerEvent: {}
[44.214534] (-) TimerEvent: {}
[44.315075] (-) TimerEvent: {}
[44.415572] (-) TimerEvent: {}
[44.516097] (-) TimerEvent: {}
[44.616620] (-) TimerEvent: {}
[44.717172] (-) TimerEvent: {}
[44.817659] (-) TimerEvent: {}
[44.918160] (-) TimerEvent: {}
[45.018653] (-) TimerEvent: {}
[45.119136] (-) TimerEvent: {}
[45.219625] (-) TimerEvent: {}
[45.320110] (-) TimerEvent: {}
[45.420596] (-) TimerEvent: {}
[45.521109] (-) TimerEvent: {}
[45.621596] (-) TimerEvent: {}
[45.722089] (-) TimerEvent: {}
[45.822622] (-) TimerEvent: {}
[45.923109] (-) TimerEvent: {}
[46.023600] (-) TimerEvent: {}
[46.124087] (-) TimerEvent: {}
[46.224580] (-) TimerEvent: {}
[46.325099] (-) TimerEvent: {}
[46.425596] (-) TimerEvent: {}
[46.526102] (-) TimerEvent: {}
[46.626616] (-) TimerEvent: {}
[46.727114] (-) TimerEvent: {}
[46.827633] (-) TimerEvent: {}
[46.928129] (-) TimerEvent: {}
[47.028646] (-) TimerEvent: {}
[47.129186] (-) TimerEvent: {}
[47.229656] (-) TimerEvent: {}
[47.330190] (-) TimerEvent: {}
[47.430797] (-) TimerEvent: {}
[47.531250] (-) TimerEvent: {}
[47.631748] (-) TimerEvent: {}
[47.732254] (-) TimerEvent: {}
[47.832894] (-) TimerEvent: {}
[47.933447] (-) TimerEvent: {}
[48.033946] (-) TimerEvent: {}
[48.134594] (-) TimerEvent: {}
[48.235181] (-) TimerEvent: {}
[48.335693] (-) TimerEvent: {}
[48.436240] (-) TimerEvent: {}
[48.536861] (-) TimerEvent: {}
[48.637433] (-) TimerEvent: {}
[48.737936] (-) TimerEvent: {}
[48.838443] (-) TimerEvent: {}
[48.939068] (-) TimerEvent: {}
[49.039613] (-) TimerEvent: {}
[49.140145] (-) TimerEvent: {}
[49.240641] (-) TimerEvent: {}
[49.341154] (-) TimerEvent: {}
[49.441620] (-) TimerEvent: {}
[49.542086] (-) TimerEvent: {}
[49.642551] (-) TimerEvent: {}
[49.743044] (-) TimerEvent: {}
[49.843658] (-) TimerEvent: {}
[49.944170] (-) TimerEvent: {}
[50.044672] (-) TimerEvent: {}
[50.145189] (-) TimerEvent: {}
[50.245677] (-) TimerEvent: {}
[50.346175] (-) TimerEvent: {}
[50.446673] (-) TimerEvent: {}
[50.547156] (-) TimerEvent: {}
[50.647651] (-) TimerEvent: {}
[50.748130] (-) TimerEvent: {}
[50.848633] (-) TimerEvent: {}
[50.949196] (-) TimerEvent: {}
[51.049707] (-) TimerEvent: {}
[51.150187] (-) TimerEvent: {}
[51.250703] (-) TimerEvent: {}
[51.351204] (-) TimerEvent: {}
[51.451703] (-) TimerEvent: {}
[51.552187] (-) TimerEvent: {}
[51.652686] (-) TimerEvent: {}
[51.753208] (-) TimerEvent: {}
[51.853690] (-) TimerEvent: {}
[51.954245] (-) TimerEvent: {}
[52.054763] (-) TimerEvent: {}
[52.155272] (-) TimerEvent: {}
[52.255761] (-) TimerEvent: {}
[52.356298] (-) TimerEvent: {}
[52.456880] (-) TimerEvent: {}
[52.557422] (-) TimerEvent: {}
[52.657904] (-) TimerEvent: {}
[52.758431] (-) TimerEvent: {}
[52.858944] (-) TimerEvent: {}
[52.959495] (-) TimerEvent: {}
[53.059986] (-) TimerEvent: {}
[53.160554] (-) TimerEvent: {}
[53.261111] (-) TimerEvent: {}
[53.361608] (-) TimerEvent: {}
[53.462298] (-) TimerEvent: {}
[53.563052] (-) TimerEvent: {}
[53.663613] (-) TimerEvent: {}
[53.764083] (-) TimerEvent: {}
[53.864555] (-) TimerEvent: {}
[53.965112] (-) TimerEvent: {}
[54.065588] (-) TimerEvent: {}
[54.166045] (-) TimerEvent: {}
[54.266511] (-) TimerEvent: {}
[54.366962] (-) TimerEvent: {}
[54.467465] (-) TimerEvent: {}
[54.567957] (-) TimerEvent: {}
[54.668547] (-) TimerEvent: {}
[54.769140] (-) TimerEvent: {}
[54.869647] (-) TimerEvent: {}
[54.970144] (-) TimerEvent: {}
[55.070672] (-) TimerEvent: {}
[55.171135] (-) TimerEvent: {}
[55.271614] (-) TimerEvent: {}
[55.372086] (-) TimerEvent: {}
[55.472686] (-) TimerEvent: {}
[55.573289] (-) TimerEvent: {}
[55.673775] (-) TimerEvent: {}
[55.774361] (-) TimerEvent: {}
[55.874880] (-) TimerEvent: {}
[55.975388] (-) TimerEvent: {}
[56.075878] (-) TimerEvent: {}
[56.176350] (-) TimerEvent: {}
[56.276863] (-) TimerEvent: {}
[56.377409] (-) TimerEvent: {}
[56.477902] (-) TimerEvent: {}
[56.578406] (-) TimerEvent: {}
[56.678899] (-) TimerEvent: {}
[56.779443] (-) TimerEvent: {}
[56.879950] (-) TimerEvent: {}
[56.980514] (-) TimerEvent: {}
[57.081024] (-) TimerEvent: {}
[57.181490] (-) TimerEvent: {}
[57.281958] (-) TimerEvent: {}
[57.382446] (-) TimerEvent: {}
[57.483008] (-) TimerEvent: {}
[57.583523] (-) TimerEvent: {}
[57.683988] (-) TimerEvent: {}
[57.784626] (-) TimerEvent: {}
[57.885170] (-) TimerEvent: {}
[57.985639] (-) TimerEvent: {}
[58.086122] (-) TimerEvent: {}
[58.186679] (-) TimerEvent: {}
[58.287171] (-) TimerEvent: {}
[58.387627] (-) TimerEvent: {}
[58.488083] (-) TimerEvent: {}
[58.588593] (-) TimerEvent: {}
[58.689124] (-) TimerEvent: {}
[58.789622] (-) TimerEvent: {}
[58.890129] (-) TimerEvent: {}
[58.990633] (-) TimerEvent: {}
[59.091134] (-) TimerEvent: {}
[59.191645] (-) TimerEvent: {}
[59.292167] (-) TimerEvent: {}
[59.392643] (-) TimerEvent: {}
[59.493178] (-) TimerEvent: {}
[59.593678] (-) TimerEvent: {}
[59.694180] (-) TimerEvent: {}
[59.794706] (-) TimerEvent: {}
[59.895229] (-) TimerEvent: {}
[59.995729] (-) TimerEvent: {}
[60.096239] (-) TimerEvent: {}
[60.196754] (-) TimerEvent: {}
[60.297290] (-) TimerEvent: {}
[60.397964] (-) TimerEvent: {}
[60.498455] (-) TimerEvent: {}
[60.598914] (-) TimerEvent: {}
[60.699405] (-) TimerEvent: {}
[60.799920] (-) TimerEvent: {}
[60.900435] (-) TimerEvent: {}
[61.000989] (-) TimerEvent: {}
[61.102445] (-) TimerEvent: {}
[61.202886] (-) TimerEvent: {}
[61.303346] (-) TimerEvent: {}
[61.403863] (-) TimerEvent: {}
[61.504391] (-) TimerEvent: {}
[61.604904] (-) TimerEvent: {}
[61.705421] (-) TimerEvent: {}
[61.805930] (-) TimerEvent: {}
[61.906417] (-) TimerEvent: {}
[62.006918] (-) TimerEvent: {}
[62.107382] (-) TimerEvent: {}
[62.207850] (-) TimerEvent: {}
[62.308312] (-) TimerEvent: {}
[62.408765] (-) TimerEvent: {}
[62.509277] (-) TimerEvent: {}
[62.609803] (-) TimerEvent: {}
[62.710295] (-) TimerEvent: {}
[62.810791] (-) TimerEvent: {}
[62.911279] (-) TimerEvent: {}
[63.011750] (-) TimerEvent: {}
[63.112201] (-) TimerEvent: {}
[63.212714] (-) TimerEvent: {}
[63.313249] (-) TimerEvent: {}
[63.413705] (-) TimerEvent: {}
[63.514186] (-) TimerEvent: {}
[63.614655] (-) TimerEvent: {}
[63.715130] (-) TimerEvent: {}
[63.815627] (-) TimerEvent: {}
[63.916124] (-) TimerEvent: {}
[64.016614] (-) TimerEvent: {}
[64.117097] (-) TimerEvent: {}
[64.217526] (-) TimerEvent: {}
[64.317978] (-) TimerEvent: {}
[64.418471] (-) TimerEvent: {}
[64.518950] (-) TimerEvent: {}
[64.619429] (-) TimerEvent: {}
[64.719922] (-) TimerEvent: {}
[64.820398] (-) TimerEvent: {}
[64.920904] (-) TimerEvent: {}
[65.021398] (-) TimerEvent: {}
[65.121886] (-) TimerEvent: {}
[65.222436] (-) TimerEvent: {}
[65.322915] (-) TimerEvent: {}
[65.423393] (-) TimerEvent: {}
[65.523864] (-) TimerEvent: {}
[65.624333] (-) TimerEvent: {}
[65.724847] (-) TimerEvent: {}
[65.825318] (-) TimerEvent: {}
[65.925794] (-) TimerEvent: {}
[66.026304] (-) TimerEvent: {}
[66.126805] (-) TimerEvent: {}
[66.227309] (-) TimerEvent: {}
[66.327793] (-) TimerEvent: {}
[66.428279] (-) TimerEvent: {}
[66.528728] (-) TimerEvent: {}
[66.629207] (-) TimerEvent: {}
[66.729683] (-) TimerEvent: {}
[66.830167] (-) TimerEvent: {}
[66.930638] (-) TimerEvent: {}
[67.031048] (-) TimerEvent: {}
[67.131560] (-) TimerEvent: {}
[67.232033] (-) TimerEvent: {}
[67.332508] (-) TimerEvent: {}
[67.432993] (-) TimerEvent: {}
[67.533493] (-) TimerEvent: {}
[67.633968] (-) TimerEvent: {}
[67.734499] (-) TimerEvent: {}
[67.835070] (-) TimerEvent: {}
[67.935546] (-) TimerEvent: {}
[68.035955] (-) TimerEvent: {}
[68.136451] (-) TimerEvent: {}
[68.236969] (-) TimerEvent: {}
[68.337509] (-) TimerEvent: {}
[68.437996] (-) TimerEvent: {}
[68.538519] (-) TimerEvent: {}
[68.639001] (-) TimerEvent: {}
[68.739747] (-) TimerEvent: {}
[68.840209] (-) TimerEvent: {}
[68.940836] (-) TimerEvent: {}
[69.041386] (-) TimerEvent: {}
[69.141912] (-) TimerEvent: {}
[69.242387] (-) TimerEvent: {}
[69.342814] (-) TimerEvent: {}
[69.443267] (-) TimerEvent: {}
[69.543732] (-) TimerEvent: {}
[69.644173] (-) TimerEvent: {}
[69.744587] (-) TimerEvent: {}
[69.845084] (-) TimerEvent: {}
[69.945571] (-) TimerEvent: {}
[70.046076] (-) TimerEvent: {}
[70.146652] (-) TimerEvent: {}
[70.247152] (-) TimerEvent: {}
[70.347731] (-) TimerEvent: {}
[70.448294] (-) TimerEvent: {}
[70.548941] (-) TimerEvent: {}
[70.649489] (-) TimerEvent: {}
[70.749985] (-) TimerEvent: {}
[70.850558] (-) TimerEvent: {}
[70.951105] (-) TimerEvent: {}
[71.051633] (-) TimerEvent: {}
[71.152110] (-) TimerEvent: {}
[71.252569] (-) TimerEvent: {}
[71.353073] (-) TimerEvent: {}
[71.453506] (-) TimerEvent: {}
[71.553937] (-) TimerEvent: {}
[71.654364] (-) TimerEvent: {}
[71.754838] (-) TimerEvent: {}
[71.855331] (-) TimerEvent: {}
[71.955818] (-) TimerEvent: {}
[72.056338] (-) TimerEvent: {}
[72.156878] (-) TimerEvent: {}
[72.257349] (-) TimerEvent: {}
[72.357811] (-) TimerEvent: {}
[72.458287] (-) TimerEvent: {}
[72.558848] (-) TimerEvent: {}
[72.659353] (-) TimerEvent: {}
[72.759855] (-) TimerEvent: {}
[72.860409] (-) TimerEvent: {}
[72.960972] (-) TimerEvent: {}
[73.061480] (-) TimerEvent: {}
[73.161960] (-) TimerEvent: {}
[73.262467] (-) TimerEvent: {}
[73.362941] (-) TimerEvent: {}
[73.463439] (-) TimerEvent: {}
[73.563917] (-) TimerEvent: {}
[73.664384] (-) TimerEvent: {}
[73.764897] (-) TimerEvent: {}
[73.865383] (-) TimerEvent: {}
[73.965852] (-) TimerEvent: {}
[74.066313] (-) TimerEvent: {}
[74.166762] (-) TimerEvent: {}
[74.267201] (-) TimerEvent: {}
[74.367669] (-) TimerEvent: {}
[74.468111] (-) TimerEvent: {}
[74.568633] (-) TimerEvent: {}
[74.669154] (-) TimerEvent: {}
[74.769620] (-) TimerEvent: {}
[74.870092] (-) TimerEvent: {}
[74.970534] (-) TimerEvent: {}
[75.071002] (-) TimerEvent: {}
[75.171532] (-) TimerEvent: {}
[75.272038] (-) TimerEvent: {}
[75.372525] (-) TimerEvent: {}
[75.474333] (-) TimerEvent: {}
[75.574753] (-) TimerEvent: {}
[75.675201] (-) TimerEvent: {}
[75.775678] (-) TimerEvent: {}
[75.876139] (-) TimerEvent: {}
[75.976614] (-) TimerEvent: {}
[76.077349] (-) TimerEvent: {}
[76.177793] (-) TimerEvent: {}
[76.278265] (-) TimerEvent: {}
[76.378732] (-) TimerEvent: {}
[76.479138] (-) TimerEvent: {}
[76.579853] (-) TimerEvent: {}
[76.680327] (-) TimerEvent: {}
[76.781165] (-) TimerEvent: {}
[76.881681] (-) TimerEvent: {}
[76.982128] (-) TimerEvent: {}
[77.082576] (-) TimerEvent: {}
[77.183059] (-) TimerEvent: {}
[77.283510] (-) TimerEvent: {}
[77.383951] (-) TimerEvent: {}
[77.484405] (-) TimerEvent: {}
[77.584926] (-) TimerEvent: {}
[77.685442] (-) TimerEvent: {}
[77.785918] (-) TimerEvent: {}
[77.886458] (-) TimerEvent: {}
[77.987024] (-) TimerEvent: {}
[78.087576] (-) TimerEvent: {}
[78.188087] (-) TimerEvent: {}
[78.288586] (-) TimerEvent: {}
[78.389169] (-) TimerEvent: {}
[78.489652] (-) TimerEvent: {}
[78.590172] (-) TimerEvent: {}
[78.690776] (-) TimerEvent: {}
[78.791257] (-) TimerEvent: {}
[78.891716] (-) TimerEvent: {}
[78.992219] (-) TimerEvent: {}
[79.092739] (-) TimerEvent: {}
[79.193277] (-) TimerEvent: {}
[79.293839] (-) TimerEvent: {}
[79.394330] (-) TimerEvent: {}
[79.494811] (-) TimerEvent: {}
[79.595322] (-) TimerEvent: {}
[79.695820] (-) TimerEvent: {}
[79.796337] (-) TimerEvent: {}
[79.896876] (-) TimerEvent: {}
[79.997386] (-) TimerEvent: {}
[80.097896] (-) TimerEvent: {}
[80.198402] (-) TimerEvent: {}
[80.298908] (-) TimerEvent: {}
[80.399392] (-) TimerEvent: {}
[80.499893] (-) TimerEvent: {}
[80.600406] (-) TimerEvent: {}
[80.700916] (-) TimerEvent: {}
[80.801415] (-) TimerEvent: {}
[80.901932] (-) TimerEvent: {}
[81.002434] (-) TimerEvent: {}
[81.102999] (-) TimerEvent: {}
[81.203605] (-) TimerEvent: {}
[81.304106] (-) TimerEvent: {}
[81.404706] (-) TimerEvent: {}
[81.505222] (-) TimerEvent: {}
[81.605825] (-) TimerEvent: {}
[81.706415] (-) TimerEvent: {}
[81.806972] (-) TimerEvent: {}
[81.907567] (-) TimerEvent: {}
[82.008074] (-) TimerEvent: {}
[82.108648] (-) TimerEvent: {}
[82.209211] (-) TimerEvent: {}
[82.309719] (-) TimerEvent: {}
[82.410229] (-) TimerEvent: {}
[82.510835] (-) TimerEvent: {}
[82.611340] (-) TimerEvent: {}
[82.711836] (-) TimerEvent: {}
[82.812350] (-) TimerEvent: {}
[82.912970] (-) TimerEvent: {}
[83.013510] (-) TimerEvent: {}
[83.113995] (-) TimerEvent: {}
[83.214508] (-) TimerEvent: {}
[83.315016] (-) TimerEvent: {}
[83.415489] (-) TimerEvent: {}
[83.515966] (-) TimerEvent: {}
[83.616460] (-) TimerEvent: {}
[83.716963] (-) TimerEvent: {}
[83.817432] (-) TimerEvent: {}
[83.917941] (-) TimerEvent: {}
[84.018480] (-) TimerEvent: {}
[84.119000] (-) TimerEvent: {}
[84.219489] (-) TimerEvent: {}
[84.319963] (-) TimerEvent: {}
[84.420390] (-) TimerEvent: {}
[84.520879] (-) TimerEvent: {}
[84.621362] (-) TimerEvent: {}
[84.721853] (-) TimerEvent: {}
[84.822354] (-) TimerEvent: {}
[84.922864] (-) TimerEvent: {}
[85.023360] (-) TimerEvent: {}
[85.123881] (-) TimerEvent: {}
[85.224353] (-) TimerEvent: {}
[85.324884] (-) TimerEvent: {}
[85.425428] (-) TimerEvent: {}
[85.525912] (-) TimerEvent: {}
[85.626422] (-) TimerEvent: {}
[85.726945] (-) TimerEvent: {}
[85.827465] (-) TimerEvent: {}
[85.927951] (-) TimerEvent: {}
[86.029094] (-) TimerEvent: {}
[86.129611] (-) TimerEvent: {}
[86.230117] (-) TimerEvent: {}
[86.330599] (-) TimerEvent: {}
[86.431089] (-) TimerEvent: {}
[86.531561] (-) TimerEvent: {}
[86.631949] (-) TimerEvent: {}
[86.732401] (-) TimerEvent: {}
[86.832957] (-) TimerEvent: {}
[86.933516] (-) TimerEvent: {}
[87.034005] (-) TimerEvent: {}
[87.134588] (-) TimerEvent: {}
[87.235126] (-) TimerEvent: {}
[87.335609] (-) TimerEvent: {}
[87.436113] (-) TimerEvent: {}
[87.536632] (-) TimerEvent: {}
[87.637135] (-) TimerEvent: {}
[87.737637] (-) TimerEvent: {}
[87.838113] (-) TimerEvent: {}
[87.938615] (-) TimerEvent: {}
[88.039103] (-) TimerEvent: {}
[88.139618] (-) TimerEvent: {}
[88.240154] (-) TimerEvent: {}
[88.340638] (-) TimerEvent: {}
[88.441199] (-) TimerEvent: {}
[88.541696] (-) TimerEvent: {}
[88.642201] (-) TimerEvent: {}
[88.742703] (-) TimerEvent: {}
[88.843238] (-) TimerEvent: {}
[88.874634] (pcd_ndt_localization) StdoutLine: {'line': b'[100%] Linking CXX executable pcd_ndt_localizer\n'}
[88.943438] (-) TimerEvent: {}
[89.043894] (-) TimerEvent: {}
[89.144391] (-) TimerEvent: {}
[89.244925] (-) TimerEvent: {}
[89.345612] (-) TimerEvent: {}
[89.446105] (-) TimerEvent: {}
[89.546609] (-) TimerEvent: {}
[89.647137] (-) TimerEvent: {}
[89.747639] (-) TimerEvent: {}
[89.848172] (-) TimerEvent: {}
[89.948664] (-) TimerEvent: {}
[90.049188] (-) TimerEvent: {}
[90.149652] (-) TimerEvent: {}
[90.250139] (-) TimerEvent: {}
[90.350919] (-) TimerEvent: {}
[90.451438] (-) TimerEvent: {}
[90.551936] (-) TimerEvent: {}
[90.652412] (-) TimerEvent: {}
[90.752859] (-) TimerEvent: {}
[90.853304] (-) TimerEvent: {}
[90.953746] (-) TimerEvent: {}
[91.054176] (-) TimerEvent: {}
[91.154609] (-) TimerEvent: {}
[91.255044] (-) TimerEvent: {}
[91.355480] (-) TimerEvent: {}
[91.455979] (-) TimerEvent: {}
[91.539278] (pcd_ndt_localization) StdoutLine: {'line': b'[100%] Built target pcd_ndt_localizer\n'}
[91.551075] (pcd_ndt_localization) CommandEnded: {'returncode': 0}
[91.553538] (pcd_ndt_localization) JobProgress: {'identifier': 'pcd_ndt_localization', 'progress': 'install'}
[91.556068] (-) TimerEvent: {}
[91.563275] (pcd_ndt_localization) Command: {'cmd': ['/usr/local/bin/cmake', '--install', '/home/seeed/ros2/ws/build/pcd_ndt_localization'], 'cwd': '/home/seeed/ros2/ws/build/pcd_ndt_localization', 'env': OrderedDict([('LANGUAGE', 'zh_CN:en'), ('USER', 'seeed'), ('SSH_CLIENT', '10.200.24.83 44339 22'), ('LC_TIME', 'zh_CN.UTF-8'), ('ROS_PACKAGE_PATH', '/home/seeed/ros2/ws/install/vikit_common/share:/home/seeed/ros2/ws/install/ugv_sdk/share'), ('XDG_SESSION_TYPE', 'tty'), ('SHLVL', '0'), ('LD_LIBRARY_PATH', '/home/seeed/ros2/ws/install/vikit_ros/lib:/home/seeed/ros2/ws/install/vikit_common/lib:/home/seeed/ros2/ws/install/ranger_msgs/lib:/home/seeed/ros2/ws/install/fast_lio/lib:/home/seeed/ros2/ws/install/livox_ros_driver2/lib:/opt/ros/humble/opt/rviz_ogre_vendor/lib:/opt/ros/humble/lib/aarch64-linux-gnu:/opt/ros/humble/lib'), ('MOTD_SHOWN', 'pam'), ('HOME', '/home/seeed'), ('OLDPWD', '/home/seeed'), ('ROS_PYTHON_VERSION', '3'), ('LC_MONETARY', 'zh_CN.UTF-8'), ('ROS_IP', '10.200.54.207'), ('LC_CTYPE', 'C.UTF-8'), ('DBUS_SESSION_BUS_ADDRESS', 'unix:path=/run/user/1000/bus'), ('COLCON_PREFIX_PATH', '/home/seeed/ros2/ws/install'), ('ROS_DISTRO', 'humble'), ('LOGNAME', 'seeed'), ('_', '/usr/bin/colcon'), ('ROS_VERSION', '2'), ('PKG_CONFIG_PATH', '/home/seeed/ros2/ws/install/vikit_common/lib/aarch64-linux-gnu/pkgconfig:/home/seeed/ros2/ws/install/vikit_common/lib/pkgconfig:/home/seeed/ros2/ws/install/ugv_sdk/lib/aarch64-linux-gnu/pkgconfig:/home/seeed/ros2/ws/install/ugv_sdk/lib/pkgconfig'), ('XDG_SESSION_CLASS', 'user'), ('XDG_SESSION_ID', '58'), ('ROS_LOCALHOST_ONLY', '0'), ('PATH', '/opt/ros/humble/bin:/usr/local/sbin:/usr/local/bin:/usr/sbin:/usr/bin:/sbin:/bin:/usr/games:/usr/local/games:/snap/bin'), ('FASTRTPS_DEFAULT_PROFILES_FILE', '/home/seeed/ros2/fastrtps_profile.xml'), ('PAPERSIZE', 'a4'), ('LC_ADDRESS', 'zh_CN.UTF-8'), ('XDG_RUNTIME_DIR', '/run/user/1000'), ('DISPLAY', 'localhost:14.0'), ('LANG', 'zh_CN.UTF-8'), ('LC_TELEPHONE', 'zh_CN.UTF-8'), ('RMW_IMPLEMENTATION', 'rmw_fastrtps_cpp'), ('ROS_DOMAIN_ID', '0'), ('AMENT_PREFIX_PATH', '/home/seeed/ros2/ws/install/vikit_ros:/home/seeed/ros2/ws/install/ranger_base:/home/seeed/ros2/ws/install/ranger_msgs:/home/seeed/ros2/ws/install/ranger_bringup:/home/seeed/ros2/ws/install/pcd_ndt_localization:/home/seeed/ros2/ws/install/fast_lio:/home/seeed/ros2/ws/install/livox_ros_driver2:/opt/ros/humble'), ('SHELL', '/bin/bash'), ('LC_NAME', 'zh_CN.UTF-8'), ('LC_MEASUREMENT', 'zh_CN.UTF-8'), ('LC_IDENTIFICATION', 'zh_CN.UTF-8'), ('PWD', '/home/seeed/ros2/ws/build/pcd_ndt_localization'), ('LC_ALL', 'en_US.UTF-8'), ('SSH_CONNECTION', '10.200.24.83 44339 10.200.54.207 22'), ('XDG_DATA_DIRS', '/usr/share/gnome:/usr/local/share:/usr/share:/var/lib/snapd/desktop'), ('PYTHONPATH', '/home/seeed/ros2/ws/install/ranger_msgs/local/lib/python3.10/dist-packages:/home/seeed/ros2/ws/install/fast_lio/local/lib/python3.10/dist-packages:/home/seeed/ros2/ws/install/livox_ros_driver2/local/lib/python3.10/dist-packages:/opt/ros/humble/lib/python3.10/site-packages:/opt/ros/humble/local/lib/python3.10/dist-packages'), ('LC_NUMERIC', 'zh_CN.UTF-8'), ('LC_PAPER', 'zh_CN.UTF-8'), ('COLCON', '1'), ('CMAKE_PREFIX_PATH', '/home/seeed/ros2/ws/install/vikit_ros:/opt/ros/humble:/home/seeed/ros2/ws/install/vikit_common:/home/seeed/ros2/ws/install/ranger_base:/home/seeed/ros2/ws/install/ugv_sdk:/home/seeed/ros2/ws/install/ranger_msgs:/home/seeed/ros2/ws/install/ranger_bringup:/home/seeed/ros2/ws/install/pcd_ndt_localization:/home/seeed/ros2/ws/install/fast_lio:/home/seeed/ros2/ws/install/livox_ros_driver2')]), 'shell': False}
[91.570361] (pcd_ndt_localization) StdoutLine: {'line': b'-- Install configuration: "Release"\n'}
[91.571333] (pcd_ndt_localization) StdoutLine: {'line': b'-- Installing: /home/seeed/ros2/ws/install/pcd_ndt_localization/lib/pcd_ndt_localization/pcd_ndt_localizer\n'}
[91.576631] (pcd_ndt_localization) StdoutLine: {'line': b'-- Set runtime path of "/home/seeed/ros2/ws/install/pcd_ndt_localization/lib/pcd_ndt_localization/pcd_ndt_localizer" to ""\n'}
[91.577006] (pcd_ndt_localization) StdoutLine: {'line': b'-- Up-to-date: /home/seeed/ros2/ws/install/pcd_ndt_localization/share/pcd_ndt_localization/config\n'}
[91.577585] (pcd_ndt_localization) StdoutLine: {'line': b'-- Installing: /home/seeed/ros2/ws/install/pcd_ndt_localization/share/pcd_ndt_localization/config/ndt_localization.yaml\n'}
[91.577977] (pcd_ndt_localization) StdoutLine: {'line': b'-- Up-to-date: /home/seeed/ros2/ws/install/pcd_ndt_localization/share/pcd_ndt_localization/launch\n'}
[91.578153] (pcd_ndt_localization) StdoutLine: {'line': b'-- Up-to-date: /home/seeed/ros2/ws/install/pcd_ndt_localization/share/pcd_ndt_localization/launch/localization.launch.py\n'}
[91.578496] (pcd_ndt_localization) StdoutLine: {'line': b'-- Installing: /home/seeed/ros2/ws/install/pcd_ndt_localization/share/ament_index/resource_index/package_run_dependencies/pcd_ndt_localization\n'}
[91.578722] (pcd_ndt_localization) StdoutLine: {'line': b'-- Installing: /home/seeed/ros2/ws/install/pcd_ndt_localization/share/ament_index/resource_index/parent_prefix_path/pcd_ndt_localization\n'}
[91.579397] (pcd_ndt_localization) StdoutLine: {'line': b'-- Up-to-date: /home/seeed/ros2/ws/install/pcd_ndt_localization/share/pcd_ndt_localization/environment/ament_prefix_path.sh\n'}
[91.579601] (pcd_ndt_localization) StdoutLine: {'line': b'-- Installing: /home/seeed/ros2/ws/install/pcd_ndt_localization/share/pcd_ndt_localization/environment/ament_prefix_path.dsv\n'}
[91.579767] (pcd_ndt_localization) StdoutLine: {'line': b'-- Up-to-date: /home/seeed/ros2/ws/install/pcd_ndt_localization/share/pcd_ndt_localization/environment/path.sh\n'}
[91.579924] (pcd_ndt_localization) StdoutLine: {'line': b'-- Installing: /home/seeed/ros2/ws/install/pcd_ndt_localization/share/pcd_ndt_localization/environment/path.dsv\n'}
[91.580071] (pcd_ndt_localization) StdoutLine: {'line': b'-- Up-to-date: /home/seeed/ros2/ws/install/pcd_ndt_localization/share/pcd_ndt_localization/local_setup.bash\n'}
[91.580215] (pcd_ndt_localization) StdoutLine: {'line': b'-- Up-to-date: /home/seeed/ros2/ws/install/pcd_ndt_localization/share/pcd_ndt_localization/local_setup.sh\n'}
[91.580355] (pcd_ndt_localization) StdoutLine: {'line': b'-- Up-to-date: /home/seeed/ros2/ws/install/pcd_ndt_localization/share/pcd_ndt_localization/local_setup.zsh\n'}
[91.580968] (pcd_ndt_localization) StdoutLine: {'line': b'-- Installing: /home/seeed/ros2/ws/install/pcd_ndt_localization/share/pcd_ndt_localization/local_setup.dsv\n'}
[91.581199] (pcd_ndt_localization) StdoutLine: {'line': b'-- Installing: /home/seeed/ros2/ws/install/pcd_ndt_localization/share/pcd_ndt_localization/package.dsv\n'}
[91.581394] (pcd_ndt_localization) StdoutLine: {'line': b'-- Up-to-date: /home/seeed/ros2/ws/install/pcd_ndt_localization/share/ament_index/resource_index/packages/pcd_ndt_localization\n'}
[91.581545] (pcd_ndt_localization) StdoutLine: {'line': b'-- Up-to-date: /home/seeed/ros2/ws/install/pcd_ndt_localization/share/pcd_ndt_localization/cmake/pcd_ndt_localizationConfig.cmake\n'}
[91.581688] (pcd_ndt_localization) StdoutLine: {'line': b'-- Up-to-date: /home/seeed/ros2/ws/install/pcd_ndt_localization/share/pcd_ndt_localization/cmake/pcd_ndt_localizationConfig-version.cmake\n'}
[91.581826] (pcd_ndt_localization) StdoutLine: {'line': b'-- Installing: /home/seeed/ros2/ws/install/pcd_ndt_localization/share/pcd_ndt_localization/package.xml\n'}
[91.583387] (pcd_ndt_localization) CommandEnded: {'returncode': 0}
[91.644170] (pcd_ndt_localization) JobEnded: {'identifier': 'pcd_ndt_localization', 'rc': 0}
[91.645474] (-) EventReactorShutdown: {}
