[INFO] [launch]: All log files can be found below /home/seeed/.ros/log/2026-07-29-19-55-27-053135-seeed-19198
[INFO] [launch]: Default logging verbosity is set to INFO
[INFO] [pcd_ndt_localizer-1]: process started with pid [19273]
[pcd_ndt_localizer-1] [INFO] [1785326127.347564298] [pcd_ndt_localizer]: Loaded map /home/seeed/ros2/maps/replay/fastlio_map_manual_001_level_20260729.pcd raw=238453 filtered=14611 leaf=0.250
[pcd_ndt_localizer-1] [INFO] [1785326127.351188548] [pcd_ndt_localizer]: PCD occupancy grid ready. raw=238453 kept=31209 occupied_cells=1618 size=185x191 res=0.100 z=[0.15, 1.20] min_points=3 min_z_span=0.15
[pcd_ndt_localizer-1] [INFO] [1785326127.371334955] [pcd_ndt_localizer]: PCD NDT localization ready. map=/home/seeed/ros2/maps/replay/fastlio_map_manual_001_level_20260729.pcd points=14611 require_initial_pose=1 reject_occupied_pose=1
[pcd_ndt_localizer-1] [WARN] [1785326127.497163453] [pcd_ndt_localizer]: Waiting for /initialpose before running NDT localization
[pcd_ndt_localizer-1] [WARN] [1785326129.587552648] [pcd_ndt_localizer]: Waiting for /initialpose before running NDT localization
[pcd_ndt_localizer-1] [WARN] [1785326131.597505659] [pcd_ndt_localizer]: Waiting for /initialpose before running NDT localization
[pcd_ndt_localizer-1] [WARN] [1785326133.701303242] [pcd_ndt_localizer]: Waiting for /initialpose before running NDT localization
[pcd_ndt_localizer-1] [WARN] [1785326135.799334583] [pcd_ndt_localizer]: Waiting for /initialpose before running NDT localization
[pcd_ndt_localizer-1] [WARN] [1785326137.801180408] [pcd_ndt_localizer]: Waiting for /initialpose before running NDT localization
[pcd_ndt_localizer-1] [WARN] [1785326139.802105883] [pcd_ndt_localizer]: Waiting for /initialpose before running NDT localization
[pcd_ndt_localizer-1] [WARN] [1785326141.890129718] [pcd_ndt_localizer]: Waiting for /initialpose before running NDT localization
[pcd_ndt_localizer-1] [WARN] [1785326143.897677592] [pcd_ndt_localizer]: Waiting for /initialpose before running NDT localization
[pcd_ndt_localizer-1] [WARN] [1785326145.903285817] [pcd_ndt_localizer]: Waiting for /initialpose before running NDT localization
[pcd_ndt_localizer-1] [WARN] [1785326147.998798928] [pcd_ndt_localizer]: Waiting for /initialpose before running NDT localization
[pcd_ndt_localizer-1] [WARN] [1785326150.091548133] [pcd_ndt_localizer]: Waiting for /initialpose before running NDT localization
[pcd_ndt_localizer-1] [WARN] [1785326152.100432808] [pcd_ndt_localizer]: Waiting for /initialpose before running NDT localization
[pcd_ndt_localizer-1] [WARN] [1785326154.200209473] [pcd_ndt_localizer]: Waiting for /initialpose before running NDT localization
[pcd_ndt_localizer-1] [WARN] [1785326156.200887346] [pcd_ndt_localizer]: Waiting for /initialpose before running NDT localization
[pcd_ndt_localizer-1] [WARN] [1785326158.203975829] [pcd_ndt_localizer]: Waiting for /initialpose before running NDT localization
[pcd_ndt_localizer-1] [WARN] [1785326160.301652519] [pcd_ndt_localizer]: Waiting for /initialpose before running NDT localization
[pcd_ndt_localizer-1] [WARN] [1785326162.399677605] [pcd_ndt_localizer]: Waiting for /initialpose before running NDT localization
[pcd_ndt_localizer-1] [WARN] [1785326164.399935817] [pcd_ndt_localizer]: Waiting for /initialpose before running NDT localization
[pcd_ndt_localizer-1] [WARN] [1785326166.401666878] [pcd_ndt_localizer]: Waiting for /initialpose before running NDT localization
[pcd_ndt_localizer-1] [WARN] [1785326168.499311664] [pcd_ndt_localizer]: Waiting for /initialpose before running NDT localization
[pcd_ndt_localizer-1] [WARN] [1785326170.599607066] [pcd_ndt_localizer]: Waiting for /initialpose before running NDT localization
[pcd_ndt_localizer-1] [WARN] [1785326172.600808957] [pcd_ndt_localizer]: Waiting for /initialpose before running NDT localization
[pcd_ndt_localizer-1] [WARN] [1785326174.701067942] [pcd_ndt_localizer]: Waiting for /initialpose before running NDT localization
[pcd_ndt_localizer-1] [WARN] [1785326176.701820346] [pcd_ndt_localizer]: Waiting for /initialpose before running NDT localization
[pcd_ndt_localizer-1] [WARN] [1785326178.789938798] [pcd_ndt_localizer]: Waiting for /initialpose before running NDT localization
[pcd_ndt_localizer-1] [WARN] [1785326180.802887705] [pcd_ndt_localizer]: Waiting for /initialpose before running NDT localization
[pcd_ndt_localizer-1] [WARN] [1785326182.898929973] [pcd_ndt_localizer]: Waiting for /initialpose before running NDT localization
[pcd_ndt_localizer-1] [WARN] [1785326184.901209820] [pcd_ndt_localizer]: Waiting for /initialpose before running NDT localization
[pcd_ndt_localizer-1] [WARN] [1785326186.903339071] [pcd_ndt_localizer]: Waiting for /initialpose before running NDT localization
[pcd_ndt_localizer-1] [WARN] [1785326189.000086386] [pcd_ndt_localizer]: Waiting for /initialpose before running NDT localization
[pcd_ndt_localizer-1] [WARN] [1785326191.002941837] [pcd_ndt_localizer]: Waiting for /initialpose before running NDT localization
[pcd_ndt_localizer-1] [WARN] [1785326193.101103536] [pcd_ndt_localizer]: Waiting for /initialpose before running NDT localization
[pcd_ndt_localizer-1] [WARN] [1785326195.101190542] [pcd_ndt_localizer]: Waiting for /initialpose before running NDT localization
[pcd_ndt_localizer-1] [WARN] [1785326197.101637688] [pcd_ndt_localizer]: Waiting for /initialpose before running NDT localization
[pcd_ndt_localizer-1] [WARN] [1785326199.104270827] [pcd_ndt_localizer]: Waiting for /initialpose before running NDT localization
[pcd_ndt_localizer-1] [WARN] [1785326201.202017408] [pcd_ndt_localizer]: Waiting for /initialpose before running NDT localization
[pcd_ndt_localizer-1] [WARN] [1785326203.301322537] [pcd_ndt_localizer]: Waiting for /initialpose before running NDT localization
[pcd_ndt_localizer-1] [WARN] [1785326205.401047936] [pcd_ndt_localizer]: Waiting for /initialpose before running NDT localization
[pcd_ndt_localizer-1] [WARN] [1785326207.500719221] [pcd_ndt_localizer]: Waiting for /initialpose before running NDT localization
[pcd_ndt_localizer-1] [WARN] [1785326209.500734224] [pcd_ndt_localizer]: Waiting for /initialpose before running NDT localization
[pcd_ndt_localizer-1] [WARN] [1785326211.501109272] [pcd_ndt_localizer]: Waiting for /initialpose before running NDT localization
[pcd_ndt_localizer-1] [WARN] [1785326213.501473728] [pcd_ndt_localizer]: Waiting for /initialpose before running NDT localization
[pcd_ndt_localizer-1] [WARN] [1785326215.502580640] [pcd_ndt_localizer]: Waiting for /initialpose before running NDT localization
[pcd_ndt_localizer-1] [WARN] [1785326217.600786244] [pcd_ndt_localizer]: Waiting for /initialpose before running NDT localization
[pcd_ndt_localizer-1] [WARN] [1785326219.701050573] [pcd_ndt_localizer]: Waiting for /initialpose before running NDT localization
[pcd_ndt_localizer-1] [WARN] [1785326221.800926217] [pcd_ndt_localizer]: Waiting for /initialpose before running NDT localization
[pcd_ndt_localizer-1] [WARN] [1785326223.803832133] [pcd_ndt_localizer]: Waiting for /initialpose before running NDT localization
[pcd_ndt_localizer-1] [WARN] [1785326225.900986694] [pcd_ndt_localizer]: Waiting for /initialpose before running NDT localization
[pcd_ndt_localizer-1] [WARN] [1785326227.902266220] [pcd_ndt_localizer]: Waiting for /initialpose before running NDT localization
[pcd_ndt_localizer-1] [WARN] [1785326230.001495346] [pcd_ndt_localizer]: Waiting for /initialpose before running NDT localization
[pcd_ndt_localizer-1] [WARN] [1785326232.001513326] [pcd_ndt_localizer]: Waiting for /initialpose before running NDT localization
[pcd_ndt_localizer-1] [WARN] [1785326234.101555440] [pcd_ndt_localizer]: Waiting for /initialpose before running NDT localization
[pcd_ndt_localizer-1] [WARN] [1785326236.200764533] [pcd_ndt_localizer]: Waiting for /initialpose before running NDT localization
[pcd_ndt_localizer-1] [WARN] [1785326238.303810875] [pcd_ndt_localizer]: Waiting for /initialpose before running NDT localization
[pcd_ndt_localizer-1] [WARN] [1785326240.402694966] [pcd_ndt_localizer]: Waiting for /initialpose before running NDT localization
[pcd_ndt_localizer-1] [WARN] [1785326242.501689748] [pcd_ndt_localizer]: Waiting for /initialpose before running NDT localization
[pcd_ndt_localizer-1] [WARN] [1785326244.600055933] [pcd_ndt_localizer]: Waiting for /initialpose before running NDT localization
[pcd_ndt_localizer-1] [WARN] [1785326246.601674319] [pcd_ndt_localizer]: Waiting for /initialpose before running NDT localization
[pcd_ndt_localizer-1] [WARN] [1785326248.701838612] [pcd_ndt_localizer]: Waiting for /initialpose before running NDT localization
[pcd_ndt_localizer-1] [WARN] [1785326250.802859990] [pcd_ndt_localizer]: Waiting for /initialpose before running NDT localization
[pcd_ndt_localizer-1] [WARN] [1785326252.901645486] [pcd_ndt_localizer]: Waiting for /initialpose before running NDT localization
[pcd_ndt_localizer-1] [WARN] [1785326255.000962967] [pcd_ndt_localizer]: Waiting for /initialpose before running NDT localization
[pcd_ndt_localizer-1] [WARN] [1785326257.001674570] [pcd_ndt_localizer]: Waiting for /initialpose before running NDT localization
[pcd_ndt_localizer-1] [WARN] [1785326259.101505732] [pcd_ndt_localizer]: Waiting for /initialpose before running NDT localization
[pcd_ndt_localizer-1] [WARN] [1785326261.200729482] [pcd_ndt_localizer]: Waiting for /initialpose before running NDT localization
[pcd_ndt_localizer-1] [WARN] [1785326263.300581029] [pcd_ndt_localizer]: Waiting for /initialpose before running NDT localization
[pcd_ndt_localizer-1] [WARN] [1785326265.301126579] [pcd_ndt_localizer]: Waiting for /initialpose before running NDT localization
[pcd_ndt_localizer-1] [WARN] [1785326267.400383898] [pcd_ndt_localizer]: Waiting for /initialpose before running NDT localization
[pcd_ndt_localizer-1] [WARN] [1785326269.500860522] [pcd_ndt_localizer]: Waiting for /initialpose before running NDT localization
[pcd_ndt_localizer-1] [WARN] [1785326271.600775655] [pcd_ndt_localizer]: Waiting for /initialpose before running NDT localization
[pcd_ndt_localizer-1] [WARN] [1785326273.700327864] [pcd_ndt_localizer]: Waiting for /initialpose before running NDT localization
[pcd_ndt_localizer-1] [WARN] [1785326275.797896999] [pcd_ndt_localizer]: Waiting for /initialpose before running NDT localization
[pcd_ndt_localizer-1] [WARN] [1785326277.800224400] [pcd_ndt_localizer]: Waiting for /initialpose before running NDT localization
[pcd_ndt_localizer-1] [WARN] [1785326279.888988825] [pcd_ndt_localizer]: Waiting for /initialpose before running NDT localization
[pcd_ndt_localizer-1] [WARN] [1785326281.900842208] [pcd_ndt_localizer]: Waiting for /initialpose before running NDT localization
[pcd_ndt_localizer-1] [WARN] [1785326283.989970613] [pcd_ndt_localizer]: Waiting for /initialpose before running NDT localization
[pcd_ndt_localizer-1] [WARN] [1785326286.001531122] [pcd_ndt_localizer]: Waiting for /initialpose before running NDT localization
[pcd_ndt_localizer-1] [WARN] [1785326288.100714327] [pcd_ndt_localizer]: Waiting for /initialpose before running NDT localization
[pcd_ndt_localizer-1] [WARN] [1785326290.188791721] [pcd_ndt_localizer]: Waiting for /initialpose before running NDT localization
[pcd_ndt_localizer-1] [WARN] [1785326292.200956922] [pcd_ndt_localizer]: Waiting for /initialpose before running NDT localization
[pcd_ndt_localizer-1] [WARN] [1785326294.301642929] [pcd_ndt_localizer]: Waiting for /initialpose before running NDT localization
[pcd_ndt_localizer-1] [WARN] [1785326296.390445884] [pcd_ndt_localizer]: Waiting for /initialpose before running NDT localization
[pcd_ndt_localizer-1] [WARN] [1785326298.401240415] [pcd_ndt_localizer]: Waiting for /initialpose before running NDT localization
[pcd_ndt_localizer-1] [WARN] [1785326300.401652296] [pcd_ndt_localizer]: Waiting for /initialpose before running NDT localization
[pcd_ndt_localizer-1] [WARN] [1785326302.503611049] [pcd_ndt_localizer]: Waiting for /initialpose before running NDT localization
[pcd_ndt_localizer-1] [WARN] [1785326304.600083316] [pcd_ndt_localizer]: Waiting for /initialpose before running NDT localization
[pcd_ndt_localizer-1] [WARN] [1785326306.600690019] [pcd_ndt_localizer]: Waiting for /initialpose before running NDT localization
[pcd_ndt_localizer-1] [WARN] [1785326308.701210100] [pcd_ndt_localizer]: Waiting for /initialpose before running NDT localization
[pcd_ndt_localizer-1] [WARN] [1785326310.801083824] [pcd_ndt_localizer]: Waiting for /initialpose before running NDT localization
[pcd_ndt_localizer-1] [WARN] [1785326312.901096369] [pcd_ndt_localizer]: Waiting for /initialpose before running NDT localization
[pcd_ndt_localizer-1] [WARN] [1785326315.001341913] [pcd_ndt_localizer]: Waiting for /initialpose before running NDT localization
[pcd_ndt_localizer-1] [WARN] [1785326317.001406518] [pcd_ndt_localizer]: Waiting for /initialpose before running NDT localization
[pcd_ndt_localizer-1] [WARN] [1785326319.101167854] [pcd_ndt_localizer]: Waiting for /initialpose before running NDT localization
[pcd_ndt_localizer-1] [WARN] [1785326321.201253297] [pcd_ndt_localizer]: Waiting for /initialpose before running NDT localization
[pcd_ndt_localizer-1] [WARN] [1785326323.301711200] [pcd_ndt_localizer]: Waiting for /initialpose before running NDT localization
[pcd_ndt_localizer-1] [WARN] [1785326325.400727871] [pcd_ndt_localizer]: Waiting for /initialpose before running NDT localization
[pcd_ndt_localizer-1] [WARN] [1785326327.402036806] [pcd_ndt_localizer]: Waiting for /initialpose before running NDT localization
[pcd_ndt_localizer-1] [WARN] [1785326329.502371377] [pcd_ndt_localizer]: Waiting for /initialpose before running NDT localization
[pcd_ndt_localizer-1] [WARN] [1785326331.603260591] [pcd_ndt_localizer]: Waiting for /initialpose before running NDT localization
[pcd_ndt_localizer-1] [WARN] [1785326333.702859010] [pcd_ndt_localizer]: Waiting for /initialpose before running NDT localization
[pcd_ndt_localizer-1] [WARN] [1785326335.801064102] [pcd_ndt_localizer]: Waiting for /initialpose before running NDT localization
[pcd_ndt_localizer-1] [WARN] [1785326337.894572941] [pcd_ndt_localizer]: Waiting for /initialpose before running NDT localization
[pcd_ndt_localizer-1] [WARN] [1785326339.901454478] [pcd_ndt_localizer]: Waiting for /initialpose before running NDT localization
