nohup: 忽略输入
[INFO] [launch]: All log files can be found below /home/seeed/.ros/log/2026-07-02-11-39-26-140030-seeed-8328
[INFO] [launch]: Default logging verbosity is set to INFO
[INFO] [fastlio_mapping-1]: process started with pid [8344]
[fastlio_mapping-1] [INFO] [1782963566.417864856] [laser_mapping]: p_pre->lidar_type 1
[fastlio_mapping-1] Multi thread started 
[fastlio_mapping-1] ~~~~/home/seeed/ros2/ws/src/slam/fast_lio/ file opened
[fastlio_mapping-1] [INFO] [1782963566.433220423] [laser_mapping]: Node init finished.
[fastlio_mapping-1] [WARN] [1782963568.443160964] [laser_mapping]: No point, skip this scan!
[fastlio_mapping-1] 
[fastlio_mapping-1] [WARN] [1782963568.544208542] [laser_mapping]: No point, skip this scan!
[fastlio_mapping-1] 
[fastlio_mapping-1] [WARN] [1782963568.642267127] [laser_mapping]: No point, skip this scan!
[fastlio_mapping-1] 
[fastlio_mapping-1] [WARN] [1782963568.742252687] [laser_mapping]: No point, skip this scan!
[fastlio_mapping-1] 
[fastlio_mapping-1] IMU Initial Done
[fastlio_mapping-1] [WARN] [1782963568.842368394] [laser_mapping]: No point, skip this scan!
[fastlio_mapping-1] 
[fastlio_mapping-1] [INFO] [1782963568.936950580] [laser_mapping]: Initialize the map kdtree
[fastlio_mapping-1] [INFO] [1782963998.496649607] [rclcpp]: signal_handler(SIGINT/SIGTERM)
[fastlio_mapping-1] Rebuild thread terminated normally
[INFO] [fastlio_mapping-1]: process has finished cleanly [pid 8344]
