[INFO] [launch]: All log files can be found below /home/seeed/.ros/log/2026-08-01-15-33-44-622845-seeed-8027
[INFO] [launch]: Default logging verbosity is set to INFO
[INFO] [fastlio_mapping-1]: process started with pid [8155]
[fastlio_mapping-1] [INFO] [1785569624.946857904] [laser_mapping]: p_pre->lidar_type 1
[fastlio_mapping-1] Multi thread started 
[fastlio_mapping-1] ~~~~/home/seeed/ros2/ws/src/slam/fast_lio/ file opened
[fastlio_mapping-1] [INFO] [1785569624.958128688] [laser_mapping]: IMU subscription queue depth: 1000
[fastlio_mapping-1] [INFO] [1785569624.965964827] [laser_mapping]: Node init finished.
[fastlio_mapping-1] [WARN] [1785569639.356682120] [laser_mapping]: No point, skip this scan!
[fastlio_mapping-1] 
[fastlio_mapping-1] [WARN] [1785569639.555231288] [laser_mapping]: No point, skip this scan!
[fastlio_mapping-1] 
[fastlio_mapping-1] [WARN] [1785569639.755130774] [laser_mapping]: No point, skip this scan!
[fastlio_mapping-1] 
[fastlio_mapping-1] [WARN] [1785569639.955528101] [laser_mapping]: No point, skip this scan!
[fastlio_mapping-1] 
[fastlio_mapping-1] IMU Initial Done
[fastlio_mapping-1] [WARN] [1785569640.155077879] [laser_mapping]: No point, skip this scan!
[fastlio_mapping-1] 
[fastlio_mapping-1] [INFO] [1785569640.377396913] [laser_mapping]: Initialize the map kdtree
[fastlio_mapping-1] [INFO] [1785571977.236180614] [laser_mapping]: Saving map to /home/seeed/ros2/maps/replay/fastlio_map_manual_002.pcd...
[fastlio_mapping-1] [INFO] [1785571977.994849087] [laser_mapping]: Map saved. points=6771131 source=accumulated_map_cloud path=/home/seeed/ros2/maps/replay/fastlio_map_manual_002.pcd
