[INFO] [launch]: All log files can be found below /home/seeed/.ros/log/2026-07-15-15-48-52-543162-seeed-31894
[INFO] [launch]: Default logging verbosity is set to INFO
[INFO] [fastlio_mapping-1]: process started with pid [31969]
[fastlio_mapping-1] [INFO] [1784101732.809384526] [laser_mapping]: p_pre->lidar_type 1
[fastlio_mapping-1] [INFO] [1784101732.809769307] [laser_mapping]: LiDAR exclusion box enabled=true x=[-0.300,0.350] y=[0.020,0.600] z=[-0.080,0.420]
[fastlio_mapping-1] Multi thread started 
[fastlio_mapping-1] ~~~~/home/seeed/ros2/ws/src/slam/fast_lio/ file opened
[fastlio_mapping-1] [INFO] [1784101732.824221733] [laser_mapping]: Node init finished.
[fastlio_mapping-1] [WARN] [1784101738.293620264] [laser_mapping]: No point, skip this scan!
[fastlio_mapping-1] 
[fastlio_mapping-1] [WARN] [1784101738.302053669] [laser_mapping]: No point, skip this scan!
[fastlio_mapping-1] 
[fastlio_mapping-1] [WARN] [1784101738.320534231] [laser_mapping]: No point, skip this scan!
[fastlio_mapping-1] 
[fastlio_mapping-1] [WARN] [1784101738.340222033] [laser_mapping]: No point, skip this scan!
[fastlio_mapping-1] 
[fastlio_mapping-1] [WARN] [1784101738.360216758] [laser_mapping]: No point, skip this scan!
[fastlio_mapping-1] 
[fastlio_mapping-1] [WARN] [1784101738.380244508] [laser_mapping]: No point, skip this scan!
[fastlio_mapping-1] 
[fastlio_mapping-1] [WARN] [1784101738.400285091] [laser_mapping]: No point, skip this scan!
[fastlio_mapping-1] 
[fastlio_mapping-1] IMU Initial Done
[fastlio_mapping-1] [WARN] [1784101738.420432685] [laser_mapping]: No point, skip this scan!
[fastlio_mapping-1] 
[fastlio_mapping-1] [INFO] [1784101738.443844037] [laser_mapping]: Initialize the map kdtree
[fastlio_mapping-1] [INFO] [1784102186.925762555] [laser_mapping]: Saving map to /home/seeed/ros2/maps/replay/fastlio_map_manual_001.pcd...
[fastlio_mapping-1] [INFO] [1784102186.957739862] [laser_mapping]: Map saved. points=210462 source=accumulated_map_cloud path=/home/seeed/ros2/maps/replay/fastlio_map_manual_001.pcd
