[INFO] [launch]: All log files can be found below /home/seeed/.ros/log/2026-07-29-18-09-19-467815-seeed-6782
[INFO] [launch]: Default logging verbosity is set to INFO
[INFO] [fastlio_mapping-1]: process started with pid [6910]
[fastlio_mapping-1] [INFO] [1785319759.739474678] [laser_mapping]: p_pre->lidar_type 1
[fastlio_mapping-1] Multi thread started 
[fastlio_mapping-1] ~~~~/home/seeed/ros2/ws/src/slam/fast_lio/ file opened
[fastlio_mapping-1] [INFO] [1785319759.748398780] [laser_mapping]: IMU subscription queue depth: 1000
[fastlio_mapping-1] [INFO] [1785319759.756943604] [laser_mapping]: Node init finished.
[fastlio_mapping-1] [WARN] [1785319773.122155481] [laser_mapping]: No point, skip this scan!
[fastlio_mapping-1] 
[fastlio_mapping-1] [WARN] [1785319773.322236037] [laser_mapping]: No point, skip this scan!
[fastlio_mapping-1] 
[fastlio_mapping-1] [WARN] [1785319773.502078319] [laser_mapping]: No point, skip this scan!
[fastlio_mapping-1] 
[fastlio_mapping-1] [WARN] [1785319773.722083955] [laser_mapping]: No point, skip this scan!
[fastlio_mapping-1] 
[fastlio_mapping-1] IMU Initial Done
[fastlio_mapping-1] [WARN] [1785319773.922644401] [laser_mapping]: No point, skip this scan!
[fastlio_mapping-1] 
[fastlio_mapping-1] [INFO] [1785319774.110469470] [laser_mapping]: Initialize the map kdtree
[fastlio_mapping-1] [INFO] [1785320408.972331535] [laser_mapping]: Saving map to /home/seeed/ros2/maps/replay/fastlio_map_manual_001.pcd...
[fastlio_mapping-1] [INFO] [1785320409.149959988] [laser_mapping]: Map saved. points=1751893 source=accumulated_map_cloud path=/home/seeed/ros2/maps/replay/fastlio_map_manual_001.pcd
