[INFO] [launch]: All log files can be found below /home/seeed/.ros/log/2026-07-06-10-25-09-861747-seeed-12280
[INFO] [launch]: Default logging verbosity is set to INFO
[INFO] [fastlio_mapping-1]: process started with pid [12315]
[fastlio_mapping-1] [INFO] [1783304710.157455748] [laser_mapping]: p_pre->lidar_type 1
[fastlio_mapping-1] Multi thread started 
[fastlio_mapping-1] ~~~~/home/seeed/ros2/ws/src/slam/fast_lio/ file opened
[fastlio_mapping-1] [INFO] [1783304710.172294608] [laser_mapping]: Node init finished.
[fastlio_mapping-1] [WARN] [1783304717.432019846] [laser_mapping]: No point, skip this scan!
[fastlio_mapping-1] 
[fastlio_mapping-1] [WARN] [1783304717.625837346] [laser_mapping]: No point, skip this scan!
[fastlio_mapping-1] 
[fastlio_mapping-1] [WARN] [1783304717.831708077] [laser_mapping]: No point, skip this scan!
[fastlio_mapping-1] 
[fastlio_mapping-1] [WARN] [1783304718.031755704] [laser_mapping]: No point, skip this scan!
[fastlio_mapping-1] 
[fastlio_mapping-1] IMU Initial Done
[fastlio_mapping-1] [WARN] [1783304718.225321067] [laser_mapping]: No point, skip this scan!
[fastlio_mapping-1] 
[fastlio_mapping-1] [INFO] [1783304718.438460071] [laser_mapping]: Initialize the map kdtree
[fastlio_mapping-1] [INFO] [1783305359.163931922] [laser_mapping]: Saving map to /home/seeed/ros2/maps/replay/fastlio_map_from_raw_livox_20260703_124600_20260706_102504.pcd...
[fastlio_mapping-1] [INFO] [1783305359.254164805] [laser_mapping]: Map saved. points=733526 source=accumulated_map_cloud path=/home/seeed/ros2/maps/replay/fastlio_map_from_raw_livox_20260703_124600_20260706_102504.pcd
