[INFO] [launch]: All log files can be found below /home/seeed/.ros/log/2026-07-07-14-55-36-621374-seeed-11600
[INFO] [launch]: Default logging verbosity is set to INFO
[INFO] [fastlio_mapping-1]: process started with pid [11675]
[fastlio_mapping-1] [INFO] [1783407336.880524662] [laser_mapping]: p_pre->lidar_type 1
[fastlio_mapping-1] Multi thread started 
[fastlio_mapping-1] ~~~~/home/seeed/ros2/ws/src/slam/fast_lio/ file opened
[fastlio_mapping-1] [INFO] [1783407336.893523069] [laser_mapping]: Node init finished.
[fastlio_mapping-1] [WARN] [1783407344.203227004] [laser_mapping]: No point, skip this scan!
[fastlio_mapping-1] 
[fastlio_mapping-1] [WARN] [1783407344.403117307] [laser_mapping]: No point, skip this scan!
[fastlio_mapping-1] 
[fastlio_mapping-1] [WARN] [1783407344.603145055] [laser_mapping]: No point, skip this scan!
[fastlio_mapping-1] 
[fastlio_mapping-1] [WARN] [1783407344.803208547] [laser_mapping]: No point, skip this scan!
[fastlio_mapping-1] 
[fastlio_mapping-1] IMU Initial Done
[fastlio_mapping-1] [WARN] [1783407345.003405547] [laser_mapping]: No point, skip this scan!
[fastlio_mapping-1] 
[fastlio_mapping-1] [INFO] [1783407345.207091133] [laser_mapping]: Initialize the map kdtree
[fastlio_mapping-1] No Effective Points!
[fastlio_mapping-1] No Effective Points!
[fastlio_mapping-1] No Effective Points!
[fastlio_mapping-1] No Effective Points!
