[INFO] [launch]: All log files can be found below /home/seeed/.ros/log/2026-07-07-14-06-45-307705-seeed-7354
[INFO] [launch]: Default logging verbosity is set to INFO
[INFO] [fastlio_mapping-1]: process started with pid [7429]
[fastlio_mapping-1] [INFO] [1783404405.570932309] [laser_mapping]: p_pre->lidar_type 1
[fastlio_mapping-1] Multi thread started 
[fastlio_mapping-1] ~~~~/home/seeed/ros2/ws/src/slam/fast_lio/ file opened
[fastlio_mapping-1] [INFO] [1783404405.583447505] [laser_mapping]: Node init finished.
[fastlio_mapping-1] [WARN] [1783404409.885768346] [laser_mapping]: No point, skip this scan!
[fastlio_mapping-1] 
[fastlio_mapping-1] [WARN] [1783404410.089328679] [laser_mapping]: No point, skip this scan!
[fastlio_mapping-1] 
[fastlio_mapping-1] [WARN] [1783404410.288154403] [laser_mapping]: No point, skip this scan!
[fastlio_mapping-1] 
[fastlio_mapping-1] [WARN] [1783404410.485969697] [laser_mapping]: No point, skip this scan!
[fastlio_mapping-1] 
[fastlio_mapping-1] IMU Initial Done
[fastlio_mapping-1] [WARN] [1783404410.704889504] [laser_mapping]: No point, skip this scan!
[fastlio_mapping-1] 
[fastlio_mapping-1] [INFO] [1783404410.892088859] [laser_mapping]: Initialize the map kdtree
[fastlio_mapping-1] [INFO] [1783404451.803417480] [laser_mapping]: Saving map to /home/seeed/ros2/maps/replay/fastlio_map_from_raw_livox_live_10s_20260707_140310_20260707_140640.pcd...
[fastlio_mapping-1] [INFO] [1783404451.805751119] [laser_mapping]: Map saved. points=9783 source=accumulated_map_cloud path=/home/seeed/ros2/maps/replay/fastlio_map_from_raw_livox_live_10s_20260707_140310_20260707_140640.pcd
