[INFO] [launch]: All log files can be found below /home/seeed/.ros/log/2026-07-29-19-39-39-486527-seeed-16289
[INFO] [launch]: Default logging verbosity is set to INFO
[INFO] [pcd_ndt_localizer-1]: process started with pid [16364]
[pcd_ndt_localizer-1] [INFO] [1785325179.790874902] [pcd_ndt_localizer]: Loaded map /home/seeed/ros2/maps/replay/fastlio_map_manual_001_level_20260729.pcd raw=238453 filtered=14611 leaf=0.250
[pcd_ndt_localizer-1] [INFO] [1785325179.794511890] [pcd_ndt_localizer]: PCD occupancy grid ready. raw=238453 kept=31209 occupied_cells=1618 size=185x191 res=0.100 z=[0.15, 1.20] min_points=3 min_z_span=0.15
[pcd_ndt_localizer-1] [INFO] [1785325179.817535869] [pcd_ndt_localizer]: PCD NDT localization ready. map=/home/seeed/ros2/maps/replay/fastlio_map_manual_001_level_20260729.pcd points=14611 require_initial_pose=1 reject_occupied_pose=1
[pcd_ndt_localizer-1] [WARN] [1785325181.935464594] [pcd_ndt_localizer]: Waiting for /initialpose before running NDT localization
[pcd_ndt_localizer-1] [WARN] [1785325183.936883008] [pcd_ndt_localizer]: Waiting for /initialpose before running NDT localization
[pcd_ndt_localizer-1] [WARN] [1785325186.044432182] [pcd_ndt_localizer]: Waiting for /initialpose before running NDT localization
[pcd_ndt_localizer-1] [WARN] [1785325188.046674336] [pcd_ndt_localizer]: Waiting for /initialpose before running NDT localization
[pcd_ndt_localizer-1] [WARN] [1785325190.146936544] [pcd_ndt_localizer]: Waiting for /initialpose before running NDT localization
[pcd_ndt_localizer-1] [WARN] [1785325192.147253801] [pcd_ndt_localizer]: Waiting for /initialpose before running NDT localization
[pcd_ndt_localizer-1] [WARN] [1785325194.245871376] [pcd_ndt_localizer]: Waiting for /initialpose before running NDT localization
[pcd_ndt_localizer-1] [WARN] [1785325196.343964774] [pcd_ndt_localizer]: Waiting for /initialpose before running NDT localization
[pcd_ndt_localizer-1] [WARN] [1785325198.347965804] [pcd_ndt_localizer]: Waiting for /initialpose before running NDT localization
[pcd_ndt_localizer-1] [WARN] [1785325200.446050114] [pcd_ndt_localizer]: Waiting for /initialpose before running NDT localization
[pcd_ndt_localizer-1] [WARN] [1785325202.446398028] [pcd_ndt_localizer]: Waiting for /initialpose before running NDT localization
[pcd_ndt_localizer-1] [WARN] [1785325204.544102293] [pcd_ndt_localizer]: Waiting for /initialpose before running NDT localization
[pcd_ndt_localizer-1] [WARN] [1785325206.546320830] [pcd_ndt_localizer]: Waiting for /initialpose before running NDT localization
[pcd_ndt_localizer-1] [WARN] [1785325208.647266933] [pcd_ndt_localizer]: Waiting for /initialpose before running NDT localization
[pcd_ndt_localizer-1] [WARN] [1785325210.648258581] [pcd_ndt_localizer]: Waiting for /initialpose before running NDT localization
[pcd_ndt_localizer-1] [WARN] [1785325212.745737046] [pcd_ndt_localizer]: Waiting for /initialpose before running NDT localization
[pcd_ndt_localizer-1] [WARN] [1785325214.839881254] [pcd_ndt_localizer]: Waiting for /initialpose before running NDT localization
[pcd_ndt_localizer-1] [WARN] [1785325216.845709322] [pcd_ndt_localizer]: Waiting for /initialpose before running NDT localization
[pcd_ndt_localizer-1] [WARN] [1785325218.943808192] [pcd_ndt_localizer]: Waiting for /initialpose before running NDT localization
[pcd_ndt_localizer-1] [WARN] [1785325220.948017965] [pcd_ndt_localizer]: Waiting for /initialpose before running NDT localization
[pcd_ndt_localizer-1] [WARN] [1785325223.046470223] [pcd_ndt_localizer]: Waiting for /initialpose before running NDT localization
[pcd_ndt_localizer-1] [WARN] [1785325225.147642061] [pcd_ndt_localizer]: Waiting for /initialpose before running NDT localization
[pcd_ndt_localizer-1] [WARN] [1785325227.148282689] [pcd_ndt_localizer]: Waiting for /initialpose before running NDT localization
[pcd_ndt_localizer-1] [WARN] [1785325229.239036990] [pcd_ndt_localizer]: Waiting for /initialpose before running NDT localization
[pcd_ndt_localizer-1] [WARN] [1785325231.270287998] [pcd_ndt_localizer]: Waiting for /initialpose before running NDT localization
[pcd_ndt_localizer-1] [WARN] [1785325233.335361591] [pcd_ndt_localizer]: Waiting for /initialpose before running NDT localization
[pcd_ndt_localizer-1] [WARN] [1785325235.349871968] [pcd_ndt_localizer]: Waiting for /initialpose before running NDT localization
[pcd_ndt_localizer-1] [WARN] [1785325237.448806355] [pcd_ndt_localizer]: Waiting for /initialpose before running NDT localization
[pcd_ndt_localizer-1] [WARN] [1785325239.546436761] [pcd_ndt_localizer]: Waiting for /initialpose before running NDT localization
[pcd_ndt_localizer-1] [WARN] [1785325241.548380057] [pcd_ndt_localizer]: Waiting for /initialpose before running NDT localization
[pcd_ndt_localizer-1] [WARN] [1785325243.645959774] [pcd_ndt_localizer]: Waiting for /initialpose before running NDT localization
[pcd_ndt_localizer-1] [WARN] [1785325245.646270151] [pcd_ndt_localizer]: Waiting for /initialpose before running NDT localization
[pcd_ndt_localizer-1] [WARN] [1785325247.744425695] [pcd_ndt_localizer]: Waiting for /initialpose before running NDT localization
[pcd_ndt_localizer-1] [WARN] [1785325249.746320349] [pcd_ndt_localizer]: Waiting for /initialpose before running NDT localization
[pcd_ndt_localizer-1] [WARN] [1785325251.844565368] [pcd_ndt_localizer]: Waiting for /initialpose before running NDT localization
[pcd_ndt_localizer-1] [WARN] [1785325253.846108235] [pcd_ndt_localizer]: Waiting for /initialpose before running NDT localization
[pcd_ndt_localizer-1] [WARN] [1785325255.847701471] [pcd_ndt_localizer]: Waiting for /initialpose before running NDT localization
[pcd_ndt_localizer-1] [WARN] [1785325257.946362632] [pcd_ndt_localizer]: Waiting for /initialpose before running NDT localization
[pcd_ndt_localizer-1] [WARN] [1785325259.947645458] [pcd_ndt_localizer]: Waiting for /initialpose before running NDT localization
[pcd_ndt_localizer-1] [WARN] [1785325261.947850296] [pcd_ndt_localizer]: Waiting for /initialpose before running NDT localization
[pcd_ndt_localizer-1] [WARN] [1785325264.046743400] [pcd_ndt_localizer]: Waiting for /initialpose before running NDT localization
[pcd_ndt_localizer-1] [WARN] [1785325266.147379316] [pcd_ndt_localizer]: Waiting for /initialpose before running NDT localization
[pcd_ndt_localizer-1] [WARN] [1785325268.147653340] [pcd_ndt_localizer]: Waiting for /initialpose before running NDT localization
[pcd_ndt_localizer-1] [WARN] [1785325270.148278320] [pcd_ndt_localizer]: Waiting for /initialpose before running NDT localization
[pcd_ndt_localizer-1] [WARN] [1785325272.149511896] [pcd_ndt_localizer]: Waiting for /initialpose before running NDT localization
[pcd_ndt_localizer-1] [WARN] [1785325274.246603308] [pcd_ndt_localizer]: Waiting for /initialpose before running NDT localization
[pcd_ndt_localizer-1] [WARN] [1785325276.337119649] [pcd_ndt_localizer]: Waiting for /initialpose before running NDT localization
[pcd_ndt_localizer-1] [WARN] [1785325278.346447963] [pcd_ndt_localizer]: Waiting for /initialpose before running NDT localization
[pcd_ndt_localizer-1] [WARN] [1785325280.446683322] [pcd_ndt_localizer]: Waiting for /initialpose before running NDT localization
[pcd_ndt_localizer-1] [WARN] [1785325282.535052103] [pcd_ndt_localizer]: Waiting for /initialpose before running NDT localization
[pcd_ndt_localizer-1] [WARN] [1785325285.128521496] [pcd_ndt_localizer]: Waiting for /initialpose before running NDT localization
[pcd_ndt_localizer-1] [WARN] [1785325287.136124439] [pcd_ndt_localizer]: Waiting for /initialpose before running NDT localization
[pcd_ndt_localizer-1] [WARN] [1785325289.144204743] [pcd_ndt_localizer]: Waiting for /initialpose before running NDT localization
[pcd_ndt_localizer-1] [WARN] [1785325291.155088950] [pcd_ndt_localizer]: Waiting for /initialpose before running NDT localization
[pcd_ndt_localizer-1] [WARN] [1785325293.240113586] [pcd_ndt_localizer]: Waiting for /initialpose before running NDT localization
[pcd_ndt_localizer-1] [WARN] [1785325295.246563146] [pcd_ndt_localizer]: Waiting for /initialpose before running NDT localization
[pcd_ndt_localizer-1] [WARN] [1785325297.346063024] [pcd_ndt_localizer]: Waiting for /initialpose before running NDT localization
[pcd_ndt_localizer-1] [WARN] [1785325299.347080433] [pcd_ndt_localizer]: Waiting for /initialpose before running NDT localization
[pcd_ndt_localizer-1] [WARN] [1785325301.446340878] [pcd_ndt_localizer]: Waiting for /initialpose before running NDT localization
[pcd_ndt_localizer-1] [WARN] [1785325303.446557300] [pcd_ndt_localizer]: Waiting for /initialpose before running NDT localization
[pcd_ndt_localizer-1] [WARN] [1785325305.448494548] [pcd_ndt_localizer]: Waiting for /initialpose before running NDT localization
[pcd_ndt_localizer-1] [WARN] [1785325307.546906773] [pcd_ndt_localizer]: Waiting for /initialpose before running NDT localization
[pcd_ndt_localizer-1] [WARN] [1785325309.646907947] [pcd_ndt_localizer]: Waiting for /initialpose before running NDT localization
[pcd_ndt_localizer-1] [WARN] [1785325311.747146729] [pcd_ndt_localizer]: Waiting for /initialpose before running NDT localization
[pcd_ndt_localizer-1] [WARN] [1785325313.747455602] [pcd_ndt_localizer]: Waiting for /initialpose before running NDT localization
[pcd_ndt_localizer-1] [WARN] [1785325315.846537866] [pcd_ndt_localizer]: Waiting for /initialpose before running NDT localization
[pcd_ndt_localizer-1] [WARN] [1785325317.947299386] [pcd_ndt_localizer]: Waiting for /initialpose before running NDT localization
[pcd_ndt_localizer-1] [WARN] [1785325320.049173360] [pcd_ndt_localizer]: Waiting for /initialpose before running NDT localization
[pcd_ndt_localizer-1] [WARN] [1785325322.146743156] [pcd_ndt_localizer]: Waiting for /initialpose before running NDT localization
[pcd_ndt_localizer-1] [WARN] [1785325324.148070943] [pcd_ndt_localizer]: Waiting for /initialpose before running NDT localization
[pcd_ndt_localizer-1] [WARN] [1785325326.149752823] [pcd_ndt_localizer]: Waiting for /initialpose before running NDT localization
[pcd_ndt_localizer-1] [WARN] [1785325328.249064246] [pcd_ndt_localizer]: Waiting for /initialpose before running NDT localization
[pcd_ndt_localizer-1] [WARN] [1785325330.346167530] [pcd_ndt_localizer]: Waiting for /initialpose before running NDT localization
[pcd_ndt_localizer-1] [WARN] [1785325332.352120754] [pcd_ndt_localizer]: Waiting for /initialpose before running NDT localization
[pcd_ndt_localizer-1] [WARN] [1785325334.445918583] [pcd_ndt_localizer]: Waiting for /initialpose before running NDT localization
[pcd_ndt_localizer-1] [WARN] [1785325336.535931387] [pcd_ndt_localizer]: Waiting for /initialpose before running NDT localization
[pcd_ndt_localizer-1] [WARN] [1785325338.546271735] [pcd_ndt_localizer]: Waiting for /initialpose before running NDT localization
[pcd_ndt_localizer-1] [WARN] [1785325340.648194959] [pcd_ndt_localizer]: Waiting for /initialpose before running NDT localization
