[INFO] [launch]: All log files can be found below /home/seeed/.ros/log/2026-07-29-19-32-13-605982-seeed-14520
[INFO] [launch]: Default logging verbosity is set to INFO
[INFO] [fastlio_mapping-1]: process started with pid [14595]
[fastlio_mapping-1] [INFO] [1785324733.867012653] [laser_mapping]: p_pre->lidar_type 1
[fastlio_mapping-1] Multi thread started 
[fastlio_mapping-1] ~~~~/home/seeed/ros2/ws/src/slam/fast_lio/ file opened
[fastlio_mapping-1] [INFO] [1785324733.873907767] [laser_mapping]: IMU subscription queue depth: 1000
[fastlio_mapping-1] [INFO] [1785324733.881556954] [laser_mapping]: Node init finished.
[fastlio_mapping-1] [WARN] [1785324736.620850537] [laser_mapping]: No point, skip this scan!
[fastlio_mapping-1] 
[fastlio_mapping-1] [WARN] [1785324736.720952683] [laser_mapping]: No point, skip this scan!
[fastlio_mapping-1] 
[fastlio_mapping-1] [WARN] [1785324736.820744194] [laser_mapping]: No point, skip this scan!
[fastlio_mapping-1] 
[fastlio_mapping-1] [WARN] [1785324736.915160388] [laser_mapping]: No point, skip this scan!
[fastlio_mapping-1] 
[fastlio_mapping-1] IMU Initial Done
[fastlio_mapping-1] [WARN] [1785324737.020950151] [laser_mapping]: No point, skip this scan!
[fastlio_mapping-1] 
[fastlio_mapping-1] [INFO] [1785324737.124952173] [laser_mapping]: Initialize the map kdtree
