[INFO] [launch]: All log files can be found below /home/seeed/.ros/log/2026-08-04-14-09-40-373684-seeed-37027
[INFO] [launch]: Default logging verbosity is set to INFO
[INFO] [pcd_ndt_localizer-1]: process started with pid [37062]
[pcd_ndt_localizer-1] [INFO] [1785823780.810347568] [pcd_ndt_localizer]: Loaded map /home/seeed/ros2/maps/replay/fastlio_map_manual_002_level.pcd raw=956987 filtered=85459 leaf=0.250
[pcd_ndt_localizer-1] [INFO] [1785823780.822859488] [pcd_ndt_localizer]: PCD occupancy grid ready. raw=956987 kept=122150 occupied_cells=6035 size=716x521 res=0.100 z=[-0.64, 0.84] min_points=3 min_z_span=0.10
[pcd_ndt_localizer-1] [INFO] [1785823780.864797446] [pcd_ndt_localizer]: PCD NDT localization ready. map=/home/seeed/ros2/maps/replay/fastlio_map_manual_002_level.pcd points=85459 require_initial_pose=1 reject_occupied_pose=1
[pcd_ndt_localizer-1] [WARN] [1785823782.382087241] [pcd_ndt_localizer]: Waiting for /initialpose before running NDT localization
[pcd_ndt_localizer-1] [WARN] [1785823784.423018006] [pcd_ndt_localizer]: Waiting for /initialpose before running NDT localization
[pcd_ndt_localizer-1] [WARN] [1785823786.431425186] [pcd_ndt_localizer]: Waiting for /initialpose before running NDT localization
[pcd_ndt_localizer-1] [WARN] [1785823788.432797115] [pcd_ndt_localizer]: Waiting for /initialpose before running NDT localization
[pcd_ndt_localizer-1] [WARN] [1785823790.440764087] [pcd_ndt_localizer]: Waiting for /initialpose before running NDT localization
[pcd_ndt_localizer-1] [WARN] [1785823792.529633113] [pcd_ndt_localizer]: Waiting for /initialpose before running NDT localization
[pcd_ndt_localizer-1] [WARN] [1785823794.532474501] [pcd_ndt_localizer]: Waiting for /initialpose before running NDT localization
[pcd_ndt_localizer-1] [WARN] [1785823796.540629672] [pcd_ndt_localizer]: Waiting for /initialpose before running NDT localization
[pcd_ndt_localizer-1] [WARN] [1785823798.641690190] [pcd_ndt_localizer]: Waiting for /initialpose before running NDT localization
[pcd_ndt_localizer-1] [WARN] [1785823800.739049429] [pcd_ndt_localizer]: Waiting for /initialpose before running NDT localization
[pcd_ndt_localizer-1] [WARN] [1785823802.740158373] [pcd_ndt_localizer]: Waiting for /initialpose before running NDT localization
[pcd_ndt_localizer-1] [WARN] [1785823804.841987142] [pcd_ndt_localizer]: Waiting for /initialpose before running NDT localization
[pcd_ndt_localizer-1] [WARN] [1785823806.942018601] [pcd_ndt_localizer]: Waiting for /initialpose before running NDT localization
[pcd_ndt_localizer-1] [WARN] [1785823809.040165963] [pcd_ndt_localizer]: Waiting for /initialpose before running NDT localization
[pcd_ndt_localizer-1] [WARN] [1785823811.140777059] [pcd_ndt_localizer]: Waiting for /initialpose before running NDT localization
[pcd_ndt_localizer-1] [WARN] [1785823813.240310325] [pcd_ndt_localizer]: Waiting for /initialpose before running NDT localization
[pcd_ndt_localizer-1] [WARN] [1785823815.240464899] [pcd_ndt_localizer]: Waiting for /initialpose before running NDT localization
[pcd_ndt_localizer-1] [WARN] [1785823817.341722801] [pcd_ndt_localizer]: Waiting for /initialpose before running NDT localization
[pcd_ndt_localizer-1] [WARN] [1785823819.443545714] [pcd_ndt_localizer]: Waiting for /initialpose before running NDT localization
[pcd_ndt_localizer-1] [WARN] [1785823821.540017114] [pcd_ndt_localizer]: Waiting for /initialpose before running NDT localization
[pcd_ndt_localizer-1] [WARN] [1785823823.540598904] [pcd_ndt_localizer]: Waiting for /initialpose before running NDT localization
[pcd_ndt_localizer-1] [WARN] [1785823825.543567464] [pcd_ndt_localizer]: Waiting for /initialpose before running NDT localization
[pcd_ndt_localizer-1] [WARN] [1785823827.640675974] [pcd_ndt_localizer]: Waiting for /initialpose before running NDT localization
[pcd_ndt_localizer-1] [WARN] [1785823829.640959865] [pcd_ndt_localizer]: Waiting for /initialpose before running NDT localization
[pcd_ndt_localizer-1] [WARN] [1785823831.739312835] [pcd_ndt_localizer]: Waiting for /initialpose before running NDT localization
[pcd_ndt_localizer-1] [WARN] [1785823833.740349712] [pcd_ndt_localizer]: Waiting for /initialpose before running NDT localization
[pcd_ndt_localizer-1] [WARN] [1785823835.740620419] [pcd_ndt_localizer]: Waiting for /initialpose before running NDT localization
[pcd_ndt_localizer-1] [WARN] [1785823837.840997746] [pcd_ndt_localizer]: Waiting for /initialpose before running NDT localization
[pcd_ndt_localizer-1] [WARN] [1785823839.940437089] [pcd_ndt_localizer]: Waiting for /initialpose before running NDT localization
[pcd_ndt_localizer-1] [WARN] [1785823842.042172511] [pcd_ndt_localizer]: Waiting for /initialpose before running NDT localization
[pcd_ndt_localizer-1] [WARN] [1785823844.140521768] [pcd_ndt_localizer]: Waiting for /initialpose before running NDT localization
[pcd_ndt_localizer-1] [WARN] [1785823846.140656086] [pcd_ndt_localizer]: Waiting for /initialpose before running NDT localization
[pcd_ndt_localizer-1] [WARN] [1785823848.141741381] [pcd_ndt_localizer]: Waiting for /initialpose before running NDT localization
[pcd_ndt_localizer-1] [WARN] [1785823850.142812819] [pcd_ndt_localizer]: Waiting for /initialpose before running NDT localization
[pcd_ndt_localizer-1] [WARN] [1785823852.241796114] [pcd_ndt_localizer]: Waiting for /initialpose before running NDT localization
[pcd_ndt_localizer-1] [WARN] [1785823854.340259424] [pcd_ndt_localizer]: Waiting for /initialpose before running NDT localization
[pcd_ndt_localizer-1] [WARN] [1785823856.340798652] [pcd_ndt_localizer]: Waiting for /initialpose before running NDT localization
[pcd_ndt_localizer-1] [WARN] [1785823858.439082019] [pcd_ndt_localizer]: Waiting for /initialpose before running NDT localization
[pcd_ndt_localizer-1] [WARN] [1785823860.441572130] [pcd_ndt_localizer]: Waiting for /initialpose before running NDT localization
[pcd_ndt_localizer-1] [WARN] [1785823862.540142323] [pcd_ndt_localizer]: Waiting for /initialpose before running NDT localization
[pcd_ndt_localizer-1] [WARN] [1785823864.540437575] [pcd_ndt_localizer]: Waiting for /initialpose before running NDT localization
[pcd_ndt_localizer-1] [WARN] [1785823866.640528588] [pcd_ndt_localizer]: Waiting for /initialpose before running NDT localization
[pcd_ndt_localizer-1] [WARN] [1785823868.641717150] [pcd_ndt_localizer]: Waiting for /initialpose before running NDT localization
[pcd_ndt_localizer-1] [WARN] [1785823870.741302802] [pcd_ndt_localizer]: Waiting for /initialpose before running NDT localization
[pcd_ndt_localizer-1] [WARN] [1785823872.840813063] [pcd_ndt_localizer]: Waiting for /initialpose before running NDT localization
[pcd_ndt_localizer-1] [WARN] [1785823874.940228394] [pcd_ndt_localizer]: Waiting for /initialpose before running NDT localization
[pcd_ndt_localizer-1] [WARN] [1785823877.040198593] [pcd_ndt_localizer]: Waiting for /initialpose before running NDT localization
[pcd_ndt_localizer-1] [WARN] [1785823879.138990159] [pcd_ndt_localizer]: Waiting for /initialpose before running NDT localization
[pcd_ndt_localizer-1] [WARN] [1785823881.141634610] [pcd_ndt_localizer]: Waiting for /initialpose before running NDT localization
[pcd_ndt_localizer-1] [WARN] [1785823883.240868463] [pcd_ndt_localizer]: Waiting for /initialpose before running NDT localization
[pcd_ndt_localizer-1] [WARN] [1785823885.339876996] [pcd_ndt_localizer]: Waiting for /initialpose before running NDT localization
[pcd_ndt_localizer-1] [WARN] [1785823887.341623848] [pcd_ndt_localizer]: Waiting for /initialpose before running NDT localization
[pcd_ndt_localizer-1] [WARN] [1785823889.342412554] [pcd_ndt_localizer]: Waiting for /initialpose before running NDT localization
[pcd_ndt_localizer-1] [WARN] [1785823891.440944655] [pcd_ndt_localizer]: Waiting for /initialpose before running NDT localization
[pcd_ndt_localizer-1] [WARN] [1785823893.540096809] [pcd_ndt_localizer]: Waiting for /initialpose before running NDT localization
[pcd_ndt_localizer-1] [WARN] [1785823895.541372220] [pcd_ndt_localizer]: Waiting for /initialpose before running NDT localization
[pcd_ndt_localizer-1] [WARN] [1785823897.643144113] [pcd_ndt_localizer]: Waiting for /initialpose before running NDT localization
[pcd_ndt_localizer-1] [WARN] [1785823899.739043899] [pcd_ndt_localizer]: Waiting for /initialpose before running NDT localization
[pcd_ndt_localizer-1] [WARN] [1785823901.840891666] [pcd_ndt_localizer]: Waiting for /initialpose before running NDT localization
[pcd_ndt_localizer-1] [WARN] [1785823903.841741655] [pcd_ndt_localizer]: Waiting for /initialpose before running NDT localization
[pcd_ndt_localizer-1] [WARN] [1785823905.940839215] [pcd_ndt_localizer]: Waiting for /initialpose before running NDT localization
[pcd_ndt_localizer-1] [WARN] [1785823907.942031904] [pcd_ndt_localizer]: Waiting for /initialpose before running NDT localization
[pcd_ndt_localizer-1] [WARN] [1785823909.951058561] [pcd_ndt_localizer]: Waiting for /initialpose before running NDT localization
[pcd_ndt_localizer-1] [WARN] [1785823912.048174068] [pcd_ndt_localizer]: Waiting for /initialpose before running NDT localization
[pcd_ndt_localizer-1] [WARN] [1785823914.147426770] [pcd_ndt_localizer]: Waiting for /initialpose before running NDT localization
[pcd_ndt_localizer-1] [WARN] [1785823916.247142175] [pcd_ndt_localizer]: Waiting for /initialpose before running NDT localization
[pcd_ndt_localizer-1] [WARN] [1785823918.248225580] [pcd_ndt_localizer]: Waiting for /initialpose before running NDT localization
[pcd_ndt_localizer-1] [WARN] [1785823920.249126387] [pcd_ndt_localizer]: Waiting for /initialpose before running NDT localization
[pcd_ndt_localizer-1] [WARN] [1785823922.348076902] [pcd_ndt_localizer]: Waiting for /initialpose before running NDT localization
[pcd_ndt_localizer-1] [WARN] [1785823924.447163518] [pcd_ndt_localizer]: Waiting for /initialpose before running NDT localization
[pcd_ndt_localizer-1] [WARN] [1785823926.448154951] [pcd_ndt_localizer]: Waiting for /initialpose before running NDT localization
[pcd_ndt_localizer-1] [WARN] [1785823928.547646381] [pcd_ndt_localizer]: Waiting for /initialpose before running NDT localization
[pcd_ndt_localizer-1] [WARN] [1785823930.547792697] [pcd_ndt_localizer]: Waiting for /initialpose before running NDT localization
[pcd_ndt_localizer-1] [WARN] [1785823932.648271426] [pcd_ndt_localizer]: Waiting for /initialpose before running NDT localization
[pcd_ndt_localizer-1] [WARN] [1785823934.748752714] [pcd_ndt_localizer]: Waiting for /initialpose before running NDT localization
[pcd_ndt_localizer-1] [WARN] [1785823936.847442196] [pcd_ndt_localizer]: Waiting for /initialpose before running NDT localization
[pcd_ndt_localizer-1] [WARN] [1785823938.848361083] [pcd_ndt_localizer]: Waiting for /initialpose before running NDT localization
[pcd_ndt_localizer-1] [WARN] [1785823940.850727860] [pcd_ndt_localizer]: Waiting for /initialpose before running NDT localization
[pcd_ndt_localizer-1] [WARN] [1785823942.948308120] [pcd_ndt_localizer]: Waiting for /initialpose before running NDT localization
[pcd_ndt_localizer-1] [WARN] [1785823944.948389058] [pcd_ndt_localizer]: Waiting for /initialpose before running NDT localization
[pcd_ndt_localizer-1] [WARN] [1785823947.047185040] [pcd_ndt_localizer]: Waiting for /initialpose before running NDT localization
[pcd_ndt_localizer-1] [WARN] [1785823949.147059427] [pcd_ndt_localizer]: Waiting for /initialpose before running NDT localization
[pcd_ndt_localizer-1] [WARN] [1785823951.149585378] [pcd_ndt_localizer]: Waiting for /initialpose before running NDT localization
[pcd_ndt_localizer-1] [WARN] [1785823953.246650291] [pcd_ndt_localizer]: Waiting for /initialpose before running NDT localization
[pcd_ndt_localizer-1] [WARN] [1785823955.247517369] [pcd_ndt_localizer]: Waiting for /initialpose before running NDT localization
[pcd_ndt_localizer-1] [WARN] [1785823957.345160094] [pcd_ndt_localizer]: Waiting for /initialpose before running NDT localization
[pcd_ndt_localizer-1] [WARN] [1785823959.441542936] [pcd_ndt_localizer]: Waiting for /initialpose before running NDT localization
[pcd_ndt_localizer-1] [WARN] [1785823961.447958046] [pcd_ndt_localizer]: Waiting for /initialpose before running NDT localization
[pcd_ndt_localizer-1] [WARN] [1785823963.539693015] [pcd_ndt_localizer]: Waiting for /initialpose before running NDT localization
[pcd_ndt_localizer-1] [WARN] [1785823965.539971048] [pcd_ndt_localizer]: Waiting for /initialpose before running NDT localization
[pcd_ndt_localizer-1] [WARN] [1785823967.639938558] [pcd_ndt_localizer]: Waiting for /initialpose before running NDT localization
[pcd_ndt_localizer-1] [WARN] [1785823969.640430519] [pcd_ndt_localizer]: Waiting for /initialpose before running NDT localization
[pcd_ndt_localizer-1] [WARN] [1785823971.740737465] [pcd_ndt_localizer]: Waiting for /initialpose before running NDT localization
[pcd_ndt_localizer-1] [WARN] [1785823973.840409509] [pcd_ndt_localizer]: Waiting for /initialpose before running NDT localization
[pcd_ndt_localizer-1] [WARN] [1785823975.940545089] [pcd_ndt_localizer]: Waiting for /initialpose before running NDT localization
[pcd_ndt_localizer-1] [WARN] [1785823978.039475700] [pcd_ndt_localizer]: Waiting for /initialpose before running NDT localization
[pcd_ndt_localizer-1] [WARN] [1785823980.041793867] [pcd_ndt_localizer]: Waiting for /initialpose before running NDT localization
[pcd_ndt_localizer-1] [WARN] [1785823982.139695162] [pcd_ndt_localizer]: Waiting for /initialpose before running NDT localization
[pcd_ndt_localizer-1] [WARN] [1785823984.141017647] [pcd_ndt_localizer]: Waiting for /initialpose before running NDT localization
[pcd_ndt_localizer-1] [WARN] [1785823986.239708121] [pcd_ndt_localizer]: Waiting for /initialpose before running NDT localization
[pcd_ndt_localizer-1] [WARN] [1785823988.340338375] [pcd_ndt_localizer]: Waiting for /initialpose before running NDT localization
[pcd_ndt_localizer-1] [WARN] [1785823990.439714281] [pcd_ndt_localizer]: Waiting for /initialpose before running NDT localization
[pcd_ndt_localizer-1] [WARN] [1785823992.539993674] [pcd_ndt_localizer]: Waiting for /initialpose before running NDT localization
[pcd_ndt_localizer-1] [WARN] [1785823994.639697367] [pcd_ndt_localizer]: Waiting for /initialpose before running NDT localization
[pcd_ndt_localizer-1] [WARN] [1785823996.642183957] [pcd_ndt_localizer]: Waiting for /initialpose before running NDT localization
[pcd_ndt_localizer-1] [WARN] [1785823998.739933918] [pcd_ndt_localizer]: Waiting for /initialpose before running NDT localization
[pcd_ndt_localizer-1] [WARN] [1785824000.840681552] [pcd_ndt_localizer]: Waiting for /initialpose before running NDT localization
[pcd_ndt_localizer-1] [WARN] [1785824002.940260473] [pcd_ndt_localizer]: Waiting for /initialpose before running NDT localization
[pcd_ndt_localizer-1] [WARN] [1785824004.940806419] [pcd_ndt_localizer]: Waiting for /initialpose before running NDT localization
[pcd_ndt_localizer-1] [WARN] [1785824007.040280632] [pcd_ndt_localizer]: Waiting for /initialpose before running NDT localization
[pcd_ndt_localizer-1] [WARN] [1785824009.139803039] [pcd_ndt_localizer]: Waiting for /initialpose before running NDT localization
[pcd_ndt_localizer-1] [WARN] [1785824011.240417644] [pcd_ndt_localizer]: Waiting for /initialpose before running NDT localization
[pcd_ndt_localizer-1] [WARN] [1785824013.341509417] [pcd_ndt_localizer]: Waiting for /initialpose before running NDT localization
[pcd_ndt_localizer-1] [WARN] [1785824015.442010610] [pcd_ndt_localizer]: Waiting for /initialpose before running NDT localization
[pcd_ndt_localizer-1] [WARN] [1785824017.541669630] [pcd_ndt_localizer]: Waiting for /initialpose before running NDT localization
[pcd_ndt_localizer-1] [WARN] [1785824019.641945823] [pcd_ndt_localizer]: Waiting for /initialpose before running NDT localization
[pcd_ndt_localizer-1] [WARN] [1785824021.738042607] [pcd_ndt_localizer]: Waiting for /initialpose before running NDT localization
[pcd_ndt_localizer-1] [WARN] [1785824023.742928960] [pcd_ndt_localizer]: Waiting for /initialpose before running NDT localization
[pcd_ndt_localizer-1] [WARN] [1785824025.843536781] [pcd_ndt_localizer]: Waiting for /initialpose before running NDT localization
[pcd_ndt_localizer-1] [WARN] [1785824027.939205230] [pcd_ndt_localizer]: Waiting for /initialpose before running NDT localization
[pcd_ndt_localizer-1] [WARN] [1785824030.042117739] [pcd_ndt_localizer]: Waiting for /initialpose before running NDT localization
[pcd_ndt_localizer-1] [WARN] [1785824032.136233878] [pcd_ndt_localizer]: Waiting for /initialpose before running NDT localization
[pcd_ndt_localizer-1] [WARN] [1785824034.141577783] [pcd_ndt_localizer]: Waiting for /initialpose before running NDT localization
[pcd_ndt_localizer-1] [WARN] [1785824036.242271878] [pcd_ndt_localizer]: Waiting for /initialpose before running NDT localization
[pcd_ndt_localizer-1] [WARN] [1785824038.242845121] [pcd_ndt_localizer]: Waiting for /initialpose before running NDT localization
[pcd_ndt_localizer-1] [WARN] [1785824040.263225068] [pcd_ndt_localizer]: Waiting for /initialpose before running NDT localization
[pcd_ndt_localizer-1] [WARN] [1785824042.267076665] [pcd_ndt_localizer]: Waiting for /initialpose before running NDT localization
[pcd_ndt_localizer-1] [WARN] [1785824044.358021910] [pcd_ndt_localizer]: Waiting for /initialpose before running NDT localization
[pcd_ndt_localizer-1] [WARN] [1785824046.361584537] [pcd_ndt_localizer]: Waiting for /initialpose before running NDT localization
[pcd_ndt_localizer-1] [WARN] [1785824048.456733192] [pcd_ndt_localizer]: Waiting for /initialpose before running NDT localization
[pcd_ndt_localizer-1] [WARN] [1785824050.460140998] [pcd_ndt_localizer]: Waiting for /initialpose before running NDT localization
[pcd_ndt_localizer-1] [WARN] [1785824052.558533350] [pcd_ndt_localizer]: Waiting for /initialpose before running NDT localization
[pcd_ndt_localizer-1] [WARN] [1785824054.657914760] [pcd_ndt_localizer]: Waiting for /initialpose before running NDT localization
[pcd_ndt_localizer-1] [WARN] [1785824056.759769312] [pcd_ndt_localizer]: Waiting for /initialpose before running NDT localization
[pcd_ndt_localizer-1] [WARN] [1785824058.762012245] [pcd_ndt_localizer]: Waiting for /initialpose before running NDT localization
[pcd_ndt_localizer-1] [WARN] [1785824060.858316716] [pcd_ndt_localizer]: Waiting for /initialpose before running NDT localization
[pcd_ndt_localizer-1] [WARN] [1785824062.960352618] [pcd_ndt_localizer]: Waiting for /initialpose before running NDT localization
[pcd_ndt_localizer-1] [WARN] [1785824065.060574218] [pcd_ndt_localizer]: Waiting for /initialpose before running NDT localization
[pcd_ndt_localizer-1] [WARN] [1785824067.157425460] [pcd_ndt_localizer]: Waiting for /initialpose before running NDT localization
[pcd_ndt_localizer-1] [WARN] [1785824069.258254920] [pcd_ndt_localizer]: Waiting for /initialpose before running NDT localization
[pcd_ndt_localizer-1] [WARN] [1785824071.357263293] [pcd_ndt_localizer]: Waiting for /initialpose before running NDT localization
[pcd_ndt_localizer-1] [WARN] [1785824073.358391084] [pcd_ndt_localizer]: Waiting for /initialpose before running NDT localization
[pcd_ndt_localizer-1] [WARN] [1785824075.458076184] [pcd_ndt_localizer]: Waiting for /initialpose before running NDT localization
[pcd_ndt_localizer-1] [WARN] [1785824077.557137007] [pcd_ndt_localizer]: Waiting for /initialpose before running NDT localization
[pcd_ndt_localizer-1] [WARN] [1785824079.561310087] [pcd_ndt_localizer]: Waiting for /initialpose before running NDT localization
[pcd_ndt_localizer-1] [WARN] [1785824081.657611839] [pcd_ndt_localizer]: Waiting for /initialpose before running NDT localization
[pcd_ndt_localizer-1] [WARN] [1785824083.757939297] [pcd_ndt_localizer]: Waiting for /initialpose before running NDT localization
[pcd_ndt_localizer-1] [WARN] [1785824085.856613131] [pcd_ndt_localizer]: Waiting for /initialpose before running NDT localization
[pcd_ndt_localizer-1] [WARN] [1785824087.955745284] [pcd_ndt_localizer]: Waiting for /initialpose before running NDT localization
[pcd_ndt_localizer-1] [WARN] [1785824089.957192478] [pcd_ndt_localizer]: Waiting for /initialpose before running NDT localization
[pcd_ndt_localizer-1] [WARN] [1785824091.958992644] [pcd_ndt_localizer]: Waiting for /initialpose before running NDT localization
[pcd_ndt_localizer-1] [WARN] [1785824093.959476764] [pcd_ndt_localizer]: Waiting for /initialpose before running NDT localization
[pcd_ndt_localizer-1] [WARN] [1785824095.959519300] [pcd_ndt_localizer]: Waiting for /initialpose before running NDT localization
[pcd_ndt_localizer-1] [WARN] [1785824098.056812830] [pcd_ndt_localizer]: Waiting for /initialpose before running NDT localization
[pcd_ndt_localizer-1] [WARN] [1785824100.057021740] [pcd_ndt_localizer]: Waiting for /initialpose before running NDT localization
[pcd_ndt_localizer-1] [WARN] [1785824102.162137814] [pcd_ndt_localizer]: Waiting for /initialpose before running NDT localization
[pcd_ndt_localizer-1] [WARN] [1785824104.257844216] [pcd_ndt_localizer]: Waiting for /initialpose before running NDT localization
[pcd_ndt_localizer-1] [WARN] [1785824106.357070901] [pcd_ndt_localizer]: Waiting for /initialpose before running NDT localization
[pcd_ndt_localizer-1] [WARN] [1785824108.455492725] [pcd_ndt_localizer]: Waiting for /initialpose before running NDT localization
[pcd_ndt_localizer-1] [WARN] [1785824110.459255231] [pcd_ndt_localizer]: Waiting for /initialpose before running NDT localization
[pcd_ndt_localizer-1] [WARN] [1785824112.558875754] [pcd_ndt_localizer]: Waiting for /initialpose before running NDT localization
[pcd_ndt_localizer-1] [WARN] [1785824114.657189767] [pcd_ndt_localizer]: Waiting for /initialpose before running NDT localization
[pcd_ndt_localizer-1] [WARN] [1785824116.657635421] [pcd_ndt_localizer]: Waiting for /initialpose before running NDT localization
[pcd_ndt_localizer-1] [WARN] [1785824118.658330109] [pcd_ndt_localizer]: Waiting for /initialpose before running NDT localization
[pcd_ndt_localizer-1] [WARN] [1785824120.759307414] [pcd_ndt_localizer]: Waiting for /initialpose before running NDT localization
[pcd_ndt_localizer-1] [WARN] [1785824122.857072416] [pcd_ndt_localizer]: Waiting for /initialpose before running NDT localization
[pcd_ndt_localizer-1] [WARN] [1785824124.857343921] [pcd_ndt_localizer]: Waiting for /initialpose before running NDT localization
[pcd_ndt_localizer-1] [WARN] [1785824126.956364166] [pcd_ndt_localizer]: Waiting for /initialpose before running NDT localization
[pcd_ndt_localizer-1] [WARN] [1785824128.956636119] [pcd_ndt_localizer]: Waiting for /initialpose before running NDT localization
[pcd_ndt_localizer-1] [WARN] [1785824130.957512477] [pcd_ndt_localizer]: Waiting for /initialpose before running NDT localization
[pcd_ndt_localizer-1] [WARN] [1785824133.057277004] [pcd_ndt_localizer]: Waiting for /initialpose before running NDT localization
[pcd_ndt_localizer-1] [WARN] [1785824135.155392226] [pcd_ndt_localizer]: Waiting for /initialpose before running NDT localization
[pcd_ndt_localizer-1] [WARN] [1785824137.157479858] [pcd_ndt_localizer]: Waiting for /initialpose before running NDT localization
[pcd_ndt_localizer-1] [WARN] [1785824139.257514091] [pcd_ndt_localizer]: Waiting for /initialpose before running NDT localization
[pcd_ndt_localizer-1] [WARN] [1785824141.355057453] [pcd_ndt_localizer]: Waiting for /initialpose before running NDT localization
[pcd_ndt_localizer-1] [WARN] [1785824143.355651081] [pcd_ndt_localizer]: Waiting for /initialpose before running NDT localization
[pcd_ndt_localizer-1] [WARN] [1785824145.356097247] [pcd_ndt_localizer]: Waiting for /initialpose before running NDT localization
[pcd_ndt_localizer-1] [WARN] [1785824147.358903944] [pcd_ndt_localizer]: Waiting for /initialpose before running NDT localization
[pcd_ndt_localizer-1] [WARN] [1785824149.359048564] [pcd_ndt_localizer]: Waiting for /initialpose before running NDT localization
[pcd_ndt_localizer-1] [WARN] [1785824151.456796670] [pcd_ndt_localizer]: Waiting for /initialpose before running NDT localization
[pcd_ndt_localizer-1] [WARN] [1785824153.458062001] [pcd_ndt_localizer]: Waiting for /initialpose before running NDT localization
[pcd_ndt_localizer-1] [WARN] [1785824155.458774417] [pcd_ndt_localizer]: Waiting for /initialpose before running NDT localization
[pcd_ndt_localizer-1] [WARN] [1785824157.558054831] [pcd_ndt_localizer]: Waiting for /initialpose before running NDT localization
[pcd_ndt_localizer-1] [WARN] [1785824159.656385997] [pcd_ndt_localizer]: Waiting for /initialpose before running NDT localization
[pcd_ndt_localizer-1] [WARN] [1785824161.658753606] [pcd_ndt_localizer]: Waiting for /initialpose before running NDT localization
[pcd_ndt_localizer-1] [WARN] [1785824163.659623020] [pcd_ndt_localizer]: Waiting for /initialpose before running NDT localization
[pcd_ndt_localizer-1] [WARN] [1785824165.758107983] [pcd_ndt_localizer]: Waiting for /initialpose before running NDT localization
[pcd_ndt_localizer-1] [WARN] [1785824167.857050306] [pcd_ndt_localizer]: Waiting for /initialpose before running NDT localization
[pcd_ndt_localizer-1] [WARN] [1785824169.857209774] [pcd_ndt_localizer]: Waiting for /initialpose before running NDT localization
[pcd_ndt_localizer-1] [WARN] [1785824171.858665736] [pcd_ndt_localizer]: Waiting for /initialpose before running NDT localization
[pcd_ndt_localizer-1] [WARN] [1785824173.957839971] [pcd_ndt_localizer]: Waiting for /initialpose before running NDT localization
[pcd_ndt_localizer-1] [WARN] [1785824176.058426127] [pcd_ndt_localizer]: Waiting for /initialpose before running NDT localization
[pcd_ndt_localizer-1] [WARN] [1785824178.155705320] [pcd_ndt_localizer]: Waiting for /initialpose before running NDT localization
[pcd_ndt_localizer-1] [WARN] [1785824180.157346504] [pcd_ndt_localizer]: Waiting for /initialpose before running NDT localization
[pcd_ndt_localizer-1] [WARN] [1785824182.259760563] [pcd_ndt_localizer]: Waiting for /initialpose before running NDT localization
[pcd_ndt_localizer-1] [WARN] [1785824184.357245460] [pcd_ndt_localizer]: Waiting for /initialpose before running NDT localization
[pcd_ndt_localizer-1] [WARN] [1785824186.457490932] [pcd_ndt_localizer]: Waiting for /initialpose before running NDT localization
[pcd_ndt_localizer-1] [WARN] [1785824188.557267396] [pcd_ndt_localizer]: Waiting for /initialpose before running NDT localization
[pcd_ndt_localizer-1] [WARN] [1785824190.654253299] [pcd_ndt_localizer]: Waiting for /initialpose before running NDT localization
[pcd_ndt_localizer-1] [WARN] [1785824192.656204765] [pcd_ndt_localizer]: Waiting for /initialpose before running NDT localization
[pcd_ndt_localizer-1] [WARN] [1785824194.657230280] [pcd_ndt_localizer]: Waiting for /initialpose before running NDT localization
[pcd_ndt_localizer-1] [WARN] [1785824196.756755663] [pcd_ndt_localizer]: Waiting for /initialpose before running NDT localization
[pcd_ndt_localizer-1] [WARN] [1785824198.857059922] [pcd_ndt_localizer]: Waiting for /initialpose before running NDT localization
[pcd_ndt_localizer-1] [WARN] [1785824200.858821462] [pcd_ndt_localizer]: Waiting for /initialpose before running NDT localization
[pcd_ndt_localizer-1] [WARN] [1785824202.956901067] [pcd_ndt_localizer]: Waiting for /initialpose before running NDT localization
[pcd_ndt_localizer-1] [WARN] [1785824204.957677389] [pcd_ndt_localizer]: Waiting for /initialpose before running NDT localization
[pcd_ndt_localizer-1] [WARN] [1785824207.061935832] [pcd_ndt_localizer]: Waiting for /initialpose before running NDT localization
[pcd_ndt_localizer-1] [WARN] [1785824209.155188870] [pcd_ndt_localizer]: Waiting for /initialpose before running NDT localization
[pcd_ndt_localizer-1] [WARN] [1785824211.160121528] [pcd_ndt_localizer]: Waiting for /initialpose before running NDT localization
[pcd_ndt_localizer-1] [WARN] [1785824213.257888386] [pcd_ndt_localizer]: Waiting for /initialpose before running NDT localization
[pcd_ndt_localizer-1] [WARN] [1785824215.358715990] [pcd_ndt_localizer]: Waiting for /initialpose before running NDT localization
[pcd_ndt_localizer-1] [WARN] [1785824217.457013459] [pcd_ndt_localizer]: Waiting for /initialpose before running NDT localization
[pcd_ndt_localizer-1] [WARN] [1785824219.558512030] [pcd_ndt_localizer]: Waiting for /initialpose before running NDT localization
[pcd_ndt_localizer-1] [WARN] [1785824221.657552853] [pcd_ndt_localizer]: Waiting for /initialpose before running NDT localization
[pcd_ndt_localizer-1] [WARN] [1785824223.658271189] [pcd_ndt_localizer]: Waiting for /initialpose before running NDT localization
[pcd_ndt_localizer-1] [WARN] [1785824225.757724313] [pcd_ndt_localizer]: Waiting for /initialpose before running NDT localization
[pcd_ndt_localizer-1] [WARN] [1785824227.856648748] [pcd_ndt_localizer]: Waiting for /initialpose before running NDT localization
[pcd_ndt_localizer-1] [WARN] [1785824229.959939318] [pcd_ndt_localizer]: Waiting for /initialpose before running NDT localization
[pcd_ndt_localizer-1] [WARN] [1785824232.057817411] [pcd_ndt_localizer]: Waiting for /initialpose before running NDT localization
[pcd_ndt_localizer-1] [WARN] [1785824234.059533606] [pcd_ndt_localizer]: Waiting for /initialpose before running NDT localization
[pcd_ndt_localizer-1] [WARN] [1785824236.157474678] [pcd_ndt_localizer]: Waiting for /initialpose before running NDT localization
[pcd_ndt_localizer-1] [WARN] [1785824238.159210266] [pcd_ndt_localizer]: Waiting for /initialpose before running NDT localization
[pcd_ndt_localizer-1] [WARN] [1785824240.258883910] [pcd_ndt_localizer]: Waiting for /initialpose before running NDT localization
[pcd_ndt_localizer-1] [WARN] [1785824242.357239780] [pcd_ndt_localizer]: Waiting for /initialpose before running NDT localization
[pcd_ndt_localizer-1] [WARN] [1785824244.456585189] [pcd_ndt_localizer]: Waiting for /initialpose before running NDT localization
[pcd_ndt_localizer-1] [WARN] [1785824246.460361296] [pcd_ndt_localizer]: Waiting for /initialpose before running NDT localization
[pcd_ndt_localizer-1] [WARN] [1785824248.556384445] [pcd_ndt_localizer]: Waiting for /initialpose before running NDT localization
[pcd_ndt_localizer-1] [WARN] [1785824250.657349430] [pcd_ndt_localizer]: Waiting for /initialpose before running NDT localization
[pcd_ndt_localizer-1] [WARN] [1785824252.756714136] [pcd_ndt_localizer]: Waiting for /initialpose before running NDT localization
[pcd_ndt_localizer-1] [WARN] [1785824254.855859346] [pcd_ndt_localizer]: Waiting for /initialpose before running NDT localization
[pcd_ndt_localizer-1] [WARN] [1785824256.856356490] [pcd_ndt_localizer]: Waiting for /initialpose before running NDT localization
[pcd_ndt_localizer-1] [WARN] [1785824258.956146970] [pcd_ndt_localizer]: Waiting for /initialpose before running NDT localization
[pcd_ndt_localizer-1] [WARN] [1785824260.959230477] [pcd_ndt_localizer]: Waiting for /initialpose before running NDT localization
[pcd_ndt_localizer-1] [WARN] [1785824263.055836750] [pcd_ndt_localizer]: Waiting for /initialpose before running NDT localization
[pcd_ndt_localizer-1] [WARN] [1785824265.056384232] [pcd_ndt_localizer]: Waiting for /initialpose before running NDT localization
[pcd_ndt_localizer-1] [WARN] [1785824267.056959524] [pcd_ndt_localizer]: Waiting for /initialpose before running NDT localization
[pcd_ndt_localizer-1] [WARN] [1785824269.057859594] [pcd_ndt_localizer]: Waiting for /initialpose before running NDT localization
[pcd_ndt_localizer-1] [WARN] [1785824271.158374228] [pcd_ndt_localizer]: Waiting for /initialpose before running NDT localization
[pcd_ndt_localizer-1] [WARN] [1785824273.257287077] [pcd_ndt_localizer]: Waiting for /initialpose before running NDT localization
[pcd_ndt_localizer-1] [WARN] [1785824275.257814271] [pcd_ndt_localizer]: Waiting for /initialpose before running NDT localization
[pcd_ndt_localizer-1] [WARN] [1785824277.356638990] [pcd_ndt_localizer]: Waiting for /initialpose before running NDT localization
[pcd_ndt_localizer-1] [WARN] [1785824279.456475872] [pcd_ndt_localizer]: Waiting for /initialpose before running NDT localization
[pcd_ndt_localizer-1] [WARN] [1785824281.456931287] [pcd_ndt_localizer]: Waiting for /initialpose before running NDT localization
[pcd_ndt_localizer-1] [WARN] [1785824283.557199639] [pcd_ndt_localizer]: Waiting for /initialpose before running NDT localization
[pcd_ndt_localizer-1] [WARN] [1785824285.558579503] [pcd_ndt_localizer]: Waiting for /initialpose before running NDT localization
[pcd_ndt_localizer-1] [WARN] [1785824287.656426651] [pcd_ndt_localizer]: Waiting for /initialpose before running NDT localization
[pcd_ndt_localizer-1] [WARN] [1785824289.656480676] [pcd_ndt_localizer]: Waiting for /initialpose before running NDT localization
[pcd_ndt_localizer-1] [WARN] [1785824291.657502127] [pcd_ndt_localizer]: Waiting for /initialpose before running NDT localization
[pcd_ndt_localizer-1] [WARN] [1785824293.658326963] [pcd_ndt_localizer]: Waiting for /initialpose before running NDT localization
[pcd_ndt_localizer-1] [WARN] [1785824294.447863499] [pcd_ndt_localizer]: New subscription discovered on topic '/relocalization_path', requesting incompatible QoS. No messages will be sent to it. Last incompatible policy: RELIABILITY_QOS_POLICY
[pcd_ndt_localizer-1] [WARN] [1785824294.448202774] [pcd_ndt_localizer]: New subscription discovered on topic '/aligned_cloud', requesting incompatible QoS. No messages will be sent to it. Last incompatible policy: RELIABILITY_QOS_POLICY
[pcd_ndt_localizer-1] [WARN] [1785824295.756261059] [pcd_ndt_localizer]: Waiting for /initialpose before running NDT localization
[pcd_ndt_localizer-1] [WARN] [1785824297.757230412] [pcd_ndt_localizer]: Waiting for /initialpose before running NDT localization
[pcd_ndt_localizer-1] [WARN] [1785824299.856310499] [pcd_ndt_localizer]: Waiting for /initialpose before running NDT localization
[pcd_ndt_localizer-1] [WARN] [1785824301.956225464] [pcd_ndt_localizer]: Waiting for /initialpose before running NDT localization
[pcd_ndt_localizer-1] [WARN] [1785824303.958543568] [pcd_ndt_localizer]: Waiting for /initialpose before running NDT localization
[pcd_ndt_localizer-1] [WARN] [1785824306.053160780] [pcd_ndt_localizer]: Waiting for /initialpose before running NDT localization
[pcd_ndt_localizer-1] [WARN] [1785824308.055449603] [pcd_ndt_localizer]: Waiting for /initialpose before running NDT localization
[pcd_ndt_localizer-1] [WARN] [1785824310.056758488] [pcd_ndt_localizer]: Waiting for /initialpose before running NDT localization
[pcd_ndt_localizer-1] [WARN] [1785824312.057253456] [pcd_ndt_localizer]: Waiting for /initialpose before running NDT localization
[pcd_ndt_localizer-1] [WARN] [1785824314.059236444] [pcd_ndt_localizer]: Waiting for /initialpose before running NDT localization
[pcd_ndt_localizer-1] [WARN] [1785824316.157316753] [pcd_ndt_localizer]: Waiting for /initialpose before running NDT localization
[pcd_ndt_localizer-1] [WARN] [1785824318.158247288] [pcd_ndt_localizer]: Waiting for /initialpose before running NDT localization
[pcd_ndt_localizer-1] [WARN] [1785824320.258017128] [pcd_ndt_localizer]: Waiting for /initialpose before running NDT localization
[pcd_ndt_localizer-1] [WARN] [1785824322.258701223] [pcd_ndt_localizer]: Waiting for /initialpose before running NDT localization
[pcd_ndt_localizer-1] [WARN] [1785824324.356020673] [pcd_ndt_localizer]: Waiting for /initialpose before running NDT localization
[pcd_ndt_localizer-1] [WARN] [1785824326.358700966] [pcd_ndt_localizer]: Waiting for /initialpose before running NDT localization
[pcd_ndt_localizer-1] [WARN] [1785824328.365952329] [pcd_ndt_localizer]: Waiting for /initialpose before running NDT localization
[pcd_ndt_localizer-1] [WARN] [1785824330.456732512] [pcd_ndt_localizer]: Waiting for /initialpose before running NDT localization
[pcd_ndt_localizer-1] [WARN] [1785824332.458421346] [pcd_ndt_localizer]: Waiting for /initialpose before running NDT localization
[pcd_ndt_localizer-1] [WARN] [1785824334.459969055] [pcd_ndt_localizer]: Waiting for /initialpose before running NDT localization
[pcd_ndt_localizer-1] [WARN] [1785824336.556482909] [pcd_ndt_localizer]: Waiting for /initialpose before running NDT localization
[pcd_ndt_localizer-1] [WARN] [1785824338.558854679] [pcd_ndt_localizer]: Waiting for /initialpose before running NDT localization
[pcd_ndt_localizer-1] [WARN] [1785824340.656802887] [pcd_ndt_localizer]: Waiting for /initialpose before running NDT localization
[pcd_ndt_localizer-1] [WARN] [1785824342.659266500] [pcd_ndt_localizer]: Waiting for /initialpose before running NDT localization
[pcd_ndt_localizer-1] [WARN] [1785824344.755297810] [pcd_ndt_localizer]: Waiting for /initialpose before running NDT localization
[pcd_ndt_localizer-1] [WARN] [1785824346.757977270] [pcd_ndt_localizer]: Waiting for /initialpose before running NDT localization
[pcd_ndt_localizer-1] [WARN] [1785824348.858454942] [pcd_ndt_localizer]: Waiting for /initialpose before running NDT localization
[pcd_ndt_localizer-1] [WARN] [1785824350.860088190] [pcd_ndt_localizer]: Waiting for /initialpose before running NDT localization
[pcd_ndt_localizer-1] [WARN] [1785824352.959670119] [pcd_ndt_localizer]: Waiting for /initialpose before running NDT localization
[pcd_ndt_localizer-1] [WARN] [1785824355.056998178] [pcd_ndt_localizer]: Waiting for /initialpose before running NDT localization
[pcd_ndt_localizer-1] [WARN] [1785824357.156531945] [pcd_ndt_localizer]: Waiting for /initialpose before running NDT localization
[pcd_ndt_localizer-1] [WARN] [1785824359.156734872] [pcd_ndt_localizer]: Waiting for /initialpose before running NDT localization
[pcd_ndt_localizer-1] [WARN] [1785824361.256746704] [pcd_ndt_localizer]: Waiting for /initialpose before running NDT localization
[pcd_ndt_localizer-1] [WARN] [1785824363.257192454] [pcd_ndt_localizer]: Waiting for /initialpose before running NDT localization
[pcd_ndt_localizer-1] [WARN] [1785824365.260236055] [pcd_ndt_localizer]: Waiting for /initialpose before running NDT localization
[pcd_ndt_localizer-1] [WARN] [1785824367.358396559] [pcd_ndt_localizer]: Waiting for /initialpose before running NDT localization
[pcd_ndt_localizer-1] [WARN] [1785824369.459237476] [pcd_ndt_localizer]: Waiting for /initialpose before running NDT localization
[pcd_ndt_localizer-1] [WARN] [1785824371.461000808] [pcd_ndt_localizer]: Waiting for /initialpose before running NDT localization
[pcd_ndt_localizer-1] [WARN] [1785824373.558982265] [pcd_ndt_localizer]: Waiting for /initialpose before running NDT localization
[pcd_ndt_localizer-1] [WARN] [1785824375.656182256] [pcd_ndt_localizer]: Waiting for /initialpose before running NDT localization
[pcd_ndt_localizer-1] [WARN] [1785824377.657128536] [pcd_ndt_localizer]: Waiting for /initialpose before running NDT localization
[pcd_ndt_localizer-1] [WARN] [1785824379.657575599] [pcd_ndt_localizer]: Waiting for /initialpose before running NDT localization
[pcd_ndt_localizer-1] [WARN] [1785824381.658451828] [pcd_ndt_localizer]: Waiting for /initialpose before running NDT localization
[pcd_ndt_localizer-1] [WARN] [1785824383.757130686] [pcd_ndt_localizer]: Waiting for /initialpose before running NDT localization
[pcd_ndt_localizer-1] [WARN] [1785824385.857177911] [pcd_ndt_localizer]: Waiting for /initialpose before running NDT localization
[pcd_ndt_localizer-1] [WARN] [1785824387.858732180] [pcd_ndt_localizer]: Waiting for /initialpose before running NDT localization
[pcd_ndt_localizer-1] [WARN] [1785824389.956737031] [pcd_ndt_localizer]: Waiting for /initialpose before running NDT localization
[pcd_ndt_localizer-1] [WARN] [1785824392.055646840] [pcd_ndt_localizer]: Waiting for /initialpose before running NDT localization
[pcd_ndt_localizer-1] [WARN] [1785824394.057194645] [pcd_ndt_localizer]: Waiting for /initialpose before running NDT localization
[pcd_ndt_localizer-1] [WARN] [1785824396.060395532] [pcd_ndt_localizer]: Waiting for /initialpose before running NDT localization
[pcd_ndt_localizer-1] [WARN] [1785824398.158133973] [pcd_ndt_localizer]: Waiting for /initialpose before running NDT localization
[pcd_ndt_localizer-1] [WARN] [1785824400.260031054] [pcd_ndt_localizer]: Waiting for /initialpose before running NDT localization
[pcd_ndt_localizer-1] [WARN] [1785824402.357331336] [pcd_ndt_localizer]: Waiting for /initialpose before running NDT localization
[pcd_ndt_localizer-1] [WARN] [1785824404.357717021] [pcd_ndt_localizer]: Waiting for /initialpose before running NDT localization
[pcd_ndt_localizer-1] [WARN] [1785824406.461129547] [pcd_ndt_localizer]: Waiting for /initialpose before running NDT localization
[pcd_ndt_localizer-1] [WARN] [1785824408.557050676] [pcd_ndt_localizer]: Waiting for /initialpose before running NDT localization
[pcd_ndt_localizer-1] [WARN] [1785824410.657239827] [pcd_ndt_localizer]: Waiting for /initialpose before running NDT localization
[pcd_ndt_localizer-1] [WARN] [1785824412.657913489] [pcd_ndt_localizer]: Waiting for /initialpose before running NDT localization
[pcd_ndt_localizer-1] [WARN] [1785824414.757261298] [pcd_ndt_localizer]: Waiting for /initialpose before running NDT localization
[pcd_ndt_localizer-1] [WARN] [1785824416.757911952] [pcd_ndt_localizer]: Waiting for /initialpose before running NDT localization
[pcd_ndt_localizer-1] [WARN] [1785824418.857530490] [pcd_ndt_localizer]: Waiting for /initialpose before running NDT localization
[pcd_ndt_localizer-1] [WARN] [1785824420.859511622] [pcd_ndt_localizer]: Waiting for /initialpose before running NDT localization
[pcd_ndt_localizer-1] [WARN] [1785824422.960758633] [pcd_ndt_localizer]: Waiting for /initialpose before running NDT localization
[pcd_ndt_localizer-1] [WARN] [1785824425.056847641] [pcd_ndt_localizer]: Waiting for /initialpose before running NDT localization
[pcd_ndt_localizer-1] [WARN] [1785824427.157856627] [pcd_ndt_localizer]: Waiting for /initialpose before running NDT localization
[pcd_ndt_localizer-1] [WARN] [1785824429.159107942] [pcd_ndt_localizer]: Waiting for /initialpose before running NDT localization
[pcd_ndt_localizer-1] [WARN] [1785824431.257390626] [pcd_ndt_localizer]: Waiting for /initialpose before running NDT localization
[pcd_ndt_localizer-1] [WARN] [1785824433.355742688] [pcd_ndt_localizer]: Waiting for /initialpose before running NDT localization
[pcd_ndt_localizer-1] [WARN] [1785824435.356294971] [pcd_ndt_localizer]: Waiting for /initialpose before running NDT localization
[pcd_ndt_localizer-1] [WARN] [1785824437.359405678] [pcd_ndt_localizer]: Waiting for /initialpose before running NDT localization
[pcd_ndt_localizer-1] [WARN] [1785824439.457888881] [pcd_ndt_localizer]: Waiting for /initialpose before running NDT localization
[pcd_ndt_localizer-1] [WARN] [1785824441.557467770] [pcd_ndt_localizer]: Waiting for /initialpose before running NDT localization
[pcd_ndt_localizer-1] [WARN] [1785824443.558338847] [pcd_ndt_localizer]: Waiting for /initialpose before running NDT localization
[pcd_ndt_localizer-1] [WARN] [1785824445.558644081] [pcd_ndt_localizer]: Waiting for /initialpose before running NDT localization
[pcd_ndt_localizer-1] [WARN] [1785824447.657306810] [pcd_ndt_localizer]: Waiting for /initialpose before running NDT localization
[pcd_ndt_localizer-1] [WARN] [1785824449.659595089] [pcd_ndt_localizer]: Waiting for /initialpose before running NDT localization
[pcd_ndt_localizer-1] [WARN] [1785824451.757514720] [pcd_ndt_localizer]: Waiting for /initialpose before running NDT localization
[pcd_ndt_localizer-1] [WARN] [1785824453.857531256] [pcd_ndt_localizer]: Waiting for /initialpose before running NDT localization
[pcd_ndt_localizer-1] [WARN] [1785824455.861945337] [pcd_ndt_localizer]: Waiting for /initialpose before running NDT localization
[pcd_ndt_localizer-1] [WARN] [1785824457.958234416] [pcd_ndt_localizer]: Waiting for /initialpose before running NDT localization
[pcd_ndt_localizer-1] [WARN] [1785824460.058953184] [pcd_ndt_localizer]: Waiting for /initialpose before running NDT localization
[pcd_ndt_localizer-1] [WARN] [1785824462.157177786] [pcd_ndt_localizer]: Waiting for /initialpose before running NDT localization
[pcd_ndt_localizer-1] [WARN] [1785824464.158364042] [pcd_ndt_localizer]: Waiting for /initialpose before running NDT localization
[pcd_ndt_localizer-1] [WARN] [1785824466.258720782] [pcd_ndt_localizer]: Waiting for /initialpose before running NDT localization
[pcd_ndt_localizer-1] [WARN] [1785824468.356515705] [pcd_ndt_localizer]: Waiting for /initialpose before running NDT localization
[pcd_ndt_localizer-1] [WARN] [1785824470.455525519] [pcd_ndt_localizer]: Waiting for /initialpose before running NDT localization
[pcd_ndt_localizer-1] [WARN] [1785824472.457962890] [pcd_ndt_localizer]: Waiting for /initialpose before running NDT localization
[pcd_ndt_localizer-1] [WARN] [1785824474.561857897] [pcd_ndt_localizer]: Waiting for /initialpose before running NDT localization
[pcd_ndt_localizer-1] [WARN] [1785824476.656465477] [pcd_ndt_localizer]: Waiting for /initialpose before running NDT localization
[pcd_ndt_localizer-1] [WARN] [1785824478.658454194] [pcd_ndt_localizer]: Waiting for /initialpose before running NDT localization
[pcd_ndt_localizer-1] [WARN] [1785824480.759683156] [pcd_ndt_localizer]: Waiting for /initialpose before running NDT localization
[pcd_ndt_localizer-1] [WARN] [1785824482.760497143] [pcd_ndt_localizer]: Waiting for /initialpose before running NDT localization
[pcd_ndt_localizer-1] [WARN] [1785824484.857325025] [pcd_ndt_localizer]: Waiting for /initialpose before running NDT localization
[pcd_ndt_localizer-1] [WARN] [1785824486.954888900] [pcd_ndt_localizer]: Waiting for /initialpose before running NDT localization
[pcd_ndt_localizer-1] [WARN] [1785824488.958010775] [pcd_ndt_localizer]: Waiting for /initialpose before running NDT localization
[pcd_ndt_localizer-1] [WARN] [1785824490.959165991] [pcd_ndt_localizer]: Waiting for /initialpose before running NDT localization
[pcd_ndt_localizer-1] [WARN] [1785824493.057539430] [pcd_ndt_localizer]: Waiting for /initialpose before running NDT localization
[pcd_ndt_localizer-1] [WARN] [1785824495.058896764] [pcd_ndt_localizer]: Waiting for /initialpose before running NDT localization
[pcd_ndt_localizer-1] [WARN] [1785824497.155537055] [pcd_ndt_localizer]: Waiting for /initialpose before running NDT localization
[pcd_ndt_localizer-1] [WARN] [1785824499.158755446] [pcd_ndt_localizer]: Waiting for /initialpose before running NDT localization
[pcd_ndt_localizer-1] [WARN] [1785824501.159638876] [pcd_ndt_localizer]: Waiting for /initialpose before running NDT localization
[pcd_ndt_localizer-1] [WARN] [1785824503.259662356] [pcd_ndt_localizer]: Waiting for /initialpose before running NDT localization
[pcd_ndt_localizer-1] [WARN] [1785824505.356722886] [pcd_ndt_localizer]: Waiting for /initialpose before running NDT localization
[pcd_ndt_localizer-1] [WARN] [1785824507.455576310] [pcd_ndt_localizer]: Waiting for /initialpose before running NDT localization
[pcd_ndt_localizer-1] [WARN] [1785824509.457201813] [pcd_ndt_localizer]: Waiting for /initialpose before running NDT localization
[pcd_ndt_localizer-1] [WARN] [1785824511.462057381] [pcd_ndt_localizer]: Waiting for /initialpose before running NDT localization
[pcd_ndt_localizer-1] [WARN] [1785824513.562878553] [pcd_ndt_localizer]: Waiting for /initialpose before running NDT localization
[pcd_ndt_localizer-1] [WARN] [1785824515.656651064] [pcd_ndt_localizer]: Waiting for /initialpose before running NDT localization
[pcd_ndt_localizer-1] [WARN] [1785824517.657884266] [pcd_ndt_localizer]: Waiting for /initialpose before running NDT localization
[pcd_ndt_localizer-1] [WARN] [1785824519.758176652] [pcd_ndt_localizer]: Waiting for /initialpose before running NDT localization
[pcd_ndt_localizer-1] [WARN] [1785824521.759669511] [pcd_ndt_localizer]: Waiting for /initialpose before running NDT localization
[pcd_ndt_localizer-1] [WARN] [1785824523.857667161] [pcd_ndt_localizer]: Waiting for /initialpose before running NDT localization
[pcd_ndt_localizer-1] [WARN] [1785824525.857861927] [pcd_ndt_localizer]: Waiting for /initialpose before running NDT localization
[pcd_ndt_localizer-1] [WARN] [1785824527.959712735] [pcd_ndt_localizer]: Waiting for /initialpose before running NDT localization
[pcd_ndt_localizer-1] [WARN] [1785824529.962678829] [pcd_ndt_localizer]: Waiting for /initialpose before running NDT localization
[pcd_ndt_localizer-1] [WARN] [1785824532.061236659] [pcd_ndt_localizer]: Waiting for /initialpose before running NDT localization
[pcd_ndt_localizer-1] [WARN] [1785824534.155744428] [pcd_ndt_localizer]: Waiting for /initialpose before running NDT localization
[pcd_ndt_localizer-1] [WARN] [1785824536.156598608] [pcd_ndt_localizer]: Waiting for /initialpose before running NDT localization
[pcd_ndt_localizer-1] [WARN] [1785824538.157935398] [pcd_ndt_localizer]: Waiting for /initialpose before running NDT localization
[pcd_ndt_localizer-1] [WARN] [1785824540.257898492] [pcd_ndt_localizer]: Waiting for /initialpose before running NDT localization
[pcd_ndt_localizer-1] [WARN] [1785824542.259039787] [pcd_ndt_localizer]: Waiting for /initialpose before running NDT localization
[pcd_ndt_localizer-1] [WARN] [1785824544.358701911] [pcd_ndt_localizer]: Waiting for /initialpose before running NDT localization
[pcd_ndt_localizer-1] [WARN] [1785824546.457747629] [pcd_ndt_localizer]: Waiting for /initialpose before running NDT localization
[pcd_ndt_localizer-1] [WARN] [1785824548.556865510] [pcd_ndt_localizer]: Waiting for /initialpose before running NDT localization
[pcd_ndt_localizer-1] [WARN] [1785824550.558551144] [pcd_ndt_localizer]: Waiting for /initialpose before running NDT localization
[pcd_ndt_localizer-1] [WARN] [1785824552.657255859] [pcd_ndt_localizer]: Waiting for /initialpose before running NDT localization
[pcd_ndt_localizer-1] [WARN] [1785824554.657320860] [pcd_ndt_localizer]: Waiting for /initialpose before running NDT localization
[pcd_ndt_localizer-1] [WARN] [1785824556.756016198] [pcd_ndt_localizer]: Waiting for /initialpose before running NDT localization
[pcd_ndt_localizer-1] [WARN] [1785824558.859904741] [pcd_ndt_localizer]: Waiting for /initialpose before running NDT localization
[pcd_ndt_localizer-1] [WARN] [1785824560.956400227] [pcd_ndt_localizer]: Waiting for /initialpose before running NDT localization
[pcd_ndt_localizer-1] [WARN] [1785824562.958271115] [pcd_ndt_localizer]: Waiting for /initialpose before running NDT localization
[pcd_ndt_localizer-1] [WARN] [1785824564.958632159] [pcd_ndt_localizer]: Waiting for /initialpose before running NDT localization
[pcd_ndt_localizer-1] [WARN] [1785824566.960551657] [pcd_ndt_localizer]: Waiting for /initialpose before running NDT localization
[pcd_ndt_localizer-1] [WARN] [1785824569.058281169] [pcd_ndt_localizer]: Waiting for /initialpose before running NDT localization
[pcd_ndt_localizer-1] [WARN] [1785824571.059445889] [pcd_ndt_localizer]: Waiting for /initialpose before running NDT localization
[pcd_ndt_localizer-1] [WARN] [1785824573.157530070] [pcd_ndt_localizer]: Waiting for /initialpose before running NDT localization
[pcd_ndt_localizer-1] [WARN] [1785824575.257756437] [pcd_ndt_localizer]: Waiting for /initialpose before running NDT localization
[pcd_ndt_localizer-1] [WARN] [1785824577.357223514] [pcd_ndt_localizer]: Waiting for /initialpose before running NDT localization
[pcd_ndt_localizer-1] [WARN] [1785824579.457280820] [pcd_ndt_localizer]: Waiting for /initialpose before running NDT localization
[pcd_ndt_localizer-1] [WARN] [1785824581.457552005] [pcd_ndt_localizer]: Waiting for /initialpose before running NDT localization
[pcd_ndt_localizer-1] [WARN] [1785824583.557768260] [pcd_ndt_localizer]: Waiting for /initialpose before running NDT localization
[pcd_ndt_localizer-1] [WARN] [1785824585.659824003] [pcd_ndt_localizer]: Waiting for /initialpose before running NDT localization
[pcd_ndt_localizer-1] [WARN] [1785824587.758481772] [pcd_ndt_localizer]: Waiting for /initialpose before running NDT localization
[pcd_ndt_localizer-1] [WARN] [1785824589.857534658] [pcd_ndt_localizer]: Waiting for /initialpose before running NDT localization
[pcd_ndt_localizer-1] [WARN] [1785824591.858052123] [pcd_ndt_localizer]: Waiting for /initialpose before running NDT localization
[pcd_ndt_localizer-1] [WARN] [1785824593.958200536] [pcd_ndt_localizer]: Waiting for /initialpose before running NDT localization
[pcd_ndt_localizer-1] [WARN] [1785824595.959168097] [pcd_ndt_localizer]: Waiting for /initialpose before running NDT localization
[pcd_ndt_localizer-1] [WARN] [1785824598.056489596] [pcd_ndt_localizer]: Waiting for /initialpose before running NDT localization
[pcd_ndt_localizer-1] [WARN] [1785824600.159149071] [pcd_ndt_localizer]: Waiting for /initialpose before running NDT localization
[pcd_ndt_localizer-1] [WARN] [1785824602.258920415] [pcd_ndt_localizer]: Waiting for /initialpose before running NDT localization
[pcd_ndt_localizer-1] [WARN] [1785824604.358572043] [pcd_ndt_localizer]: Waiting for /initialpose before running NDT localization
[pcd_ndt_localizer-1] [WARN] [1785824606.457091215] [pcd_ndt_localizer]: Waiting for /initialpose before running NDT localization
[pcd_ndt_localizer-1] [WARN] [1785824608.556015265] [pcd_ndt_localizer]: Waiting for /initialpose before running NDT localization
[pcd_ndt_localizer-1] [WARN] [1785824610.557197361] [pcd_ndt_localizer]: Waiting for /initialpose before running NDT localization
[pcd_ndt_localizer-1] [WARN] [1785824612.558123065] [pcd_ndt_localizer]: Waiting for /initialpose before running NDT localization
[pcd_ndt_localizer-1] [WARN] [1785824614.560312140] [pcd_ndt_localizer]: Waiting for /initialpose before running NDT localization
[pcd_ndt_localizer-1] [WARN] [1785824616.658233531] [pcd_ndt_localizer]: Waiting for /initialpose before running NDT localization
[pcd_ndt_localizer-1] [WARN] [1785824618.758896618] [pcd_ndt_localizer]: Waiting for /initialpose before running NDT localization
[pcd_ndt_localizer-1] [WARN] [1785824620.860220367] [pcd_ndt_localizer]: Waiting for /initialpose before running NDT localization
[pcd_ndt_localizer-1] [WARN] [1785824622.957223967] [pcd_ndt_localizer]: Waiting for /initialpose before running NDT localization
[pcd_ndt_localizer-1] [WARN] [1785824625.056786407] [pcd_ndt_localizer]: Waiting for /initialpose before running NDT localization
[pcd_ndt_localizer-1] [WARN] [1785824627.143223304] [pcd_ndt_localizer]: Waiting for /initialpose before running NDT localization
[pcd_ndt_localizer-1] [WARN] [1785824629.157297048] [pcd_ndt_localizer]: Waiting for /initialpose before running NDT localization
[pcd_ndt_localizer-1] [WARN] [1785824631.261802028] [pcd_ndt_localizer]: Waiting for /initialpose before running NDT localization
[pcd_ndt_localizer-1] [WARN] [1785824633.357073663] [pcd_ndt_localizer]: Waiting for /initialpose before running NDT localization
[pcd_ndt_localizer-1] [WARN] [1785824635.359002697] [pcd_ndt_localizer]: Waiting for /initialpose before running NDT localization
[pcd_ndt_localizer-1] [WARN] [1785824637.457935964] [pcd_ndt_localizer]: Waiting for /initialpose before running NDT localization
[pcd_ndt_localizer-1] [WARN] [1785824639.556232824] [pcd_ndt_localizer]: Waiting for /initialpose before running NDT localization
[pcd_ndt_localizer-1] [WARN] [1785824641.560077285] [pcd_ndt_localizer]: Waiting for /initialpose before running NDT localization
[pcd_ndt_localizer-1] [WARN] [1785824643.655977998] [pcd_ndt_localizer]: Waiting for /initialpose before running NDT localization
[pcd_ndt_localizer-1] [WARN] [1785824645.660360845] [pcd_ndt_localizer]: Waiting for /initialpose before running NDT localization
[pcd_ndt_localizer-1] [WARN] [1785824647.660646975] [pcd_ndt_localizer]: Waiting for /initialpose before running NDT localization
[pcd_ndt_localizer-1] [WARN] [1785824649.755919794] [pcd_ndt_localizer]: Waiting for /initialpose before running NDT localization
[pcd_ndt_localizer-1] [WARN] [1785824651.757887742] [pcd_ndt_localizer]: Waiting for /initialpose before running NDT localization
[pcd_ndt_localizer-1] [WARN] [1785824653.841705347] [pcd_ndt_localizer]: Waiting for /initialpose before running NDT localization
[pcd_ndt_localizer-1] [WARN] [1785824655.856610992] [pcd_ndt_localizer]: Waiting for /initialpose before running NDT localization
[pcd_ndt_localizer-1] [WARN] [1785824657.942145329] [pcd_ndt_localizer]: Waiting for /initialpose before running NDT localization
[pcd_ndt_localizer-1] [WARN] [1785824659.956700498] [pcd_ndt_localizer]: Waiting for /initialpose before running NDT localization
[pcd_ndt_localizer-1] [WARN] [1785824661.959643071] [pcd_ndt_localizer]: Waiting for /initialpose before running NDT localization
[pcd_ndt_localizer-1] [WARN] [1785824664.058080705] [pcd_ndt_localizer]: Waiting for /initialpose before running NDT localization
[pcd_ndt_localizer-1] [WARN] [1785824666.060442330] [pcd_ndt_localizer]: Waiting for /initialpose before running NDT localization
[pcd_ndt_localizer-1] [WARN] [1785824668.158539919] [pcd_ndt_localizer]: Waiting for /initialpose before running NDT localization
[pcd_ndt_localizer-1] [WARN] [1785824670.255404986] [pcd_ndt_localizer]: Waiting for /initialpose before running NDT localization
[pcd_ndt_localizer-1] [WARN] [1785824672.260487954] [pcd_ndt_localizer]: Waiting for /initialpose before running NDT localization
[pcd_ndt_localizer-1] [WARN] [1785824674.360978298] [pcd_ndt_localizer]: Waiting for /initialpose before running NDT localization
[pcd_ndt_localizer-1] [WARN] [1785824676.459004813] [pcd_ndt_localizer]: Waiting for /initialpose before running NDT localization
[pcd_ndt_localizer-1] [WARN] [1785824678.560025736] [pcd_ndt_localizer]: Waiting for /initialpose before running NDT localization
[pcd_ndt_localizer-1] [WARN] [1785824680.654817579] [pcd_ndt_localizer]: Waiting for /initialpose before running NDT localization
[pcd_ndt_localizer-1] [WARN] [1785824682.656594480] [pcd_ndt_localizer]: Waiting for /initialpose before running NDT localization
[pcd_ndt_localizer-1] [WARN] [1785824684.659431738] [pcd_ndt_localizer]: Waiting for /initialpose before running NDT localization
[pcd_ndt_localizer-1] [WARN] [1785824686.758027936] [pcd_ndt_localizer]: Waiting for /initialpose before running NDT localization
[pcd_ndt_localizer-1] [WARN] [1785824688.858898262] [pcd_ndt_localizer]: Waiting for /initialpose before running NDT localization
[pcd_ndt_localizer-1] [WARN] [1785824690.859552244] [pcd_ndt_localizer]: Waiting for /initialpose before running NDT localization
[pcd_ndt_localizer-1] [WARN] [1785824692.958459046] [pcd_ndt_localizer]: Waiting for /initialpose before running NDT localization
[pcd_ndt_localizer-1] [WARN] [1785824695.057627424] [pcd_ndt_localizer]: Waiting for /initialpose before running NDT localization
[pcd_ndt_localizer-1] [WARN] [1785824697.159343924] [pcd_ndt_localizer]: Waiting for /initialpose before running NDT localization
[pcd_ndt_localizer-1] [WARN] [1785824699.257650224] [pcd_ndt_localizer]: Waiting for /initialpose before running NDT localization
[pcd_ndt_localizer-1] [WARN] [1785824701.259298449] [pcd_ndt_localizer]: Waiting for /initialpose before running NDT localization
[pcd_ndt_localizer-1] [WARN] [1785824703.358139904] [pcd_ndt_localizer]: Waiting for /initialpose before running NDT localization
[pcd_ndt_localizer-1] [WARN] [1785824705.358322158] [pcd_ndt_localizer]: Waiting for /initialpose before running NDT localization
[pcd_ndt_localizer-1] [WARN] [1785824707.459715382] [pcd_ndt_localizer]: Waiting for /initialpose before running NDT localization
[pcd_ndt_localizer-1] [WARN] [1785824709.557552866] [pcd_ndt_localizer]: Waiting for /initialpose before running NDT localization
[pcd_ndt_localizer-1] [WARN] [1785824711.558926169] [pcd_ndt_localizer]: Waiting for /initialpose before running NDT localization
[pcd_ndt_localizer-1] [WARN] [1785824713.566688910] [pcd_ndt_localizer]: Waiting for /initialpose before running NDT localization
[pcd_ndt_localizer-1] [WARN] [1785824715.661200647] [pcd_ndt_localizer]: Waiting for /initialpose before running NDT localization
[pcd_ndt_localizer-1] [WARN] [1785824717.759404128] [pcd_ndt_localizer]: Waiting for /initialpose before running NDT localization
[pcd_ndt_localizer-1] [WARN] [1785824719.857557591] [pcd_ndt_localizer]: Waiting for /initialpose before running NDT localization
[pcd_ndt_localizer-1] [WARN] [1785824721.870393724] [pcd_ndt_localizer]: Waiting for /initialpose before running NDT localization
[pcd_ndt_localizer-1] [WARN] [1785824723.969249324] [pcd_ndt_localizer]: Waiting for /initialpose before running NDT localization
[pcd_ndt_localizer-1] [WARN] [1785824726.068711665] [pcd_ndt_localizer]: Waiting for /initialpose before running NDT localization
[pcd_ndt_localizer-1] [WARN] [1785824728.169548710] [pcd_ndt_localizer]: Waiting for /initialpose before running NDT localization
[pcd_ndt_localizer-1] [WARN] [1785824730.251871031] [pcd_ndt_localizer]: Waiting for /initialpose before running NDT localization
[pcd_ndt_localizer-1] [WARN] [1785824732.348610686] [pcd_ndt_localizer]: Waiting for /initialpose before running NDT localization
[pcd_ndt_localizer-1] [WARN] [1785824734.445909207] [pcd_ndt_localizer]: Waiting for /initialpose before running NDT localization
[pcd_ndt_localizer-1] [WARN] [1785824736.545297818] [pcd_ndt_localizer]: Waiting for /initialpose before running NDT localization
[pcd_ndt_localizer-1] [WARN] [1785824738.643347598] [pcd_ndt_localizer]: Waiting for /initialpose before running NDT localization
[pcd_ndt_localizer-1] [WARN] [1785824740.647244700] [pcd_ndt_localizer]: Waiting for /initialpose before running NDT localization
[pcd_ndt_localizer-1] [WARN] [1785824742.648087009] [pcd_ndt_localizer]: Waiting for /initialpose before running NDT localization
[pcd_ndt_localizer-1] [WARN] [1785824744.648745407] [pcd_ndt_localizer]: Waiting for /initialpose before running NDT localization
[pcd_ndt_localizer-1] [WARN] [1785824746.652713552] [pcd_ndt_localizer]: Waiting for /initialpose before running NDT localization
[pcd_ndt_localizer-1] [WARN] [1785824748.750791077] [pcd_ndt_localizer]: Waiting for /initialpose before running NDT localization
[pcd_ndt_localizer-1] [WARN] [1785824750.849025503] [pcd_ndt_localizer]: Waiting for /initialpose before running NDT localization
[pcd_ndt_localizer-1] [WARN] [1785824752.950489801] [pcd_ndt_localizer]: Waiting for /initialpose before running NDT localization
[pcd_ndt_localizer-1] [WARN] [1785824754.951593079] [pcd_ndt_localizer]: Waiting for /initialpose before running NDT localization
[pcd_ndt_localizer-1] [WARN] [1785824757.048997044] [pcd_ndt_localizer]: Waiting for /initialpose before running NDT localization
[pcd_ndt_localizer-1] [WARN] [1785824759.148934154] [pcd_ndt_localizer]: Waiting for /initialpose before running NDT localization
[pcd_ndt_localizer-1] [WARN] [1785824761.249133704] [pcd_ndt_localizer]: Waiting for /initialpose before running NDT localization
[pcd_ndt_localizer-1] [WARN] [1785824763.347970551] [pcd_ndt_localizer]: Waiting for /initialpose before running NDT localization
[pcd_ndt_localizer-1] [WARN] [1785824765.351441399] [pcd_ndt_localizer]: Waiting for /initialpose before running NDT localization
[pcd_ndt_localizer-1] [WARN] [1785824767.448273280] [pcd_ndt_localizer]: Waiting for /initialpose before running NDT localization
[pcd_ndt_localizer-1] [WARN] [1785824769.549280027] [pcd_ndt_localizer]: Waiting for /initialpose before running NDT localization
[pcd_ndt_localizer-1] [WARN] [1785824771.649373622] [pcd_ndt_localizer]: Waiting for /initialpose before running NDT localization
[pcd_ndt_localizer-1] [WARN] [1785824773.649434751] [pcd_ndt_localizer]: Waiting for /initialpose before running NDT localization
[pcd_ndt_localizer-1] [WARN] [1785824775.651572305] [pcd_ndt_localizer]: Waiting for /initialpose before running NDT localization
[pcd_ndt_localizer-1] [WARN] [1785824777.748855466] [pcd_ndt_localizer]: Waiting for /initialpose before running NDT localization
[pcd_ndt_localizer-1] [WARN] [1785824779.749253311] [pcd_ndt_localizer]: Waiting for /initialpose before running NDT localization
[pcd_ndt_localizer-1] [WARN] [1785824781.749638803] [pcd_ndt_localizer]: Waiting for /initialpose before running NDT localization
[pcd_ndt_localizer-1] [WARN] [1785824783.850959257] [pcd_ndt_localizer]: Waiting for /initialpose before running NDT localization
[pcd_ndt_localizer-1] [WARN] [1785824785.949673892] [pcd_ndt_localizer]: Waiting for /initialpose before running NDT localization
[pcd_ndt_localizer-1] [WARN] [1785824787.951308100] [pcd_ndt_localizer]: Waiting for /initialpose before running NDT localization
[pcd_ndt_localizer-1] [WARN] [1785824790.049629441] [pcd_ndt_localizer]: Waiting for /initialpose before running NDT localization
[pcd_ndt_localizer-1] [WARN] [1785824792.049771533] [pcd_ndt_localizer]: Waiting for /initialpose before running NDT localization
[pcd_ndt_localizer-1] [WARN] [1785824794.148995018] [pcd_ndt_localizer]: Waiting for /initialpose before running NDT localization
[pcd_ndt_localizer-1] [WARN] [1785824796.150609609] [pcd_ndt_localizer]: Waiting for /initialpose before running NDT localization
[pcd_ndt_localizer-1] [WARN] [1785824798.250977517] [pcd_ndt_localizer]: Waiting for /initialpose before running NDT localization
[pcd_ndt_localizer-1] [WARN] [1785824800.349239208] [pcd_ndt_localizer]: Waiting for /initialpose before running NDT localization
[pcd_ndt_localizer-1] [WARN] [1785824802.450627024] [pcd_ndt_localizer]: Waiting for /initialpose before running NDT localization
[pcd_ndt_localizer-1] [WARN] [1785824804.549567139] [pcd_ndt_localizer]: Waiting for /initialpose before running NDT localization
[pcd_ndt_localizer-1] [WARN] [1785824806.549679182] [pcd_ndt_localizer]: Waiting for /initialpose before running NDT localization
[pcd_ndt_localizer-1] [WARN] [1785824808.649144883] [pcd_ndt_localizer]: Waiting for /initialpose before running NDT localization
[pcd_ndt_localizer-1] [WARN] [1785824810.749041063] [pcd_ndt_localizer]: Waiting for /initialpose before running NDT localization
[pcd_ndt_localizer-1] [WARN] [1785824812.848752565] [pcd_ndt_localizer]: Waiting for /initialpose before running NDT localization
[pcd_ndt_localizer-1] [WARN] [1785824814.951961660] [pcd_ndt_localizer]: Waiting for /initialpose before running NDT localization
[pcd_ndt_localizer-1] [WARN] [1785824816.959461991] [pcd_ndt_localizer]: Waiting for /initialpose before running NDT localization
[pcd_ndt_localizer-1] [WARN] [1785824819.048933361] [pcd_ndt_localizer]: Waiting for /initialpose before running NDT localization
[pcd_ndt_localizer-1] [WARN] [1785824821.149162609] [pcd_ndt_localizer]: Waiting for /initialpose before running NDT localization
[pcd_ndt_localizer-1] [WARN] [1785824823.149251387] [pcd_ndt_localizer]: Waiting for /initialpose before running NDT localization
[pcd_ndt_localizer-1] [WARN] [1785824825.150366057] [pcd_ndt_localizer]: Waiting for /initialpose before running NDT localization
[pcd_ndt_localizer-1] [WARN] [1785824827.249879280] [pcd_ndt_localizer]: Waiting for /initialpose before running NDT localization
[pcd_ndt_localizer-1] [WARN] [1785824829.348579450] [pcd_ndt_localizer]: Waiting for /initialpose before running NDT localization
[pcd_ndt_localizer-1] [WARN] [1785824831.348898636] [pcd_ndt_localizer]: Waiting for /initialpose before running NDT localization
[pcd_ndt_localizer-1] [WARN] [1785824833.450547997] [pcd_ndt_localizer]: Waiting for /initialpose before running NDT localization
[pcd_ndt_localizer-1] [WARN] [1785824835.549811131] [pcd_ndt_localizer]: Waiting for /initialpose before running NDT localization
[pcd_ndt_localizer-1] [WARN] [1785824837.649422917] [pcd_ndt_localizer]: Waiting for /initialpose before running NDT localization
[pcd_ndt_localizer-1] [WARN] [1785824839.748871242] [pcd_ndt_localizer]: Waiting for /initialpose before running NDT localization
[pcd_ndt_localizer-1] [WARN] [1785824841.848988869] [pcd_ndt_localizer]: Waiting for /initialpose before running NDT localization
[pcd_ndt_localizer-1] [WARN] [1785824843.849582849] [pcd_ndt_localizer]: Waiting for /initialpose before running NDT localization
[pcd_ndt_localizer-1] [WARN] [1785824845.851398791] [pcd_ndt_localizer]: Waiting for /initialpose before running NDT localization
[pcd_ndt_localizer-1] [WARN] [1785824847.951650888] [pcd_ndt_localizer]: Waiting for /initialpose before running NDT localization
[pcd_ndt_localizer-1] [WARN] [1785824850.049267085] [pcd_ndt_localizer]: Waiting for /initialpose before running NDT localization
[pcd_ndt_localizer-1] [WARN] [1785824852.149465707] [pcd_ndt_localizer]: Waiting for /initialpose before running NDT localization
[pcd_ndt_localizer-1] [WARN] [1785824854.151790979] [pcd_ndt_localizer]: Waiting for /initialpose before running NDT localization
[pcd_ndt_localizer-1] [WARN] [1785824856.249877752] [pcd_ndt_localizer]: Waiting for /initialpose before running NDT localization
[pcd_ndt_localizer-1] [WARN] [1785824858.349545636] [pcd_ndt_localizer]: Waiting for /initialpose before running NDT localization
[pcd_ndt_localizer-1] [WARN] [1785824860.451545217] [pcd_ndt_localizer]: Waiting for /initialpose before running NDT localization
[pcd_ndt_localizer-1] [WARN] [1785824862.550159112] [pcd_ndt_localizer]: Waiting for /initialpose before running NDT localization
[pcd_ndt_localizer-1] [WARN] [1785824864.550470587] [pcd_ndt_localizer]: Waiting for /initialpose before running NDT localization
[pcd_ndt_localizer-1] [WARN] [1785824866.648821977] [pcd_ndt_localizer]: Waiting for /initialpose before running NDT localization
[pcd_ndt_localizer-1] [WARN] [1785824868.749009847] [pcd_ndt_localizer]: Waiting for /initialpose before running NDT localization
[pcd_ndt_localizer-1] [WARN] [1785824870.751130920] [pcd_ndt_localizer]: Waiting for /initialpose before running NDT localization
[pcd_ndt_localizer-1] [WARN] [1785824872.848676810] [pcd_ndt_localizer]: Waiting for /initialpose before running NDT localization
[pcd_ndt_localizer-1] [WARN] [1785824874.849699893] [pcd_ndt_localizer]: Waiting for /initialpose before running NDT localization
[pcd_ndt_localizer-1] [WARN] [1785824876.849876066] [pcd_ndt_localizer]: Waiting for /initialpose before running NDT localization
[pcd_ndt_localizer-1] [WARN] [1785824878.940423634] [pcd_ndt_localizer]: Waiting for /initialpose before running NDT localization
[pcd_ndt_localizer-1] [WARN] [1785824880.949389968] [pcd_ndt_localizer]: Waiting for /initialpose before running NDT localization
[pcd_ndt_localizer-1] [WARN] [1785824882.949565949] [pcd_ndt_localizer]: Waiting for /initialpose before running NDT localization
[pcd_ndt_localizer-1] [WARN] [1785824885.040369750] [pcd_ndt_localizer]: Waiting for /initialpose before running NDT localization
[pcd_ndt_localizer-1] [WARN] [1785824887.043372869] [pcd_ndt_localizer]: Waiting for /initialpose before running NDT localization
[pcd_ndt_localizer-1] [WARN] [1785824889.049015824] [pcd_ndt_localizer]: Waiting for /initialpose before running NDT localization
[pcd_ndt_localizer-1] [WARN] [1785824891.050161823] [pcd_ndt_localizer]: Waiting for /initialpose before running NDT localization
[pcd_ndt_localizer-1] [WARN] [1785824893.151199355] [pcd_ndt_localizer]: Waiting for /initialpose before running NDT localization
[pcd_ndt_localizer-1] [WARN] [1785824895.249524664] [pcd_ndt_localizer]: Waiting for /initialpose before running NDT localization
[pcd_ndt_localizer-1] [WARN] [1785824897.349207429] [pcd_ndt_localizer]: Waiting for /initialpose before running NDT localization
[pcd_ndt_localizer-1] [WARN] [1785824899.350008488] [pcd_ndt_localizer]: Waiting for /initialpose before running NDT localization
[pcd_ndt_localizer-1] [WARN] [1785824901.450319754] [pcd_ndt_localizer]: Waiting for /initialpose before running NDT localization
[pcd_ndt_localizer-1] [WARN] [1785824903.451718498] [pcd_ndt_localizer]: Waiting for /initialpose before running NDT localization
[pcd_ndt_localizer-1] [WARN] [1785824905.550504719] [pcd_ndt_localizer]: Waiting for /initialpose before running NDT localization
[pcd_ndt_localizer-1] [WARN] [1785824907.649766189] [pcd_ndt_localizer]: Waiting for /initialpose before running NDT localization
[pcd_ndt_localizer-1] [WARN] [1785824909.745106339] [pcd_ndt_localizer]: Waiting for /initialpose before running NDT localization
[pcd_ndt_localizer-1] [WARN] [1785824911.750543399] [pcd_ndt_localizer]: Waiting for /initialpose before running NDT localization
[pcd_ndt_localizer-1] [WARN] [1785824913.850297878] [pcd_ndt_localizer]: Waiting for /initialpose before running NDT localization
[pcd_ndt_localizer-1] [WARN] [1785824915.946904440] [pcd_ndt_localizer]: Waiting for /initialpose before running NDT localization
[pcd_ndt_localizer-1] [WARN] [1785824917.950640097] [pcd_ndt_localizer]: Waiting for /initialpose before running NDT localization
[pcd_ndt_localizer-1] [WARN] [1785824920.050360015] [pcd_ndt_localizer]: Waiting for /initialpose before running NDT localization
[pcd_ndt_localizer-1] [WARN] [1785824922.150507819] [pcd_ndt_localizer]: Waiting for /initialpose before running NDT localization
[pcd_ndt_localizer-1] [WARN] [1785824924.246343602] [pcd_ndt_localizer]: Waiting for /initialpose before running NDT localization
[pcd_ndt_localizer-1] [WARN] [1785824926.347589173] [pcd_ndt_localizer]: Waiting for /initialpose before running NDT localization
[pcd_ndt_localizer-1] [WARN] [1785824928.349947374] [pcd_ndt_localizer]: Waiting for /initialpose before running NDT localization
[pcd_ndt_localizer-1] [WARN] [1785824930.445263907] [pcd_ndt_localizer]: Waiting for /initialpose before running NDT localization
[pcd_ndt_localizer-1] [WARN] [1785824932.449911052] [pcd_ndt_localizer]: Waiting for /initialpose before running NDT localization
[pcd_ndt_localizer-1] [WARN] [1785824934.549844737] [pcd_ndt_localizer]: Waiting for /initialpose before running NDT localization
[pcd_ndt_localizer-1] [WARN] [1785824936.550044901] [pcd_ndt_localizer]: Waiting for /initialpose before running NDT localization
[pcd_ndt_localizer-1] [WARN] [1785824938.648910383] [pcd_ndt_localizer]: Waiting for /initialpose before running NDT localization
[pcd_ndt_localizer-1] [WARN] [1785824940.648989784] [pcd_ndt_localizer]: Waiting for /initialpose before running NDT localization
[pcd_ndt_localizer-1] [WARN] [1785824942.650072257] [pcd_ndt_localizer]: Waiting for /initialpose before running NDT localization
[pcd_ndt_localizer-1] [WARN] [1785824944.650978645] [pcd_ndt_localizer]: Waiting for /initialpose before running NDT localization
[pcd_ndt_localizer-1] [WARN] [1785824946.751053941] [pcd_ndt_localizer]: Waiting for /initialpose before running NDT localization
[pcd_ndt_localizer-1] [WARN] [1785824948.849666816] [pcd_ndt_localizer]: Waiting for /initialpose before running NDT localization
[pcd_ndt_localizer-1] [WARN] [1785824950.851105587] [pcd_ndt_localizer]: Waiting for /initialpose before running NDT localization
[pcd_ndt_localizer-1] [WARN] [1785824952.945257950] [pcd_ndt_localizer]: Waiting for /initialpose before running NDT localization
[pcd_ndt_localizer-1] [WARN] [1785824954.949739264] [pcd_ndt_localizer]: Waiting for /initialpose before running NDT localization
[pcd_ndt_localizer-1] [WARN] [1785824957.046622504] [pcd_ndt_localizer]: Waiting for /initialpose before running NDT localization
[pcd_ndt_localizer-1] [WARN] [1785824959.048249670] [pcd_ndt_localizer]: Waiting for /initialpose before running NDT localization
[pcd_ndt_localizer-1] [WARN] [1785824961.051572485] [pcd_ndt_localizer]: Waiting for /initialpose before running NDT localization
[pcd_ndt_localizer-1] [WARN] [1785824963.149502665] [pcd_ndt_localizer]: Waiting for /initialpose before running NDT localization
[pcd_ndt_localizer-1] [WARN] [1785824965.152465268] [pcd_ndt_localizer]: Waiting for /initialpose before running NDT localization
[pcd_ndt_localizer-1] [WARN] [1785824967.248789788] [pcd_ndt_localizer]: Waiting for /initialpose before running NDT localization
[pcd_ndt_localizer-1] [WARN] [1785824969.249098350] [pcd_ndt_localizer]: Waiting for /initialpose before running NDT localization
[pcd_ndt_localizer-1] [WARN] [1785824971.249431462] [pcd_ndt_localizer]: Waiting for /initialpose before running NDT localization
[pcd_ndt_localizer-1] [WARN] [1785824973.348845473] [pcd_ndt_localizer]: Waiting for /initialpose before running NDT localization
[pcd_ndt_localizer-1] [WARN] [1785824975.349716235] [pcd_ndt_localizer]: Waiting for /initialpose before running NDT localization
[pcd_ndt_localizer-1] [WARN] [1785824977.349731960] [pcd_ndt_localizer]: Waiting for /initialpose before running NDT localization
[pcd_ndt_localizer-1] [WARN] [1785824979.349766694] [pcd_ndt_localizer]: Waiting for /initialpose before running NDT localization
[pcd_ndt_localizer-1] [WARN] [1785824981.449239747] [pcd_ndt_localizer]: Waiting for /initialpose before running NDT localization
[pcd_ndt_localizer-1] [WARN] [1785824983.449635197] [pcd_ndt_localizer]: Waiting for /initialpose before running NDT localization
[pcd_ndt_localizer-1] [WARN] [1785824985.452651954] [pcd_ndt_localizer]: Waiting for /initialpose before running NDT localization
[pcd_ndt_localizer-1] [WARN] [1785824987.551818948] [pcd_ndt_localizer]: Waiting for /initialpose before running NDT localization
[pcd_ndt_localizer-1] [WARN] [1785824989.649029714] [pcd_ndt_localizer]: Waiting for /initialpose before running NDT localization
[pcd_ndt_localizer-1] [WARN] [1785824991.649517840] [pcd_ndt_localizer]: Waiting for /initialpose before running NDT localization
[pcd_ndt_localizer-1] [WARN] [1785824993.750946576] [pcd_ndt_localizer]: Waiting for /initialpose before running NDT localization
[pcd_ndt_localizer-1] [WARN] [1785824995.850662197] [pcd_ndt_localizer]: Waiting for /initialpose before running NDT localization
[pcd_ndt_localizer-1] [WARN] [1785824997.948821924] [pcd_ndt_localizer]: Waiting for /initialpose before running NDT localization
[pcd_ndt_localizer-1] [WARN] [1785824999.949003927] [pcd_ndt_localizer]: Waiting for /initialpose before running NDT localization
[pcd_ndt_localizer-1] [WARN] [1785825001.949293006] [pcd_ndt_localizer]: Waiting for /initialpose before running NDT localization
[pcd_ndt_localizer-1] [WARN] [1785825003.949700744] [pcd_ndt_localizer]: Waiting for /initialpose before running NDT localization
[pcd_ndt_localizer-1] [WARN] [1785825006.051130568] [pcd_ndt_localizer]: Waiting for /initialpose before running NDT localization
[pcd_ndt_localizer-1] [WARN] [1785825008.148433914] [pcd_ndt_localizer]: Waiting for /initialpose before running NDT localization
[pcd_ndt_localizer-1] [WARN] [1785825010.148764658] [pcd_ndt_localizer]: Waiting for /initialpose before running NDT localization
[pcd_ndt_localizer-1] [WARN] [1785825012.149478871] [pcd_ndt_localizer]: Waiting for /initialpose before running NDT localization
[pcd_ndt_localizer-1] [WARN] [1785825014.150579626] [pcd_ndt_localizer]: Waiting for /initialpose before running NDT localization
[pcd_ndt_localizer-1] [WARN] [1785825016.248900511] [pcd_ndt_localizer]: Waiting for /initialpose before running NDT localization
[pcd_ndt_localizer-1] [WARN] [1785825018.249471999] [pcd_ndt_localizer]: Waiting for /initialpose before running NDT localization
[pcd_ndt_localizer-1] [WARN] [1785825020.349589074] [pcd_ndt_localizer]: Waiting for /initialpose before running NDT localization
[pcd_ndt_localizer-1] [WARN] [1785825022.449317047] [pcd_ndt_localizer]: Waiting for /initialpose before running NDT localization
[pcd_ndt_localizer-1] [WARN] [1785825024.550759096] [pcd_ndt_localizer]: Waiting for /initialpose before running NDT localization
[pcd_ndt_localizer-1] [WARN] [1785825026.552201430] [pcd_ndt_localizer]: Waiting for /initialpose before running NDT localization
[pcd_ndt_localizer-1] [WARN] [1785825028.651660466] [pcd_ndt_localizer]: Waiting for /initialpose before running NDT localization
[pcd_ndt_localizer-1] [WARN] [1785825030.749067400] [pcd_ndt_localizer]: Waiting for /initialpose before running NDT localization
[pcd_ndt_localizer-1] [WARN] [1785825032.749708074] [pcd_ndt_localizer]: Waiting for /initialpose before running NDT localization
[pcd_ndt_localizer-1] [WARN] [1785825034.849037001] [pcd_ndt_localizer]: Waiting for /initialpose before running NDT localization
[pcd_ndt_localizer-1] [WARN] [1785825036.949382750] [pcd_ndt_localizer]: Waiting for /initialpose before running NDT localization
[pcd_ndt_localizer-1] [WARN] [1785825038.950753755] [pcd_ndt_localizer]: Waiting for /initialpose before running NDT localization
[pcd_ndt_localizer-1] [WARN] [1785825040.951508283] [pcd_ndt_localizer]: Waiting for /initialpose before running NDT localization
[pcd_ndt_localizer-1] [WARN] [1785825043.049014151] [pcd_ndt_localizer]: Waiting for /initialpose before running NDT localization
[pcd_ndt_localizer-1] [WARN] [1785825045.049080586] [pcd_ndt_localizer]: Waiting for /initialpose before running NDT localization
[pcd_ndt_localizer-1] [WARN] [1785825047.049143090] [pcd_ndt_localizer]: Waiting for /initialpose before running NDT localization
[pcd_ndt_localizer-1] [WARN] [1785825049.151155838] [pcd_ndt_localizer]: Waiting for /initialpose before running NDT localization
[pcd_ndt_localizer-1] [WARN] [1785825051.247811085] [pcd_ndt_localizer]: Waiting for /initialpose before running NDT localization
[pcd_ndt_localizer-1] [WARN] [1785825053.249079363] [pcd_ndt_localizer]: Waiting for /initialpose before running NDT localization
[pcd_ndt_localizer-1] [WARN] [1785825055.249155520] [pcd_ndt_localizer]: Waiting for /initialpose before running NDT localization
[pcd_ndt_localizer-1] [WARN] [1785825057.348701549] [pcd_ndt_localizer]: Waiting for /initialpose before running NDT localization
[pcd_ndt_localizer-1] [WARN] [1785825059.349703947] [pcd_ndt_localizer]: Waiting for /initialpose before running NDT localization
[pcd_ndt_localizer-1] [WARN] [1785825061.449510785] [pcd_ndt_localizer]: Waiting for /initialpose before running NDT localization
[pcd_ndt_localizer-1] [WARN] [1785825063.549325880] [pcd_ndt_localizer]: Waiting for /initialpose before running NDT localization
[pcd_ndt_localizer-1] [WARN] [1785825065.649281524] [pcd_ndt_localizer]: Waiting for /initialpose before running NDT localization
[pcd_ndt_localizer-1] [WARN] [1785825067.749456375] [pcd_ndt_localizer]: Waiting for /initialpose before running NDT localization
[pcd_ndt_localizer-1] [WARN] [1785825069.750126601] [pcd_ndt_localizer]: Waiting for /initialpose before running NDT localization
[pcd_ndt_localizer-1] [WARN] [1785825071.849070401] [pcd_ndt_localizer]: Waiting for /initialpose before running NDT localization
[pcd_ndt_localizer-1] [WARN] [1785825073.949600881] [pcd_ndt_localizer]: Waiting for /initialpose before running NDT localization
[pcd_ndt_localizer-1] [WARN] [1785825076.052970564] [pcd_ndt_localizer]: Waiting for /initialpose before running NDT localization
[pcd_ndt_localizer-1] [WARN] [1785825078.054724699] [pcd_ndt_localizer]: Waiting for /initialpose before running NDT localization
[pcd_ndt_localizer-1] [WARN] [1785825080.149650151] [pcd_ndt_localizer]: Waiting for /initialpose before running NDT localization
[pcd_ndt_localizer-1] [WARN] [1785825082.250098836] [pcd_ndt_localizer]: Waiting for /initialpose before running NDT localization
[pcd_ndt_localizer-1] [WARN] [1785825084.349125167] [pcd_ndt_localizer]: Waiting for /initialpose before running NDT localization
[pcd_ndt_localizer-1] [WARN] [1785825086.349255662] [pcd_ndt_localizer]: Waiting for /initialpose before running NDT localization
[pcd_ndt_localizer-1] [WARN] [1785825088.449040932] [pcd_ndt_localizer]: Waiting for /initialpose before running NDT localization
[pcd_ndt_localizer-1] [WARN] [1785825090.550205930] [pcd_ndt_localizer]: Waiting for /initialpose before running NDT localization
[pcd_ndt_localizer-1] [WARN] [1785825092.648749684] [pcd_ndt_localizer]: Waiting for /initialpose before running NDT localization
[pcd_ndt_localizer-1] [WARN] [1785825094.649216831] [pcd_ndt_localizer]: Waiting for /initialpose before running NDT localization
[pcd_ndt_localizer-1] [WARN] [1785825096.649317821] [pcd_ndt_localizer]: Waiting for /initialpose before running NDT localization
[pcd_ndt_localizer-1] [WARN] [1785825098.649371449] [pcd_ndt_localizer]: Waiting for /initialpose before running NDT localization
[pcd_ndt_localizer-1] [WARN] [1785825100.749349526] [pcd_ndt_localizer]: Waiting for /initialpose before running NDT localization
[pcd_ndt_localizer-1] [WARN] [1785825102.849333010] [pcd_ndt_localizer]: Waiting for /initialpose before running NDT localization
[pcd_ndt_localizer-1] [WARN] [1785825104.949562360] [pcd_ndt_localizer]: Waiting for /initialpose before running NDT localization
[pcd_ndt_localizer-1] [WARN] [1785825107.050531415] [pcd_ndt_localizer]: Waiting for /initialpose before running NDT localization
[pcd_ndt_localizer-1] [WARN] [1785825109.148753974] [pcd_ndt_localizer]: Waiting for /initialpose before running NDT localization
[pcd_ndt_localizer-1] [WARN] [1785825111.153998215] [pcd_ndt_localizer]: Waiting for /initialpose before running NDT localization
[pcd_ndt_localizer-1] [WARN] [1785825113.231571606] [pcd_ndt_localizer]: Waiting for /initialpose before running NDT localization
[pcd_ndt_localizer-1] [WARN] [1785825115.248903373] [pcd_ndt_localizer]: Waiting for /initialpose before running NDT localization
[pcd_ndt_localizer-1] [WARN] [1785825117.349163411] [pcd_ndt_localizer]: Waiting for /initialpose before running NDT localization
[pcd_ndt_localizer-1] [WARN] [1785825119.450972464] [pcd_ndt_localizer]: Waiting for /initialpose before running NDT localization
[pcd_ndt_localizer-1] [WARN] [1785825121.548466006] [pcd_ndt_localizer]: Waiting for /initialpose before running NDT localization
[pcd_ndt_localizer-1] [WARN] [1785825123.552069806] [pcd_ndt_localizer]: Waiting for /initialpose before running NDT localization
[pcd_ndt_localizer-1] [WARN] [1785825125.552244494] [pcd_ndt_localizer]: Waiting for /initialpose before running NDT localization
[pcd_ndt_localizer-1] [WARN] [1785825127.645847340] [pcd_ndt_localizer]: Waiting for /initialpose before running NDT localization
[pcd_ndt_localizer-1] [WARN] [1785825129.646760614] [pcd_ndt_localizer]: Waiting for /initialpose before running NDT localization
[pcd_ndt_localizer-1] [WARN] [1785825131.649253880] [pcd_ndt_localizer]: Waiting for /initialpose before running NDT localization
[pcd_ndt_localizer-1] [WARN] [1785825133.649327572] [pcd_ndt_localizer]: Waiting for /initialpose before running NDT localization
[pcd_ndt_localizer-1] [WARN] [1785825135.750421816] [pcd_ndt_localizer]: Waiting for /initialpose before running NDT localization
[pcd_ndt_localizer-1] [WARN] [1785825137.850736992] [pcd_ndt_localizer]: Waiting for /initialpose before running NDT localization
[pcd_ndt_localizer-1] [WARN] [1785825139.949387886] [pcd_ndt_localizer]: Waiting for /initialpose before running NDT localization
[pcd_ndt_localizer-1] [WARN] [1785825141.949461227] [pcd_ndt_localizer]: Waiting for /initialpose before running NDT localization
[pcd_ndt_localizer-1] [WARN] [1785825144.050157793] [pcd_ndt_localizer]: Waiting for /initialpose before running NDT localization
[pcd_ndt_localizer-1] [WARN] [1785825146.148617448] [pcd_ndt_localizer]: Waiting for /initialpose before running NDT localization
[pcd_ndt_localizer-1] [WARN] [1785825148.149173430] [pcd_ndt_localizer]: Waiting for /initialpose before running NDT localization
[pcd_ndt_localizer-1] [WARN] [1785825150.249218453] [pcd_ndt_localizer]: Waiting for /initialpose before running NDT localization
[pcd_ndt_localizer-1] [WARN] [1785825152.349583263] [pcd_ndt_localizer]: Waiting for /initialpose before running NDT localization
[pcd_ndt_localizer-1] [WARN] [1785825154.448955878] [pcd_ndt_localizer]: Waiting for /initialpose before running NDT localization
[pcd_ndt_localizer-1] [WARN] [1785825156.548226858] [pcd_ndt_localizer]: Waiting for /initialpose before running NDT localization
[pcd_ndt_localizer-1] [WARN] [1785825158.550778333] [pcd_ndt_localizer]: Waiting for /initialpose before running NDT localization
[pcd_ndt_localizer-1] [WARN] [1785825160.649184643] [pcd_ndt_localizer]: Waiting for /initialpose before running NDT localization
[pcd_ndt_localizer-1] [WARN] [1785825162.651299559] [pcd_ndt_localizer]: Waiting for /initialpose before running NDT localization
[pcd_ndt_localizer-1] [WARN] [1785825164.749888915] [pcd_ndt_localizer]: Waiting for /initialpose before running NDT localization
[pcd_ndt_localizer-1] [WARN] [1785825166.851588556] [pcd_ndt_localizer]: Waiting for /initialpose before running NDT localization
[pcd_ndt_localizer-1] [WARN] [1785825168.947286963] [pcd_ndt_localizer]: Waiting for /initialpose before running NDT localization
[pcd_ndt_localizer-1] [WARN] [1785825170.951393213] [pcd_ndt_localizer]: Waiting for /initialpose before running NDT localization
[pcd_ndt_localizer-1] [WARN] [1785825172.951733123] [pcd_ndt_localizer]: Waiting for /initialpose before running NDT localization
[pcd_ndt_localizer-1] [WARN] [1785825175.051504600] [pcd_ndt_localizer]: Waiting for /initialpose before running NDT localization
[pcd_ndt_localizer-1] [WARN] [1785825177.150094852] [pcd_ndt_localizer]: Waiting for /initialpose before running NDT localization
[pcd_ndt_localizer-1] [WARN] [1785825179.247925846] [pcd_ndt_localizer]: Waiting for /initialpose before running NDT localization
[pcd_ndt_localizer-1] [WARN] [1785825181.249541128] [pcd_ndt_localizer]: Waiting for /initialpose before running NDT localization
[pcd_ndt_localizer-1] [WARN] [1785825183.348350844] [pcd_ndt_localizer]: Waiting for /initialpose before running NDT localization
[pcd_ndt_localizer-1] [WARN] [1785825185.349774440] [pcd_ndt_localizer]: Waiting for /initialpose before running NDT localization
[pcd_ndt_localizer-1] [WARN] [1785825187.350804134] [pcd_ndt_localizer]: Waiting for /initialpose before running NDT localization
[pcd_ndt_localizer-1] [WARN] [1785825189.452674149] [pcd_ndt_localizer]: Waiting for /initialpose before running NDT localization
[pcd_ndt_localizer-1] [WARN] [1785825191.549583094] [pcd_ndt_localizer]: Waiting for /initialpose before running NDT localization
[pcd_ndt_localizer-1] [WARN] [1785825193.549593425] [pcd_ndt_localizer]: Waiting for /initialpose before running NDT localization
[pcd_ndt_localizer-1] [WARN] [1785825195.648037176] [pcd_ndt_localizer]: Waiting for /initialpose before running NDT localization
[pcd_ndt_localizer-1] [WARN] [1785825197.649162553] [pcd_ndt_localizer]: Waiting for /initialpose before running NDT localization
