[INFO] [launch]: All log files can be found below /home/seeed/.ros/log/2026-08-04-14-09-21-718998-seeed-36818
[INFO] [launch]: Default logging verbosity is set to INFO
[INFO] [fastlio_mapping-1]: process started with pid [36853]
[fastlio_mapping-1] [INFO] [1785823762.013759980] [laser_mapping]: p_pre->lidar_type 1
[fastlio_mapping-1] Multi thread started 
[fastlio_mapping-1] ~~~~/home/seeed/ros2/ws/src/slam/fast_lio/ file opened
[fastlio_mapping-1] [INFO] [1785823762.022771651] [laser_mapping]: IMU subscription queue depth: 1000
[fastlio_mapping-1] [INFO] [1785823762.030072062] [laser_mapping]: Node init finished.
[fastlio_mapping-1] [WARN] [1785823763.049467568] [laser_mapping]: No point, skip this scan!
[fastlio_mapping-1] 
[fastlio_mapping-1] [WARN] [1785823763.119306104] [laser_mapping]: No point, skip this scan!
[fastlio_mapping-1] 
[fastlio_mapping-1] [WARN] [1785823763.224306685] [laser_mapping]: No point, skip this scan!
[fastlio_mapping-1] 
[fastlio_mapping-1] [WARN] [1785823763.319306057] [laser_mapping]: No point, skip this scan!
[fastlio_mapping-1] 
[fastlio_mapping-1] IMU Initial Done
[fastlio_mapping-1] [WARN] [1785823763.419532970] [laser_mapping]: No point, skip this scan!
[fastlio_mapping-1] 
[fastlio_mapping-1] [INFO] [1785823763.523313444] [laser_mapping]: Initialize the map kdtree
