[INFO] [launch]: All log files can be found below /home/seeed/.ros/log/2026-07-16-11-37-10-416416-seeed-18574
[INFO] [launch]: Default logging verbosity is set to INFO
[INFO] [livox_ros_driver2_node-1]: process started with pid [18608]
[livox_ros_driver2_node-1] [INFO] [1784173030.574635247] [livox_lidar_publisher]: Livox Ros Driver2 Version: 1.2.6
[livox_ros_driver2_node-1] [INFO] [1784173030.575760532] [livox_lidar_publisher]: Data Source is raw lidar.
[livox_ros_driver2_node-1] [INFO] [1784173030.575825430] [livox_lidar_publisher]: Config file : /home/seeed/ros2/ws/install/livox_ros_driver2/share/livox_ros_driver2/launch_ROS2/../config/MID360_config.json
[livox_ros_driver2_node-1] LdsLidar *GetInstance
[livox_ros_driver2_node-1] config lidar type: 8
[livox_ros_driver2_node-1] successfully parse base config, counts: 1
[livox_ros_driver2_node-1] [INFO] [1784173030.581982431] [livox_lidar_publisher]: Init lds lidar success!
[livox_ros_driver2_node-1] GetFreeIndex key:livox_lidar_838969536.
[livox_ros_driver2_node-1] Init queue, real query size:16.
[livox_ros_driver2_node-1] Lidar[0] storage queue size: 10
[livox_ros_driver2_node-1] set pcl data type, handle: 838969536, data type: 1
[livox_ros_driver2_node-1] set scan pattern, handle: 838969536, scan pattern: 0
[livox_ros_driver2_node-1] begin to change work mode to 'Normal', handle: 838969536
[livox_ros_driver2_node-1] successfully set data type, handle: 838969536, set_bit: 2
[livox_ros_driver2_node-1] successfully set pattern mode, handle: 838969536, set_bit: 0
[livox_ros_driver2_node-1] successfully set lidar attitude, ip: 192.168.1.50
[livox_ros_driver2_node-1] successfully change work mode, handle: 838969536
[livox_ros_driver2_node-1] successfully enable Livox Lidar imu, ip: 192.168.1.50
[livox_ros_driver2_node-1] [INFO] [1784173033.582971195] [livox_lidar_publisher]: livox/imu publish use imu format
[livox_ros_driver2_node-1] [INFO] [1784173033.588437454] [livox_lidar_publisher]: livox/lidar publish use livox custom format
