[INFO] [launch]: All log files can be found below /home/seeed/.ros/log/2026-07-16-11-37-51-744526-seeed-18856
[INFO] [launch]: Default logging verbosity is set to INFO
[INFO] [fastlio_mapping-1]: process started with pid [18890]
[fastlio_mapping-1] [INFO] [1784173072.015631608] [laser_mapping]: p_pre->lidar_type 1
[fastlio_mapping-1] [INFO] [1784173072.016045893] [laser_mapping]: LiDAR exclusion box enabled=false x=[-0.680,0.030] y=[-0.340,0.340] z=[-0.080,0.380]
[fastlio_mapping-1] Multi thread started 
[fastlio_mapping-1] ~~~~/home/seeed/ros2/ws/src/slam/fast_lio/ file opened
[fastlio_mapping-1] [INFO] [1784173072.031684228] [laser_mapping]: Node init finished.
[fastlio_mapping-1] [WARN] [1784173073.704561492] [laser_mapping]: No point, skip this scan!
[fastlio_mapping-1] 
[fastlio_mapping-1] [WARN] [1784173073.810678208] [laser_mapping]: No point, skip this scan!
[fastlio_mapping-1] 
[fastlio_mapping-1] [WARN] [1784173073.910673284] [laser_mapping]: No point, skip this scan!
[fastlio_mapping-1] 
[fastlio_mapping-1] [WARN] [1784173074.004099761] [laser_mapping]: No point, skip this scan!
[fastlio_mapping-1] 
[fastlio_mapping-1] IMU Initial Done
[fastlio_mapping-1] [WARN] [1784173074.104145111] [laser_mapping]: No point, skip this scan!
[fastlio_mapping-1] 
[fastlio_mapping-1] [INFO] [1784173074.209282979] [laser_mapping]: Initialize the map kdtree
