[INFO] [launch]: All log files can be found below /home/seeed/.ros/log/2026-07-16-10-46-16-903774-seeed-15049
[INFO] [launch]: Default logging verbosity is set to INFO
[INFO] [fastlio_mapping-1]: process started with pid [15084]
[fastlio_mapping-1] [INFO] [1784169977.155264309] [laser_mapping]: p_pre->lidar_type 1
[fastlio_mapping-1] [INFO] [1784169977.155602368] [laser_mapping]: LiDAR exclusion box enabled=false x=[-0.680,0.030] y=[-0.340,0.340] z=[-0.080,0.380]
[fastlio_mapping-1] Multi thread started 
[fastlio_mapping-1] ~~~~/home/seeed/ros2/ws/src/slam/fast_lio/ file opened
[fastlio_mapping-1] [INFO] [1784169977.169431110] [laser_mapping]: Node init finished.
[fastlio_mapping-1] [WARN] [1784169978.648767373] [laser_mapping]: No point, skip this scan!
[fastlio_mapping-1] 
[fastlio_mapping-1] [WARN] [1784169978.748682431] [laser_mapping]: No point, skip this scan!
[fastlio_mapping-1] 
[fastlio_mapping-1] [WARN] [1784169978.848674706] [laser_mapping]: No point, skip this scan!
[fastlio_mapping-1] 
[fastlio_mapping-1] [WARN] [1784169978.948692711] [laser_mapping]: No point, skip this scan!
[fastlio_mapping-1] 
[fastlio_mapping-1] [WARN] [1784169979.048730717] [laser_mapping]: No point, skip this scan!
[fastlio_mapping-1] 
[fastlio_mapping-1] IMU Initial Done
[fastlio_mapping-1] [WARN] [1784169979.148925591] [laser_mapping]: No point, skip this scan!
[fastlio_mapping-1] 
[fastlio_mapping-1] [INFO] [1784169979.253660647] [laser_mapping]: Initialize the map kdtree
