Vehicle geometry: chassis=0.720x0.500x0.345 m
LiDAR mount: rear=0.100 m front=0.620 m
base_link -> nav_lidar: xyz=(-0.260000,0.0,0.480) yaw=3.141592653589793 rad
[1/10] Checking live NDT localization...
NDT fitness=0.011042020827330603 is within the 0.10 limit.
Checking persistent localization marker and consecutive healthy samples...
LOCALIZATION_STABILITY PASS recent_fitness=[0.011118289229788737, 0.011118289229788737, 0.010844983244255051, 0.010844983244255051] marker='LOCALIZED  score=0.010' persistent_marker=True tf_successes=633
[2/10] Checking stable map -> odom -> base_link TF...
[INFO] [1783944346.665430847] [nav_tf_readiness_check]: waiting for map->base_link and odom->base_link: "map" passed to lookupTransform argument target_frame does not exist. 
[INFO] [1783944348.715931454] [nav_tf_readiness_check]: waiting for map->base_link and odom->base_link: Lookup would require extrapolation at time 1783944347.323475, but only time 1783944347.377311 is in the buffer, when looking up transform from frame [base_link] to frame [map]
[INFO] [1783944349.770572908] [nav_tf_readiness_check]: TF READY: 20 consecutive samples for map->base_link and odom->base_link
[3/10] Stopping the old navigation-only processes...
[4/10] Starting the DISARMED final motion gate first...
Motion gate is visible in the ROS graph (attempt 1).
[5/10] Starting the chassis-oriented dynamic obstacle cloud...
[INFO] [1783944361.305904958] [tf2_echo]: Waiting for transform base_link ->  nav_lidar: Invalid frame ID "base_link" passed to canTransform argument target_frame - frame does not exist
At time 0.0
- Translation: [-0.260, 0.000, 0.480]
- Rotation: in Quaternion (xyzw) [0.000, 0.000, 1.000, 0.000]
- Rotation: in RPY (radian) [0.000, -0.000, 3.142]
- Rotation: in RPY (degree) [0.000, -0.000, 180.000]
- Matrix:
 -1.000 -0.000  0.000 -0.260
  0.000 -1.000  0.000  0.000
  0.000  0.000  1.000  0.480
  0.000  0.000  0.000  1.000
[INFO] [1783944363.957783401] [rclcpp]: signal_handler(SIGINT/SIGTERM)
data: ok received=13 published=13 age=0.050s points=5811->727 frame=nav_lidar
---
[6/10] Starting and activating map_server...
Transitioning successful
Transitioning successful
[7/10] Starting and activating Nav2 nodes one at a time...
Starting /controller_server (attempt 1/3)...
  /controller_server: active [3]
Starting /smoother_server (attempt 1/3)...
  /smoother_server: active [3]
Starting /planner_server (attempt 1/3)...
  /planner_server: active [3]
Starting /behavior_server (attempt 1/3)...
  /behavior_server: active [3]
Starting /bt_navigator (attempt 1/3)...
/bt_navigator failed to activate on attempt 1.
[INFO] [1783944434.360494101] [nav2_manual_lifecycle]: waiting for bt_navigator/get_state
[INFO] [1783944434.615250129] [nav2_manual_lifecycle]: bt_navigator: current unconfigured [1]
[INFO] [1783944434.616812900] [nav2_manual_lifecycle]: bt_navigator: configure
[INFO] [1783944434.810484813] [nav2_manual_lifecycle]: bt_navigator: activate
[ERROR] [1783944454.858292432] [nav2_manual_lifecycle]: bt_navigator rejected transition id=3
[INFO] [1783944430.409095460] [bt_navigator]: 
	bt_navigator lifecycle node launched. 
	Waiting on external lifecycle transitions to activate
	See https://design.ros2.org/articles/node_lifecycle.html for more information.
[INFO] [1783944430.409560627] [bt_navigator]: Creating
[INFO] [1783944434.625290293] [bt_navigator]: Configuring
[INFO] [1783944434.819306570] [bt_navigator]: Activating
[ERROR] [1783944454.834854031] [bt_navigator_navigate_through_poses_rclcpp_node]: "compute_path_through_poses" action server not available after waiting for 20.00s
[ERROR] [1783944454.855878286] [bt_navigator]: Exception when loading BT: Action server compute_path_through_poses not available
[ERROR] [1783944454.856277817] [bt_navigator]: Error loading XML file: /home/seeed/ros2/nav2/navigate_through_poses_no_spin.xml
Starting /bt_navigator (attempt 2/3)...
  /bt_navigator: active [3]
Starting /waypoint_follower (attempt 1/3)...
  /waypoint_follower: active [3]
Starting /velocity_smoother (attempt 1/3)...
  /velocity_smoother: active [3]
Starting /collision_monitor (attempt 1/3)...
  /collision_monitor: active [3]
[8/10] All managed Nav2 nodes reached active [3].
[9/10] Starting the persistent Nav2 goal marker...
[10/10] Verifying lifecycle, obstacle layers, goal marker, and velocity isolation...
  /map_server: active [3]
  /planner_server: active [3]
  /controller_server: active [3]
  /smoother_server: active [3]
  /behavior_server: active [3]
  /bt_navigator: active [3]
  /waypoint_follower: active [3]
  /velocity_smoother: active [3]
  /collision_monitor: active [3]
[INFO] [1783944548.127013453] [nav_tf_readiness_check]: waiting for map->base_link and odom->base_link: "map" passed to lookupTransform argument target_frame does not exist. 
[INFO] [1783944550.476709599] [nav_tf_readiness_check]: TF READY: 20 consecutive samples for map->base_link and odom->base_link
--- /nav_obstacle_cloud
Type: sensor_msgs/msg/PointCloud2
Publisher count: 1
Subscription count: 4
--- /local_costmap/costmap
Type: nav_msgs/msg/OccupancyGrid
Publisher count: 1
Subscription count: 1
--- /global_costmap/costmap
Type: nav_msgs/msg/OccupancyGrid
Publisher count: 1
Subscription count: 0
--- /nav_goal_markers
Type: visualization_msgs/msg/MarkerArray
Publisher count: 1
Subscription count: 1
--- /cmd_vel_nav_collision_safe
Type: geometry_msgs/msg/Twist
Publisher count: 1
Subscription count: 1
--- /cmd_vel
Type: geometry_msgs/msg/Twist
Publisher count: 1
Subscription count: 1
--- dynamic obstacle status
data: ok received=1797 published=1797 age=0.294s points=5812->727 frame=nav_lidar
---
--- motion gate status
data: disarmed
---

Nav2 dynamic avoidance is ACTIVE, but physical motion remains DISARMED.
Velocity chain: Nav2 -> smoother -> collision monitor -> safety gate -> /cmd_vel
Only arm after checking the local/global costmaps in hn RViz.
