[INFO] [1783588912.759799754] [planner_server]: 
	planner_server lifecycle node launched. 
	Waiting on external lifecycle transitions to activate
	See https://design.ros2.org/articles/node_lifecycle.html for more information.
[INFO] [1783588912.765080394] [planner_server]: Creating
[INFO] [1783588912.778562563] [global_costmap.global_costmap]: 
	global_costmap lifecycle node launched. 
	Waiting on external lifecycle transitions to activate
	See https://design.ros2.org/articles/node_lifecycle.html for more information.
[INFO] [1783588912.779936844] [global_costmap.global_costmap]: Creating Costmap
[INFO] [1783588922.850362761] [planner_server]: Configuring
[INFO] [1783588922.850596017] [global_costmap.global_costmap]: Configuring
[INFO] [1783588922.863316786] [global_costmap.global_costmap]: Using plugin "static_layer"
[INFO] [1783588922.874964052] [global_costmap.global_costmap]: Subscribing to the map topic (/map) with transient local durability
[INFO] [1783588922.878067698] [global_costmap.global_costmap]: Subscribing to updates
[INFO] [1783588922.882190255] [global_costmap.global_costmap]: Initialized plugin "static_layer"
[INFO] [1783588922.882364756] [global_costmap.global_costmap]: Using plugin "inflation_layer"
[INFO] [1783588922.884168075] [global_costmap.global_costmap]: Initialized plugin "inflation_layer"
[INFO] [1783588922.902825633] [planner_server]: Created global planner plugin GridBased of type nav2_navfn_planner/NavfnPlanner
[INFO] [1783588922.902963877] [planner_server]: Configuring plugin GridBased of type NavfnPlanner
[INFO] [1783588922.904176234] [planner_server]: Planner Server has GridBased  planners available.
[INFO] [1783588952.814035467] [planner_server]: Activating
[INFO] [1783588952.814336372] [global_costmap.global_costmap]: Activating
[INFO] [1783588952.814422647] [global_costmap.global_costmap]: Checking transform
[INFO] [1783588952.814522778] [global_costmap.global_costmap]: Timed out waiting for transform from relocalization_body to map to become available, tf error: Invalid frame ID "map" passed to canTransform argument target_frame - frame does not exist
[INFO] [1783588953.314580376] [global_costmap.global_costmap]: Timed out waiting for transform from relocalization_body to map to become available, tf error: Invalid frame ID "map" passed to canTransform argument target_frame - frame does not exist
[INFO] [1783588953.814563669] [global_costmap.global_costmap]: Timed out waiting for transform from relocalization_body to map to become available, tf error: Invalid frame ID "map" passed to canTransform argument target_frame - frame does not exist
[INFO] [1783588954.314569874] [global_costmap.global_costmap]: Timed out waiting for transform from relocalization_body to map to become available, tf error: Invalid frame ID "map" passed to canTransform argument target_frame - frame does not exist
[INFO] [1783588954.814558383] [global_costmap.global_costmap]: Timed out waiting for transform from relocalization_body to map to become available, tf error: Invalid frame ID "map" passed to canTransform argument target_frame - frame does not exist
[INFO] [1783588955.314561740] [global_costmap.global_costmap]: Timed out waiting for transform from relocalization_body to map to become available, tf error: Invalid frame ID "map" passed to canTransform argument target_frame - frame does not exist
[INFO] [1783588955.814566985] [global_costmap.global_costmap]: Timed out waiting for transform from relocalization_body to map to become available, tf error: Invalid frame ID "map" passed to canTransform argument target_frame - frame does not exist
[INFO] [1783588956.314572198] [global_costmap.global_costmap]: Timed out waiting for transform from relocalization_body to map to become available, tf error: Invalid frame ID "map" passed to canTransform argument target_frame - frame does not exist
[INFO] [1783588956.814562787] [global_costmap.global_costmap]: Timed out waiting for transform from relocalization_body to map to become available, tf error: Invalid frame ID "map" passed to canTransform argument target_frame - frame does not exist
[INFO] [1783588957.314571233] [global_costmap.global_costmap]: Timed out waiting for transform from relocalization_body to map to become available, tf error: Invalid frame ID "map" passed to canTransform argument target_frame - frame does not exist
[INFO] [1783588957.814554973] [global_costmap.global_costmap]: Timed out waiting for transform from relocalization_body to map to become available, tf error: Invalid frame ID "map" passed to canTransform argument target_frame - frame does not exist
[INFO] [1783588958.314560858] [global_costmap.global_costmap]: Timed out waiting for transform from relocalization_body to map to become available, tf error: Invalid frame ID "map" passed to canTransform argument target_frame - frame does not exist
[INFO] [1783588958.814560919] [global_costmap.global_costmap]: Timed out waiting for transform from relocalization_body to map to become available, tf error: Invalid frame ID "map" passed to canTransform argument target_frame - frame does not exist
[INFO] [1783588959.314572309] [global_costmap.global_costmap]: Timed out waiting for transform from relocalization_body to map to become available, tf error: Invalid frame ID "map" passed to canTransform argument target_frame - frame does not exist
[INFO] [1783588959.814561297] [global_costmap.global_costmap]: Timed out waiting for transform from relocalization_body to map to become available, tf error: Invalid frame ID "map" passed to canTransform argument target_frame - frame does not exist
[INFO] [1783588960.314563887] [global_costmap.global_costmap]: Timed out waiting for transform from relocalization_body to map to become available, tf error: Invalid frame ID "map" passed to canTransform argument target_frame - frame does not exist
[INFO] [1783588960.814556907] [global_costmap.global_costmap]: Timed out waiting for transform from relocalization_body to map to become available, tf error: Invalid frame ID "map" passed to canTransform argument target_frame - frame does not exist
[INFO] [1783588961.314560617] [global_costmap.global_costmap]: Timed out waiting for transform from relocalization_body to map to become available, tf error: Invalid frame ID "map" passed to canTransform argument target_frame - frame does not exist
[INFO] [1783588961.814560326] [global_costmap.global_costmap]: Timed out waiting for transform from relocalization_body to map to become available, tf error: Invalid frame ID "map" passed to canTransform argument target_frame - frame does not exist
[INFO] [1783588962.314575843] [global_costmap.global_costmap]: Timed out waiting for transform from relocalization_body to map to become available, tf error: Invalid frame ID "map" passed to canTransform argument target_frame - frame does not exist
[INFO] [1783588962.814564512] [global_costmap.global_costmap]: Timed out waiting for transform from relocalization_body to map to become available, tf error: Invalid frame ID "map" passed to canTransform argument target_frame - frame does not exist
[INFO] [1783588963.314564313] [global_costmap.global_costmap]: Timed out waiting for transform from relocalization_body to map to become available, tf error: Invalid frame ID "map" passed to canTransform argument target_frame - frame does not exist
[INFO] [1783588963.814556961] [global_costmap.global_costmap]: Timed out waiting for transform from relocalization_body to map to become available, tf error: Invalid frame ID "map" passed to canTransform argument target_frame - frame does not exist
[INFO] [1783588964.314563338] [global_costmap.global_costmap]: Timed out waiting for transform from relocalization_body to map to become available, tf error: Invalid frame ID "map" passed to canTransform argument target_frame - frame does not exist
[INFO] [1783588964.814558002] [global_costmap.global_costmap]: Timed out waiting for transform from relocalization_body to map to become available, tf error: Invalid frame ID "map" passed to canTransform argument target_frame - frame does not exist
[INFO] [1783588965.314562234] [global_costmap.global_costmap]: Timed out waiting for transform from relocalization_body to map to become available, tf error: Invalid frame ID "map" passed to canTransform argument target_frame - frame does not exist
[INFO] [1783588965.814559811] [global_costmap.global_costmap]: Timed out waiting for transform from relocalization_body to map to become available, tf error: Invalid frame ID "map" passed to canTransform argument target_frame - frame does not exist
[INFO] [1783588966.314562987] [global_costmap.global_costmap]: Timed out waiting for transform from relocalization_body to map to become available, tf error: Invalid frame ID "map" passed to canTransform argument target_frame - frame does not exist
[INFO] [1783588966.814555283] [global_costmap.global_costmap]: Timed out waiting for transform from relocalization_body to map to become available, tf error: Invalid frame ID "map" passed to canTransform argument target_frame - frame does not exist
[INFO] [1783588967.314560924] [global_costmap.global_costmap]: Timed out waiting for transform from relocalization_body to map to become available, tf error: Invalid frame ID "map" passed to canTransform argument target_frame - frame does not exist
[INFO] [1783588967.814558948] [global_costmap.global_costmap]: Timed out waiting for transform from relocalization_body to map to become available, tf error: Invalid frame ID "map" passed to canTransform argument target_frame - frame does not exist
[INFO] [1783588968.314564781] [global_costmap.global_costmap]: Timed out waiting for transform from relocalization_body to map to become available, tf error: Invalid frame ID "map" passed to canTransform argument target_frame - frame does not exist
[INFO] [1783588968.814562005] [global_costmap.global_costmap]: Timed out waiting for transform from relocalization_body to map to become available, tf error: Invalid frame ID "map" passed to canTransform argument target_frame - frame does not exist
[INFO] [1783588969.314561085] [global_costmap.global_costmap]: Timed out waiting for transform from relocalization_body to map to become available, tf error: Invalid frame ID "map" passed to canTransform argument target_frame - frame does not exist
[INFO] [1783588969.814556198] [global_costmap.global_costmap]: Timed out waiting for transform from relocalization_body to map to become available, tf error: Invalid frame ID "map" passed to canTransform argument target_frame - frame does not exist
[INFO] [1783588970.314570511] [global_costmap.global_costmap]: Timed out waiting for transform from relocalization_body to map to become available, tf error: Invalid frame ID "map" passed to canTransform argument target_frame - frame does not exist
[INFO] [1783588970.814562615] [global_costmap.global_costmap]: Timed out waiting for transform from relocalization_body to map to become available, tf error: Invalid frame ID "map" passed to canTransform argument target_frame - frame does not exist
[INFO] [1783588971.314570207] [global_costmap.global_costmap]: Timed out waiting for transform from relocalization_body to map to become available, tf error: Invalid frame ID "map" passed to canTransform argument target_frame - frame does not exist
[INFO] [1783588971.814563623] [global_costmap.global_costmap]: Timed out waiting for transform from relocalization_body to map to become available, tf error: Invalid frame ID "map" passed to canTransform argument target_frame - frame does not exist
[INFO] [1783588972.314566672] [global_costmap.global_costmap]: Timed out waiting for transform from relocalization_body to map to become available, tf error: Invalid frame ID "map" passed to canTransform argument target_frame - frame does not exist
[INFO] [1783588972.814561784] [global_costmap.global_costmap]: Timed out waiting for transform from relocalization_body to map to become available, tf error: Invalid frame ID "map" passed to canTransform argument target_frame - frame does not exist
[INFO] [1783588973.314567009] [global_costmap.global_costmap]: Timed out waiting for transform from relocalization_body to map to become available, tf error: Invalid frame ID "map" passed to canTransform argument target_frame - frame does not exist
[INFO] [1783588973.814558921] [global_costmap.global_costmap]: Timed out waiting for transform from relocalization_body to map to become available, tf error: Invalid frame ID "map" passed to canTransform argument target_frame - frame does not exist
[INFO] [1783588974.314575346] [global_costmap.global_costmap]: Timed out waiting for transform from relocalization_body to map to become available, tf error: Invalid frame ID "map" passed to canTransform argument target_frame - frame does not exist
[INFO] [1783588974.814565306] [global_costmap.global_costmap]: Timed out waiting for transform from relocalization_body to map to become available, tf error: Invalid frame ID "map" passed to canTransform argument target_frame - frame does not exist
[INFO] [1783588975.314553378] [global_costmap.global_costmap]: Timed out waiting for transform from relocalization_body to map to become available, tf error: Invalid frame ID "map" passed to canTransform argument target_frame - frame does not exist
[INFO] [1783588975.814572267] [global_costmap.global_costmap]: Timed out waiting for transform from relocalization_body to map to become available, tf error: Invalid frame ID "map" passed to canTransform argument target_frame - frame does not exist
[INFO] [1783588976.314553330] [global_costmap.global_costmap]: Timed out waiting for transform from relocalization_body to map to become available, tf error: Invalid frame ID "map" passed to canTransform argument target_frame - frame does not exist
[INFO] [1783588976.814563643] [global_costmap.global_costmap]: Timed out waiting for transform from relocalization_body to map to become available, tf error: Invalid frame ID "map" passed to canTransform argument target_frame - frame does not exist
[INFO] [1783588977.314557219] [global_costmap.global_costmap]: Timed out waiting for transform from relocalization_body to map to become available, tf error: Invalid frame ID "map" passed to canTransform argument target_frame - frame does not exist
[INFO] [1783588977.814566828] [global_costmap.global_costmap]: Timed out waiting for transform from relocalization_body to map to become available, tf error: Invalid frame ID "map" passed to canTransform argument target_frame - frame does not exist
[INFO] [1783588978.314556276] [global_costmap.global_costmap]: Timed out waiting for transform from relocalization_body to map to become available, tf error: Invalid frame ID "map" passed to canTransform argument target_frame - frame does not exist
[INFO] [1783588978.814563325] [global_costmap.global_costmap]: Timed out waiting for transform from relocalization_body to map to become available, tf error: Invalid frame ID "map" passed to canTransform argument target_frame - frame does not exist
[INFO] [1783588979.314564293] [global_costmap.global_costmap]: Timed out waiting for transform from relocalization_body to map to become available, tf error: Invalid frame ID "map" passed to canTransform argument target_frame - frame does not exist
[INFO] [1783588979.814565517] [global_costmap.global_costmap]: Timed out waiting for transform from relocalization_body to map to become available, tf error: Invalid frame ID "map" passed to canTransform argument target_frame - frame does not exist
[INFO] [1783588980.314559574] [global_costmap.global_costmap]: Timed out waiting for transform from relocalization_body to map to become available, tf error: Invalid frame ID "map" passed to canTransform argument target_frame - frame does not exist
[INFO] [1783588980.814566718] [global_costmap.global_costmap]: Timed out waiting for transform from relocalization_body to map to become available, tf error: Invalid frame ID "map" passed to canTransform argument target_frame - frame does not exist
[INFO] [1783588981.314550694] [global_costmap.global_costmap]: Timed out waiting for transform from relocalization_body to map to become available, tf error: Invalid frame ID "map" passed to canTransform argument target_frame - frame does not exist
[INFO] [1783588981.814566191] [global_costmap.global_costmap]: Timed out waiting for transform from relocalization_body to map to become available, tf error: Invalid frame ID "map" passed to canTransform argument target_frame - frame does not exist
[INFO] [1783588982.314548727] [global_costmap.global_costmap]: Timed out waiting for transform from relocalization_body to map to become available, tf error: Invalid frame ID "map" passed to canTransform argument target_frame - frame does not exist
[INFO] [1783588982.814567072] [global_costmap.global_costmap]: Timed out waiting for transform from relocalization_body to map to become available, tf error: Invalid frame ID "map" passed to canTransform argument target_frame - frame does not exist
[INFO] [1783588983.314563304] [global_costmap.global_costmap]: Timed out waiting for transform from relocalization_body to map to become available, tf error: Invalid frame ID "map" passed to canTransform argument target_frame - frame does not exist
[INFO] [1783588983.814566096] [global_costmap.global_costmap]: Timed out waiting for transform from relocalization_body to map to become available, tf error: Invalid frame ID "map" passed to canTransform argument target_frame - frame does not exist
[INFO] [1783588984.314554360] [global_costmap.global_costmap]: Timed out waiting for transform from relocalization_body to map to become available, tf error: Invalid frame ID "map" passed to canTransform argument target_frame - frame does not exist
[INFO] [1783588984.814562273] [global_costmap.global_costmap]: Timed out waiting for transform from relocalization_body to map to become available, tf error: Invalid frame ID "map" passed to canTransform argument target_frame - frame does not exist
[INFO] [1783588985.314554473] [global_costmap.global_costmap]: Timed out waiting for transform from relocalization_body to map to become available, tf error: Invalid frame ID "map" passed to canTransform argument target_frame - frame does not exist
[INFO] [1783588985.814567762] [global_costmap.global_costmap]: Timed out waiting for transform from relocalization_body to map to become available, tf error: Invalid frame ID "map" passed to canTransform argument target_frame - frame does not exist
[INFO] [1783588986.314553402] [global_costmap.global_costmap]: Timed out waiting for transform from relocalization_body to map to become available, tf error: Invalid frame ID "map" passed to canTransform argument target_frame - frame does not exist
[INFO] [1783588986.814564259] [global_costmap.global_costmap]: Timed out waiting for transform from relocalization_body to map to become available, tf error: Invalid frame ID "map" passed to canTransform argument target_frame - frame does not exist
[INFO] [1783588987.314557835] [global_costmap.global_costmap]: Timed out waiting for transform from relocalization_body to map to become available, tf error: Invalid frame ID "map" passed to canTransform argument target_frame - frame does not exist
[INFO] [1783588987.814563763] [global_costmap.global_costmap]: Timed out waiting for transform from relocalization_body to map to become available, tf error: Invalid frame ID "map" passed to canTransform argument target_frame - frame does not exist
[INFO] [1783588988.314553723] [global_costmap.global_costmap]: Timed out waiting for transform from relocalization_body to map to become available, tf error: Invalid frame ID "map" passed to canTransform argument target_frame - frame does not exist
[INFO] [1783588988.814566148] [global_costmap.global_costmap]: Timed out waiting for transform from relocalization_body to map to become available, tf error: Invalid frame ID "map" passed to canTransform argument target_frame - frame does not exist
[INFO] [1783588989.314558764] [global_costmap.global_costmap]: Timed out waiting for transform from relocalization_body to map to become available, tf error: Invalid frame ID "map" passed to canTransform argument target_frame - frame does not exist
[INFO] [1783588989.814566485] [global_costmap.global_costmap]: Timed out waiting for transform from relocalization_body to map to become available, tf error: Invalid frame ID "map" passed to canTransform argument target_frame - frame does not exist
[INFO] [1783588990.314553405] [global_costmap.global_costmap]: Timed out waiting for transform from relocalization_body to map to become available, tf error: Invalid frame ID "map" passed to canTransform argument target_frame - frame does not exist
[INFO] [1783588990.814570854] [global_costmap.global_costmap]: Timed out waiting for transform from relocalization_body to map to become available, tf error: Invalid frame ID "map" passed to canTransform argument target_frame - frame does not exist
[INFO] [1783588991.314551278] [global_costmap.global_costmap]: Timed out waiting for transform from relocalization_body to map to become available, tf error: Invalid frame ID "map" passed to canTransform argument target_frame - frame does not exist
[INFO] [1783588991.814568375] [global_costmap.global_costmap]: Timed out waiting for transform from relocalization_body to map to become available, tf error: Invalid frame ID "map" passed to canTransform argument target_frame - frame does not exist
[INFO] [1783588992.314553022] [global_costmap.global_costmap]: Timed out waiting for transform from relocalization_body to map to become available, tf error: Invalid frame ID "map" passed to canTransform argument target_frame - frame does not exist
[INFO] [1783588992.814747917] [global_costmap.global_costmap]: Timed out waiting for transform from relocalization_body to map to become available, tf error: Invalid frame ID "map" passed to canTransform argument target_frame - frame does not exist
[INFO] [1783588993.314566832] [global_costmap.global_costmap]: Timed out waiting for transform from relocalization_body to map to become available, tf error: Invalid frame ID "map" passed to canTransform argument target_frame - frame does not exist
[INFO] [1783588993.814576088] [global_costmap.global_costmap]: Timed out waiting for transform from relocalization_body to map to become available, tf error: Invalid frame ID "map" passed to canTransform argument target_frame - frame does not exist
[INFO] [1783588994.314573665] [global_costmap.global_costmap]: Timed out waiting for transform from relocalization_body to map to become available, tf error: Invalid frame ID "map" passed to canTransform argument target_frame - frame does not exist
[INFO] [1783588994.814572201] [global_costmap.global_costmap]: Timed out waiting for transform from relocalization_body to map to become available, tf error: Invalid frame ID "map" passed to canTransform argument target_frame - frame does not exist
[INFO] [1783588995.314563025] [global_costmap.global_costmap]: Timed out waiting for transform from relocalization_body to map to become available, tf error: Invalid frame ID "map" passed to canTransform argument target_frame - frame does not exist
[INFO] [1783588995.814587194] [global_costmap.global_costmap]: Timed out waiting for transform from relocalization_body to map to become available, tf error: Invalid frame ID "map" passed to canTransform argument target_frame - frame does not exist
[INFO] [1783588996.314799913] [global_costmap.global_costmap]: Timed out waiting for transform from relocalization_body to map to become available, tf error: Invalid frame ID "map" passed to canTransform argument target_frame - frame does not exist
[INFO] [1783588996.814807890] [global_costmap.global_costmap]: Timed out waiting for transform from relocalization_body to map to become available, tf error: Invalid frame ID "map" passed to canTransform argument target_frame - frame does not exist
[INFO] [1783588997.314589427] [global_costmap.global_costmap]: Timed out waiting for transform from relocalization_body to map to become available, tf error: Invalid frame ID "map" passed to canTransform argument target_frame - frame does not exist
[INFO] [1783588997.814570459] [global_costmap.global_costmap]: Timed out waiting for transform from relocalization_body to map to become available, tf error: Invalid frame ID "map" passed to canTransform argument target_frame - frame does not exist
[INFO] [1783588998.314568995] [global_costmap.global_costmap]: Timed out waiting for transform from relocalization_body to map to become available, tf error: Invalid frame ID "map" passed to canTransform argument target_frame - frame does not exist
[INFO] [1783588998.814571692] [global_costmap.global_costmap]: Timed out waiting for transform from relocalization_body to map to become available, tf error: Invalid frame ID "map" passed to canTransform argument target_frame - frame does not exist
[INFO] [1783588999.314792763] [global_costmap.global_costmap]: Timed out waiting for transform from relocalization_body to map to become available, tf error: Invalid frame ID "map" passed to canTransform argument target_frame - frame does not exist
[INFO] [1783588999.814571229] [global_costmap.global_costmap]: Timed out waiting for transform from relocalization_body to map to become available, tf error: Invalid frame ID "map" passed to canTransform argument target_frame - frame does not exist
[INFO] [1783589000.314573445] [global_costmap.global_costmap]: Timed out waiting for transform from relocalization_body to map to become available, tf error: Invalid frame ID "map" passed to canTransform argument target_frame - frame does not exist
[INFO] [1783589000.814572685] [global_costmap.global_costmap]: Timed out waiting for transform from relocalization_body to map to become available, tf error: Invalid frame ID "map" passed to canTransform argument target_frame - frame does not exist
[INFO] [1783589001.314794589] [global_costmap.global_costmap]: Timed out waiting for transform from relocalization_body to map to become available, tf error: Invalid frame ID "map" passed to canTransform argument target_frame - frame does not exist
[INFO] [1783589001.814785861] [global_costmap.global_costmap]: Timed out waiting for transform from relocalization_body to map to become available, tf error: Invalid frame ID "map" passed to canTransform argument target_frame - frame does not exist
[INFO] [1783589002.314793837] [global_costmap.global_costmap]: Timed out waiting for transform from relocalization_body to map to become available, tf error: Invalid frame ID "map" passed to canTransform argument target_frame - frame does not exist
[INFO] [1783589002.814782613] [global_costmap.global_costmap]: Timed out waiting for transform from relocalization_body to map to become available, tf error: Invalid frame ID "map" passed to canTransform argument target_frame - frame does not exist
[INFO] [1783589003.314788190] [global_costmap.global_costmap]: Timed out waiting for transform from relocalization_body to map to become available, tf error: Invalid frame ID "map" passed to canTransform argument target_frame - frame does not exist
[INFO] [1783589003.814577312] [global_costmap.global_costmap]: Timed out waiting for transform from relocalization_body to map to become available, tf error: Invalid frame ID "map" passed to canTransform argument target_frame - frame does not exist
[INFO] [1783589004.314792815] [global_costmap.global_costmap]: Timed out waiting for transform from relocalization_body to map to become available, tf error: Invalid frame ID "map" passed to canTransform argument target_frame - frame does not exist
[INFO] [1783589004.814583729] [global_costmap.global_costmap]: Timed out waiting for transform from relocalization_body to map to become available, tf error: Invalid frame ID "map" passed to canTransform argument target_frame - frame does not exist
[INFO] [1783589005.314790560] [global_costmap.global_costmap]: Timed out waiting for transform from relocalization_body to map to become available, tf error: Invalid frame ID "map" passed to canTransform argument target_frame - frame does not exist
[INFO] [1783589005.814572737] [global_costmap.global_costmap]: Timed out waiting for transform from relocalization_body to map to become available, tf error: Invalid frame ID "map" passed to canTransform argument target_frame - frame does not exist
[INFO] [1783589006.314570346] [global_costmap.global_costmap]: Timed out waiting for transform from relocalization_body to map to become available, tf error: Invalid frame ID "map" passed to canTransform argument target_frame - frame does not exist
[INFO] [1783589006.814588530] [global_costmap.global_costmap]: Timed out waiting for transform from relocalization_body to map to become available, tf error: Invalid frame ID "map" passed to canTransform argument target_frame - frame does not exist
[INFO] [1783589007.314793665] [global_costmap.global_costmap]: Timed out waiting for transform from relocalization_body to map to become available, tf error: Invalid frame ID "map" passed to canTransform argument target_frame - frame does not exist
[INFO] [1783589007.814787273] [global_costmap.global_costmap]: Timed out waiting for transform from relocalization_body to map to become available, tf error: Invalid frame ID "map" passed to canTransform argument target_frame - frame does not exist
[INFO] [1783589008.314789522] [global_costmap.global_costmap]: Timed out waiting for transform from relocalization_body to map to become available, tf error: Invalid frame ID "map" passed to canTransform argument target_frame - frame does not exist
[INFO] [1783589008.814573588] [global_costmap.global_costmap]: Timed out waiting for transform from relocalization_body to map to become available, tf error: Invalid frame ID "map" passed to canTransform argument target_frame - frame does not exist
[INFO] [1783589009.314566012] [global_costmap.global_costmap]: Timed out waiting for transform from relocalization_body to map to become available, tf error: Invalid frame ID "map" passed to canTransform argument target_frame - frame does not exist
[INFO] [1783589009.814569636] [global_costmap.global_costmap]: Timed out waiting for transform from relocalization_body to map to become available, tf error: Invalid frame ID "map" passed to canTransform argument target_frame - frame does not exist
[INFO] [1783589010.314577197] [global_costmap.global_costmap]: Timed out waiting for transform from relocalization_body to map to become available, tf error: Invalid frame ID "map" passed to canTransform argument target_frame - frame does not exist
[INFO] [1783589010.814571797] [global_costmap.global_costmap]: Timed out waiting for transform from relocalization_body to map to become available, tf error: Invalid frame ID "map" passed to canTransform argument target_frame - frame does not exist
[INFO] [1783589011.314576093] [global_costmap.global_costmap]: Timed out waiting for transform from relocalization_body to map to become available, tf error: Invalid frame ID "map" passed to canTransform argument target_frame - frame does not exist
[INFO] [1783589011.814569414] [global_costmap.global_costmap]: Timed out waiting for transform from relocalization_body to map to become available, tf error: Invalid frame ID "map" passed to canTransform argument target_frame - frame does not exist
[INFO] [1783589012.314785365] [global_costmap.global_costmap]: Timed out waiting for transform from relocalization_body to map to become available, tf error: Invalid frame ID "map" passed to canTransform argument target_frame - frame does not exist
[INFO] [1783589012.814649689] [global_costmap.global_costmap]: Timed out waiting for transform from relocalization_body to map to become available, tf error: Invalid frame ID "map" passed to canTransform argument target_frame - frame does not exist
[INFO] [1783589013.314606400] [global_costmap.global_costmap]: Timed out waiting for transform from relocalization_body to map to become available, tf error: Invalid frame ID "map" passed to canTransform argument target_frame - frame does not exist
[INFO] [1783589013.814547078] [global_costmap.global_costmap]: Timed out waiting for transform from relocalization_body to map to become available, tf error: Invalid frame ID "map" passed to canTransform argument target_frame - frame does not exist
[INFO] [1783589014.314587280] [global_costmap.global_costmap]: Timed out waiting for transform from relocalization_body to map to become available, tf error: Invalid frame ID "map" passed to canTransform argument target_frame - frame does not exist
[INFO] [1783589014.814566168] [global_costmap.global_costmap]: Timed out waiting for transform from relocalization_body to map to become available, tf error: Invalid frame ID "map" passed to canTransform argument target_frame - frame does not exist
[INFO] [1783589015.314571136] [global_costmap.global_costmap]: Timed out waiting for transform from relocalization_body to map to become available, tf error: Invalid frame ID "map" passed to canTransform argument target_frame - frame does not exist
[INFO] [1783589015.814577321] [global_costmap.global_costmap]: Timed out waiting for transform from relocalization_body to map to become available, tf error: Invalid frame ID "map" passed to canTransform argument target_frame - frame does not exist
[INFO] [1783589016.314589298] [global_costmap.global_costmap]: Timed out waiting for transform from relocalization_body to map to become available, tf error: Invalid frame ID "map" passed to canTransform argument target_frame - frame does not exist
[INFO] [1783589016.814588890] [global_costmap.global_costmap]: Timed out waiting for transform from relocalization_body to map to become available, tf error: Invalid frame ID "map" passed to canTransform argument target_frame - frame does not exist
[INFO] [1783589017.314556449] [global_costmap.global_costmap]: Timed out waiting for transform from relocalization_body to map to become available, tf error: Invalid frame ID "map" passed to canTransform argument target_frame - frame does not exist
[INFO] [1783589017.814577162] [global_costmap.global_costmap]: Timed out waiting for transform from relocalization_body to map to become available, tf error: Invalid frame ID "map" passed to canTransform argument target_frame - frame does not exist
[INFO] [1783589018.314564466] [global_costmap.global_costmap]: Timed out waiting for transform from relocalization_body to map to become available, tf error: Invalid frame ID "map" passed to canTransform argument target_frame - frame does not exist
[INFO] [1783589018.814576059] [global_costmap.global_costmap]: Timed out waiting for transform from relocalization_body to map to become available, tf error: Invalid frame ID "map" passed to canTransform argument target_frame - frame does not exist
[INFO] [1783589019.314554403] [global_costmap.global_costmap]: Timed out waiting for transform from relocalization_body to map to become available, tf error: Invalid frame ID "map" passed to canTransform argument target_frame - frame does not exist
[INFO] [1783589019.814570668] [global_costmap.global_costmap]: Timed out waiting for transform from relocalization_body to map to become available, tf error: Invalid frame ID "map" passed to canTransform argument target_frame - frame does not exist
[INFO] [1783589020.314557972] [global_costmap.global_costmap]: Timed out waiting for transform from relocalization_body to map to become available, tf error: Invalid frame ID "map" passed to canTransform argument target_frame - frame does not exist
[INFO] [1783589020.814560284] [global_costmap.global_costmap]: Timed out waiting for transform from relocalization_body to map to become available, tf error: Invalid frame ID "map" passed to canTransform argument target_frame - frame does not exist
[INFO] [1783589021.314546564] [global_costmap.global_costmap]: Timed out waiting for transform from relocalization_body to map to become available, tf error: Invalid frame ID "map" passed to canTransform argument target_frame - frame does not exist
[INFO] [1783589021.814810357] [global_costmap.global_costmap]: Timed out waiting for transform from relocalization_body to map to become available, tf error: Invalid frame ID "map" passed to canTransform argument target_frame - frame does not exist
[INFO] [1783589022.314565781] [global_costmap.global_costmap]: Timed out waiting for transform from relocalization_body to map to become available, tf error: Invalid frame ID "map" passed to canTransform argument target_frame - frame does not exist
[INFO] [1783589022.814566590] [global_costmap.global_costmap]: Timed out waiting for transform from relocalization_body to map to become available, tf error: Invalid frame ID "map" passed to canTransform argument target_frame - frame does not exist
[INFO] [1783589023.314556934] [global_costmap.global_costmap]: Timed out waiting for transform from relocalization_body to map to become available, tf error: Invalid frame ID "map" passed to canTransform argument target_frame - frame does not exist
[INFO] [1783589023.814543726] [global_costmap.global_costmap]: Timed out waiting for transform from relocalization_body to map to become available, tf error: Invalid frame ID "map" passed to canTransform argument target_frame - frame does not exist
[INFO] [1783589024.314562135] [global_costmap.global_costmap]: Timed out waiting for transform from relocalization_body to map to become available, tf error: Invalid frame ID "map" passed to canTransform argument target_frame - frame does not exist
[INFO] [1783589024.814548479] [global_costmap.global_costmap]: Timed out waiting for transform from relocalization_body to map to become available, tf error: Invalid frame ID "map" passed to canTransform argument target_frame - frame does not exist
[INFO] [1783589025.314516486] [global_costmap.global_costmap]: Timed out waiting for transform from relocalization_body to map to become available, tf error: Invalid frame ID "map" passed to canTransform argument target_frame - frame does not exist
[INFO] [1783589025.814582481] [global_costmap.global_costmap]: Timed out waiting for transform from relocalization_body to map to become available, tf error: Invalid frame ID "map" passed to canTransform argument target_frame - frame does not exist
[INFO] [1783589026.314828961] [global_costmap.global_costmap]: Timed out waiting for transform from relocalization_body to map to become available, tf error: Invalid frame ID "map" passed to canTransform argument target_frame - frame does not exist
[INFO] [1783589026.814799272] [global_costmap.global_costmap]: Timed out waiting for transform from relocalization_body to map to become available, tf error: Invalid frame ID "map" passed to canTransform argument target_frame - frame does not exist
[INFO] [1783589027.314557769] [global_costmap.global_costmap]: Timed out waiting for transform from relocalization_body to map to become available, tf error: Invalid frame ID "map" passed to canTransform argument target_frame - frame does not exist
[INFO] [1783589027.814578354] [global_costmap.global_costmap]: Timed out waiting for transform from relocalization_body to map to become available, tf error: Invalid frame ID "map" passed to canTransform argument target_frame - frame does not exist
[INFO] [1783589028.314594075] [global_costmap.global_costmap]: Timed out waiting for transform from relocalization_body to map to become available, tf error: Invalid frame ID "map" passed to canTransform argument target_frame - frame does not exist
[INFO] [1783589028.814577475] [global_costmap.global_costmap]: Timed out waiting for transform from relocalization_body to map to become available, tf error: Invalid frame ID "map" passed to canTransform argument target_frame - frame does not exist
[INFO] [1783589029.314564843] [global_costmap.global_costmap]: Timed out waiting for transform from relocalization_body to map to become available, tf error: Invalid frame ID "map" passed to canTransform argument target_frame - frame does not exist
[INFO] [1783589029.814571347] [global_costmap.global_costmap]: Timed out waiting for transform from relocalization_body to map to become available, tf error: Invalid frame ID "map" passed to canTransform argument target_frame - frame does not exist
[INFO] [1783589030.314566747] [global_costmap.global_costmap]: Timed out waiting for transform from relocalization_body to map to become available, tf error: Invalid frame ID "map" passed to canTransform argument target_frame - frame does not exist
[INFO] [1783589030.814566212] [global_costmap.global_costmap]: Timed out waiting for transform from relocalization_body to map to become available, tf error: Invalid frame ID "map" passed to canTransform argument target_frame - frame does not exist
[INFO] [1783589031.314569452] [global_costmap.global_costmap]: Timed out waiting for transform from relocalization_body to map to become available, tf error: Invalid frame ID "map" passed to canTransform argument target_frame - frame does not exist
[INFO] [1783589031.814574357] [global_costmap.global_costmap]: Timed out waiting for transform from relocalization_body to map to become available, tf error: Invalid frame ID "map" passed to canTransform argument target_frame - frame does not exist
[INFO] [1783589032.314568381] [global_costmap.global_costmap]: Timed out waiting for transform from relocalization_body to map to become available, tf error: Invalid frame ID "map" passed to canTransform argument target_frame - frame does not exist
[INFO] [1783589032.814606535] [global_costmap.global_costmap]: Timed out waiting for transform from relocalization_body to map to become available, tf error: Invalid frame ID "map" passed to canTransform argument target_frame - frame does not exist
[INFO] [1783589033.314577358] [global_costmap.global_costmap]: Timed out waiting for transform from relocalization_body to map to become available, tf error: Invalid frame ID "map" passed to canTransform argument target_frame - frame does not exist
[INFO] [1783589033.814566102] [global_costmap.global_costmap]: Timed out waiting for transform from relocalization_body to map to become available, tf error: Invalid frame ID "map" passed to canTransform argument target_frame - frame does not exist
[INFO] [1783589034.314563582] [global_costmap.global_costmap]: Timed out waiting for transform from relocalization_body to map to become available, tf error: Invalid frame ID "map" passed to canTransform argument target_frame - frame does not exist
[INFO] [1783589034.814563047] [global_costmap.global_costmap]: Timed out waiting for transform from relocalization_body to map to become available, tf error: Invalid frame ID "map" passed to canTransform argument target_frame - frame does not exist
[INFO] [1783589035.314548239] [global_costmap.global_costmap]: Timed out waiting for transform from relocalization_body to map to become available, tf error: Invalid frame ID "map" passed to canTransform argument target_frame - frame does not exist
[INFO] [1783589035.814563127] [global_costmap.global_costmap]: Timed out waiting for transform from relocalization_body to map to become available, tf error: Invalid frame ID "map" passed to canTransform argument target_frame - frame does not exist
[INFO] [1783589036.314548671] [global_costmap.global_costmap]: Timed out waiting for transform from relocalization_body to map to become available, tf error: Invalid frame ID "map" passed to canTransform argument target_frame - frame does not exist
[INFO] [1783589036.814567048] [global_costmap.global_costmap]: Timed out waiting for transform from relocalization_body to map to become available, tf error: Invalid frame ID "map" passed to canTransform argument target_frame - frame does not exist
[INFO] [1783589037.314559312] [global_costmap.global_costmap]: Timed out waiting for transform from relocalization_body to map to become available, tf error: Invalid frame ID "map" passed to canTransform argument target_frame - frame does not exist
[INFO] [1783589037.814564601] [global_costmap.global_costmap]: Timed out waiting for transform from relocalization_body to map to become available, tf error: Invalid frame ID "map" passed to canTransform argument target_frame - frame does not exist
[INFO] [1783589038.314556577] [global_costmap.global_costmap]: Timed out waiting for transform from relocalization_body to map to become available, tf error: Invalid frame ID "map" passed to canTransform argument target_frame - frame does not exist
[INFO] [1783589038.814556937] [global_costmap.global_costmap]: Timed out waiting for transform from relocalization_body to map to become available, tf error: Invalid frame ID "map" passed to canTransform argument target_frame - frame does not exist
[INFO] [1783589039.314560050] [global_costmap.global_costmap]: Timed out waiting for transform from relocalization_body to map to become available, tf error: Invalid frame ID "map" passed to canTransform argument target_frame - frame does not exist
[INFO] [1783589039.814560538] [global_costmap.global_costmap]: Timed out waiting for transform from relocalization_body to map to become available, tf error: Invalid frame ID "map" passed to canTransform argument target_frame - frame does not exist
[INFO] [1783589040.314566275] [global_costmap.global_costmap]: Timed out waiting for transform from relocalization_body to map to become available, tf error: Invalid frame ID "map" passed to canTransform argument target_frame - frame does not exist
[INFO] [1783589040.814558507] [global_costmap.global_costmap]: Timed out waiting for transform from relocalization_body to map to become available, tf error: Invalid frame ID "map" passed to canTransform argument target_frame - frame does not exist
[INFO] [1783589041.314561268] [global_costmap.global_costmap]: Timed out waiting for transform from relocalization_body to map to become available, tf error: Invalid frame ID "map" passed to canTransform argument target_frame - frame does not exist
[INFO] [1783589041.814558940] [global_costmap.global_costmap]: Timed out waiting for transform from relocalization_body to map to become available, tf error: Invalid frame ID "map" passed to canTransform argument target_frame - frame does not exist
[INFO] [1783589042.314560548] [global_costmap.global_costmap]: Timed out waiting for transform from relocalization_body to map to become available, tf error: Invalid frame ID "map" passed to canTransform argument target_frame - frame does not exist
[INFO] [1783589042.814572045] [global_costmap.global_costmap]: Timed out waiting for transform from relocalization_body to map to become available, tf error: Invalid frame ID "map" passed to canTransform argument target_frame - frame does not exist
[INFO] [1783589043.314568693] [global_costmap.global_costmap]: Timed out waiting for transform from relocalization_body to map to become available, tf error: Invalid frame ID "map" passed to canTransform argument target_frame - frame does not exist
[INFO] [1783589043.814559357] [global_costmap.global_costmap]: Timed out waiting for transform from relocalization_body to map to become available, tf error: Invalid frame ID "map" passed to canTransform argument target_frame - frame does not exist
[INFO] [1783589044.314560870] [global_costmap.global_costmap]: Timed out waiting for transform from relocalization_body to map to become available, tf error: Invalid frame ID "map" passed to canTransform argument target_frame - frame does not exist
[INFO] [1783589044.814556494] [global_costmap.global_costmap]: Timed out waiting for transform from relocalization_body to map to become available, tf error: Invalid frame ID "map" passed to canTransform argument target_frame - frame does not exist
[INFO] [1783589045.314557686] [global_costmap.global_costmap]: Timed out waiting for transform from relocalization_body to map to become available, tf error: Invalid frame ID "map" passed to canTransform argument target_frame - frame does not exist
[INFO] [1783589045.814558047] [global_costmap.global_costmap]: Timed out waiting for transform from relocalization_body to map to become available, tf error: Invalid frame ID "map" passed to canTransform argument target_frame - frame does not exist
[INFO] [1783589046.314559719] [global_costmap.global_costmap]: Timed out waiting for transform from relocalization_body to map to become available, tf error: Invalid frame ID "map" passed to canTransform argument target_frame - frame does not exist
[INFO] [1783589046.814562480] [global_costmap.global_costmap]: Timed out waiting for transform from relocalization_body to map to become available, tf error: Invalid frame ID "map" passed to canTransform argument target_frame - frame does not exist
[INFO] [1783589047.314561912] [global_costmap.global_costmap]: Timed out waiting for transform from relocalization_body to map to become available, tf error: Invalid frame ID "map" passed to canTransform argument target_frame - frame does not exist
[INFO] [1783589047.814556096] [global_costmap.global_costmap]: Timed out waiting for transform from relocalization_body to map to become available, tf error: Invalid frame ID "map" passed to canTransform argument target_frame - frame does not exist
[INFO] [1783589048.314560329] [global_costmap.global_costmap]: Timed out waiting for transform from relocalization_body to map to become available, tf error: Invalid frame ID "map" passed to canTransform argument target_frame - frame does not exist
[INFO] [1783589048.814561105] [global_costmap.global_costmap]: Timed out waiting for transform from relocalization_body to map to become available, tf error: Invalid frame ID "map" passed to canTransform argument target_frame - frame does not exist
[INFO] [1783589049.314565786] [global_costmap.global_costmap]: Timed out waiting for transform from relocalization_body to map to become available, tf error: Invalid frame ID "map" passed to canTransform argument target_frame - frame does not exist
[INFO] [1783589049.814747080] [global_costmap.global_costmap]: Timed out waiting for transform from relocalization_body to map to become available, tf error: Invalid frame ID "map" passed to canTransform argument target_frame - frame does not exist
[INFO] [1783589050.314790097] [global_costmap.global_costmap]: Timed out waiting for transform from relocalization_body to map to become available, tf error: Invalid frame ID "map" passed to canTransform argument target_frame - frame does not exist
[INFO] [1783589050.814575091] [global_costmap.global_costmap]: Timed out waiting for transform from relocalization_body to map to become available, tf error: Invalid frame ID "map" passed to canTransform argument target_frame - frame does not exist
[INFO] [1783589051.314571227] [global_costmap.global_costmap]: Timed out waiting for transform from relocalization_body to map to become available, tf error: Invalid frame ID "map" passed to canTransform argument target_frame - frame does not exist
[INFO] [1783589051.814568068] [global_costmap.global_costmap]: Timed out waiting for transform from relocalization_body to map to become available, tf error: Invalid frame ID "map" passed to canTransform argument target_frame - frame does not exist
[INFO] [1783589052.314789459] [global_costmap.global_costmap]: Timed out waiting for transform from relocalization_body to map to become available, tf error: Invalid frame ID "map" passed to canTransform argument target_frame - frame does not exist
[INFO] [1783589052.814575061] [global_costmap.global_costmap]: Timed out waiting for transform from relocalization_body to map to become available, tf error: Invalid frame ID "map" passed to canTransform argument target_frame - frame does not exist
[INFO] [1783589053.314797540] [global_costmap.global_costmap]: Timed out waiting for transform from relocalization_body to map to become available, tf error: Invalid frame ID "map" passed to canTransform argument target_frame - frame does not exist
[INFO] [1783589053.814568613] [global_costmap.global_costmap]: Timed out waiting for transform from relocalization_body to map to become available, tf error: Invalid frame ID "map" passed to canTransform argument target_frame - frame does not exist
[INFO] [1783589054.314790772] [global_costmap.global_costmap]: Timed out waiting for transform from relocalization_body to map to become available, tf error: Invalid frame ID "map" passed to canTransform argument target_frame - frame does not exist
[INFO] [1783589054.814783997] [global_costmap.global_costmap]: Timed out waiting for transform from relocalization_body to map to become available, tf error: Invalid frame ID "map" passed to canTransform argument target_frame - frame does not exist
[INFO] [1783589055.314790309] [global_costmap.global_costmap]: Timed out waiting for transform from relocalization_body to map to become available, tf error: Invalid frame ID "map" passed to canTransform argument target_frame - frame does not exist
[INFO] [1783589055.814790574] [global_costmap.global_costmap]: Timed out waiting for transform from relocalization_body to map to become available, tf error: Invalid frame ID "map" passed to canTransform argument target_frame - frame does not exist
[INFO] [1783589056.314787190] [global_costmap.global_costmap]: Timed out waiting for transform from relocalization_body to map to become available, tf error: Invalid frame ID "map" passed to canTransform argument target_frame - frame does not exist
[INFO] [1783589056.814576920] [global_costmap.global_costmap]: Timed out waiting for transform from relocalization_body to map to become available, tf error: Invalid frame ID "map" passed to canTransform argument target_frame - frame does not exist
[INFO] [1783589057.314578624] [global_costmap.global_costmap]: Timed out waiting for transform from relocalization_body to map to become available, tf error: Invalid frame ID "map" passed to canTransform argument target_frame - frame does not exist
[INFO] [1783589057.814781807] [global_costmap.global_costmap]: Timed out waiting for transform from relocalization_body to map to become available, tf error: Invalid frame ID "map" passed to canTransform argument target_frame - frame does not exist
[INFO] [1783589058.314580433] [global_costmap.global_costmap]: Timed out waiting for transform from relocalization_body to map to become available, tf error: Invalid frame ID "map" passed to canTransform argument target_frame - frame does not exist
[INFO] [1783589058.814785376] [global_costmap.global_costmap]: Timed out waiting for transform from relocalization_body to map to become available, tf error: Invalid frame ID "map" passed to canTransform argument target_frame - frame does not exist
[INFO] [1783589059.314573729] [global_costmap.global_costmap]: Timed out waiting for transform from relocalization_body to map to become available, tf error: Invalid frame ID "map" passed to canTransform argument target_frame - frame does not exist
[INFO] [1783589059.814797617] [global_costmap.global_costmap]: Timed out waiting for transform from relocalization_body to map to become available, tf error: Invalid frame ID "map" passed to canTransform argument target_frame - frame does not exist
[INFO] [1783589060.314569202] [global_costmap.global_costmap]: Timed out waiting for transform from relocalization_body to map to become available, tf error: Invalid frame ID "map" passed to canTransform argument target_frame - frame does not exist
[INFO] [1783589060.814574235] [global_costmap.global_costmap]: Timed out waiting for transform from relocalization_body to map to become available, tf error: Invalid frame ID "map" passed to canTransform argument target_frame - frame does not exist
[INFO] [1783589061.314783721] [global_costmap.global_costmap]: Timed out waiting for transform from relocalization_body to map to become available, tf error: Invalid frame ID "map" passed to canTransform argument target_frame - frame does not exist
[INFO] [1783589061.814792914] [global_costmap.global_costmap]: Timed out waiting for transform from relocalization_body to map to become available, tf error: Invalid frame ID "map" passed to canTransform argument target_frame - frame does not exist
[INFO] [1783589062.314783322] [global_costmap.global_costmap]: Timed out waiting for transform from relocalization_body to map to become available, tf error: Invalid frame ID "map" passed to canTransform argument target_frame - frame does not exist
[INFO] [1783589062.814789827] [global_costmap.global_costmap]: Timed out waiting for transform from relocalization_body to map to become available, tf error: Invalid frame ID "map" passed to canTransform argument target_frame - frame does not exist
[INFO] [1783589063.314783147] [global_costmap.global_costmap]: Timed out waiting for transform from relocalization_body to map to become available, tf error: Invalid frame ID "map" passed to canTransform argument target_frame - frame does not exist
[INFO] [1783589063.814792340] [global_costmap.global_costmap]: Timed out waiting for transform from relocalization_body to map to become available, tf error: Invalid frame ID "map" passed to canTransform argument target_frame - frame does not exist
[INFO] [1783589064.314570709] [global_costmap.global_costmap]: Timed out waiting for transform from relocalization_body to map to become available, tf error: Invalid frame ID "map" passed to canTransform argument target_frame - frame does not exist
[INFO] [1783589064.814579262] [global_costmap.global_costmap]: Timed out waiting for transform from relocalization_body to map to become available, tf error: Invalid frame ID "map" passed to canTransform argument target_frame - frame does not exist
[INFO] [1783589065.314565094] [global_costmap.global_costmap]: Timed out waiting for transform from relocalization_body to map to become available, tf error: Invalid frame ID "map" passed to canTransform argument target_frame - frame does not exist
[INFO] [1783589065.814784437] [global_costmap.global_costmap]: Timed out waiting for transform from relocalization_body to map to become available, tf error: Invalid frame ID "map" passed to canTransform argument target_frame - frame does not exist
[INFO] [1783589066.314772349] [global_costmap.global_costmap]: Timed out waiting for transform from relocalization_body to map to become available, tf error: Invalid frame ID "map" passed to canTransform argument target_frame - frame does not exist
[INFO] [1783589066.814579519] [global_costmap.global_costmap]: Timed out waiting for transform from relocalization_body to map to become available, tf error: Invalid frame ID "map" passed to canTransform argument target_frame - frame does not exist
[INFO] [1783589067.314535590] [global_costmap.global_costmap]: Timed out waiting for transform from relocalization_body to map to become available, tf error: Invalid frame ID "map" passed to canTransform argument target_frame - frame does not exist
[INFO] [1783589067.814565264] [global_costmap.global_costmap]: Timed out waiting for transform from relocalization_body to map to become available, tf error: Invalid frame ID "map" passed to canTransform argument target_frame - frame does not exist
[INFO] [1783589068.314556024] [global_costmap.global_costmap]: Timed out waiting for transform from relocalization_body to map to become available, tf error: Invalid frame ID "map" passed to canTransform argument target_frame - frame does not exist
[INFO] [1783589068.814562592] [global_costmap.global_costmap]: Timed out waiting for transform from relocalization_body to map to become available, tf error: Invalid frame ID "map" passed to canTransform argument target_frame - frame does not exist
[INFO] [1783589069.314549192] [global_costmap.global_costmap]: Timed out waiting for transform from relocalization_body to map to become available, tf error: Invalid frame ID "map" passed to canTransform argument target_frame - frame does not exist
[INFO] [1783589069.814566129] [global_costmap.global_costmap]: Timed out waiting for transform from relocalization_body to map to become available, tf error: Invalid frame ID "map" passed to canTransform argument target_frame - frame does not exist
[INFO] [1783589070.314530776] [global_costmap.global_costmap]: Timed out waiting for transform from relocalization_body to map to become available, tf error: Invalid frame ID "map" passed to canTransform argument target_frame - frame does not exist
[INFO] [1783589070.814788937] [global_costmap.global_costmap]: Timed out waiting for transform from relocalization_body to map to become available, tf error: Invalid frame ID "map" passed to canTransform argument target_frame - frame does not exist
[INFO] [1783589071.314784145] [global_costmap.global_costmap]: Timed out waiting for transform from relocalization_body to map to become available, tf error: Invalid frame ID "map" passed to canTransform argument target_frame - frame does not exist
[INFO] [1783589071.814788473] [global_costmap.global_costmap]: Timed out waiting for transform from relocalization_body to map to become available, tf error: Invalid frame ID "map" passed to canTransform argument target_frame - frame does not exist
[INFO] [1783589072.314570267] [global_costmap.global_costmap]: Timed out waiting for transform from relocalization_body to map to become available, tf error: Invalid frame ID "map" passed to canTransform argument target_frame - frame does not exist
[INFO] [1783589072.814570819] [global_costmap.global_costmap]: Timed out waiting for transform from relocalization_body to map to become available, tf error: Invalid frame ID "map" passed to canTransform argument target_frame - frame does not exist
[INFO] [1783589073.314780050] [global_costmap.global_costmap]: Timed out waiting for transform from relocalization_body to map to become available, tf error: Invalid frame ID "map" passed to canTransform argument target_frame - frame does not exist
[INFO] [1783589073.814797115] [global_costmap.global_costmap]: Timed out waiting for transform from relocalization_body to map to become available, tf error: Invalid frame ID "map" passed to canTransform argument target_frame - frame does not exist
[INFO] [1783589074.314781059] [global_costmap.global_costmap]: Timed out waiting for transform from relocalization_body to map to become available, tf error: Invalid frame ID "map" passed to canTransform argument target_frame - frame does not exist
[INFO] [1783589074.814789420] [global_costmap.global_costmap]: Timed out waiting for transform from relocalization_body to map to become available, tf error: Invalid frame ID "map" passed to canTransform argument target_frame - frame does not exist
[INFO] [1783589075.314572909] [global_costmap.global_costmap]: Timed out waiting for transform from relocalization_body to map to become available, tf error: Invalid frame ID "map" passed to canTransform argument target_frame - frame does not exist
[INFO] [1783589075.814786428] [global_costmap.global_costmap]: Timed out waiting for transform from relocalization_body to map to become available, tf error: Invalid frame ID "map" passed to canTransform argument target_frame - frame does not exist
[INFO] [1783589076.314782437] [global_costmap.global_costmap]: Timed out waiting for transform from relocalization_body to map to become available, tf error: Invalid frame ID "map" passed to canTransform argument target_frame - frame does not exist
[INFO] [1783589076.814524229] [global_costmap.global_costmap]: Timed out waiting for transform from relocalization_body to map to become available, tf error: Invalid frame ID "map" passed to canTransform argument target_frame - frame does not exist
[INFO] [1783589077.314561039] [global_costmap.global_costmap]: Timed out waiting for transform from relocalization_body to map to become available, tf error: Invalid frame ID "map" passed to canTransform argument target_frame - frame does not exist
[INFO] [1783589077.814562935] [global_costmap.global_costmap]: Timed out waiting for transform from relocalization_body to map to become available, tf error: Invalid frame ID "map" passed to canTransform argument target_frame - frame does not exist
[INFO] [1783589078.314556127] [global_costmap.global_costmap]: Timed out waiting for transform from relocalization_body to map to become available, tf error: Invalid frame ID "map" passed to canTransform argument target_frame - frame does not exist
[INFO] [1783589078.814567112] [global_costmap.global_costmap]: Timed out waiting for transform from relocalization_body to map to become available, tf error: Invalid frame ID "map" passed to canTransform argument target_frame - frame does not exist
[INFO] [1783589079.314770199] [global_costmap.global_costmap]: Timed out waiting for transform from relocalization_body to map to become available, tf error: Invalid frame ID "map" passed to canTransform argument target_frame - frame does not exist
[INFO] [1783589079.814532088] [global_costmap.global_costmap]: Timed out waiting for transform from relocalization_body to map to become available, tf error: Invalid frame ID "map" passed to canTransform argument target_frame - frame does not exist
[INFO] [1783589080.314550112] [global_costmap.global_costmap]: Timed out waiting for transform from relocalization_body to map to become available, tf error: Invalid frame ID "map" passed to canTransform argument target_frame - frame does not exist
[INFO] [1783589080.814567881] [global_costmap.global_costmap]: Timed out waiting for transform from relocalization_body to map to become available, tf error: Invalid frame ID "map" passed to canTransform argument target_frame - frame does not exist
[INFO] [1783589081.314548273] [global_costmap.global_costmap]: Timed out waiting for transform from relocalization_body to map to become available, tf error: Invalid frame ID "map" passed to canTransform argument target_frame - frame does not exist
[INFO] [1783589081.814558650] [global_costmap.global_costmap]: Timed out waiting for transform from relocalization_body to map to become available, tf error: Invalid frame ID "map" passed to canTransform argument target_frame - frame does not exist
[INFO] [1783589082.314566274] [global_costmap.global_costmap]: Timed out waiting for transform from relocalization_body to map to become available, tf error: Invalid frame ID "map" passed to canTransform argument target_frame - frame does not exist
[INFO] [1783589082.814556139] [global_costmap.global_costmap]: Timed out waiting for transform from relocalization_body to map to become available, tf error: Invalid frame ID "map" passed to canTransform argument target_frame - frame does not exist
[INFO] [1783589083.314560467] [global_costmap.global_costmap]: Timed out waiting for transform from relocalization_body to map to become available, tf error: Invalid frame ID "map" passed to canTransform argument target_frame - frame does not exist
[INFO] [1783589083.814553691] [global_costmap.global_costmap]: Timed out waiting for transform from relocalization_body to map to become available, tf error: Invalid frame ID "map" passed to canTransform argument target_frame - frame does not exist
[INFO] [1783589084.314559332] [global_costmap.global_costmap]: Timed out waiting for transform from relocalization_body to map to become available, tf error: Invalid frame ID "map" passed to canTransform argument target_frame - frame does not exist
[INFO] [1783589084.814558796] [global_costmap.global_costmap]: Timed out waiting for transform from relocalization_body to map to become available, tf error: Invalid frame ID "map" passed to canTransform argument target_frame - frame does not exist
[INFO] [1783589085.314563733] [global_costmap.global_costmap]: Timed out waiting for transform from relocalization_body to map to become available, tf error: Invalid frame ID "map" passed to canTransform argument target_frame - frame does not exist
[INFO] [1783589085.814560125] [global_costmap.global_costmap]: Timed out waiting for transform from relocalization_body to map to become available, tf error: Invalid frame ID "map" passed to canTransform argument target_frame - frame does not exist
[INFO] [1783589086.314558629] [global_costmap.global_costmap]: Timed out waiting for transform from relocalization_body to map to become available, tf error: Invalid frame ID "map" passed to canTransform argument target_frame - frame does not exist
[INFO] [1783589086.814556398] [global_costmap.global_costmap]: Timed out waiting for transform from relocalization_body to map to become available, tf error: Invalid frame ID "map" passed to canTransform argument target_frame - frame does not exist
[INFO] [1783589087.314560022] [global_costmap.global_costmap]: Timed out waiting for transform from relocalization_body to map to become available, tf error: Invalid frame ID "map" passed to canTransform argument target_frame - frame does not exist
[INFO] [1783589087.814561502] [global_costmap.global_costmap]: Timed out waiting for transform from relocalization_body to map to become available, tf error: Invalid frame ID "map" passed to canTransform argument target_frame - frame does not exist
[INFO] [1783589088.314564647] [global_costmap.global_costmap]: Timed out waiting for transform from relocalization_body to map to become available, tf error: Invalid frame ID "map" passed to canTransform argument target_frame - frame does not exist
[INFO] [1783589088.814558095] [global_costmap.global_costmap]: Timed out waiting for transform from relocalization_body to map to become available, tf error: Invalid frame ID "map" passed to canTransform argument target_frame - frame does not exist
[INFO] [1783589089.314562424] [global_costmap.global_costmap]: Timed out waiting for transform from relocalization_body to map to become available, tf error: Invalid frame ID "map" passed to canTransform argument target_frame - frame does not exist
[INFO] [1783589089.814554304] [global_costmap.global_costmap]: Timed out waiting for transform from relocalization_body to map to become available, tf error: Invalid frame ID "map" passed to canTransform argument target_frame - frame does not exist
[INFO] [1783589090.314560616] [global_costmap.global_costmap]: Timed out waiting for transform from relocalization_body to map to become available, tf error: Invalid frame ID "map" passed to canTransform argument target_frame - frame does not exist
[INFO] [1783589090.814558737] [global_costmap.global_costmap]: Timed out waiting for transform from relocalization_body to map to become available, tf error: Invalid frame ID "map" passed to canTransform argument target_frame - frame does not exist
[INFO] [1783589091.314561369] [global_costmap.global_costmap]: Timed out waiting for transform from relocalization_body to map to become available, tf error: Invalid frame ID "map" passed to canTransform argument target_frame - frame does not exist
[INFO] [1783589091.814558433] [global_costmap.global_costmap]: Timed out waiting for transform from relocalization_body to map to become available, tf error: Invalid frame ID "map" passed to canTransform argument target_frame - frame does not exist
[INFO] [1783589092.314562855] [global_costmap.global_costmap]: Timed out waiting for transform from relocalization_body to map to become available, tf error: Invalid frame ID "map" passed to canTransform argument target_frame - frame does not exist
[INFO] [1783589092.814556568] [global_costmap.global_costmap]: Timed out waiting for transform from relocalization_body to map to become available, tf error: Invalid frame ID "map" passed to canTransform argument target_frame - frame does not exist
[INFO] [1783589093.314558889] [global_costmap.global_costmap]: Timed out waiting for transform from relocalization_body to map to become available, tf error: Invalid frame ID "map" passed to canTransform argument target_frame - frame does not exist
[INFO] [1783589093.814561658] [global_costmap.global_costmap]: Timed out waiting for transform from relocalization_body to map to become available, tf error: Invalid frame ID "map" passed to canTransform argument target_frame - frame does not exist
[INFO] [1783589094.314563467] [global_costmap.global_costmap]: Timed out waiting for transform from relocalization_body to map to become available, tf error: Invalid frame ID "map" passed to canTransform argument target_frame - frame does not exist
[INFO] [1783589094.814565660] [global_costmap.global_costmap]: Timed out waiting for transform from relocalization_body to map to become available, tf error: Invalid frame ID "map" passed to canTransform argument target_frame - frame does not exist
[INFO] [1783589095.314563181] [global_costmap.global_costmap]: Timed out waiting for transform from relocalization_body to map to become available, tf error: Invalid frame ID "map" passed to canTransform argument target_frame - frame does not exist
[INFO] [1783589095.814558142] [global_costmap.global_costmap]: Timed out waiting for transform from relocalization_body to map to become available, tf error: Invalid frame ID "map" passed to canTransform argument target_frame - frame does not exist
[INFO] [1783589096.314559535] [global_costmap.global_costmap]: Timed out waiting for transform from relocalization_body to map to become available, tf error: Invalid frame ID "map" passed to canTransform argument target_frame - frame does not exist
[INFO] [1783589096.814565664] [global_costmap.global_costmap]: Timed out waiting for transform from relocalization_body to map to become available, tf error: Invalid frame ID "map" passed to canTransform argument target_frame - frame does not exist
[INFO] [1783589097.314566801] [global_costmap.global_costmap]: Timed out waiting for transform from relocalization_body to map to become available, tf error: Invalid frame ID "map" passed to canTransform argument target_frame - frame does not exist
[INFO] [1783589097.814564546] [global_costmap.global_costmap]: Timed out waiting for transform from relocalization_body to map to become available, tf error: Invalid frame ID "map" passed to canTransform argument target_frame - frame does not exist
[INFO] [1783589097.841720142] [rclcpp]: signal_handler(SIGINT/SIGTERM)
[INFO] [1783589097.841972566] [planner_server]: Running Nav2 LifecycleNode rcl preshutdown (planner_server)
[INFO] [1783589097.842125242] [planner_server]: Destroying bond (planner_server) to lifecycle manager.
[INFO] [1783589097.842784686] [global_costmap.global_costmap]: start
[ERROR] [1783589097.842887281] [global_costmap.global_costmap]: Failed to finish transition 3. Current state is now: active (Could not publish transition: publisher's context is invalid, at ./src/rcl/publisher.c:389, at ./src/rcl_lifecycle.c:368)
[INFO] [1783589097.842915026] [planner_server]: Activating plugin GridBased of type NavfnPlanner
[ERROR] [1783589097.845886027] [planner_server]: Caught exception in callback for transition 13
[ERROR] [1783589097.845947725] [planner_server]: Original error: could not create service: rcl node's context is invalid, at ./src/rcl/node.c:428
[ERROR] [1783589097.845981262] [planner_server]: Failed to finish transition 3. Current state is now: errorprocessing (Could not publish transition: publisher's context is invalid, at ./src/rcl/publisher.c:389, at ./src/rcl_lifecycle.c:368)
[INFO] [1783589097.848458296] [planner_server]: Destroying plugin GridBased of type NavfnPlanner
Warning: class_loader.ClassLoader: SEVERE WARNING!!! Attempting to unload library while objects created by this loader exist in the heap! You should delete your objects before attempting to unload the library or destroying the ClassLoader. The library will NOT be unloaded.
         at line 127 in ./src/class_loader.cpp
terminate called without an active exception
