[INFO] [1785381276.784619631] [nav_tf_direct_relay]: publishing map->base_link on /nav_tf, reliability=RELIABLE, rpy offset=(0.007,-0.802,1.571)
[INFO] [1785381277.767853797] [nav_tf_direct_relay]: first /relocalization_pose: x=-1.210, y=0.989
[INFO] [1785381278.755418742] [nav_tf_direct_relay]: healthy: published 50 TF messages on /nav_tf
[INFO] [1785381280.755407914] [nav_tf_direct_relay]: healthy: published 150 TF messages on /nav_tf
[INFO] [1785381282.754562593] [nav_tf_direct_relay]: healthy: published 250 TF messages on /nav_tf
[INFO] [1785381284.754561526] [nav_tf_direct_relay]: healthy: published 350 TF messages on /nav_tf
[INFO] [1785381286.755445163] [nav_tf_direct_relay]: healthy: published 450 TF messages on /nav_tf
[INFO] [1785381288.755056850] [nav_tf_direct_relay]: healthy: published 550 TF messages on /nav_tf
[INFO] [1785381290.757265942] [nav_tf_direct_relay]: healthy: published 650 TF messages on /nav_tf
[INFO] [1785381292.755453610] [nav_tf_direct_relay]: healthy: published 750 TF messages on /nav_tf
[INFO] [1785381294.755287449] [nav_tf_direct_relay]: healthy: published 850 TF messages on /nav_tf
[INFO] [1785381296.755374545] [nav_tf_direct_relay]: healthy: published 950 TF messages on /nav_tf
[INFO] [1785381298.755238530] [nav_tf_direct_relay]: healthy: published 1050 TF messages on /nav_tf
[INFO] [1785381300.754698563] [nav_tf_direct_relay]: healthy: published 1150 TF messages on /nav_tf
[INFO] [1785381302.754922432] [nav_tf_direct_relay]: healthy: published 1250 TF messages on /nav_tf
[INFO] [1785381304.755461161] [nav_tf_direct_relay]: healthy: published 1350 TF messages on /nav_tf
[INFO] [1785381306.754886761] [nav_tf_direct_relay]: healthy: published 1450 TF messages on /nav_tf
[INFO] [1785381308.755297389] [nav_tf_direct_relay]: healthy: published 1550 TF messages on /nav_tf
[INFO] [1785381310.755191902] [nav_tf_direct_relay]: healthy: published 1650 TF messages on /nav_tf
[INFO] [1785381312.756393406] [nav_tf_direct_relay]: healthy: published 1750 TF messages on /nav_tf
[INFO] [1785381314.755433649] [nav_tf_direct_relay]: healthy: published 1850 TF messages on /nav_tf
[INFO] [1785381316.755768306] [nav_tf_direct_relay]: healthy: published 1950 TF messages on /nav_tf
[INFO] [1785381318.755395769] [nav_tf_direct_relay]: healthy: published 2050 TF messages on /nav_tf
[INFO] [1785381320.755468305] [nav_tf_direct_relay]: healthy: published 2150 TF messages on /nav_tf
[INFO] [1785381322.756928154] [nav_tf_direct_relay]: healthy: published 2250 TF messages on /nav_tf
[INFO] [1785381324.755483228] [nav_tf_direct_relay]: healthy: published 2350 TF messages on /nav_tf
[INFO] [1785381326.757689183] [nav_tf_direct_relay]: healthy: published 2450 TF messages on /nav_tf
[INFO] [1785381328.754850863] [nav_tf_direct_relay]: healthy: published 2550 TF messages on /nav_tf
[INFO] [1785381330.754737664] [nav_tf_direct_relay]: healthy: published 2649 TF messages on /nav_tf
[INFO] [1785381332.756328558] [nav_tf_direct_relay]: healthy: published 2749 TF messages on /nav_tf
[INFO] [1785381334.755124920] [nav_tf_direct_relay]: healthy: published 2849 TF messages on /nav_tf
[INFO] [1785381336.755606814] [nav_tf_direct_relay]: healthy: published 2949 TF messages on /nav_tf
[INFO] [1785381338.754485035] [nav_tf_direct_relay]: healthy: published 3049 TF messages on /nav_tf
[INFO] [1785381340.755651850] [nav_tf_direct_relay]: healthy: published 3149 TF messages on /nav_tf
[INFO] [1785381342.756903051] [nav_tf_direct_relay]: healthy: published 3249 TF messages on /nav_tf
[INFO] [1785381344.755888956] [nav_tf_direct_relay]: healthy: published 3349 TF messages on /nav_tf
[INFO] [1785381346.755992853] [nav_tf_direct_relay]: healthy: published 3449 TF messages on /nav_tf
[INFO] [1785381348.755862438] [nav_tf_direct_relay]: healthy: published 3549 TF messages on /nav_tf
[INFO] [1785381350.755578897] [nav_tf_direct_relay]: healthy: published 3649 TF messages on /nav_tf
[INFO] [1785381352.755317372] [nav_tf_direct_relay]: healthy: published 3749 TF messages on /nav_tf
[INFO] [1785381354.755631292] [nav_tf_direct_relay]: healthy: published 3849 TF messages on /nav_tf
[INFO] [1785381356.756022079] [nav_tf_direct_relay]: healthy: published 3949 TF messages on /nav_tf
[INFO] [1785381358.759507120] [nav_tf_direct_relay]: healthy: published 4049 TF messages on /nav_tf
[INFO] [1785381360.755510263] [nav_tf_direct_relay]: healthy: published 4149 TF messages on /nav_tf
[INFO] [1785381362.755434730] [nav_tf_direct_relay]: healthy: published 4249 TF messages on /nav_tf
[INFO] [1785381364.755300058] [nav_tf_direct_relay]: healthy: published 4349 TF messages on /nav_tf
[INFO] [1785381366.755824066] [nav_tf_direct_relay]: healthy: published 4449 TF messages on /nav_tf
[INFO] [1785381368.754905014] [nav_tf_direct_relay]: healthy: published 4549 TF messages on /nav_tf
[INFO] [1785381370.755195381] [nav_tf_direct_relay]: healthy: published 4649 TF messages on /nav_tf
[INFO] [1785381372.756113483] [nav_tf_direct_relay]: healthy: published 4749 TF messages on /nav_tf
[INFO] [1785381374.757458256] [nav_tf_direct_relay]: healthy: published 4849 TF messages on /nav_tf
[INFO] [1785381376.754856264] [nav_tf_direct_relay]: healthy: published 4949 TF messages on /nav_tf
[INFO] [1785381378.756332242] [nav_tf_direct_relay]: healthy: published 5049 TF messages on /nav_tf
[INFO] [1785381380.755695952] [nav_tf_direct_relay]: healthy: published 5149 TF messages on /nav_tf
[INFO] [1785381382.970718116] [nav_tf_direct_relay]: healthy: published 5244 TF messages on /nav_tf
[INFO] [1785381384.761769554] [nav_tf_direct_relay]: healthy: published 5334 TF messages on /nav_tf
[INFO] [1785381386.756503596] [nav_tf_direct_relay]: healthy: published 5432 TF messages on /nav_tf
[INFO] [1785381388.756825260] [nav_tf_direct_relay]: healthy: published 5532 TF messages on /nav_tf
[INFO] [1785381390.755759740] [nav_tf_direct_relay]: healthy: published 5632 TF messages on /nav_tf
[INFO] [1785381392.756594862] [nav_tf_direct_relay]: healthy: published 5732 TF messages on /nav_tf
[INFO] [1785381394.754839589] [nav_tf_direct_relay]: healthy: published 5832 TF messages on /nav_tf
[INFO] [1785381396.754953854] [nav_tf_direct_relay]: healthy: published 5932 TF messages on /nav_tf
[INFO] [1785381398.755861843] [nav_tf_direct_relay]: healthy: published 6032 TF messages on /nav_tf
[INFO] [1785381400.770627574] [nav_tf_direct_relay]: healthy: published 6130 TF messages on /nav_tf
[INFO] [1785381402.755220647] [nav_tf_direct_relay]: healthy: published 6230 TF messages on /nav_tf
[INFO] [1785381404.755870963] [nav_tf_direct_relay]: healthy: published 6330 TF messages on /nav_tf
[INFO] [1785381406.754841763] [nav_tf_direct_relay]: healthy: published 6429 TF messages on /nav_tf
[INFO] [1785381408.755448718] [nav_tf_direct_relay]: healthy: published 6529 TF messages on /nav_tf
[INFO] [1785381410.755428802] [nav_tf_direct_relay]: healthy: published 6629 TF messages on /nav_tf
[INFO] [1785381412.755178094] [nav_tf_direct_relay]: healthy: published 6729 TF messages on /nav_tf
[INFO] [1785381414.756925410] [nav_tf_direct_relay]: healthy: published 6829 TF messages on /nav_tf
[INFO] [1785381416.759473713] [nav_tf_direct_relay]: healthy: published 6915 TF messages on /nav_tf
[INFO] [1785381418.762075715] [nav_tf_direct_relay]: healthy: published 7013 TF messages on /nav_tf
[INFO] [1785381420.755115456] [nav_tf_direct_relay]: healthy: published 7113 TF messages on /nav_tf
[INFO] [1785381422.755430944] [nav_tf_direct_relay]: healthy: published 7212 TF messages on /nav_tf
[INFO] [1785381424.755058536] [nav_tf_direct_relay]: healthy: published 7312 TF messages on /nav_tf
[INFO] [1785381426.758367699] [nav_tf_direct_relay]: healthy: published 7412 TF messages on /nav_tf
[INFO] [1785381428.754858667] [nav_tf_direct_relay]: healthy: published 7512 TF messages on /nav_tf
[INFO] [1785381430.754961092] [nav_tf_direct_relay]: healthy: published 7612 TF messages on /nav_tf
[INFO] [1785381432.765616692] [nav_tf_direct_relay]: healthy: published 7710 TF messages on /nav_tf
[INFO] [1785381434.755515650] [nav_tf_direct_relay]: healthy: published 7810 TF messages on /nav_tf
[INFO] [1785381436.755740191] [nav_tf_direct_relay]: healthy: published 7910 TF messages on /nav_tf
[INFO] [1785381438.754909974] [nav_tf_direct_relay]: healthy: published 8010 TF messages on /nav_tf
[INFO] [1785381440.757147387] [nav_tf_direct_relay]: healthy: published 8110 TF messages on /nav_tf
[INFO] [1785381442.761781333] [nav_tf_direct_relay]: healthy: published 8207 TF messages on /nav_tf
[INFO] [1785381444.755598542] [nav_tf_direct_relay]: healthy: published 8306 TF messages on /nav_tf
[INFO] [1785381446.754392600] [nav_tf_direct_relay]: healthy: published 8406 TF messages on /nav_tf
[INFO] [1785381448.755546422] [nav_tf_direct_relay]: healthy: published 8506 TF messages on /nav_tf
[INFO] [1785381450.755214207] [nav_tf_direct_relay]: healthy: published 8606 TF messages on /nav_tf
[INFO] [1785381452.757334880] [nav_tf_direct_relay]: healthy: published 8706 TF messages on /nav_tf
[INFO] [1785381454.754675510] [nav_tf_direct_relay]: healthy: published 8805 TF messages on /nav_tf
[INFO] [1785381456.761901964] [nav_tf_direct_relay]: healthy: published 8905 TF messages on /nav_tf
[INFO] [1785381458.761394479] [nav_tf_direct_relay]: healthy: published 9005 TF messages on /nav_tf
[INFO] [1785381460.754979744] [nav_tf_direct_relay]: healthy: published 9105 TF messages on /nav_tf
[INFO] [1785381462.755399108] [nav_tf_direct_relay]: healthy: published 9205 TF messages on /nav_tf
[INFO] [1785381464.755819528] [nav_tf_direct_relay]: healthy: published 9305 TF messages on /nav_tf
[INFO] [1785381466.755710809] [nav_tf_direct_relay]: healthy: published 9405 TF messages on /nav_tf
[INFO] [1785381468.755123961] [nav_tf_direct_relay]: healthy: published 9505 TF messages on /nav_tf
[INFO] [1785381470.756145715] [nav_tf_direct_relay]: healthy: published 9605 TF messages on /nav_tf
[INFO] [1785381472.754810296] [nav_tf_direct_relay]: healthy: published 9705 TF messages on /nav_tf
[INFO] [1785381474.756859286] [nav_tf_direct_relay]: healthy: published 9805 TF messages on /nav_tf
[INFO] [1785381476.755373558] [nav_tf_direct_relay]: healthy: published 9905 TF messages on /nav_tf
[INFO] [1785381478.755071681] [nav_tf_direct_relay]: healthy: published 10004 TF messages on /nav_tf
[INFO] [1785381480.756276897] [nav_tf_direct_relay]: healthy: published 10104 TF messages on /nav_tf
[INFO] [1785381482.756186962] [nav_tf_direct_relay]: healthy: published 10204 TF messages on /nav_tf
[INFO] [1785381484.968145497] [nav_tf_direct_relay]: healthy: published 10300 TF messages on /nav_tf
[INFO] [1785381486.760826465] [nav_tf_direct_relay]: healthy: published 10390 TF messages on /nav_tf
[INFO] [1785381488.757258488] [nav_tf_direct_relay]: healthy: published 10490 TF messages on /nav_tf
[INFO] [1785381490.755644147] [nav_tf_direct_relay]: healthy: published 10588 TF messages on /nav_tf
[INFO] [1785381492.754977392] [nav_tf_direct_relay]: healthy: published 10688 TF messages on /nav_tf
[INFO] [1785381494.754822432] [nav_tf_direct_relay]: healthy: published 10788 TF messages on /nav_tf
[INFO] [1785381496.754976635] [nav_tf_direct_relay]: healthy: published 10888 TF messages on /nav_tf
[INFO] [1785381498.755759563] [nav_tf_direct_relay]: healthy: published 10988 TF messages on /nav_tf
[INFO] [1785381500.755054375] [nav_tf_direct_relay]: healthy: published 11088 TF messages on /nav_tf
[INFO] [1785381502.756623572] [nav_tf_direct_relay]: healthy: published 11188 TF messages on /nav_tf
[INFO] [1785381504.755145941] [nav_tf_direct_relay]: healthy: published 11288 TF messages on /nav_tf
[INFO] [1785381506.756362517] [nav_tf_direct_relay]: healthy: published 11388 TF messages on /nav_tf
[INFO] [1785381508.759523162] [nav_tf_direct_relay]: healthy: published 11488 TF messages on /nav_tf
[INFO] [1785381510.756488932] [nav_tf_direct_relay]: healthy: published 11588 TF messages on /nav_tf
[INFO] [1785381512.755716669] [nav_tf_direct_relay]: healthy: published 11688 TF messages on /nav_tf
[INFO] [1785381514.754710382] [nav_tf_direct_relay]: healthy: published 11788 TF messages on /nav_tf
[INFO] [1785381516.756373855] [nav_tf_direct_relay]: healthy: published 11888 TF messages on /nav_tf
[INFO] [1785381518.755565111] [nav_tf_direct_relay]: healthy: published 11988 TF messages on /nav_tf
[INFO] [1785381520.755235040] [nav_tf_direct_relay]: healthy: published 12088 TF messages on /nav_tf
[INFO] [1785381522.755831018] [nav_tf_direct_relay]: healthy: published 12188 TF messages on /nav_tf
[INFO] [1785381524.754991586] [nav_tf_direct_relay]: healthy: published 12288 TF messages on /nav_tf
[INFO] [1785381526.755837589] [nav_tf_direct_relay]: healthy: published 12388 TF messages on /nav_tf
[INFO] [1785381528.756053777] [nav_tf_direct_relay]: healthy: published 12488 TF messages on /nav_tf
[INFO] [1785381530.756475381] [nav_tf_direct_relay]: healthy: published 12588 TF messages on /nav_tf
[INFO] [1785381532.755433541] [nav_tf_direct_relay]: healthy: published 12688 TF messages on /nav_tf
[INFO] [1785381534.754987275] [nav_tf_direct_relay]: healthy: published 12788 TF messages on /nav_tf
[INFO] [1785381536.757328211] [nav_tf_direct_relay]: healthy: published 12888 TF messages on /nav_tf
[INFO] [1785381538.755576010] [nav_tf_direct_relay]: healthy: published 12988 TF messages on /nav_tf
[INFO] [1785381540.755880041] [nav_tf_direct_relay]: healthy: published 13088 TF messages on /nav_tf
[INFO] [1785381542.755429358] [nav_tf_direct_relay]: healthy: published 13188 TF messages on /nav_tf
[INFO] [1785381544.755794896] [nav_tf_direct_relay]: healthy: published 13288 TF messages on /nav_tf
[INFO] [1785381546.756216212] [nav_tf_direct_relay]: healthy: published 13388 TF messages on /nav_tf
[INFO] [1785381548.755545234] [nav_tf_direct_relay]: healthy: published 13488 TF messages on /nav_tf
[INFO] [1785381550.755517606] [nav_tf_direct_relay]: healthy: published 13588 TF messages on /nav_tf
[INFO] [1785381552.755925545] [nav_tf_direct_relay]: healthy: published 13688 TF messages on /nav_tf
[INFO] [1785381554.755227373] [nav_tf_direct_relay]: healthy: published 13788 TF messages on /nav_tf
[INFO] [1785381556.755486779] [nav_tf_direct_relay]: healthy: published 13888 TF messages on /nav_tf
[INFO] [1785381558.755884077] [nav_tf_direct_relay]: healthy: published 13988 TF messages on /nav_tf
[INFO] [1785381560.755384929] [nav_tf_direct_relay]: healthy: published 14088 TF messages on /nav_tf
[INFO] [1785381562.755452040] [nav_tf_direct_relay]: healthy: published 14188 TF messages on /nav_tf
[INFO] [1785381564.756555156] [nav_tf_direct_relay]: healthy: published 14288 TF messages on /nav_tf
[INFO] [1785381566.756221645] [nav_tf_direct_relay]: healthy: published 14388 TF messages on /nav_tf
[INFO] [1785381568.755859941] [nav_tf_direct_relay]: healthy: published 14488 TF messages on /nav_tf
[INFO] [1785381570.755515710] [nav_tf_direct_relay]: healthy: published 14588 TF messages on /nav_tf
[INFO] [1785381572.755531268] [nav_tf_direct_relay]: healthy: published 14688 TF messages on /nav_tf
[INFO] [1785381574.755575850] [nav_tf_direct_relay]: healthy: published 14788 TF messages on /nav_tf
[INFO] [1785381576.754905336] [nav_tf_direct_relay]: healthy: published 14888 TF messages on /nav_tf
[INFO] [1785381578.755505842] [nav_tf_direct_relay]: healthy: published 14988 TF messages on /nav_tf
[INFO] [1785381580.755658172] [nav_tf_direct_relay]: healthy: published 15088 TF messages on /nav_tf
[INFO] [1785381582.754996970] [nav_tf_direct_relay]: healthy: published 15188 TF messages on /nav_tf
[INFO] [1785381584.756165432] [nav_tf_direct_relay]: healthy: published 15288 TF messages on /nav_tf
[INFO] [1785381586.755404386] [nav_tf_direct_relay]: healthy: published 15388 TF messages on /nav_tf
[INFO] [1785381588.755541420] [nav_tf_direct_relay]: healthy: published 15488 TF messages on /nav_tf
[INFO] [1785381590.755565905] [nav_tf_direct_relay]: healthy: published 15588 TF messages on /nav_tf
[INFO] [1785381592.755879137] [nav_tf_direct_relay]: healthy: published 15688 TF messages on /nav_tf
[INFO] [1785381594.755597212] [nav_tf_direct_relay]: healthy: published 15788 TF messages on /nav_tf
[INFO] [1785381596.755590593] [nav_tf_direct_relay]: healthy: published 15888 TF messages on /nav_tf
[INFO] [1785381598.756048182] [nav_tf_direct_relay]: healthy: published 15988 TF messages on /nav_tf
[INFO] [1785381600.756231362] [nav_tf_direct_relay]: healthy: published 16088 TF messages on /nav_tf
[INFO] [1785381602.755557935] [nav_tf_direct_relay]: healthy: published 16188 TF messages on /nav_tf
[INFO] [1785381604.756549495] [nav_tf_direct_relay]: healthy: published 16288 TF messages on /nav_tf
[INFO] [1785381606.754925763] [nav_tf_direct_relay]: healthy: published 16388 TF messages on /nav_tf
[INFO] [1785381608.758167418] [nav_tf_direct_relay]: healthy: published 16488 TF messages on /nav_tf
[INFO] [1785381610.759147681] [nav_tf_direct_relay]: healthy: published 16588 TF messages on /nav_tf
[INFO] [1785381612.756301506] [nav_tf_direct_relay]: healthy: published 16688 TF messages on /nav_tf
[INFO] [1785381614.754826195] [nav_tf_direct_relay]: healthy: published 16788 TF messages on /nav_tf
[INFO] [1785381616.757865251] [nav_tf_direct_relay]: healthy: published 16888 TF messages on /nav_tf
[INFO] [1785381618.756100938] [nav_tf_direct_relay]: healthy: published 16988 TF messages on /nav_tf
[INFO] [1785381620.755441111] [nav_tf_direct_relay]: healthy: published 17088 TF messages on /nav_tf
[INFO] [1785381622.755797417] [nav_tf_direct_relay]: healthy: published 17188 TF messages on /nav_tf
[INFO] [1785381624.755351678] [nav_tf_direct_relay]: healthy: published 17288 TF messages on /nav_tf
[INFO] [1785381626.755374724] [nav_tf_direct_relay]: healthy: published 17388 TF messages on /nav_tf
[INFO] [1785381628.755539983] [nav_tf_direct_relay]: healthy: published 17488 TF messages on /nav_tf
[INFO] [1785381630.757133708] [nav_tf_direct_relay]: healthy: published 17588 TF messages on /nav_tf
[INFO] [1785381632.754922755] [nav_tf_direct_relay]: healthy: published 17673 TF messages on /nav_tf
[INFO] [1785381634.754870694] [nav_tf_direct_relay]: healthy: published 17773 TF messages on /nav_tf
[INFO] [1785381636.755574436] [nav_tf_direct_relay]: healthy: published 17873 TF messages on /nav_tf
[INFO] [1785381638.755304991] [nav_tf_direct_relay]: healthy: published 17973 TF messages on /nav_tf
[INFO] [1785381640.755959195] [nav_tf_direct_relay]: healthy: published 18073 TF messages on /nav_tf
[INFO] [1785381642.755303561] [nav_tf_direct_relay]: healthy: published 18173 TF messages on /nav_tf
[INFO] [1785381644.755803904] [nav_tf_direct_relay]: healthy: published 18273 TF messages on /nav_tf
[INFO] [1785381646.756042797] [nav_tf_direct_relay]: healthy: published 18373 TF messages on /nav_tf
[INFO] [1785381648.755644708] [nav_tf_direct_relay]: healthy: published 18473 TF messages on /nav_tf
[INFO] [1785381650.755548005] [nav_tf_direct_relay]: healthy: published 18573 TF messages on /nav_tf
[INFO] [1785381652.755484584] [nav_tf_direct_relay]: healthy: published 18673 TF messages on /nav_tf
[INFO] [1785381654.755072383] [nav_tf_direct_relay]: healthy: published 18773 TF messages on /nav_tf
[INFO] [1785381656.755086660] [nav_tf_direct_relay]: healthy: published 18873 TF messages on /nav_tf
[INFO] [1785381658.757232436] [nav_tf_direct_relay]: healthy: published 18973 TF messages on /nav_tf
[INFO] [1785381660.755349111] [nav_tf_direct_relay]: healthy: published 19073 TF messages on /nav_tf
[INFO] [1785381662.755066994] [nav_tf_direct_relay]: healthy: published 19173 TF messages on /nav_tf
[INFO] [1785381664.755606282] [nav_tf_direct_relay]: healthy: published 19273 TF messages on /nav_tf
[INFO] [1785381666.755616815] [nav_tf_direct_relay]: healthy: published 19373 TF messages on /nav_tf
[INFO] [1785381668.755243751] [nav_tf_direct_relay]: healthy: published 19473 TF messages on /nav_tf
[INFO] [1785381670.756178893] [nav_tf_direct_relay]: healthy: published 19573 TF messages on /nav_tf
[INFO] [1785381672.756021996] [nav_tf_direct_relay]: healthy: published 19673 TF messages on /nav_tf
[INFO] [1785381674.754855560] [nav_tf_direct_relay]: healthy: published 19773 TF messages on /nav_tf
[INFO] [1785381676.755977141] [nav_tf_direct_relay]: healthy: published 19873 TF messages on /nav_tf
[INFO] [1785381678.755412550] [nav_tf_direct_relay]: healthy: published 19973 TF messages on /nav_tf
[INFO] [1785381680.756472720] [nav_tf_direct_relay]: healthy: published 20073 TF messages on /nav_tf
[INFO] [1785381682.756876579] [nav_tf_direct_relay]: healthy: published 20173 TF messages on /nav_tf
[INFO] [1785381684.756074028] [nav_tf_direct_relay]: healthy: published 20273 TF messages on /nav_tf
[INFO] [1785381686.754576508] [nav_tf_direct_relay]: healthy: published 20373 TF messages on /nav_tf
[INFO] [1785381688.755426335] [nav_tf_direct_relay]: healthy: published 20473 TF messages on /nav_tf
[INFO] [1785381690.754776653] [nav_tf_direct_relay]: healthy: published 20573 TF messages on /nav_tf
[INFO] [1785381692.755034331] [nav_tf_direct_relay]: healthy: published 20673 TF messages on /nav_tf
[INFO] [1785381694.756163336] [nav_tf_direct_relay]: healthy: published 20773 TF messages on /nav_tf
[INFO] [1785381696.755873475] [nav_tf_direct_relay]: healthy: published 20873 TF messages on /nav_tf
[INFO] [1785381698.756533215] [nav_tf_direct_relay]: healthy: published 20973 TF messages on /nav_tf
[INFO] [1785381700.755544033] [nav_tf_direct_relay]: healthy: published 21073 TF messages on /nav_tf
[INFO] [1785381702.755409697] [nav_tf_direct_relay]: healthy: published 21173 TF messages on /nav_tf
[INFO] [1785381704.756041148] [nav_tf_direct_relay]: healthy: published 21273 TF messages on /nav_tf
[INFO] [1785381706.755781048] [nav_tf_direct_relay]: healthy: published 21373 TF messages on /nav_tf
[INFO] [1785381708.754667958] [nav_tf_direct_relay]: healthy: published 21473 TF messages on /nav_tf
[INFO] [1785381710.755725440] [nav_tf_direct_relay]: healthy: published 21573 TF messages on /nav_tf
[INFO] [1785381712.756721064] [nav_tf_direct_relay]: healthy: published 21673 TF messages on /nav_tf
[INFO] [1785381714.755533251] [nav_tf_direct_relay]: healthy: published 21773 TF messages on /nav_tf
[INFO] [1785381716.755014358] [nav_tf_direct_relay]: healthy: published 21873 TF messages on /nav_tf
[INFO] [1785381718.755755125] [nav_tf_direct_relay]: healthy: published 21973 TF messages on /nav_tf
[INFO] [1785381720.755435599] [nav_tf_direct_relay]: healthy: published 22073 TF messages on /nav_tf
[INFO] [1785381722.755401042] [nav_tf_direct_relay]: healthy: published 22173 TF messages on /nav_tf
[INFO] [1785381724.758690475] [nav_tf_direct_relay]: healthy: published 22273 TF messages on /nav_tf
[INFO] [1785381726.755767561] [nav_tf_direct_relay]: healthy: published 22373 TF messages on /nav_tf
[INFO] [1785381728.755752718] [nav_tf_direct_relay]: healthy: published 22473 TF messages on /nav_tf
[INFO] [1785381730.755984955] [nav_tf_direct_relay]: healthy: published 22573 TF messages on /nav_tf
[INFO] [1785381732.755986368] [nav_tf_direct_relay]: healthy: published 22673 TF messages on /nav_tf
[INFO] [1785381734.756518519] [nav_tf_direct_relay]: healthy: published 22773 TF messages on /nav_tf
[INFO] [1785381736.755583099] [nav_tf_direct_relay]: healthy: published 22873 TF messages on /nav_tf
[INFO] [1785381738.755588000] [nav_tf_direct_relay]: healthy: published 22973 TF messages on /nav_tf
[INFO] [1785381740.755590566] [nav_tf_direct_relay]: healthy: published 23073 TF messages on /nav_tf
[INFO] [1785381742.755709647] [nav_tf_direct_relay]: healthy: published 23173 TF messages on /nav_tf
[INFO] [1785381744.755577967] [nav_tf_direct_relay]: healthy: published 23273 TF messages on /nav_tf
[INFO] [1785381746.756719132] [nav_tf_direct_relay]: healthy: published 23373 TF messages on /nav_tf
[INFO] [1785381748.755540952] [nav_tf_direct_relay]: healthy: published 23473 TF messages on /nav_tf
[INFO] [1785381750.754821219] [nav_tf_direct_relay]: healthy: published 23572 TF messages on /nav_tf
[INFO] [1785381752.757632331] [nav_tf_direct_relay]: healthy: published 23672 TF messages on /nav_tf
[INFO] [1785381754.754526083] [nav_tf_direct_relay]: healthy: published 23772 TF messages on /nav_tf
[INFO] [1785381756.755554668] [nav_tf_direct_relay]: healthy: published 23872 TF messages on /nav_tf
[INFO] [1785381758.755007358] [nav_tf_direct_relay]: healthy: published 23972 TF messages on /nav_tf
[INFO] [1785381760.755566230] [nav_tf_direct_relay]: healthy: published 24072 TF messages on /nav_tf
[INFO] [1785381762.755663135] [nav_tf_direct_relay]: healthy: published 24172 TF messages on /nav_tf
[INFO] [1785381764.755573344] [nav_tf_direct_relay]: healthy: published 24272 TF messages on /nav_tf
[INFO] [1785381766.755486402] [nav_tf_direct_relay]: healthy: published 24372 TF messages on /nav_tf
[INFO] [1785381768.755371875] [nav_tf_direct_relay]: healthy: published 24472 TF messages on /nav_tf
[INFO] [1785381770.755337767] [nav_tf_direct_relay]: healthy: published 24572 TF messages on /nav_tf
[INFO] [1785381772.757070889] [nav_tf_direct_relay]: healthy: published 24672 TF messages on /nav_tf
[INFO] [1785381774.756149485] [nav_tf_direct_relay]: healthy: published 24772 TF messages on /nav_tf
[INFO] [1785381776.754833092] [nav_tf_direct_relay]: healthy: published 24872 TF messages on /nav_tf
[INFO] [1785381778.755614532] [nav_tf_direct_relay]: healthy: published 24972 TF messages on /nav_tf
[INFO] [1785381780.755394274] [nav_tf_direct_relay]: healthy: published 25072 TF messages on /nav_tf
[INFO] [1785381782.755241057] [nav_tf_direct_relay]: healthy: published 25172 TF messages on /nav_tf
[INFO] [1785381784.755112354] [nav_tf_direct_relay]: healthy: published 25272 TF messages on /nav_tf
[INFO] [1785381786.755291501] [nav_tf_direct_relay]: healthy: published 25371 TF messages on /nav_tf
[INFO] [1785381788.757607715] [nav_tf_direct_relay]: healthy: published 25468 TF messages on /nav_tf
[INFO] [1785381790.754978284] [nav_tf_direct_relay]: healthy: published 25568 TF messages on /nav_tf
[INFO] [1785381792.755160791] [nav_tf_direct_relay]: healthy: published 25668 TF messages on /nav_tf
[INFO] [1785381794.755547082] [nav_tf_direct_relay]: healthy: published 25768 TF messages on /nav_tf
[INFO] [1785381796.755946941] [nav_tf_direct_relay]: healthy: published 25868 TF messages on /nav_tf
[INFO] [1785381798.754918973] [nav_tf_direct_relay]: healthy: published 25968 TF messages on /nav_tf
[INFO] [1785381800.756591357] [nav_tf_direct_relay]: healthy: published 26068 TF messages on /nav_tf
[INFO] [1785381802.754945640] [nav_tf_direct_relay]: healthy: published 26168 TF messages on /nav_tf
[INFO] [1785381804.754929389] [nav_tf_direct_relay]: healthy: published 26268 TF messages on /nav_tf
[INFO] [1785381806.756201246] [nav_tf_direct_relay]: healthy: published 26368 TF messages on /nav_tf
[INFO] [1785381808.756029725] [nav_tf_direct_relay]: healthy: published 26468 TF messages on /nav_tf
[INFO] [1785381810.755312809] [nav_tf_direct_relay]: healthy: published 26568 TF messages on /nav_tf
[INFO] [1785381812.755469139] [nav_tf_direct_relay]: healthy: published 26668 TF messages on /nav_tf
[INFO] [1785381814.755683616] [nav_tf_direct_relay]: healthy: published 26768 TF messages on /nav_tf
[INFO] [1785381816.757139672] [nav_tf_direct_relay]: healthy: published 26868 TF messages on /nav_tf
[INFO] [1785381818.755046579] [nav_tf_direct_relay]: healthy: published 26968 TF messages on /nav_tf
[INFO] [1785381820.755822068] [nav_tf_direct_relay]: healthy: published 27068 TF messages on /nav_tf
[INFO] [1785381822.754995452] [nav_tf_direct_relay]: healthy: published 27168 TF messages on /nav_tf
[INFO] [1785381824.756622394] [nav_tf_direct_relay]: healthy: published 27268 TF messages on /nav_tf
[INFO] [1785381826.755618587] [nav_tf_direct_relay]: healthy: published 27368 TF messages on /nav_tf
[INFO] [1785381828.755469019] [nav_tf_direct_relay]: healthy: published 27468 TF messages on /nav_tf
[INFO] [1785381830.755155989] [nav_tf_direct_relay]: healthy: published 27568 TF messages on /nav_tf
[INFO] [1785381832.755416835] [nav_tf_direct_relay]: healthy: published 27668 TF messages on /nav_tf
[INFO] [1785381834.756383978] [nav_tf_direct_relay]: healthy: published 27768 TF messages on /nav_tf
[INFO] [1785381836.755919679] [nav_tf_direct_relay]: healthy: published 27868 TF messages on /nav_tf
[INFO] [1785381838.755400017] [nav_tf_direct_relay]: healthy: published 27968 TF messages on /nav_tf
[INFO] [1785381840.755718274] [nav_tf_direct_relay]: healthy: published 28068 TF messages on /nav_tf
[INFO] [1785381842.754983469] [nav_tf_direct_relay]: healthy: published 28168 TF messages on /nav_tf
[INFO] [1785381844.755364671] [nav_tf_direct_relay]: healthy: published 28268 TF messages on /nav_tf
[INFO] [1785381846.755447815] [nav_tf_direct_relay]: healthy: published 28368 TF messages on /nav_tf
[INFO] [1785381848.755566864] [nav_tf_direct_relay]: healthy: published 28468 TF messages on /nav_tf
[INFO] [1785381850.755395471] [nav_tf_direct_relay]: healthy: published 28568 TF messages on /nav_tf
[INFO] [1785381852.755573786] [nav_tf_direct_relay]: healthy: published 28668 TF messages on /nav_tf
[INFO] [1785381854.755363800] [nav_tf_direct_relay]: healthy: published 28768 TF messages on /nav_tf
[INFO] [1785381856.756368064] [nav_tf_direct_relay]: healthy: published 28868 TF messages on /nav_tf
[INFO] [1785381858.755492934] [nav_tf_direct_relay]: healthy: published 28968 TF messages on /nav_tf
[INFO] [1785381860.755634512] [nav_tf_direct_relay]: healthy: published 29068 TF messages on /nav_tf
[INFO] [1785381862.755919615] [nav_tf_direct_relay]: healthy: published 29168 TF messages on /nav_tf
[INFO] [1785381864.756340659] [nav_tf_direct_relay]: healthy: published 29268 TF messages on /nav_tf
[INFO] [1785381866.755421399] [nav_tf_direct_relay]: healthy: published 29368 TF messages on /nav_tf
[INFO] [1785381868.755671813] [nav_tf_direct_relay]: healthy: published 29468 TF messages on /nav_tf
[INFO] [1785381870.755361407] [nav_tf_direct_relay]: healthy: published 29568 TF messages on /nav_tf
[INFO] [1785381872.755606893] [nav_tf_direct_relay]: healthy: published 29668 TF messages on /nav_tf
[INFO] [1785381874.755506542] [nav_tf_direct_relay]: healthy: published 29768 TF messages on /nav_tf
[INFO] [1785381876.755920258] [nav_tf_direct_relay]: healthy: published 29868 TF messages on /nav_tf
[INFO] [1785381878.754779391] [nav_tf_direct_relay]: healthy: published 29968 TF messages on /nav_tf
[INFO] [1785381880.755820872] [nav_tf_direct_relay]: healthy: published 30068 TF messages on /nav_tf
[INFO] [1785381882.755768235] [nav_tf_direct_relay]: healthy: published 30168 TF messages on /nav_tf
[INFO] [1785381884.755574921] [nav_tf_direct_relay]: healthy: published 30268 TF messages on /nav_tf
[INFO] [1785381886.755934715] [nav_tf_direct_relay]: healthy: published 30368 TF messages on /nav_tf
[INFO] [1785381888.756040292] [nav_tf_direct_relay]: healthy: published 30468 TF messages on /nav_tf
[INFO] [1785381890.755393458] [nav_tf_direct_relay]: healthy: published 30568 TF messages on /nav_tf
[INFO] [1785381892.755195600] [nav_tf_direct_relay]: healthy: published 30668 TF messages on /nav_tf
[INFO] [1785381894.755658949] [nav_tf_direct_relay]: healthy: published 30768 TF messages on /nav_tf
[INFO] [1785381896.754946577] [nav_tf_direct_relay]: healthy: published 30868 TF messages on /nav_tf
[INFO] [1785381898.755745106] [nav_tf_direct_relay]: healthy: published 30968 TF messages on /nav_tf
[INFO] [1785381900.755612242] [nav_tf_direct_relay]: healthy: published 31068 TF messages on /nav_tf
[INFO] [1785381902.755750620] [nav_tf_direct_relay]: healthy: published 31168 TF messages on /nav_tf
[INFO] [1785381904.755089482] [nav_tf_direct_relay]: healthy: published 31268 TF messages on /nav_tf
[INFO] [1785381906.755595169] [nav_tf_direct_relay]: healthy: published 31368 TF messages on /nav_tf
[INFO] [1785381908.755417663] [nav_tf_direct_relay]: healthy: published 31468 TF messages on /nav_tf
[INFO] [1785381910.755324417] [nav_tf_direct_relay]: healthy: published 31568 TF messages on /nav_tf
[INFO] [1785381912.755849368] [nav_tf_direct_relay]: healthy: published 31668 TF messages on /nav_tf
[INFO] [1785381914.755857694] [nav_tf_direct_relay]: healthy: published 31768 TF messages on /nav_tf
[INFO] [1785381916.755812321] [nav_tf_direct_relay]: healthy: published 31868 TF messages on /nav_tf
Traceback (most recent call last):
  File "/home/seeed/ros2/scripts/nav_tf_direct_relay.py", line 157, in <module>
    main()
  File "/home/seeed/ros2/scripts/nav_tf_direct_relay.py", line 147, in main
    rclpy.spin(node)
  File "/opt/ros/humble/local/lib/python3.10/dist-packages/rclpy/__init__.py", line 229, in spin
    executor.spin_once()
  File "/opt/ros/humble/local/lib/python3.10/dist-packages/rclpy/executors.py", line 808, in spin_once
    self._spin_once_impl(timeout_sec)
  File "/opt/ros/humble/local/lib/python3.10/dist-packages/rclpy/executors.py", line 805, in _spin_once_impl
    raise handler.exception()
  File "/opt/ros/humble/local/lib/python3.10/dist-packages/rclpy/task.py", line 272, in _execute_coroutine_step
    result = coro.send(None)
  File "/opt/ros/humble/local/lib/python3.10/dist-packages/rclpy/executors.py", line 488, in handler
    await call_coroutine(entity, arg)
  File "/opt/ros/humble/local/lib/python3.10/dist-packages/rclpy/executors.py", line 396, in _execute_timer
    await await_or_execute(tmr.callback)
  File "/opt/ros/humble/local/lib/python3.10/dist-packages/rclpy/executors.py", line 110, in await_or_execute
    return callback(*args)
  File "/home/seeed/ros2/scripts/nav_tf_direct_relay.py", line 131, in publish_tf
    self.pub.publish(TFMessage(transforms=[tf]))
  File "/opt/ros/humble/local/lib/python3.10/dist-packages/rclpy/publisher.py", line 70, in publish
    self.__publisher.publish(msg)
rclpy._rclpy_pybind11.RCLError: Failed to publish: publisher's context is invalid, at ./src/rcl/publisher.c:389
