[INFO] [launch]: All log files can be found below /home/seeed/.ros/log/2026-08-12-13-35-40-339668-seeed-13267
[INFO] [launch]: Default logging verbosity is set to INFO
[INFO] [fastlio_mapping-1]: process started with pid [13302]
[fastlio_mapping-1] [INFO] [1786512940.620913079] [laser_mapping]: p_pre->lidar_type 1
[fastlio_mapping-1] Multi thread started 
[fastlio_mapping-1] ~~~~/home/seeed/ros2/ws/src/slam/fast_lio/ file opened
[fastlio_mapping-1] [INFO] [1786512940.631887796] [laser_mapping]: IMU subscription queue depth: 1000
[fastlio_mapping-1] [INFO] [1786512940.640694656] [laser_mapping]: Node init finished.
[fastlio_mapping-1] [WARN] [1786512941.549926093] [laser_mapping]: No point, skip this scan!
[fastlio_mapping-1] 
[fastlio_mapping-1] [WARN] [1786512941.649822813] [laser_mapping]: No point, skip this scan!
[fastlio_mapping-1] 
[fastlio_mapping-1] [WARN] [1786512941.749855730] [laser_mapping]: No point, skip this scan!
[fastlio_mapping-1] 
[fastlio_mapping-1] [WARN] [1786512941.849827140] [laser_mapping]: No point, skip this scan!
[fastlio_mapping-1] 
[fastlio_mapping-1] IMU Initial Done
[fastlio_mapping-1] [WARN] [1786512941.950057249] [laser_mapping]: No point, skip this scan!
[fastlio_mapping-1] 
[fastlio_mapping-1] [INFO] [1786512942.055134675] [laser_mapping]: Initialize the map kdtree
[fastlio_mapping-1] Too few input point cloud!
