[INFO] [1786010911.647705171] [pcd_ndt_localizer]: Loaded map /home/seeed/ros2/maps/replay/fastlio_map_manual_002_level.pcd raw=956987 filtered=85459 leaf=0.250
[INFO] [1786010911.696592625] [pcd_ndt_localizer]: PCD NDT localization ready. map=/home/seeed/ros2/maps/replay/fastlio_map_manual_002_level.pcd points=85459 scan_accumulation_frames=1 require_initial_pose=1 reject_occupied_pose=0
[WARN] [1786010913.447320874] [pcd_ndt_localizer]: Waiting for /initialpose before running NDT localization
[WARN] [1786010915.448690470] [pcd_ndt_localizer]: Waiting for /initialpose before running NDT localization
[WARN] [1786010917.546320587] [pcd_ndt_localizer]: Waiting for /initialpose before running NDT localization
[WARN] [1786010919.547522017] [pcd_ndt_localizer]: Waiting for /initialpose before running NDT localization
[WARN] [1786010921.647651321] [pcd_ndt_localizer]: Waiting for /initialpose before running NDT localization
[WARN] [1786010923.749335365] [pcd_ndt_localizer]: Waiting for /initialpose before running NDT localization
[WARN] [1786010925.846312212] [pcd_ndt_localizer]: Waiting for /initialpose before running NDT localization
[WARN] [1786010927.847771923] [pcd_ndt_localizer]: Waiting for /initialpose before running NDT localization
[WARN] [1786010929.848129187] [pcd_ndt_localizer]: Waiting for /initialpose before running NDT localization
[WARN] [1786010931.947632503] [pcd_ndt_localizer]: Waiting for /initialpose before running NDT localization
[WARN] [1786010933.948055229] [pcd_ndt_localizer]: Waiting for /initialpose before running NDT localization
[WARN] [1786010935.948069684] [pcd_ndt_localizer]: Waiting for /initialpose before running NDT localization
[WARN] [1786010938.046787534] [pcd_ndt_localizer]: Waiting for /initialpose before running NDT localization
[WARN] [1786010939.637112330] [pcd_ndt_localizer]: Initial pose reset from /initialpose. Waiting for /cloud_registered_body and /Odometry before NDT updates.
[WARN] [1786010976.914981305] [pcd_ndt_localizer]: Initial pose bounded search: evaluated=3971 converged=3971 best_fitness=0.4280 gate=0.1500 quality=FAIL best_body=(-9.06,8.65) window_xy=+/-36.00m window_yaw=+/-180.0deg
[WARN] [1786010976.992978088] [pcd_ndt_localizer]: NDT rejected: converged=1 fitness=0.4600 points=2434
[WARN] [1786010978.085082362] [pcd_ndt_localizer]: NDT rejected: converged=1 fitness=8.4122 points=2416
[WARN] [1786010979.190123964] [pcd_ndt_localizer]: NDT rejected: converged=1 fitness=8.3036 points=2349
[WARN] [1786010980.287042190] [pcd_ndt_localizer]: NDT rejected: converged=1 fitness=8.2971 points=2425
[WARN] [1786010981.291519887] [pcd_ndt_localizer]: NDT rejected: converged=1 fitness=8.3006 points=2350
[WARN] [1786010982.388838191] [pcd_ndt_localizer]: NDT rejected: converged=1 fitness=8.4351 points=2358
[WARN] [1786010983.389520625] [pcd_ndt_localizer]: NDT rejected: converged=1 fitness=8.3919 points=2392
[WARN] [1786010984.392661318] [pcd_ndt_localizer]: NDT rejected: converged=1 fitness=8.2917 points=2357
[WARN] [1786010985.486932224] [pcd_ndt_localizer]: NDT rejected: converged=1 fitness=8.0777 points=2341
[WARN] [1786010986.487649027] [pcd_ndt_localizer]: NDT rejected: converged=1 fitness=8.2661 points=2334
[WARN] [1786010987.494365199] [pcd_ndt_localizer]: NDT rejected: converged=1 fitness=8.3762 points=2365
[WARN] [1786010988.588606312] [pcd_ndt_localizer]: NDT rejected: converged=1 fitness=8.3133 points=2360
[WARN] [1786010989.589350476] [pcd_ndt_localizer]: NDT rejected: converged=1 fitness=8.2667 points=2341
[WARN] [1786010990.688151774] [pcd_ndt_localizer]: NDT rejected: converged=1 fitness=8.2703 points=2386
[WARN] [1786010991.787694856] [pcd_ndt_localizer]: NDT rejected: converged=1 fitness=8.3665 points=2355
[WARN] [1786010992.789178085] [pcd_ndt_localizer]: NDT rejected: converged=1 fitness=8.0625 points=2377
[WARN] [1786010993.887018710] [pcd_ndt_localizer]: NDT rejected: converged=1 fitness=8.3899 points=2337
[WARN] [1786010994.890889155] [pcd_ndt_localizer]: NDT rejected: converged=1 fitness=8.3662 points=2400
[WARN] [1786010995.985351684] [pcd_ndt_localizer]: NDT rejected: converged=1 fitness=8.3347 points=2299
[WARN] [1786010996.987982407] [pcd_ndt_localizer]: NDT rejected: converged=1 fitness=8.3771 points=2391
[WARN] [1786010997.988642729] [pcd_ndt_localizer]: NDT rejected: converged=1 fitness=8.4323 points=2402
[WARN] [1786010999.087967787] [pcd_ndt_localizer]: NDT rejected: converged=1 fitness=8.4005 points=2373
[WARN] [1786011000.091432299] [pcd_ndt_localizer]: NDT rejected: converged=1 fitness=8.5511 points=2436
[WARN] [1786011001.183089453] [pcd_ndt_localizer]: NDT rejected: converged=1 fitness=8.2896 points=2317
[WARN] [1786011002.188559504] [pcd_ndt_localizer]: NDT rejected: converged=1 fitness=8.4684 points=2348
[WARN] [1786011003.193501184] [pcd_ndt_localizer]: NDT rejected: converged=1 fitness=8.3938 points=2408
[WARN] [1786011004.287774170] [pcd_ndt_localizer]: NDT rejected: converged=1 fitness=8.3849 points=2342
[WARN] [1786011005.290710312] [pcd_ndt_localizer]: NDT rejected: converged=1 fitness=8.4265 points=2366
[WARN] [1786011006.387336881] [pcd_ndt_localizer]: NDT rejected: converged=1 fitness=8.5803 points=2296
[WARN] [1786011007.485591216] [pcd_ndt_localizer]: NDT rejected: converged=1 fitness=8.3002 points=2317
[WARN] [1786011008.487584062] [pcd_ndt_localizer]: NDT rejected: converged=1 fitness=8.4275 points=2330
[WARN] [1786011009.492293543] [pcd_ndt_localizer]: NDT rejected: converged=1 fitness=8.3311 points=2351
[WARN] [1786011010.586745191] [pcd_ndt_localizer]: NDT rejected: converged=1 fitness=8.4397 points=2338
[WARN] [1786011011.588219555] [pcd_ndt_localizer]: NDT rejected: converged=1 fitness=8.3947 points=2343
[WARN] [1786011012.592273238] [pcd_ndt_localizer]: NDT rejected: converged=1 fitness=8.5439 points=2355
[WARN] [1786011013.685046974] [pcd_ndt_localizer]: NDT rejected: converged=1 fitness=8.5955 points=2313
[WARN] [1786011014.688371833] [pcd_ndt_localizer]: NDT rejected: converged=1 fitness=8.4043 points=2354
[WARN] [1786011015.791255315] [pcd_ndt_localizer]: NDT rejected: converged=1 fitness=8.3923 points=2326
[WARN] [1786011016.888481680] [pcd_ndt_localizer]: NDT rejected: converged=1 fitness=8.4749 points=2349
[WARN] [1786011017.895616649] [pcd_ndt_localizer]: NDT rejected: converged=1 fitness=8.1406 points=2307
[WARN] [1786011018.986288875] [pcd_ndt_localizer]: NDT rejected: converged=1 fitness=8.3021 points=2443
[WARN] [1786011019.986516222] [pcd_ndt_localizer]: NDT rejected: converged=1 fitness=8.2692 points=2402
[WARN] [1786011020.988989756] [pcd_ndt_localizer]: NDT rejected: converged=1 fitness=8.2501 points=2308
[WARN] [1786011022.089681709] [pcd_ndt_localizer]: NDT rejected: converged=1 fitness=8.3553 points=2409
[WARN] [1786011023.188676229] [pcd_ndt_localizer]: NDT rejected: converged=1 fitness=8.3464 points=2449
[WARN] [1786011024.282679286] [pcd_ndt_localizer]: NDT rejected: converged=1 fitness=8.5010 points=2324
[WARN] [1786011025.284464925] [pcd_ndt_localizer]: NDT rejected: converged=1 fitness=8.4514 points=2340
[WARN] [1786011026.292391697] [pcd_ndt_localizer]: NDT rejected: converged=1 fitness=8.3516 points=2375
[WARN] [1786011027.386250974] [pcd_ndt_localizer]: NDT rejected: converged=1 fitness=8.6173 points=2353
[WARN] [1786011028.390540440] [pcd_ndt_localizer]: NDT rejected: converged=1 fitness=8.3794 points=2424
[WARN] [1786011029.390809549] [pcd_ndt_localizer]: NDT rejected: converged=1 fitness=8.3176 points=2418
[WARN] [1786011030.396166667] [pcd_ndt_localizer]: NDT rejected: converged=1 fitness=8.4445 points=2405
[WARN] [1786011031.487802317] [pcd_ndt_localizer]: NDT rejected: converged=1 fitness=8.4406 points=2382
[WARN] [1786011032.489258602] [pcd_ndt_localizer]: NDT rejected: converged=1 fitness=8.2295 points=2375
[WARN] [1786011033.491289113] [pcd_ndt_localizer]: NDT rejected: converged=1 fitness=8.3739 points=2334
[WARN] [1786011034.589914628] [pcd_ndt_localizer]: NDT rejected: converged=1 fitness=8.2468 points=2404
[WARN] [1786011035.686834391] [pcd_ndt_localizer]: NDT rejected: converged=1 fitness=8.6819 points=2365
[WARN] [1786011036.688491098] [pcd_ndt_localizer]: NDT rejected: converged=1 fitness=8.4105 points=2403
[WARN] [1786011037.784522479] [pcd_ndt_localizer]: NDT rejected: converged=1 fitness=8.1401 points=2347
[WARN] [1786011038.787204340] [pcd_ndt_localizer]: NDT rejected: converged=1 fitness=8.4434 points=2366
[WARN] [1786011039.789429738] [pcd_ndt_localizer]: NDT rejected: converged=1 fitness=8.3330 points=2361
[WARN] [1786011040.884457501] [pcd_ndt_localizer]: NDT rejected: converged=1 fitness=8.2667 points=2340
[WARN] [1786011041.885918617] [pcd_ndt_localizer]: NDT rejected: converged=1 fitness=8.6388 points=2374
[WARN] [1786011042.888229586] [pcd_ndt_localizer]: NDT rejected: converged=1 fitness=8.3668 points=2384
[WARN] [1786011043.985562994] [pcd_ndt_localizer]: NDT rejected: converged=1 fitness=8.4067 points=2353
[WARN] [1786011044.988497824] [pcd_ndt_localizer]: NDT rejected: converged=1 fitness=8.6969 points=2408
[WARN] [1786011046.087916486] [pcd_ndt_localizer]: NDT rejected: converged=1 fitness=8.2490 points=2331
[WARN] [1786011047.181604940] [pcd_ndt_localizer]: NDT rejected: converged=1 fitness=8.3668 points=2391
[WARN] [1786011048.184258640] [pcd_ndt_localizer]: NDT rejected: converged=1 fitness=8.2402 points=2328
[WARN] [1786011049.281114273] [pcd_ndt_localizer]: NDT rejected: converged=1 fitness=8.5489 points=2403
[WARN] [1786011050.287540163] [pcd_ndt_localizer]: NDT rejected: converged=1 fitness=8.3065 points=2421
[WARN] [1786011051.387874152] [pcd_ndt_localizer]: NDT rejected: converged=1 fitness=8.4482 points=2346
[WARN] [1786011052.485826685] [pcd_ndt_localizer]: NDT rejected: converged=1 fitness=8.4869 points=2326
[WARN] [1786011053.592860929] [pcd_ndt_localizer]: NDT rejected: converged=1 fitness=8.5491 points=2362
[WARN] [1786011054.689356870] [pcd_ndt_localizer]: NDT rejected: converged=1 fitness=8.2640 points=2389
[WARN] [1786011055.690088746] [pcd_ndt_localizer]: NDT rejected: converged=1 fitness=8.2724 points=2349
[WARN] [1786011056.789559313] [pcd_ndt_localizer]: NDT rejected: converged=1 fitness=8.4998 points=2390
[WARN] [1786011057.888519528] [pcd_ndt_localizer]: NDT rejected: converged=1 fitness=8.4594 points=2337
[WARN] [1786011058.987559969] [pcd_ndt_localizer]: NDT rejected: converged=1 fitness=8.4454 points=2422
[WARN] [1786011059.992367661] [pcd_ndt_localizer]: NDT rejected: converged=1 fitness=8.2953 points=2395
[WARN] [1786011061.085976497] [pcd_ndt_localizer]: NDT rejected: converged=1 fitness=8.2774 points=2363
[WARN] [1786011062.087762201] [pcd_ndt_localizer]: NDT rejected: converged=1 fitness=8.3774 points=2363
[WARN] [1786011063.187168830] [pcd_ndt_localizer]: NDT rejected: converged=1 fitness=8.4116 points=2390
[WARN] [1786011064.188758175] [pcd_ndt_localizer]: NDT rejected: converged=1 fitness=8.2099 points=2349
[WARN] [1786011065.288216710] [pcd_ndt_localizer]: NDT rejected: converged=1 fitness=8.4521 points=2357
[WARN] [1786011066.385461827] [pcd_ndt_localizer]: NDT rejected: converged=1 fitness=8.2930 points=2295
[WARN] [1786011067.387895776] [pcd_ndt_localizer]: NDT rejected: converged=1 fitness=8.4981 points=2352
[WARN] [1786011068.393981175] [pcd_ndt_localizer]: NDT rejected: converged=1 fitness=8.5175 points=2416
[WARN] [1786011069.479735316] [pcd_ndt_localizer]: NDT rejected: converged=1 fitness=8.5815 points=2312
[WARN] [1786011070.483371802] [pcd_ndt_localizer]: NDT rejected: converged=1 fitness=8.4243 points=2347
[WARN] [1786011071.587656610] [pcd_ndt_localizer]: NDT rejected: converged=1 fitness=8.6017 points=2321
[WARN] [1786011072.687634843] [pcd_ndt_localizer]: NDT rejected: converged=1 fitness=8.5190 points=2416
[WARN] [1786011073.789648888] [pcd_ndt_localizer]: NDT rejected: converged=1 fitness=8.4445 points=2397
[WARN] [1786011074.885872179] [pcd_ndt_localizer]: NDT rejected: converged=1 fitness=8.1682 points=2375
[WARN] [1786011075.889841155] [pcd_ndt_localizer]: NDT rejected: converged=1 fitness=8.4439 points=2357
[WARN] [1786011076.999371099] [pcd_ndt_localizer]: NDT rejected: converged=1 fitness=8.1979 points=2354
[WARN] [1786011078.088734961] [pcd_ndt_localizer]: NDT rejected: converged=1 fitness=8.4974 points=2389
[WARN] [1786011079.189060917] [pcd_ndt_localizer]: NDT rejected: converged=1 fitness=8.3989 points=2335
[WARN] [1786011080.189322761] [pcd_ndt_localizer]: NDT rejected: converged=1 fitness=8.7189 points=2370
[WARN] [1786011081.286891186] [pcd_ndt_localizer]: NDT rejected: converged=1 fitness=8.5885 points=2299
[WARN] [1786011082.289158409] [pcd_ndt_localizer]: NDT rejected: converged=1 fitness=8.3819 points=2351
[WARN] [1786011083.385694159] [pcd_ndt_localizer]: NDT rejected: converged=1 fitness=8.3174 points=2311
[WARN] [1786011084.487901234] [pcd_ndt_localizer]: NDT rejected: converged=1 fitness=8.4842 points=2408
[WARN] [1786011085.493384757] [pcd_ndt_localizer]: NDT rejected: converged=1 fitness=8.3288 points=2337
[WARN] [1786011086.590722325] [pcd_ndt_localizer]: NDT rejected: converged=1 fitness=8.3282 points=2409
[WARN] [1786011087.591893480] [pcd_ndt_localizer]: NDT rejected: converged=1 fitness=8.4071 points=2342
[WARN] [1786011088.690112134] [pcd_ndt_localizer]: NDT rejected: converged=1 fitness=8.4399 points=2420
[WARN] [1786011089.690682180] [pcd_ndt_localizer]: NDT rejected: converged=1 fitness=8.3490 points=2421
[WARN] [1786011090.791578235] [pcd_ndt_localizer]: NDT rejected: converged=1 fitness=8.3577 points=2379
[WARN] [1786011091.888039583] [pcd_ndt_localizer]: NDT rejected: converged=1 fitness=8.2582 points=2339
[WARN] [1786011092.889717922] [pcd_ndt_localizer]: NDT rejected: converged=1 fitness=8.4387 points=2399
[WARN] [1786011093.989378992] [pcd_ndt_localizer]: NDT rejected: converged=1 fitness=8.4136 points=2385
[WARN] [1786011095.088314214] [pcd_ndt_localizer]: NDT rejected: converged=1 fitness=8.3614 points=2366
[WARN] [1786011096.187205851] [pcd_ndt_localizer]: NDT rejected: converged=1 fitness=8.6067 points=2292
[WARN] [1786011097.285359062] [pcd_ndt_localizer]: NDT rejected: converged=1 fitness=8.5822 points=2365
[WARN] [1786011098.390364919] [pcd_ndt_localizer]: NDT rejected: converged=1 fitness=8.2511 points=2414
[WARN] [1786011099.489876544] [pcd_ndt_localizer]: NDT rejected: converged=1 fitness=8.3492 points=2349
[WARN] [1786011100.585914101] [pcd_ndt_localizer]: NDT rejected: converged=1 fitness=8.4726 points=2372
[WARN] [1786011101.591107630] [pcd_ndt_localizer]: NDT rejected: converged=1 fitness=8.3398 points=2308
[WARN] [1786011102.688837372] [pcd_ndt_localizer]: NDT rejected: converged=1 fitness=8.3335 points=2342
[WARN] [1786011103.795927490] [pcd_ndt_localizer]: NDT rejected: converged=1 fitness=8.9708 points=2355
[WARN] [1786011104.887865518] [pcd_ndt_localizer]: NDT rejected: converged=1 fitness=8.3799 points=2302
[WARN] [1786011105.888570097] [pcd_ndt_localizer]: NDT rejected: converged=1 fitness=8.5556 points=2356
[WARN] [1786011106.888989291] [pcd_ndt_localizer]: NDT rejected: converged=1 fitness=8.2893 points=2390
[WARN] [1786011107.895724119] [pcd_ndt_localizer]: NDT rejected: converged=1 fitness=7.1716 points=2473
[WARN] [1786011108.992209787] [pcd_ndt_localizer]: NDT rejected: converged=1 fitness=6.6232 points=2221
[WARN] [1786011110.082296777] [pcd_ndt_localizer]: NDT rejected: converged=1 fitness=9.3177 points=2029
[WARN] [1786011111.083199731] [pcd_ndt_localizer]: NDT rejected: converged=1 fitness=9.1830 points=2031
[WARN] [1786011112.173485800] [pcd_ndt_localizer]: NDT rejected: converged=1 fitness=9.5853 points=1937
[WARN] [1786011113.176828995] [pcd_ndt_localizer]: NDT rejected: converged=1 fitness=10.0040 points=1773
[WARN] [1786011114.183084704] [pcd_ndt_localizer]: NDT rejected: converged=1 fitness=9.9778 points=1932
[WARN] [1786011115.284906902] [pcd_ndt_localizer]: NDT rejected: converged=1 fitness=9.5832 points=1877
[WARN] [1786011116.382417756] [pcd_ndt_localizer]: NDT rejected: converged=1 fitness=10.0606 points=1827
[WARN] [1786011117.476188294] [pcd_ndt_localizer]: NDT rejected: converged=1 fitness=10.3830 points=1864
[WARN] [1786011118.482081334] [pcd_ndt_localizer]: NDT rejected: converged=1 fitness=10.0871 points=1893
[WARN] [1786011119.581120879] [pcd_ndt_localizer]: NDT rejected: converged=1 fitness=9.6257 points=1874
[WARN] [1786011120.677483119] [pcd_ndt_localizer]: NDT rejected: converged=1 fitness=9.4302 points=1765
[WARN] [1786011121.773090262] [pcd_ndt_localizer]: NDT rejected: converged=1 fitness=9.6188 points=1612
[WARN] [1786011122.872017547] [pcd_ndt_localizer]: NDT rejected: converged=1 fitness=9.6681 points=1458
[WARN] [1786011123.965492811] [pcd_ndt_localizer]: NDT rejected: converged=1 fitness=9.2294 points=1328
[WARN] [1786011125.062646149] [pcd_ndt_localizer]: NDT rejected: converged=1 fitness=10.5998 points=1240
[WARN] [1786011126.069261646] [pcd_ndt_localizer]: NDT rejected: converged=1 fitness=9.7840 points=1308
[WARN] [1786011127.168196100] [pcd_ndt_localizer]: NDT rejected: converged=1 fitness=8.6860 points=1368
[WARN] [1786011128.266050069] [pcd_ndt_localizer]: NDT rejected: converged=1 fitness=9.0949 points=1303
[WARN] [1786011129.272523769] [pcd_ndt_localizer]: NDT rejected: converged=1 fitness=9.1590 points=1452
[WARN] [1786011130.368901017] [pcd_ndt_localizer]: NDT rejected: converged=1 fitness=8.9525 points=1367
[WARN] [1786011131.384248070] [pcd_ndt_localizer]: NDT rejected: converged=1 fitness=8.3844 points=1363
[WARN] [1786011132.387078352] [pcd_ndt_localizer]: NDT rejected: converged=1 fitness=8.5061 points=1575
[WARN] [1786011133.483812604] [pcd_ndt_localizer]: NDT rejected: converged=1 fitness=8.2098 points=1472
[WARN] [1786011134.498151975] [pcd_ndt_localizer]: NDT rejected: converged=1 fitness=7.6758 points=1706
[WARN] [1786011135.570831407] [pcd_ndt_localizer]: NDT rejected: converged=1 fitness=7.4028 points=1378
[WARN] [1786011136.591454028] [pcd_ndt_localizer]: NDT rejected: converged=1 fitness=5.0970 points=1718
[WARN] [1786011137.618765864] [pcd_ndt_localizer]: NDT rejected: converged=1 fitness=4.3573 points=2777
[WARN] [1786011138.717096298] [pcd_ndt_localizer]: NDT rejected: converged=1 fitness=3.7922 points=2861
[WARN] [1786011139.817396941] [pcd_ndt_localizer]: NDT rejected: converged=1 fitness=3.9630 points=2821
[WARN] [1786011140.823937491] [pcd_ndt_localizer]: NDT rejected: converged=1 fitness=4.5611 points=2811
[WARN] [1786011141.913009504] [pcd_ndt_localizer]: NDT rejected: converged=1 fitness=4.6548 points=2805
[WARN] [1786011143.015561262] [pcd_ndt_localizer]: NDT rejected: converged=1 fitness=4.2060 points=2800
[WARN] [1786011144.115831729] [pcd_ndt_localizer]: NDT rejected: converged=1 fitness=4.8112 points=2830
[WARN] [1786011145.116896192] [pcd_ndt_localizer]: NDT rejected: converged=1 fitness=4.7938 points=2760
[WARN] [1786011146.216731156] [pcd_ndt_localizer]: NDT rejected: converged=1 fitness=4.4293 points=2815
[WARN] [1786011147.316052407] [pcd_ndt_localizer]: NDT rejected: converged=1 fitness=4.6738 points=2855
[WARN] [1786011148.408589239] [pcd_ndt_localizer]: NDT rejected: converged=1 fitness=4.6131 points=2782
[WARN] [1786011149.412919667] [pcd_ndt_localizer]: NDT rejected: converged=1 fitness=4.9292 points=2792
[WARN] [1786011150.417894021] [pcd_ndt_localizer]: NDT rejected: converged=1 fitness=4.6011 points=2832
[WARN] [1786011151.515693365] [pcd_ndt_localizer]: NDT rejected: converged=1 fitness=5.0356 points=2778
[WARN] [1786011152.615723471] [pcd_ndt_localizer]: NDT rejected: converged=1 fitness=4.4371 points=2736
[WARN] [1786011153.616592376] [pcd_ndt_localizer]: NDT rejected: converged=1 fitness=4.0719 points=2673
[WARN] [1786011154.709296093] [pcd_ndt_localizer]: NDT rejected: converged=1 fitness=4.5938 points=2709
[WARN] [1786011155.816260127] [pcd_ndt_localizer]: NDT rejected: converged=1 fitness=4.0306 points=2733
[WARN] [1786011156.916291898] [pcd_ndt_localizer]: NDT rejected: converged=1 fitness=4.4105 points=2653
[WARN] [1786011158.007671379] [pcd_ndt_localizer]: NDT rejected: converged=1 fitness=4.2714 points=2701
[WARN] [1786011159.115412911] [pcd_ndt_localizer]: NDT rejected: converged=1 fitness=4.4626 points=2718
[WARN] [1786011160.116284760] [pcd_ndt_localizer]: NDT rejected: converged=1 fitness=4.4017 points=2779
[WARN] [1786011161.119231270] [pcd_ndt_localizer]: NDT rejected: converged=1 fitness=3.8658 points=2762
[WARN] [1786011162.213489983] [pcd_ndt_localizer]: NDT rejected: converged=1 fitness=4.7008 points=2664
[WARN] [1786011163.215868986] [pcd_ndt_localizer]: NDT rejected: converged=1 fitness=4.7818 points=2655
[WARN] [1786011164.315237119] [pcd_ndt_localizer]: NDT rejected: converged=1 fitness=4.0021 points=2734
[WARN] [1786011165.416380414] [pcd_ndt_localizer]: NDT rejected: converged=1 fitness=4.6144 points=2662
[WARN] [1786011166.508293930] [pcd_ndt_localizer]: NDT rejected: converged=1 fitness=4.7413 points=2715
[WARN] [1786011167.516790705] [pcd_ndt_localizer]: NDT rejected: converged=1 fitness=4.4827 points=2694
[WARN] [1786011168.620762991] [pcd_ndt_localizer]: NDT rejected: converged=1 fitness=4.5000 points=2754
[WARN] [1786011169.717993644] [pcd_ndt_localizer]: NDT rejected: converged=1 fitness=4.5512 points=2712
[WARN] [1786011170.814660342] [pcd_ndt_localizer]: NDT rejected: converged=1 fitness=4.3191 points=2730
[WARN] [1786011171.913527146] [pcd_ndt_localizer]: NDT rejected: converged=1 fitness=4.4166 points=2679
[WARN] [1786011172.919154993] [pcd_ndt_localizer]: NDT rejected: converged=1 fitness=4.5687 points=2673
[WARN] [1786011173.921817270] [pcd_ndt_localizer]: NDT rejected: converged=1 fitness=3.9819 points=2673
[WARN] [1786011174.930055445] [pcd_ndt_localizer]: NDT rejected: converged=1 fitness=4.2688 points=2673
[WARN] [1786011176.009893196] [pcd_ndt_localizer]: NDT rejected: converged=1 fitness=4.3488 points=2688
[WARN] [1786011177.110371798] [pcd_ndt_localizer]: NDT rejected: converged=1 fitness=4.0131 points=2718
[WARN] [1786011178.210120935] [pcd_ndt_localizer]: NDT rejected: converged=1 fitness=4.7355 points=2728
[WARN] [1786011179.296466712] [pcd_ndt_localizer]: NDT rejected: converged=1 fitness=4.5968 points=2676
[WARN] [1786011180.315347930] [pcd_ndt_localizer]: NDT rejected: converged=1 fitness=4.2172 points=2652
[WARN] [1786011181.316478284] [pcd_ndt_localizer]: NDT rejected: converged=1 fitness=4.3906 points=2702
[WARN] [1786011182.416191611] [pcd_ndt_localizer]: NDT rejected: converged=1 fitness=4.7699 points=2627
[WARN] [1786011183.502485931] [pcd_ndt_localizer]: NDT rejected: converged=1 fitness=4.0342 points=2683
[WARN] [1786011184.512356608] [pcd_ndt_localizer]: NDT rejected: converged=1 fitness=4.5030 points=2686
[WARN] [1786011185.513665559] [pcd_ndt_localizer]: NDT rejected: converged=1 fitness=4.4912 points=2639
[WARN] [1786011186.516681064] [pcd_ndt_localizer]: NDT rejected: converged=1 fitness=4.6907 points=2711
[WARN] [1786011187.522496214] [pcd_ndt_localizer]: NDT rejected: converged=1 fitness=4.3472 points=2699
[WARN] [1786011188.616010835] [pcd_ndt_localizer]: NDT rejected: converged=1 fitness=4.1423 points=2727
[WARN] [1786011189.621146373] [pcd_ndt_localizer]: NDT rejected: converged=1 fitness=4.2695 points=2697
[WARN] [1786011190.719340523] [pcd_ndt_localizer]: NDT rejected: converged=1 fitness=4.4298 points=2751
[WARN] [1786011191.817498608] [pcd_ndt_localizer]: NDT rejected: converged=1 fitness=4.5327 points=2693
[WARN] [1786011192.901432439] [pcd_ndt_localizer]: NDT rejected: converged=1 fitness=3.9880 points=2692
[WARN] [1786011193.915307279] [pcd_ndt_localizer]: NDT rejected: converged=1 fitness=4.1337 points=2721
[WARN] [1786011195.004314752] [pcd_ndt_localizer]: NDT rejected: converged=1 fitness=4.0350 points=2734
[WARN] [1786011196.004539597] [pcd_ndt_localizer]: NDT rejected: converged=1 fitness=4.7205 points=2644
[WARN] [1786011197.016839696] [pcd_ndt_localizer]: NDT rejected: converged=1 fitness=4.4856 points=2719
[WARN] [1786011198.114706091] [pcd_ndt_localizer]: NDT rejected: converged=1 fitness=4.5875 points=2703
[WARN] [1786011199.211575045] [pcd_ndt_localizer]: NDT rejected: converged=1 fitness=4.4407 points=2705
[WARN] [1786011200.312372002] [pcd_ndt_localizer]: NDT rejected: converged=1 fitness=4.1477 points=2681
[WARN] [1786011201.410140058] [pcd_ndt_localizer]: NDT rejected: converged=1 fitness=4.8891 points=2726
[WARN] [1786011202.514842523] [pcd_ndt_localizer]: NDT rejected: converged=1 fitness=4.5116 points=2715
[WARN] [1786011203.613048065] [pcd_ndt_localizer]: NDT rejected: converged=1 fitness=3.8760 points=2676
[WARN] [1786011204.617219603] [pcd_ndt_localizer]: NDT rejected: converged=1 fitness=4.4555 points=2675
[WARN] [1786011205.711897731] [pcd_ndt_localizer]: NDT rejected: converged=1 fitness=4.1418 points=2723
[WARN] [1786011206.801117692] [pcd_ndt_localizer]: NDT rejected: converged=1 fitness=3.9221 points=2741
[WARN] [1786011207.807518136] [pcd_ndt_localizer]: NDT rejected: converged=1 fitness=4.8517 points=2703
[WARN] [1786011208.812731117] [pcd_ndt_localizer]: NDT rejected: converged=1 fitness=4.7419 points=2705
[WARN] [1786011209.814748502] [pcd_ndt_localizer]: NDT rejected: converged=1 fitness=4.2781 points=2679
[WARN] [1786011210.912240100] [pcd_ndt_localizer]: NDT rejected: converged=1 fitness=4.5949 points=2743
[WARN] [1786011211.916119244] [pcd_ndt_localizer]: NDT rejected: converged=1 fitness=4.5877 points=2667
[WARN] [1786011212.917603235] [pcd_ndt_localizer]: NDT rejected: converged=1 fitness=4.0884 points=2701
[WARN] [1786011213.918683277] [pcd_ndt_localizer]: NDT rejected: converged=1 fitness=4.3906 points=2689
[WARN] [1786011215.016083896] [pcd_ndt_localizer]: NDT rejected: converged=1 fitness=4.3545 points=2695
[WARN] [1786011216.120721047] [pcd_ndt_localizer]: NDT rejected: converged=1 fitness=4.4793 points=2736
[WARN] [1786011217.216175361] [pcd_ndt_localizer]: NDT rejected: converged=1 fitness=4.2593 points=2736
[WARN] [1786011218.316833562] [pcd_ndt_localizer]: NDT rejected: converged=1 fitness=4.1835 points=2660
[WARN] [1786011219.318670077] [pcd_ndt_localizer]: NDT rejected: converged=1 fitness=4.3124 points=2717
[WARN] [1786011220.321827469] [pcd_ndt_localizer]: NDT rejected: converged=1 fitness=4.1909 points=2735
[WARN] [1786011221.404157406] [pcd_ndt_localizer]: NDT rejected: converged=1 fitness=3.6772 points=2669
[WARN] [1786011222.434890443] [pcd_ndt_localizer]: NDT rejected: converged=1 fitness=4.1559 points=2692
[WARN] [1786011223.516981365] [pcd_ndt_localizer]: NDT rejected: converged=1 fitness=4.3247 points=2698
[WARN] [1786011224.612076147] [pcd_ndt_localizer]: NDT rejected: converged=1 fitness=4.1158 points=2690
[WARN] [1786011225.617272135] [pcd_ndt_localizer]: NDT rejected: converged=1 fitness=3.8929 points=2686
[WARN] [1786011226.710459141] [pcd_ndt_localizer]: NDT rejected: converged=1 fitness=4.4471 points=2693
[WARN] [1786011227.716351440] [pcd_ndt_localizer]: NDT rejected: converged=1 fitness=4.2050 points=2698
[WARN] [1786011228.815868675] [pcd_ndt_localizer]: NDT rejected: converged=1 fitness=4.6024 points=2713
[WARN] [1786011229.816396890] [pcd_ndt_localizer]: NDT rejected: converged=1 fitness=4.0756 points=2745
[WARN] [1786011230.917857326] [pcd_ndt_localizer]: NDT rejected: converged=1 fitness=4.5869 points=2701
[WARN] [1786011232.015856621] [pcd_ndt_localizer]: NDT rejected: converged=1 fitness=4.5487 points=2673
[WARN] [1786011233.018163776] [pcd_ndt_localizer]: NDT rejected: converged=1 fitness=4.2883 points=2739
[WARN] [1786011234.105390806] [pcd_ndt_localizer]: NDT rejected: converged=1 fitness=3.8938 points=2664
[WARN] [1786011235.113267588] [pcd_ndt_localizer]: NDT rejected: converged=1 fitness=4.0783 points=2675
[WARN] [1786011236.206279516] [pcd_ndt_localizer]: NDT rejected: converged=1 fitness=5.0916 points=2650
[WARN] [1786011237.220578914] [pcd_ndt_localizer]: NDT rejected: converged=1 fitness=4.6098 points=2706
[WARN] [1786011238.319512577] [pcd_ndt_localizer]: NDT rejected: converged=1 fitness=4.2237 points=2732
[WARN] [1786011239.322011674] [pcd_ndt_localizer]: NDT rejected: converged=1 fitness=4.5028 points=2694
[WARN] [1786011240.434826155] [pcd_ndt_localizer]: NDT rejected: converged=1 fitness=3.9444 points=2724
[WARN] [1786011241.514724523] [pcd_ndt_localizer]: NDT rejected: converged=1 fitness=3.8979 points=2663
[WARN] [1786011242.515440553] [pcd_ndt_localizer]: NDT rejected: converged=1 fitness=3.5262 points=2686
[WARN] [1786011243.615557967] [pcd_ndt_localizer]: NDT rejected: converged=1 fitness=4.2545 points=2665
[WARN] [1786011244.621634497] [pcd_ndt_localizer]: NDT rejected: converged=1 fitness=4.3130 points=2692
[WARN] [1786011245.714138664] [pcd_ndt_localizer]: NDT rejected: converged=1 fitness=4.5323 points=2707
[WARN] [1786011246.715793861] [pcd_ndt_localizer]: NDT rejected: converged=1 fitness=3.9612 points=2702
[WARN] [1786011247.736683080] [pcd_ndt_localizer]: NDT rejected: converged=1 fitness=4.2780 points=2753
[WARN] [1786011248.807173452] [pcd_ndt_localizer]: NDT rejected: converged=1 fitness=4.4543 points=2724
[WARN] [1786011249.816051259] [pcd_ndt_localizer]: NDT rejected: converged=1 fitness=4.5426 points=2729
[WARN] [1786011250.818641368] [pcd_ndt_localizer]: NDT rejected: converged=1 fitness=4.0361 points=2769
[WARN] [1786011251.916562613] [pcd_ndt_localizer]: NDT rejected: converged=1 fitness=3.7840 points=2666
[WARN] [1786011252.917877382] [pcd_ndt_localizer]: NDT rejected: converged=1 fitness=4.4343 points=2716
[WARN] [1786011254.013229517] [pcd_ndt_localizer]: NDT rejected: converged=1 fitness=4.1463 points=2700
[WARN] [1786011255.133827171] [pcd_ndt_localizer]: NDT rejected: converged=1 fitness=4.1157 points=2717
[WARN] [1786011256.188702427] [pcd_ndt_localizer]: NDT rejected: converged=1 fitness=4.0978 points=2714
[WARN] [1786011257.216755278] [pcd_ndt_localizer]: NDT rejected: converged=1 fitness=4.6342 points=2686
[WARN] [1786011258.310499999] [pcd_ndt_localizer]: NDT rejected: converged=1 fitness=4.5261 points=2751
[WARN] [1786011259.430115540] [pcd_ndt_localizer]: NDT rejected: converged=1 fitness=4.2852 points=2668
[WARN] [1786011260.509641096] [pcd_ndt_localizer]: NDT rejected: converged=1 fitness=5.2396 points=2697
[WARN] [1786011261.514044065] [pcd_ndt_localizer]: NDT rejected: converged=1 fitness=4.5117 points=2648
[WARN] [1786011262.520525536] [pcd_ndt_localizer]: NDT rejected: converged=1 fitness=4.3753 points=2693
[WARN] [1786011263.616939562] [pcd_ndt_localizer]: NDT rejected: converged=1 fitness=4.0117 points=2711
[WARN] [1786011264.715004460] [pcd_ndt_localizer]: NDT rejected: converged=1 fitness=4.7841 points=2690
[WARN] [1786011265.717485221] [pcd_ndt_localizer]: NDT rejected: converged=1 fitness=4.5633 points=2688
[WARN] [1786011266.770137810] [pcd_ndt_localizer]: NDT rejected: converged=1 fitness=4.0345 points=2727
[WARN] [1786011267.805742627] [pcd_ndt_localizer]: NDT rejected: converged=1 fitness=4.3902 points=2691
[WARN] [1786011268.889186330] [pcd_ndt_localizer]: NDT rejected: converged=1 fitness=3.7294 points=2736
[WARN] [1786011269.913605875] [pcd_ndt_localizer]: NDT rejected: converged=1 fitness=4.4520 points=2738
[WARN] [1786011271.001636388] [pcd_ndt_localizer]: NDT rejected: converged=1 fitness=4.2061 points=2717
[WARN] [1786011272.018299865] [pcd_ndt_localizer]: NDT rejected: converged=1 fitness=4.9753 points=2727
[WARN] [1786011273.116926702] [pcd_ndt_localizer]: NDT rejected: converged=1 fitness=3.9251 points=2681
[WARN] [1786011274.215704904] [pcd_ndt_localizer]: NDT rejected: converged=1 fitness=4.5294 points=2693
[WARN] [1786011275.217707056] [pcd_ndt_localizer]: NDT rejected: converged=1 fitness=4.1761 points=2672
[WARN] [1786011276.223207022] [pcd_ndt_localizer]: NDT rejected: converged=1 fitness=4.5549 points=2706
[WARN] [1786011277.301489336] [pcd_ndt_localizer]: NDT rejected: converged=1 fitness=4.1378 points=2711
[WARN] [1786011278.319896423] [pcd_ndt_localizer]: NDT rejected: converged=1 fitness=4.5200 points=2707
[WARN] [1786011279.413173352] [pcd_ndt_localizer]: NDT rejected: converged=1 fitness=4.4318 points=2718
[WARN] [1786011280.514998056] [pcd_ndt_localizer]: NDT rejected: converged=1 fitness=4.4578 points=2723
[WARN] [1786011281.519113720] [pcd_ndt_localizer]: NDT rejected: converged=1 fitness=4.2767 points=2750
[WARN] [1786011282.595389342] [pcd_ndt_localizer]: NDT rejected: converged=1 fitness=4.6322 points=2665
[WARN] [1786011283.613122039] [pcd_ndt_localizer]: NDT rejected: converged=1 fitness=4.4325 points=2711
[WARN] [1786011284.616831001] [pcd_ndt_localizer]: NDT rejected: converged=1 fitness=4.2487 points=2682
[WARN] [1786011285.633992927] [pcd_ndt_localizer]: NDT rejected: converged=1 fitness=3.7240 points=2663
[WARN] [1786011286.717077386] [pcd_ndt_localizer]: NDT rejected: converged=1 fitness=4.4379 points=2679
[WARN] [1786011287.738916364] [pcd_ndt_localizer]: NDT rejected: converged=1 fitness=4.4873 points=2655
[WARN] [1786011288.799833103] [pcd_ndt_localizer]: NDT rejected: converged=1 fitness=4.2687 points=2741
[WARN] [1786011289.821577934] [pcd_ndt_localizer]: NDT rejected: converged=1 fitness=4.1532 points=2717
[WARN] [1786011290.918666543] [pcd_ndt_localizer]: NDT rejected: converged=1 fitness=4.3876 points=2753
[WARN] [1786011292.013106616] [pcd_ndt_localizer]: NDT rejected: converged=1 fitness=4.8550 points=2681
[WARN] [1786011293.015590320] [pcd_ndt_localizer]: NDT rejected: converged=1 fitness=4.3489 points=2717
[WARN] [1786011294.110886517] [pcd_ndt_localizer]: NDT rejected: converged=1 fitness=4.0227 points=2678
[WARN] [1786011295.111858939] [pcd_ndt_localizer]: NDT rejected: converged=1 fitness=4.2053 points=2656
[WARN] [1786011296.214028871] [pcd_ndt_localizer]: NDT rejected: converged=1 fitness=4.4364 points=2670
[WARN] [1786011297.296455100] [pcd_ndt_localizer]: NDT rejected: converged=1 fitness=4.4523 points=2727
[WARN] [1786011298.313112304] [pcd_ndt_localizer]: NDT rejected: converged=1 fitness=4.2432 points=2707
[WARN] [1786011299.314552390] [pcd_ndt_localizer]: NDT rejected: converged=1 fitness=4.0063 points=2682
[WARN] [1786011300.409061841] [pcd_ndt_localizer]: NDT rejected: converged=1 fitness=4.2317 points=2722
[WARN] [1786011301.409940116] [pcd_ndt_localizer]: NDT rejected: converged=1 fitness=3.9682 points=2677
[WARN] [1786011302.502850792] [pcd_ndt_localizer]: NDT rejected: converged=1 fitness=4.2023 points=2694
[WARN] [1786011303.503912209] [pcd_ndt_localizer]: NDT rejected: converged=1 fitness=4.2193 points=2677
[WARN] [1786011304.512280208] [pcd_ndt_localizer]: NDT rejected: converged=1 fitness=4.5758 points=2663
[WARN] [1786011305.513339545] [pcd_ndt_localizer]: NDT rejected: converged=1 fitness=4.0509 points=2679
[WARN] [1786011306.517289411] [pcd_ndt_localizer]: NDT rejected: converged=1 fitness=4.3144 points=2697
[WARN] [1786011307.618322952] [pcd_ndt_localizer]: NDT rejected: converged=1 fitness=4.1679 points=2753
[WARN] [1786011308.717213126] [pcd_ndt_localizer]: NDT rejected: converged=1 fitness=4.4683 points=2750
[WARN] [1786011309.837816060] [pcd_ndt_localizer]: NDT rejected: converged=1 fitness=4.1420 points=2714
[WARN] [1786011310.915896895] [pcd_ndt_localizer]: NDT rejected: converged=1 fitness=4.4264 points=2679
[WARN] [1786011312.017200558] [pcd_ndt_localizer]: NDT rejected: converged=1 fitness=3.9547 points=2684
[WARN] [1786011313.107790293] [pcd_ndt_localizer]: NDT rejected: converged=1 fitness=4.4786 points=2716
[WARN] [1786011314.117287353] [pcd_ndt_localizer]: NDT rejected: converged=1 fitness=4.5090 points=2707
[WARN] [1786011315.218104407] [pcd_ndt_localizer]: NDT rejected: converged=1 fitness=4.1675 points=2700
[WARN] [1786011316.310821253] [pcd_ndt_localizer]: NDT rejected: converged=1 fitness=3.9745 points=2694
[WARN] [1786011317.398064124] [pcd_ndt_localizer]: NDT rejected: converged=1 fitness=4.3826 points=2705
[WARN] [1786011318.416293669] [pcd_ndt_localizer]: NDT rejected: converged=1 fitness=4.4163 points=2714
[WARN] [1786011319.423948524] [pcd_ndt_localizer]: NDT rejected: converged=1 fitness=4.4112 points=2703
[WARN] [1786011320.521938411] [pcd_ndt_localizer]: NDT rejected: converged=1 fitness=4.8504 points=2689
[WARN] [1786011321.618541340] [pcd_ndt_localizer]: NDT rejected: converged=1 fitness=4.4833 points=2728
[WARN] [1786011322.712331118] [pcd_ndt_localizer]: NDT rejected: converged=1 fitness=4.0196 points=2699
[WARN] [1786011323.813454615] [pcd_ndt_localizer]: NDT rejected: converged=1 fitness=4.1405 points=2685
[WARN] [1786011324.817418721] [pcd_ndt_localizer]: NDT rejected: converged=1 fitness=4.5675 points=2665
[WARN] [1786011325.911391450] [pcd_ndt_localizer]: NDT rejected: converged=1 fitness=3.9970 points=2670
[WARN] [1786011326.917827159] [pcd_ndt_localizer]: NDT rejected: converged=1 fitness=3.8988 points=2669
[WARN] [1786011328.022026983] [pcd_ndt_localizer]: NDT rejected: converged=1 fitness=4.2529 points=2758
[WARN] [1786011329.119404274] [pcd_ndt_localizer]: NDT rejected: converged=1 fitness=4.5177 points=2728
[WARN] [1786011330.211203009] [pcd_ndt_localizer]: NDT rejected: converged=1 fitness=4.3018 points=2699
[WARN] [1786011331.214297102] [pcd_ndt_localizer]: NDT rejected: converged=1 fitness=4.4182 points=2673
[WARN] [1786011332.313657244] [pcd_ndt_localizer]: NDT rejected: converged=1 fitness=4.6309 points=2680
[WARN] [1786011333.314262006] [pcd_ndt_localizer]: NDT rejected: converged=1 fitness=4.6076 points=2675
[WARN] [1786011334.315829712] [pcd_ndt_localizer]: NDT rejected: converged=1 fitness=4.1534 points=2686
[WARN] [1786011335.413452835] [pcd_ndt_localizer]: NDT rejected: converged=1 fitness=4.6798 points=2662
[WARN] [1786011336.415339879] [pcd_ndt_localizer]: NDT rejected: converged=1 fitness=4.7606 points=2709
[WARN] [1786011337.513873689] [pcd_ndt_localizer]: NDT rejected: converged=1 fitness=4.9927 points=2673
[WARN] [1786011338.516801569] [pcd_ndt_localizer]: NDT rejected: converged=1 fitness=4.4362 points=2702
[WARN] [1786011339.615207662] [pcd_ndt_localizer]: NDT rejected: converged=1 fitness=4.9563 points=2745
[WARN] [1786011340.712726557] [pcd_ndt_localizer]: NDT rejected: converged=1 fitness=3.8502 points=2687
[WARN] [1786011341.713795623] [pcd_ndt_localizer]: NDT rejected: converged=1 fitness=4.5641 points=2760
[WARN] [1786011342.812907308] [pcd_ndt_localizer]: NDT rejected: converged=1 fitness=3.9573 points=2707
[WARN] [1786011343.813655178] [pcd_ndt_localizer]: NDT rejected: converged=1 fitness=4.3181 points=2713
[WARN] [1786011344.817781402] [pcd_ndt_localizer]: NDT rejected: converged=1 fitness=4.2805 points=2699
[WARN] [1786011345.915870397] [pcd_ndt_localizer]: NDT rejected: converged=1 fitness=4.2484 points=2731
[WARN] [1786011347.012979679] [pcd_ndt_localizer]: NDT rejected: converged=1 fitness=4.0191 points=2678
[WARN] [1786011348.114351567] [pcd_ndt_localizer]: NDT rejected: converged=1 fitness=4.4294 points=2705
[WARN] [1786011349.212236331] [pcd_ndt_localizer]: NDT rejected: converged=1 fitness=4.2566 points=2749
[WARN] [1786011350.214946060] [pcd_ndt_localizer]: NDT rejected: converged=1 fitness=4.3870 points=2711
[WARN] [1786011351.315781418] [pcd_ndt_localizer]: NDT rejected: converged=1 fitness=4.0318 points=2712
[WARN] [1786011352.411014893] [pcd_ndt_localizer]: NDT rejected: converged=1 fitness=4.8186 points=2636
[WARN] [1786011353.501303786] [pcd_ndt_localizer]: NDT rejected: converged=1 fitness=4.3378 points=2694
[WARN] [1786011354.519619542] [pcd_ndt_localizer]: NDT rejected: converged=1 fitness=4.1728 points=2687
[WARN] [1786011355.612078492] [pcd_ndt_localizer]: NDT rejected: converged=1 fitness=5.1072 points=2698
[WARN] [1786011356.612830011] [pcd_ndt_localizer]: NDT rejected: converged=1 fitness=4.0435 points=2704
[WARN] [1786011357.620873678] [pcd_ndt_localizer]: NDT rejected: converged=1 fitness=4.3963 points=2745
[WARN] [1786011358.715067854] [pcd_ndt_localizer]: NDT rejected: converged=1 fitness=4.4673 points=2709
[WARN] [1786011359.719028472] [pcd_ndt_localizer]: NDT rejected: converged=1 fitness=3.9481 points=2681
[WARN] [1786011360.817221151] [pcd_ndt_localizer]: NDT rejected: converged=1 fitness=4.3352 points=2725
[WARN] [1786011361.819796666] [pcd_ndt_localizer]: NDT rejected: converged=1 fitness=3.9510 points=2734
[WARN] [1786011362.934746323] [pcd_ndt_localizer]: NDT rejected: converged=1 fitness=3.7270 points=2699
[WARN] [1786011364.018134632] [pcd_ndt_localizer]: NDT rejected: converged=1 fitness=4.6162 points=2714
[WARN] [1786011365.111064446] [pcd_ndt_localizer]: NDT rejected: converged=1 fitness=3.9313 points=2736
[WARN] [1786011366.211336938] [pcd_ndt_localizer]: NDT rejected: converged=1 fitness=4.2543 points=2737
[WARN] [1786011367.216796934] [pcd_ndt_localizer]: NDT rejected: converged=1 fitness=4.1674 points=2713
[WARN] [1786011368.304585999] [pcd_ndt_localizer]: NDT rejected: converged=1 fitness=4.4901 points=2747
[WARN] [1786011369.314163926] [pcd_ndt_localizer]: NDT rejected: converged=1 fitness=4.2929 points=2729
[WARN] [1786011370.405161547] [pcd_ndt_localizer]: NDT rejected: converged=1 fitness=3.9992 points=2685
[WARN] [1786011371.414817268] [pcd_ndt_localizer]: NDT rejected: converged=1 fitness=4.2811 points=2649
[WARN] [1786011372.511529961] [pcd_ndt_localizer]: NDT rejected: converged=1 fitness=4.8854 points=2644
[WARN] [1786011373.517588026] [pcd_ndt_localizer]: NDT rejected: converged=1 fitness=4.0574 points=2655
[WARN] [1786011374.610041503] [pcd_ndt_localizer]: NDT rejected: converged=1 fitness=3.9924 points=2677
[WARN] [1786011375.611364529] [pcd_ndt_localizer]: NDT rejected: converged=1 fitness=4.2426 points=2684
[WARN] [1786011376.615275770] [pcd_ndt_localizer]: NDT rejected: converged=1 fitness=4.6911 points=2699
[WARN] [1786011377.714699465] [pcd_ndt_localizer]: NDT rejected: converged=1 fitness=4.3319 points=2719
[WARN] [1786011378.715312355] [pcd_ndt_localizer]: NDT rejected: converged=1 fitness=4.0987 points=2757
[WARN] [1786011379.720659292] [pcd_ndt_localizer]: NDT rejected: converged=1 fitness=4.4473 points=2734
[WARN] [1786011380.820107564] [pcd_ndt_localizer]: NDT rejected: converged=1 fitness=4.9476 points=2686
[WARN] [1786011381.915752061] [pcd_ndt_localizer]: NDT rejected: converged=1 fitness=4.4011 points=2679
[WARN] [1786011383.015601339] [pcd_ndt_localizer]: NDT rejected: converged=1 fitness=3.9622 points=2683
[WARN] [1786011384.018892879] [pcd_ndt_localizer]: NDT rejected: converged=1 fitness=4.2678 points=2717
[WARN] [1786011385.115991536] [pcd_ndt_localizer]: NDT rejected: converged=1 fitness=4.3122 points=2758
[WARN] [1786011386.117170557] [pcd_ndt_localizer]: NDT rejected: converged=1 fitness=5.1600 points=2702
[WARN] [1786011387.217613391] [pcd_ndt_localizer]: NDT rejected: converged=1 fitness=4.1106 points=2744
[WARN] [1786011388.317117921] [pcd_ndt_localizer]: NDT rejected: converged=1 fitness=4.4849 points=2687
[WARN] [1786011389.319300751] [pcd_ndt_localizer]: NDT rejected: converged=1 fitness=3.7896 points=2750
[WARN] [1786011390.399803780] [pcd_ndt_localizer]: NDT rejected: converged=1 fitness=4.3807 points=2706
[WARN] [1786011391.405170685] [pcd_ndt_localizer]: NDT rejected: converged=1 fitness=4.1395 points=2673
[WARN] [1786011392.415265942] [pcd_ndt_localizer]: NDT rejected: converged=1 fitness=3.8487 points=2675
[WARN] [1786011393.508937156] [pcd_ndt_localizer]: NDT rejected: converged=1 fitness=4.9266 points=2670
[WARN] [1786011394.518903768] [pcd_ndt_localizer]: NDT rejected: converged=1 fitness=4.1199 points=2684
[WARN] [1786011395.615699983] [pcd_ndt_localizer]: NDT rejected: converged=1 fitness=4.0034 points=2676
[WARN] [1786011396.719159686] [pcd_ndt_localizer]: NDT rejected: converged=1 fitness=3.8693 points=2725
[WARN] [1786011397.813251171] [pcd_ndt_localizer]: NDT rejected: converged=1 fitness=5.0606 points=2712
[WARN] [1786011398.893359914] [pcd_ndt_localizer]: NDT rejected: converged=1 fitness=4.4943 points=2686
[WARN] [1786011399.906937559] [pcd_ndt_localizer]: NDT rejected: converged=1 fitness=4.5250 points=2681
[WARN] [1786011400.912335634] [pcd_ndt_localizer]: NDT rejected: converged=1 fitness=4.5356 points=2689
[WARN] [1786011402.013696706] [pcd_ndt_localizer]: NDT rejected: converged=1 fitness=4.8536 points=2673
[WARN] [1786011403.013716584] [pcd_ndt_localizer]: NDT rejected: converged=1 fitness=4.7729 points=2678
[WARN] [1786011404.092005266] [pcd_ndt_localizer]: NDT rejected: converged=1 fitness=4.0563 points=2679
[WARN] [1786011405.186076014] [pcd_ndt_localizer]: NDT rejected: converged=1 fitness=4.5932 points=2673
[WARN] [1786011406.217066116] [pcd_ndt_localizer]: NDT rejected: converged=1 fitness=4.4469 points=2694
[WARN] [1786011407.307000052] [pcd_ndt_localizer]: NDT rejected: converged=1 fitness=4.1952 points=2733
[WARN] [1786011408.321759305] [pcd_ndt_localizer]: NDT rejected: converged=1 fitness=4.4355 points=2757
[WARN] [1786011409.415666656] [pcd_ndt_localizer]: NDT rejected: converged=1 fitness=4.3185 points=2699
[WARN] [1786011410.416311195] [pcd_ndt_localizer]: NDT rejected: converged=1 fitness=4.7609 points=2720
[WARN] [1786011411.499712976] [pcd_ndt_localizer]: NDT rejected: converged=1 fitness=4.0643 points=2670
[WARN] [1786011412.523720636] [pcd_ndt_localizer]: NDT rejected: converged=1 fitness=3.6567 points=2699
[WARN] [1786011413.591944436] [pcd_ndt_localizer]: NDT rejected: converged=1 fitness=4.1095 points=2681
[WARN] [1786011414.614462029] [pcd_ndt_localizer]: NDT rejected: converged=1 fitness=4.7288 points=2695
[WARN] [1786011415.614966979] [pcd_ndt_localizer]: NDT rejected: converged=1 fitness=4.3305 points=2656
[WARN] [1786011416.616805671] [pcd_ndt_localizer]: NDT rejected: converged=1 fitness=4.8443 points=2677
[WARN] [1786011417.712729313] [pcd_ndt_localizer]: NDT rejected: converged=1 fitness=4.4707 points=2725
[WARN] [1786011418.712913804] [pcd_ndt_localizer]: NDT rejected: converged=1 fitness=4.7311 points=2725
[WARN] [1786011419.715107899] [pcd_ndt_localizer]: NDT rejected: converged=1 fitness=4.9818 points=2720
[WARN] [1786011420.715822393] [pcd_ndt_localizer]: NDT rejected: converged=1 fitness=4.0083 points=2715
[WARN] [1786011421.717251950] [pcd_ndt_localizer]: NDT rejected: converged=1 fitness=4.7187 points=2721
[WARN] [1786011422.814024773] [pcd_ndt_localizer]: NDT rejected: converged=1 fitness=4.4665 points=2629
[WARN] [1786011423.815990796] [pcd_ndt_localizer]: NDT rejected: converged=1 fitness=4.2114 points=2669
[WARN] [1786011424.822130176] [pcd_ndt_localizer]: NDT rejected: converged=1 fitness=4.0332 points=2731
[WARN] [1786011425.911159666] [pcd_ndt_localizer]: NDT rejected: converged=1 fitness=4.1549 points=2712
[WARN] [1786011426.918662291] [pcd_ndt_localizer]: NDT rejected: converged=1 fitness=4.5510 points=2741
[WARN] [1786011428.020120103] [pcd_ndt_localizer]: NDT rejected: converged=1 fitness=4.1268 points=2695
[WARN] [1786011429.121995657] [pcd_ndt_localizer]: NDT rejected: converged=1 fitness=4.2143 points=2732
[WARN] [1786011430.215923712] [pcd_ndt_localizer]: NDT rejected: converged=1 fitness=3.6610 points=2683
[WARN] [1786011431.217476281] [pcd_ndt_localizer]: NDT rejected: converged=1 fitness=4.4852 points=2726
[WARN] [1786011432.219970515] [pcd_ndt_localizer]: NDT rejected: converged=1 fitness=4.2657 points=2695
[WARN] [1786011433.319434915] [pcd_ndt_localizer]: NDT rejected: converged=1 fitness=4.4526 points=2698
[WARN] [1786011434.414673606] [pcd_ndt_localizer]: NDT rejected: converged=1 fitness=4.3192 points=2664
[WARN] [1786011435.512100691] [pcd_ndt_localizer]: NDT rejected: converged=1 fitness=4.3174 points=2673
[WARN] [1786011436.617289956] [pcd_ndt_localizer]: NDT rejected: converged=1 fitness=4.1154 points=2763
[WARN] [1786011437.620389393] [pcd_ndt_localizer]: NDT rejected: converged=1 fitness=4.4690 points=2709
[WARN] [1786011438.635990627] [pcd_ndt_localizer]: NDT rejected: converged=1 fitness=4.0970 points=2676
[WARN] [1786011439.721006606] [pcd_ndt_localizer]: NDT rejected: converged=1 fitness=4.2983 points=2719
[WARN] [1786011440.814894244] [pcd_ndt_localizer]: NDT rejected: converged=1 fitness=4.6454 points=2692
[WARN] [1786011441.905468266] [pcd_ndt_localizer]: NDT rejected: converged=1 fitness=4.1412 points=2659
[WARN] [1786011442.915715976] [pcd_ndt_localizer]: NDT rejected: converged=1 fitness=4.3435 points=2663
[WARN] [1786011443.916099770] [pcd_ndt_localizer]: NDT rejected: converged=1 fitness=4.1349 points=2657
[WARN] [1786011444.916943164] [pcd_ndt_localizer]: NDT rejected: converged=1 fitness=4.1389 points=2721
[WARN] [1786011446.015344371] [pcd_ndt_localizer]: NDT rejected: converged=1 fitness=4.2369 points=2685
[WARN] [1786011447.036675292] [pcd_ndt_localizer]: NDT rejected: converged=1 fitness=4.2049 points=2723
[WARN] [1786011448.118697781] [pcd_ndt_localizer]: NDT rejected: converged=1 fitness=4.5432 points=2708
[WARN] [1786011449.208121830] [pcd_ndt_localizer]: NDT rejected: converged=1 fitness=4.1916 points=2733
[WARN] [1786011450.208939359] [pcd_ndt_localizer]: NDT rejected: converged=1 fitness=4.5639 points=2746
[WARN] [1786011451.218677059] [pcd_ndt_localizer]: NDT rejected: converged=1 fitness=4.4389 points=2668
[WARN] [1786011452.221903980] [pcd_ndt_localizer]: NDT rejected: converged=1 fitness=4.3954 points=2708
[WARN] [1786011453.232427498] [pcd_ndt_localizer]: NDT rejected: converged=1 fitness=4.8602 points=2716
[WARN] [1786011454.316610700] [pcd_ndt_localizer]: NDT rejected: converged=1 fitness=4.6447 points=2701
[WARN] [1786011455.397655141] [pcd_ndt_localizer]: NDT rejected: converged=1 fitness=4.3224 points=2663
[WARN] [1786011456.415086186] [pcd_ndt_localizer]: NDT rejected: converged=1 fitness=4.1930 points=2736
[WARN] [1786011457.516567119] [pcd_ndt_localizer]: NDT rejected: converged=1 fitness=4.4269 points=2688
[WARN] [1786011458.612343125] [pcd_ndt_localizer]: NDT rejected: converged=1 fitness=4.7270 points=2733
[WARN] [1786011459.615737348] [pcd_ndt_localizer]: NDT rejected: converged=1 fitness=4.2756 points=2688
[WARN] [1786011460.694359116] [pcd_ndt_localizer]: NDT rejected: converged=1 fitness=4.5073 points=2690
[WARN] [1786011461.709421282] [pcd_ndt_localizer]: NDT rejected: converged=1 fitness=4.6842 points=2730
[WARN] [1786011462.713225631] [pcd_ndt_localizer]: NDT rejected: converged=1 fitness=4.1603 points=2671
[WARN] [1786011463.716736146] [pcd_ndt_localizer]: NDT rejected: converged=1 fitness=4.5508 points=2680
[WARN] [1786011464.818444959] [pcd_ndt_localizer]: NDT rejected: converged=1 fitness=4.0818 points=2701
[WARN] [1786011465.921264017] [pcd_ndt_localizer]: NDT rejected: converged=1 fitness=4.4416 points=2675
[WARN] [1786011467.012102929] [pcd_ndt_localizer]: NDT rejected: converged=1 fitness=3.7849 points=2696
[WARN] [1786011468.015010832] [pcd_ndt_localizer]: NDT rejected: converged=1 fitness=4.1767 points=2750
[WARN] [1786011469.019310750] [pcd_ndt_localizer]: NDT rejected: converged=1 fitness=3.9155 points=2766
[WARN] [1786011470.116123495] [pcd_ndt_localizer]: NDT rejected: converged=1 fitness=4.1449 points=2702
[WARN] [1786011471.209191602] [pcd_ndt_localizer]: NDT rejected: converged=1 fitness=4.6202 points=2704
[WARN] [1786011472.313724701] [pcd_ndt_localizer]: NDT rejected: converged=1 fitness=4.4309 points=2699
[WARN] [1786011473.414826294] [pcd_ndt_localizer]: NDT rejected: converged=1 fitness=4.1132 points=2700
[WARN] [1786011474.415997339] [pcd_ndt_localizer]: NDT rejected: converged=1 fitness=4.0131 points=2706
[WARN] [1786011475.440463340] [pcd_ndt_localizer]: NDT rejected: converged=1 fitness=4.4594 points=2715
[WARN] [1786011476.516231668] [pcd_ndt_localizer]: NDT rejected: converged=1 fitness=3.9938 points=2694
[WARN] [1786011477.516950921] [pcd_ndt_localizer]: NDT rejected: converged=1 fitness=4.0326 points=2691
[WARN] [1786011478.615044061] [pcd_ndt_localizer]: NDT rejected: converged=1 fitness=4.5155 points=2745
[WARN] [1786011479.707523861] [pcd_ndt_localizer]: NDT rejected: converged=1 fitness=4.3460 points=2724
[WARN] [1786011480.716065840] [pcd_ndt_localizer]: NDT rejected: converged=1 fitness=4.2081 points=2702
[WARN] [1786011481.719367612] [pcd_ndt_localizer]: NDT rejected: converged=1 fitness=4.6971 points=2689
[WARN] [1786011482.815387819] [pcd_ndt_localizer]: NDT rejected: converged=1 fitness=4.6462 points=2644
[WARN] [1786011483.901321607] [pcd_ndt_localizer]: NDT rejected: converged=1 fitness=4.4121 points=2704
[WARN] [1786011484.916625157] [pcd_ndt_localizer]: NDT rejected: converged=1 fitness=4.2564 points=2675
[WARN] [1786011486.016384465] [pcd_ndt_localizer]: NDT rejected: converged=1 fitness=4.1149 points=2702
[WARN] [1786011487.118185152] [pcd_ndt_localizer]: NDT rejected: converged=1 fitness=4.4605 points=2747
[WARN] [1786011488.217897098] [pcd_ndt_localizer]: NDT rejected: converged=1 fitness=4.2763 points=2692
[WARN] [1786011489.317313930] [pcd_ndt_localizer]: NDT rejected: converged=1 fitness=4.3560 points=2750
[WARN] [1786011490.415002161] [pcd_ndt_localizer]: NDT rejected: converged=1 fitness=4.3410 points=2679
[WARN] [1786011491.515512373] [pcd_ndt_localizer]: NDT rejected: converged=1 fitness=4.6216 points=2657
[WARN] [1786011492.612222011] [pcd_ndt_localizer]: NDT rejected: converged=1 fitness=4.3021 points=2726
[WARN] [1786011493.616234047] [pcd_ndt_localizer]: NDT rejected: converged=1 fitness=3.9537 points=2715
[WARN] [1786011494.616674411] [pcd_ndt_localizer]: NDT rejected: converged=1 fitness=4.1728 points=2697
[WARN] [1786011495.720514559] [pcd_ndt_localizer]: NDT rejected: converged=1 fitness=4.8549 points=2699
[WARN] [1786011496.818646932] [pcd_ndt_localizer]: NDT rejected: converged=1 fitness=4.2154 points=2731
[WARN] [1786011497.919568135] [pcd_ndt_localizer]: NDT rejected: converged=1 fitness=4.0357 points=2727
[WARN] [1786011499.005565413] [pcd_ndt_localizer]: NDT rejected: converged=1 fitness=4.0459 points=2730
[WARN] [1786011500.016059554] [pcd_ndt_localizer]: NDT rejected: converged=1 fitness=3.9607 points=2747
[WARN] [1786011501.118019543] [pcd_ndt_localizer]: NDT rejected: converged=1 fitness=4.1682 points=2744
[WARN] [1786011502.215506647] [pcd_ndt_localizer]: NDT rejected: converged=1 fitness=4.4738 points=2719
[WARN] [1786011503.217750783] [pcd_ndt_localizer]: NDT rejected: converged=1 fitness=4.2585 points=2700
[WARN] [1786011504.308854473] [pcd_ndt_localizer]: NDT rejected: converged=1 fitness=4.7753 points=2676
[WARN] [1786011505.315195323] [pcd_ndt_localizer]: NDT rejected: converged=1 fitness=4.0750 points=2741
[WARN] [1786011506.413754462] [pcd_ndt_localizer]: NDT rejected: converged=1 fitness=4.4694 points=2687
[WARN] [1786011507.414336847] [pcd_ndt_localizer]: NDT rejected: converged=1 fitness=4.4147 points=2716
[WARN] [1786011508.415986276] [pcd_ndt_localizer]: NDT rejected: converged=1 fitness=4.9323 points=2731
[WARN] [1786011509.480187208] [pcd_ndt_localizer]: NDT rejected: converged=1 fitness=4.5281 points=2703
[INFO] [1786011510.218217373] [rclcpp]: signal_handler(SIGINT/SIGTERM)
