[INFO] [launch]: All log files can be found below /home/seeed/.ros/log/2026-07-02-12-46-40-468143-seeed-13174
[INFO] [launch]: Default logging verbosity is set to INFO
[INFO] [pcd_ndt_localizer-1]: process started with pid [13209]
[pcd_ndt_localizer-1] [INFO] [1782967600.782593289] [pcd_ndt_localizer]: Loaded map /home/seeed/ros2/maps/replay/fastlio_map_from_raw_livox_20260702_113834.pcd raw=326503 filtered=12961 leaf=0.250
[pcd_ndt_localizer-1] [INFO] [1782967600.803619119] [pcd_ndt_localizer]: PCD NDT localization ready. map=/home/seeed/ros2/maps/replay/fastlio_map_from_raw_livox_20260702_113834.pcd points=12961
[pcd_ndt_localizer-1] [WARN] [1782967602.698017083] [pcd_ndt_localizer]: NDT rejected: converged=1 fitness=2.4118 points=2390
[pcd_ndt_localizer-1] [WARN] [1782967603.708822789] [pcd_ndt_localizer]: NDT rejected: converged=1 fitness=2.4529 points=2314
[pcd_ndt_localizer-1] [WARN] [1782967604.802642151] [pcd_ndt_localizer]: NDT rejected: converged=1 fitness=2.2925 points=2323
[pcd_ndt_localizer-1] [WARN] [1782967605.805798554] [pcd_ndt_localizer]: NDT rejected: converged=1 fitness=2.3040 points=2321
[pcd_ndt_localizer-1] [WARN] [1782967606.809798441] [pcd_ndt_localizer]: NDT rejected: converged=1 fitness=2.4578 points=2285
[pcd_ndt_localizer-1] [WARN] [1782967607.907775505] [pcd_ndt_localizer]: NDT rejected: converged=1 fitness=2.4430 points=2312
[pcd_ndt_localizer-1] [WARN] [1782967609.002382667] [pcd_ndt_localizer]: NDT rejected: converged=1 fitness=2.6810 points=2355
[pcd_ndt_localizer-1] [WARN] [1782967610.006448348] [pcd_ndt_localizer]: NDT rejected: converged=1 fitness=2.3166 points=2371
[pcd_ndt_localizer-1] [WARN] [1782967611.102416611] [pcd_ndt_localizer]: NDT rejected: converged=1 fitness=2.4411 points=2332
[pcd_ndt_localizer-1] [WARN] [1782967612.114024807] [pcd_ndt_localizer]: NDT rejected: converged=1 fitness=2.3268 points=2376
[pcd_ndt_localizer-1] [WARN] [1782967613.209531295] [pcd_ndt_localizer]: NDT rejected: converged=1 fitness=2.3683 points=2233
[pcd_ndt_localizer-1] [WARN] [1782967614.306202940] [pcd_ndt_localizer]: NDT rejected: converged=1 fitness=2.4521 points=2305
[pcd_ndt_localizer-1] [WARN] [1782967615.409060897] [pcd_ndt_localizer]: NDT rejected: converged=1 fitness=2.3476 points=2356
[pcd_ndt_localizer-1] [WARN] [1782967616.411595809] [pcd_ndt_localizer]: NDT rejected: converged=1 fitness=2.2163 points=2363
[pcd_ndt_localizer-1] [WARN] [1782967617.507572680] [pcd_ndt_localizer]: NDT rejected: converged=1 fitness=2.4374 points=2312
[pcd_ndt_localizer-1] [WARN] [1782967618.605060832] [pcd_ndt_localizer]: NDT rejected: converged=1 fitness=2.3414 points=2291
[pcd_ndt_localizer-1] [WARN] [1782967619.609839560] [pcd_ndt_localizer]: NDT rejected: converged=1 fitness=2.5526 points=2323
[pcd_ndt_localizer-1] [WARN] [1782967620.701630343] [pcd_ndt_localizer]: NDT rejected: converged=1 fitness=2.4219 points=2277
[pcd_ndt_localizer-1] [WARN] [1782967621.707795612] [pcd_ndt_localizer]: NDT rejected: converged=1 fitness=2.5329 points=2267
[pcd_ndt_localizer-1] [WARN] [1782967622.800954440] [pcd_ndt_localizer]: NDT rejected: converged=1 fitness=2.2142 points=2365
[pcd_ndt_localizer-1] [WARN] [1782967623.803181726] [pcd_ndt_localizer]: NDT rejected: converged=1 fitness=2.4656 points=2336
[pcd_ndt_localizer-1] [WARN] [1782967624.809428757] [pcd_ndt_localizer]: NDT rejected: converged=1 fitness=2.5793 points=2270
[pcd_ndt_localizer-1] [WARN] [1782967625.809947572] [pcd_ndt_localizer]: NDT rejected: converged=1 fitness=2.3537 points=2343
[pcd_ndt_localizer-1] [WARN] [1782967626.810268556] [pcd_ndt_localizer]: NDT rejected: converged=1 fitness=2.4301 points=2353
[pcd_ndt_localizer-1] [WARN] [1782967627.903716289] [pcd_ndt_localizer]: NDT rejected: converged=1 fitness=2.5578 points=2312
[pcd_ndt_localizer-1] [WARN] [1782967628.909585772] [pcd_ndt_localizer]: NDT rejected: converged=1 fitness=2.3408 points=2348
[pcd_ndt_localizer-1] [WARN] [1782967630.002512817] [pcd_ndt_localizer]: NDT rejected: converged=1 fitness=2.4907 points=2303
[pcd_ndt_localizer-1] [WARN] [1782967631.005199989] [pcd_ndt_localizer]: NDT rejected: converged=1 fitness=2.3913 points=2366
[pcd_ndt_localizer-1] [WARN] [1782967632.008506510] [pcd_ndt_localizer]: NDT rejected: converged=1 fitness=2.3381 points=2360
[pcd_ndt_localizer-1] [WARN] [1782967633.096045636] [pcd_ndt_localizer]: NDT rejected: converged=1 fitness=2.4182 points=2241
[pcd_ndt_localizer-1] [WARN] [1782967634.099446656] [pcd_ndt_localizer]: NDT rejected: converged=1 fitness=2.2373 points=2298
[pcd_ndt_localizer-1] [WARN] [1782967635.102904637] [pcd_ndt_localizer]: NDT rejected: converged=1 fitness=2.4202 points=2315
[pcd_ndt_localizer-1] [WARN] [1782967636.201079979] [pcd_ndt_localizer]: NDT rejected: converged=1 fitness=2.6123 points=2325
[pcd_ndt_localizer-1] [WARN] [1782967637.201288032] [pcd_ndt_localizer]: NDT rejected: converged=1 fitness=2.3085 points=2321
[pcd_ndt_localizer-1] [WARN] [1782967638.211615771] [pcd_ndt_localizer]: NDT rejected: converged=1 fitness=2.2552 points=2306
[pcd_ndt_localizer-1] [WARN] [1782967639.212545702] [pcd_ndt_localizer]: NDT rejected: converged=1 fitness=2.6167 points=2282
[pcd_ndt_localizer-1] [WARN] [1782967640.309613617] [pcd_ndt_localizer]: NDT rejected: converged=1 fitness=2.6315 points=2351
[pcd_ndt_localizer-1] [WARN] [1782967641.406573271] [pcd_ndt_localizer]: NDT rejected: converged=1 fitness=2.4278 points=2327
[pcd_ndt_localizer-1] [WARN] [1782967642.409329406] [pcd_ndt_localizer]: NDT rejected: converged=1 fitness=2.4000 points=2364
[pcd_ndt_localizer-1] [WARN] [1782967643.413008962] [pcd_ndt_localizer]: NDT rejected: converged=1 fitness=2.2695 points=2311
[pcd_ndt_localizer-1] [WARN] [1782967644.506981865] [pcd_ndt_localizer]: NDT rejected: converged=1 fitness=2.5143 points=2356
[pcd_ndt_localizer-1] [WARN] [1782967645.603215480] [pcd_ndt_localizer]: NDT rejected: converged=1 fitness=2.5121 points=2307
[pcd_ndt_localizer-1] [WARN] [1782967646.606704726] [pcd_ndt_localizer]: NDT rejected: converged=1 fitness=2.4104 points=2325
[pcd_ndt_localizer-1] [WARN] [1782967647.607822728] [pcd_ndt_localizer]: NDT rejected: converged=1 fitness=2.2945 points=2331
[pcd_ndt_localizer-1] [WARN] [1782967648.713976823] [pcd_ndt_localizer]: NDT rejected: converged=1 fitness=2.5126 points=2382
[pcd_ndt_localizer-1] [WARN] [1782967649.810913693] [pcd_ndt_localizer]: NDT rejected: converged=1 fitness=2.5098 points=2252
[pcd_ndt_localizer-1] [WARN] [1782967650.812793032] [pcd_ndt_localizer]: NDT rejected: converged=1 fitness=2.2247 points=2364
[pcd_ndt_localizer-1] [WARN] [1782967651.902288445] [pcd_ndt_localizer]: NDT rejected: converged=1 fitness=2.4518 points=2272
[pcd_ndt_localizer-1] [WARN] [1782967652.909110759] [pcd_ndt_localizer]: NDT rejected: converged=1 fitness=2.4944 points=2302
[pcd_ndt_localizer-1] [WARN] [1782967653.998721697] [pcd_ndt_localizer]: NDT rejected: converged=1 fitness=2.4592 points=2322
[pcd_ndt_localizer-1] [WARN] [1782967655.009244834] [pcd_ndt_localizer]: NDT rejected: converged=1 fitness=2.3375 points=2287
[pcd_ndt_localizer-1] [WARN] [1782967656.098337259] [pcd_ndt_localizer]: NDT rejected: converged=1 fitness=2.4228 points=2329
[pcd_ndt_localizer-1] [WARN] [1782967657.107246136] [pcd_ndt_localizer]: NDT rejected: converged=1 fitness=2.5309 points=2295
[pcd_ndt_localizer-1] [WARN] [1782967658.207734993] [pcd_ndt_localizer]: NDT rejected: converged=1 fitness=2.4486 points=2342
[pcd_ndt_localizer-1] [WARN] [1782967659.211694270] [pcd_ndt_localizer]: NDT rejected: converged=1 fitness=2.5019 points=2261
[pcd_ndt_localizer-1] [WARN] [1782967660.313562371] [pcd_ndt_localizer]: NDT rejected: converged=1 fitness=2.6705 points=2385
[pcd_ndt_localizer-1] [WARN] [1782967661.406762641] [pcd_ndt_localizer]: NDT rejected: converged=1 fitness=2.4893 points=2265
[pcd_ndt_localizer-1] [WARN] [1782967662.507551027] [pcd_ndt_localizer]: NDT rejected: converged=1 fitness=2.3804 points=2334
[pcd_ndt_localizer-1] [WARN] [1782967663.510163605] [pcd_ndt_localizer]: NDT rejected: converged=1 fitness=2.4700 points=2329
[pcd_ndt_localizer-1] [WARN] [1782967664.588438209] [pcd_ndt_localizer]: NDT rejected: converged=1 fitness=2.3617 points=2302
[pcd_ndt_localizer-1] [WARN] [1782967665.603558998] [pcd_ndt_localizer]: NDT rejected: converged=1 fitness=2.4338 points=2294
[pcd_ndt_localizer-1] [WARN] [1782967666.604463905] [pcd_ndt_localizer]: NDT rejected: converged=1 fitness=2.7612 points=2285
[pcd_ndt_localizer-1] [WARN] [1782967667.605152389] [pcd_ndt_localizer]: NDT rejected: converged=1 fitness=2.2725 points=2282
[pcd_ndt_localizer-1] [WARN] [1782967668.702654269] [pcd_ndt_localizer]: NDT rejected: converged=1 fitness=2.3372 points=2269
[pcd_ndt_localizer-1] [WARN] [1782967669.704438853] [pcd_ndt_localizer]: NDT rejected: converged=1 fitness=2.5198 points=2309
[pcd_ndt_localizer-1] [WARN] [1782967670.712714430] [pcd_ndt_localizer]: NDT rejected: converged=1 fitness=2.3561 points=2372
[pcd_ndt_localizer-1] [WARN] [1782967671.811649252] [pcd_ndt_localizer]: NDT rejected: converged=1 fitness=2.4938 points=2289
[pcd_ndt_localizer-1] [WARN] [1782967672.913215455] [pcd_ndt_localizer]: NDT rejected: converged=1 fitness=2.3543 points=2355
[pcd_ndt_localizer-1] [WARN] [1782967674.005176421] [pcd_ndt_localizer]: NDT rejected: converged=1 fitness=2.3697 points=2295
[pcd_ndt_localizer-1] [WARN] [1782967675.102903236] [pcd_ndt_localizer]: NDT rejected: converged=1 fitness=2.5259 points=2263
[pcd_ndt_localizer-1] [WARN] [1782967676.105087672] [pcd_ndt_localizer]: NDT rejected: converged=1 fitness=2.3601 points=2347
[pcd_ndt_localizer-1] [WARN] [1782967677.203192676] [pcd_ndt_localizer]: NDT rejected: converged=1 fitness=2.4492 points=2276
[pcd_ndt_localizer-1] [WARN] [1782967678.207762533] [pcd_ndt_localizer]: NDT rejected: converged=1 fitness=2.4591 points=2338
[pcd_ndt_localizer-1] [WARN] [1782967679.311142491] [pcd_ndt_localizer]: NDT rejected: converged=1 fitness=2.4646 points=2294
[pcd_ndt_localizer-1] [WARN] [1782967680.409544752] [pcd_ndt_localizer]: NDT rejected: converged=1 fitness=2.3966 points=2369
[pcd_ndt_localizer-1] [WARN] [1782967681.411376377] [pcd_ndt_localizer]: NDT rejected: converged=1 fitness=2.4786 points=2383
[pcd_ndt_localizer-1] [WARN] [1782967682.510074104] [pcd_ndt_localizer]: NDT rejected: converged=1 fitness=2.4428 points=2362
[pcd_ndt_localizer-1] [WARN] [1782967683.607274598] [pcd_ndt_localizer]: NDT rejected: converged=1 fitness=2.4093 points=2282
[pcd_ndt_localizer-1] [WARN] [1782967684.707049320] [pcd_ndt_localizer]: NDT rejected: converged=1 fitness=2.4050 points=2283
[pcd_ndt_localizer-1] [WARN] [1782967685.707273213] [pcd_ndt_localizer]: NDT rejected: converged=1 fitness=2.4995 points=2311
[pcd_ndt_localizer-1] [WARN] [1782967686.804105695] [pcd_ndt_localizer]: NDT rejected: converged=1 fitness=2.4192 points=2332
[pcd_ndt_localizer-1] [WARN] [1782967687.905037670] [pcd_ndt_localizer]: NDT rejected: converged=1 fitness=2.5915 points=2339
[pcd_ndt_localizer-1] [WARN] [1782967688.984910405] [pcd_ndt_localizer]: NDT rejected: converged=1 fitness=2.3483 points=2322
[pcd_ndt_localizer-1] [WARN] [1782967690.014785335] [pcd_ndt_localizer]: NDT rejected: converged=1 fitness=2.3259 points=2392
[pcd_ndt_localizer-1] [WARN] [1782967691.108420370] [pcd_ndt_localizer]: NDT rejected: converged=1 fitness=2.5757 points=2330
[pcd_ndt_localizer-1] [WARN] [1782967691.764213117] [pcd_ndt_localizer]: Initial pose reset from /initialpose
[pcd_ndt_localizer-1] [WARN] [1782967692.114912274] [pcd_ndt_localizer]: NDT rejected: converged=1 fitness=0.8477 points=2307
[pcd_ndt_localizer-1] [WARN] [1782967693.119243083] [pcd_ndt_localizer]: NDT rejected: converged=1 fitness=0.8022 points=2295
[pcd_ndt_localizer-1] [WARN] [1782967694.201638652] [pcd_ndt_localizer]: NDT rejected: converged=1 fitness=0.7885 points=2254
[pcd_ndt_localizer-1] [WARN] [1782967695.216494345] [pcd_ndt_localizer]: NDT rejected: converged=1 fitness=0.8514 points=2278
[pcd_ndt_localizer-1] [WARN] [1782967696.221099659] [pcd_ndt_localizer]: NDT rejected: converged=1 fitness=0.8037 points=2302
[pcd_ndt_localizer-1] [WARN] [1782967697.314176309] [pcd_ndt_localizer]: NDT rejected: converged=1 fitness=0.8298 points=2305
[pcd_ndt_localizer-1] [WARN] [1782967698.318566160] [pcd_ndt_localizer]: NDT rejected: converged=1 fitness=0.7558 points=2344
[pcd_ndt_localizer-1] [WARN] [1782967699.420735167] [pcd_ndt_localizer]: NDT rejected: converged=1 fitness=0.8156 points=2315
[pcd_ndt_localizer-1] [WARN] [1782967700.422017014] [pcd_ndt_localizer]: NDT rejected: converged=1 fitness=0.8114 points=2345
[pcd_ndt_localizer-1] [WARN] [1782967701.517476076] [pcd_ndt_localizer]: NDT rejected: converged=1 fitness=0.8478 points=2339
[pcd_ndt_localizer-1] [WARN] [1782967702.519441049] [pcd_ndt_localizer]: NDT rejected: converged=1 fitness=0.8924 points=2300
[pcd_ndt_localizer-1] [WARN] [1782967703.617357535] [pcd_ndt_localizer]: NDT rejected: converged=1 fitness=0.8152 points=2356
[pcd_ndt_localizer-1] [WARN] [1782967704.719239652] [pcd_ndt_localizer]: NDT rejected: converged=1 fitness=0.8889 points=2326
[pcd_ndt_localizer-1] [WARN] [1782967705.815773757] [pcd_ndt_localizer]: NDT rejected: converged=1 fitness=0.8650 points=2275
[pcd_ndt_localizer-1] [WARN] [1782967706.908291893] [pcd_ndt_localizer]: NDT rejected: converged=1 fitness=0.8281 points=2389
[pcd_ndt_localizer-1] [WARN] [1782967708.014480421] [pcd_ndt_localizer]: NDT rejected: converged=1 fitness=0.8089 points=2355
[pcd_ndt_localizer-1] [WARN] [1782967709.016712699] [pcd_ndt_localizer]: NDT rejected: converged=1 fitness=0.8009 points=2340
[pcd_ndt_localizer-1] [WARN] [1782967710.118100016] [pcd_ndt_localizer]: NDT rejected: converged=1 fitness=0.7886 points=2358
[pcd_ndt_localizer-1] [WARN] [1782967711.119950554] [pcd_ndt_localizer]: NDT rejected: converged=1 fitness=0.8598 points=2389
[pcd_ndt_localizer-1] [WARN] [1782967712.220399601] [pcd_ndt_localizer]: NDT rejected: converged=1 fitness=0.8546 points=2265
[pcd_ndt_localizer-1] [WARN] [1782967713.227631304] [pcd_ndt_localizer]: NDT rejected: converged=1 fitness=0.7386 points=2364
[pcd_ndt_localizer-1] [WARN] [1782967714.311383237] [pcd_ndt_localizer]: NDT rejected: converged=1 fitness=0.8289 points=2307
[pcd_ndt_localizer-1] [WARN] [1782967715.410041314] [pcd_ndt_localizer]: NDT rejected: converged=1 fitness=0.8730 points=2354
[pcd_ndt_localizer-1] [WARN] [1782967716.422848461] [pcd_ndt_localizer]: NDT rejected: converged=1 fitness=0.8160 points=2318
[pcd_ndt_localizer-1] [WARN] [1782967717.520030939] [pcd_ndt_localizer]: NDT rejected: converged=1 fitness=0.8163 points=2312
[pcd_ndt_localizer-1] [WARN] [1782967718.619242890] [pcd_ndt_localizer]: NDT rejected: converged=1 fitness=0.7778 points=2339
[pcd_ndt_localizer-1] [WARN] [1782967719.620382909] [pcd_ndt_localizer]: NDT rejected: converged=1 fitness=0.8350 points=2364
[pcd_ndt_localizer-1] [WARN] [1782967720.719778802] [pcd_ndt_localizer]: NDT rejected: converged=1 fitness=0.8572 points=2331
[pcd_ndt_localizer-1] [WARN] [1782967721.725729888] [pcd_ndt_localizer]: NDT rejected: converged=1 fitness=0.8402 points=2406
[pcd_ndt_localizer-1] [WARN] [1782967722.813218709] [pcd_ndt_localizer]: NDT rejected: converged=1 fitness=0.8031 points=2294
[pcd_ndt_localizer-1] [WARN] [1782967723.821366922] [pcd_ndt_localizer]: NDT rejected: converged=1 fitness=0.7495 points=2293
[pcd_ndt_localizer-1] [WARN] [1782967724.918623770] [pcd_ndt_localizer]: NDT rejected: converged=1 fitness=0.8608 points=2287
[pcd_ndt_localizer-1] [WARN] [1782967726.014890538] [pcd_ndt_localizer]: NDT rejected: converged=1 fitness=0.7915 points=2336
[pcd_ndt_localizer-1] [WARN] [1782967727.019867801] [pcd_ndt_localizer]: NDT rejected: converged=1 fitness=0.7818 points=2353
[pcd_ndt_localizer-1] [WARN] [1782967728.029774310] [pcd_ndt_localizer]: NDT rejected: converged=1 fitness=0.8278 points=2308
[pcd_ndt_localizer-1] [WARN] [1782967729.124439043] [pcd_ndt_localizer]: NDT rejected: converged=1 fitness=0.7995 points=2371
[pcd_ndt_localizer-1] [WARN] [1782967730.225409163] [pcd_ndt_localizer]: NDT rejected: converged=1 fitness=0.8191 points=2340
[pcd_ndt_localizer-1] [WARN] [1782967731.232825096] [pcd_ndt_localizer]: NDT rejected: converged=1 fitness=0.7829 points=2409
[pcd_ndt_localizer-1] [WARN] [1782967732.329119641] [pcd_ndt_localizer]: NDT rejected: converged=1 fitness=0.8575 points=2303
[pcd_ndt_localizer-1] [WARN] [1782967733.422796854] [pcd_ndt_localizer]: NDT rejected: converged=1 fitness=0.8022 points=2345
[pcd_ndt_localizer-1] [WARN] [1782967734.522429715] [pcd_ndt_localizer]: NDT rejected: converged=1 fitness=0.8301 points=2346
[pcd_ndt_localizer-1] [WARN] [1782967735.621099472] [pcd_ndt_localizer]: NDT rejected: converged=1 fitness=0.8318 points=2305
[pcd_ndt_localizer-1] [WARN] [1782967736.721308672] [pcd_ndt_localizer]: NDT rejected: converged=1 fitness=0.8407 points=2334
[pcd_ndt_localizer-1] [WARN] [1782967737.721743708] [pcd_ndt_localizer]: NDT rejected: converged=1 fitness=0.8010 points=2287
[pcd_ndt_localizer-1] [WARN] [1782967738.820609760] [pcd_ndt_localizer]: NDT rejected: converged=1 fitness=0.7784 points=2277
[pcd_ndt_localizer-1] [WARN] [1782967739.923416323] [pcd_ndt_localizer]: NDT rejected: converged=1 fitness=0.8314 points=2362
[pcd_ndt_localizer-1] [WARN] [1782967741.006445800] [pcd_ndt_localizer]: NDT rejected: converged=1 fitness=0.7626 points=2290
[pcd_ndt_localizer-1] [WARN] [1782967742.111397489] [pcd_ndt_localizer]: NDT rejected: converged=1 fitness=0.8041 points=2371
[pcd_ndt_localizer-1] [WARN] [1782967743.115476546] [pcd_ndt_localizer]: NDT rejected: converged=1 fitness=0.8106 points=2327
[pcd_ndt_localizer-1] [WARN] [1782967744.221485229] [pcd_ndt_localizer]: NDT rejected: converged=1 fitness=0.8193 points=2325
[pcd_ndt_localizer-1] [WARN] [1782967745.306252074] [pcd_ndt_localizer]: NDT rejected: converged=1 fitness=0.8288 points=2361
[pcd_ndt_localizer-1] [WARN] [1782967746.321317470] [pcd_ndt_localizer]: NDT rejected: converged=1 fitness=0.8470 points=2357
[pcd_ndt_localizer-1] [WARN] [1782967747.420520205] [pcd_ndt_localizer]: NDT rejected: converged=1 fitness=0.8041 points=2315
[pcd_ndt_localizer-1] [WARN] [1782967748.511096774] [pcd_ndt_localizer]: NDT rejected: converged=1 fitness=0.8647 points=2329
[pcd_ndt_localizer-1] [WARN] [1782967749.600385013] [pcd_ndt_localizer]: NDT rejected: converged=1 fitness=0.7903 points=2374
