[0.266s] DEBUG:colcon:Command line arguments: ['/usr/bin/colcon', 'build', '--symlink-install', '--packages-select', 'pcd_ndt_localization', 'nav_tf_bridge']
[0.266s] DEBUG:colcon:Parsed command line arguments: Namespace(log_base=None, log_level=None, verb_name='build', build_base='build', install_base='install', merge_install=False, symlink_install=True, test_result_base=None, continue_on_error=False, executor='parallel', parallel_workers=6, event_handlers=None, ignore_user_meta=False, metas=['./colcon.meta'], base_paths=['.'], packages_ignore=None, packages_ignore_regex=None, paths=None, packages_up_to=None, packages_up_to_regex=None, packages_above=None, packages_above_and_dependencies=None, packages_above_depth=None, packages_select_by_dep=None, packages_skip_by_dep=None, packages_skip_up_to=None, packages_select_build_failed=False, packages_skip_build_finished=False, packages_select_test_failures=False, packages_skip_test_passed=False, packages_select=['pcd_ndt_localization', 'nav_tf_bridge'], packages_skip=None, packages_select_regex=None, packages_skip_regex=None, packages_start=None, packages_end=None, allow_overriding=[], cmake_args=None, cmake_target=None, cmake_target_skip_unavailable=False, cmake_clean_cache=False, cmake_clean_first=False, cmake_force_configure=False, ament_cmake_args=None, catkin_cmake_args=None, catkin_skip_building_tests=False, verb_parser=<colcon_defaults.argument_parser.defaults.DefaultArgumentsDecorator object at 0xffffbda0f100>, verb_extension=<colcon_core.verb.build.BuildVerb object at 0xffffbda0eb90>, main=<bound method BuildVerb.main of <colcon_core.verb.build.BuildVerb object at 0xffffbda0eb90>>)
[0.679s] Level 1:colcon.colcon_core.package_discovery:discover_packages(colcon_meta) check parameters
[0.680s] Level 1:colcon.colcon_core.package_discovery:discover_packages(recursive) check parameters
[0.680s] Level 1:colcon.colcon_core.package_discovery:discover_packages(ignore) check parameters
[0.680s] Level 1:colcon.colcon_core.package_discovery:discover_packages(path) check parameters
[0.680s] Level 1:colcon.colcon_core.package_discovery:discover_packages(colcon_meta) discover
[0.681s] Level 1:colcon.colcon_core.package_discovery:discover_packages(recursive) discover
[0.681s] INFO:colcon.colcon_core.package_discovery:Crawling recursively for packages in '/home/seeed/ros2/ws'
[0.681s] Level 1:colcon.colcon_core.package_identification:_identify(.) by extensions ['ignore', 'ignore_ament_install']
[0.681s] Level 1:colcon.colcon_core.package_identification:_identify(.) by extension 'ignore'
[0.681s] Level 1:colcon.colcon_core.package_identification:_identify(.) by extension 'ignore_ament_install'
[0.682s] Level 1:colcon.colcon_core.package_identification:_identify(.) by extensions ['colcon_pkg']
[0.682s] Level 1:colcon.colcon_core.package_identification:_identify(.) by extension 'colcon_pkg'
[0.682s] Level 1:colcon.colcon_core.package_identification:_identify(.) by extensions ['colcon_meta']
[0.682s] Level 1:colcon.colcon_core.package_identification:_identify(.) by extension 'colcon_meta'
[0.682s] Level 1:colcon.colcon_core.package_identification:_identify(.) by extensions ['ros']
[0.682s] Level 1:colcon.colcon_core.package_identification:_identify(.) by extension 'ros'
[0.711s] Level 1:colcon.colcon_core.package_identification:_identify(.) by extensions ['cmake', 'python']
[0.712s] Level 1:colcon.colcon_core.package_identification:_identify(.) by extension 'cmake'
[0.712s] Level 1:colcon.colcon_core.package_identification:_identify(.) by extension 'python'
[0.712s] Level 1:colcon.colcon_core.package_identification:_identify(.) by extensions ['python_setup_py']
[0.712s] Level 1:colcon.colcon_core.package_identification:_identify(.) by extension 'python_setup_py'
[0.712s] Level 1:colcon.colcon_core.package_identification:_identify(build) by extensions ['ignore', 'ignore_ament_install']
[0.713s] Level 1:colcon.colcon_core.package_identification:_identify(build) by extension 'ignore'
[0.713s] Level 1:colcon.colcon_core.package_identification:_identify(build) ignored
[0.713s] Level 1:colcon.colcon_core.package_identification:_identify(install) by extensions ['ignore', 'ignore_ament_install']
[0.713s] Level 1:colcon.colcon_core.package_identification:_identify(install) by extension 'ignore'
[0.714s] Level 1:colcon.colcon_core.package_identification:_identify(install) ignored
[0.714s] Level 1:colcon.colcon_core.package_identification:_identify(log) by extensions ['ignore', 'ignore_ament_install']
[0.714s] Level 1:colcon.colcon_core.package_identification:_identify(log) by extension 'ignore'
[0.714s] Level 1:colcon.colcon_core.package_identification:_identify(log) ignored
[0.715s] Level 1:colcon.colcon_core.package_identification:_identify(src) by extensions ['ignore', 'ignore_ament_install']
[0.715s] Level 1:colcon.colcon_core.package_identification:_identify(src) by extension 'ignore'
[0.715s] Level 1:colcon.colcon_core.package_identification:_identify(src) by extension 'ignore_ament_install'
[0.715s] Level 1:colcon.colcon_core.package_identification:_identify(src) by extensions ['colcon_pkg']
[0.715s] Level 1:colcon.colcon_core.package_identification:_identify(src) by extension 'colcon_pkg'
[0.715s] Level 1:colcon.colcon_core.package_identification:_identify(src) by extensions ['colcon_meta']
[0.715s] Level 1:colcon.colcon_core.package_identification:_identify(src) by extension 'colcon_meta'
[0.715s] Level 1:colcon.colcon_core.package_identification:_identify(src) by extensions ['ros']
[0.716s] Level 1:colcon.colcon_core.package_identification:_identify(src) by extension 'ros'
[0.716s] Level 1:colcon.colcon_core.package_identification:_identify(src) by extensions ['cmake', 'python']
[0.716s] Level 1:colcon.colcon_core.package_identification:_identify(src) by extension 'cmake'
[0.716s] Level 1:colcon.colcon_core.package_identification:_identify(src) by extension 'python'
[0.716s] Level 1:colcon.colcon_core.package_identification:_identify(src) by extensions ['python_setup_py']
[0.716s] Level 1:colcon.colcon_core.package_identification:_identify(src) by extension 'python_setup_py'
[0.716s] Level 1:colcon.colcon_core.package_identification:_identify(src/depd) by extensions ['ignore', 'ignore_ament_install']
[0.717s] Level 1:colcon.colcon_core.package_identification:_identify(src/depd) by extension 'ignore'
[0.717s] Level 1:colcon.colcon_core.package_identification:_identify(src/depd) by extension 'ignore_ament_install'
[0.717s] Level 1:colcon.colcon_core.package_identification:_identify(src/depd) by extensions ['colcon_pkg']
[0.717s] Level 1:colcon.colcon_core.package_identification:_identify(src/depd) by extension 'colcon_pkg'
[0.717s] Level 1:colcon.colcon_core.package_identification:_identify(src/depd) by extensions ['colcon_meta']
[0.717s] Level 1:colcon.colcon_core.package_identification:_identify(src/depd) by extension 'colcon_meta'
[0.717s] Level 1:colcon.colcon_core.package_identification:_identify(src/depd) by extensions ['ros']
[0.717s] Level 1:colcon.colcon_core.package_identification:_identify(src/depd) by extension 'ros'
[0.718s] Level 1:colcon.colcon_core.package_identification:_identify(src/depd) by extensions ['cmake', 'python']
[0.718s] Level 1:colcon.colcon_core.package_identification:_identify(src/depd) by extension 'cmake'
[0.718s] Level 1:colcon.colcon_core.package_identification:_identify(src/depd) by extension 'python'
[0.718s] Level 1:colcon.colcon_core.package_identification:_identify(src/depd) by extensions ['python_setup_py']
[0.718s] Level 1:colcon.colcon_core.package_identification:_identify(src/depd) by extension 'python_setup_py'
[0.718s] Level 1:colcon.colcon_core.package_identification:_identify(src/depd/rpg_vikit) by extensions ['ignore', 'ignore_ament_install']
[0.718s] Level 1:colcon.colcon_core.package_identification:_identify(src/depd/rpg_vikit) by extension 'ignore'
[0.719s] Level 1:colcon.colcon_core.package_identification:_identify(src/depd/rpg_vikit) by extension 'ignore_ament_install'
[0.719s] Level 1:colcon.colcon_core.package_identification:_identify(src/depd/rpg_vikit) by extensions ['colcon_pkg']
[0.719s] Level 1:colcon.colcon_core.package_identification:_identify(src/depd/rpg_vikit) by extension 'colcon_pkg'
[0.719s] Level 1:colcon.colcon_core.package_identification:_identify(src/depd/rpg_vikit) by extensions ['colcon_meta']
[0.719s] Level 1:colcon.colcon_core.package_identification:_identify(src/depd/rpg_vikit) by extension 'colcon_meta'
[0.719s] Level 1:colcon.colcon_core.package_identification:_identify(src/depd/rpg_vikit) by extensions ['ros']
[0.719s] Level 1:colcon.colcon_core.package_identification:_identify(src/depd/rpg_vikit) by extension 'ros'
[0.719s] Level 1:colcon.colcon_core.package_identification:_identify(src/depd/rpg_vikit) by extensions ['cmake', 'python']
[0.720s] Level 1:colcon.colcon_core.package_identification:_identify(src/depd/rpg_vikit) by extension 'cmake'
[0.720s] Level 1:colcon.colcon_core.package_identification:_identify(src/depd/rpg_vikit) by extension 'python'
[0.720s] Level 1:colcon.colcon_core.package_identification:_identify(src/depd/rpg_vikit) by extensions ['python_setup_py']
[0.720s] Level 1:colcon.colcon_core.package_identification:_identify(src/depd/rpg_vikit) by extension 'python_setup_py'
[0.720s] Level 1:colcon.colcon_core.package_identification:_identify(src/depd/rpg_vikit/vikit_common) by extensions ['ignore', 'ignore_ament_install']
[0.720s] Level 1:colcon.colcon_core.package_identification:_identify(src/depd/rpg_vikit/vikit_common) by extension 'ignore'
[0.720s] Level 1:colcon.colcon_core.package_identification:_identify(src/depd/rpg_vikit/vikit_common) by extension 'ignore_ament_install'
[0.721s] Level 1:colcon.colcon_core.package_identification:_identify(src/depd/rpg_vikit/vikit_common) by extensions ['colcon_pkg']
[0.721s] Level 1:colcon.colcon_core.package_identification:_identify(src/depd/rpg_vikit/vikit_common) by extension 'colcon_pkg'
[0.721s] Level 1:colcon.colcon_core.package_identification:_identify(src/depd/rpg_vikit/vikit_common) by extensions ['colcon_meta']
[0.721s] Level 1:colcon.colcon_core.package_identification:_identify(src/depd/rpg_vikit/vikit_common) by extension 'colcon_meta'
[0.721s] Level 1:colcon.colcon_core.package_identification:_identify(src/depd/rpg_vikit/vikit_common) by extensions ['ros']
[0.721s] Level 1:colcon.colcon_core.package_identification:_identify(src/depd/rpg_vikit/vikit_common) by extension 'ros'
[0.727s] DEBUG:colcon.colcon_core.package_identification:Package 'src/depd/rpg_vikit/vikit_common' with type 'ros.catkin' and name 'vikit_common'
[0.728s] Level 1:colcon.colcon_core.package_identification:_identify(src/depd/rpg_vikit/vikit_ros) by extensions ['ignore', 'ignore_ament_install']
[0.728s] Level 1:colcon.colcon_core.package_identification:_identify(src/depd/rpg_vikit/vikit_ros) by extension 'ignore'
[0.728s] Level 1:colcon.colcon_core.package_identification:_identify(src/depd/rpg_vikit/vikit_ros) by extension 'ignore_ament_install'
[0.728s] Level 1:colcon.colcon_core.package_identification:_identify(src/depd/rpg_vikit/vikit_ros) by extensions ['colcon_pkg']
[0.728s] Level 1:colcon.colcon_core.package_identification:_identify(src/depd/rpg_vikit/vikit_ros) by extension 'colcon_pkg'
[0.729s] Level 1:colcon.colcon_core.package_identification:_identify(src/depd/rpg_vikit/vikit_ros) by extensions ['colcon_meta']
[0.729s] Level 1:colcon.colcon_core.package_identification:_identify(src/depd/rpg_vikit/vikit_ros) by extension 'colcon_meta'
[0.729s] Level 1:colcon.colcon_core.package_identification:_identify(src/depd/rpg_vikit/vikit_ros) by extensions ['ros']
[0.729s] Level 1:colcon.colcon_core.package_identification:_identify(src/depd/rpg_vikit/vikit_ros) by extension 'ros'
[0.731s] DEBUG:colcon.colcon_core.package_identification:Package 'src/depd/rpg_vikit/vikit_ros' with type 'ros.ament_cmake' and name 'vikit_ros'
[0.731s] Level 1:colcon.colcon_core.package_identification:_identify(src/driver) by extensions ['ignore', 'ignore_ament_install']
[0.732s] Level 1:colcon.colcon_core.package_identification:_identify(src/driver) by extension 'ignore'
[0.732s] Level 1:colcon.colcon_core.package_identification:_identify(src/driver) by extension 'ignore_ament_install'
[0.732s] Level 1:colcon.colcon_core.package_identification:_identify(src/driver) by extensions ['colcon_pkg']
[0.732s] Level 1:colcon.colcon_core.package_identification:_identify(src/driver) by extension 'colcon_pkg'
[0.732s] Level 1:colcon.colcon_core.package_identification:_identify(src/driver) by extensions ['colcon_meta']
[0.732s] Level 1:colcon.colcon_core.package_identification:_identify(src/driver) by extension 'colcon_meta'
[0.733s] Level 1:colcon.colcon_core.package_identification:_identify(src/driver) by extensions ['ros']
[0.733s] Level 1:colcon.colcon_core.package_identification:_identify(src/driver) by extension 'ros'
[0.733s] Level 1:colcon.colcon_core.package_identification:_identify(src/driver) by extensions ['cmake', 'python']
[0.733s] Level 1:colcon.colcon_core.package_identification:_identify(src/driver) by extension 'cmake'
[0.733s] Level 1:colcon.colcon_core.package_identification:_identify(src/driver) by extension 'python'
[0.733s] Level 1:colcon.colcon_core.package_identification:_identify(src/driver) by extensions ['python_setup_py']
[0.733s] Level 1:colcon.colcon_core.package_identification:_identify(src/driver) by extension 'python_setup_py'
[0.734s] Level 1:colcon.colcon_core.package_identification:_identify(src/driver/livox_ros_driver2) by extensions ['ignore', 'ignore_ament_install']
[0.734s] Level 1:colcon.colcon_core.package_identification:_identify(src/driver/livox_ros_driver2) by extension 'ignore'
[0.734s] Level 1:colcon.colcon_core.package_identification:_identify(src/driver/livox_ros_driver2) by extension 'ignore_ament_install'
[0.734s] Level 1:colcon.colcon_core.package_identification:_identify(src/driver/livox_ros_driver2) by extensions ['colcon_pkg']
[0.734s] Level 1:colcon.colcon_core.package_identification:_identify(src/driver/livox_ros_driver2) by extension 'colcon_pkg'
[0.734s] Level 1:colcon.colcon_core.package_identification:_identify(src/driver/livox_ros_driver2) by extensions ['colcon_meta']
[0.734s] Level 1:colcon.colcon_core.package_identification:_identify(src/driver/livox_ros_driver2) by extension 'colcon_meta'
[0.734s] Level 1:colcon.colcon_core.package_identification:_identify(src/driver/livox_ros_driver2) by extensions ['ros']
[0.735s] Level 1:colcon.colcon_core.package_identification:_identify(src/driver/livox_ros_driver2) by extension 'ros'
[0.737s] DEBUG:colcon.colcon_core.package_identification:Package 'src/driver/livox_ros_driver2' with type 'ros.ament_cmake' and name 'livox_ros_driver2'
[0.738s] Level 1:colcon.colcon_core.package_identification:_identify(src/localization) by extensions ['ignore', 'ignore_ament_install']
[0.738s] Level 1:colcon.colcon_core.package_identification:_identify(src/localization) by extension 'ignore'
[0.738s] Level 1:colcon.colcon_core.package_identification:_identify(src/localization) by extension 'ignore_ament_install'
[0.738s] Level 1:colcon.colcon_core.package_identification:_identify(src/localization) by extensions ['colcon_pkg']
[0.738s] Level 1:colcon.colcon_core.package_identification:_identify(src/localization) by extension 'colcon_pkg'
[0.739s] Level 1:colcon.colcon_core.package_identification:_identify(src/localization) by extensions ['colcon_meta']
[0.739s] Level 1:colcon.colcon_core.package_identification:_identify(src/localization) by extension 'colcon_meta'
[0.739s] Level 1:colcon.colcon_core.package_identification:_identify(src/localization) by extensions ['ros']
[0.739s] Level 1:colcon.colcon_core.package_identification:_identify(src/localization) by extension 'ros'
[0.739s] Level 1:colcon.colcon_core.package_identification:_identify(src/localization) by extensions ['cmake', 'python']
[0.739s] Level 1:colcon.colcon_core.package_identification:_identify(src/localization) by extension 'cmake'
[0.739s] Level 1:colcon.colcon_core.package_identification:_identify(src/localization) by extension 'python'
[0.739s] Level 1:colcon.colcon_core.package_identification:_identify(src/localization) by extensions ['python_setup_py']
[0.739s] Level 1:colcon.colcon_core.package_identification:_identify(src/localization) by extension 'python_setup_py'
[0.740s] Level 1:colcon.colcon_core.package_identification:_identify(src/localization/pcd_ndt_localization) by extensions ['ignore', 'ignore_ament_install']
[0.740s] Level 1:colcon.colcon_core.package_identification:_identify(src/localization/pcd_ndt_localization) by extension 'ignore'
[0.740s] Level 1:colcon.colcon_core.package_identification:_identify(src/localization/pcd_ndt_localization) by extension 'ignore_ament_install'
[0.740s] Level 1:colcon.colcon_core.package_identification:_identify(src/localization/pcd_ndt_localization) by extensions ['colcon_pkg']
[0.740s] Level 1:colcon.colcon_core.package_identification:_identify(src/localization/pcd_ndt_localization) by extension 'colcon_pkg'
[0.740s] Level 1:colcon.colcon_core.package_identification:_identify(src/localization/pcd_ndt_localization) by extensions ['colcon_meta']
[0.741s] Level 1:colcon.colcon_core.package_identification:_identify(src/localization/pcd_ndt_localization) by extension 'colcon_meta'
[0.741s] Level 1:colcon.colcon_core.package_identification:_identify(src/localization/pcd_ndt_localization) by extensions ['ros']
[0.741s] Level 1:colcon.colcon_core.package_identification:_identify(src/localization/pcd_ndt_localization) by extension 'ros'
[0.743s] DEBUG:colcon.colcon_core.package_identification:Package 'src/localization/pcd_ndt_localization' with type 'ros.ament_cmake' and name 'pcd_ndt_localization'
[0.743s] Level 1:colcon.colcon_core.package_identification:_identify(src/nav_tf_bridge) by extensions ['ignore', 'ignore_ament_install']
[0.744s] Level 1:colcon.colcon_core.package_identification:_identify(src/nav_tf_bridge) by extension 'ignore'
[0.744s] Level 1:colcon.colcon_core.package_identification:_identify(src/nav_tf_bridge) by extension 'ignore_ament_install'
[0.744s] Level 1:colcon.colcon_core.package_identification:_identify(src/nav_tf_bridge) by extensions ['colcon_pkg']
[0.744s] Level 1:colcon.colcon_core.package_identification:_identify(src/nav_tf_bridge) by extension 'colcon_pkg'
[0.744s] Level 1:colcon.colcon_core.package_identification:_identify(src/nav_tf_bridge) by extensions ['colcon_meta']
[0.744s] Level 1:colcon.colcon_core.package_identification:_identify(src/nav_tf_bridge) by extension 'colcon_meta'
[0.744s] Level 1:colcon.colcon_core.package_identification:_identify(src/nav_tf_bridge) by extensions ['ros']
[0.745s] Level 1:colcon.colcon_core.package_identification:_identify(src/nav_tf_bridge) by extension 'ros'
[0.746s] DEBUG:colcon.colcon_core.package_identification:Package 'src/nav_tf_bridge' with type 'ros.ament_cmake' and name 'nav_tf_bridge'
[0.747s] Level 1:colcon.colcon_core.package_identification:_identify(src/ranger_ros2) by extensions ['ignore', 'ignore_ament_install']
[0.747s] Level 1:colcon.colcon_core.package_identification:_identify(src/ranger_ros2) by extension 'ignore'
[0.747s] Level 1:colcon.colcon_core.package_identification:_identify(src/ranger_ros2) by extension 'ignore_ament_install'
[0.747s] Level 1:colcon.colcon_core.package_identification:_identify(src/ranger_ros2) by extensions ['colcon_pkg']
[0.747s] Level 1:colcon.colcon_core.package_identification:_identify(src/ranger_ros2) by extension 'colcon_pkg'
[0.747s] Level 1:colcon.colcon_core.package_identification:_identify(src/ranger_ros2) by extensions ['colcon_meta']
[0.748s] Level 1:colcon.colcon_core.package_identification:_identify(src/ranger_ros2) by extension 'colcon_meta'
[0.748s] Level 1:colcon.colcon_core.package_identification:_identify(src/ranger_ros2) by extensions ['ros']
[0.748s] Level 1:colcon.colcon_core.package_identification:_identify(src/ranger_ros2) by extension 'ros'
[0.748s] Level 1:colcon.colcon_core.package_identification:_identify(src/ranger_ros2) by extensions ['cmake', 'python']
[0.748s] Level 1:colcon.colcon_core.package_identification:_identify(src/ranger_ros2) by extension 'cmake'
[0.748s] Level 1:colcon.colcon_core.package_identification:_identify(src/ranger_ros2) by extension 'python'
[0.748s] Level 1:colcon.colcon_core.package_identification:_identify(src/ranger_ros2) by extensions ['python_setup_py']
[0.748s] Level 1:colcon.colcon_core.package_identification:_identify(src/ranger_ros2) by extension 'python_setup_py'
[0.749s] Level 1:colcon.colcon_core.package_identification:_identify(src/ranger_ros2/docs) by extensions ['ignore', 'ignore_ament_install']
[0.749s] Level 1:colcon.colcon_core.package_identification:_identify(src/ranger_ros2/docs) by extension 'ignore'
[0.749s] Level 1:colcon.colcon_core.package_identification:_identify(src/ranger_ros2/docs) by extension 'ignore_ament_install'
[0.749s] Level 1:colcon.colcon_core.package_identification:_identify(src/ranger_ros2/docs) by extensions ['colcon_pkg']
[0.749s] Level 1:colcon.colcon_core.package_identification:_identify(src/ranger_ros2/docs) by extension 'colcon_pkg'
[0.749s] Level 1:colcon.colcon_core.package_identification:_identify(src/ranger_ros2/docs) by extensions ['colcon_meta']
[0.749s] Level 1:colcon.colcon_core.package_identification:_identify(src/ranger_ros2/docs) by extension 'colcon_meta'
[0.750s] Level 1:colcon.colcon_core.package_identification:_identify(src/ranger_ros2/docs) by extensions ['ros']
[0.750s] Level 1:colcon.colcon_core.package_identification:_identify(src/ranger_ros2/docs) by extension 'ros'
[0.750s] Level 1:colcon.colcon_core.package_identification:_identify(src/ranger_ros2/docs) by extensions ['cmake', 'python']
[0.750s] Level 1:colcon.colcon_core.package_identification:_identify(src/ranger_ros2/docs) by extension 'cmake'
[0.750s] Level 1:colcon.colcon_core.package_identification:_identify(src/ranger_ros2/docs) by extension 'python'
[0.750s] Level 1:colcon.colcon_core.package_identification:_identify(src/ranger_ros2/docs) by extensions ['python_setup_py']
[0.750s] Level 1:colcon.colcon_core.package_identification:_identify(src/ranger_ros2/docs) by extension 'python_setup_py'
[0.750s] Level 1:colcon.colcon_core.package_identification:_identify(src/ranger_ros2/ranger_base) by extensions ['ignore', 'ignore_ament_install']
[0.751s] Level 1:colcon.colcon_core.package_identification:_identify(src/ranger_ros2/ranger_base) by extension 'ignore'
[0.751s] Level 1:colcon.colcon_core.package_identification:_identify(src/ranger_ros2/ranger_base) by extension 'ignore_ament_install'
[0.751s] Level 1:colcon.colcon_core.package_identification:_identify(src/ranger_ros2/ranger_base) by extensions ['colcon_pkg']
[0.751s] Level 1:colcon.colcon_core.package_identification:_identify(src/ranger_ros2/ranger_base) by extension 'colcon_pkg'
[0.751s] Level 1:colcon.colcon_core.package_identification:_identify(src/ranger_ros2/ranger_base) by extensions ['colcon_meta']
[0.751s] Level 1:colcon.colcon_core.package_identification:_identify(src/ranger_ros2/ranger_base) by extension 'colcon_meta'
[0.751s] Level 1:colcon.colcon_core.package_identification:_identify(src/ranger_ros2/ranger_base) by extensions ['ros']
[0.751s] Level 1:colcon.colcon_core.package_identification:_identify(src/ranger_ros2/ranger_base) by extension 'ros'
[0.754s] DEBUG:colcon.colcon_core.package_identification:Package 'src/ranger_ros2/ranger_base' with type 'ros.ament_cmake' and name 'ranger_base'
[0.755s] Level 1:colcon.colcon_core.package_identification:_identify(src/ranger_ros2/ranger_bringup) by extensions ['ignore', 'ignore_ament_install']
[0.755s] Level 1:colcon.colcon_core.package_identification:_identify(src/ranger_ros2/ranger_bringup) by extension 'ignore'
[0.755s] Level 1:colcon.colcon_core.package_identification:_identify(src/ranger_ros2/ranger_bringup) by extension 'ignore_ament_install'
[0.755s] Level 1:colcon.colcon_core.package_identification:_identify(src/ranger_ros2/ranger_bringup) by extensions ['colcon_pkg']
[0.756s] Level 1:colcon.colcon_core.package_identification:_identify(src/ranger_ros2/ranger_bringup) by extension 'colcon_pkg'
[0.756s] Level 1:colcon.colcon_core.package_identification:_identify(src/ranger_ros2/ranger_bringup) by extensions ['colcon_meta']
[0.756s] Level 1:colcon.colcon_core.package_identification:_identify(src/ranger_ros2/ranger_bringup) by extension 'colcon_meta'
[0.756s] Level 1:colcon.colcon_core.package_identification:_identify(src/ranger_ros2/ranger_bringup) by extensions ['ros']
[0.756s] Level 1:colcon.colcon_core.package_identification:_identify(src/ranger_ros2/ranger_bringup) by extension 'ros'
[0.757s] DEBUG:colcon.colcon_core.package_identification:Package 'src/ranger_ros2/ranger_bringup' with type 'ros.ament_cmake' and name 'ranger_bringup'
[0.757s] Level 1:colcon.colcon_core.package_identification:_identify(src/ranger_ros2/ranger_msgs) by extensions ['ignore', 'ignore_ament_install']
[0.758s] Level 1:colcon.colcon_core.package_identification:_identify(src/ranger_ros2/ranger_msgs) by extension 'ignore'
[0.758s] Level 1:colcon.colcon_core.package_identification:_identify(src/ranger_ros2/ranger_msgs) by extension 'ignore_ament_install'
[0.758s] Level 1:colcon.colcon_core.package_identification:_identify(src/ranger_ros2/ranger_msgs) by extensions ['colcon_pkg']
[0.758s] Level 1:colcon.colcon_core.package_identification:_identify(src/ranger_ros2/ranger_msgs) by extension 'colcon_pkg'
[0.758s] Level 1:colcon.colcon_core.package_identification:_identify(src/ranger_ros2/ranger_msgs) by extensions ['colcon_meta']
[0.758s] Level 1:colcon.colcon_core.package_identification:_identify(src/ranger_ros2/ranger_msgs) by extension 'colcon_meta'
[0.758s] Level 1:colcon.colcon_core.package_identification:_identify(src/ranger_ros2/ranger_msgs) by extensions ['ros']
[0.758s] Level 1:colcon.colcon_core.package_identification:_identify(src/ranger_ros2/ranger_msgs) by extension 'ros'
[0.760s] DEBUG:colcon.colcon_core.package_identification:Package 'src/ranger_ros2/ranger_msgs' with type 'ros.ament_cmake' and name 'ranger_msgs'
[0.760s] Level 1:colcon.colcon_core.package_identification:_identify(src/slam) by extensions ['ignore', 'ignore_ament_install']
[0.760s] Level 1:colcon.colcon_core.package_identification:_identify(src/slam) by extension 'ignore'
[0.760s] Level 1:colcon.colcon_core.package_identification:_identify(src/slam) by extension 'ignore_ament_install'
[0.760s] Level 1:colcon.colcon_core.package_identification:_identify(src/slam) by extensions ['colcon_pkg']
[0.761s] Level 1:colcon.colcon_core.package_identification:_identify(src/slam) by extension 'colcon_pkg'
[0.761s] Level 1:colcon.colcon_core.package_identification:_identify(src/slam) by extensions ['colcon_meta']
[0.761s] Level 1:colcon.colcon_core.package_identification:_identify(src/slam) by extension 'colcon_meta'
[0.761s] Level 1:colcon.colcon_core.package_identification:_identify(src/slam) by extensions ['ros']
[0.761s] Level 1:colcon.colcon_core.package_identification:_identify(src/slam) by extension 'ros'
[0.761s] Level 1:colcon.colcon_core.package_identification:_identify(src/slam) by extensions ['cmake', 'python']
[0.761s] Level 1:colcon.colcon_core.package_identification:_identify(src/slam) by extension 'cmake'
[0.761s] Level 1:colcon.colcon_core.package_identification:_identify(src/slam) by extension 'python'
[0.762s] Level 1:colcon.colcon_core.package_identification:_identify(src/slam) by extensions ['python_setup_py']
[0.762s] Level 1:colcon.colcon_core.package_identification:_identify(src/slam) by extension 'python_setup_py'
[0.762s] Level 1:colcon.colcon_core.package_identification:_identify(src/slam/fast_lio) by extensions ['ignore', 'ignore_ament_install']
[0.762s] Level 1:colcon.colcon_core.package_identification:_identify(src/slam/fast_lio) by extension 'ignore'
[0.762s] Level 1:colcon.colcon_core.package_identification:_identify(src/slam/fast_lio) by extension 'ignore_ament_install'
[0.762s] Level 1:colcon.colcon_core.package_identification:_identify(src/slam/fast_lio) by extensions ['colcon_pkg']
[0.762s] Level 1:colcon.colcon_core.package_identification:_identify(src/slam/fast_lio) by extension 'colcon_pkg'
[0.763s] Level 1:colcon.colcon_core.package_identification:_identify(src/slam/fast_lio) by extensions ['colcon_meta']
[0.763s] Level 1:colcon.colcon_core.package_identification:_identify(src/slam/fast_lio) by extension 'colcon_meta'
[0.763s] Level 1:colcon.colcon_core.package_identification:_identify(src/slam/fast_lio) by extensions ['ros']
[0.763s] Level 1:colcon.colcon_core.package_identification:_identify(src/slam/fast_lio) by extension 'ros'
[0.766s] DEBUG:colcon.colcon_core.package_identification:Package 'src/slam/fast_lio' with type 'ros.ament_cmake' and name 'fast_lio'
[0.766s] Level 1:colcon.colcon_core.package_identification:_identify(src/ugv_sdk) by extensions ['ignore', 'ignore_ament_install']
[0.766s] Level 1:colcon.colcon_core.package_identification:_identify(src/ugv_sdk) by extension 'ignore'
[0.766s] Level 1:colcon.colcon_core.package_identification:_identify(src/ugv_sdk) by extension 'ignore_ament_install'
[0.766s] Level 1:colcon.colcon_core.package_identification:_identify(src/ugv_sdk) by extensions ['colcon_pkg']
[0.766s] Level 1:colcon.colcon_core.package_identification:_identify(src/ugv_sdk) by extension 'colcon_pkg'
[0.767s] Level 1:colcon.colcon_core.package_identification:_identify(src/ugv_sdk) by extensions ['colcon_meta']
[0.767s] Level 1:colcon.colcon_core.package_identification:_identify(src/ugv_sdk) by extension 'colcon_meta'
[0.767s] Level 1:colcon.colcon_core.package_identification:_identify(src/ugv_sdk) by extensions ['ros']
[0.767s] Level 1:colcon.colcon_core.package_identification:_identify(src/ugv_sdk) by extension 'ros'
[0.768s] DEBUG:colcon.colcon_core.package_identification:Package 'src/ugv_sdk' with type 'ros.catkin' and name 'ugv_sdk'
[0.768s] Level 1:colcon.colcon_core.package_discovery:discover_packages(recursive) using defaults
[0.768s] Level 1:colcon.colcon_core.package_discovery:discover_packages(ignore) discover
[0.768s] Level 1:colcon.colcon_core.package_discovery:discover_packages(ignore) using defaults
[0.768s] Level 1:colcon.colcon_core.package_discovery:discover_packages(path) discover
[0.769s] Level 1:colcon.colcon_core.package_discovery:discover_packages(path) using defaults
[0.853s] INFO:colcon.colcon_core.package_selection:Skipping not selected package 'livox_ros_driver2' in 'src/driver/livox_ros_driver2'
[0.853s] INFO:colcon.colcon_core.package_selection:Skipping not selected package 'ranger_bringup' in 'src/ranger_ros2/ranger_bringup'
[0.853s] INFO:colcon.colcon_core.package_selection:Skipping not selected package 'ranger_msgs' in 'src/ranger_ros2/ranger_msgs'
[0.853s] INFO:colcon.colcon_core.package_selection:Skipping not selected package 'ugv_sdk' in 'src/ugv_sdk'
[0.853s] INFO:colcon.colcon_core.package_selection:Skipping not selected package 'vikit_common' in 'src/depd/rpg_vikit/vikit_common'
[0.853s] INFO:colcon.colcon_core.package_selection:Skipping not selected package 'fast_lio' in 'src/slam/fast_lio'
[0.853s] INFO:colcon.colcon_core.package_selection:Skipping not selected package 'ranger_base' in 'src/ranger_ros2/ranger_base'
[0.853s] INFO:colcon.colcon_core.package_selection:Skipping not selected package 'vikit_ros' in 'src/depd/rpg_vikit/vikit_ros'
[0.855s] Level 1:colcon.colcon_core.package_discovery:discover_packages(prefix_path) check parameters
[0.855s] Level 1:colcon.colcon_core.package_discovery:discover_packages(prefix_path) discover
[0.861s] DEBUG:colcon.colcon_installed_package_information.package_discovery:Found 321 installed packages in /opt/ros/humble
[0.865s] Level 1:colcon.colcon_core.package_discovery:discover_packages(prefix_path) using defaults
[0.970s] Level 5:colcon.colcon_core.verb:set package 'nav_tf_bridge' build argument 'cmake_args' from command line to 'None'
[0.970s] Level 5:colcon.colcon_core.verb:set package 'nav_tf_bridge' build argument 'cmake_target' from command line to 'None'
[0.970s] Level 5:colcon.colcon_core.verb:set package 'nav_tf_bridge' build argument 'cmake_target_skip_unavailable' from command line to 'False'
[0.970s] Level 5:colcon.colcon_core.verb:set package 'nav_tf_bridge' build argument 'cmake_clean_cache' from command line to 'False'
[0.971s] Level 5:colcon.colcon_core.verb:set package 'nav_tf_bridge' build argument 'cmake_clean_first' from command line to 'False'
[0.971s] Level 5:colcon.colcon_core.verb:set package 'nav_tf_bridge' build argument 'cmake_force_configure' from command line to 'False'
[0.971s] Level 5:colcon.colcon_core.verb:set package 'nav_tf_bridge' build argument 'ament_cmake_args' from command line to 'None'
[0.971s] Level 5:colcon.colcon_core.verb:set package 'nav_tf_bridge' build argument 'catkin_cmake_args' from command line to 'None'
[0.971s] Level 5:colcon.colcon_core.verb:set package 'nav_tf_bridge' build argument 'catkin_skip_building_tests' from command line to 'False'
[0.971s] DEBUG:colcon.colcon_core.verb:Building package 'nav_tf_bridge' with the following arguments: {'ament_cmake_args': None, 'build_base': '/home/seeed/ros2/ws/build/nav_tf_bridge', 'catkin_cmake_args': None, 'catkin_skip_building_tests': False, 'cmake_args': None, 'cmake_clean_cache': False, 'cmake_clean_first': False, 'cmake_force_configure': False, 'cmake_target': None, 'cmake_target_skip_unavailable': False, 'install_base': '/home/seeed/ros2/ws/install/nav_tf_bridge', 'merge_install': False, 'path': '/home/seeed/ros2/ws/src/nav_tf_bridge', 'symlink_install': True, 'test_result_base': None}
[0.972s] Level 5:colcon.colcon_core.verb:set package 'pcd_ndt_localization' build argument 'cmake_args' from command line to 'None'
[0.972s] Level 5:colcon.colcon_core.verb:set package 'pcd_ndt_localization' build argument 'cmake_target' from command line to 'None'
[0.972s] Level 5:colcon.colcon_core.verb:set package 'pcd_ndt_localization' build argument 'cmake_target_skip_unavailable' from command line to 'False'
[0.972s] Level 5:colcon.colcon_core.verb:set package 'pcd_ndt_localization' build argument 'cmake_clean_cache' from command line to 'False'
[0.972s] Level 5:colcon.colcon_core.verb:set package 'pcd_ndt_localization' build argument 'cmake_clean_first' from command line to 'False'
[0.972s] Level 5:colcon.colcon_core.verb:set package 'pcd_ndt_localization' build argument 'cmake_force_configure' from command line to 'False'
[0.972s] Level 5:colcon.colcon_core.verb:set package 'pcd_ndt_localization' build argument 'ament_cmake_args' from command line to 'None'
[0.972s] Level 5:colcon.colcon_core.verb:set package 'pcd_ndt_localization' build argument 'catkin_cmake_args' from command line to 'None'
[0.972s] Level 5:colcon.colcon_core.verb:set package 'pcd_ndt_localization' build argument 'catkin_skip_building_tests' from command line to 'False'
[0.973s] DEBUG:colcon.colcon_core.verb:Building package 'pcd_ndt_localization' with the following arguments: {'ament_cmake_args': None, 'build_base': '/home/seeed/ros2/ws/build/pcd_ndt_localization', 'catkin_cmake_args': None, 'catkin_skip_building_tests': False, 'cmake_args': None, 'cmake_clean_cache': False, 'cmake_clean_first': False, 'cmake_force_configure': False, 'cmake_target': None, 'cmake_target_skip_unavailable': False, 'install_base': '/home/seeed/ros2/ws/install/pcd_ndt_localization', 'merge_install': False, 'path': '/home/seeed/ros2/ws/src/localization/pcd_ndt_localization', 'symlink_install': True, 'test_result_base': None}
[0.973s] INFO:colcon.colcon_core.executor:Executing jobs using 'parallel' executor
[0.976s] DEBUG:colcon.colcon_parallel_executor.executor.parallel:run_until_complete
[0.976s] INFO:colcon.colcon_ros.task.ament_cmake.build:Building ROS package in '/home/seeed/ros2/ws/src/nav_tf_bridge' with build type 'ament_cmake'
[0.977s] INFO:colcon.colcon_cmake.task.cmake.build:Building CMake package in '/home/seeed/ros2/ws/src/nav_tf_bridge'
[0.982s] INFO:colcon.colcon_core.plugin_system:Skipping extension 'colcon_core.shell.bat': Not used on non-Windows systems
[0.983s] INFO:colcon.colcon_core.shell:Skip shell extension 'powershell' for command environment: Not usable outside of PowerShell
[0.983s] DEBUG:colcon.colcon_core.shell:Skip shell extension 'dsv' for command environment
[0.991s] INFO:colcon.colcon_ros.task.ament_cmake.build:Building ROS package in '/home/seeed/ros2/ws/src/localization/pcd_ndt_localization' with build type 'ament_cmake'
[0.991s] INFO:colcon.colcon_cmake.task.cmake.build:Building CMake package in '/home/seeed/ros2/ws/src/localization/pcd_ndt_localization'
[0.992s] INFO:colcon.colcon_core.shell:Skip shell extension 'powershell' for command environment: Not usable outside of PowerShell
[0.992s] DEBUG:colcon.colcon_core.shell:Skip shell extension 'dsv' for command environment
[1.008s] DEBUG:colcon.colcon_core.event_handler.log_command:Invoking command in '/home/seeed/ros2/ws/build/nav_tf_bridge': CMAKE_PREFIX_PATH=/opt/ros/humble /usr/local/bin/cmake --build /home/seeed/ros2/ws/build/nav_tf_bridge -- -j6 -l6
[1.014s] DEBUG:colcon.colcon_core.event_handler.log_command:Invoking command in '/home/seeed/ros2/ws/build/pcd_ndt_localization': CMAKE_PREFIX_PATH=/opt/ros/humble /usr/local/bin/cmake --build /home/seeed/ros2/ws/build/pcd_ndt_localization -- -j6 -l6
[1.109s] DEBUG:colcon.colcon_core.event_handler.log_command:Invoked command in '/home/seeed/ros2/ws/build/pcd_ndt_localization' returned '0': CMAKE_PREFIX_PATH=/opt/ros/humble /usr/local/bin/cmake --build /home/seeed/ros2/ws/build/pcd_ndt_localization -- -j6 -l6
[1.117s] DEBUG:colcon.colcon_core.event_handler.log_command:Invoking command in '/home/seeed/ros2/ws/build/pcd_ndt_localization': CMAKE_PREFIX_PATH=/opt/ros/humble /usr/local/bin/cmake --install /home/seeed/ros2/ws/build/pcd_ndt_localization
[1.136s] Level 1:colcon.colcon_core.environment:create_environment_scripts_only(pcd_ndt_localization)
[1.137s] DEBUG:colcon.colcon_core.event_handler.log_command:Invoked command in '/home/seeed/ros2/ws/build/pcd_ndt_localization' returned '0': CMAKE_PREFIX_PATH=/opt/ros/humble /usr/local/bin/cmake --install /home/seeed/ros2/ws/build/pcd_ndt_localization
[1.143s] Level 1:colcon.colcon_core.environment:checking '/home/seeed/ros2/ws/install/pcd_ndt_localization' for CMake module files
[1.144s] Level 1:colcon.colcon_core.environment:checking '/home/seeed/ros2/ws/install/pcd_ndt_localization' for CMake config files
[1.145s] Level 1:colcon.colcon_core.shell:create_environment_hook('pcd_ndt_localization', 'cmake_prefix_path')
[1.146s] INFO:colcon.colcon_core.shell:Creating environment hook '/home/seeed/ros2/ws/install/pcd_ndt_localization/share/pcd_ndt_localization/hook/cmake_prefix_path.ps1'
[1.148s] INFO:colcon.colcon_core.shell:Creating environment descriptor '/home/seeed/ros2/ws/install/pcd_ndt_localization/share/pcd_ndt_localization/hook/cmake_prefix_path.dsv'
[1.149s] INFO:colcon.colcon_core.shell:Creating environment hook '/home/seeed/ros2/ws/install/pcd_ndt_localization/share/pcd_ndt_localization/hook/cmake_prefix_path.sh'
[1.151s] Level 1:colcon.colcon_core.environment:checking '/home/seeed/ros2/ws/install/pcd_ndt_localization/lib'
[1.151s] Level 1:colcon.colcon_core.environment:checking '/home/seeed/ros2/ws/install/pcd_ndt_localization/bin'
[1.152s] Level 1:colcon.colcon_core.environment:checking '/home/seeed/ros2/ws/install/pcd_ndt_localization/lib/pkgconfig/pcd_ndt_localization.pc'
[1.152s] Level 1:colcon.colcon_core.environment:checking '/home/seeed/ros2/ws/install/pcd_ndt_localization/lib/python3.10/site-packages'
[1.153s] Level 1:colcon.colcon_core.environment:checking '/home/seeed/ros2/ws/install/pcd_ndt_localization/bin'
[1.154s] INFO:colcon.colcon_core.shell:Creating package script '/home/seeed/ros2/ws/install/pcd_ndt_localization/share/pcd_ndt_localization/package.ps1'
[1.157s] INFO:colcon.colcon_core.shell:Creating package descriptor '/home/seeed/ros2/ws/install/pcd_ndt_localization/share/pcd_ndt_localization/package.dsv'
[1.158s] INFO:colcon.colcon_core.shell:Creating package script '/home/seeed/ros2/ws/install/pcd_ndt_localization/share/pcd_ndt_localization/package.sh'
[1.160s] INFO:colcon.colcon_core.shell:Creating package script '/home/seeed/ros2/ws/install/pcd_ndt_localization/share/pcd_ndt_localization/package.bash'
[1.162s] INFO:colcon.colcon_core.shell:Creating package script '/home/seeed/ros2/ws/install/pcd_ndt_localization/share/pcd_ndt_localization/package.zsh'
[1.163s] Level 1:colcon.colcon_core.environment:create_file_with_runtime_dependencies(/home/seeed/ros2/ws/install/pcd_ndt_localization/share/colcon-core/packages/pcd_ndt_localization)
[1.165s] Level 1:colcon.colcon_core.environment:create_environment_scripts_only(pcd_ndt_localization)
[1.166s] Level 1:colcon.colcon_core.environment:checking '/home/seeed/ros2/ws/install/pcd_ndt_localization' for CMake module files
[1.167s] Level 1:colcon.colcon_core.environment:checking '/home/seeed/ros2/ws/install/pcd_ndt_localization' for CMake config files
[1.168s] Level 1:colcon.colcon_core.shell:create_environment_hook('pcd_ndt_localization', 'cmake_prefix_path')
[1.168s] INFO:colcon.colcon_core.shell:Creating environment hook '/home/seeed/ros2/ws/install/pcd_ndt_localization/share/pcd_ndt_localization/hook/cmake_prefix_path.ps1'
[1.169s] INFO:colcon.colcon_core.shell:Creating environment descriptor '/home/seeed/ros2/ws/install/pcd_ndt_localization/share/pcd_ndt_localization/hook/cmake_prefix_path.dsv'
[1.170s] INFO:colcon.colcon_core.shell:Creating environment hook '/home/seeed/ros2/ws/install/pcd_ndt_localization/share/pcd_ndt_localization/hook/cmake_prefix_path.sh'
[1.172s] Level 1:colcon.colcon_core.environment:checking '/home/seeed/ros2/ws/install/pcd_ndt_localization/lib'
[1.172s] Level 1:colcon.colcon_core.environment:checking '/home/seeed/ros2/ws/install/pcd_ndt_localization/bin'
[1.172s] Level 1:colcon.colcon_core.environment:checking '/home/seeed/ros2/ws/install/pcd_ndt_localization/lib/pkgconfig/pcd_ndt_localization.pc'
[1.173s] Level 1:colcon.colcon_core.environment:checking '/home/seeed/ros2/ws/install/pcd_ndt_localization/lib/python3.10/site-packages'
[1.173s] Level 1:colcon.colcon_core.environment:checking '/home/seeed/ros2/ws/install/pcd_ndt_localization/bin'
[1.174s] INFO:colcon.colcon_core.shell:Creating package script '/home/seeed/ros2/ws/install/pcd_ndt_localization/share/pcd_ndt_localization/package.ps1'
[1.176s] INFO:colcon.colcon_core.shell:Creating package descriptor '/home/seeed/ros2/ws/install/pcd_ndt_localization/share/pcd_ndt_localization/package.dsv'
[1.177s] INFO:colcon.colcon_core.shell:Creating package script '/home/seeed/ros2/ws/install/pcd_ndt_localization/share/pcd_ndt_localization/package.sh'
[1.178s] INFO:colcon.colcon_core.shell:Creating package script '/home/seeed/ros2/ws/install/pcd_ndt_localization/share/pcd_ndt_localization/package.bash'
[1.179s] INFO:colcon.colcon_core.shell:Creating package script '/home/seeed/ros2/ws/install/pcd_ndt_localization/share/pcd_ndt_localization/package.zsh'
[1.180s] Level 1:colcon.colcon_core.environment:create_file_with_runtime_dependencies(/home/seeed/ros2/ws/install/pcd_ndt_localization/share/colcon-core/packages/pcd_ndt_localization)
[30.254s] DEBUG:colcon.colcon_core.event_handler.log_command:Invoked command in '/home/seeed/ros2/ws/build/nav_tf_bridge' returned '0': CMAKE_PREFIX_PATH=/opt/ros/humble /usr/local/bin/cmake --build /home/seeed/ros2/ws/build/nav_tf_bridge -- -j6 -l6
[30.257s] DEBUG:colcon.colcon_core.event_handler.log_command:Invoking command in '/home/seeed/ros2/ws/build/nav_tf_bridge': CMAKE_PREFIX_PATH=/opt/ros/humble /usr/local/bin/cmake --install /home/seeed/ros2/ws/build/nav_tf_bridge
[30.276s] Level 1:colcon.colcon_core.environment:create_environment_scripts_only(nav_tf_bridge)
[30.278s] Level 1:colcon.colcon_core.environment:checking '/home/seeed/ros2/ws/install/nav_tf_bridge' for CMake module files
[30.279s] DEBUG:colcon.colcon_core.event_handler.log_command:Invoked command in '/home/seeed/ros2/ws/build/nav_tf_bridge' returned '0': CMAKE_PREFIX_PATH=/opt/ros/humble /usr/local/bin/cmake --install /home/seeed/ros2/ws/build/nav_tf_bridge
[30.281s] Level 1:colcon.colcon_core.environment:checking '/home/seeed/ros2/ws/install/nav_tf_bridge' for CMake config files
[30.282s] Level 1:colcon.colcon_core.shell:create_environment_hook('nav_tf_bridge', 'cmake_prefix_path')
[30.283s] INFO:colcon.colcon_core.shell:Creating environment hook '/home/seeed/ros2/ws/install/nav_tf_bridge/share/nav_tf_bridge/hook/cmake_prefix_path.ps1'
[30.286s] INFO:colcon.colcon_core.shell:Creating environment descriptor '/home/seeed/ros2/ws/install/nav_tf_bridge/share/nav_tf_bridge/hook/cmake_prefix_path.dsv'
[30.287s] INFO:colcon.colcon_core.shell:Creating environment hook '/home/seeed/ros2/ws/install/nav_tf_bridge/share/nav_tf_bridge/hook/cmake_prefix_path.sh'
[30.290s] Level 1:colcon.colcon_core.environment:checking '/home/seeed/ros2/ws/install/nav_tf_bridge/lib'
[30.290s] Level 1:colcon.colcon_core.environment:checking '/home/seeed/ros2/ws/install/nav_tf_bridge/bin'
[30.290s] Level 1:colcon.colcon_core.environment:checking '/home/seeed/ros2/ws/install/nav_tf_bridge/lib/pkgconfig/nav_tf_bridge.pc'
[30.291s] Level 1:colcon.colcon_core.environment:checking '/home/seeed/ros2/ws/install/nav_tf_bridge/lib/python3.10/site-packages'
[30.293s] Level 1:colcon.colcon_core.environment:checking '/home/seeed/ros2/ws/install/nav_tf_bridge/bin'
[30.294s] INFO:colcon.colcon_core.shell:Creating package script '/home/seeed/ros2/ws/install/nav_tf_bridge/share/nav_tf_bridge/package.ps1'
[30.296s] INFO:colcon.colcon_core.shell:Creating package descriptor '/home/seeed/ros2/ws/install/nav_tf_bridge/share/nav_tf_bridge/package.dsv'
[30.298s] INFO:colcon.colcon_core.shell:Creating package script '/home/seeed/ros2/ws/install/nav_tf_bridge/share/nav_tf_bridge/package.sh'
[30.300s] INFO:colcon.colcon_core.shell:Creating package script '/home/seeed/ros2/ws/install/nav_tf_bridge/share/nav_tf_bridge/package.bash'
[30.301s] INFO:colcon.colcon_core.shell:Creating package script '/home/seeed/ros2/ws/install/nav_tf_bridge/share/nav_tf_bridge/package.zsh'
[30.303s] Level 1:colcon.colcon_core.environment:create_file_with_runtime_dependencies(/home/seeed/ros2/ws/install/nav_tf_bridge/share/colcon-core/packages/nav_tf_bridge)
[30.305s] Level 1:colcon.colcon_core.environment:create_environment_scripts_only(nav_tf_bridge)
[30.306s] Level 1:colcon.colcon_core.environment:checking '/home/seeed/ros2/ws/install/nav_tf_bridge' for CMake module files
[30.308s] Level 1:colcon.colcon_core.environment:checking '/home/seeed/ros2/ws/install/nav_tf_bridge' for CMake config files
[30.309s] Level 1:colcon.colcon_core.shell:create_environment_hook('nav_tf_bridge', 'cmake_prefix_path')
[30.310s] INFO:colcon.colcon_core.shell:Creating environment hook '/home/seeed/ros2/ws/install/nav_tf_bridge/share/nav_tf_bridge/hook/cmake_prefix_path.ps1'
[30.312s] INFO:colcon.colcon_core.shell:Creating environment descriptor '/home/seeed/ros2/ws/install/nav_tf_bridge/share/nav_tf_bridge/hook/cmake_prefix_path.dsv'
[30.313s] INFO:colcon.colcon_core.shell:Creating environment hook '/home/seeed/ros2/ws/install/nav_tf_bridge/share/nav_tf_bridge/hook/cmake_prefix_path.sh'
[30.316s] Level 1:colcon.colcon_core.environment:checking '/home/seeed/ros2/ws/install/nav_tf_bridge/lib'
[30.316s] Level 1:colcon.colcon_core.environment:checking '/home/seeed/ros2/ws/install/nav_tf_bridge/bin'
[30.316s] Level 1:colcon.colcon_core.environment:checking '/home/seeed/ros2/ws/install/nav_tf_bridge/lib/pkgconfig/nav_tf_bridge.pc'
[30.317s] Level 1:colcon.colcon_core.environment:checking '/home/seeed/ros2/ws/install/nav_tf_bridge/lib/python3.10/site-packages'
[30.319s] Level 1:colcon.colcon_core.environment:checking '/home/seeed/ros2/ws/install/nav_tf_bridge/bin'
[30.320s] INFO:colcon.colcon_core.shell:Creating package script '/home/seeed/ros2/ws/install/nav_tf_bridge/share/nav_tf_bridge/package.ps1'
[30.322s] INFO:colcon.colcon_core.shell:Creating package descriptor '/home/seeed/ros2/ws/install/nav_tf_bridge/share/nav_tf_bridge/package.dsv'
[30.324s] INFO:colcon.colcon_core.shell:Creating package script '/home/seeed/ros2/ws/install/nav_tf_bridge/share/nav_tf_bridge/package.sh'
[30.326s] INFO:colcon.colcon_core.shell:Creating package script '/home/seeed/ros2/ws/install/nav_tf_bridge/share/nav_tf_bridge/package.bash'
[30.328s] INFO:colcon.colcon_core.shell:Creating package script '/home/seeed/ros2/ws/install/nav_tf_bridge/share/nav_tf_bridge/package.zsh'
[30.329s] Level 1:colcon.colcon_core.environment:create_file_with_runtime_dependencies(/home/seeed/ros2/ws/install/nav_tf_bridge/share/colcon-core/packages/nav_tf_bridge)
[30.330s] DEBUG:colcon.colcon_parallel_executor.executor.parallel:closing loop
[30.331s] DEBUG:colcon.colcon_parallel_executor.executor.parallel:loop closed
[30.331s] DEBUG:colcon.colcon_parallel_executor.executor.parallel:run_until_complete finished with '0'
[30.331s] DEBUG:colcon.colcon_core.event_reactor:joining thread
[30.332s] DEBUG:colcon.colcon_core.event_reactor:joined thread
[30.333s] INFO:colcon.colcon_core.shell:Creating prefix script '/home/seeed/ros2/ws/install/local_setup.ps1'
[30.336s] INFO:colcon.colcon_core.shell:Creating prefix util module '/home/seeed/ros2/ws/install/_local_setup_util_ps1.py'
[30.341s] INFO:colcon.colcon_core.shell:Creating prefix chain script '/home/seeed/ros2/ws/install/setup.ps1'
[30.344s] INFO:colcon.colcon_core.shell:Creating prefix script '/home/seeed/ros2/ws/install/local_setup.sh'
[30.346s] INFO:colcon.colcon_core.shell:Creating prefix util module '/home/seeed/ros2/ws/install/_local_setup_util_sh.py'
[30.348s] INFO:colcon.colcon_core.shell:Creating prefix chain script '/home/seeed/ros2/ws/install/setup.sh'
[30.350s] INFO:colcon.colcon_core.shell:Creating prefix script '/home/seeed/ros2/ws/install/local_setup.bash'
[30.352s] INFO:colcon.colcon_core.shell:Creating prefix chain script '/home/seeed/ros2/ws/install/setup.bash'
[30.354s] INFO:colcon.colcon_core.shell:Creating prefix script '/home/seeed/ros2/ws/install/local_setup.zsh'
[30.356s] INFO:colcon.colcon_core.shell:Creating prefix chain script '/home/seeed/ros2/ws/install/setup.zsh'
