[0.031s] Invoking command in '/home/seeed/ros2/ws/build/fast_lio': CMAKE_PREFIX_PATH=/home/seeed/ros2/ws/install/livox_ros_driver2:/home/seeed/ros2/ws/install/vikit_ros:/opt/ros/humble:/home/seeed/ros2/ws/install/vikit_common:/home/seeed/ros2/ws/install/ranger_base:/home/seeed/ros2/ws/install/ugv_sdk:/home/seeed/ros2/ws/install/ranger_msgs:/home/seeed/ros2/ws/install/ranger_bringup:/home/seeed/ros2/ws/install/pcd_ndt_localization:/home/seeed/ros2/ws/install/nav_tf_bridge:/home/seeed/ros2/ws/install/fast_lio LD_LIBRARY_PATH=/home/seeed/ros2/ws/install/livox_ros_driver2/lib:/home/seeed/ros2/ws/install/vikit_ros/lib:/home/seeed/ros2/ws/install/vikit_common/lib:/home/seeed/ros2/ws/install/ranger_msgs/lib:/home/seeed/ros2/ws/install/fast_lio/lib:/opt/ros/humble/opt/rviz_ogre_vendor/lib:/opt/ros/humble/lib/aarch64-linux-gnu:/opt/ros/humble/lib /usr/local/bin/cmake --build /home/seeed/ros2/ws/build/fast_lio -- -j6 -l6
[0.085s] Current CPU archtecture: aarch64
[0.092s] CMake Warning (dev) at CMakeLists.txt:47 (find_package):
[0.092s]   Policy CMP0148 is not set: The FindPythonInterp and FindPythonLibs modules
[0.092s]   are removed.  Run "cmake --help-policy CMP0148" for policy details.  Use
[0.092s]   the cmake_policy command to set the policy and suppress this warning.
[0.092s] 
[0.093s] This warning is for project developers.  Use -Wno-dev to suppress it.
[0.093s] 
[0.097s] -- Found PythonLibs: /usr/lib/aarch64-linux-gnu/libpython3.10.so (found version "3.10.12") 
[0.099s] -- Found ament_cmake: 1.3.14 (/opt/ros/humble/share/ament_cmake/cmake)
[0.551s] -- Override CMake install command with custom implementation using symlinks instead of copying resources
[0.583s] -- Found rclcpp: 16.0.19 (/opt/ros/humble/share/rclcpp/cmake)
[0.676s] -- Found rosidl_generator_c: 3.1.8 (/opt/ros/humble/share/rosidl_generator_c/cmake)
[0.683s] -- Found rosidl_adapter: 3.1.8 (/opt/ros/humble/share/rosidl_adapter/cmake)
[0.703s] -- Found rosidl_generator_cpp: 3.1.8 (/opt/ros/humble/share/rosidl_generator_cpp/cmake)
[0.734s] -- Using all available rosidl_typesupport_c: rosidl_typesupport_fastrtps_c;rosidl_typesupport_introspection_c
[0.773s] -- Using all available rosidl_typesupport_cpp: rosidl_typesupport_fastrtps_cpp;rosidl_typesupport_introspection_cpp
[0.877s] -- Found rmw_implementation_cmake: 6.1.2 (/opt/ros/humble/share/rmw_implementation_cmake/cmake)
[0.881s] -- Found rmw_fastrtps_cpp: 6.2.10 (/opt/ros/humble/share/rmw_fastrtps_cpp/cmake)
[1.139s] -- Using RMW implementation 'rmw_fastrtps_cpp' as default
[1.291s] -- Found rclcpp_components: 16.0.19 (/opt/ros/humble/share/rclcpp_components/cmake)
[1.348s] -- Found geometry_msgs: 4.9.1 (/opt/ros/humble/share/geometry_msgs/cmake)
[1.385s] -- Found nav_msgs: 4.9.1 (/opt/ros/humble/share/nav_msgs/cmake)
[1.433s] -- Found sensor_msgs: 4.9.1 (/opt/ros/humble/share/sensor_msgs/cmake)
[1.482s] -- Found std_srvs: 4.9.1 (/opt/ros/humble/share/std_srvs/cmake)
[1.511s] -- Found visualization_msgs: 4.9.1 (/opt/ros/humble/share/visualization_msgs/cmake)
[1.566s] -- Found pcl_ros: 2.4.5 (/opt/ros/humble/share/pcl_ros/cmake)
[1.659s] CMake Warning (dev) at /usr/lib/aarch64-linux-gnu/cmake/pcl/PCLConfig.cmake:146 (find_package):
[1.659s]   Policy CMP0144 is not set: find_package uses upper-case <PACKAGENAME>_ROOT
[1.659s]   variables.  Run "cmake --help-policy CMP0144" for policy details.  Use the
[1.660s]   cmake_policy command to set the policy and suppress this warning.
[1.660s] 
[1.660s]   CMake variable EIGEN_ROOT is set to:
[1.660s] 
[1.660s]     /usr/include/eigen3
[1.660s] 
[1.660s]   For compatibility, find_package is ignoring the variable, but code in a
[1.661s]   .cmake module might still use it.
[1.661s] Call Stack (most recent call first):
[1.661s]   /usr/lib/aarch64-linux-gnu/cmake/pcl/PCLConfig.cmake:299 (find_eigen)
[1.661s]   /usr/lib/aarch64-linux-gnu/cmake/pcl/PCLConfig.cmake:543 (find_external_library)
[1.661s]   /opt/ros/humble/share/pcl_conversions/cmake/ament_cmake_export_dependencies-extras.cmake:21 (find_package)
[1.661s]   /opt/ros/humble/share/pcl_conversions/cmake/pcl_conversionsConfig.cmake:41 (include)
[1.661s]   /opt/ros/humble/share/pcl_ros/cmake/ament_cmake_export_dependencies-extras.cmake:21 (find_package)
[1.662s]   /opt/ros/humble/share/pcl_ros/cmake/pcl_rosConfig.cmake:41 (include)
[1.662s]   CMakeLists.txt:60 (find_package)
[1.662s] This warning is for project developers.  Use -Wno-dev to suppress it.
[1.662s] 
[1.672s] -- Eigen found (include: /usr/include/eigen3, version: 3.4.0)
[1.705s] CMake Warning (dev) at /usr/lib/aarch64-linux-gnu/cmake/pcl/Modules/FindFLANN.cmake:44 (find_package):
[1.705s]   Policy CMP0144 is not set: find_package uses upper-case <PACKAGENAME>_ROOT
[1.705s]   variables.  Run "cmake --help-policy CMP0144" for policy details.  Use the
[1.705s]   cmake_policy command to set the policy and suppress this warning.
[1.705s] 
[1.705s]   CMake variable FLANN_ROOT is set to:
[1.705s] 
[1.706s]     /usr
[1.706s] 
[1.706s]   For compatibility, find_package is ignoring the variable, but code in a
[1.706s]   .cmake module might still use it.
[1.706s] Call Stack (most recent call first):
[1.706s]   /usr/lib/aarch64-linux-gnu/cmake/pcl/PCLConfig.cmake:256 (find_package)
[1.706s]   /usr/lib/aarch64-linux-gnu/cmake/pcl/PCLConfig.cmake:301 (find_flann)
[1.706s]   /usr/lib/aarch64-linux-gnu/cmake/pcl/PCLConfig.cmake:543 (find_external_library)
[1.707s]   /opt/ros/humble/share/pcl_conversions/cmake/ament_cmake_export_dependencies-extras.cmake:21 (find_package)
[1.707s]   /opt/ros/humble/share/pcl_conversions/cmake/pcl_conversionsConfig.cmake:41 (include)
[1.707s]   /opt/ros/humble/share/pcl_ros/cmake/ament_cmake_export_dependencies-extras.cmake:21 (find_package)
[1.707s]   /opt/ros/humble/share/pcl_ros/cmake/pcl_rosConfig.cmake:41 (include)
[1.707s]   CMakeLists.txt:60 (find_package)
[1.707s] This warning is for project developers.  Use -Wno-dev to suppress it.
[1.707s] 
[1.753s] -- FLANN found (include: /usr/include, lib: /usr/lib/aarch64-linux-gnu/libflann_cpp.so)
[2.787s] -- OpenNI found (version: 1.5.4.0, include: /usr/include/ni, lib: /usr/lib/libOpenNI.so;libusb::libusb)
[2.801s] -- OpenNI2 found (version: 2.2.0.33, include: /usr/include/openni2, lib: /usr/lib/aarch64-linux-gnu/libOpenNI2.so;libusb::libusb)
[3.393s] -- Eigen found (include: /usr/include/eigen3, version: 3.4.0)
[3.408s] -- OpenNI found (version: 1.5.4.0, include: /usr/include/ni, lib: /usr/lib/libOpenNI.so;libusb::libusb)
[3.422s] -- OpenNI2 found (version: 2.2.0.33, include: /usr/include/openni2, lib: /usr/lib/aarch64-linux-gnu/libOpenNI2.so;libusb::libusb)
[4.039s] -- Found Qhull version 8.0.2
[4.628s] -- OpenNI found (version: 1.5.4.0, include: /usr/include/ni, lib: /usr/lib/libOpenNI.so;libusb::libusb)
[5.276s] -- Found eigen3_cmake_module: 0.1.1 (/opt/ros/humble/share/eigen3_cmake_module/cmake)
[5.280s] -- Ensuring Eigen3 include directory is part of orocos-kdl CMake target
[5.464s] -- Found livox_ros_driver2: 1.0.0 (/home/seeed/ros2/ws/install/livox_ros_driver2/share/livox_ros_driver2/cmake)
[5.522s] -- Found rosidl_default_generators: 1.2.1 (/opt/ros/humble/share/rosidl_default_generators/cmake)
[5.558s] CMake Warning (dev) at CMakeLists.txt:81 (find_package):
[5.558s]   Policy CMP0074 is not set: find_package uses <PackageName>_ROOT variables.
[5.558s]   Run "cmake --help-policy CMP0074" for policy details.  Use the cmake_policy
[5.558s]   command to set the policy and suppress this warning.
[5.558s] 
[5.559s]   CMake variable PCL_ROOT is set to:
[5.559s] 
[5.559s]     /usr
[5.559s] 
[5.559s]   For compatibility, CMake is ignoring the variable.
[5.559s] This warning is for project developers.  Use -Wno-dev to suppress it.
[5.559s] 
[5.573s] Eigen:/usr/include/eigen3
[5.573s] -- PCL: /usr/include/pcl-1.12
[6.545s] -- Found ament_cmake_ros: 0.10.0 (/opt/ros/humble/share/ament_cmake_ros/cmake)
[8.200s] -- Using all available rosidl_typesupport_c: rosidl_typesupport_fastrtps_c;rosidl_typesupport_introspection_c
[8.845s] -- Using all available rosidl_typesupport_cpp: rosidl_typesupport_fastrtps_cpp;rosidl_typesupport_introspection_cpp
[8.858s] CMake Warning (dev) at /opt/ros/humble/share/rosidl_generator_py/cmake/rosidl_generator_py_generate_interfaces.cmake:20 (find_package):
[8.858s]   Policy CMP0148 is not set: The FindPythonInterp and FindPythonLibs modules
[8.858s]   are removed.  Run "cmake --help-policy CMP0148" for policy details.  Use
[8.858s]   the cmake_policy command to set the policy and suppress this warning.
[8.859s] 
[8.859s] Call Stack (most recent call first):
[8.859s]   /opt/ros/humble/share/ament_cmake_core/cmake/core/ament_execute_extensions.cmake:48 (include)
[8.859s]   /opt/ros/humble/share/rosidl_cmake/cmake/rosidl_generate_interfaces.cmake:286 (ament_execute_extensions)
[8.859s]   CMakeLists.txt:90 (rosidl_generate_interfaces)
[8.860s] This warning is for project developers.  Use -Wno-dev to suppress it.
[8.860s] 
[8.909s] -- Found python_cmake_module: 0.10.0 (/opt/ros/humble/share/python_cmake_module/cmake)
[8.911s] CMake Warning (dev) at /opt/ros/humble/share/python_cmake_module/cmake/Modules/FindPythonExtra.cmake:52 (find_package):
[8.911s]   Policy CMP0148 is not set: The FindPythonInterp and FindPythonLibs modules
[8.911s]   are removed.  Run "cmake --help-policy CMP0148" for policy details.  Use
[8.912s]   the cmake_policy command to set the policy and suppress this warning.
[8.912s] 
[8.912s] Call Stack (most recent call first):
[8.912s]   /opt/ros/humble/share/rosidl_generator_py/cmake/rosidl_generator_py_generate_interfaces.cmake:23 (find_package)
[8.913s]   /opt/ros/humble/share/ament_cmake_core/cmake/core/ament_execute_extensions.cmake:48 (include)
[8.913s]   /opt/ros/humble/share/rosidl_cmake/cmake/rosidl_generate_interfaces.cmake:286 (ament_execute_extensions)
[8.913s]   CMakeLists.txt:90 (rosidl_generate_interfaces)
[8.913s] This warning is for project developers.  Use -Wno-dev to suppress it.
[8.913s] 
[8.962s] CMake Warning (dev) at /opt/ros/humble/share/python_cmake_module/cmake/Modules/FindPythonExtra.cmake:140 (find_package):
[8.962s]   Policy CMP0148 is not set: The FindPythonInterp and FindPythonLibs modules
[8.962s]   are removed.  Run "cmake --help-policy CMP0148" for policy details.  Use
[8.963s]   the cmake_policy command to set the policy and suppress this warning.
[8.963s] 
[8.963s] Call Stack (most recent call first):
[8.963s]   /opt/ros/humble/share/rosidl_generator_py/cmake/rosidl_generator_py_generate_interfaces.cmake:23 (find_package)
[8.963s]   /opt/ros/humble/share/ament_cmake_core/cmake/core/ament_execute_extensions.cmake:48 (include)
[8.964s]   /opt/ros/humble/share/rosidl_cmake/cmake/rosidl_generate_interfaces.cmake:286 (ament_execute_extensions)
[8.964s]   CMakeLists.txt:90 (rosidl_generate_interfaces)
[8.964s] This warning is for project developers.  Use -Wno-dev to suppress it.
[8.964s] 
[8.969s] -- Found PythonLibs: /usr/lib/aarch64-linux-gnu/libpython3.10.so (found suitable version "3.10.12", minimum required is "3.5") 
[8.970s] -- Using PYTHON_EXECUTABLE: /usr/bin/python3
[8.970s] -- Using PYTHON_INCLUDE_DIRS: /usr/include/python3.10
[8.970s] -- Using PYTHON_LIBRARIES: /usr/lib/aarch64-linux-gnu/libpython3.10.so
[9.482s] -- Configuring done (9.4s)
[9.695s] -- Generating done (0.2s)
[9.735s] -- Build files have been written to: /home/seeed/ros2/ws/build/fast_lio
[9.822s] [  5%] Built target fast_lio__cpp
[9.822s] [  5%] Built target fast_lio__rs
[9.823s] [ 13%] Built target fast_lio__rosidl_generator_c
[9.826s] [ 13%] Built target ament_cmake_python_symlink_fast_lio
[9.852s] [ 30%] Built target fast_lio__rosidl_typesupport_fastrtps_c
[9.852s] [ 30%] Built target fast_lio__rosidl_typesupport_introspection_cpp
[9.852s] [ 38%] Built target fast_lio__rosidl_typesupport_cpp
[9.853s] [ 47%] Built target fast_lio__rosidl_typesupport_fastrtps_cpp
[9.855s] [ 55%] Built target fast_lio__rosidl_typesupport_c
[9.859s] [ 63%] Built target fast_lio__rosidl_typesupport_introspection_c
[9.876s] [ 63%] Built target fast_lio
[9.894s] [ 66%] Built target fast_lio__py
[9.918s] [ 72%] Built target fast_lio__rosidl_generator_py
[9.945s] [ 77%] Built target fast_lio__rosidl_typesupport_introspection_c__pyext
[9.946s] [ 83%] Built target fast_lio__rosidl_typesupport_fastrtps_c__pyext
[9.947s] [ 88%] Built target fast_lio__rosidl_typesupport_c__pyext
[9.992s] [ 91%] Building CXX object CMakeFiles/fastlio_mapping.dir/src/laserMapping.cpp.o
[9.992s] [ 94%] Building CXX object CMakeFiles/fastlio_mapping.dir/src/preprocess.cpp.o
[10.386s] running egg_info
[10.388s] writing fast_lio.egg-info/PKG-INFO
[10.388s] writing dependency_links to fast_lio.egg-info/dependency_links.txt
[10.389s] writing top-level names to fast_lio.egg-info/top_level.txt
[10.394s] reading manifest file 'fast_lio.egg-info/SOURCES.txt'
[10.396s] writing manifest file 'fast_lio.egg-info/SOURCES.txt'
[10.458s] [ 94%] Built target ament_cmake_python_build_fast_lio_egg
[25.652s] In file included from /usr/include/boost/smart_ptr/detail/sp_thread_sleep.hpp:22,
[25.652s]                  from /usr/include/boost/smart_ptr/detail/yield_k.hpp:23,
[25.652s]                  from /usr/include/boost/smart_ptr/detail/spinlock_gcc_atomic.hpp:14,
[25.652s]                  from /usr/include/boost/smart_ptr/detail/spinlock.hpp:42,
[25.652s]                  from /usr/include/boost/smart_ptr/detail/spinlock_pool.hpp:25,
[25.652s]                  from /usr/include/boost/smart_ptr/shared_ptr.hpp:29,
[25.653s]                  from /usr/include/boost/shared_ptr.hpp:17,
[25.653s]                  from /usr/include/boost/date_time/microsec_time_clock.hpp:18,
[25.653s]                  from /usr/include/boost/interprocess/detail/posix_time_types_wrk.hpp:31,
[25.653s]                  from /usr/include/boost/interprocess/detail/os_thread_functions.hpp:36,
[25.653s]                  from /usr/include/boost/interprocess/sync/file_lock.hpp:26,
[25.653s]                  from /usr/include/pcl-1.12/pcl/io/pcd_io.h:46,
[25.653s]                  from /opt/ros/humble/include/pcl_conversions/pcl_conversions/pcl_conversions.h:73,
[25.653s]                  from /home/seeed/ros2/ws/src/slam/fast_lio/src/IMU_Processing.hpp:18,
[25.654s]                  from /home/seeed/ros2/ws/src/slam/fast_lio/src/laserMapping.cpp:47:
[25.654s] /usr/include/boost/bind.hpp:36:1: note: ‘#pragma message: The practice of declaring the Bind placeholders (_1, _2, ...) in the global namespace is deprecated. Please use <boost/bind/bind.hpp> + using namespace boost::placeholders, or define BOOST_BIND_GLOBAL_PLACEHOLDERS to retain the current behavior.’
[25.654s]    36 | BOOST_PRAGMA_MESSAGE(
[25.654s]       | ^~~~~~~~~~~~~~~~~~~~
[39.489s] In file included from /home/seeed/ros2/ws/src/slam/fast_lio/include/IKFoM_toolkit/esekfom/../mtk/types/SOn.hpp:83,
[39.489s]                  from /home/seeed/ros2/ws/src/slam/fast_lio/include/IKFoM_toolkit/esekfom/esekfom.hpp:49,
[39.490s]                  from /home/seeed/ros2/ws/src/slam/fast_lio/include/use-ikfom.hpp:4,
[39.490s]                  from /home/seeed/ros2/ws/src/slam/fast_lio/src/IMU_Processing.hpp:22,
[39.490s]                  from /home/seeed/ros2/ws/src/slam/fast_lio/src/laserMapping.cpp:47:
[39.490s] /home/seeed/ros2/ws/src/slam/fast_lio/include/IKFoM_toolkit/esekfom/../mtk/types/../src/mtkmath.hpp: In instantiation of ‘std::pair<_FIter, _FIter> MTK::cos_sinc_sqrt(const scalar&) [with scalar = double]’:
[39.490s] /home/seeed/ros2/ws/src/slam/fast_lio/include/IKFoM_toolkit/esekfom/../mtk/types/../src/mtkmath.hpp:252:52:   required from ‘scalar MTK::exp(MTK::vectview<scalar, dim>, MTK::vectview<const scalar, dim>, const scalar&) [with scalar = double; int n = 3]’
[39.490s] /home/seeed/ros2/ws/src/slam/fast_lio/include/IKFoM_toolkit/esekfom/../mtk/types/S2.hpp:140:32:   required from ‘void MTK::S2<_scalar, den, num, S2_typ>::boxplus(MTK::vectview<const _scalar, 2>, MTK::S2<_scalar, den, num, S2_typ>::scalar) [with _scalar = double; int den = 98090; int num = 10000; int S2_typ = 1; MTK::S2<_scalar, den, num, S2_typ>::scalar = double]’
[39.491s] /home/seeed/ros2/ws/src/slam/fast_lio/include/use-ikfom.hpp:12:1:   required from here
[39.491s] /home/seeed/ros2/ws/src/slam/fast_lio/include/IKFoM_toolkit/esekfom/../mtk/types/../src/mtkmath.hpp:143:27: note: parameter passing for argument of type ‘std::pair<double, double>’ when C++17 is enabled changed to match C++14 in GCC 10.1
[39.491s]   143 | std::pair<scalar, scalar> cos_sinc_sqrt(const scalar &x2){
[39.491s]       |                           ^~~~~~~~~~~~~
[178.457s] [ 97%] Linking CXX executable fastlio_mapping
[181.557s] [100%] Built target fastlio_mapping
[181.569s] Invoked command in '/home/seeed/ros2/ws/build/fast_lio' returned '0': CMAKE_PREFIX_PATH=/home/seeed/ros2/ws/install/livox_ros_driver2:/home/seeed/ros2/ws/install/vikit_ros:/opt/ros/humble:/home/seeed/ros2/ws/install/vikit_common:/home/seeed/ros2/ws/install/ranger_base:/home/seeed/ros2/ws/install/ugv_sdk:/home/seeed/ros2/ws/install/ranger_msgs:/home/seeed/ros2/ws/install/ranger_bringup:/home/seeed/ros2/ws/install/pcd_ndt_localization:/home/seeed/ros2/ws/install/nav_tf_bridge:/home/seeed/ros2/ws/install/fast_lio LD_LIBRARY_PATH=/home/seeed/ros2/ws/install/livox_ros_driver2/lib:/home/seeed/ros2/ws/install/vikit_ros/lib:/home/seeed/ros2/ws/install/vikit_common/lib:/home/seeed/ros2/ws/install/ranger_msgs/lib:/home/seeed/ros2/ws/install/fast_lio/lib:/opt/ros/humble/opt/rviz_ogre_vendor/lib:/opt/ros/humble/lib/aarch64-linux-gnu:/opt/ros/humble/lib /usr/local/bin/cmake --build /home/seeed/ros2/ws/build/fast_lio -- -j6 -l6
[181.579s] Invoking command in '/home/seeed/ros2/ws/build/fast_lio': CMAKE_PREFIX_PATH=/home/seeed/ros2/ws/install/livox_ros_driver2:/home/seeed/ros2/ws/install/vikit_ros:/opt/ros/humble:/home/seeed/ros2/ws/install/vikit_common:/home/seeed/ros2/ws/install/ranger_base:/home/seeed/ros2/ws/install/ugv_sdk:/home/seeed/ros2/ws/install/ranger_msgs:/home/seeed/ros2/ws/install/ranger_bringup:/home/seeed/ros2/ws/install/pcd_ndt_localization:/home/seeed/ros2/ws/install/nav_tf_bridge:/home/seeed/ros2/ws/install/fast_lio LD_LIBRARY_PATH=/home/seeed/ros2/ws/install/livox_ros_driver2/lib:/home/seeed/ros2/ws/install/vikit_ros/lib:/home/seeed/ros2/ws/install/vikit_common/lib:/home/seeed/ros2/ws/install/ranger_msgs/lib:/home/seeed/ros2/ws/install/fast_lio/lib:/opt/ros/humble/opt/rviz_ogre_vendor/lib:/opt/ros/humble/lib/aarch64-linux-gnu:/opt/ros/humble/lib /usr/local/bin/cmake --install /home/seeed/ros2/ws/build/fast_lio
[181.587s] -- Install configuration: "Release"
[181.588s] -- Execute custom install script
[181.589s] -- Up-to-date symlink: /home/seeed/ros2/ws/install/fast_lio/share/ament_index/resource_index/rosidl_interfaces/fast_lio
[181.593s] -- Up-to-date symlink: /home/seeed/ros2/ws/install/fast_lio/include/fast_lio/fast_lio/msg/detail/pose6_d__functions.h
[181.593s] -- Up-to-date symlink: /home/seeed/ros2/ws/install/fast_lio/include/fast_lio/fast_lio/msg/detail/pose6_d__struct.h
[181.593s] -- Up-to-date symlink: /home/seeed/ros2/ws/install/fast_lio/include/fast_lio/fast_lio/msg/detail/pose6_d__type_support.h
[181.594s] -- Up-to-date symlink: /home/seeed/ros2/ws/install/fast_lio/include/fast_lio/fast_lio/msg/pose6_d.h
[181.594s] -- Up-to-date symlink: /home/seeed/ros2/ws/install/fast_lio/include/fast_lio/fast_lio/msg/rosidl_generator_c__visibility_control.h
[181.595s] -- Up-to-date symlink: /home/seeed/ros2/ws/install/fast_lio/share/fast_lio/environment/library_path.sh
[181.595s] -- Up-to-date symlink: /home/seeed/ros2/ws/install/fast_lio/share/fast_lio/environment/library_path.dsv
[181.596s] -- Up-to-date symlink: /home/seeed/ros2/ws/install/fast_lio/include/fast_lio/fast_lio/msg/detail/pose6_d__rosidl_typesupport_fastrtps_c.h
[181.597s] -- Up-to-date symlink: /home/seeed/ros2/ws/install/fast_lio/include/fast_lio/fast_lio/msg/rosidl_typesupport_fastrtps_c__visibility_control.h
[181.598s] -- Up-to-date symlink: /home/seeed/ros2/ws/install/fast_lio/include/fast_lio/fast_lio/msg/detail/pose6_d__builder.hpp
[181.599s] -- Up-to-date symlink: /home/seeed/ros2/ws/install/fast_lio/include/fast_lio/fast_lio/msg/detail/pose6_d__struct.hpp
[181.599s] -- Up-to-date symlink: /home/seeed/ros2/ws/install/fast_lio/include/fast_lio/fast_lio/msg/detail/pose6_d__traits.hpp
[181.600s] -- Up-to-date symlink: /home/seeed/ros2/ws/install/fast_lio/include/fast_lio/fast_lio/msg/detail/pose6_d__type_support.hpp
[181.600s] -- Up-to-date symlink: /home/seeed/ros2/ws/install/fast_lio/include/fast_lio/fast_lio/msg/pose6_d.hpp
[181.600s] -- Up-to-date symlink: /home/seeed/ros2/ws/install/fast_lio/include/fast_lio/fast_lio/msg/rosidl_generator_cpp__visibility_control.hpp
[181.601s] -- Up-to-date symlink: /home/seeed/ros2/ws/install/fast_lio/include/fast_lio/fast_lio/msg/detail/pose6_d__rosidl_typesupport_fastrtps_cpp.hpp
[181.601s] -- Up-to-date symlink: /home/seeed/ros2/ws/install/fast_lio/include/fast_lio/fast_lio/msg/rosidl_typesupport_fastrtps_cpp__visibility_control.h
[181.602s] -- Up-to-date symlink: /home/seeed/ros2/ws/install/fast_lio/include/fast_lio/fast_lio/msg/detail/pose6_d__rosidl_typesupport_introspection_c.h
[181.603s] -- Up-to-date symlink: /home/seeed/ros2/ws/install/fast_lio/include/fast_lio/fast_lio/msg/rosidl_typesupport_introspection_c__visibility_control.h
[181.604s] -- Up-to-date symlink: /home/seeed/ros2/ws/install/fast_lio/include/fast_lio/fast_lio/msg/detail/pose6_d__rosidl_typesupport_introspection_cpp.hpp
[181.604s] -- Up-to-date symlink: /home/seeed/ros2/ws/install/fast_lio/share/fast_lio/environment/pythonpath.sh
[181.605s] -- Up-to-date symlink: /home/seeed/ros2/ws/install/fast_lio/share/fast_lio/environment/pythonpath.dsv
[181.606s] -- Up-to-date symlink: /home/seeed/ros2/ws/install/fast_lio/local/lib/python3.10/dist-packages/fast_lio-0.0.0-py3.10.egg-info/PKG-INFO
[181.606s] -- Up-to-date symlink: /home/seeed/ros2/ws/install/fast_lio/local/lib/python3.10/dist-packages/fast_lio-0.0.0-py3.10.egg-info/SOURCES.txt
[181.607s] -- Up-to-date symlink: /home/seeed/ros2/ws/install/fast_lio/local/lib/python3.10/dist-packages/fast_lio-0.0.0-py3.10.egg-info/dependency_links.txt
[181.607s] -- Up-to-date symlink: /home/seeed/ros2/ws/install/fast_lio/local/lib/python3.10/dist-packages/fast_lio-0.0.0-py3.10.egg-info/top_level.txt
[181.608s] -- Up-to-date symlink: /home/seeed/ros2/ws/install/fast_lio/local/lib/python3.10/dist-packages/fast_lio/__init__.py
[181.608s] -- Up-to-date symlink: /home/seeed/ros2/ws/install/fast_lio/local/lib/python3.10/dist-packages/fast_lio/_fast_lio_s.ep.rosidl_typesupport_c.c
[181.609s] -- Up-to-date symlink: /home/seeed/ros2/ws/install/fast_lio/local/lib/python3.10/dist-packages/fast_lio/_fast_lio_s.ep.rosidl_typesupport_fastrtps_c.c
[181.609s] -- Up-to-date symlink: /home/seeed/ros2/ws/install/fast_lio/local/lib/python3.10/dist-packages/fast_lio/_fast_lio_s.ep.rosidl_typesupport_introspection_c.c
[181.609s] -- Up-to-date symlink: /home/seeed/ros2/ws/install/fast_lio/local/lib/python3.10/dist-packages/fast_lio/fast_lio_s__rosidl_typesupport_c.cpython-310-aarch64-linux-gnu.so
[181.610s] -- Up-to-date symlink: /home/seeed/ros2/ws/install/fast_lio/local/lib/python3.10/dist-packages/fast_lio/fast_lio_s__rosidl_typesupport_fastrtps_c.cpython-310-aarch64-linux-gnu.so
[181.610s] -- Up-to-date symlink: /home/seeed/ros2/ws/install/fast_lio/local/lib/python3.10/dist-packages/fast_lio/fast_lio_s__rosidl_typesupport_introspection_c.cpython-310-aarch64-linux-gnu.so
[181.611s] -- Up-to-date symlink: /home/seeed/ros2/ws/install/fast_lio/local/lib/python3.10/dist-packages/fast_lio/libfast_lio__rosidl_generator_py.so
[181.611s] -- Up-to-date symlink: /home/seeed/ros2/ws/install/fast_lio/local/lib/python3.10/dist-packages/fast_lio/msg/__init__.py
[181.611s] -- Up-to-date symlink: /home/seeed/ros2/ws/install/fast_lio/local/lib/python3.10/dist-packages/fast_lio/msg/_pose6_d.py
[181.612s] -- Up-to-date symlink: /home/seeed/ros2/ws/install/fast_lio/local/lib/python3.10/dist-packages/fast_lio/msg/_pose6_d_s.c
[181.612s] -- Up-to-date symlink: /home/seeed/ros2/ws/install/fast_lio/local/lib/python3.10/dist-packages/fast_lio/fast_lio_s__rosidl_typesupport_fastrtps_c.cpython-310-aarch64-linux-gnu.so
[181.613s] -- Up-to-date symlink: /home/seeed/ros2/ws/install/fast_lio/local/lib/python3.10/dist-packages/fast_lio/fast_lio_s__rosidl_typesupport_introspection_c.cpython-310-aarch64-linux-gnu.so
[181.613s] -- Up-to-date symlink: /home/seeed/ros2/ws/install/fast_lio/local/lib/python3.10/dist-packages/fast_lio/fast_lio_s__rosidl_typesupport_c.cpython-310-aarch64-linux-gnu.so
[181.614s] -- Up-to-date symlink: /home/seeed/ros2/ws/install/fast_lio/share/ament_index/resource_index/rust_packages/fast_lio
[181.615s] -- Up-to-date symlink: /home/seeed/ros2/ws/install/fast_lio/share/fast_lio/rust/Cargo.toml
[181.615s] -- Up-to-date symlink: /home/seeed/ros2/ws/install/fast_lio/share/fast_lio/rust/build.rs
[181.616s] -- Up-to-date symlink: /home/seeed/ros2/ws/install/fast_lio/share/fast_lio/rust/src/lib.rs
[181.616s] -- Up-to-date symlink: /home/seeed/ros2/ws/install/fast_lio/share/fast_lio/rust/src/msg.rs
[181.616s] -- Up-to-date symlink: /home/seeed/ros2/ws/install/fast_lio/share/fast_lio/rust/src/msg/rmw.rs
[181.617s] -- Up-to-date symlink: /home/seeed/ros2/ws/install/fast_lio/share/fast_lio/msg/Pose6D.idl
[181.617s] -- Up-to-date symlink: /home/seeed/ros2/ws/install/fast_lio/share/fast_lio/msg/Pose6D.msg
[181.618s] -- Up-to-date symlink: /home/seeed/ros2/ws/install/fast_lio/lib/fast_lio/fastlio_mapping
[181.619s] -- Up-to-date symlink: /home/seeed/ros2/ws/install/fast_lio/share/fast_lio/config/avia.yaml
[181.619s] -- Up-to-date symlink: /home/seeed/ros2/ws/install/fast_lio/share/fast_lio/config/horizon.yaml
[181.619s] -- Up-to-date symlink: /home/seeed/ros2/ws/install/fast_lio/share/fast_lio/config/mid360.yaml
[181.620s] -- Up-to-date symlink: /home/seeed/ros2/ws/install/fast_lio/share/fast_lio/config/mid360.yaml.bak.20260625_211559
[181.620s] -- Up-to-date symlink: /home/seeed/ros2/ws/install/fast_lio/share/fast_lio/config/mid360.yaml.bak.20260626_093929
[181.621s] -- Up-to-date symlink: /home/seeed/ros2/ws/install/fast_lio/share/fast_lio/config/mid360.yaml.bak.disable_timesync_20260626_100616
[181.621s] -- Up-to-date symlink: /home/seeed/ros2/ws/install/fast_lio/share/fast_lio/config/mid360.yaml.bak.fix_drift_20260626_095649
[181.621s] -- Up-to-date symlink: /home/seeed/ros2/ws/install/fast_lio/share/fast_lio/config/ouster64.yaml
[181.622s] -- Up-to-date symlink: /home/seeed/ros2/ws/install/fast_lio/share/fast_lio/config/velodyne.yaml
[181.622s] -- Up-to-date symlink: /home/seeed/ros2/ws/install/fast_lio/share/fast_lio/launch/gdb_debug_example.launch
[181.622s] -- Up-to-date symlink: /home/seeed/ros2/ws/install/fast_lio/share/fast_lio/launch/mapping.launch.py
[181.623s] -- Up-to-date symlink: /home/seeed/ros2/ws/install/fast_lio/share/fast_lio/rviz/fastlio.rviz
[181.623s] -- Up-to-date symlink: /home/seeed/ros2/ws/install/fast_lio/share/ament_index/resource_index/package_run_dependencies/fast_lio
[181.623s] -- Up-to-date symlink: /home/seeed/ros2/ws/install/fast_lio/share/ament_index/resource_index/parent_prefix_path/fast_lio
[181.624s] -- Up-to-date symlink: /home/seeed/ros2/ws/install/fast_lio/share/fast_lio/environment/ament_prefix_path.sh
[181.624s] -- Up-to-date symlink: /home/seeed/ros2/ws/install/fast_lio/share/fast_lio/environment/ament_prefix_path.dsv
[181.625s] -- Up-to-date symlink: /home/seeed/ros2/ws/install/fast_lio/share/fast_lio/environment/path.sh
[181.625s] -- Up-to-date symlink: /home/seeed/ros2/ws/install/fast_lio/share/fast_lio/environment/path.dsv
[181.626s] -- Up-to-date symlink: /home/seeed/ros2/ws/install/fast_lio/share/fast_lio/local_setup.bash
[181.626s] -- Up-to-date symlink: /home/seeed/ros2/ws/install/fast_lio/share/fast_lio/local_setup.sh
[181.627s] -- Up-to-date symlink: /home/seeed/ros2/ws/install/fast_lio/share/fast_lio/local_setup.zsh
[181.627s] -- Up-to-date symlink: /home/seeed/ros2/ws/install/fast_lio/share/fast_lio/local_setup.dsv
[181.627s] -- Symlinking: /home/seeed/ros2/ws/install/fast_lio/share/fast_lio/package.dsv
[181.633s] -- Up-to-date symlink: /home/seeed/ros2/ws/install/fast_lio/share/ament_index/resource_index/packages/fast_lio
[181.633s] -- Up-to-date symlink: /home/seeed/ros2/ws/install/fast_lio/share/fast_lio/cmake/rosidl_cmake-extras.cmake
[181.634s] -- Up-to-date symlink: /home/seeed/ros2/ws/install/fast_lio/share/fast_lio/cmake/ament_cmake_export_include_directories-extras.cmake
[181.634s] -- Up-to-date symlink: /home/seeed/ros2/ws/install/fast_lio/share/fast_lio/cmake/ament_cmake_export_libraries-extras.cmake
[181.635s] -- Up-to-date symlink: /home/seeed/ros2/ws/install/fast_lio/share/fast_lio/cmake/ament_cmake_export_targets-extras.cmake
[181.635s] -- Up-to-date symlink: /home/seeed/ros2/ws/install/fast_lio/share/fast_lio/cmake/rosidl_cmake_export_typesupport_targets-extras.cmake
[181.636s] -- Up-to-date symlink: /home/seeed/ros2/ws/install/fast_lio/share/fast_lio/cmake/ament_cmake_export_dependencies-extras.cmake
[181.636s] -- Up-to-date symlink: /home/seeed/ros2/ws/install/fast_lio/share/fast_lio/cmake/rosidl_cmake_export_typesupport_libraries-extras.cmake
[181.637s] -- Up-to-date symlink: /home/seeed/ros2/ws/install/fast_lio/share/fast_lio/cmake/fast_lioConfig.cmake
[181.637s] -- Up-to-date symlink: /home/seeed/ros2/ws/install/fast_lio/share/fast_lio/cmake/fast_lioConfig-version.cmake
[181.637s] -- Up-to-date symlink: /home/seeed/ros2/ws/install/fast_lio/share/fast_lio/package.xml
[181.639s] -- Up-to-date: /home/seeed/ros2/ws/install/fast_lio/lib/libfast_lio__rosidl_generator_c.so
[181.639s] -- Up-to-date: /home/seeed/ros2/ws/install/fast_lio/lib/libfast_lio__rosidl_typesupport_fastrtps_c.so
[181.640s] -- Up-to-date: /home/seeed/ros2/ws/install/fast_lio/lib/libfast_lio__rosidl_typesupport_fastrtps_cpp.so
[181.641s] -- Up-to-date: /home/seeed/ros2/ws/install/fast_lio/lib/libfast_lio__rosidl_typesupport_introspection_c.so
[181.641s] -- Up-to-date: /home/seeed/ros2/ws/install/fast_lio/lib/libfast_lio__rosidl_typesupport_c.so
[181.642s] -- Up-to-date: /home/seeed/ros2/ws/install/fast_lio/lib/libfast_lio__rosidl_typesupport_introspection_cpp.so
[181.643s] -- Up-to-date: /home/seeed/ros2/ws/install/fast_lio/lib/libfast_lio__rosidl_typesupport_cpp.so
[181.719s] Listing '/home/seeed/ros2/ws/install/fast_lio/local/lib/python3.10/dist-packages/fast_lio'...
[181.719s] Compiling '/home/seeed/ros2/ws/install/fast_lio/local/lib/python3.10/dist-packages/fast_lio/__init__.py'...
[181.720s] Listing '/home/seeed/ros2/ws/install/fast_lio/local/lib/python3.10/dist-packages/fast_lio/msg'...
[181.733s] -- Up-to-date: /home/seeed/ros2/ws/install/fast_lio/lib/libfast_lio__rosidl_generator_py.so
[181.734s] -- Up-to-date: /home/seeed/ros2/ws/install/fast_lio/share/fast_lio/cmake/export_fast_lio__rosidl_generator_cExport.cmake
[181.735s] -- Up-to-date: /home/seeed/ros2/ws/install/fast_lio/share/fast_lio/cmake/export_fast_lio__rosidl_generator_cExport-release.cmake
[181.735s] -- Up-to-date: /home/seeed/ros2/ws/install/fast_lio/share/fast_lio/cmake/export_fast_lio__rosidl_typesupport_fastrtps_cExport.cmake
[181.736s] -- Up-to-date: /home/seeed/ros2/ws/install/fast_lio/share/fast_lio/cmake/export_fast_lio__rosidl_typesupport_fastrtps_cExport-release.cmake
[181.736s] -- Up-to-date: /home/seeed/ros2/ws/install/fast_lio/share/fast_lio/cmake/export_fast_lio__rosidl_generator_cppExport.cmake
[181.737s] -- Up-to-date: /home/seeed/ros2/ws/install/fast_lio/share/fast_lio/cmake/export_fast_lio__rosidl_typesupport_fastrtps_cppExport.cmake
[181.737s] -- Up-to-date: /home/seeed/ros2/ws/install/fast_lio/share/fast_lio/cmake/export_fast_lio__rosidl_typesupport_fastrtps_cppExport-release.cmake
[181.738s] -- Up-to-date: /home/seeed/ros2/ws/install/fast_lio/share/fast_lio/cmake/fast_lio__rosidl_typesupport_introspection_cExport.cmake
[181.738s] -- Up-to-date: /home/seeed/ros2/ws/install/fast_lio/share/fast_lio/cmake/fast_lio__rosidl_typesupport_introspection_cExport-release.cmake
[181.739s] -- Up-to-date: /home/seeed/ros2/ws/install/fast_lio/share/fast_lio/cmake/fast_lio__rosidl_typesupport_cExport.cmake
[181.739s] -- Up-to-date: /home/seeed/ros2/ws/install/fast_lio/share/fast_lio/cmake/fast_lio__rosidl_typesupport_cExport-release.cmake
[181.739s] -- Up-to-date: /home/seeed/ros2/ws/install/fast_lio/share/fast_lio/cmake/fast_lio__rosidl_typesupport_introspection_cppExport.cmake
[181.740s] -- Up-to-date: /home/seeed/ros2/ws/install/fast_lio/share/fast_lio/cmake/fast_lio__rosidl_typesupport_introspection_cppExport-release.cmake
[181.740s] -- Up-to-date: /home/seeed/ros2/ws/install/fast_lio/share/fast_lio/cmake/fast_lio__rosidl_typesupport_cppExport.cmake
[181.740s] -- Up-to-date: /home/seeed/ros2/ws/install/fast_lio/share/fast_lio/cmake/fast_lio__rosidl_typesupport_cppExport-release.cmake
[181.741s] -- Up-to-date: /home/seeed/ros2/ws/install/fast_lio/share/fast_lio/cmake/export_fast_lio__rosidl_generator_pyExport.cmake
[181.741s] -- Up-to-date: /home/seeed/ros2/ws/install/fast_lio/share/fast_lio/cmake/export_fast_lio__rosidl_generator_pyExport-release.cmake
[181.745s] Invoked command in '/home/seeed/ros2/ws/build/fast_lio' returned '0': CMAKE_PREFIX_PATH=/home/seeed/ros2/ws/install/livox_ros_driver2:/home/seeed/ros2/ws/install/vikit_ros:/opt/ros/humble:/home/seeed/ros2/ws/install/vikit_common:/home/seeed/ros2/ws/install/ranger_base:/home/seeed/ros2/ws/install/ugv_sdk:/home/seeed/ros2/ws/install/ranger_msgs:/home/seeed/ros2/ws/install/ranger_bringup:/home/seeed/ros2/ws/install/pcd_ndt_localization:/home/seeed/ros2/ws/install/nav_tf_bridge:/home/seeed/ros2/ws/install/fast_lio LD_LIBRARY_PATH=/home/seeed/ros2/ws/install/livox_ros_driver2/lib:/home/seeed/ros2/ws/install/vikit_ros/lib:/home/seeed/ros2/ws/install/vikit_common/lib:/home/seeed/ros2/ws/install/ranger_msgs/lib:/home/seeed/ros2/ws/install/fast_lio/lib:/opt/ros/humble/opt/rviz_ogre_vendor/lib:/opt/ros/humble/lib/aarch64-linux-gnu:/opt/ros/humble/lib /usr/local/bin/cmake --install /home/seeed/ros2/ws/build/fast_lio
