[0.000000] (-) TimerEvent: {}
[0.000334] (-) JobUnselected: {'identifier': 'fast_lio'}
[0.001213] (-) JobUnselected: {'identifier': 'livox_ros_driver2'}
[0.006386] (-) JobUnselected: {'identifier': 'pcd_ndt_localization'}
[0.006908] (-) JobUnselected: {'identifier': 'ranger_base'}
[0.007110] (-) JobUnselected: {'identifier': 'ranger_bringup'}
[0.007165] (-) JobUnselected: {'identifier': 'ranger_msgs'}
[0.007669] (-) JobUnselected: {'identifier': 'ugv_sdk'}
[0.007765] (-) JobUnselected: {'identifier': 'vikit_common'}
[0.007906] (-) JobUnselected: {'identifier': 'vikit_ros'}
[0.007971] (nav_tf_bridge) JobQueued: {'identifier': 'nav_tf_bridge', 'dependencies': OrderedDict()}
[0.008027] (nav_tf_bridge) JobStarted: {'identifier': 'nav_tf_bridge'}
[0.032261] (nav_tf_bridge) JobProgress: {'identifier': 'nav_tf_bridge', 'progress': 'cmake'}
[0.032430] (nav_tf_bridge) JobProgress: {'identifier': 'nav_tf_bridge', 'progress': 'build'}
[0.032494] (nav_tf_bridge) Command: {'cmd': ['/usr/local/bin/cmake', '--build', '/home/seeed/ros2/ws/build/nav_tf_bridge', '--', '-j6', '-l6'], 'cwd': '/home/seeed/ros2/ws/build/nav_tf_bridge', 'env': OrderedDict([('LANGUAGE', 'zh_CN:en'), ('USER', 'seeed'), ('SSH_CLIENT', '192.168.1.101 56893 22'), ('LC_TIME', 'zh_CN.UTF-8'), ('XDG_SESSION_TYPE', 'tty'), ('SHLVL', '0'), ('LD_LIBRARY_PATH', '/opt/ros/humble/opt/rviz_ogre_vendor/lib:/opt/ros/humble/lib/aarch64-linux-gnu:/opt/ros/humble/lib'), ('MOTD_SHOWN', 'pam'), ('HOME', '/home/seeed'), ('OLDPWD', '/home/seeed'), ('JETSON_L4T', '36.4.3'), ('ROS_PYTHON_VERSION', '3'), ('JETSON_MODEL', 'NVIDIA Jetson Orin Nano Engineering Reference Developer Kit Super'), ('LC_MONETARY', 'zh_CN.UTF-8'), ('LC_CTYPE', 'C.UTF-8'), ('DBUS_SESSION_BUS_ADDRESS', 'unix:path=/run/user/1000/bus'), ('ROS_DISTRO', 'humble'), ('LOGNAME', 'seeed'), ('JETSON_MODULE', 'NVIDIA Jetson Orin Nano (Developer kit)'), ('JETSON_SERIAL_NUMBER', '1424325004383'), ('_', '/usr/bin/colcon'), ('ROS_VERSION', '2'), ('XDG_SESSION_CLASS', 'user'), ('XDG_SESSION_ID', '120'), ('ROS_LOCALHOST_ONLY', '0'), ('PATH', '/opt/ros/humble/bin:/usr/local/sbin:/usr/local/bin:/usr/sbin:/usr/bin:/sbin:/bin:/usr/games:/usr/local/games:/snap/bin'), ('PAPERSIZE', 'a4'), ('LC_ADDRESS', 'zh_CN.UTF-8'), ('XDG_RUNTIME_DIR', '/run/user/1000'), ('LANG', 'zh_CN.UTF-8'), ('LC_TELEPHONE', 'zh_CN.UTF-8'), ('JETSON_SOC', 'tegra234'), ('AMENT_PREFIX_PATH', '/opt/ros/humble'), ('SHELL', '/bin/bash'), ('LC_NAME', 'zh_CN.UTF-8'), ('LC_MEASUREMENT', 'zh_CN.UTF-8'), ('LC_IDENTIFICATION', 'zh_CN.UTF-8'), ('JETSON_CUDA_ARCH_BIN', '8.7'), ('PWD', '/home/seeed/ros2/ws/build/nav_tf_bridge'), ('LC_ALL', 'en_US.UTF-8'), ('SSH_CONNECTION', '192.168.1.101 56893 192.168.1.104 22'), ('XDG_DATA_DIRS', '/usr/share/gnome:/usr/local/share:/usr/share:/var/lib/snapd/desktop'), ('PYTHONPATH', '/opt/ros/humble/lib/python3.10/site-packages:/opt/ros/humble/local/lib/python3.10/dist-packages'), ('LC_NUMERIC', 'zh_CN.UTF-8'), ('LC_PAPER', 'zh_CN.UTF-8'), ('COLCON', '1'), ('JETSON_JETPACK', '6.2'), ('JETSON_P_NUMBER', 'p3767-0005'), ('CMAKE_PREFIX_PATH', '/opt/ros/humble')]), 'shell': False}
[0.099260] (-) TimerEvent: {}
[0.117195] (nav_tf_bridge) StdoutLine: {'line': b'[ 50%] Building CXX object CMakeFiles/map_odom_tf_bridge.dir/src/map_odom_tf_bridge.cpp.o\n'}
[0.199389] (-) TimerEvent: {}
[0.299816] (-) TimerEvent: {}
[0.400192] (-) TimerEvent: {}
[0.500666] (-) TimerEvent: {}
[0.601032] (-) TimerEvent: {}
[0.701381] (-) TimerEvent: {}
[0.801781] (-) TimerEvent: {}
[0.902153] (-) TimerEvent: {}
[1.002553] (-) TimerEvent: {}
[1.102942] (-) TimerEvent: {}
[1.203321] (-) TimerEvent: {}
[1.303902] (-) TimerEvent: {}
[1.404291] (-) TimerEvent: {}
[1.504651] (-) TimerEvent: {}
[1.605006] (-) TimerEvent: {}
[1.705398] (-) TimerEvent: {}
[1.805830] (-) TimerEvent: {}
[1.906210] (-) TimerEvent: {}
[2.006588] (-) TimerEvent: {}
[2.106969] (-) TimerEvent: {}
[2.207349] (-) TimerEvent: {}
[2.307717] (-) TimerEvent: {}
[2.408105] (-) TimerEvent: {}
[2.508506] (-) TimerEvent: {}
[2.608910] (-) TimerEvent: {}
[2.710009] (-) TimerEvent: {}
[2.810396] (-) TimerEvent: {}
[2.910765] (-) TimerEvent: {}
[3.011178] (-) TimerEvent: {}
[3.112039] (-) TimerEvent: {}
[3.212413] (-) TimerEvent: {}
[3.312737] (-) TimerEvent: {}
[3.413120] (-) TimerEvent: {}
[3.514103] (-) TimerEvent: {}
[3.614475] (-) TimerEvent: {}
[3.715763] (-) TimerEvent: {}
[3.816130] (-) TimerEvent: {}
[3.916498] (-) TimerEvent: {}
[4.016889] (-) TimerEvent: {}
[4.117276] (-) TimerEvent: {}
[4.217648] (-) TimerEvent: {}
[4.318067] (-) TimerEvent: {}
[4.418436] (-) TimerEvent: {}
[4.518828] (-) TimerEvent: {}
[4.619210] (-) TimerEvent: {}
[4.719579] (-) TimerEvent: {}
[4.819961] (-) TimerEvent: {}
[4.920344] (-) TimerEvent: {}
[5.020963] (-) TimerEvent: {}
[5.121346] (-) TimerEvent: {}
[5.221720] (-) TimerEvent: {}
[5.322112] (-) TimerEvent: {}
[5.422480] (-) TimerEvent: {}
[5.522842] (-) TimerEvent: {}
[5.623203] (-) TimerEvent: {}
[5.723642] (-) TimerEvent: {}
[5.824307] (-) TimerEvent: {}
[5.924764] (-) TimerEvent: {}
[6.025176] (-) TimerEvent: {}
[6.125569] (-) TimerEvent: {}
[6.225960] (-) TimerEvent: {}
[6.326331] (-) TimerEvent: {}
[6.426690] (-) TimerEvent: {}
[6.527044] (-) TimerEvent: {}
[6.627405] (-) TimerEvent: {}
[6.727785] (-) TimerEvent: {}
[6.828204] (-) TimerEvent: {}
[6.928606] (-) TimerEvent: {}
[7.029039] (-) TimerEvent: {}
[7.129845] (-) TimerEvent: {}
[7.230261] (-) TimerEvent: {}
[7.330642] (-) TimerEvent: {}
[7.431210] (-) TimerEvent: {}
[7.531574] (-) TimerEvent: {}
[7.631937] (-) TimerEvent: {}
[7.732558] (-) TimerEvent: {}
[7.834506] (-) TimerEvent: {}
[7.934874] (-) TimerEvent: {}
[8.035238] (-) TimerEvent: {}
[8.135549] (-) TimerEvent: {}
[8.235925] (-) TimerEvent: {}
[8.336291] (-) TimerEvent: {}
[8.436672] (-) TimerEvent: {}
[8.537049] (-) TimerEvent: {}
[8.637818] (-) TimerEvent: {}
[8.738202] (-) TimerEvent: {}
[8.838571] (-) TimerEvent: {}
[8.938961] (-) TimerEvent: {}
[9.039446] (-) TimerEvent: {}
[9.139759] (-) TimerEvent: {}
[9.240117] (-) TimerEvent: {}
[9.340497] (-) TimerEvent: {}
[9.440866] (-) TimerEvent: {}
[9.541218] (-) TimerEvent: {}
[9.641616] (-) TimerEvent: {}
[9.742011] (-) TimerEvent: {}
[9.842483] (-) TimerEvent: {}
[9.942848] (-) TimerEvent: {}
[10.043217] (-) TimerEvent: {}
[10.143581] (-) TimerEvent: {}
[10.243965] (-) TimerEvent: {}
[10.344372] (-) TimerEvent: {}
[10.444769] (-) TimerEvent: {}
[10.545121] (-) TimerEvent: {}
[10.645477] (-) TimerEvent: {}
[10.745848] (-) TimerEvent: {}
[10.846217] (-) TimerEvent: {}
[10.946600] (-) TimerEvent: {}
[11.046979] (-) TimerEvent: {}
[11.147349] (-) TimerEvent: {}
[11.247817] (-) TimerEvent: {}
[11.348193] (-) TimerEvent: {}
[11.448561] (-) TimerEvent: {}
[11.548982] (-) TimerEvent: {}
[11.649878] (-) TimerEvent: {}
[11.750382] (-) TimerEvent: {}
[11.850749] (-) TimerEvent: {}
[11.951113] (-) TimerEvent: {}
[12.051482] (-) TimerEvent: {}
[12.151859] (-) TimerEvent: {}
[12.252233] (-) TimerEvent: {}
[12.352661] (-) TimerEvent: {}
[12.453020] (-) TimerEvent: {}
[12.553432] (-) TimerEvent: {}
[12.653820] (-) TimerEvent: {}
[12.754310] (-) TimerEvent: {}
[12.854683] (-) TimerEvent: {}
[12.955055] (-) TimerEvent: {}
[13.055424] (-) TimerEvent: {}
[13.155790] (-) TimerEvent: {}
[13.256160] (-) TimerEvent: {}
[13.356533] (-) TimerEvent: {}
[13.456907] (-) TimerEvent: {}
[13.557298] (-) TimerEvent: {}
[13.657682] (-) TimerEvent: {}
[13.758086] (-) TimerEvent: {}
[13.858421] (-) TimerEvent: {}
[13.958786] (-) TimerEvent: {}
[14.059145] (-) TimerEvent: {}
[14.159519] (-) TimerEvent: {}
[14.259875] (-) TimerEvent: {}
[14.360302] (-) TimerEvent: {}
[14.460702] (-) TimerEvent: {}
[14.561057] (-) TimerEvent: {}
[14.661668] (-) TimerEvent: {}
[14.762109] (-) TimerEvent: {}
[14.862468] (-) TimerEvent: {}
[14.962850] (-) TimerEvent: {}
[15.063238] (-) TimerEvent: {}
[15.163607] (-) TimerEvent: {}
[15.263946] (-) TimerEvent: {}
[15.364347] (-) TimerEvent: {}
[15.464778] (-) TimerEvent: {}
[15.565175] (-) TimerEvent: {}
[15.665592] (-) TimerEvent: {}
[15.766019] (-) TimerEvent: {}
[15.866382] (-) TimerEvent: {}
[15.966762] (-) TimerEvent: {}
[16.067152] (-) TimerEvent: {}
[16.167544] (-) TimerEvent: {}
[16.268134] (-) TimerEvent: {}
[16.368509] (-) TimerEvent: {}
[16.468976] (-) TimerEvent: {}
[16.569350] (-) TimerEvent: {}
[16.669723] (-) TimerEvent: {}
[16.770129] (-) TimerEvent: {}
[16.870500] (-) TimerEvent: {}
[16.970861] (-) TimerEvent: {}
[17.071332] (-) TimerEvent: {}
[17.171960] (-) TimerEvent: {}
[17.272352] (-) TimerEvent: {}
[17.372976] (-) TimerEvent: {}
[17.473342] (-) TimerEvent: {}
[17.573718] (-) TimerEvent: {}
[17.674119] (-) TimerEvent: {}
[17.774481] (-) TimerEvent: {}
[17.874845] (-) TimerEvent: {}
[17.975209] (-) TimerEvent: {}
[18.075584] (-) TimerEvent: {}
[18.176209] (-) TimerEvent: {}
[18.276587] (-) TimerEvent: {}
[18.377141] (-) TimerEvent: {}
[18.477920] (-) TimerEvent: {}
[18.578302] (-) TimerEvent: {}
[18.678683] (-) TimerEvent: {}
[18.779067] (-) TimerEvent: {}
[18.879430] (-) TimerEvent: {}
[18.979813] (-) TimerEvent: {}
[19.080188] (-) TimerEvent: {}
[19.180555] (-) TimerEvent: {}
[19.283238] (-) TimerEvent: {}
[19.383604] (-) TimerEvent: {}
[19.483992] (-) TimerEvent: {}
[19.584395] (-) TimerEvent: {}
[19.684803] (-) TimerEvent: {}
[19.785197] (-) TimerEvent: {}
[19.885576] (-) TimerEvent: {}
[19.985965] (-) TimerEvent: {}
[20.086330] (-) TimerEvent: {}
[20.186700] (-) TimerEvent: {}
[20.287088] (-) TimerEvent: {}
[20.387501] (-) TimerEvent: {}
[20.487933] (-) TimerEvent: {}
[20.588590] (-) TimerEvent: {}
[20.689007] (-) TimerEvent: {}
[20.790303] (-) TimerEvent: {}
[20.890683] (-) TimerEvent: {}
[20.991040] (-) TimerEvent: {}
[21.091406] (-) TimerEvent: {}
[21.191776] (-) TimerEvent: {}
[21.292119] (-) TimerEvent: {}
[21.392465] (-) TimerEvent: {}
[21.492836] (-) TimerEvent: {}
[21.593196] (-) TimerEvent: {}
[21.693895] (-) TimerEvent: {}
[21.794275] (-) TimerEvent: {}
[21.894652] (-) TimerEvent: {}
[21.995042] (-) TimerEvent: {}
[22.095427] (-) TimerEvent: {}
[22.195832] (-) TimerEvent: {}
[22.296203] (-) TimerEvent: {}
[22.396719] (-) TimerEvent: {}
[22.497079] (-) TimerEvent: {}
[22.597434] (-) TimerEvent: {}
[22.697810] (-) TimerEvent: {}
[22.798157] (-) TimerEvent: {}
[22.898536] (-) TimerEvent: {}
[22.998922] (-) TimerEvent: {}
[23.099398] (-) TimerEvent: {}
[23.199860] (-) TimerEvent: {}
[23.300386] (-) TimerEvent: {}
[23.400801] (-) TimerEvent: {}
[23.501194] (-) TimerEvent: {}
[23.601583] (-) TimerEvent: {}
[23.702001] (-) TimerEvent: {}
[23.802372] (-) TimerEvent: {}
[23.902730] (-) TimerEvent: {}
[24.003069] (-) TimerEvent: {}
[24.103407] (-) TimerEvent: {}
[24.203761] (-) TimerEvent: {}
[24.304108] (-) TimerEvent: {}
[24.404523] (-) TimerEvent: {}
[24.504871] (-) TimerEvent: {}
[24.605240] (-) TimerEvent: {}
[24.705619] (-) TimerEvent: {}
[24.806038] (-) TimerEvent: {}
[24.906415] (-) TimerEvent: {}
[25.006774] (-) TimerEvent: {}
[25.107109] (-) TimerEvent: {}
[25.207468] (-) TimerEvent: {}
[25.307829] (-) TimerEvent: {}
[25.408198] (-) TimerEvent: {}
[25.508568] (-) TimerEvent: {}
[25.608949] (-) TimerEvent: {}
[25.709293] (-) TimerEvent: {}
[25.809701] (-) TimerEvent: {}
[25.910101] (-) TimerEvent: {}
[26.010768] (-) TimerEvent: {}
[26.111130] (-) TimerEvent: {}
[26.211497] (-) TimerEvent: {}
[26.311862] (-) TimerEvent: {}
[26.414565] (-) TimerEvent: {}
[26.514927] (-) TimerEvent: {}
[26.615297] (-) TimerEvent: {}
[26.715664] (-) TimerEvent: {}
[26.816014] (-) TimerEvent: {}
[26.916401] (-) TimerEvent: {}
[27.016791] (-) TimerEvent: {}
[27.117168] (-) TimerEvent: {}
[27.217771] (-) TimerEvent: {}
[27.318145] (-) TimerEvent: {}
[27.418454] (-) TimerEvent: {}
[27.518783] (-) TimerEvent: {}
[27.619146] (-) TimerEvent: {}
[27.719497] (-) TimerEvent: {}
[27.820323] (-) TimerEvent: {}
[27.920699] (-) TimerEvent: {}
[28.021058] (-) TimerEvent: {}
[28.121423] (-) TimerEvent: {}
[28.221839] (-) TimerEvent: {}
[28.322221] (-) TimerEvent: {}
[28.422599] (-) TimerEvent: {}
[28.522990] (-) TimerEvent: {}
[28.623377] (-) TimerEvent: {}
[28.724101] (-) TimerEvent: {}
[28.824451] (-) TimerEvent: {}
[28.924821] (-) TimerEvent: {}
[29.025311] (-) TimerEvent: {}
[29.125687] (-) TimerEvent: {}
[29.226554] (-) TimerEvent: {}
[29.326925] (-) TimerEvent: {}
[29.427300] (-) TimerEvent: {}
[29.527653] (-) TimerEvent: {}
[29.628033] (-) TimerEvent: {}
[29.729808] (-) TimerEvent: {}
[29.830172] (-) TimerEvent: {}
[29.930545] (-) TimerEvent: {}
[30.030915] (-) TimerEvent: {}
[30.131289] (-) TimerEvent: {}
[30.231667] (-) TimerEvent: {}
[30.331983] (-) TimerEvent: {}
[30.432346] (-) TimerEvent: {}
[30.532712] (-) TimerEvent: {}
[30.633068] (-) TimerEvent: {}
[30.733425] (-) TimerEvent: {}
[30.834101] (-) TimerEvent: {}
[30.934499] (-) TimerEvent: {}
[31.035055] (-) TimerEvent: {}
[31.135514] (-) TimerEvent: {}
[31.236090] (-) TimerEvent: {}
[31.336520] (-) TimerEvent: {}
[31.439428] (-) TimerEvent: {}
[31.540254] (-) TimerEvent: {}
[31.640721] (-) TimerEvent: {}
[31.741136] (-) TimerEvent: {}
[31.841477] (-) TimerEvent: {}
[31.941853] (-) TimerEvent: {}
[32.042177] (-) TimerEvent: {}
[32.142745] (-) TimerEvent: {}
[32.243103] (-) TimerEvent: {}
[32.343496] (-) TimerEvent: {}
[32.443887] (-) TimerEvent: {}
[32.544257] (-) TimerEvent: {}
[32.644651] (-) TimerEvent: {}
[32.745109] (-) TimerEvent: {}
[32.845522] (-) TimerEvent: {}
[32.945878] (-) TimerEvent: {}
[33.047833] (-) TimerEvent: {}
[33.148185] (-) TimerEvent: {}
[33.248585] (-) TimerEvent: {}
[33.349047] (-) TimerEvent: {}
[33.449784] (-) TimerEvent: {}
[33.550459] (-) TimerEvent: {}
[33.650835] (-) TimerEvent: {}
[33.753922] (-) TimerEvent: {}
[33.854494] (-) TimerEvent: {}
[33.954862] (-) TimerEvent: {}
[34.055231] (-) TimerEvent: {}
[34.155599] (-) TimerEvent: {}
[34.255971] (-) TimerEvent: {}
[34.356356] (-) TimerEvent: {}
[34.456743] (-) TimerEvent: {}
[34.557122] (-) TimerEvent: {}
[34.657492] (-) TimerEvent: {}
[34.757879] (-) TimerEvent: {}
[34.859142] (-) TimerEvent: {}
[34.959513] (-) TimerEvent: {}
[35.059882] (-) TimerEvent: {}
[35.160253] (-) TimerEvent: {}
[35.260610] (-) TimerEvent: {}
[35.360991] (-) TimerEvent: {}
[35.461383] (-) TimerEvent: {}
[35.561779] (-) TimerEvent: {}
[35.662139] (-) TimerEvent: {}
[35.762464] (-) TimerEvent: {}
[35.862921] (-) TimerEvent: {}
[35.963252] (-) TimerEvent: {}
[36.063630] (-) TimerEvent: {}
[36.164002] (-) TimerEvent: {}
[36.264380] (-) TimerEvent: {}
[36.364772] (-) TimerEvent: {}
[36.465184] (-) TimerEvent: {}
[36.565549] (-) TimerEvent: {}
[36.665955] (-) TimerEvent: {}
[36.767308] (-) TimerEvent: {}
[36.867874] (-) TimerEvent: {}
[36.968272] (-) TimerEvent: {}
[37.068675] (-) TimerEvent: {}
[37.169397] (-) TimerEvent: {}
[37.270339] (-) TimerEvent: {}
[37.370726] (-) TimerEvent: {}
[37.471106] (-) TimerEvent: {}
[37.574104] (-) TimerEvent: {}
[37.674481] (-) TimerEvent: {}
[37.777922] (-) TimerEvent: {}
[37.878901] (-) TimerEvent: {}
[37.979676] (-) TimerEvent: {}
[38.080032] (-) TimerEvent: {}
[38.180389] (-) TimerEvent: {}
[38.280755] (-) TimerEvent: {}
[38.381134] (-) TimerEvent: {}
[38.481568] (-) TimerEvent: {}
[38.581980] (-) TimerEvent: {}
[38.682378] (-) TimerEvent: {}
[38.782774] (-) TimerEvent: {}
[38.883151] (-) TimerEvent: {}
[38.983523] (-) TimerEvent: {}
[39.083852] (-) TimerEvent: {}
[39.184276] (-) TimerEvent: {}
[39.284649] (-) TimerEvent: {}
[39.385029] (-) TimerEvent: {}
[39.485439] (-) TimerEvent: {}
[39.585862] (-) TimerEvent: {}
[39.686230] (-) TimerEvent: {}
[39.788910] (-) TimerEvent: {}
[39.889712] (-) TimerEvent: {}
[39.990572] (-) TimerEvent: {}
[40.090939] (-) TimerEvent: {}
[40.191337] (-) TimerEvent: {}
[40.291729] (-) TimerEvent: {}
[40.392123] (-) TimerEvent: {}
[40.492502] (-) TimerEvent: {}
[40.592849] (-) TimerEvent: {}
[40.693251] (-) TimerEvent: {}
[40.793628] (-) TimerEvent: {}
[40.893995] (-) TimerEvent: {}
[40.994375] (-) TimerEvent: {}
[41.094757] (-) TimerEvent: {}
[41.195114] (-) TimerEvent: {}
[41.295467] (-) TimerEvent: {}
[41.395815] (-) TimerEvent: {}
[41.496175] (-) TimerEvent: {}
[41.596555] (-) TimerEvent: {}
[41.696947] (-) TimerEvent: {}
[41.797338] (-) TimerEvent: {}
[41.897703] (-) TimerEvent: {}
[41.998106] (-) TimerEvent: {}
[42.098482] (-) TimerEvent: {}
[42.198850] (-) TimerEvent: {}
[42.299206] (-) TimerEvent: {}
[42.399821] (-) TimerEvent: {}
[42.500229] (-) TimerEvent: {}
[42.600601] (-) TimerEvent: {}
[42.700978] (-) TimerEvent: {}
[42.801348] (-) TimerEvent: {}
[42.901704] (-) TimerEvent: {}
[43.002175] (-) TimerEvent: {}
[43.102475] (-) TimerEvent: {}
[43.202849] (-) TimerEvent: {}
[43.303211] (-) TimerEvent: {}
[43.403553] (-) TimerEvent: {}
[43.503916] (-) TimerEvent: {}
[43.604269] (-) TimerEvent: {}
[43.646329] (nav_tf_bridge) StdoutLine: {'line': b'[100%] Linking CXX executable map_odom_tf_bridge\n'}
[43.704444] (-) TimerEvent: {}
[43.804818] (-) TimerEvent: {}
[43.905200] (-) TimerEvent: {}
[44.005579] (-) TimerEvent: {}
[44.085685] (nav_tf_bridge) StdoutLine: {'line': b'[100%] Built target map_odom_tf_bridge\n'}
[44.096531] (nav_tf_bridge) CommandEnded: {'returncode': 0}
[44.097420] (nav_tf_bridge) JobProgress: {'identifier': 'nav_tf_bridge', 'progress': 'install'}
[44.107439] (nav_tf_bridge) Command: {'cmd': ['/usr/local/bin/cmake', '--install', '/home/seeed/ros2/ws/build/nav_tf_bridge'], 'cwd': '/home/seeed/ros2/ws/build/nav_tf_bridge', 'env': OrderedDict([('LANGUAGE', 'zh_CN:en'), ('USER', 'seeed'), ('SSH_CLIENT', '192.168.1.101 56893 22'), ('LC_TIME', 'zh_CN.UTF-8'), ('XDG_SESSION_TYPE', 'tty'), ('SHLVL', '0'), ('LD_LIBRARY_PATH', '/opt/ros/humble/opt/rviz_ogre_vendor/lib:/opt/ros/humble/lib/aarch64-linux-gnu:/opt/ros/humble/lib'), ('MOTD_SHOWN', 'pam'), ('HOME', '/home/seeed'), ('OLDPWD', '/home/seeed'), ('JETSON_L4T', '36.4.3'), ('ROS_PYTHON_VERSION', '3'), ('JETSON_MODEL', 'NVIDIA Jetson Orin Nano Engineering Reference Developer Kit Super'), ('LC_MONETARY', 'zh_CN.UTF-8'), ('LC_CTYPE', 'C.UTF-8'), ('DBUS_SESSION_BUS_ADDRESS', 'unix:path=/run/user/1000/bus'), ('ROS_DISTRO', 'humble'), ('LOGNAME', 'seeed'), ('JETSON_MODULE', 'NVIDIA Jetson Orin Nano (Developer kit)'), ('JETSON_SERIAL_NUMBER', '1424325004383'), ('_', '/usr/bin/colcon'), ('ROS_VERSION', '2'), ('XDG_SESSION_CLASS', 'user'), ('XDG_SESSION_ID', '120'), ('ROS_LOCALHOST_ONLY', '0'), ('PATH', '/opt/ros/humble/bin:/usr/local/sbin:/usr/local/bin:/usr/sbin:/usr/bin:/sbin:/bin:/usr/games:/usr/local/games:/snap/bin'), ('PAPERSIZE', 'a4'), ('LC_ADDRESS', 'zh_CN.UTF-8'), ('XDG_RUNTIME_DIR', '/run/user/1000'), ('LANG', 'zh_CN.UTF-8'), ('LC_TELEPHONE', 'zh_CN.UTF-8'), ('JETSON_SOC', 'tegra234'), ('AMENT_PREFIX_PATH', '/opt/ros/humble'), ('SHELL', '/bin/bash'), ('LC_NAME', 'zh_CN.UTF-8'), ('LC_MEASUREMENT', 'zh_CN.UTF-8'), ('LC_IDENTIFICATION', 'zh_CN.UTF-8'), ('JETSON_CUDA_ARCH_BIN', '8.7'), ('PWD', '/home/seeed/ros2/ws/build/nav_tf_bridge'), ('LC_ALL', 'en_US.UTF-8'), ('SSH_CONNECTION', '192.168.1.101 56893 192.168.1.104 22'), ('XDG_DATA_DIRS', '/usr/share/gnome:/usr/local/share:/usr/share:/var/lib/snapd/desktop'), ('PYTHONPATH', '/opt/ros/humble/lib/python3.10/site-packages:/opt/ros/humble/local/lib/python3.10/dist-packages'), ('LC_NUMERIC', 'zh_CN.UTF-8'), ('LC_PAPER', 'zh_CN.UTF-8'), ('COLCON', '1'), ('JETSON_JETPACK', '6.2'), ('JETSON_P_NUMBER', 'p3767-0005'), ('CMAKE_PREFIX_PATH', '/opt/ros/humble')]), 'shell': False}
[44.108459] (-) TimerEvent: {}
[44.115226] (nav_tf_bridge) StdoutLine: {'line': b'-- Install configuration: "Release"\n'}
[44.116204] (nav_tf_bridge) StdoutLine: {'line': b'-- Execute custom install script\n'}
[44.117575] (nav_tf_bridge) StdoutLine: {'line': b'-- Up-to-date symlink: /home/seeed/ros2/ws/install/nav_tf_bridge/lib/nav_tf_bridge/map_odom_tf_bridge\n'}
[44.118136] (nav_tf_bridge) StdoutLine: {'line': b'-- Up-to-date symlink: /home/seeed/ros2/ws/install/nav_tf_bridge/share/ament_index/resource_index/package_run_dependencies/nav_tf_bridge\n'}
[44.118649] (nav_tf_bridge) StdoutLine: {'line': b'-- Up-to-date symlink: /home/seeed/ros2/ws/install/nav_tf_bridge/share/ament_index/resource_index/parent_prefix_path/nav_tf_bridge\n'}
[44.118919] (nav_tf_bridge) StdoutLine: {'line': b'-- Up-to-date symlink: /home/seeed/ros2/ws/install/nav_tf_bridge/share/nav_tf_bridge/environment/ament_prefix_path.sh\n'}
[44.119078] (nav_tf_bridge) StdoutLine: {'line': b'-- Up-to-date symlink: /home/seeed/ros2/ws/install/nav_tf_bridge/share/nav_tf_bridge/environment/ament_prefix_path.dsv\n'}
[44.119312] (nav_tf_bridge) StdoutLine: {'line': b'-- Up-to-date symlink: /home/seeed/ros2/ws/install/nav_tf_bridge/share/nav_tf_bridge/environment/path.sh\n'}
[44.119622] (nav_tf_bridge) StdoutLine: {'line': b'-- Up-to-date symlink: /home/seeed/ros2/ws/install/nav_tf_bridge/share/nav_tf_bridge/environment/path.dsv\n'}
[44.120065] (nav_tf_bridge) StdoutLine: {'line': b'-- Up-to-date symlink: /home/seeed/ros2/ws/install/nav_tf_bridge/share/nav_tf_bridge/local_setup.bash\n'}
[44.121164] (nav_tf_bridge) StdoutLine: {'line': b'-- Up-to-date symlink: /home/seeed/ros2/ws/install/nav_tf_bridge/share/nav_tf_bridge/local_setup.sh\n'}
[44.123194] (nav_tf_bridge) StdoutLine: {'line': b'-- Up-to-date symlink: /home/seeed/ros2/ws/install/nav_tf_bridge/share/nav_tf_bridge/local_setup.zsh\n'}
[44.126991] (nav_tf_bridge) StdoutLine: {'line': b'-- Up-to-date symlink: /home/seeed/ros2/ws/install/nav_tf_bridge/share/nav_tf_bridge/local_setup.dsv\n'}
[44.127283] (nav_tf_bridge) StdoutLine: {'line': b'-- Symlinking: /home/seeed/ros2/ws/install/nav_tf_bridge/share/nav_tf_bridge/package.dsv\n'}
[44.130011] (nav_tf_bridge) StdoutLine: {'line': b'-- Up-to-date symlink: /home/seeed/ros2/ws/install/nav_tf_bridge/share/ament_index/resource_index/packages/nav_tf_bridge\n'}
[44.130698] (nav_tf_bridge) StdoutLine: {'line': b'-- Up-to-date symlink: /home/seeed/ros2/ws/install/nav_tf_bridge/share/nav_tf_bridge/cmake/nav_tf_bridgeConfig.cmake\n'}
[44.131089] (nav_tf_bridge) StdoutLine: {'line': b'-- Up-to-date symlink: /home/seeed/ros2/ws/install/nav_tf_bridge/share/nav_tf_bridge/cmake/nav_tf_bridgeConfig-version.cmake\n'}
[44.131275] (nav_tf_bridge) StdoutLine: {'line': b'-- Up-to-date symlink: /home/seeed/ros2/ws/install/nav_tf_bridge/share/nav_tf_bridge/package.xml\n'}
[44.133113] (nav_tf_bridge) CommandEnded: {'returncode': 0}
[44.180729] (nav_tf_bridge) JobEnded: {'identifier': 'nav_tf_bridge', 'rc': 0}
[44.181537] (-) EventReactorShutdown: {}
