[0.000000] (-) TimerEvent: {}
[0.000320] (-) JobUnselected: {'identifier': 'fast_lio'}
[0.000615] (-) JobUnselected: {'identifier': 'livox_ros_driver2'}
[0.001107] (-) JobUnselected: {'identifier': 'nav_tf_bridge'}
[0.001389] (-) JobUnselected: {'identifier': 'ranger_base'}
[0.001664] (-) JobUnselected: {'identifier': 'ranger_bringup'}
[0.001805] (-) JobUnselected: {'identifier': 'ranger_msgs'}
[0.001880] (-) JobUnselected: {'identifier': 'ugv_sdk'}
[0.001953] (-) JobUnselected: {'identifier': 'vikit_common'}
[0.002024] (-) JobUnselected: {'identifier': 'vikit_ros'}
[0.002069] (pcd_ndt_localization) JobQueued: {'identifier': 'pcd_ndt_localization', 'dependencies': OrderedDict()}
[0.002147] (pcd_ndt_localization) JobStarted: {'identifier': 'pcd_ndt_localization'}
[0.020514] (pcd_ndt_localization) JobProgress: {'identifier': 'pcd_ndt_localization', 'progress': 'cmake'}
[0.023309] (pcd_ndt_localization) Command: {'cmd': ['/usr/local/bin/cmake', '/home/seeed/ros2/ws/src/localization/pcd_ndt_localization', '-DCMAKE_BUILD_TYPE=Release', '-DCMAKE_INSTALL_PREFIX=/home/seeed/ros2/ws/install/pcd_ndt_localization'], 'cwd': '/home/seeed/ros2/ws/build/pcd_ndt_localization', 'env': OrderedDict([('LANGUAGE', 'zh_CN:en'), ('USER', 'seeed'), ('SSH_CLIENT', '192.168.1.101 55211 22'), ('LC_TIME', 'zh_CN.UTF-8'), ('XDG_SESSION_TYPE', 'tty'), ('SHLVL', '0'), ('LD_LIBRARY_PATH', '/opt/ros/humble/opt/rviz_ogre_vendor/lib:/opt/ros/humble/lib/aarch64-linux-gnu:/opt/ros/humble/lib'), ('MOTD_SHOWN', 'pam'), ('HOME', '/home/seeed'), ('OLDPWD', '/home/seeed'), ('ROS_PYTHON_VERSION', '3'), ('LC_MONETARY', 'zh_CN.UTF-8'), ('LC_CTYPE', 'C.UTF-8'), ('DBUS_SESSION_BUS_ADDRESS', 'unix:path=/run/user/1000/bus'), ('ROS_DISTRO', 'humble'), ('LOGNAME', 'seeed'), ('_', '/usr/bin/colcon'), ('ROS_VERSION', '2'), ('XDG_SESSION_CLASS', 'user'), ('XDG_SESSION_ID', '457'), ('ROS_LOCALHOST_ONLY', '0'), ('PATH', '/opt/ros/humble/bin:/usr/local/sbin:/usr/local/bin:/usr/sbin:/usr/bin:/sbin:/bin:/usr/games:/usr/local/games:/snap/bin'), ('PAPERSIZE', 'a4'), ('LC_ADDRESS', 'zh_CN.UTF-8'), ('XDG_RUNTIME_DIR', '/run/user/1000'), ('DISPLAY', 'localhost:12.0'), ('LANG', 'zh_CN.UTF-8'), ('LC_TELEPHONE', 'zh_CN.UTF-8'), ('AMENT_PREFIX_PATH', '/opt/ros/humble'), ('SHELL', '/bin/bash'), ('LC_NAME', 'zh_CN.UTF-8'), ('LC_MEASUREMENT', 'zh_CN.UTF-8'), ('LC_IDENTIFICATION', 'zh_CN.UTF-8'), ('PWD', '/home/seeed/ros2/ws/build/pcd_ndt_localization'), ('LC_ALL', 'en_US.UTF-8'), ('SSH_CONNECTION', '192.168.1.101 55211 192.168.1.104 22'), ('XDG_DATA_DIRS', '/usr/share/gnome:/usr/local/share:/usr/share:/var/lib/snapd/desktop'), ('PYTHONPATH', '/opt/ros/humble/lib/python3.10/site-packages:/opt/ros/humble/local/lib/python3.10/dist-packages'), ('LC_NUMERIC', 'zh_CN.UTF-8'), ('LC_PAPER', 'zh_CN.UTF-8'), ('COLCON', '1'), ('CMAKE_PREFIX_PATH', '/opt/ros/humble')]), 'shell': False}
[0.051687] (pcd_ndt_localization) StdoutLine: {'line': b'-- Found ament_cmake: 1.3.14 (/opt/ros/humble/share/ament_cmake/cmake)\n'}
[0.099340] (-) TimerEvent: {}
[0.199739] (-) TimerEvent: {}
[0.300115] (-) TimerEvent: {}
[0.400480] (-) TimerEvent: {}
[0.500463] (pcd_ndt_localization) StdoutLine: {'line': b'-- Override CMake install command with custom implementation using symlinks instead of copying resources\n'}
[0.501170] (-) TimerEvent: {}
[0.531170] (pcd_ndt_localization) StdoutLine: {'line': b'-- Found geometry_msgs: 4.9.1 (/opt/ros/humble/share/geometry_msgs/cmake)\n'}
[0.601383] (-) TimerEvent: {}
[0.608356] (pcd_ndt_localization) StdoutLine: {'line': b'-- Found rosidl_generator_c: 3.1.8 (/opt/ros/humble/share/rosidl_generator_c/cmake)\n'}
[0.616770] (pcd_ndt_localization) StdoutLine: {'line': b'-- Found rosidl_adapter: 3.1.8 (/opt/ros/humble/share/rosidl_adapter/cmake)\n'}
[0.635897] (pcd_ndt_localization) StdoutLine: {'line': b'-- Found rosidl_generator_cpp: 3.1.8 (/opt/ros/humble/share/rosidl_generator_cpp/cmake)\n'}
[0.666477] (pcd_ndt_localization) StdoutLine: {'line': b'-- Using all available rosidl_typesupport_c: rosidl_typesupport_fastrtps_c;rosidl_typesupport_introspection_c\n'}
[0.701484] (-) TimerEvent: {}
[0.704262] (pcd_ndt_localization) StdoutLine: {'line': b'-- Using all available rosidl_typesupport_cpp: rosidl_typesupport_fastrtps_cpp;rosidl_typesupport_introspection_cpp\n'}
[0.801681] (-) TimerEvent: {}
[0.812560] (pcd_ndt_localization) StdoutLine: {'line': b'-- Found nav_msgs: 4.9.1 (/opt/ros/humble/share/nav_msgs/cmake)\n'}
[0.878040] (pcd_ndt_localization) StderrLine: {'line': b'CMake Warning (dev) at /usr/lib/aarch64-linux-gnu/cmake/pcl/PCLConfig.cmake:146 (find_package):\n'}
[0.878572] (pcd_ndt_localization) StderrLine: {'line': b'  Policy CMP0144 is not set: find_package uses upper-case <PACKAGENAME>_ROOT\n'}
[0.878746] (pcd_ndt_localization) StderrLine: {'line': b'  variables.  Run "cmake --help-policy CMP0144" for policy details.  Use the\n'}
[0.879055] (pcd_ndt_localization) StderrLine: {'line': b'  cmake_policy command to set the policy and suppress this warning.\n'}
[0.879205] (pcd_ndt_localization) StderrLine: {'line': b'\n'}
[0.879339] (pcd_ndt_localization) StderrLine: {'line': b'  CMake variable EIGEN_ROOT is set to:\n'}
[0.879467] (pcd_ndt_localization) StderrLine: {'line': b'\n'}
[0.879588] (pcd_ndt_localization) StderrLine: {'line': b'    /usr/include/eigen3\n'}
[0.879710] (pcd_ndt_localization) StderrLine: {'line': b'\n'}
[0.879829] (pcd_ndt_localization) StderrLine: {'line': b'  For compatibility, find_package is ignoring the variable, but code in a\n'}
[0.879949] (pcd_ndt_localization) StderrLine: {'line': b'  .cmake module might still use it.\n'}
[0.880069] (pcd_ndt_localization) StderrLine: {'line': b'Call Stack (most recent call first):\n'}
[0.880186] (pcd_ndt_localization) StderrLine: {'line': b'  /usr/lib/aarch64-linux-gnu/cmake/pcl/PCLConfig.cmake:299 (find_eigen)\n'}
[0.880307] (pcd_ndt_localization) StderrLine: {'line': b'  /usr/lib/aarch64-linux-gnu/cmake/pcl/PCLConfig.cmake:543 (find_external_library)\n'}
[0.880428] (pcd_ndt_localization) StderrLine: {'line': b'  CMakeLists.txt:12 (find_package)\n'}
[0.880544] (pcd_ndt_localization) StderrLine: {'line': b'This warning is for project developers.  Use -Wno-dev to suppress it.\n'}
[0.880661] (pcd_ndt_localization) StderrLine: {'line': b'\n'}
[0.888497] (pcd_ndt_localization) StdoutLine: {'line': b'-- Eigen found (include: /usr/include/eigen3, version: 3.4.0)\n'}
[0.901742] (-) TimerEvent: {}
[0.917595] (pcd_ndt_localization) StderrLine: {'line': b'CMake Warning (dev) at /usr/lib/aarch64-linux-gnu/cmake/pcl/Modules/FindFLANN.cmake:44 (find_package):\n'}
[0.918001] (pcd_ndt_localization) StderrLine: {'line': b'  Policy CMP0144 is not set: find_package uses upper-case <PACKAGENAME>_ROOT\n'}
[0.918145] (pcd_ndt_localization) StderrLine: {'line': b'  variables.  Run "cmake --help-policy CMP0144" for policy details.  Use the\n'}
[0.918274] (pcd_ndt_localization) StderrLine: {'line': b'  cmake_policy command to set the policy and suppress this warning.\n'}
[0.918399] (pcd_ndt_localization) StderrLine: {'line': b'\n'}
[0.918522] (pcd_ndt_localization) StderrLine: {'line': b'  CMake variable FLANN_ROOT is set to:\n'}
[0.918645] (pcd_ndt_localization) StderrLine: {'line': b'\n'}
[0.918764] (pcd_ndt_localization) StderrLine: {'line': b'    /usr\n'}
[0.918923] (pcd_ndt_localization) StderrLine: {'line': b'\n'}
[0.919051] (pcd_ndt_localization) StderrLine: {'line': b'  For compatibility, find_package is ignoring the variable, but code in a\n'}
[0.919173] (pcd_ndt_localization) StderrLine: {'line': b'  .cmake module might still use it.\n'}
[0.919292] (pcd_ndt_localization) StderrLine: {'line': b'Call Stack (most recent call first):\n'}
[0.919408] (pcd_ndt_localization) StderrLine: {'line': b'  /usr/lib/aarch64-linux-gnu/cmake/pcl/PCLConfig.cmake:256 (find_package)\n'}
[0.919526] (pcd_ndt_localization) StderrLine: {'line': b'  /usr/lib/aarch64-linux-gnu/cmake/pcl/PCLConfig.cmake:301 (find_flann)\n'}
[0.919646] (pcd_ndt_localization) StderrLine: {'line': b'  /usr/lib/aarch64-linux-gnu/cmake/pcl/PCLConfig.cmake:543 (find_external_library)\n'}
[0.919778] (pcd_ndt_localization) StderrLine: {'line': b'  CMakeLists.txt:12 (find_package)\n'}
[0.919897] (pcd_ndt_localization) StderrLine: {'line': b'This warning is for project developers.  Use -Wno-dev to suppress it.\n'}
[0.920061] (pcd_ndt_localization) StderrLine: {'line': b'\n'}
[0.967779] (pcd_ndt_localization) StdoutLine: {'line': b'-- FLANN found (include: /usr/include, lib: /usr/lib/aarch64-linux-gnu/libflann_cpp.so)\n'}
[0.994325] (pcd_ndt_localization) StdoutLine: {'line': b'-- OpenNI found (version: 1.5.4.0, include: /usr/include/ni, lib: /usr/lib/libOpenNI.so;libusb::libusb)\n'}
[1.001858] (-) TimerEvent: {}
[1.006643] (pcd_ndt_localization) StdoutLine: {'line': b'-- OpenNI2 found (version: 2.2.0.33, include: /usr/include/openni2, lib: /usr/lib/aarch64-linux-gnu/libOpenNI2.so;libusb::libusb)\n'}
[1.007263] (pcd_ndt_localization) StderrLine: {'line': b'** WARNING ** io features related to pcap will be disabled\n'}
[1.007566] (pcd_ndt_localization) StderrLine: {'line': b'** WARNING ** io features related to png will be disabled\n'}
[1.102058] (-) TimerEvent: {}
[1.202463] (-) TimerEvent: {}
[1.302891] (-) TimerEvent: {}
[1.403309] (-) TimerEvent: {}
[1.503709] (-) TimerEvent: {}
[1.604106] (-) TimerEvent: {}
[1.704502] (-) TimerEvent: {}
[1.804914] (-) TimerEvent: {}
[1.905334] (-) TimerEvent: {}
[1.915863] (pcd_ndt_localization) StdoutLine: {'line': b'-- Eigen found (include: /usr/include/eigen3, version: 3.4.0)\n'}
[2.005505] (-) TimerEvent: {}
[2.105914] (-) TimerEvent: {}
[2.206344] (-) TimerEvent: {}
[2.306795] (-) TimerEvent: {}
[2.407248] (-) TimerEvent: {}
[2.507661] (-) TimerEvent: {}
[2.608103] (-) TimerEvent: {}
[2.708588] (-) TimerEvent: {}
[2.809042] (-) TimerEvent: {}
[2.909453] (-) TimerEvent: {}
[2.988880] (pcd_ndt_localization) StdoutLine: {'line': b'-- looking for PCL_COMMON\n'}
[2.989741] (pcd_ndt_localization) StdoutLine: {'line': b'-- looking for PCL_KDTREE\n'}
[2.990732] (pcd_ndt_localization) StdoutLine: {'line': b'-- looking for PCL_OCTREE\n'}
[2.991603] (pcd_ndt_localization) StdoutLine: {'line': b'-- looking for PCL_SEARCH\n'}
[2.992621] (pcd_ndt_localization) StdoutLine: {'line': b'-- looking for PCL_SAMPLE_CONSENSUS\n'}
[2.993573] (pcd_ndt_localization) StdoutLine: {'line': b'-- looking for PCL_FILTERS\n'}
[2.994625] (pcd_ndt_localization) StdoutLine: {'line': b'-- looking for PCL_IO\n'}
[2.995801] (pcd_ndt_localization) StdoutLine: {'line': b'-- looking for PCL_2D\n'}
[2.996674] (pcd_ndt_localization) StdoutLine: {'line': b'-- looking for PCL_FEATURES\n'}
[2.997805] (pcd_ndt_localization) StdoutLine: {'line': b'-- looking for PCL_REGISTRATION\n'}
[3.001204] (pcd_ndt_localization) StdoutLine: {'line': b'-- Found pcl_conversions: 2.4.5 (/opt/ros/humble/share/pcl_conversions/cmake)\n'}
[3.009583] (-) TimerEvent: {}
[3.099080] (pcd_ndt_localization) StdoutLine: {'line': b'-- Found rmw_implementation_cmake: 6.1.2 (/opt/ros/humble/share/rmw_implementation_cmake/cmake)\n'}
[3.103110] (pcd_ndt_localization) StdoutLine: {'line': b'-- Found rmw_fastrtps_cpp: 6.2.10 (/opt/ros/humble/share/rmw_fastrtps_cpp/cmake)\n'}
[3.109741] (-) TimerEvent: {}
[3.210112] (-) TimerEvent: {}
[3.310519] (-) TimerEvent: {}
[3.355244] (pcd_ndt_localization) StdoutLine: {'line': b"-- Using RMW implementation 'rmw_fastrtps_cpp' as default\n"}
[3.410690] (-) TimerEvent: {}
[3.511112] (-) TimerEvent: {}
[3.589702] (pcd_ndt_localization) StdoutLine: {'line': b'-- Found tf2: 0.25.20 (/opt/ros/humble/share/tf2/cmake)\n'}
[3.601450] (pcd_ndt_localization) StdoutLine: {'line': b'-- Found tf2_eigen: 0.25.20 (/opt/ros/humble/share/tf2_eigen/cmake)\n'}
[3.611223] (-) TimerEvent: {}
[3.711557] (-) TimerEvent: {}
[3.811970] (-) TimerEvent: {}
[3.830111] (pcd_ndt_localization) StdoutLine: {'line': b'-- Found visualization_msgs: 4.9.1 (/opt/ros/humble/share/visualization_msgs/cmake)\n'}
[3.912137] (-) TimerEvent: {}
[4.012523] (-) TimerEvent: {}
[4.087343] (pcd_ndt_localization) StdoutLine: {'line': b'-- Configuring done (4.1s)\n'}
[4.112751] (-) TimerEvent: {}
[4.213175] (-) TimerEvent: {}
[4.242427] (pcd_ndt_localization) StdoutLine: {'line': b'-- Generating done (0.1s)\n'}
[4.262816] (pcd_ndt_localization) StdoutLine: {'line': b'-- Build files have been written to: /home/seeed/ros2/ws/build/pcd_ndt_localization\n'}
[4.312395] (pcd_ndt_localization) CommandEnded: {'returncode': 0}
[4.313797] (-) TimerEvent: {}
[4.314919] (pcd_ndt_localization) JobProgress: {'identifier': 'pcd_ndt_localization', 'progress': 'build'}
[4.318113] (pcd_ndt_localization) Command: {'cmd': ['/usr/local/bin/cmake', '--build', '/home/seeed/ros2/ws/build/pcd_ndt_localization', '--', '-j6', '-l6'], 'cwd': '/home/seeed/ros2/ws/build/pcd_ndt_localization', 'env': OrderedDict([('LANGUAGE', 'zh_CN:en'), ('USER', 'seeed'), ('SSH_CLIENT', '192.168.1.101 55211 22'), ('LC_TIME', 'zh_CN.UTF-8'), ('XDG_SESSION_TYPE', 'tty'), ('SHLVL', '0'), ('LD_LIBRARY_PATH', '/opt/ros/humble/opt/rviz_ogre_vendor/lib:/opt/ros/humble/lib/aarch64-linux-gnu:/opt/ros/humble/lib'), ('MOTD_SHOWN', 'pam'), ('HOME', '/home/seeed'), ('OLDPWD', '/home/seeed'), ('ROS_PYTHON_VERSION', '3'), ('LC_MONETARY', 'zh_CN.UTF-8'), ('LC_CTYPE', 'C.UTF-8'), ('DBUS_SESSION_BUS_ADDRESS', 'unix:path=/run/user/1000/bus'), ('ROS_DISTRO', 'humble'), ('LOGNAME', 'seeed'), ('_', '/usr/bin/colcon'), ('ROS_VERSION', '2'), ('XDG_SESSION_CLASS', 'user'), ('XDG_SESSION_ID', '457'), ('ROS_LOCALHOST_ONLY', '0'), ('PATH', '/opt/ros/humble/bin:/usr/local/sbin:/usr/local/bin:/usr/sbin:/usr/bin:/sbin:/bin:/usr/games:/usr/local/games:/snap/bin'), ('PAPERSIZE', 'a4'), ('LC_ADDRESS', 'zh_CN.UTF-8'), ('XDG_RUNTIME_DIR', '/run/user/1000'), ('DISPLAY', 'localhost:12.0'), ('LANG', 'zh_CN.UTF-8'), ('LC_TELEPHONE', 'zh_CN.UTF-8'), ('AMENT_PREFIX_PATH', '/opt/ros/humble'), ('SHELL', '/bin/bash'), ('LC_NAME', 'zh_CN.UTF-8'), ('LC_MEASUREMENT', 'zh_CN.UTF-8'), ('LC_IDENTIFICATION', 'zh_CN.UTF-8'), ('PWD', '/home/seeed/ros2/ws/build/pcd_ndt_localization'), ('LC_ALL', 'en_US.UTF-8'), ('SSH_CONNECTION', '192.168.1.101 55211 192.168.1.104 22'), ('XDG_DATA_DIRS', '/usr/share/gnome:/usr/local/share:/usr/share:/var/lib/snapd/desktop'), ('PYTHONPATH', '/opt/ros/humble/lib/python3.10/site-packages:/opt/ros/humble/local/lib/python3.10/dist-packages'), ('LC_NUMERIC', 'zh_CN.UTF-8'), ('LC_PAPER', 'zh_CN.UTF-8'), ('COLCON', '1'), ('CMAKE_PREFIX_PATH', '/opt/ros/humble')]), 'shell': False}
[4.409627] (pcd_ndt_localization) StdoutLine: {'line': b'[ 50%] Built target pcd_occupancy_grid_publisher\n'}
[4.413903] (-) TimerEvent: {}
[4.422144] (pcd_ndt_localization) StdoutLine: {'line': b'[ 75%] Building CXX object CMakeFiles/pcd_ndt_localizer.dir/src/pcd_ndt_localizer.cpp.o\n'}
[4.514113] (-) TimerEvent: {}
[4.614520] (-) TimerEvent: {}
[4.714960] (-) TimerEvent: {}
[4.815384] (-) TimerEvent: {}
[4.915803] (-) TimerEvent: {}
[5.016207] (-) TimerEvent: {}
[5.116601] (-) TimerEvent: {}
[5.216986] (-) TimerEvent: {}
[5.317361] (-) TimerEvent: {}
[5.417763] (-) TimerEvent: {}
[5.518168] (-) TimerEvent: {}
[5.618580] (-) TimerEvent: {}
[5.719062] (-) TimerEvent: {}
[5.819532] (-) TimerEvent: {}
[5.919989] (-) TimerEvent: {}
[6.020486] (-) TimerEvent: {}
[6.120962] (-) TimerEvent: {}
[6.221434] (-) TimerEvent: {}
[6.321907] (-) TimerEvent: {}
[6.422374] (-) TimerEvent: {}
[6.522831] (-) TimerEvent: {}
[6.623295] (-) TimerEvent: {}
[6.723782] (-) TimerEvent: {}
[6.824254] (-) TimerEvent: {}
[6.924736] (-) TimerEvent: {}
[7.025225] (-) TimerEvent: {}
[7.125710] (-) TimerEvent: {}
[7.226178] (-) TimerEvent: {}
[7.326618] (-) TimerEvent: {}
[7.427109] (-) TimerEvent: {}
[7.527566] (-) TimerEvent: {}
[7.628035] (-) TimerEvent: {}
[7.728520] (-) TimerEvent: {}
[7.829005] (-) TimerEvent: {}
[7.929455] (-) TimerEvent: {}
[8.029920] (-) TimerEvent: {}
[8.130376] (-) TimerEvent: {}
[8.230862] (-) TimerEvent: {}
[8.331295] (-) TimerEvent: {}
[8.431724] (-) TimerEvent: {}
[8.532160] (-) TimerEvent: {}
[8.632581] (-) TimerEvent: {}
[8.733012] (-) TimerEvent: {}
[8.833447] (-) TimerEvent: {}
[8.933949] (-) TimerEvent: {}
[9.034392] (-) TimerEvent: {}
[9.134831] (-) TimerEvent: {}
[9.235299] (-) TimerEvent: {}
[9.335747] (-) TimerEvent: {}
[9.436201] (-) TimerEvent: {}
[9.536666] (-) TimerEvent: {}
[9.637141] (-) TimerEvent: {}
[9.737610] (-) TimerEvent: {}
[9.838082] (-) TimerEvent: {}
[9.938567] (-) TimerEvent: {}
[10.039415] (-) TimerEvent: {}
[10.140193] (-) TimerEvent: {}
[10.240714] (-) TimerEvent: {}
[10.341205] (-) TimerEvent: {}
[10.441702] (-) TimerEvent: {}
[10.542156] (-) TimerEvent: {}
[10.642604] (-) TimerEvent: {}
[10.743097] (-) TimerEvent: {}
[10.843567] (-) TimerEvent: {}
[10.944033] (-) TimerEvent: {}
[11.044764] (-) TimerEvent: {}
[11.145233] (-) TimerEvent: {}
[11.245722] (-) TimerEvent: {}
[11.346204] (-) TimerEvent: {}
[11.446683] (-) TimerEvent: {}
[11.547190] (-) TimerEvent: {}
[11.647662] (-) TimerEvent: {}
[11.748146] (-) TimerEvent: {}
[11.848608] (-) TimerEvent: {}
[11.949044] (-) TimerEvent: {}
[12.049494] (-) TimerEvent: {}
[12.149939] (-) TimerEvent: {}
[12.250329] (-) TimerEvent: {}
[12.350772] (-) TimerEvent: {}
[12.451280] (-) TimerEvent: {}
[12.551769] (-) TimerEvent: {}
[12.652564] (-) TimerEvent: {}
[12.753028] (-) TimerEvent: {}
[12.853469] (-) TimerEvent: {}
[12.953943] (-) TimerEvent: {}
[13.054388] (-) TimerEvent: {}
[13.154759] (-) TimerEvent: {}
[13.255205] (-) TimerEvent: {}
[13.355704] (-) TimerEvent: {}
[13.456187] (-) TimerEvent: {}
[13.556649] (-) TimerEvent: {}
[13.657124] (-) TimerEvent: {}
[13.757570] (-) TimerEvent: {}
[13.858032] (-) TimerEvent: {}
[13.958575] (-) TimerEvent: {}
[14.059027] (-) TimerEvent: {}
[14.159478] (-) TimerEvent: {}
[14.259934] (-) TimerEvent: {}
[14.360386] (-) TimerEvent: {}
[14.460857] (-) TimerEvent: {}
[14.561340] (-) TimerEvent: {}
[14.661814] (-) TimerEvent: {}
[14.762272] (-) TimerEvent: {}
[14.862762] (-) TimerEvent: {}
[14.963251] (-) TimerEvent: {}
[15.063709] (-) TimerEvent: {}
[15.164178] (-) TimerEvent: {}
[15.264647] (-) TimerEvent: {}
[15.365104] (-) TimerEvent: {}
[15.465564] (-) TimerEvent: {}
[15.566035] (-) TimerEvent: {}
[15.666489] (-) TimerEvent: {}
[15.766967] (-) TimerEvent: {}
[15.867400] (-) TimerEvent: {}
[15.967852] (-) TimerEvent: {}
[16.068295] (-) TimerEvent: {}
[16.168787] (-) TimerEvent: {}
[16.269251] (-) TimerEvent: {}
[16.369711] (-) TimerEvent: {}
[16.470162] (-) TimerEvent: {}
[16.570593] (-) TimerEvent: {}
[16.671012] (-) TimerEvent: {}
[16.771441] (-) TimerEvent: {}
[16.871864] (-) TimerEvent: {}
[16.972286] (-) TimerEvent: {}
[17.072744] (-) TimerEvent: {}
[17.173232] (-) TimerEvent: {}
[17.273705] (-) TimerEvent: {}
[17.374201] (-) TimerEvent: {}
[17.474667] (-) TimerEvent: {}
[17.575145] (-) TimerEvent: {}
[17.675791] (-) TimerEvent: {}
[17.776236] (-) TimerEvent: {}
[17.876685] (-) TimerEvent: {}
[17.977111] (-) TimerEvent: {}
[18.077566] (-) TimerEvent: {}
[18.178064] (-) TimerEvent: {}
[18.278544] (-) TimerEvent: {}
[18.378997] (-) TimerEvent: {}
[18.479446] (-) TimerEvent: {}
[18.579891] (-) TimerEvent: {}
[18.680341] (-) TimerEvent: {}
[18.780782] (-) TimerEvent: {}
[18.881231] (-) TimerEvent: {}
[18.981715] (-) TimerEvent: {}
[19.082175] (-) TimerEvent: {}
[19.182631] (-) TimerEvent: {}
[19.283121] (-) TimerEvent: {}
[19.383599] (-) TimerEvent: {}
[19.484090] (-) TimerEvent: {}
[19.584542] (-) TimerEvent: {}
[19.685001] (-) TimerEvent: {}
[19.785464] (-) TimerEvent: {}
[19.885943] (-) TimerEvent: {}
[19.986383] (-) TimerEvent: {}
[20.086794] (-) TimerEvent: {}
[20.187300] (-) TimerEvent: {}
[20.287753] (-) TimerEvent: {}
[20.388195] (-) TimerEvent: {}
[20.488642] (-) TimerEvent: {}
[20.589073] (-) TimerEvent: {}
[20.689523] (-) TimerEvent: {}
[20.789989] (-) TimerEvent: {}
[20.890440] (-) TimerEvent: {}
[20.990914] (-) TimerEvent: {}
[21.091378] (-) TimerEvent: {}
[21.191823] (-) TimerEvent: {}
[21.292276] (-) TimerEvent: {}
[21.392772] (-) TimerEvent: {}
[21.493237] (-) TimerEvent: {}
[21.593679] (-) TimerEvent: {}
[21.694122] (-) TimerEvent: {}
[21.794554] (-) TimerEvent: {}
[21.895348] (-) TimerEvent: {}
[21.995853] (-) TimerEvent: {}
[22.096298] (-) TimerEvent: {}
[22.196769] (-) TimerEvent: {}
[22.297226] (-) TimerEvent: {}
[22.397692] (-) TimerEvent: {}
[22.498189] (-) TimerEvent: {}
[22.598869] (-) TimerEvent: {}
[22.699376] (-) TimerEvent: {}
[22.799828] (-) TimerEvent: {}
[22.900282] (-) TimerEvent: {}
[23.000762] (-) TimerEvent: {}
[23.101238] (-) TimerEvent: {}
[23.201672] (-) TimerEvent: {}
[23.302176] (-) TimerEvent: {}
[23.402800] (-) TimerEvent: {}
[23.503380] (-) TimerEvent: {}
[23.603818] (-) TimerEvent: {}
[23.704314] (-) TimerEvent: {}
[23.804781] (-) TimerEvent: {}
[23.905261] (-) TimerEvent: {}
[24.005773] (-) TimerEvent: {}
[24.106236] (-) TimerEvent: {}
[24.206683] (-) TimerEvent: {}
[24.307114] (-) TimerEvent: {}
[24.407489] (-) TimerEvent: {}
[24.507949] (-) TimerEvent: {}
[24.608410] (-) TimerEvent: {}
[24.708873] (-) TimerEvent: {}
[24.809323] (-) TimerEvent: {}
[24.909784] (-) TimerEvent: {}
[25.010244] (-) TimerEvent: {}
[25.110726] (-) TimerEvent: {}
[25.211241] (-) TimerEvent: {}
[25.311679] (-) TimerEvent: {}
[25.412112] (-) TimerEvent: {}
[25.512591] (-) TimerEvent: {}
[25.613075] (-) TimerEvent: {}
[25.713551] (-) TimerEvent: {}
[25.814044] (-) TimerEvent: {}
[25.914528] (-) TimerEvent: {}
[26.015023] (-) TimerEvent: {}
[26.115458] (-) TimerEvent: {}
[26.215913] (-) TimerEvent: {}
[26.316383] (-) TimerEvent: {}
[26.416783] (-) TimerEvent: {}
[26.517233] (-) TimerEvent: {}
[26.617662] (-) TimerEvent: {}
[26.718137] (-) TimerEvent: {}
[26.818600] (-) TimerEvent: {}
[26.919031] (-) TimerEvent: {}
[27.019529] (-) TimerEvent: {}
[27.120003] (-) TimerEvent: {}
[27.220478] (-) TimerEvent: {}
[27.320967] (-) TimerEvent: {}
[27.421457] (-) TimerEvent: {}
[27.521925] (-) TimerEvent: {}
[27.622395] (-) TimerEvent: {}
[27.722909] (-) TimerEvent: {}
[27.823438] (-) TimerEvent: {}
[27.923931] (-) TimerEvent: {}
[28.024422] (-) TimerEvent: {}
[28.124908] (-) TimerEvent: {}
[28.225401] (-) TimerEvent: {}
[28.325888] (-) TimerEvent: {}
[28.426394] (-) TimerEvent: {}
[28.526898] (-) TimerEvent: {}
[28.627369] (-) TimerEvent: {}
[28.727810] (-) TimerEvent: {}
[28.828314] (-) TimerEvent: {}
[28.928823] (-) TimerEvent: {}
[29.031544] (-) TimerEvent: {}
[29.132020] (-) TimerEvent: {}
[29.232484] (-) TimerEvent: {}
[29.332961] (-) TimerEvent: {}
[29.433456] (-) TimerEvent: {}
[29.533940] (-) TimerEvent: {}
[29.634412] (-) TimerEvent: {}
[29.734833] (-) TimerEvent: {}
[29.835311] (-) TimerEvent: {}
[29.935714] (-) TimerEvent: {}
[30.036118] (-) TimerEvent: {}
[30.136540] (-) TimerEvent: {}
[30.237010] (-) TimerEvent: {}
[30.337469] (-) TimerEvent: {}
[30.437954] (-) TimerEvent: {}
[30.538406] (-) TimerEvent: {}
[30.638876] (-) TimerEvent: {}
[30.739327] (-) TimerEvent: {}
[30.839770] (-) TimerEvent: {}
[30.940226] (-) TimerEvent: {}
[31.040614] (-) TimerEvent: {}
[31.141044] (-) TimerEvent: {}
[31.241490] (-) TimerEvent: {}
[31.341944] (-) TimerEvent: {}
[31.442417] (-) TimerEvent: {}
[31.542935] (-) TimerEvent: {}
[31.643354] (-) TimerEvent: {}
[31.743792] (-) TimerEvent: {}
[31.844270] (-) TimerEvent: {}
[31.944750] (-) TimerEvent: {}
[32.045209] (-) TimerEvent: {}
[32.145684] (-) TimerEvent: {}
[32.246148] (-) TimerEvent: {}
[32.346616] (-) TimerEvent: {}
[32.447304] (-) TimerEvent: {}
[32.547795] (-) TimerEvent: {}
[32.648259] (-) TimerEvent: {}
[32.748699] (-) TimerEvent: {}
[32.849145] (-) TimerEvent: {}
[32.949604] (-) TimerEvent: {}
[33.050055] (-) TimerEvent: {}
[33.150502] (-) TimerEvent: {}
[33.250960] (-) TimerEvent: {}
[33.351388] (-) TimerEvent: {}
[33.451857] (-) TimerEvent: {}
[33.552320] (-) TimerEvent: {}
[33.652762] (-) TimerEvent: {}
[33.753212] (-) TimerEvent: {}
[33.853684] (-) TimerEvent: {}
[33.954170] (-) TimerEvent: {}
[34.054727] (-) TimerEvent: {}
[34.155207] (-) TimerEvent: {}
[34.255649] (-) TimerEvent: {}
[34.356079] (-) TimerEvent: {}
[34.456519] (-) TimerEvent: {}
[34.556961] (-) TimerEvent: {}
[34.657439] (-) TimerEvent: {}
[34.757934] (-) TimerEvent: {}
[34.858422] (-) TimerEvent: {}
[34.958936] (-) TimerEvent: {}
[35.059416] (-) TimerEvent: {}
[35.159898] (-) TimerEvent: {}
[35.260389] (-) TimerEvent: {}
[35.360849] (-) TimerEvent: {}
[35.461289] (-) TimerEvent: {}
[35.561750] (-) TimerEvent: {}
[35.662189] (-) TimerEvent: {}
[35.762631] (-) TimerEvent: {}
[35.863075] (-) TimerEvent: {}
[35.963525] (-) TimerEvent: {}
[36.063966] (-) TimerEvent: {}
[36.164409] (-) TimerEvent: {}
[36.264873] (-) TimerEvent: {}
[36.365320] (-) TimerEvent: {}
[36.465755] (-) TimerEvent: {}
[36.566221] (-) TimerEvent: {}
[36.666662] (-) TimerEvent: {}
[36.767111] (-) TimerEvent: {}
[36.867542] (-) TimerEvent: {}
[36.967987] (-) TimerEvent: {}
[37.068450] (-) TimerEvent: {}
[37.168938] (-) TimerEvent: {}
[37.269397] (-) TimerEvent: {}
[37.369878] (-) TimerEvent: {}
[37.470345] (-) TimerEvent: {}
[37.570829] (-) TimerEvent: {}
[37.671300] (-) TimerEvent: {}
[37.771750] (-) TimerEvent: {}
[37.872189] (-) TimerEvent: {}
[37.972592] (-) TimerEvent: {}
[38.073055] (-) TimerEvent: {}
[38.173517] (-) TimerEvent: {}
[38.273972] (-) TimerEvent: {}
[38.374446] (-) TimerEvent: {}
[38.474949] (-) TimerEvent: {}
[38.575410] (-) TimerEvent: {}
[38.675888] (-) TimerEvent: {}
[38.776374] (-) TimerEvent: {}
[38.876856] (-) TimerEvent: {}
[38.977334] (-) TimerEvent: {}
[39.077868] (-) TimerEvent: {}
[39.178346] (-) TimerEvent: {}
[39.278815] (-) TimerEvent: {}
[39.379308] (-) TimerEvent: {}
[39.479770] (-) TimerEvent: {}
[39.580176] (-) TimerEvent: {}
[39.680575] (-) TimerEvent: {}
[39.781016] (-) TimerEvent: {}
[39.881467] (-) TimerEvent: {}
[39.981935] (-) TimerEvent: {}
[40.082413] (-) TimerEvent: {}
[40.183135] (-) TimerEvent: {}
[40.283604] (-) TimerEvent: {}
[40.384081] (-) TimerEvent: {}
[40.484577] (-) TimerEvent: {}
[40.585063] (-) TimerEvent: {}
[40.685550] (-) TimerEvent: {}
[40.786014] (-) TimerEvent: {}
[40.886474] (-) TimerEvent: {}
[40.986928] (-) TimerEvent: {}
[41.087363] (-) TimerEvent: {}
[41.187823] (-) TimerEvent: {}
[41.288291] (-) TimerEvent: {}
[41.388778] (-) TimerEvent: {}
[41.489249] (-) TimerEvent: {}
[41.589697] (-) TimerEvent: {}
[41.690183] (-) TimerEvent: {}
[41.790654] (-) TimerEvent: {}
[41.891149] (-) TimerEvent: {}
[41.991621] (-) TimerEvent: {}
[42.092065] (-) TimerEvent: {}
[42.192529] (-) TimerEvent: {}
[42.293001] (-) TimerEvent: {}
[42.393467] (-) TimerEvent: {}
[42.493944] (-) TimerEvent: {}
[42.594437] (-) TimerEvent: {}
[42.694926] (-) TimerEvent: {}
[42.795373] (-) TimerEvent: {}
[42.895814] (-) TimerEvent: {}
[42.996265] (-) TimerEvent: {}
[43.096749] (-) TimerEvent: {}
[43.197214] (-) TimerEvent: {}
[43.297671] (-) TimerEvent: {}
[43.398146] (-) TimerEvent: {}
[43.498619] (-) TimerEvent: {}
[43.599055] (-) TimerEvent: {}
[43.699481] (-) TimerEvent: {}
[43.799951] (-) TimerEvent: {}
[43.900706] (-) TimerEvent: {}
[44.001229] (-) TimerEvent: {}
[44.101752] (-) TimerEvent: {}
[44.202200] (-) TimerEvent: {}
[44.302673] (-) TimerEvent: {}
[44.403183] (-) TimerEvent: {}
[44.503664] (-) TimerEvent: {}
[44.604103] (-) TimerEvent: {}
[44.704548] (-) TimerEvent: {}
[44.805036] (-) TimerEvent: {}
[44.905619] (-) TimerEvent: {}
[45.006065] (-) TimerEvent: {}
[45.106693] (-) TimerEvent: {}
[45.207224] (-) TimerEvent: {}
[45.307827] (-) TimerEvent: {}
[45.408347] (-) TimerEvent: {}
[45.508869] (-) TimerEvent: {}
[45.609341] (-) TimerEvent: {}
[45.709775] (-) TimerEvent: {}
[45.810222] (-) TimerEvent: {}
[45.910704] (-) TimerEvent: {}
[46.011193] (-) TimerEvent: {}
[46.111659] (-) TimerEvent: {}
[46.212129] (-) TimerEvent: {}
[46.312569] (-) TimerEvent: {}
[46.413070] (-) TimerEvent: {}
[46.513510] (-) TimerEvent: {}
[46.613989] (-) TimerEvent: {}
[46.714445] (-) TimerEvent: {}
[46.814915] (-) TimerEvent: {}
[46.915343] (-) TimerEvent: {}
[47.015784] (-) TimerEvent: {}
[47.116257] (-) TimerEvent: {}
[47.216746] (-) TimerEvent: {}
[47.317215] (-) TimerEvent: {}
[47.417653] (-) TimerEvent: {}
[47.518068] (-) TimerEvent: {}
[47.618487] (-) TimerEvent: {}
[47.718937] (-) TimerEvent: {}
[47.819383] (-) TimerEvent: {}
[47.919833] (-) TimerEvent: {}
[48.020288] (-) TimerEvent: {}
[48.120775] (-) TimerEvent: {}
[48.221256] (-) TimerEvent: {}
[48.321734] (-) TimerEvent: {}
[48.422195] (-) TimerEvent: {}
[48.522648] (-) TimerEvent: {}
[48.623098] (-) TimerEvent: {}
[48.723521] (-) TimerEvent: {}
[48.823958] (-) TimerEvent: {}
[48.924382] (-) TimerEvent: {}
[49.024826] (-) TimerEvent: {}
[49.125261] (-) TimerEvent: {}
[49.225689] (-) TimerEvent: {}
[49.326107] (-) TimerEvent: {}
[49.426529] (-) TimerEvent: {}
[49.526985] (-) TimerEvent: {}
[49.627378] (-) TimerEvent: {}
[49.727778] (-) TimerEvent: {}
[49.828227] (-) TimerEvent: {}
[49.928629] (-) TimerEvent: {}
[50.029028] (-) TimerEvent: {}
[50.129443] (-) TimerEvent: {}
[50.229860] (-) TimerEvent: {}
[50.330264] (-) TimerEvent: {}
[50.430666] (-) TimerEvent: {}
[50.531072] (-) TimerEvent: {}
[50.631479] (-) TimerEvent: {}
[50.731879] (-) TimerEvent: {}
[50.832293] (-) TimerEvent: {}
[50.932704] (-) TimerEvent: {}
[51.033130] (-) TimerEvent: {}
[51.133543] (-) TimerEvent: {}
[51.233941] (-) TimerEvent: {}
[51.334352] (-) TimerEvent: {}
[51.434768] (-) TimerEvent: {}
[51.535197] (-) TimerEvent: {}
[51.635608] (-) TimerEvent: {}
[51.736032] (-) TimerEvent: {}
[51.836455] (-) TimerEvent: {}
[51.936887] (-) TimerEvent: {}
[52.037325] (-) TimerEvent: {}
[52.137721] (-) TimerEvent: {}
[52.238067] (-) TimerEvent: {}
[52.338434] (-) TimerEvent: {}
[52.438810] (-) TimerEvent: {}
[52.539350] (-) TimerEvent: {}
[52.639780] (-) TimerEvent: {}
[52.740202] (-) TimerEvent: {}
[52.840613] (-) TimerEvent: {}
[52.940993] (-) TimerEvent: {}
[53.041350] (-) TimerEvent: {}
[53.141726] (-) TimerEvent: {}
[53.242110] (-) TimerEvent: {}
[53.342511] (-) TimerEvent: {}
[53.442946] (-) TimerEvent: {}
[53.543349] (-) TimerEvent: {}
[53.643757] (-) TimerEvent: {}
[53.744140] (-) TimerEvent: {}
[53.844519] (-) TimerEvent: {}
[53.944942] (-) TimerEvent: {}
[54.045344] (-) TimerEvent: {}
[54.145748] (-) TimerEvent: {}
[54.246152] (-) TimerEvent: {}
[54.346550] (-) TimerEvent: {}
[54.446973] (-) TimerEvent: {}
[54.547350] (-) TimerEvent: {}
[54.647754] (-) TimerEvent: {}
[54.748159] (-) TimerEvent: {}
[54.848573] (-) TimerEvent: {}
[54.948946] (-) TimerEvent: {}
[55.049369] (-) TimerEvent: {}
[55.149767] (-) TimerEvent: {}
[55.250179] (-) TimerEvent: {}
[55.350539] (-) TimerEvent: {}
[55.450968] (-) TimerEvent: {}
[55.551364] (-) TimerEvent: {}
[55.651756] (-) TimerEvent: {}
[55.752167] (-) TimerEvent: {}
[55.852587] (-) TimerEvent: {}
[55.953006] (-) TimerEvent: {}
[56.053439] (-) TimerEvent: {}
[56.153859] (-) TimerEvent: {}
[56.254285] (-) TimerEvent: {}
[56.354697] (-) TimerEvent: {}
[56.455133] (-) TimerEvent: {}
[56.555547] (-) TimerEvent: {}
[56.655971] (-) TimerEvent: {}
[56.756387] (-) TimerEvent: {}
[56.856807] (-) TimerEvent: {}
[56.957232] (-) TimerEvent: {}
[57.057654] (-) TimerEvent: {}
[57.158067] (-) TimerEvent: {}
[57.258484] (-) TimerEvent: {}
[57.358933] (-) TimerEvent: {}
[57.459351] (-) TimerEvent: {}
[57.559768] (-) TimerEvent: {}
[57.660173] (-) TimerEvent: {}
[57.760592] (-) TimerEvent: {}
[57.861011] (-) TimerEvent: {}
[57.961433] (-) TimerEvent: {}
[58.061859] (-) TimerEvent: {}
[58.162279] (-) TimerEvent: {}
[58.265870] (-) TimerEvent: {}
[58.366300] (-) TimerEvent: {}
[58.466720] (-) TimerEvent: {}
[58.567154] (-) TimerEvent: {}
[58.667570] (-) TimerEvent: {}
[58.767988] (-) TimerEvent: {}
[58.868411] (-) TimerEvent: {}
[58.968842] (-) TimerEvent: {}
[59.069279] (-) TimerEvent: {}
[59.169719] (-) TimerEvent: {}
[59.270165] (-) TimerEvent: {}
[59.370610] (-) TimerEvent: {}
[59.471011] (-) TimerEvent: {}
[59.571430] (-) TimerEvent: {}
[59.671853] (-) TimerEvent: {}
[59.772272] (-) TimerEvent: {}
[59.872678] (-) TimerEvent: {}
[59.973057] (-) TimerEvent: {}
[60.073460] (-) TimerEvent: {}
[60.173867] (-) TimerEvent: {}
[60.274285] (-) TimerEvent: {}
[60.374713] (-) TimerEvent: {}
[60.475142] (-) TimerEvent: {}
[60.575545] (-) TimerEvent: {}
[60.675962] (-) TimerEvent: {}
[60.776363] (-) TimerEvent: {}
[60.876778] (-) TimerEvent: {}
[60.977188] (-) TimerEvent: {}
[61.077609] (-) TimerEvent: {}
[61.178021] (-) TimerEvent: {}
[61.278419] (-) TimerEvent: {}
[61.378781] (-) TimerEvent: {}
[61.479206] (-) TimerEvent: {}
[61.579580] (-) TimerEvent: {}
[61.679950] (-) TimerEvent: {}
[61.780364] (-) TimerEvent: {}
[61.880763] (-) TimerEvent: {}
[61.981193] (-) TimerEvent: {}
[62.081564] (-) TimerEvent: {}
[62.181970] (-) TimerEvent: {}
[62.282384] (-) TimerEvent: {}
[62.382784] (-) TimerEvent: {}
[62.483206] (-) TimerEvent: {}
[62.583672] (-) TimerEvent: {}
[62.684133] (-) TimerEvent: {}
[62.784577] (-) TimerEvent: {}
[62.885027] (-) TimerEvent: {}
[62.985460] (-) TimerEvent: {}
[63.085953] (-) TimerEvent: {}
[63.186398] (-) TimerEvent: {}
[63.286866] (-) TimerEvent: {}
[63.387308] (-) TimerEvent: {}
[63.487750] (-) TimerEvent: {}
[63.588218] (-) TimerEvent: {}
[63.688677] (-) TimerEvent: {}
[63.789100] (-) TimerEvent: {}
[63.889538] (-) TimerEvent: {}
[63.990033] (-) TimerEvent: {}
[64.090512] (-) TimerEvent: {}
[64.190982] (-) TimerEvent: {}
[64.291443] (-) TimerEvent: {}
[64.391894] (-) TimerEvent: {}
[64.492334] (-) TimerEvent: {}
[64.592782] (-) TimerEvent: {}
[64.693234] (-) TimerEvent: {}
[64.793685] (-) TimerEvent: {}
[64.894136] (-) TimerEvent: {}
[64.994574] (-) TimerEvent: {}
[65.095028] (-) TimerEvent: {}
[65.195480] (-) TimerEvent: {}
[65.295920] (-) TimerEvent: {}
[65.396376] (-) TimerEvent: {}
[65.496849] (-) TimerEvent: {}
[65.597296] (-) TimerEvent: {}
[65.697739] (-) TimerEvent: {}
[65.798197] (-) TimerEvent: {}
[65.898647] (-) TimerEvent: {}
[65.999116] (-) TimerEvent: {}
[66.099546] (-) TimerEvent: {}
[66.199969] (-) TimerEvent: {}
[66.300411] (-) TimerEvent: {}
[66.400854] (-) TimerEvent: {}
[66.501280] (-) TimerEvent: {}
[66.601718] (-) TimerEvent: {}
[66.702104] (-) TimerEvent: {}
[66.802525] (-) TimerEvent: {}
[66.903002] (-) TimerEvent: {}
[67.003445] (-) TimerEvent: {}
[67.103863] (-) TimerEvent: {}
[67.204277] (-) TimerEvent: {}
[67.304709] (-) TimerEvent: {}
[67.405144] (-) TimerEvent: {}
[67.505559] (-) TimerEvent: {}
[67.605969] (-) TimerEvent: {}
[67.706379] (-) TimerEvent: {}
[67.806827] (-) TimerEvent: {}
[67.907315] (-) TimerEvent: {}
[68.007753] (-) TimerEvent: {}
[68.108259] (-) TimerEvent: {}
[68.208816] (-) TimerEvent: {}
[68.309278] (-) TimerEvent: {}
[68.409738] (-) TimerEvent: {}
[68.510243] (-) TimerEvent: {}
[68.610651] (-) TimerEvent: {}
[68.711464] (-) TimerEvent: {}
[68.811896] (-) TimerEvent: {}
[68.912362] (-) TimerEvent: {}
[69.012933] (-) TimerEvent: {}
[69.113362] (-) TimerEvent: {}
[69.213741] (-) TimerEvent: {}
[69.314150] (-) TimerEvent: {}
[69.414547] (-) TimerEvent: {}
[69.515073] (-) TimerEvent: {}
[69.615495] (-) TimerEvent: {}
[69.715903] (-) TimerEvent: {}
[69.816272] (-) TimerEvent: {}
[69.916683] (-) TimerEvent: {}
[70.017070] (-) TimerEvent: {}
[70.117449] (-) TimerEvent: {}
[70.217824] (-) TimerEvent: {}
[70.318139] (-) TimerEvent: {}
[70.418431] (-) TimerEvent: {}
[70.518764] (-) TimerEvent: {}
[70.619133] (-) TimerEvent: {}
[70.719493] (-) TimerEvent: {}
[70.819839] (-) TimerEvent: {}
[70.920206] (-) TimerEvent: {}
[71.020605] (-) TimerEvent: {}
[71.121006] (-) TimerEvent: {}
[71.221417] (-) TimerEvent: {}
[71.321823] (-) TimerEvent: {}
[71.422232] (-) TimerEvent: {}
[71.522614] (-) TimerEvent: {}
[71.623002] (-) TimerEvent: {}
[71.723393] (-) TimerEvent: {}
[71.823820] (-) TimerEvent: {}
[71.924213] (-) TimerEvent: {}
[72.024637] (-) TimerEvent: {}
[72.125033] (-) TimerEvent: {}
[72.225414] (-) TimerEvent: {}
[72.325813] (-) TimerEvent: {}
[72.426206] (-) TimerEvent: {}
[72.526632] (-) TimerEvent: {}
[72.627067] (-) TimerEvent: {}
[72.727394] (-) TimerEvent: {}
[72.827796] (-) TimerEvent: {}
[72.928205] (-) TimerEvent: {}
[73.028605] (-) TimerEvent: {}
[73.129013] (-) TimerEvent: {}
[73.229398] (-) TimerEvent: {}
[73.329786] (-) TimerEvent: {}
[73.430183] (-) TimerEvent: {}
[73.530574] (-) TimerEvent: {}
[73.630975] (-) TimerEvent: {}
[73.731365] (-) TimerEvent: {}
[73.831719] (-) TimerEvent: {}
[73.932104] (-) TimerEvent: {}
[74.032477] (-) TimerEvent: {}
[74.132802] (-) TimerEvent: {}
[74.233107] (-) TimerEvent: {}
[74.333409] (-) TimerEvent: {}
[74.433735] (-) TimerEvent: {}
[74.534140] (-) TimerEvent: {}
[74.634555] (-) TimerEvent: {}
[74.734984] (-) TimerEvent: {}
[74.835389] (-) TimerEvent: {}
[74.935803] (-) TimerEvent: {}
[75.036192] (-) TimerEvent: {}
[75.136574] (-) TimerEvent: {}
[75.236881] (-) TimerEvent: {}
[75.337196] (-) TimerEvent: {}
[75.437511] (-) TimerEvent: {}
[75.537793] (-) TimerEvent: {}
[75.638104] (-) TimerEvent: {}
[75.738401] (-) TimerEvent: {}
[75.838720] (-) TimerEvent: {}
[75.939089] (-) TimerEvent: {}
[76.039464] (-) TimerEvent: {}
[76.139832] (-) TimerEvent: {}
[76.240153] (-) TimerEvent: {}
[76.340552] (-) TimerEvent: {}
[76.440883] (-) TimerEvent: {}
[76.541198] (-) TimerEvent: {}
[76.641608] (-) TimerEvent: {}
[76.742010] (-) TimerEvent: {}
[76.842423] (-) TimerEvent: {}
[76.942832] (-) TimerEvent: {}
[77.043256] (-) TimerEvent: {}
[77.143655] (-) TimerEvent: {}
[77.244067] (-) TimerEvent: {}
[77.344466] (-) TimerEvent: {}
[77.444859] (-) TimerEvent: {}
[77.545244] (-) TimerEvent: {}
[77.645632] (-) TimerEvent: {}
[77.746012] (-) TimerEvent: {}
[77.846404] (-) TimerEvent: {}
[77.946793] (-) TimerEvent: {}
[78.047232] (-) TimerEvent: {}
[78.147592] (-) TimerEvent: {}
[78.247987] (-) TimerEvent: {}
[78.348380] (-) TimerEvent: {}
[78.448747] (-) TimerEvent: {}
[78.549146] (-) TimerEvent: {}
[78.649546] (-) TimerEvent: {}
[78.749940] (-) TimerEvent: {}
[78.850365] (-) TimerEvent: {}
[78.950732] (-) TimerEvent: {}
[79.051170] (-) TimerEvent: {}
[79.151579] (-) TimerEvent: {}
[79.251999] (-) TimerEvent: {}
[79.352373] (-) TimerEvent: {}
[79.452790] (-) TimerEvent: {}
[79.553207] (-) TimerEvent: {}
[79.653619] (-) TimerEvent: {}
[79.754037] (-) TimerEvent: {}
[79.854463] (-) TimerEvent: {}
[79.954879] (-) TimerEvent: {}
[80.055290] (-) TimerEvent: {}
[80.155697] (-) TimerEvent: {}
[80.256115] (-) TimerEvent: {}
[80.356537] (-) TimerEvent: {}
[80.457091] (-) TimerEvent: {}
[80.557510] (-) TimerEvent: {}
[80.657928] (-) TimerEvent: {}
[80.758348] (-) TimerEvent: {}
[80.858799] (-) TimerEvent: {}
[80.959246] (-) TimerEvent: {}
[81.059678] (-) TimerEvent: {}
[81.160110] (-) TimerEvent: {}
[81.260544] (-) TimerEvent: {}
[81.360975] (-) TimerEvent: {}
[81.461395] (-) TimerEvent: {}
[81.561833] (-) TimerEvent: {}
[81.662260] (-) TimerEvent: {}
[81.762692] (-) TimerEvent: {}
[81.863129] (-) TimerEvent: {}
[81.963556] (-) TimerEvent: {}
[82.063927] (-) TimerEvent: {}
[82.164301] (-) TimerEvent: {}
[82.264724] (-) TimerEvent: {}
[82.365135] (-) TimerEvent: {}
[82.465533] (-) TimerEvent: {}
[82.565930] (-) TimerEvent: {}
[82.666322] (-) TimerEvent: {}
[82.766703] (-) TimerEvent: {}
[82.867127] (-) TimerEvent: {}
[82.967532] (-) TimerEvent: {}
[83.067929] (-) TimerEvent: {}
[83.168331] (-) TimerEvent: {}
[83.268724] (-) TimerEvent: {}
[83.369137] (-) TimerEvent: {}
[83.469540] (-) TimerEvent: {}
[83.569960] (-) TimerEvent: {}
[83.670402] (-) TimerEvent: {}
[83.770829] (-) TimerEvent: {}
[83.871279] (-) TimerEvent: {}
[83.971716] (-) TimerEvent: {}
[84.072132] (-) TimerEvent: {}
[84.172549] (-) TimerEvent: {}
[84.272956] (-) TimerEvent: {}
[84.373652] (-) TimerEvent: {}
[84.474355] (-) TimerEvent: {}
[84.574793] (-) TimerEvent: {}
[84.675246] (-) TimerEvent: {}
[84.775688] (-) TimerEvent: {}
[84.876108] (-) TimerEvent: {}
[84.976532] (-) TimerEvent: {}
[85.076963] (-) TimerEvent: {}
[85.177418] (-) TimerEvent: {}
[85.277850] (-) TimerEvent: {}
[85.378286] (-) TimerEvent: {}
[85.478680] (-) TimerEvent: {}
[85.579121] (-) TimerEvent: {}
[85.679529] (-) TimerEvent: {}
[85.779941] (-) TimerEvent: {}
[85.880351] (-) TimerEvent: {}
[85.980760] (-) TimerEvent: {}
[86.081181] (-) TimerEvent: {}
[86.181597] (-) TimerEvent: {}
[86.281998] (-) TimerEvent: {}
[86.382410] (-) TimerEvent: {}
[86.482804] (-) TimerEvent: {}
[86.583214] (-) TimerEvent: {}
[86.683608] (-) TimerEvent: {}
[86.784000] (-) TimerEvent: {}
[86.884372] (-) TimerEvent: {}
[86.984751] (-) TimerEvent: {}
[87.085146] (-) TimerEvent: {}
[87.185541] (-) TimerEvent: {}
[87.285930] (-) TimerEvent: {}
[87.386307] (-) TimerEvent: {}
[87.486704] (-) TimerEvent: {}
[87.587107] (-) TimerEvent: {}
[87.687494] (-) TimerEvent: {}
[87.787841] (-) TimerEvent: {}
[87.888237] (-) TimerEvent: {}
[87.988641] (-) TimerEvent: {}
[88.089043] (-) TimerEvent: {}
[88.189481] (-) TimerEvent: {}
[88.289927] (-) TimerEvent: {}
[88.390622] (-) TimerEvent: {}
[88.491315] (-) TimerEvent: {}
[88.591746] (-) TimerEvent: {}
[88.692177] (-) TimerEvent: {}
[88.792623] (-) TimerEvent: {}
[88.893055] (-) TimerEvent: {}
[88.993467] (-) TimerEvent: {}
[89.093926] (-) TimerEvent: {}
[89.194354] (-) TimerEvent: {}
[89.294789] (-) TimerEvent: {}
[89.395248] (-) TimerEvent: {}
[89.495663] (-) TimerEvent: {}
[89.596124] (-) TimerEvent: {}
[89.696534] (-) TimerEvent: {}
[89.796943] (-) TimerEvent: {}
[89.897360] (-) TimerEvent: {}
[89.997768] (-) TimerEvent: {}
[90.098161] (-) TimerEvent: {}
[90.198547] (-) TimerEvent: {}
[90.298940] (-) TimerEvent: {}
[90.399348] (-) TimerEvent: {}
[90.499770] (-) TimerEvent: {}
[90.600180] (-) TimerEvent: {}
[90.700590] (-) TimerEvent: {}
[90.800986] (-) TimerEvent: {}
[90.901383] (-) TimerEvent: {}
[91.001800] (-) TimerEvent: {}
[91.102211] (-) TimerEvent: {}
[91.202614] (-) TimerEvent: {}
[91.303007] (-) TimerEvent: {}
[91.403383] (-) TimerEvent: {}
[91.503737] (-) TimerEvent: {}
[91.604085] (-) TimerEvent: {}
[91.704444] (-) TimerEvent: {}
[91.804821] (-) TimerEvent: {}
[91.905219] (-) TimerEvent: {}
[92.005579] (-) TimerEvent: {}
[92.105976] (-) TimerEvent: {}
[92.206362] (-) TimerEvent: {}
[92.306755] (-) TimerEvent: {}
[92.407193] (-) TimerEvent: {}
[92.507573] (-) TimerEvent: {}
[92.607969] (-) TimerEvent: {}
[92.708392] (-) TimerEvent: {}
[92.808786] (-) TimerEvent: {}
[92.909178] (-) TimerEvent: {}
[93.009555] (-) TimerEvent: {}
[93.109924] (-) TimerEvent: {}
[93.210265] (-) TimerEvent: {}
[93.310627] (-) TimerEvent: {}
[93.411007] (-) TimerEvent: {}
[93.511385] (-) TimerEvent: {}
[93.611700] (-) TimerEvent: {}
[93.712041] (-) TimerEvent: {}
[93.812431] (-) TimerEvent: {}
[93.912816] (-) TimerEvent: {}
[94.013199] (-) TimerEvent: {}
[94.113553] (-) TimerEvent: {}
[94.213900] (-) TimerEvent: {}
[94.314291] (-) TimerEvent: {}
[94.414639] (-) TimerEvent: {}
[94.515087] (-) TimerEvent: {}
[94.615648] (-) TimerEvent: {}
[94.716053] (-) TimerEvent: {}
[94.816434] (-) TimerEvent: {}
[94.916843] (-) TimerEvent: {}
[95.017233] (-) TimerEvent: {}
[95.117636] (-) TimerEvent: {}
[95.218011] (-) TimerEvent: {}
[95.318717] (-) TimerEvent: {}
[95.419155] (-) TimerEvent: {}
[95.519554] (-) TimerEvent: {}
[95.619921] (-) TimerEvent: {}
[95.720262] (-) TimerEvent: {}
[95.820665] (-) TimerEvent: {}
[95.921099] (-) TimerEvent: {}
[96.021526] (-) TimerEvent: {}
[96.121959] (-) TimerEvent: {}
[96.222386] (-) TimerEvent: {}
[96.322867] (-) TimerEvent: {}
[96.423400] (-) TimerEvent: {}
[96.523813] (-) TimerEvent: {}
[96.624260] (-) TimerEvent: {}
[96.724720] (-) TimerEvent: {}
[96.825171] (-) TimerEvent: {}
[96.925620] (-) TimerEvent: {}
[97.026066] (-) TimerEvent: {}
[97.126523] (-) TimerEvent: {}
[97.226980] (-) TimerEvent: {}
[97.327442] (-) TimerEvent: {}
[97.427833] (-) TimerEvent: {}
[97.528247] (-) TimerEvent: {}
[97.558925] (pcd_ndt_localization) StdoutLine: {'line': b'[100%] Linking CXX executable pcd_ndt_localizer\n'}
[97.628438] (-) TimerEvent: {}
[97.728898] (-) TimerEvent: {}
[97.829379] (-) TimerEvent: {}
[97.929808] (-) TimerEvent: {}
[98.030228] (-) TimerEvent: {}
[98.130701] (-) TimerEvent: {}
[98.231164] (-) TimerEvent: {}
[98.331609] (-) TimerEvent: {}
[98.432052] (-) TimerEvent: {}
[98.532504] (-) TimerEvent: {}
[98.632937] (-) TimerEvent: {}
[98.733379] (-) TimerEvent: {}
[98.833802] (-) TimerEvent: {}
[98.934229] (-) TimerEvent: {}
[99.034658] (-) TimerEvent: {}
[99.135160] (-) TimerEvent: {}
[99.235626] (-) TimerEvent: {}
[99.336343] (-) TimerEvent: {}
[99.437056] (-) TimerEvent: {}
[99.537490] (-) TimerEvent: {}
[99.638182] (-) TimerEvent: {}
[99.738596] (-) TimerEvent: {}
[99.839296] (-) TimerEvent: {}
[99.939733] (-) TimerEvent: {}
[100.040180] (-) TimerEvent: {}
[100.140629] (-) TimerEvent: {}
[100.190446] (pcd_ndt_localization) StdoutLine: {'line': b'[100%] Built target pcd_ndt_localizer\n'}
[100.199480] (pcd_ndt_localization) CommandEnded: {'returncode': 0}
[100.201595] (pcd_ndt_localization) JobProgress: {'identifier': 'pcd_ndt_localization', 'progress': 'install'}
[100.209969] (pcd_ndt_localization) Command: {'cmd': ['/usr/local/bin/cmake', '--install', '/home/seeed/ros2/ws/build/pcd_ndt_localization'], 'cwd': '/home/seeed/ros2/ws/build/pcd_ndt_localization', 'env': OrderedDict([('LANGUAGE', 'zh_CN:en'), ('USER', 'seeed'), ('SSH_CLIENT', '192.168.1.101 55211 22'), ('LC_TIME', 'zh_CN.UTF-8'), ('XDG_SESSION_TYPE', 'tty'), ('SHLVL', '0'), ('LD_LIBRARY_PATH', '/opt/ros/humble/opt/rviz_ogre_vendor/lib:/opt/ros/humble/lib/aarch64-linux-gnu:/opt/ros/humble/lib'), ('MOTD_SHOWN', 'pam'), ('HOME', '/home/seeed'), ('OLDPWD', '/home/seeed'), ('ROS_PYTHON_VERSION', '3'), ('LC_MONETARY', 'zh_CN.UTF-8'), ('LC_CTYPE', 'C.UTF-8'), ('DBUS_SESSION_BUS_ADDRESS', 'unix:path=/run/user/1000/bus'), ('ROS_DISTRO', 'humble'), ('LOGNAME', 'seeed'), ('_', '/usr/bin/colcon'), ('ROS_VERSION', '2'), ('XDG_SESSION_CLASS', 'user'), ('XDG_SESSION_ID', '457'), ('ROS_LOCALHOST_ONLY', '0'), ('PATH', '/opt/ros/humble/bin:/usr/local/sbin:/usr/local/bin:/usr/sbin:/usr/bin:/sbin:/bin:/usr/games:/usr/local/games:/snap/bin'), ('PAPERSIZE', 'a4'), ('LC_ADDRESS', 'zh_CN.UTF-8'), ('XDG_RUNTIME_DIR', '/run/user/1000'), ('DISPLAY', 'localhost:12.0'), ('LANG', 'zh_CN.UTF-8'), ('LC_TELEPHONE', 'zh_CN.UTF-8'), ('AMENT_PREFIX_PATH', '/opt/ros/humble'), ('SHELL', '/bin/bash'), ('LC_NAME', 'zh_CN.UTF-8'), ('LC_MEASUREMENT', 'zh_CN.UTF-8'), ('LC_IDENTIFICATION', 'zh_CN.UTF-8'), ('PWD', '/home/seeed/ros2/ws/build/pcd_ndt_localization'), ('LC_ALL', 'en_US.UTF-8'), ('SSH_CONNECTION', '192.168.1.101 55211 192.168.1.104 22'), ('XDG_DATA_DIRS', '/usr/share/gnome:/usr/local/share:/usr/share:/var/lib/snapd/desktop'), ('PYTHONPATH', '/opt/ros/humble/lib/python3.10/site-packages:/opt/ros/humble/local/lib/python3.10/dist-packages'), ('LC_NUMERIC', 'zh_CN.UTF-8'), ('LC_PAPER', 'zh_CN.UTF-8'), ('COLCON', '1'), ('CMAKE_PREFIX_PATH', '/opt/ros/humble')]), 'shell': False}
[100.217123] (pcd_ndt_localization) StdoutLine: {'line': b'-- Install configuration: "Release"\n'}
[100.218522] (pcd_ndt_localization) StdoutLine: {'line': b'-- Execute custom install script\n'}
[100.220092] (pcd_ndt_localization) StdoutLine: {'line': b'-- Up-to-date symlink: /home/seeed/ros2/ws/install/pcd_ndt_localization/lib/pcd_ndt_localization/pcd_ndt_localizer\n'}
[100.220825] (pcd_ndt_localization) StdoutLine: {'line': b'-- Up-to-date symlink: /home/seeed/ros2/ws/install/pcd_ndt_localization/lib/pcd_ndt_localization/pcd_occupancy_grid_publisher\n'}
[100.222116] (pcd_ndt_localization) StdoutLine: {'line': b'-- Up-to-date symlink: /home/seeed/ros2/ws/install/pcd_ndt_localization/share/pcd_ndt_localization/config/ndt_localization.yaml\n'}
[100.223085] (pcd_ndt_localization) StdoutLine: {'line': b'-- Up-to-date symlink: /home/seeed/ros2/ws/install/pcd_ndt_localization/share/pcd_ndt_localization/launch/localization.launch.py\n'}
[100.223817] (pcd_ndt_localization) StdoutLine: {'line': b'-- Up-to-date symlink: /home/seeed/ros2/ws/install/pcd_ndt_localization/share/ament_index/resource_index/package_run_dependencies/pcd_ndt_localization\n'}
[100.224375] (pcd_ndt_localization) StdoutLine: {'line': b'-- Up-to-date symlink: /home/seeed/ros2/ws/install/pcd_ndt_localization/share/ament_index/resource_index/parent_prefix_path/pcd_ndt_localization\n'}
[100.225078] (pcd_ndt_localization) StdoutLine: {'line': b'-- Up-to-date symlink: /home/seeed/ros2/ws/install/pcd_ndt_localization/share/pcd_ndt_localization/environment/ament_prefix_path.sh\n'}
[100.225523] (pcd_ndt_localization) StdoutLine: {'line': b'-- Up-to-date symlink: /home/seeed/ros2/ws/install/pcd_ndt_localization/share/pcd_ndt_localization/environment/ament_prefix_path.dsv\n'}
[100.225991] (pcd_ndt_localization) StdoutLine: {'line': b'-- Up-to-date symlink: /home/seeed/ros2/ws/install/pcd_ndt_localization/share/pcd_ndt_localization/environment/path.sh\n'}
[100.226573] (pcd_ndt_localization) StdoutLine: {'line': b'-- Up-to-date symlink: /home/seeed/ros2/ws/install/pcd_ndt_localization/share/pcd_ndt_localization/environment/path.dsv\n'}
[100.227110] (pcd_ndt_localization) StdoutLine: {'line': b'-- Up-to-date symlink: /home/seeed/ros2/ws/install/pcd_ndt_localization/share/pcd_ndt_localization/local_setup.bash\n'}
[100.227658] (pcd_ndt_localization) StdoutLine: {'line': b'-- Up-to-date symlink: /home/seeed/ros2/ws/install/pcd_ndt_localization/share/pcd_ndt_localization/local_setup.sh\n'}
[100.228094] (pcd_ndt_localization) StdoutLine: {'line': b'-- Up-to-date symlink: /home/seeed/ros2/ws/install/pcd_ndt_localization/share/pcd_ndt_localization/local_setup.zsh\n'}
[100.228651] (pcd_ndt_localization) StdoutLine: {'line': b'-- Up-to-date symlink: /home/seeed/ros2/ws/install/pcd_ndt_localization/share/pcd_ndt_localization/local_setup.dsv\n'}
[100.229080] (pcd_ndt_localization) StdoutLine: {'line': b'-- Symlinking: /home/seeed/ros2/ws/install/pcd_ndt_localization/share/pcd_ndt_localization/package.dsv\n'}
[100.235413] (pcd_ndt_localization) StdoutLine: {'line': b'-- Up-to-date symlink: /home/seeed/ros2/ws/install/pcd_ndt_localization/share/ament_index/resource_index/packages/pcd_ndt_localization\n'}
[100.235990] (pcd_ndt_localization) StdoutLine: {'line': b'-- Up-to-date symlink: /home/seeed/ros2/ws/install/pcd_ndt_localization/share/pcd_ndt_localization/cmake/pcd_ndt_localizationConfig.cmake\n'}
[100.236786] (pcd_ndt_localization) StdoutLine: {'line': b'-- Up-to-date symlink: /home/seeed/ros2/ws/install/pcd_ndt_localization/share/pcd_ndt_localization/cmake/pcd_ndt_localizationConfig-version.cmake\n'}
[100.237018] (pcd_ndt_localization) StdoutLine: {'line': b'-- Up-to-date symlink: /home/seeed/ros2/ws/install/pcd_ndt_localization/share/pcd_ndt_localization/package.xml\n'}
[100.239728] (pcd_ndt_localization) CommandEnded: {'returncode': 0}
[100.240998] (-) TimerEvent: {}
[100.288586] (pcd_ndt_localization) JobEnded: {'identifier': 'pcd_ndt_localization', 'rc': 0}
[100.290056] (-) EventReactorShutdown: {}
