[0.526s] DEBUG:colcon:Command line arguments: ['/usr/bin/colcon', 'build', '--packages-select', 'ranger_base', '--symlink-install']
[0.527s] DEBUG:colcon:Parsed command line arguments: Namespace(log_base=None, log_level=None, verb_name='build', build_base='build', install_base='install', merge_install=False, symlink_install=True, test_result_base=None, continue_on_error=False, executor='parallel', parallel_workers=6, event_handlers=None, ignore_user_meta=False, metas=['./colcon.meta'], base_paths=['.'], packages_ignore=None, packages_ignore_regex=None, paths=None, packages_up_to=None, packages_up_to_regex=None, packages_above=None, packages_above_and_dependencies=None, packages_above_depth=None, packages_select_by_dep=None, packages_skip_by_dep=None, packages_skip_up_to=None, packages_select_build_failed=False, packages_skip_build_finished=False, packages_select_test_failures=False, packages_skip_test_passed=False, packages_select=['ranger_base'], packages_skip=None, packages_select_regex=None, packages_skip_regex=None, packages_start=None, packages_end=None, allow_overriding=[], cmake_args=None, cmake_target=None, cmake_target_skip_unavailable=False, cmake_clean_cache=False, cmake_clean_first=False, cmake_force_configure=False, ament_cmake_args=None, catkin_cmake_args=None, catkin_skip_building_tests=False, verb_parser=<colcon_defaults.argument_parser.defaults.DefaultArgumentsDecorator object at 0xffff918d3e80>, verb_extension=<colcon_core.verb.build.BuildVerb object at 0xffff918d3910>, main=<bound method BuildVerb.main of <colcon_core.verb.build.BuildVerb object at 0xffff918d3910>>)
[1.238s] Level 1:colcon.colcon_core.package_discovery:discover_packages(colcon_meta) check parameters
[1.238s] Level 1:colcon.colcon_core.package_discovery:discover_packages(recursive) check parameters
[1.239s] Level 1:colcon.colcon_core.package_discovery:discover_packages(ignore) check parameters
[1.239s] Level 1:colcon.colcon_core.package_discovery:discover_packages(path) check parameters
[1.239s] Level 1:colcon.colcon_core.package_discovery:discover_packages(colcon_meta) discover
[1.239s] Level 1:colcon.colcon_core.package_discovery:discover_packages(recursive) discover
[1.239s] INFO:colcon.colcon_core.package_discovery:Crawling recursively for packages in '/home/seeed/ros2/ws'
[1.239s] Level 1:colcon.colcon_core.package_identification:_identify(.) by extensions ['ignore', 'ignore_ament_install']
[1.240s] Level 1:colcon.colcon_core.package_identification:_identify(.) by extension 'ignore'
[1.240s] Level 1:colcon.colcon_core.package_identification:_identify(.) by extension 'ignore_ament_install'
[1.240s] Level 1:colcon.colcon_core.package_identification:_identify(.) by extensions ['colcon_pkg']
[1.240s] Level 1:colcon.colcon_core.package_identification:_identify(.) by extension 'colcon_pkg'
[1.240s] Level 1:colcon.colcon_core.package_identification:_identify(.) by extensions ['colcon_meta']
[1.240s] Level 1:colcon.colcon_core.package_identification:_identify(.) by extension 'colcon_meta'
[1.240s] Level 1:colcon.colcon_core.package_identification:_identify(.) by extensions ['ros']
[1.241s] Level 1:colcon.colcon_core.package_identification:_identify(.) by extension 'ros'
[1.274s] Level 1:colcon.colcon_core.package_identification:_identify(.) by extensions ['cmake', 'python']
[1.274s] Level 1:colcon.colcon_core.package_identification:_identify(.) by extension 'cmake'
[1.274s] Level 1:colcon.colcon_core.package_identification:_identify(.) by extension 'python'
[1.275s] Level 1:colcon.colcon_core.package_identification:_identify(.) by extensions ['python_setup_py']
[1.275s] Level 1:colcon.colcon_core.package_identification:_identify(.) by extension 'python_setup_py'
[1.275s] Level 1:colcon.colcon_core.package_identification:_identify(build) by extensions ['ignore', 'ignore_ament_install']
[1.275s] Level 1:colcon.colcon_core.package_identification:_identify(build) by extension 'ignore'
[1.275s] Level 1:colcon.colcon_core.package_identification:_identify(build) ignored
[1.276s] Level 1:colcon.colcon_core.package_identification:_identify(install) by extensions ['ignore', 'ignore_ament_install']
[1.276s] Level 1:colcon.colcon_core.package_identification:_identify(install) by extension 'ignore'
[1.276s] Level 1:colcon.colcon_core.package_identification:_identify(install) ignored
[1.276s] Level 1:colcon.colcon_core.package_identification:_identify(log) by extensions ['ignore', 'ignore_ament_install']
[1.277s] Level 1:colcon.colcon_core.package_identification:_identify(log) by extension 'ignore'
[1.277s] Level 1:colcon.colcon_core.package_identification:_identify(log) ignored
[1.277s] Level 1:colcon.colcon_core.package_identification:_identify(src) by extensions ['ignore', 'ignore_ament_install']
[1.277s] Level 1:colcon.colcon_core.package_identification:_identify(src) by extension 'ignore'
[1.277s] Level 1:colcon.colcon_core.package_identification:_identify(src) by extension 'ignore_ament_install'
[1.277s] Level 1:colcon.colcon_core.package_identification:_identify(src) by extensions ['colcon_pkg']
[1.278s] Level 1:colcon.colcon_core.package_identification:_identify(src) by extension 'colcon_pkg'
[1.278s] Level 1:colcon.colcon_core.package_identification:_identify(src) by extensions ['colcon_meta']
[1.278s] Level 1:colcon.colcon_core.package_identification:_identify(src) by extension 'colcon_meta'
[1.278s] Level 1:colcon.colcon_core.package_identification:_identify(src) by extensions ['ros']
[1.278s] Level 1:colcon.colcon_core.package_identification:_identify(src) by extension 'ros'
[1.278s] Level 1:colcon.colcon_core.package_identification:_identify(src) by extensions ['cmake', 'python']
[1.278s] Level 1:colcon.colcon_core.package_identification:_identify(src) by extension 'cmake'
[1.278s] Level 1:colcon.colcon_core.package_identification:_identify(src) by extension 'python'
[1.278s] Level 1:colcon.colcon_core.package_identification:_identify(src) by extensions ['python_setup_py']
[1.278s] Level 1:colcon.colcon_core.package_identification:_identify(src) by extension 'python_setup_py'
[1.279s] Level 1:colcon.colcon_core.package_identification:_identify(src/depd) by extensions ['ignore', 'ignore_ament_install']
[1.279s] Level 1:colcon.colcon_core.package_identification:_identify(src/depd) by extension 'ignore'
[1.279s] Level 1:colcon.colcon_core.package_identification:_identify(src/depd) by extension 'ignore_ament_install'
[1.279s] Level 1:colcon.colcon_core.package_identification:_identify(src/depd) by extensions ['colcon_pkg']
[1.279s] Level 1:colcon.colcon_core.package_identification:_identify(src/depd) by extension 'colcon_pkg'
[1.279s] Level 1:colcon.colcon_core.package_identification:_identify(src/depd) by extensions ['colcon_meta']
[1.279s] Level 1:colcon.colcon_core.package_identification:_identify(src/depd) by extension 'colcon_meta'
[1.280s] Level 1:colcon.colcon_core.package_identification:_identify(src/depd) by extensions ['ros']
[1.280s] Level 1:colcon.colcon_core.package_identification:_identify(src/depd) by extension 'ros'
[1.280s] Level 1:colcon.colcon_core.package_identification:_identify(src/depd) by extensions ['cmake', 'python']
[1.280s] Level 1:colcon.colcon_core.package_identification:_identify(src/depd) by extension 'cmake'
[1.280s] Level 1:colcon.colcon_core.package_identification:_identify(src/depd) by extension 'python'
[1.280s] Level 1:colcon.colcon_core.package_identification:_identify(src/depd) by extensions ['python_setup_py']
[1.280s] Level 1:colcon.colcon_core.package_identification:_identify(src/depd) by extension 'python_setup_py'
[1.280s] Level 1:colcon.colcon_core.package_identification:_identify(src/depd/rpg_vikit) by extensions ['ignore', 'ignore_ament_install']
[1.281s] Level 1:colcon.colcon_core.package_identification:_identify(src/depd/rpg_vikit) by extension 'ignore'
[1.281s] Level 1:colcon.colcon_core.package_identification:_identify(src/depd/rpg_vikit) by extension 'ignore_ament_install'
[1.283s] Level 1:colcon.colcon_core.package_identification:_identify(src/depd/rpg_vikit) by extensions ['colcon_pkg']
[1.283s] Level 1:colcon.colcon_core.package_identification:_identify(src/depd/rpg_vikit) by extension 'colcon_pkg'
[1.283s] Level 1:colcon.colcon_core.package_identification:_identify(src/depd/rpg_vikit) by extensions ['colcon_meta']
[1.283s] Level 1:colcon.colcon_core.package_identification:_identify(src/depd/rpg_vikit) by extension 'colcon_meta'
[1.287s] Level 1:colcon.colcon_core.package_identification:_identify(src/depd/rpg_vikit) by extensions ['ros']
[1.287s] Level 1:colcon.colcon_core.package_identification:_identify(src/depd/rpg_vikit) by extension 'ros'
[1.288s] Level 1:colcon.colcon_core.package_identification:_identify(src/depd/rpg_vikit) by extensions ['cmake', 'python']
[1.288s] Level 1:colcon.colcon_core.package_identification:_identify(src/depd/rpg_vikit) by extension 'cmake'
[1.288s] Level 1:colcon.colcon_core.package_identification:_identify(src/depd/rpg_vikit) by extension 'python'
[1.288s] Level 1:colcon.colcon_core.package_identification:_identify(src/depd/rpg_vikit) by extensions ['python_setup_py']
[1.288s] Level 1:colcon.colcon_core.package_identification:_identify(src/depd/rpg_vikit) by extension 'python_setup_py'
[1.288s] Level 1:colcon.colcon_core.package_identification:_identify(src/depd/rpg_vikit/vikit_common) by extensions ['ignore', 'ignore_ament_install']
[1.289s] Level 1:colcon.colcon_core.package_identification:_identify(src/depd/rpg_vikit/vikit_common) by extension 'ignore'
[1.289s] Level 1:colcon.colcon_core.package_identification:_identify(src/depd/rpg_vikit/vikit_common) by extension 'ignore_ament_install'
[1.289s] Level 1:colcon.colcon_core.package_identification:_identify(src/depd/rpg_vikit/vikit_common) by extensions ['colcon_pkg']
[1.289s] Level 1:colcon.colcon_core.package_identification:_identify(src/depd/rpg_vikit/vikit_common) by extension 'colcon_pkg'
[1.291s] Level 1:colcon.colcon_core.package_identification:_identify(src/depd/rpg_vikit/vikit_common) by extensions ['colcon_meta']
[1.291s] Level 1:colcon.colcon_core.package_identification:_identify(src/depd/rpg_vikit/vikit_common) by extension 'colcon_meta'
[1.291s] Level 1:colcon.colcon_core.package_identification:_identify(src/depd/rpg_vikit/vikit_common) by extensions ['ros']
[1.291s] Level 1:colcon.colcon_core.package_identification:_identify(src/depd/rpg_vikit/vikit_common) by extension 'ros'
[1.298s] DEBUG:colcon.colcon_core.package_identification:Package 'src/depd/rpg_vikit/vikit_common' with type 'ros.catkin' and name 'vikit_common'
[1.299s] Level 1:colcon.colcon_core.package_identification:_identify(src/depd/rpg_vikit/vikit_ros) by extensions ['ignore', 'ignore_ament_install']
[1.299s] Level 1:colcon.colcon_core.package_identification:_identify(src/depd/rpg_vikit/vikit_ros) by extension 'ignore'
[1.299s] Level 1:colcon.colcon_core.package_identification:_identify(src/depd/rpg_vikit/vikit_ros) by extension 'ignore_ament_install'
[1.299s] Level 1:colcon.colcon_core.package_identification:_identify(src/depd/rpg_vikit/vikit_ros) by extensions ['colcon_pkg']
[1.300s] Level 1:colcon.colcon_core.package_identification:_identify(src/depd/rpg_vikit/vikit_ros) by extension 'colcon_pkg'
[1.300s] Level 1:colcon.colcon_core.package_identification:_identify(src/depd/rpg_vikit/vikit_ros) by extensions ['colcon_meta']
[1.300s] Level 1:colcon.colcon_core.package_identification:_identify(src/depd/rpg_vikit/vikit_ros) by extension 'colcon_meta'
[1.300s] Level 1:colcon.colcon_core.package_identification:_identify(src/depd/rpg_vikit/vikit_ros) by extensions ['ros']
[1.300s] Level 1:colcon.colcon_core.package_identification:_identify(src/depd/rpg_vikit/vikit_ros) by extension 'ros'
[1.302s] DEBUG:colcon.colcon_core.package_identification:Package 'src/depd/rpg_vikit/vikit_ros' with type 'ros.ament_cmake' and name 'vikit_ros'
[1.303s] Level 1:colcon.colcon_core.package_identification:_identify(src/driver) by extensions ['ignore', 'ignore_ament_install']
[1.303s] Level 1:colcon.colcon_core.package_identification:_identify(src/driver) by extension 'ignore'
[1.303s] Level 1:colcon.colcon_core.package_identification:_identify(src/driver) by extension 'ignore_ament_install'
[1.303s] Level 1:colcon.colcon_core.package_identification:_identify(src/driver) by extensions ['colcon_pkg']
[1.303s] Level 1:colcon.colcon_core.package_identification:_identify(src/driver) by extension 'colcon_pkg'
[1.303s] Level 1:colcon.colcon_core.package_identification:_identify(src/driver) by extensions ['colcon_meta']
[1.304s] Level 1:colcon.colcon_core.package_identification:_identify(src/driver) by extension 'colcon_meta'
[1.304s] Level 1:colcon.colcon_core.package_identification:_identify(src/driver) by extensions ['ros']
[1.304s] Level 1:colcon.colcon_core.package_identification:_identify(src/driver) by extension 'ros'
[1.304s] Level 1:colcon.colcon_core.package_identification:_identify(src/driver) by extensions ['cmake', 'python']
[1.304s] Level 1:colcon.colcon_core.package_identification:_identify(src/driver) by extension 'cmake'
[1.304s] Level 1:colcon.colcon_core.package_identification:_identify(src/driver) by extension 'python'
[1.304s] Level 1:colcon.colcon_core.package_identification:_identify(src/driver) by extensions ['python_setup_py']
[1.304s] Level 1:colcon.colcon_core.package_identification:_identify(src/driver) by extension 'python_setup_py'
[1.305s] Level 1:colcon.colcon_core.package_identification:_identify(src/driver/livox_ros_driver2) by extensions ['ignore', 'ignore_ament_install']
[1.305s] Level 1:colcon.colcon_core.package_identification:_identify(src/driver/livox_ros_driver2) by extension 'ignore'
[1.305s] Level 1:colcon.colcon_core.package_identification:_identify(src/driver/livox_ros_driver2) by extension 'ignore_ament_install'
[1.305s] Level 1:colcon.colcon_core.package_identification:_identify(src/driver/livox_ros_driver2) by extensions ['colcon_pkg']
[1.305s] Level 1:colcon.colcon_core.package_identification:_identify(src/driver/livox_ros_driver2) by extension 'colcon_pkg'
[1.305s] Level 1:colcon.colcon_core.package_identification:_identify(src/driver/livox_ros_driver2) by extensions ['colcon_meta']
[1.305s] Level 1:colcon.colcon_core.package_identification:_identify(src/driver/livox_ros_driver2) by extension 'colcon_meta'
[1.305s] Level 1:colcon.colcon_core.package_identification:_identify(src/driver/livox_ros_driver2) by extensions ['ros']
[1.305s] Level 1:colcon.colcon_core.package_identification:_identify(src/driver/livox_ros_driver2) by extension 'ros'
[1.308s] DEBUG:colcon.colcon_core.package_identification:Package 'src/driver/livox_ros_driver2' with type 'ros.ament_cmake' and name 'livox_ros_driver2'
[1.308s] Level 1:colcon.colcon_core.package_identification:_identify(src/localization) by extensions ['ignore', 'ignore_ament_install']
[1.311s] Level 1:colcon.colcon_core.package_identification:_identify(src/localization) by extension 'ignore'
[1.311s] Level 1:colcon.colcon_core.package_identification:_identify(src/localization) by extension 'ignore_ament_install'
[1.312s] Level 1:colcon.colcon_core.package_identification:_identify(src/localization) by extensions ['colcon_pkg']
[1.312s] Level 1:colcon.colcon_core.package_identification:_identify(src/localization) by extension 'colcon_pkg'
[1.312s] Level 1:colcon.colcon_core.package_identification:_identify(src/localization) by extensions ['colcon_meta']
[1.312s] Level 1:colcon.colcon_core.package_identification:_identify(src/localization) by extension 'colcon_meta'
[1.312s] Level 1:colcon.colcon_core.package_identification:_identify(src/localization) by extensions ['ros']
[1.312s] Level 1:colcon.colcon_core.package_identification:_identify(src/localization) by extension 'ros'
[1.312s] Level 1:colcon.colcon_core.package_identification:_identify(src/localization) by extensions ['cmake', 'python']
[1.312s] Level 1:colcon.colcon_core.package_identification:_identify(src/localization) by extension 'cmake'
[1.312s] Level 1:colcon.colcon_core.package_identification:_identify(src/localization) by extension 'python'
[1.313s] Level 1:colcon.colcon_core.package_identification:_identify(src/localization) by extensions ['python_setup_py']
[1.313s] Level 1:colcon.colcon_core.package_identification:_identify(src/localization) by extension 'python_setup_py'
[1.313s] Level 1:colcon.colcon_core.package_identification:_identify(src/localization/pcd_ndt_localization) by extensions ['ignore', 'ignore_ament_install']
[1.313s] Level 1:colcon.colcon_core.package_identification:_identify(src/localization/pcd_ndt_localization) by extension 'ignore'
[1.313s] Level 1:colcon.colcon_core.package_identification:_identify(src/localization/pcd_ndt_localization) by extension 'ignore_ament_install'
[1.315s] Level 1:colcon.colcon_core.package_identification:_identify(src/localization/pcd_ndt_localization) by extensions ['colcon_pkg']
[1.315s] Level 1:colcon.colcon_core.package_identification:_identify(src/localization/pcd_ndt_localization) by extension 'colcon_pkg'
[1.315s] Level 1:colcon.colcon_core.package_identification:_identify(src/localization/pcd_ndt_localization) by extensions ['colcon_meta']
[1.315s] Level 1:colcon.colcon_core.package_identification:_identify(src/localization/pcd_ndt_localization) by extension 'colcon_meta'
[1.316s] Level 1:colcon.colcon_core.package_identification:_identify(src/localization/pcd_ndt_localization) by extensions ['ros']
[1.316s] Level 1:colcon.colcon_core.package_identification:_identify(src/localization/pcd_ndt_localization) by extension 'ros'
[1.318s] DEBUG:colcon.colcon_core.package_identification:Package 'src/localization/pcd_ndt_localization' with type 'ros.ament_cmake' and name 'pcd_ndt_localization'
[1.319s] Level 1:colcon.colcon_core.package_identification:_identify(src/ranger_ros2) by extensions ['ignore', 'ignore_ament_install']
[1.319s] Level 1:colcon.colcon_core.package_identification:_identify(src/ranger_ros2) by extension 'ignore'
[1.319s] Level 1:colcon.colcon_core.package_identification:_identify(src/ranger_ros2) by extension 'ignore_ament_install'
[1.319s] Level 1:colcon.colcon_core.package_identification:_identify(src/ranger_ros2) by extensions ['colcon_pkg']
[1.319s] Level 1:colcon.colcon_core.package_identification:_identify(src/ranger_ros2) by extension 'colcon_pkg'
[1.319s] Level 1:colcon.colcon_core.package_identification:_identify(src/ranger_ros2) by extensions ['colcon_meta']
[1.320s] Level 1:colcon.colcon_core.package_identification:_identify(src/ranger_ros2) by extension 'colcon_meta'
[1.320s] Level 1:colcon.colcon_core.package_identification:_identify(src/ranger_ros2) by extensions ['ros']
[1.320s] Level 1:colcon.colcon_core.package_identification:_identify(src/ranger_ros2) by extension 'ros'
[1.320s] Level 1:colcon.colcon_core.package_identification:_identify(src/ranger_ros2) by extensions ['cmake', 'python']
[1.320s] Level 1:colcon.colcon_core.package_identification:_identify(src/ranger_ros2) by extension 'cmake'
[1.320s] Level 1:colcon.colcon_core.package_identification:_identify(src/ranger_ros2) by extension 'python'
[1.320s] Level 1:colcon.colcon_core.package_identification:_identify(src/ranger_ros2) by extensions ['python_setup_py']
[1.320s] Level 1:colcon.colcon_core.package_identification:_identify(src/ranger_ros2) by extension 'python_setup_py'
[1.321s] Level 1:colcon.colcon_core.package_identification:_identify(src/ranger_ros2/docs) by extensions ['ignore', 'ignore_ament_install']
[1.321s] Level 1:colcon.colcon_core.package_identification:_identify(src/ranger_ros2/docs) by extension 'ignore'
[1.321s] Level 1:colcon.colcon_core.package_identification:_identify(src/ranger_ros2/docs) by extension 'ignore_ament_install'
[1.321s] Level 1:colcon.colcon_core.package_identification:_identify(src/ranger_ros2/docs) by extensions ['colcon_pkg']
[1.321s] Level 1:colcon.colcon_core.package_identification:_identify(src/ranger_ros2/docs) by extension 'colcon_pkg'
[1.321s] Level 1:colcon.colcon_core.package_identification:_identify(src/ranger_ros2/docs) by extensions ['colcon_meta']
[1.321s] Level 1:colcon.colcon_core.package_identification:_identify(src/ranger_ros2/docs) by extension 'colcon_meta'
[1.321s] Level 1:colcon.colcon_core.package_identification:_identify(src/ranger_ros2/docs) by extensions ['ros']
[1.321s] Level 1:colcon.colcon_core.package_identification:_identify(src/ranger_ros2/docs) by extension 'ros'
[1.322s] Level 1:colcon.colcon_core.package_identification:_identify(src/ranger_ros2/docs) by extensions ['cmake', 'python']
[1.323s] Level 1:colcon.colcon_core.package_identification:_identify(src/ranger_ros2/docs) by extension 'cmake'
[1.323s] Level 1:colcon.colcon_core.package_identification:_identify(src/ranger_ros2/docs) by extension 'python'
[1.323s] Level 1:colcon.colcon_core.package_identification:_identify(src/ranger_ros2/docs) by extensions ['python_setup_py']
[1.323s] Level 1:colcon.colcon_core.package_identification:_identify(src/ranger_ros2/docs) by extension 'python_setup_py'
[1.323s] Level 1:colcon.colcon_core.package_identification:_identify(src/ranger_ros2/ranger_base) by extensions ['ignore', 'ignore_ament_install']
[1.323s] Level 1:colcon.colcon_core.package_identification:_identify(src/ranger_ros2/ranger_base) by extension 'ignore'
[1.324s] Level 1:colcon.colcon_core.package_identification:_identify(src/ranger_ros2/ranger_base) by extension 'ignore_ament_install'
[1.324s] Level 1:colcon.colcon_core.package_identification:_identify(src/ranger_ros2/ranger_base) by extensions ['colcon_pkg']
[1.324s] Level 1:colcon.colcon_core.package_identification:_identify(src/ranger_ros2/ranger_base) by extension 'colcon_pkg'
[1.324s] Level 1:colcon.colcon_core.package_identification:_identify(src/ranger_ros2/ranger_base) by extensions ['colcon_meta']
[1.324s] Level 1:colcon.colcon_core.package_identification:_identify(src/ranger_ros2/ranger_base) by extension 'colcon_meta'
[1.324s] Level 1:colcon.colcon_core.package_identification:_identify(src/ranger_ros2/ranger_base) by extensions ['ros']
[1.324s] Level 1:colcon.colcon_core.package_identification:_identify(src/ranger_ros2/ranger_base) by extension 'ros'
[1.327s] DEBUG:colcon.colcon_core.package_identification:Package 'src/ranger_ros2/ranger_base' with type 'ros.ament_cmake' and name 'ranger_base'
[1.327s] Level 1:colcon.colcon_core.package_identification:_identify(src/ranger_ros2/ranger_bringup) by extensions ['ignore', 'ignore_ament_install']
[1.327s] Level 1:colcon.colcon_core.package_identification:_identify(src/ranger_ros2/ranger_bringup) by extension 'ignore'
[1.328s] Level 1:colcon.colcon_core.package_identification:_identify(src/ranger_ros2/ranger_bringup) by extension 'ignore_ament_install'
[1.328s] Level 1:colcon.colcon_core.package_identification:_identify(src/ranger_ros2/ranger_bringup) by extensions ['colcon_pkg']
[1.328s] Level 1:colcon.colcon_core.package_identification:_identify(src/ranger_ros2/ranger_bringup) by extension 'colcon_pkg'
[1.328s] Level 1:colcon.colcon_core.package_identification:_identify(src/ranger_ros2/ranger_bringup) by extensions ['colcon_meta']
[1.328s] Level 1:colcon.colcon_core.package_identification:_identify(src/ranger_ros2/ranger_bringup) by extension 'colcon_meta'
[1.328s] Level 1:colcon.colcon_core.package_identification:_identify(src/ranger_ros2/ranger_bringup) by extensions ['ros']
[1.328s] Level 1:colcon.colcon_core.package_identification:_identify(src/ranger_ros2/ranger_bringup) by extension 'ros'
[1.331s] DEBUG:colcon.colcon_core.package_identification:Package 'src/ranger_ros2/ranger_bringup' with type 'ros.ament_cmake' and name 'ranger_bringup'
[1.332s] Level 1:colcon.colcon_core.package_identification:_identify(src/ranger_ros2/ranger_msgs) by extensions ['ignore', 'ignore_ament_install']
[1.332s] Level 1:colcon.colcon_core.package_identification:_identify(src/ranger_ros2/ranger_msgs) by extension 'ignore'
[1.332s] Level 1:colcon.colcon_core.package_identification:_identify(src/ranger_ros2/ranger_msgs) by extension 'ignore_ament_install'
[1.332s] Level 1:colcon.colcon_core.package_identification:_identify(src/ranger_ros2/ranger_msgs) by extensions ['colcon_pkg']
[1.332s] Level 1:colcon.colcon_core.package_identification:_identify(src/ranger_ros2/ranger_msgs) by extension 'colcon_pkg'
[1.332s] Level 1:colcon.colcon_core.package_identification:_identify(src/ranger_ros2/ranger_msgs) by extensions ['colcon_meta']
[1.332s] Level 1:colcon.colcon_core.package_identification:_identify(src/ranger_ros2/ranger_msgs) by extension 'colcon_meta'
[1.332s] Level 1:colcon.colcon_core.package_identification:_identify(src/ranger_ros2/ranger_msgs) by extensions ['ros']
[1.333s] Level 1:colcon.colcon_core.package_identification:_identify(src/ranger_ros2/ranger_msgs) by extension 'ros'
[1.340s] DEBUG:colcon.colcon_core.package_identification:Package 'src/ranger_ros2/ranger_msgs' with type 'ros.ament_cmake' and name 'ranger_msgs'
[1.341s] Level 1:colcon.colcon_core.package_identification:_identify(src/slam) by extensions ['ignore', 'ignore_ament_install']
[1.341s] Level 1:colcon.colcon_core.package_identification:_identify(src/slam) by extension 'ignore'
[1.341s] Level 1:colcon.colcon_core.package_identification:_identify(src/slam) by extension 'ignore_ament_install'
[1.343s] Level 1:colcon.colcon_core.package_identification:_identify(src/slam) by extensions ['colcon_pkg']
[1.343s] Level 1:colcon.colcon_core.package_identification:_identify(src/slam) by extension 'colcon_pkg'
[1.343s] Level 1:colcon.colcon_core.package_identification:_identify(src/slam) by extensions ['colcon_meta']
[1.343s] Level 1:colcon.colcon_core.package_identification:_identify(src/slam) by extension 'colcon_meta'
[1.343s] Level 1:colcon.colcon_core.package_identification:_identify(src/slam) by extensions ['ros']
[1.343s] Level 1:colcon.colcon_core.package_identification:_identify(src/slam) by extension 'ros'
[1.343s] Level 1:colcon.colcon_core.package_identification:_identify(src/slam) by extensions ['cmake', 'python']
[1.344s] Level 1:colcon.colcon_core.package_identification:_identify(src/slam) by extension 'cmake'
[1.344s] Level 1:colcon.colcon_core.package_identification:_identify(src/slam) by extension 'python'
[1.344s] Level 1:colcon.colcon_core.package_identification:_identify(src/slam) by extensions ['python_setup_py']
[1.344s] Level 1:colcon.colcon_core.package_identification:_identify(src/slam) by extension 'python_setup_py'
[1.344s] Level 1:colcon.colcon_core.package_identification:_identify(src/slam/fast_lio) by extensions ['ignore', 'ignore_ament_install']
[1.344s] Level 1:colcon.colcon_core.package_identification:_identify(src/slam/fast_lio) by extension 'ignore'
[1.344s] Level 1:colcon.colcon_core.package_identification:_identify(src/slam/fast_lio) by extension 'ignore_ament_install'
[1.345s] Level 1:colcon.colcon_core.package_identification:_identify(src/slam/fast_lio) by extensions ['colcon_pkg']
[1.345s] Level 1:colcon.colcon_core.package_identification:_identify(src/slam/fast_lio) by extension 'colcon_pkg'
[1.345s] Level 1:colcon.colcon_core.package_identification:_identify(src/slam/fast_lio) by extensions ['colcon_meta']
[1.345s] Level 1:colcon.colcon_core.package_identification:_identify(src/slam/fast_lio) by extension 'colcon_meta'
[1.346s] Level 1:colcon.colcon_core.package_identification:_identify(src/slam/fast_lio) by extensions ['ros']
[1.346s] Level 1:colcon.colcon_core.package_identification:_identify(src/slam/fast_lio) by extension 'ros'
[1.351s] DEBUG:colcon.colcon_core.package_identification:Package 'src/slam/fast_lio' with type 'ros.ament_cmake' and name 'fast_lio'
[1.352s] Level 1:colcon.colcon_core.package_identification:_identify(src/ugv_sdk) by extensions ['ignore', 'ignore_ament_install']
[1.352s] Level 1:colcon.colcon_core.package_identification:_identify(src/ugv_sdk) by extension 'ignore'
[1.352s] Level 1:colcon.colcon_core.package_identification:_identify(src/ugv_sdk) by extension 'ignore_ament_install'
[1.352s] Level 1:colcon.colcon_core.package_identification:_identify(src/ugv_sdk) by extensions ['colcon_pkg']
[1.353s] Level 1:colcon.colcon_core.package_identification:_identify(src/ugv_sdk) by extension 'colcon_pkg'
[1.353s] Level 1:colcon.colcon_core.package_identification:_identify(src/ugv_sdk) by extensions ['colcon_meta']
[1.353s] Level 1:colcon.colcon_core.package_identification:_identify(src/ugv_sdk) by extension 'colcon_meta'
[1.353s] Level 1:colcon.colcon_core.package_identification:_identify(src/ugv_sdk) by extensions ['ros']
[1.353s] Level 1:colcon.colcon_core.package_identification:_identify(src/ugv_sdk) by extension 'ros'
[1.354s] DEBUG:colcon.colcon_core.package_identification:Package 'src/ugv_sdk' with type 'ros.catkin' and name 'ugv_sdk'
[1.354s] Level 1:colcon.colcon_core.package_discovery:discover_packages(recursive) using defaults
[1.354s] Level 1:colcon.colcon_core.package_discovery:discover_packages(ignore) discover
[1.355s] Level 1:colcon.colcon_core.package_discovery:discover_packages(ignore) using defaults
[1.355s] Level 1:colcon.colcon_core.package_discovery:discover_packages(path) discover
[1.355s] Level 1:colcon.colcon_core.package_discovery:discover_packages(path) using defaults
[1.501s] INFO:colcon.colcon_core.package_selection:Skipping not selected package 'livox_ros_driver2' in 'src/driver/livox_ros_driver2'
[1.501s] INFO:colcon.colcon_core.package_selection:Skipping not selected package 'pcd_ndt_localization' in 'src/localization/pcd_ndt_localization'
[1.502s] INFO:colcon.colcon_core.package_selection:Skipping not selected package 'ranger_bringup' in 'src/ranger_ros2/ranger_bringup'
[1.502s] INFO:colcon.colcon_core.package_selection:Skipping not selected package 'ranger_msgs' in 'src/ranger_ros2/ranger_msgs'
[1.502s] INFO:colcon.colcon_core.package_selection:Skipping not selected package 'ugv_sdk' in 'src/ugv_sdk'
[1.502s] INFO:colcon.colcon_core.package_selection:Skipping not selected package 'vikit_common' in 'src/depd/rpg_vikit/vikit_common'
[1.502s] INFO:colcon.colcon_core.package_selection:Skipping not selected package 'fast_lio' in 'src/slam/fast_lio'
[1.502s] INFO:colcon.colcon_core.package_selection:Skipping not selected package 'vikit_ros' in 'src/depd/rpg_vikit/vikit_ros'
[1.503s] Level 1:colcon.colcon_core.package_discovery:discover_packages(prefix_path) check parameters
[1.503s] Level 1:colcon.colcon_core.package_discovery:discover_packages(prefix_path) discover
[1.511s] DEBUG:colcon.colcon_installed_package_information.package_discovery:Found 9 installed packages in /home/seeed/ros2/ws/install
[1.516s] DEBUG:colcon.colcon_installed_package_information.package_discovery:Found 321 installed packages in /opt/ros/humble
[1.520s] Level 1:colcon.colcon_core.package_discovery:discover_packages(prefix_path) using defaults
[1.689s] Level 5:colcon.colcon_core.verb:set package 'ranger_base' build argument 'cmake_args' from command line to 'None'
[1.689s] Level 5:colcon.colcon_core.verb:set package 'ranger_base' build argument 'cmake_target' from command line to 'None'
[1.690s] Level 5:colcon.colcon_core.verb:set package 'ranger_base' build argument 'cmake_target_skip_unavailable' from command line to 'False'
[1.690s] Level 5:colcon.colcon_core.verb:set package 'ranger_base' build argument 'cmake_clean_cache' from command line to 'False'
[1.690s] Level 5:colcon.colcon_core.verb:set package 'ranger_base' build argument 'cmake_clean_first' from command line to 'False'
[1.690s] Level 5:colcon.colcon_core.verb:set package 'ranger_base' build argument 'cmake_force_configure' from command line to 'False'
[1.690s] Level 5:colcon.colcon_core.verb:set package 'ranger_base' build argument 'ament_cmake_args' from command line to 'None'
[1.690s] Level 5:colcon.colcon_core.verb:set package 'ranger_base' build argument 'catkin_cmake_args' from command line to 'None'
[1.690s] Level 5:colcon.colcon_core.verb:set package 'ranger_base' build argument 'catkin_skip_building_tests' from command line to 'False'
[1.690s] DEBUG:colcon.colcon_core.verb:Building package 'ranger_base' with the following arguments: {'ament_cmake_args': None, 'build_base': '/home/seeed/ros2/ws/build/ranger_base', 'catkin_cmake_args': None, 'catkin_skip_building_tests': False, 'cmake_args': None, 'cmake_clean_cache': False, 'cmake_clean_first': False, 'cmake_force_configure': False, 'cmake_target': None, 'cmake_target_skip_unavailable': False, 'install_base': '/home/seeed/ros2/ws/install/ranger_base', 'merge_install': False, 'path': '/home/seeed/ros2/ws/src/ranger_ros2/ranger_base', 'symlink_install': True, 'test_result_base': None}
[1.691s] INFO:colcon.colcon_core.executor:Executing jobs using 'parallel' executor
[1.693s] DEBUG:colcon.colcon_parallel_executor.executor.parallel:run_until_complete
[1.694s] INFO:colcon.colcon_ros.task.ament_cmake.build:Building ROS package in '/home/seeed/ros2/ws/src/ranger_ros2/ranger_base' with build type 'ament_cmake'
[1.694s] INFO:colcon.colcon_cmake.task.cmake.build:Building CMake package in '/home/seeed/ros2/ws/src/ranger_ros2/ranger_base'
[1.699s] INFO:colcon.colcon_core.plugin_system:Skipping extension 'colcon_core.shell.bat': Not used on non-Windows systems
[1.700s] INFO:colcon.colcon_core.shell:Skip shell extension 'powershell' for command environment: Not usable outside of PowerShell
[1.700s] DEBUG:colcon.colcon_core.shell:Skip shell extension 'dsv' for command environment
[1.743s] DEBUG:colcon.colcon_core.event_handler.log_command:Invoking command in '/home/seeed/ros2/ws/build/ranger_base': CMAKE_PREFIX_PATH=/opt/ros/humble:/home/seeed/ros2/ws/install/ugv_sdk:/home/seeed/ros2/ws/install/ranger_msgs:/home/seeed/ros2/ws/install/vikit_ros:/home/seeed/ros2/ws/install/vikit_common:/home/seeed/ros2/ws/install/ranger_base:/home/seeed/ros2/ws/install/ranger_bringup:/home/seeed/ros2/ws/install/pcd_ndt_localization:/home/seeed/ros2/ws/install/fast_lio:/home/seeed/ros2/ws/install/livox_ros_driver2 LD_LIBRARY_PATH=/home/seeed/ros2/ws/install/ranger_msgs/lib:/home/seeed/ros2/ws/install/vikit_ros/lib:/home/seeed/ros2/ws/install/vikit_common/lib:/home/seeed/ros2/ws/install/fast_lio/lib:/home/seeed/ros2/ws/install/livox_ros_driver2/lib:/opt/ros/humble/opt/rviz_ogre_vendor/lib:/opt/ros/humble/lib/aarch64-linux-gnu:/opt/ros/humble/lib PKG_CONFIG_PATH=/home/seeed/ros2/ws/install/ugv_sdk/lib/aarch64-linux-gnu/pkgconfig:/home/seeed/ros2/ws/install/ugv_sdk/lib/pkgconfig:/home/seeed/ros2/ws/install/vikit_common/lib/aarch64-linux-gnu/pkgconfig:/home/seeed/ros2/ws/install/vikit_common/lib/pkgconfig ROS_PACKAGE_PATH=/home/seeed/ros2/ws/install/ugv_sdk/share:/home/seeed/ros2/ws/install/vikit_common/share /usr/local/bin/cmake /home/seeed/ros2/ws/src/ranger_ros2/ranger_base -DAMENT_CMAKE_SYMLINK_INSTALL=1 -DCMAKE_INSTALL_PREFIX=/home/seeed/ros2/ws/install/ranger_base
[6.833s] DEBUG:colcon.colcon_core.event_handler.log_command:Invoked command in '/home/seeed/ros2/ws/build/ranger_base' returned '0': CMAKE_PREFIX_PATH=/opt/ros/humble:/home/seeed/ros2/ws/install/ugv_sdk:/home/seeed/ros2/ws/install/ranger_msgs:/home/seeed/ros2/ws/install/vikit_ros:/home/seeed/ros2/ws/install/vikit_common:/home/seeed/ros2/ws/install/ranger_base:/home/seeed/ros2/ws/install/ranger_bringup:/home/seeed/ros2/ws/install/pcd_ndt_localization:/home/seeed/ros2/ws/install/fast_lio:/home/seeed/ros2/ws/install/livox_ros_driver2 LD_LIBRARY_PATH=/home/seeed/ros2/ws/install/ranger_msgs/lib:/home/seeed/ros2/ws/install/vikit_ros/lib:/home/seeed/ros2/ws/install/vikit_common/lib:/home/seeed/ros2/ws/install/fast_lio/lib:/home/seeed/ros2/ws/install/livox_ros_driver2/lib:/opt/ros/humble/opt/rviz_ogre_vendor/lib:/opt/ros/humble/lib/aarch64-linux-gnu:/opt/ros/humble/lib PKG_CONFIG_PATH=/home/seeed/ros2/ws/install/ugv_sdk/lib/aarch64-linux-gnu/pkgconfig:/home/seeed/ros2/ws/install/ugv_sdk/lib/pkgconfig:/home/seeed/ros2/ws/install/vikit_common/lib/aarch64-linux-gnu/pkgconfig:/home/seeed/ros2/ws/install/vikit_common/lib/pkgconfig ROS_PACKAGE_PATH=/home/seeed/ros2/ws/install/ugv_sdk/share:/home/seeed/ros2/ws/install/vikit_common/share /usr/local/bin/cmake /home/seeed/ros2/ws/src/ranger_ros2/ranger_base -DAMENT_CMAKE_SYMLINK_INSTALL=1 -DCMAKE_INSTALL_PREFIX=/home/seeed/ros2/ws/install/ranger_base
[6.834s] DEBUG:colcon.colcon_core.event_handler.log_command:Invoking command in '/home/seeed/ros2/ws/build/ranger_base': CMAKE_PREFIX_PATH=/opt/ros/humble:/home/seeed/ros2/ws/install/ugv_sdk:/home/seeed/ros2/ws/install/ranger_msgs:/home/seeed/ros2/ws/install/vikit_ros:/home/seeed/ros2/ws/install/vikit_common:/home/seeed/ros2/ws/install/ranger_base:/home/seeed/ros2/ws/install/ranger_bringup:/home/seeed/ros2/ws/install/pcd_ndt_localization:/home/seeed/ros2/ws/install/fast_lio:/home/seeed/ros2/ws/install/livox_ros_driver2 LD_LIBRARY_PATH=/home/seeed/ros2/ws/install/ranger_msgs/lib:/home/seeed/ros2/ws/install/vikit_ros/lib:/home/seeed/ros2/ws/install/vikit_common/lib:/home/seeed/ros2/ws/install/fast_lio/lib:/home/seeed/ros2/ws/install/livox_ros_driver2/lib:/opt/ros/humble/opt/rviz_ogre_vendor/lib:/opt/ros/humble/lib/aarch64-linux-gnu:/opt/ros/humble/lib PKG_CONFIG_PATH=/home/seeed/ros2/ws/install/ugv_sdk/lib/aarch64-linux-gnu/pkgconfig:/home/seeed/ros2/ws/install/ugv_sdk/lib/pkgconfig:/home/seeed/ros2/ws/install/vikit_common/lib/aarch64-linux-gnu/pkgconfig:/home/seeed/ros2/ws/install/vikit_common/lib/pkgconfig ROS_PACKAGE_PATH=/home/seeed/ros2/ws/install/ugv_sdk/share:/home/seeed/ros2/ws/install/vikit_common/share /usr/local/bin/cmake --build /home/seeed/ros2/ws/build/ranger_base -- -j6 -l6
[106.616s] DEBUG:colcon.colcon_core.event_handler.log_command:Invoked command in '/home/seeed/ros2/ws/build/ranger_base' returned '0': CMAKE_PREFIX_PATH=/opt/ros/humble:/home/seeed/ros2/ws/install/ugv_sdk:/home/seeed/ros2/ws/install/ranger_msgs:/home/seeed/ros2/ws/install/vikit_ros:/home/seeed/ros2/ws/install/vikit_common:/home/seeed/ros2/ws/install/ranger_base:/home/seeed/ros2/ws/install/ranger_bringup:/home/seeed/ros2/ws/install/pcd_ndt_localization:/home/seeed/ros2/ws/install/fast_lio:/home/seeed/ros2/ws/install/livox_ros_driver2 LD_LIBRARY_PATH=/home/seeed/ros2/ws/install/ranger_msgs/lib:/home/seeed/ros2/ws/install/vikit_ros/lib:/home/seeed/ros2/ws/install/vikit_common/lib:/home/seeed/ros2/ws/install/fast_lio/lib:/home/seeed/ros2/ws/install/livox_ros_driver2/lib:/opt/ros/humble/opt/rviz_ogre_vendor/lib:/opt/ros/humble/lib/aarch64-linux-gnu:/opt/ros/humble/lib PKG_CONFIG_PATH=/home/seeed/ros2/ws/install/ugv_sdk/lib/aarch64-linux-gnu/pkgconfig:/home/seeed/ros2/ws/install/ugv_sdk/lib/pkgconfig:/home/seeed/ros2/ws/install/vikit_common/lib/aarch64-linux-gnu/pkgconfig:/home/seeed/ros2/ws/install/vikit_common/lib/pkgconfig ROS_PACKAGE_PATH=/home/seeed/ros2/ws/install/ugv_sdk/share:/home/seeed/ros2/ws/install/vikit_common/share /usr/local/bin/cmake --build /home/seeed/ros2/ws/build/ranger_base -- -j6 -l6
[106.642s] DEBUG:colcon.colcon_core.event_handler.log_command:Invoking command in '/home/seeed/ros2/ws/build/ranger_base': CMAKE_PREFIX_PATH=/opt/ros/humble:/home/seeed/ros2/ws/install/ugv_sdk:/home/seeed/ros2/ws/install/ranger_msgs:/home/seeed/ros2/ws/install/vikit_ros:/home/seeed/ros2/ws/install/vikit_common:/home/seeed/ros2/ws/install/ranger_base:/home/seeed/ros2/ws/install/ranger_bringup:/home/seeed/ros2/ws/install/pcd_ndt_localization:/home/seeed/ros2/ws/install/fast_lio:/home/seeed/ros2/ws/install/livox_ros_driver2 LD_LIBRARY_PATH=/home/seeed/ros2/ws/install/ranger_msgs/lib:/home/seeed/ros2/ws/install/vikit_ros/lib:/home/seeed/ros2/ws/install/vikit_common/lib:/home/seeed/ros2/ws/install/fast_lio/lib:/home/seeed/ros2/ws/install/livox_ros_driver2/lib:/opt/ros/humble/opt/rviz_ogre_vendor/lib:/opt/ros/humble/lib/aarch64-linux-gnu:/opt/ros/humble/lib PKG_CONFIG_PATH=/home/seeed/ros2/ws/install/ugv_sdk/lib/aarch64-linux-gnu/pkgconfig:/home/seeed/ros2/ws/install/ugv_sdk/lib/pkgconfig:/home/seeed/ros2/ws/install/vikit_common/lib/aarch64-linux-gnu/pkgconfig:/home/seeed/ros2/ws/install/vikit_common/lib/pkgconfig ROS_PACKAGE_PATH=/home/seeed/ros2/ws/install/ugv_sdk/share:/home/seeed/ros2/ws/install/vikit_common/share /usr/local/bin/cmake --install /home/seeed/ros2/ws/build/ranger_base
[107.123s] Level 1:colcon.colcon_core.environment:create_environment_scripts_only(ranger_base)
[107.129s] DEBUG:colcon.colcon_core.event_handler.log_command:Invoked command in '/home/seeed/ros2/ws/build/ranger_base' returned '0': CMAKE_PREFIX_PATH=/opt/ros/humble:/home/seeed/ros2/ws/install/ugv_sdk:/home/seeed/ros2/ws/install/ranger_msgs:/home/seeed/ros2/ws/install/vikit_ros:/home/seeed/ros2/ws/install/vikit_common:/home/seeed/ros2/ws/install/ranger_base:/home/seeed/ros2/ws/install/ranger_bringup:/home/seeed/ros2/ws/install/pcd_ndt_localization:/home/seeed/ros2/ws/install/fast_lio:/home/seeed/ros2/ws/install/livox_ros_driver2 LD_LIBRARY_PATH=/home/seeed/ros2/ws/install/ranger_msgs/lib:/home/seeed/ros2/ws/install/vikit_ros/lib:/home/seeed/ros2/ws/install/vikit_common/lib:/home/seeed/ros2/ws/install/fast_lio/lib:/home/seeed/ros2/ws/install/livox_ros_driver2/lib:/opt/ros/humble/opt/rviz_ogre_vendor/lib:/opt/ros/humble/lib/aarch64-linux-gnu:/opt/ros/humble/lib PKG_CONFIG_PATH=/home/seeed/ros2/ws/install/ugv_sdk/lib/aarch64-linux-gnu/pkgconfig:/home/seeed/ros2/ws/install/ugv_sdk/lib/pkgconfig:/home/seeed/ros2/ws/install/vikit_common/lib/aarch64-linux-gnu/pkgconfig:/home/seeed/ros2/ws/install/vikit_common/lib/pkgconfig ROS_PACKAGE_PATH=/home/seeed/ros2/ws/install/ugv_sdk/share:/home/seeed/ros2/ws/install/vikit_common/share /usr/local/bin/cmake --install /home/seeed/ros2/ws/build/ranger_base
[107.132s] Level 1:colcon.colcon_core.environment:checking '/home/seeed/ros2/ws/install/ranger_base' for CMake module files
[107.134s] Level 1:colcon.colcon_core.environment:checking '/home/seeed/ros2/ws/install/ranger_base' for CMake config files
[107.137s] Level 1:colcon.colcon_core.shell:create_environment_hook('ranger_base', 'cmake_prefix_path')
[107.141s] INFO:colcon.colcon_core.shell:Creating environment hook '/home/seeed/ros2/ws/install/ranger_base/share/ranger_base/hook/cmake_prefix_path.ps1'
[107.151s] INFO:colcon.colcon_core.shell:Creating environment descriptor '/home/seeed/ros2/ws/install/ranger_base/share/ranger_base/hook/cmake_prefix_path.dsv'
[107.157s] INFO:colcon.colcon_core.shell:Creating environment hook '/home/seeed/ros2/ws/install/ranger_base/share/ranger_base/hook/cmake_prefix_path.sh'
[107.169s] Level 1:colcon.colcon_core.environment:checking '/home/seeed/ros2/ws/install/ranger_base/lib'
[107.171s] Level 1:colcon.colcon_core.environment:checking '/home/seeed/ros2/ws/install/ranger_base/bin'
[107.172s] Level 1:colcon.colcon_core.environment:checking '/home/seeed/ros2/ws/install/ranger_base/lib/pkgconfig/ranger_base.pc'
[107.175s] Level 1:colcon.colcon_core.environment:checking '/home/seeed/ros2/ws/install/ranger_base/lib/python3.10/site-packages'
[107.180s] Level 1:colcon.colcon_core.environment:checking '/home/seeed/ros2/ws/install/ranger_base/bin'
[107.184s] INFO:colcon.colcon_core.shell:Creating package script '/home/seeed/ros2/ws/install/ranger_base/share/ranger_base/package.ps1'
[107.199s] INFO:colcon.colcon_core.shell:Creating package descriptor '/home/seeed/ros2/ws/install/ranger_base/share/ranger_base/package.dsv'
[107.206s] INFO:colcon.colcon_core.shell:Creating package script '/home/seeed/ros2/ws/install/ranger_base/share/ranger_base/package.sh'
[107.214s] INFO:colcon.colcon_core.shell:Creating package script '/home/seeed/ros2/ws/install/ranger_base/share/ranger_base/package.bash'
[107.225s] INFO:colcon.colcon_core.shell:Creating package script '/home/seeed/ros2/ws/install/ranger_base/share/ranger_base/package.zsh'
[107.233s] Level 1:colcon.colcon_core.environment:create_file_with_runtime_dependencies(/home/seeed/ros2/ws/install/ranger_base/share/colcon-core/packages/ranger_base)
[107.241s] Level 1:colcon.colcon_core.environment:create_environment_scripts_only(ranger_base)
[107.243s] Level 1:colcon.colcon_core.environment:checking '/home/seeed/ros2/ws/install/ranger_base' for CMake module files
[107.250s] Level 1:colcon.colcon_core.environment:checking '/home/seeed/ros2/ws/install/ranger_base' for CMake config files
[107.256s] Level 1:colcon.colcon_core.shell:create_environment_hook('ranger_base', 'cmake_prefix_path')
[107.259s] INFO:colcon.colcon_core.shell:Creating environment hook '/home/seeed/ros2/ws/install/ranger_base/share/ranger_base/hook/cmake_prefix_path.ps1'
[107.264s] INFO:colcon.colcon_core.shell:Creating environment descriptor '/home/seeed/ros2/ws/install/ranger_base/share/ranger_base/hook/cmake_prefix_path.dsv'
[107.269s] INFO:colcon.colcon_core.shell:Creating environment hook '/home/seeed/ros2/ws/install/ranger_base/share/ranger_base/hook/cmake_prefix_path.sh'
[107.275s] Level 1:colcon.colcon_core.environment:checking '/home/seeed/ros2/ws/install/ranger_base/lib'
[107.276s] Level 1:colcon.colcon_core.environment:checking '/home/seeed/ros2/ws/install/ranger_base/bin'
[107.277s] Level 1:colcon.colcon_core.environment:checking '/home/seeed/ros2/ws/install/ranger_base/lib/pkgconfig/ranger_base.pc'
[107.280s] Level 1:colcon.colcon_core.environment:checking '/home/seeed/ros2/ws/install/ranger_base/lib/python3.10/site-packages'
[107.283s] Level 1:colcon.colcon_core.environment:checking '/home/seeed/ros2/ws/install/ranger_base/bin'
[107.288s] INFO:colcon.colcon_core.shell:Creating package script '/home/seeed/ros2/ws/install/ranger_base/share/ranger_base/package.ps1'
[107.298s] INFO:colcon.colcon_core.shell:Creating package descriptor '/home/seeed/ros2/ws/install/ranger_base/share/ranger_base/package.dsv'
[107.304s] INFO:colcon.colcon_core.shell:Creating package script '/home/seeed/ros2/ws/install/ranger_base/share/ranger_base/package.sh'
[107.309s] INFO:colcon.colcon_core.shell:Creating package script '/home/seeed/ros2/ws/install/ranger_base/share/ranger_base/package.bash'
[107.314s] INFO:colcon.colcon_core.shell:Creating package script '/home/seeed/ros2/ws/install/ranger_base/share/ranger_base/package.zsh'
[107.319s] Level 1:colcon.colcon_core.environment:create_file_with_runtime_dependencies(/home/seeed/ros2/ws/install/ranger_base/share/colcon-core/packages/ranger_base)
[107.324s] DEBUG:colcon.colcon_parallel_executor.executor.parallel:closing loop
[107.326s] DEBUG:colcon.colcon_parallel_executor.executor.parallel:loop closed
[107.327s] DEBUG:colcon.colcon_parallel_executor.executor.parallel:run_until_complete finished with '0'
[107.328s] DEBUG:colcon.colcon_core.event_reactor:joining thread
[107.329s] DEBUG:colcon.colcon_core.event_reactor:joined thread
[107.332s] INFO:colcon.colcon_core.shell:Creating prefix script '/home/seeed/ros2/ws/install/local_setup.ps1'
[107.350s] INFO:colcon.colcon_core.shell:Creating prefix util module '/home/seeed/ros2/ws/install/_local_setup_util_ps1.py'
[107.359s] INFO:colcon.colcon_core.shell:Creating prefix chain script '/home/seeed/ros2/ws/install/setup.ps1'
[107.377s] INFO:colcon.colcon_core.shell:Creating prefix script '/home/seeed/ros2/ws/install/local_setup.sh'
[107.386s] INFO:colcon.colcon_core.shell:Creating prefix util module '/home/seeed/ros2/ws/install/_local_setup_util_sh.py'
[107.390s] INFO:colcon.colcon_core.shell:Creating prefix chain script '/home/seeed/ros2/ws/install/setup.sh'
[107.399s] INFO:colcon.colcon_core.shell:Creating prefix script '/home/seeed/ros2/ws/install/local_setup.bash'
[107.406s] INFO:colcon.colcon_core.shell:Creating prefix chain script '/home/seeed/ros2/ws/install/setup.bash'
[107.416s] INFO:colcon.colcon_core.shell:Creating prefix script '/home/seeed/ros2/ws/install/local_setup.zsh'
[107.419s] INFO:colcon.colcon_core.shell:Creating prefix chain script '/home/seeed/ros2/ws/install/setup.zsh'
