[0.000000] (-) TimerEvent: {}
[0.000360] (-) JobUnselected: {'identifier': 'fast_lio'}
[0.000888] (-) JobUnselected: {'identifier': 'livox_ros_driver2'}
[0.001183] (-) JobUnselected: {'identifier': 'ranger_base'}
[0.001456] (-) JobUnselected: {'identifier': 'ranger_bringup'}
[0.001563] (-) JobUnselected: {'identifier': 'ranger_msgs'}
[0.001646] (-) JobUnselected: {'identifier': 'ugv_sdk'}
[0.001720] (-) JobUnselected: {'identifier': 'vikit_common'}
[0.001816] (-) JobUnselected: {'identifier': 'vikit_ros'}
[0.001906] (pcd_ndt_localization) JobQueued: {'identifier': 'pcd_ndt_localization', 'dependencies': OrderedDict()}
[0.001998] (pcd_ndt_localization) JobStarted: {'identifier': 'pcd_ndt_localization'}
[0.021041] (pcd_ndt_localization) JobProgress: {'identifier': 'pcd_ndt_localization', 'progress': 'cmake'}
[0.023381] (pcd_ndt_localization) JobProgress: {'identifier': 'pcd_ndt_localization', 'progress': 'build'}
[0.025336] (pcd_ndt_localization) Command: {'cmd': ['/usr/local/bin/cmake', '--build', '/home/seeed/ros2/ws/build/pcd_ndt_localization', '--', '-j6', '-l6'], 'cwd': '/home/seeed/ros2/ws/build/pcd_ndt_localization', 'env': OrderedDict([('LANGUAGE', 'zh_CN:en'), ('USER', 'seeed'), ('SSH_CLIENT', '10.200.24.83 46145 22'), ('LC_TIME', 'zh_CN.UTF-8'), ('ROS_PACKAGE_PATH', '/home/seeed/ros2/ws/install/vikit_common/share:/home/seeed/ros2/ws/install/ugv_sdk/share'), ('XDG_SESSION_TYPE', 'tty'), ('SHLVL', '0'), ('LD_LIBRARY_PATH', '/home/seeed/ros2/ws/install/vikit_ros/lib:/home/seeed/ros2/ws/install/vikit_common/lib:/home/seeed/ros2/ws/install/ranger_msgs/lib:/home/seeed/ros2/ws/install/fast_lio/lib:/home/seeed/ros2/ws/install/livox_ros_driver2/lib:/opt/ros/humble/opt/rviz_ogre_vendor/lib:/opt/ros/humble/lib/aarch64-linux-gnu:/opt/ros/humble/lib'), ('MOTD_SHOWN', 'pam'), ('HOME', '/home/seeed'), ('OLDPWD', '/home/seeed'), ('ROS_PYTHON_VERSION', '3'), ('LC_MONETARY', 'zh_CN.UTF-8'), ('ROS_IP', '10.200.54.207'), ('LC_CTYPE', 'C.UTF-8'), ('DBUS_SESSION_BUS_ADDRESS', 'unix:path=/run/user/1000/bus'), ('COLCON_PREFIX_PATH', '/home/seeed/ros2/ws/install'), ('ROS_DISTRO', 'humble'), ('LOGNAME', 'seeed'), ('_', '/usr/bin/colcon'), ('ROS_VERSION', '2'), ('PKG_CONFIG_PATH', '/home/seeed/ros2/ws/install/vikit_common/lib/aarch64-linux-gnu/pkgconfig:/home/seeed/ros2/ws/install/vikit_common/lib/pkgconfig:/home/seeed/ros2/ws/install/ugv_sdk/lib/aarch64-linux-gnu/pkgconfig:/home/seeed/ros2/ws/install/ugv_sdk/lib/pkgconfig'), ('XDG_SESSION_CLASS', 'user'), ('XDG_SESSION_ID', '70'), ('ROS_LOCALHOST_ONLY', '0'), ('PATH', '/opt/ros/humble/bin:/usr/local/sbin:/usr/local/bin:/usr/sbin:/usr/bin:/sbin:/bin:/usr/games:/usr/local/games:/snap/bin'), ('FASTRTPS_DEFAULT_PROFILES_FILE', '/home/seeed/ros2/fastrtps_profile.xml'), ('PAPERSIZE', 'a4'), ('LC_ADDRESS', 'zh_CN.UTF-8'), ('XDG_RUNTIME_DIR', '/run/user/1000'), ('DISPLAY', 'localhost:14.0'), ('LANG', 'zh_CN.UTF-8'), ('LC_TELEPHONE', 'zh_CN.UTF-8'), ('RMW_IMPLEMENTATION', 'rmw_fastrtps_cpp'), ('ROS_DOMAIN_ID', '0'), ('AMENT_PREFIX_PATH', '/home/seeed/ros2/ws/install/vikit_ros:/home/seeed/ros2/ws/install/ranger_base:/home/seeed/ros2/ws/install/ranger_msgs:/home/seeed/ros2/ws/install/ranger_bringup:/home/seeed/ros2/ws/install/pcd_ndt_localization:/home/seeed/ros2/ws/install/fast_lio:/home/seeed/ros2/ws/install/livox_ros_driver2:/opt/ros/humble'), ('SHELL', '/bin/bash'), ('LC_NAME', 'zh_CN.UTF-8'), ('LC_MEASUREMENT', 'zh_CN.UTF-8'), ('LC_IDENTIFICATION', 'zh_CN.UTF-8'), ('PWD', '/home/seeed/ros2/ws/build/pcd_ndt_localization'), ('LC_ALL', 'en_US.UTF-8'), ('SSH_CONNECTION', '10.200.24.83 46145 10.200.54.207 22'), ('XDG_DATA_DIRS', '/usr/share/gnome:/usr/local/share:/usr/share:/var/lib/snapd/desktop'), ('PYTHONPATH', '/home/seeed/ros2/ws/install/ranger_msgs/local/lib/python3.10/dist-packages:/home/seeed/ros2/ws/install/fast_lio/local/lib/python3.10/dist-packages:/home/seeed/ros2/ws/install/livox_ros_driver2/local/lib/python3.10/dist-packages:/opt/ros/humble/lib/python3.10/site-packages:/opt/ros/humble/local/lib/python3.10/dist-packages'), ('LC_NUMERIC', 'zh_CN.UTF-8'), ('LC_PAPER', 'zh_CN.UTF-8'), ('COLCON', '1'), ('CMAKE_PREFIX_PATH', '/home/seeed/ros2/ws/install/vikit_ros:/opt/ros/humble:/home/seeed/ros2/ws/install/vikit_common:/home/seeed/ros2/ws/install/ranger_base:/home/seeed/ros2/ws/install/ugv_sdk:/home/seeed/ros2/ws/install/ranger_msgs:/home/seeed/ros2/ws/install/ranger_bringup:/home/seeed/ros2/ws/install/pcd_ndt_localization:/home/seeed/ros2/ws/install/fast_lio:/home/seeed/ros2/ws/install/livox_ros_driver2')]), 'shell': False}
[0.099274] (-) TimerEvent: {}
[0.142619] (pcd_ndt_localization) StdoutLine: {'line': b'[ 50%] Building CXX object CMakeFiles/pcd_ndt_localizer.dir/src/pcd_ndt_localizer.cpp.o\n'}
[0.199464] (-) TimerEvent: {}
[0.299875] (-) TimerEvent: {}
[0.400310] (-) TimerEvent: {}
[0.500797] (-) TimerEvent: {}
[0.601233] (-) TimerEvent: {}
[0.701791] (-) TimerEvent: {}
[0.802261] (-) TimerEvent: {}
[0.902686] (-) TimerEvent: {}
[1.003173] (-) TimerEvent: {}
[1.103665] (-) TimerEvent: {}
[1.204078] (-) TimerEvent: {}
[1.304501] (-) TimerEvent: {}
[1.404993] (-) TimerEvent: {}
[1.505496] (-) TimerEvent: {}
[1.606016] (-) TimerEvent: {}
[1.706541] (-) TimerEvent: {}
[1.807048] (-) TimerEvent: {}
[1.907579] (-) TimerEvent: {}
[2.008080] (-) TimerEvent: {}
[2.108593] (-) TimerEvent: {}
[2.209075] (-) TimerEvent: {}
[2.309676] (-) TimerEvent: {}
[2.410282] (-) TimerEvent: {}
[2.510798] (-) TimerEvent: {}
[2.611344] (-) TimerEvent: {}
[2.711880] (-) TimerEvent: {}
[2.812419] (-) TimerEvent: {}
[2.912929] (-) TimerEvent: {}
[3.013432] (-) TimerEvent: {}
[3.113933] (-) TimerEvent: {}
[3.214439] (-) TimerEvent: {}
[3.315087] (-) TimerEvent: {}
[3.415682] (-) TimerEvent: {}
[3.516285] (-) TimerEvent: {}
[3.616806] (-) TimerEvent: {}
[3.717336] (-) TimerEvent: {}
[3.817888] (-) TimerEvent: {}
[3.918444] (-) TimerEvent: {}
[4.018960] (-) TimerEvent: {}
[4.119560] (-) TimerEvent: {}
[4.220105] (-) TimerEvent: {}
[4.320564] (-) TimerEvent: {}
[4.421034] (-) TimerEvent: {}
[4.521567] (-) TimerEvent: {}
[4.622057] (-) TimerEvent: {}
[4.722541] (-) TimerEvent: {}
[4.823021] (-) TimerEvent: {}
[4.923596] (-) TimerEvent: {}
[5.024172] (-) TimerEvent: {}
[5.124693] (-) TimerEvent: {}
[5.225216] (-) TimerEvent: {}
[5.325771] (-) TimerEvent: {}
[5.426333] (-) TimerEvent: {}
[5.526818] (-) TimerEvent: {}
[5.627351] (-) TimerEvent: {}
[5.727859] (-) TimerEvent: {}
[5.828359] (-) TimerEvent: {}
[5.928852] (-) TimerEvent: {}
[6.029336] (-) TimerEvent: {}
[6.129810] (-) TimerEvent: {}
[6.230280] (-) TimerEvent: {}
[6.330777] (-) TimerEvent: {}
[6.431301] (-) TimerEvent: {}
[6.531811] (-) TimerEvent: {}
[6.632309] (-) TimerEvent: {}
[6.732811] (-) TimerEvent: {}
[6.833302] (-) TimerEvent: {}
[6.933783] (-) TimerEvent: {}
[7.034287] (-) TimerEvent: {}
[7.134778] (-) TimerEvent: {}
[7.235289] (-) TimerEvent: {}
[7.335753] (-) TimerEvent: {}
[7.436262] (-) TimerEvent: {}
[7.536754] (-) TimerEvent: {}
[7.637246] (-) TimerEvent: {}
[7.737752] (-) TimerEvent: {}
[7.838294] (-) TimerEvent: {}
[7.938802] (-) TimerEvent: {}
[8.039371] (-) TimerEvent: {}
[8.139950] (-) TimerEvent: {}
[8.240448] (-) TimerEvent: {}
[8.340924] (-) TimerEvent: {}
[8.441434] (-) TimerEvent: {}
[8.542017] (-) TimerEvent: {}
[8.642564] (-) TimerEvent: {}
[8.743048] (-) TimerEvent: {}
[8.843696] (-) TimerEvent: {}
[8.944187] (-) TimerEvent: {}
[9.044682] (-) TimerEvent: {}
[9.145232] (-) TimerEvent: {}
[9.245823] (-) TimerEvent: {}
[9.346332] (-) TimerEvent: {}
[9.446834] (-) TimerEvent: {}
[9.547327] (-) TimerEvent: {}
[9.647803] (-) TimerEvent: {}
[9.748302] (-) TimerEvent: {}
[9.848797] (-) TimerEvent: {}
[9.949308] (-) TimerEvent: {}
[10.049818] (-) TimerEvent: {}
[10.150325] (-) TimerEvent: {}
[10.250841] (-) TimerEvent: {}
[10.351354] (-) TimerEvent: {}
[10.451879] (-) TimerEvent: {}
[10.552426] (-) TimerEvent: {}
[10.652929] (-) TimerEvent: {}
[10.753411] (-) TimerEvent: {}
[10.853896] (-) TimerEvent: {}
[10.954400] (-) TimerEvent: {}
[11.054912] (-) TimerEvent: {}
[11.155452] (-) TimerEvent: {}
[11.255955] (-) TimerEvent: {}
[11.356444] (-) TimerEvent: {}
[11.456955] (-) TimerEvent: {}
[11.557508] (-) TimerEvent: {}
[11.658002] (-) TimerEvent: {}
[11.758511] (-) TimerEvent: {}
[11.859048] (-) TimerEvent: {}
[11.959686] (-) TimerEvent: {}
[12.060184] (-) TimerEvent: {}
[12.160734] (-) TimerEvent: {}
[12.261232] (-) TimerEvent: {}
[12.361831] (-) TimerEvent: {}
[12.462406] (-) TimerEvent: {}
[12.562902] (-) TimerEvent: {}
[12.663517] (-) TimerEvent: {}
[12.764022] (-) TimerEvent: {}
[12.864534] (-) TimerEvent: {}
[12.965041] (-) TimerEvent: {}
[13.065611] (-) TimerEvent: {}
[13.166170] (-) TimerEvent: {}
[13.266694] (-) TimerEvent: {}
[13.367276] (-) TimerEvent: {}
[13.467822] (-) TimerEvent: {}
[13.568330] (-) TimerEvent: {}
[13.668837] (-) TimerEvent: {}
[13.769328] (-) TimerEvent: {}
[13.869839] (-) TimerEvent: {}
[13.970354] (-) TimerEvent: {}
[14.070858] (-) TimerEvent: {}
[14.171341] (-) TimerEvent: {}
[14.271830] (-) TimerEvent: {}
[14.372321] (-) TimerEvent: {}
[14.472832] (-) TimerEvent: {}
[14.573368] (-) TimerEvent: {}
[14.673909] (-) TimerEvent: {}
[14.774417] (-) TimerEvent: {}
[14.874929] (-) TimerEvent: {}
[14.975463] (-) TimerEvent: {}
[15.075975] (-) TimerEvent: {}
[15.176473] (-) TimerEvent: {}
[15.276976] (-) TimerEvent: {}
[15.377505] (-) TimerEvent: {}
[15.478058] (-) TimerEvent: {}
[15.578611] (-) TimerEvent: {}
[15.679123] (-) TimerEvent: {}
[15.779785] (-) TimerEvent: {}
[15.880304] (-) TimerEvent: {}
[15.980808] (-) TimerEvent: {}
[16.081302] (-) TimerEvent: {}
[16.181934] (-) TimerEvent: {}
[16.282482] (-) TimerEvent: {}
[16.382977] (-) TimerEvent: {}
[16.483612] (-) TimerEvent: {}
[16.584206] (-) TimerEvent: {}
[16.684701] (-) TimerEvent: {}
[16.785206] (-) TimerEvent: {}
[16.885836] (-) TimerEvent: {}
[16.986381] (-) TimerEvent: {}
[17.086853] (-) TimerEvent: {}
[17.187377] (-) TimerEvent: {}
[17.287990] (-) TimerEvent: {}
[17.388523] (-) TimerEvent: {}
[17.489024] (-) TimerEvent: {}
[17.589599] (-) TimerEvent: {}
[17.690122] (-) TimerEvent: {}
[17.790641] (-) TimerEvent: {}
[17.891165] (-) TimerEvent: {}
[17.991755] (-) TimerEvent: {}
[18.092325] (-) TimerEvent: {}
[18.192816] (-) TimerEvent: {}
[18.293367] (-) TimerEvent: {}
[18.393919] (-) TimerEvent: {}
[18.494448] (-) TimerEvent: {}
[18.594963] (-) TimerEvent: {}
[18.695503] (-) TimerEvent: {}
[18.796002] (-) TimerEvent: {}
[18.896518] (-) TimerEvent: {}
[18.997029] (-) TimerEvent: {}
[19.097536] (-) TimerEvent: {}
[19.198043] (-) TimerEvent: {}
[19.298549] (-) TimerEvent: {}
[19.399055] (-) TimerEvent: {}
[19.499595] (-) TimerEvent: {}
[19.600112] (-) TimerEvent: {}
[19.700625] (-) TimerEvent: {}
[19.801133] (-) TimerEvent: {}
[19.901646] (-) TimerEvent: {}
[20.002336] (-) TimerEvent: {}
[20.102803] (-) TimerEvent: {}
[20.203331] (-) TimerEvent: {}
[20.303845] (-) TimerEvent: {}
[20.404357] (-) TimerEvent: {}
[20.504876] (-) TimerEvent: {}
[20.605376] (-) TimerEvent: {}
[20.705889] (-) TimerEvent: {}
[20.806412] (-) TimerEvent: {}
[20.906945] (-) TimerEvent: {}
[21.007558] (-) TimerEvent: {}
[21.108109] (-) TimerEvent: {}
[21.208593] (-) TimerEvent: {}
[21.309027] (-) TimerEvent: {}
[21.409612] (-) TimerEvent: {}
[21.510251] (-) TimerEvent: {}
[21.610769] (-) TimerEvent: {}
[21.711321] (-) TimerEvent: {}
[21.811883] (-) TimerEvent: {}
[21.912463] (-) TimerEvent: {}
[22.012979] (-) TimerEvent: {}
[22.113544] (-) TimerEvent: {}
[22.214301] (-) TimerEvent: {}
[22.314807] (-) TimerEvent: {}
[22.415547] (-) TimerEvent: {}
[22.516068] (-) TimerEvent: {}
[22.616569] (-) TimerEvent: {}
[22.717092] (-) TimerEvent: {}
[22.817610] (-) TimerEvent: {}
[22.918114] (-) TimerEvent: {}
[23.018628] (-) TimerEvent: {}
[23.119184] (-) TimerEvent: {}
[23.219638] (-) TimerEvent: {}
[23.320141] (-) TimerEvent: {}
[23.420604] (-) TimerEvent: {}
[23.521100] (-) TimerEvent: {}
[23.621552] (-) TimerEvent: {}
[23.722052] (-) TimerEvent: {}
[23.822535] (-) TimerEvent: {}
[23.923025] (-) TimerEvent: {}
[24.023563] (-) TimerEvent: {}
[24.124046] (-) TimerEvent: {}
[24.224510] (-) TimerEvent: {}
[24.324967] (-) TimerEvent: {}
[24.425447] (-) TimerEvent: {}
[24.525914] (-) TimerEvent: {}
[24.626398] (-) TimerEvent: {}
[24.726875] (-) TimerEvent: {}
[24.827344] (-) TimerEvent: {}
[24.927836] (-) TimerEvent: {}
[25.028325] (-) TimerEvent: {}
[25.128874] (-) TimerEvent: {}
[25.229377] (-) TimerEvent: {}
[25.329872] (-) TimerEvent: {}
[25.430368] (-) TimerEvent: {}
[25.530872] (-) TimerEvent: {}
[25.631421] (-) TimerEvent: {}
[25.731941] (-) TimerEvent: {}
[25.832454] (-) TimerEvent: {}
[25.932955] (-) TimerEvent: {}
[26.033455] (-) TimerEvent: {}
[26.133980] (-) TimerEvent: {}
[26.234482] (-) TimerEvent: {}
[26.335009] (-) TimerEvent: {}
[26.435574] (-) TimerEvent: {}
[26.536102] (-) TimerEvent: {}
[26.636723] (-) TimerEvent: {}
[26.737236] (-) TimerEvent: {}
[26.837755] (-) TimerEvent: {}
[26.938270] (-) TimerEvent: {}
[27.038769] (-) TimerEvent: {}
[27.139381] (-) TimerEvent: {}
[27.239938] (-) TimerEvent: {}
[27.340438] (-) TimerEvent: {}
[27.440924] (-) TimerEvent: {}
[27.541431] (-) TimerEvent: {}
[27.642033] (-) TimerEvent: {}
[27.742624] (-) TimerEvent: {}
[27.843184] (-) TimerEvent: {}
[27.943671] (-) TimerEvent: {}
[28.044197] (-) TimerEvent: {}
[28.144706] (-) TimerEvent: {}
[28.245194] (-) TimerEvent: {}
[28.345698] (-) TimerEvent: {}
[28.446233] (-) TimerEvent: {}
[28.546768] (-) TimerEvent: {}
[28.647316] (-) TimerEvent: {}
[28.747810] (-) TimerEvent: {}
[28.848302] (-) TimerEvent: {}
[28.948794] (-) TimerEvent: {}
[29.049308] (-) TimerEvent: {}
[29.149887] (-) TimerEvent: {}
[29.250407] (-) TimerEvent: {}
[29.350916] (-) TimerEvent: {}
[29.451430] (-) TimerEvent: {}
[29.552288] (-) TimerEvent: {}
[29.653639] (-) TimerEvent: {}
[29.754148] (-) TimerEvent: {}
[29.854647] (-) TimerEvent: {}
[29.955190] (-) TimerEvent: {}
[30.055700] (-) TimerEvent: {}
[30.156206] (-) TimerEvent: {}
[30.256714] (-) TimerEvent: {}
[30.357227] (-) TimerEvent: {}
[30.457721] (-) TimerEvent: {}
[30.558244] (-) TimerEvent: {}
[30.658754] (-) TimerEvent: {}
[30.759283] (-) TimerEvent: {}
[30.859892] (-) TimerEvent: {}
[30.960438] (-) TimerEvent: {}
[31.060944] (-) TimerEvent: {}
[31.161457] (-) TimerEvent: {}
[31.262155] (-) TimerEvent: {}
[31.362684] (-) TimerEvent: {}
[31.463204] (-) TimerEvent: {}
[31.563702] (-) TimerEvent: {}
[31.664212] (-) TimerEvent: {}
[31.764728] (-) TimerEvent: {}
[31.865232] (-) TimerEvent: {}
[31.965737] (-) TimerEvent: {}
[32.066331] (-) TimerEvent: {}
[32.166812] (-) TimerEvent: {}
[32.267296] (-) TimerEvent: {}
[32.367865] (-) TimerEvent: {}
[32.468374] (-) TimerEvent: {}
[32.568872] (-) TimerEvent: {}
[32.669424] (-) TimerEvent: {}
[32.770027] (-) TimerEvent: {}
[32.870549] (-) TimerEvent: {}
[32.971058] (-) TimerEvent: {}
[33.071588] (-) TimerEvent: {}
[33.172093] (-) TimerEvent: {}
[33.272590] (-) TimerEvent: {}
[33.373109] (-) TimerEvent: {}
[33.473678] (-) TimerEvent: {}
[33.574219] (-) TimerEvent: {}
[33.674720] (-) TimerEvent: {}
[33.775270] (-) TimerEvent: {}
[33.875788] (-) TimerEvent: {}
[33.976310] (-) TimerEvent: {}
[34.076895] (-) TimerEvent: {}
[34.177400] (-) TimerEvent: {}
[34.277905] (-) TimerEvent: {}
[34.378401] (-) TimerEvent: {}
[34.478889] (-) TimerEvent: {}
[34.579424] (-) TimerEvent: {}
[34.679923] (-) TimerEvent: {}
[34.780418] (-) TimerEvent: {}
[34.880914] (-) TimerEvent: {}
[34.981485] (-) TimerEvent: {}
[35.082056] (-) TimerEvent: {}
[35.182579] (-) TimerEvent: {}
[35.283075] (-) TimerEvent: {}
[35.383590] (-) TimerEvent: {}
[35.484098] (-) TimerEvent: {}
[35.584689] (-) TimerEvent: {}
[35.685198] (-) TimerEvent: {}
[35.785735] (-) TimerEvent: {}
[35.886234] (-) TimerEvent: {}
[35.986764] (-) TimerEvent: {}
[36.087302] (-) TimerEvent: {}
[36.187860] (-) TimerEvent: {}
[36.288356] (-) TimerEvent: {}
[36.388849] (-) TimerEvent: {}
[36.489328] (-) TimerEvent: {}
[36.589795] (-) TimerEvent: {}
[36.690295] (-) TimerEvent: {}
[36.790786] (-) TimerEvent: {}
[36.891311] (-) TimerEvent: {}
[36.991847] (-) TimerEvent: {}
[37.092327] (-) TimerEvent: {}
[37.192823] (-) TimerEvent: {}
[37.293319] (-) TimerEvent: {}
[37.393826] (-) TimerEvent: {}
[37.494303] (-) TimerEvent: {}
[37.594817] (-) TimerEvent: {}
[37.695365] (-) TimerEvent: {}
[37.795924] (-) TimerEvent: {}
[37.896457] (-) TimerEvent: {}
[37.996956] (-) TimerEvent: {}
[38.097469] (-) TimerEvent: {}
[38.197988] (-) TimerEvent: {}
[38.298573] (-) TimerEvent: {}
[38.399110] (-) TimerEvent: {}
[38.499646] (-) TimerEvent: {}
[38.600129] (-) TimerEvent: {}
[38.700645] (-) TimerEvent: {}
[38.801154] (-) TimerEvent: {}
[38.901674] (-) TimerEvent: {}
[39.002187] (-) TimerEvent: {}
[39.102706] (-) TimerEvent: {}
[39.203241] (-) TimerEvent: {}
[39.303760] (-) TimerEvent: {}
[39.404250] (-) TimerEvent: {}
[39.504769] (-) TimerEvent: {}
[39.605280] (-) TimerEvent: {}
[39.705809] (-) TimerEvent: {}
[39.806341] (-) TimerEvent: {}
[39.906870] (-) TimerEvent: {}
[40.007430] (-) TimerEvent: {}
[40.107962] (-) TimerEvent: {}
[40.208488] (-) TimerEvent: {}
[40.308988] (-) TimerEvent: {}
[40.409494] (-) TimerEvent: {}
[40.510067] (-) TimerEvent: {}
[40.610637] (-) TimerEvent: {}
[40.711118] (-) TimerEvent: {}
[40.811662] (-) TimerEvent: {}
[40.912218] (-) TimerEvent: {}
[41.012668] (-) TimerEvent: {}
[41.113096] (-) TimerEvent: {}
[41.213554] (-) TimerEvent: {}
[41.314032] (-) TimerEvent: {}
[41.414527] (-) TimerEvent: {}
[41.515022] (-) TimerEvent: {}
[41.615565] (-) TimerEvent: {}
[41.716083] (-) TimerEvent: {}
[41.816572] (-) TimerEvent: {}
[41.917082] (-) TimerEvent: {}
[42.017599] (-) TimerEvent: {}
[42.118110] (-) TimerEvent: {}
[42.218602] (-) TimerEvent: {}
[42.319177] (-) TimerEvent: {}
[42.419665] (-) TimerEvent: {}
[42.520144] (-) TimerEvent: {}
[42.620617] (-) TimerEvent: {}
[42.721064] (-) TimerEvent: {}
[42.821509] (-) TimerEvent: {}
[42.921994] (-) TimerEvent: {}
[43.022483] (-) TimerEvent: {}
[43.122965] (-) TimerEvent: {}
[43.223510] (-) TimerEvent: {}
[43.323993] (-) TimerEvent: {}
[43.424479] (-) TimerEvent: {}
[43.524966] (-) TimerEvent: {}
[43.625454] (-) TimerEvent: {}
[43.726070] (-) TimerEvent: {}
[43.826647] (-) TimerEvent: {}
[43.927182] (-) TimerEvent: {}
[44.027730] (-) TimerEvent: {}
[44.128204] (-) TimerEvent: {}
[44.228700] (-) TimerEvent: {}
[44.329193] (-) TimerEvent: {}
[44.429683] (-) TimerEvent: {}
[44.530185] (-) TimerEvent: {}
[44.630697] (-) TimerEvent: {}
[44.731234] (-) TimerEvent: {}
[44.831737] (-) TimerEvent: {}
[44.932246] (-) TimerEvent: {}
[45.032722] (-) TimerEvent: {}
[45.133181] (-) TimerEvent: {}
[45.233676] (-) TimerEvent: {}
[45.334194] (-) TimerEvent: {}
[45.434693] (-) TimerEvent: {}
[45.535230] (-) TimerEvent: {}
[45.635743] (-) TimerEvent: {}
[45.736254] (-) TimerEvent: {}
[45.836754] (-) TimerEvent: {}
[45.937250] (-) TimerEvent: {}
[46.037740] (-) TimerEvent: {}
[46.138234] (-) TimerEvent: {}
[46.238734] (-) TimerEvent: {}
[46.339248] (-) TimerEvent: {}
[46.439750] (-) TimerEvent: {}
[46.540257] (-) TimerEvent: {}
[46.640742] (-) TimerEvent: {}
[46.741225] (-) TimerEvent: {}
[46.841707] (-) TimerEvent: {}
[46.942212] (-) TimerEvent: {}
[47.042717] (-) TimerEvent: {}
[47.143213] (-) TimerEvent: {}
[47.243726] (-) TimerEvent: {}
[47.344286] (-) TimerEvent: {}
[47.444776] (-) TimerEvent: {}
[47.545301] (-) TimerEvent: {}
[47.645794] (-) TimerEvent: {}
[47.746349] (-) TimerEvent: {}
[47.846861] (-) TimerEvent: {}
[47.947347] (-) TimerEvent: {}
[48.047891] (-) TimerEvent: {}
[48.148410] (-) TimerEvent: {}
[48.248856] (-) TimerEvent: {}
[48.349367] (-) TimerEvent: {}
[48.449989] (-) TimerEvent: {}
[48.550532] (-) TimerEvent: {}
[48.651333] (-) TimerEvent: {}
[48.751866] (-) TimerEvent: {}
[48.852372] (-) TimerEvent: {}
[48.952878] (-) TimerEvent: {}
[49.053793] (-) TimerEvent: {}
[49.154327] (-) TimerEvent: {}
[49.254914] (-) TimerEvent: {}
[49.355513] (-) TimerEvent: {}
[49.456092] (-) TimerEvent: {}
[49.556640] (-) TimerEvent: {}
[49.657228] (-) TimerEvent: {}
[49.757775] (-) TimerEvent: {}
[49.858317] (-) TimerEvent: {}
[49.958888] (-) TimerEvent: {}
[50.059462] (-) TimerEvent: {}
[50.160002] (-) TimerEvent: {}
[50.260566] (-) TimerEvent: {}
[50.361065] (-) TimerEvent: {}
[50.461575] (-) TimerEvent: {}
[50.562077] (-) TimerEvent: {}
[50.662850] (-) TimerEvent: {}
[50.763344] (-) TimerEvent: {}
[50.863907] (-) TimerEvent: {}
[50.964488] (-) TimerEvent: {}
[51.065001] (-) TimerEvent: {}
[51.165514] (-) TimerEvent: {}
[51.266036] (-) TimerEvent: {}
[51.366530] (-) TimerEvent: {}
[51.467044] (-) TimerEvent: {}
[51.567590] (-) TimerEvent: {}
[51.668136] (-) TimerEvent: {}
[51.768649] (-) TimerEvent: {}
[51.869139] (-) TimerEvent: {}
[51.969637] (-) TimerEvent: {}
[52.070139] (-) TimerEvent: {}
[52.170635] (-) TimerEvent: {}
[52.271186] (-) TimerEvent: {}
[52.371708] (-) TimerEvent: {}
[52.472222] (-) TimerEvent: {}
[52.572733] (-) TimerEvent: {}
[52.673233] (-) TimerEvent: {}
[52.773747] (-) TimerEvent: {}
[52.874246] (-) TimerEvent: {}
[52.974765] (-) TimerEvent: {}
[53.075276] (-) TimerEvent: {}
[53.175768] (-) TimerEvent: {}
[53.276261] (-) TimerEvent: {}
[53.376731] (-) TimerEvent: {}
[53.477224] (-) TimerEvent: {}
[53.577727] (-) TimerEvent: {}
[53.678227] (-) TimerEvent: {}
[53.778721] (-) TimerEvent: {}
[53.879235] (-) TimerEvent: {}
[53.979727] (-) TimerEvent: {}
[54.080227] (-) TimerEvent: {}
[54.180733] (-) TimerEvent: {}
[54.281234] (-) TimerEvent: {}
[54.381736] (-) TimerEvent: {}
[54.482229] (-) TimerEvent: {}
[54.582734] (-) TimerEvent: {}
[54.683246] (-) TimerEvent: {}
[54.783754] (-) TimerEvent: {}
[54.884250] (-) TimerEvent: {}
[54.984750] (-) TimerEvent: {}
[55.085226] (-) TimerEvent: {}
[55.185719] (-) TimerEvent: {}
[55.286220] (-) TimerEvent: {}
[55.386731] (-) TimerEvent: {}
[55.487260] (-) TimerEvent: {}
[55.587756] (-) TimerEvent: {}
[55.688252] (-) TimerEvent: {}
[55.788752] (-) TimerEvent: {}
[55.889248] (-) TimerEvent: {}
[55.989766] (-) TimerEvent: {}
[56.090266] (-) TimerEvent: {}
[56.190793] (-) TimerEvent: {}
[56.291330] (-) TimerEvent: {}
[56.391841] (-) TimerEvent: {}
[56.492328] (-) TimerEvent: {}
[56.592869] (-) TimerEvent: {}
[56.693361] (-) TimerEvent: {}
[56.793963] (-) TimerEvent: {}
[56.894463] (-) TimerEvent: {}
[56.994969] (-) TimerEvent: {}
[57.095576] (-) TimerEvent: {}
[57.196034] (-) TimerEvent: {}
[57.296513] (-) TimerEvent: {}
[57.396944] (-) TimerEvent: {}
[57.497415] (-) TimerEvent: {}
[57.597919] (-) TimerEvent: {}
[57.698411] (-) TimerEvent: {}
[57.798908] (-) TimerEvent: {}
[57.899443] (-) TimerEvent: {}
[57.999941] (-) TimerEvent: {}
[58.100433] (-) TimerEvent: {}
[58.200946] (-) TimerEvent: {}
[58.301373] (-) TimerEvent: {}
[58.401840] (-) TimerEvent: {}
[58.502338] (-) TimerEvent: {}
[58.602851] (-) TimerEvent: {}
[58.703340] (-) TimerEvent: {}
[58.803843] (-) TimerEvent: {}
[58.904340] (-) TimerEvent: {}
[59.004841] (-) TimerEvent: {}
[59.105340] (-) TimerEvent: {}
[59.205861] (-) TimerEvent: {}
[59.306395] (-) TimerEvent: {}
[59.406905] (-) TimerEvent: {}
[59.507723] (-) TimerEvent: {}
[59.608224] (-) TimerEvent: {}
[59.708734] (-) TimerEvent: {}
[59.809232] (-) TimerEvent: {}
[59.909732] (-) TimerEvent: {}
[60.010247] (-) TimerEvent: {}
[60.110779] (-) TimerEvent: {}
[60.211274] (-) TimerEvent: {}
[60.311771] (-) TimerEvent: {}
[60.412267] (-) TimerEvent: {}
[60.512745] (-) TimerEvent: {}
[60.613235] (-) TimerEvent: {}
[60.713779] (-) TimerEvent: {}
[60.814250] (-) TimerEvent: {}
[60.914822] (-) TimerEvent: {}
[61.015324] (-) TimerEvent: {}
[61.115898] (-) TimerEvent: {}
[61.216459] (-) TimerEvent: {}
[61.317089] (-) TimerEvent: {}
[61.417578] (-) TimerEvent: {}
[61.518086] (-) TimerEvent: {}
[61.618580] (-) TimerEvent: {}
[61.719063] (-) TimerEvent: {}
[61.819565] (-) TimerEvent: {}
[61.920030] (-) TimerEvent: {}
[62.020483] (-) TimerEvent: {}
[62.120934] (-) TimerEvent: {}
[62.221416] (-) TimerEvent: {}
[62.321907] (-) TimerEvent: {}
[62.422397] (-) TimerEvent: {}
[62.522880] (-) TimerEvent: {}
[62.623394] (-) TimerEvent: {}
[62.723890] (-) TimerEvent: {}
[62.824362] (-) TimerEvent: {}
[62.924855] (-) TimerEvent: {}
[63.025370] (-) TimerEvent: {}
[63.125960] (-) TimerEvent: {}
[63.226495] (-) TimerEvent: {}
[63.327001] (-) TimerEvent: {}
[63.427507] (-) TimerEvent: {}
[63.527985] (-) TimerEvent: {}
[63.628463] (-) TimerEvent: {}
[63.728965] (-) TimerEvent: {}
[63.829454] (-) TimerEvent: {}
[63.930004] (-) TimerEvent: {}
[64.030567] (-) TimerEvent: {}
[64.131103] (-) TimerEvent: {}
[64.231623] (-) TimerEvent: {}
[64.332261] (-) TimerEvent: {}
[64.432802] (-) TimerEvent: {}
[64.533292] (-) TimerEvent: {}
[64.633833] (-) TimerEvent: {}
[64.734369] (-) TimerEvent: {}
[64.834847] (-) TimerEvent: {}
[64.935320] (-) TimerEvent: {}
[65.035777] (-) TimerEvent: {}
[65.136272] (-) TimerEvent: {}
[65.236824] (-) TimerEvent: {}
[65.337345] (-) TimerEvent: {}
[65.437831] (-) TimerEvent: {}
[65.538333] (-) TimerEvent: {}
[65.638848] (-) TimerEvent: {}
[65.739347] (-) TimerEvent: {}
[65.839842] (-) TimerEvent: {}
[65.940342] (-) TimerEvent: {}
[66.040849] (-) TimerEvent: {}
[66.141350] (-) TimerEvent: {}
[66.241856] (-) TimerEvent: {}
[66.342354] (-) TimerEvent: {}
[66.442847] (-) TimerEvent: {}
[66.543353] (-) TimerEvent: {}
[66.643871] (-) TimerEvent: {}
[66.744329] (-) TimerEvent: {}
[66.844779] (-) TimerEvent: {}
[66.945248] (-) TimerEvent: {}
[67.045777] (-) TimerEvent: {}
[67.146324] (-) TimerEvent: {}
[67.246822] (-) TimerEvent: {}
[67.347332] (-) TimerEvent: {}
[67.447852] (-) TimerEvent: {}
[67.548340] (-) TimerEvent: {}
[67.648817] (-) TimerEvent: {}
[67.749391] (-) TimerEvent: {}
[67.850082] (-) TimerEvent: {}
[67.950662] (-) TimerEvent: {}
[68.051201] (-) TimerEvent: {}
[68.151701] (-) TimerEvent: {}
[68.252277] (-) TimerEvent: {}
[68.352913] (-) TimerEvent: {}
[68.453416] (-) TimerEvent: {}
[68.553902] (-) TimerEvent: {}
[68.654409] (-) TimerEvent: {}
[68.754989] (-) TimerEvent: {}
[68.855512] (-) TimerEvent: {}
[68.955992] (-) TimerEvent: {}
[69.056475] (-) TimerEvent: {}
[69.157079] (-) TimerEvent: {}
[69.257604] (-) TimerEvent: {}
[69.358205] (-) TimerEvent: {}
[69.458777] (-) TimerEvent: {}
[69.559361] (-) TimerEvent: {}
[69.659925] (-) TimerEvent: {}
[69.760420] (-) TimerEvent: {}
[69.860930] (-) TimerEvent: {}
[69.961437] (-) TimerEvent: {}
[70.061994] (-) TimerEvent: {}
[70.162583] (-) TimerEvent: {}
[70.263174] (-) TimerEvent: {}
[70.363638] (-) TimerEvent: {}
[70.464142] (-) TimerEvent: {}
[70.564646] (-) TimerEvent: {}
[70.665156] (-) TimerEvent: {}
[70.765645] (-) TimerEvent: {}
[70.866220] (-) TimerEvent: {}
[70.966684] (-) TimerEvent: {}
[71.067210] (-) TimerEvent: {}
[71.167697] (-) TimerEvent: {}
[71.268190] (-) TimerEvent: {}
[71.368684] (-) TimerEvent: {}
[71.469154] (-) TimerEvent: {}
[71.570169] (-) TimerEvent: {}
[71.670703] (-) TimerEvent: {}
[71.771222] (-) TimerEvent: {}
[71.871726] (-) TimerEvent: {}
[71.972234] (-) TimerEvent: {}
[72.072740] (-) TimerEvent: {}
[72.173252] (-) TimerEvent: {}
[72.273763] (-) TimerEvent: {}
[72.374272] (-) TimerEvent: {}
[72.474783] (-) TimerEvent: {}
[72.575322] (-) TimerEvent: {}
[72.675836] (-) TimerEvent: {}
[72.776337] (-) TimerEvent: {}
[72.876828] (-) TimerEvent: {}
[72.977332] (-) TimerEvent: {}
[73.077832] (-) TimerEvent: {}
[73.178337] (-) TimerEvent: {}
[73.278816] (-) TimerEvent: {}
[73.379296] (-) TimerEvent: {}
[73.479782] (-) TimerEvent: {}
[73.580283] (-) TimerEvent: {}
[73.680795] (-) TimerEvent: {}
[73.781290] (-) TimerEvent: {}
[73.881805] (-) TimerEvent: {}
[73.982306] (-) TimerEvent: {}
[74.082793] (-) TimerEvent: {}
[74.183325] (-) TimerEvent: {}
[74.283806] (-) TimerEvent: {}
[74.384273] (-) TimerEvent: {}
[74.484767] (-) TimerEvent: {}
[74.585277] (-) TimerEvent: {}
[74.685785] (-) TimerEvent: {}
[74.786290] (-) TimerEvent: {}
[74.886776] (-) TimerEvent: {}
[74.987300] (-) TimerEvent: {}
[75.087778] (-) TimerEvent: {}
[75.188272] (-) TimerEvent: {}
[75.288788] (-) TimerEvent: {}
[75.389260] (-) TimerEvent: {}
[75.489731] (-) TimerEvent: {}
[75.590225] (-) TimerEvent: {}
[75.690713] (-) TimerEvent: {}
[75.791246] (-) TimerEvent: {}
[75.891744] (-) TimerEvent: {}
[75.992255] (-) TimerEvent: {}
[76.092764] (-) TimerEvent: {}
[76.193247] (-) TimerEvent: {}
[76.293738] (-) TimerEvent: {}
[76.394224] (-) TimerEvent: {}
[76.494719] (-) TimerEvent: {}
[76.595264] (-) TimerEvent: {}
[76.695748] (-) TimerEvent: {}
[76.796255] (-) TimerEvent: {}
[76.896756] (-) TimerEvent: {}
[76.997273] (-) TimerEvent: {}
[77.097780] (-) TimerEvent: {}
[77.198278] (-) TimerEvent: {}
[77.298805] (-) TimerEvent: {}
[77.399344] (-) TimerEvent: {}
[77.499844] (-) TimerEvent: {}
[77.600353] (-) TimerEvent: {}
[77.700839] (-) TimerEvent: {}
[77.801324] (-) TimerEvent: {}
[77.901814] (-) TimerEvent: {}
[78.002325] (-) TimerEvent: {}
[78.102850] (-) TimerEvent: {}
[78.203435] (-) TimerEvent: {}
[78.303946] (-) TimerEvent: {}
[78.404445] (-) TimerEvent: {}
[78.504974] (-) TimerEvent: {}
[78.605474] (-) TimerEvent: {}
[78.705954] (-) TimerEvent: {}
[78.806464] (-) TimerEvent: {}
[78.906967] (-) TimerEvent: {}
[79.007509] (-) TimerEvent: {}
[79.108022] (-) TimerEvent: {}
[79.208513] (-) TimerEvent: {}
[79.309001] (-) TimerEvent: {}
[79.409483] (-) TimerEvent: {}
[79.509998] (-) TimerEvent: {}
[79.610513] (-) TimerEvent: {}
[79.711017] (-) TimerEvent: {}
[79.811559] (-) TimerEvent: {}
[79.912070] (-) TimerEvent: {}
[80.012601] (-) TimerEvent: {}
[80.113145] (-) TimerEvent: {}
[80.213647] (-) TimerEvent: {}
[80.314153] (-) TimerEvent: {}
[80.414647] (-) TimerEvent: {}
[80.515184] (-) TimerEvent: {}
[80.615693] (-) TimerEvent: {}
[80.716216] (-) TimerEvent: {}
[80.816723] (-) TimerEvent: {}
[80.917222] (-) TimerEvent: {}
[81.017742] (-) TimerEvent: {}
[81.118248] (-) TimerEvent: {}
[81.218762] (-) TimerEvent: {}
[81.319275] (-) TimerEvent: {}
[81.419738] (-) TimerEvent: {}
[81.520216] (-) TimerEvent: {}
[81.620694] (-) TimerEvent: {}
[81.721170] (-) TimerEvent: {}
[81.821646] (-) TimerEvent: {}
[81.922137] (-) TimerEvent: {}
[82.022638] (-) TimerEvent: {}
[82.123707] (-) TimerEvent: {}
[82.224168] (-) TimerEvent: {}
[82.324654] (-) TimerEvent: {}
[82.425157] (-) TimerEvent: {}
[82.525649] (-) TimerEvent: {}
[82.626243] (-) TimerEvent: {}
[82.726707] (-) TimerEvent: {}
[82.827195] (-) TimerEvent: {}
[82.927668] (-) TimerEvent: {}
[83.028236] (-) TimerEvent: {}
[83.128745] (-) TimerEvent: {}
[83.229229] (-) TimerEvent: {}
[83.329713] (-) TimerEvent: {}
[83.430216] (-) TimerEvent: {}
[83.530725] (-) TimerEvent: {}
[83.631272] (-) TimerEvent: {}
[83.731785] (-) TimerEvent: {}
[83.832300] (-) TimerEvent: {}
[83.932830] (-) TimerEvent: {}
[84.033324] (-) TimerEvent: {}
[84.133808] (-) TimerEvent: {}
[84.234286] (-) TimerEvent: {}
[84.334762] (-) TimerEvent: {}
[84.435294] (-) TimerEvent: {}
[84.535874] (-) TimerEvent: {}
[84.636442] (-) TimerEvent: {}
[84.736952] (-) TimerEvent: {}
[84.837458] (-) TimerEvent: {}
[84.938019] (-) TimerEvent: {}
[85.038556] (-) TimerEvent: {}
[85.139037] (-) TimerEvent: {}
[85.239538] (-) TimerEvent: {}
[85.339965] (-) TimerEvent: {}
[85.440404] (-) TimerEvent: {}
[85.540859] (-) TimerEvent: {}
[85.641667] (-) TimerEvent: {}
[85.742243] (-) TimerEvent: {}
[85.842926] (-) TimerEvent: {}
[85.943462] (-) TimerEvent: {}
[86.043982] (-) TimerEvent: {}
[86.144472] (-) TimerEvent: {}
[86.244984] (-) TimerEvent: {}
[86.345510] (-) TimerEvent: {}
[86.382399] (pcd_ndt_localization) StdoutLine: {'line': b'[100%] Linking CXX executable pcd_ndt_localizer\n'}
[86.445689] (-) TimerEvent: {}
[86.546154] (-) TimerEvent: {}
[86.646679] (-) TimerEvent: {}
[86.747206] (-) TimerEvent: {}
[86.847750] (-) TimerEvent: {}
[86.948385] (-) TimerEvent: {}
[87.048910] (-) TimerEvent: {}
[87.149414] (-) TimerEvent: {}
[87.249922] (-) TimerEvent: {}
[87.350399] (-) TimerEvent: {}
[87.450902] (-) TimerEvent: {}
[87.551436] (-) TimerEvent: {}
[87.651948] (-) TimerEvent: {}
[87.752658] (-) TimerEvent: {}
[87.853209] (-) TimerEvent: {}
[87.953709] (-) TimerEvent: {}
[88.054354] (-) TimerEvent: {}
[88.154941] (-) TimerEvent: {}
[88.255470] (-) TimerEvent: {}
[88.355974] (-) TimerEvent: {}
[88.456484] (-) TimerEvent: {}
[88.557055] (-) TimerEvent: {}
[88.657561] (-) TimerEvent: {}
[88.758138] (-) TimerEvent: {}
[88.858642] (-) TimerEvent: {}
[88.959162] (-) TimerEvent: {}
[88.997380] (pcd_ndt_localization) StdoutLine: {'line': b'[100%] Built target pcd_ndt_localizer\n'}
[89.007597] (pcd_ndt_localization) CommandEnded: {'returncode': 0}
[89.010601] (pcd_ndt_localization) JobProgress: {'identifier': 'pcd_ndt_localization', 'progress': 'install'}
[89.017374] (pcd_ndt_localization) Command: {'cmd': ['/usr/local/bin/cmake', '--install', '/home/seeed/ros2/ws/build/pcd_ndt_localization'], 'cwd': '/home/seeed/ros2/ws/build/pcd_ndt_localization', 'env': OrderedDict([('LANGUAGE', 'zh_CN:en'), ('USER', 'seeed'), ('SSH_CLIENT', '10.200.24.83 46145 22'), ('LC_TIME', 'zh_CN.UTF-8'), ('ROS_PACKAGE_PATH', '/home/seeed/ros2/ws/install/vikit_common/share:/home/seeed/ros2/ws/install/ugv_sdk/share'), ('XDG_SESSION_TYPE', 'tty'), ('SHLVL', '0'), ('LD_LIBRARY_PATH', '/home/seeed/ros2/ws/install/vikit_ros/lib:/home/seeed/ros2/ws/install/vikit_common/lib:/home/seeed/ros2/ws/install/ranger_msgs/lib:/home/seeed/ros2/ws/install/fast_lio/lib:/home/seeed/ros2/ws/install/livox_ros_driver2/lib:/opt/ros/humble/opt/rviz_ogre_vendor/lib:/opt/ros/humble/lib/aarch64-linux-gnu:/opt/ros/humble/lib'), ('MOTD_SHOWN', 'pam'), ('HOME', '/home/seeed'), ('OLDPWD', '/home/seeed'), ('ROS_PYTHON_VERSION', '3'), ('LC_MONETARY', 'zh_CN.UTF-8'), ('ROS_IP', '10.200.54.207'), ('LC_CTYPE', 'C.UTF-8'), ('DBUS_SESSION_BUS_ADDRESS', 'unix:path=/run/user/1000/bus'), ('COLCON_PREFIX_PATH', '/home/seeed/ros2/ws/install'), ('ROS_DISTRO', 'humble'), ('LOGNAME', 'seeed'), ('_', '/usr/bin/colcon'), ('ROS_VERSION', '2'), ('PKG_CONFIG_PATH', '/home/seeed/ros2/ws/install/vikit_common/lib/aarch64-linux-gnu/pkgconfig:/home/seeed/ros2/ws/install/vikit_common/lib/pkgconfig:/home/seeed/ros2/ws/install/ugv_sdk/lib/aarch64-linux-gnu/pkgconfig:/home/seeed/ros2/ws/install/ugv_sdk/lib/pkgconfig'), ('XDG_SESSION_CLASS', 'user'), ('XDG_SESSION_ID', '70'), ('ROS_LOCALHOST_ONLY', '0'), ('PATH', '/opt/ros/humble/bin:/usr/local/sbin:/usr/local/bin:/usr/sbin:/usr/bin:/sbin:/bin:/usr/games:/usr/local/games:/snap/bin'), ('FASTRTPS_DEFAULT_PROFILES_FILE', '/home/seeed/ros2/fastrtps_profile.xml'), ('PAPERSIZE', 'a4'), ('LC_ADDRESS', 'zh_CN.UTF-8'), ('XDG_RUNTIME_DIR', '/run/user/1000'), ('DISPLAY', 'localhost:14.0'), ('LANG', 'zh_CN.UTF-8'), ('LC_TELEPHONE', 'zh_CN.UTF-8'), ('RMW_IMPLEMENTATION', 'rmw_fastrtps_cpp'), ('ROS_DOMAIN_ID', '0'), ('AMENT_PREFIX_PATH', '/home/seeed/ros2/ws/install/vikit_ros:/home/seeed/ros2/ws/install/ranger_base:/home/seeed/ros2/ws/install/ranger_msgs:/home/seeed/ros2/ws/install/ranger_bringup:/home/seeed/ros2/ws/install/pcd_ndt_localization:/home/seeed/ros2/ws/install/fast_lio:/home/seeed/ros2/ws/install/livox_ros_driver2:/opt/ros/humble'), ('SHELL', '/bin/bash'), ('LC_NAME', 'zh_CN.UTF-8'), ('LC_MEASUREMENT', 'zh_CN.UTF-8'), ('LC_IDENTIFICATION', 'zh_CN.UTF-8'), ('PWD', '/home/seeed/ros2/ws/build/pcd_ndt_localization'), ('LC_ALL', 'en_US.UTF-8'), ('SSH_CONNECTION', '10.200.24.83 46145 10.200.54.207 22'), ('XDG_DATA_DIRS', '/usr/share/gnome:/usr/local/share:/usr/share:/var/lib/snapd/desktop'), ('PYTHONPATH', '/home/seeed/ros2/ws/install/ranger_msgs/local/lib/python3.10/dist-packages:/home/seeed/ros2/ws/install/fast_lio/local/lib/python3.10/dist-packages:/home/seeed/ros2/ws/install/livox_ros_driver2/local/lib/python3.10/dist-packages:/opt/ros/humble/lib/python3.10/site-packages:/opt/ros/humble/local/lib/python3.10/dist-packages'), ('LC_NUMERIC', 'zh_CN.UTF-8'), ('LC_PAPER', 'zh_CN.UTF-8'), ('COLCON', '1'), ('CMAKE_PREFIX_PATH', '/home/seeed/ros2/ws/install/vikit_ros:/opt/ros/humble:/home/seeed/ros2/ws/install/vikit_common:/home/seeed/ros2/ws/install/ranger_base:/home/seeed/ros2/ws/install/ugv_sdk:/home/seeed/ros2/ws/install/ranger_msgs:/home/seeed/ros2/ws/install/ranger_bringup:/home/seeed/ros2/ws/install/pcd_ndt_localization:/home/seeed/ros2/ws/install/fast_lio:/home/seeed/ros2/ws/install/livox_ros_driver2')]), 'shell': False}
[89.023393] (pcd_ndt_localization) StdoutLine: {'line': b'-- Install configuration: "Release"\n'}
[89.024207] (pcd_ndt_localization) StdoutLine: {'line': b'-- Installing: /home/seeed/ros2/ws/install/pcd_ndt_localization/lib/pcd_ndt_localization/pcd_ndt_localizer\n'}
[89.029569] (pcd_ndt_localization) StdoutLine: {'line': b'-- Set runtime path of "/home/seeed/ros2/ws/install/pcd_ndt_localization/lib/pcd_ndt_localization/pcd_ndt_localizer" to ""\n'}
[89.030370] (pcd_ndt_localization) StdoutLine: {'line': b'-- Up-to-date: /home/seeed/ros2/ws/install/pcd_ndt_localization/share/pcd_ndt_localization/config\n'}
[89.031178] (pcd_ndt_localization) StdoutLine: {'line': b'-- Installing: /home/seeed/ros2/ws/install/pcd_ndt_localization/share/pcd_ndt_localization/config/ndt_localization.yaml\n'}
[89.031630] (pcd_ndt_localization) StdoutLine: {'line': b'-- Up-to-date: /home/seeed/ros2/ws/install/pcd_ndt_localization/share/pcd_ndt_localization/launch\n'}
[89.032268] (pcd_ndt_localization) StdoutLine: {'line': b'-- Up-to-date: /home/seeed/ros2/ws/install/pcd_ndt_localization/share/pcd_ndt_localization/launch/localization.launch.py\n'}
[89.032501] (pcd_ndt_localization) StdoutLine: {'line': b'-- Up-to-date: /home/seeed/ros2/ws/install/pcd_ndt_localization/share/ament_index/resource_index/package_run_dependencies/pcd_ndt_localization\n'}
[89.032720] (pcd_ndt_localization) StdoutLine: {'line': b'-- Up-to-date: /home/seeed/ros2/ws/install/pcd_ndt_localization/share/ament_index/resource_index/parent_prefix_path/pcd_ndt_localization\n'}
[89.032916] (pcd_ndt_localization) StdoutLine: {'line': b'-- Up-to-date: /home/seeed/ros2/ws/install/pcd_ndt_localization/share/pcd_ndt_localization/environment/ament_prefix_path.sh\n'}
[89.033068] (pcd_ndt_localization) StdoutLine: {'line': b'-- Up-to-date: /home/seeed/ros2/ws/install/pcd_ndt_localization/share/pcd_ndt_localization/environment/ament_prefix_path.dsv\n'}
[89.033214] (pcd_ndt_localization) StdoutLine: {'line': b'-- Up-to-date: /home/seeed/ros2/ws/install/pcd_ndt_localization/share/pcd_ndt_localization/environment/path.sh\n'}
[89.033392] (pcd_ndt_localization) StdoutLine: {'line': b'-- Up-to-date: /home/seeed/ros2/ws/install/pcd_ndt_localization/share/pcd_ndt_localization/environment/path.dsv\n'}
[89.040024] (pcd_ndt_localization) StdoutLine: {'line': b'-- Up-to-date: /home/seeed/ros2/ws/install/pcd_ndt_localization/share/pcd_ndt_localization/local_setup.bash\n'}
[89.040570] (pcd_ndt_localization) StdoutLine: {'line': b'-- Up-to-date: /home/seeed/ros2/ws/install/pcd_ndt_localization/share/pcd_ndt_localization/local_setup.sh\n'}
[89.041279] (pcd_ndt_localization) StdoutLine: {'line': b'-- Up-to-date: /home/seeed/ros2/ws/install/pcd_ndt_localization/share/pcd_ndt_localization/local_setup.zsh\n'}
[89.042230] (pcd_ndt_localization) StdoutLine: {'line': b'-- Up-to-date: /home/seeed/ros2/ws/install/pcd_ndt_localization/share/pcd_ndt_localization/local_setup.dsv\n'}
[89.043233] (pcd_ndt_localization) StdoutLine: {'line': b'-- Installing: /home/seeed/ros2/ws/install/pcd_ndt_localization/share/pcd_ndt_localization/package.dsv\n'}
[89.043614] (pcd_ndt_localization) StdoutLine: {'line': b'-- Up-to-date: /home/seeed/ros2/ws/install/pcd_ndt_localization/share/ament_index/resource_index/packages/pcd_ndt_localization\n'}
[89.044299] (pcd_ndt_localization) StdoutLine: {'line': b'-- Up-to-date: /home/seeed/ros2/ws/install/pcd_ndt_localization/share/pcd_ndt_localization/cmake/pcd_ndt_localizationConfig.cmake\n'}
[89.045012] (pcd_ndt_localization) StdoutLine: {'line': b'-- Up-to-date: /home/seeed/ros2/ws/install/pcd_ndt_localization/share/pcd_ndt_localization/cmake/pcd_ndt_localizationConfig-version.cmake\n'}
[89.045684] (pcd_ndt_localization) StdoutLine: {'line': b'-- Up-to-date: /home/seeed/ros2/ws/install/pcd_ndt_localization/share/pcd_ndt_localization/package.xml\n'}
[89.046235] (pcd_ndt_localization) CommandEnded: {'returncode': 0}
[89.059382] (-) TimerEvent: {}
[89.095868] (pcd_ndt_localization) JobEnded: {'identifier': 'pcd_ndt_localization', 'rc': 0}
[89.097234] (-) EventReactorShutdown: {}
