-- Found ament_cmake: 1.3.14 (/opt/ros/humble/share/ament_cmake/cmake)
-- Override CMake install command with custom implementation using symlinks instead of copying resources
-- Found geometry_msgs: 4.9.1 (/opt/ros/humble/share/geometry_msgs/cmake)
-- Found rosidl_generator_c: 3.1.8 (/opt/ros/humble/share/rosidl_generator_c/cmake)
-- Found rosidl_adapter: 3.1.8 (/opt/ros/humble/share/rosidl_adapter/cmake)
-- Found rosidl_generator_cpp: 3.1.8 (/opt/ros/humble/share/rosidl_generator_cpp/cmake)
-- Using all available rosidl_typesupport_c: rosidl_typesupport_fastrtps_c;rosidl_typesupport_introspection_c
-- Using all available rosidl_typesupport_cpp: rosidl_typesupport_fastrtps_cpp;rosidl_typesupport_introspection_cpp
-- Found nav_msgs: 4.9.1 (/opt/ros/humble/share/nav_msgs/cmake)
CMake Warning (dev) at /usr/lib/aarch64-linux-gnu/cmake/pcl/PCLConfig.cmake:146 (find_package):
  Policy CMP0144 is not set: find_package uses upper-case <PACKAGENAME>_ROOT
  variables.  Run "cmake --help-policy CMP0144" for policy details.  Use the
  cmake_policy command to set the policy and suppress this warning.

  CMake variable EIGEN_ROOT is set to:

    /usr/include/eigen3

  For compatibility, find_package is ignoring the variable, but code in a
  .cmake module might still use it.
Call Stack (most recent call first):
  /usr/lib/aarch64-linux-gnu/cmake/pcl/PCLConfig.cmake:299 (find_eigen)
  /usr/lib/aarch64-linux-gnu/cmake/pcl/PCLConfig.cmake:543 (find_external_library)
  CMakeLists.txt:12 (find_package)
This warning is for project developers.  Use -Wno-dev to suppress it.

-- Eigen found (include: /usr/include/eigen3, version: 3.4.0)
CMake Warning (dev) at /usr/lib/aarch64-linux-gnu/cmake/pcl/Modules/FindFLANN.cmake:44 (find_package):
  Policy CMP0144 is not set: find_package uses upper-case <PACKAGENAME>_ROOT
  variables.  Run "cmake --help-policy CMP0144" for policy details.  Use the
  cmake_policy command to set the policy and suppress this warning.

  CMake variable FLANN_ROOT is set to:

    /usr

  For compatibility, find_package is ignoring the variable, but code in a
  .cmake module might still use it.
Call Stack (most recent call first):
  /usr/lib/aarch64-linux-gnu/cmake/pcl/PCLConfig.cmake:256 (find_package)
  /usr/lib/aarch64-linux-gnu/cmake/pcl/PCLConfig.cmake:301 (find_flann)
  /usr/lib/aarch64-linux-gnu/cmake/pcl/PCLConfig.cmake:543 (find_external_library)
  CMakeLists.txt:12 (find_package)
This warning is for project developers.  Use -Wno-dev to suppress it.

-- FLANN found (include: /usr/include, lib: /usr/lib/aarch64-linux-gnu/libflann_cpp.so)
-- OpenNI found (version: 1.5.4.0, include: /usr/include/ni, lib: /usr/lib/libOpenNI.so;libusb::libusb)
-- OpenNI2 found (version: 2.2.0.33, include: /usr/include/openni2, lib: /usr/lib/aarch64-linux-gnu/libOpenNI2.so;libusb::libusb)
** WARNING ** io features related to pcap will be disabled
** WARNING ** io features related to png will be disabled
-- Eigen found (include: /usr/include/eigen3, version: 3.4.0)
-- looking for PCL_COMMON
-- looking for PCL_KDTREE
-- looking for PCL_OCTREE
-- looking for PCL_SEARCH
-- looking for PCL_SAMPLE_CONSENSUS
-- looking for PCL_FILTERS
-- looking for PCL_IO
-- looking for PCL_2D
-- looking for PCL_FEATURES
-- looking for PCL_REGISTRATION
-- Found pcl_conversions: 2.4.5 (/opt/ros/humble/share/pcl_conversions/cmake)
-- Found rmw_implementation_cmake: 6.1.2 (/opt/ros/humble/share/rmw_implementation_cmake/cmake)
-- Found rmw_fastrtps_cpp: 6.2.10 (/opt/ros/humble/share/rmw_fastrtps_cpp/cmake)
-- Using RMW implementation 'rmw_fastrtps_cpp' as default
-- Found tf2: 0.25.20 (/opt/ros/humble/share/tf2/cmake)
-- Found tf2_eigen: 0.25.20 (/opt/ros/humble/share/tf2_eigen/cmake)
-- Found visualization_msgs: 4.9.1 (/opt/ros/humble/share/visualization_msgs/cmake)
-- Configuring done (4.3s)
-- Generating done (0.1s)
-- Build files have been written to: /home/seeed/ros2/ws/build/pcd_ndt_localization
[ 25%] Building CXX object CMakeFiles/pcd_occupancy_grid_publisher.dir/src/pcd_occupancy_grid_publisher.cpp.o
[ 50%] Building CXX object CMakeFiles/pcd_ndt_localizer.dir/src/pcd_ndt_localizer.cpp.o
[ 75%] Linking CXX executable pcd_occupancy_grid_publisher
[ 75%] Built target pcd_occupancy_grid_publisher
[100%] Linking CXX executable pcd_ndt_localizer
[100%] Built target pcd_ndt_localizer
-- Install configuration: "Release"
-- Execute custom install script
-- Up-to-date symlink: /home/seeed/ros2/ws/install/pcd_ndt_localization/lib/pcd_ndt_localization/pcd_ndt_localizer
-- Up-to-date symlink: /home/seeed/ros2/ws/install/pcd_ndt_localization/lib/pcd_ndt_localization/pcd_occupancy_grid_publisher
-- Up-to-date symlink: /home/seeed/ros2/ws/install/pcd_ndt_localization/share/pcd_ndt_localization/config/ndt_localization.yaml
-- Up-to-date symlink: /home/seeed/ros2/ws/install/pcd_ndt_localization/share/pcd_ndt_localization/launch/localization.launch.py
-- Up-to-date symlink: /home/seeed/ros2/ws/install/pcd_ndt_localization/share/ament_index/resource_index/package_run_dependencies/pcd_ndt_localization
-- Up-to-date symlink: /home/seeed/ros2/ws/install/pcd_ndt_localization/share/ament_index/resource_index/parent_prefix_path/pcd_ndt_localization
-- Up-to-date symlink: /home/seeed/ros2/ws/install/pcd_ndt_localization/share/pcd_ndt_localization/environment/ament_prefix_path.sh
-- Up-to-date symlink: /home/seeed/ros2/ws/install/pcd_ndt_localization/share/pcd_ndt_localization/environment/ament_prefix_path.dsv
-- Up-to-date symlink: /home/seeed/ros2/ws/install/pcd_ndt_localization/share/pcd_ndt_localization/environment/path.sh
-- Up-to-date symlink: /home/seeed/ros2/ws/install/pcd_ndt_localization/share/pcd_ndt_localization/environment/path.dsv
-- Up-to-date symlink: /home/seeed/ros2/ws/install/pcd_ndt_localization/share/pcd_ndt_localization/local_setup.bash
-- Up-to-date symlink: /home/seeed/ros2/ws/install/pcd_ndt_localization/share/pcd_ndt_localization/local_setup.sh
-- Up-to-date symlink: /home/seeed/ros2/ws/install/pcd_ndt_localization/share/pcd_ndt_localization/local_setup.zsh
-- Up-to-date symlink: /home/seeed/ros2/ws/install/pcd_ndt_localization/share/pcd_ndt_localization/local_setup.dsv
-- Symlinking: /home/seeed/ros2/ws/install/pcd_ndt_localization/share/pcd_ndt_localization/package.dsv
-- Up-to-date symlink: /home/seeed/ros2/ws/install/pcd_ndt_localization/share/ament_index/resource_index/packages/pcd_ndt_localization
-- Up-to-date symlink: /home/seeed/ros2/ws/install/pcd_ndt_localization/share/pcd_ndt_localization/cmake/pcd_ndt_localizationConfig.cmake
-- Up-to-date symlink: /home/seeed/ros2/ws/install/pcd_ndt_localization/share/pcd_ndt_localization/cmake/pcd_ndt_localizationConfig-version.cmake
-- Up-to-date symlink: /home/seeed/ros2/ws/install/pcd_ndt_localization/share/pcd_ndt_localization/package.xml
