[0.000000] (-) TimerEvent: {}
[0.000259] (-) JobUnselected: {'identifier': 'fast_lio'}
[0.000403] (-) JobUnselected: {'identifier': 'livox_ros_driver2'}
[0.000909] (-) JobUnselected: {'identifier': 'pcd_ndt_localization'}
[0.001486] (-) JobUnselected: {'identifier': 'ranger_base'}
[0.001796] (-) JobUnselected: {'identifier': 'ranger_bringup'}
[0.002245] (-) JobUnselected: {'identifier': 'ranger_msgs'}
[0.002471] (-) JobUnselected: {'identifier': 'ugv_sdk'}
[0.002649] (-) JobUnselected: {'identifier': 'vikit_common'}
[0.002739] (-) JobUnselected: {'identifier': 'vikit_ros'}
[0.002823] (nav_tf_bridge) JobQueued: {'identifier': 'nav_tf_bridge', 'dependencies': OrderedDict()}
[0.002950] (nav_tf_bridge) JobStarted: {'identifier': 'nav_tf_bridge'}
[0.024162] (nav_tf_bridge) JobProgress: {'identifier': 'nav_tf_bridge', 'progress': 'cmake'}
[0.025733] (nav_tf_bridge) JobProgress: {'identifier': 'nav_tf_bridge', 'progress': 'build'}
[0.028871] (nav_tf_bridge) Command: {'cmd': ['/usr/local/bin/cmake', '--build', '/home/seeed/ros2/ws/build/nav_tf_bridge', '--', '-j6', '-l6'], 'cwd': '/home/seeed/ros2/ws/build/nav_tf_bridge', 'env': OrderedDict([('LANGUAGE', 'zh_CN:en'), ('USER', 'seeed'), ('SSH_CLIENT', '192.168.1.101 58681 22'), ('LC_TIME', 'zh_CN.UTF-8'), ('ROS_PACKAGE_PATH', '/home/seeed/ros2/ws/install/vikit_common/share:/home/seeed/ros2/ws/install/ugv_sdk/share'), ('XDG_SESSION_TYPE', 'tty'), ('SHLVL', '0'), ('LD_LIBRARY_PATH', '/home/seeed/ros2/ws/install/vikit_ros/lib:/home/seeed/ros2/ws/install/vikit_common/lib:/home/seeed/ros2/ws/install/ranger_msgs/lib:/home/seeed/ros2/ws/install/fast_lio/lib:/home/seeed/ros2/ws/install/livox_ros_driver2/lib:/opt/ros/humble/opt/rviz_ogre_vendor/lib:/opt/ros/humble/lib/aarch64-linux-gnu:/opt/ros/humble/lib'), ('MOTD_SHOWN', 'pam'), ('HOME', '/home/seeed'), ('OLDPWD', '/home/seeed'), ('ROS_PYTHON_VERSION', '3'), ('LC_MONETARY', 'zh_CN.UTF-8'), ('ROS_IP', '192.168.1.104'), ('LC_CTYPE', 'C.UTF-8'), ('DBUS_SESSION_BUS_ADDRESS', 'unix:path=/run/user/1000/bus'), ('COLCON_PREFIX_PATH', '/home/seeed/ros2/ws/install'), ('ROS_DISTRO', 'humble'), ('LOGNAME', 'seeed'), ('ROS_VERSION', '2'), ('PKG_CONFIG_PATH', '/home/seeed/ros2/ws/install/vikit_common/lib/aarch64-linux-gnu/pkgconfig:/home/seeed/ros2/ws/install/vikit_common/lib/pkgconfig:/home/seeed/ros2/ws/install/ugv_sdk/lib/aarch64-linux-gnu/pkgconfig:/home/seeed/ros2/ws/install/ugv_sdk/lib/pkgconfig'), ('XDG_SESSION_CLASS', 'user'), ('XDG_SESSION_ID', '176'), ('ROS_LOCALHOST_ONLY', '0'), ('PATH', '/opt/ros/humble/bin:/usr/local/sbin:/usr/local/bin:/usr/sbin:/usr/bin:/sbin:/bin:/usr/games:/usr/local/games:/snap/bin'), ('FASTRTPS_DEFAULT_PROFILES_FILE', '/home/seeed/ros2/fastrtps_profile.xml'), ('PAPERSIZE', 'a4'), ('LC_ADDRESS', 'zh_CN.UTF-8'), ('XDG_RUNTIME_DIR', '/run/user/1000'), ('LANG', 'zh_CN.UTF-8'), ('LC_TELEPHONE', 'zh_CN.UTF-8'), ('RMW_IMPLEMENTATION', 'rmw_fastrtps_cpp'), ('ROS_DOMAIN_ID', '0'), ('AMENT_PREFIX_PATH', '/home/seeed/ros2/ws/install/vikit_ros:/home/seeed/ros2/ws/install/ranger_base:/home/seeed/ros2/ws/install/ranger_msgs:/home/seeed/ros2/ws/install/ranger_bringup:/home/seeed/ros2/ws/install/pcd_ndt_localization:/home/seeed/ros2/ws/install/nav_tf_bridge:/home/seeed/ros2/ws/install/fast_lio:/home/seeed/ros2/ws/install/livox_ros_driver2:/opt/ros/humble'), ('SHELL', '/bin/bash'), ('LC_NAME', 'zh_CN.UTF-8'), ('LC_MEASUREMENT', 'zh_CN.UTF-8'), ('LC_IDENTIFICATION', 'zh_CN.UTF-8'), ('PWD', '/home/seeed/ros2/ws/build/nav_tf_bridge'), ('LC_ALL', 'en_US.UTF-8'), ('SSH_CONNECTION', '192.168.1.101 58681 192.168.1.104 22'), ('PYTHONPATH', '/home/seeed/ros2/ws/install/ranger_msgs/local/lib/python3.10/dist-packages:/home/seeed/ros2/ws/install/fast_lio/local/lib/python3.10/dist-packages:/home/seeed/ros2/ws/install/livox_ros_driver2/local/lib/python3.10/dist-packages:/opt/ros/humble/lib/python3.10/site-packages:/opt/ros/humble/local/lib/python3.10/dist-packages'), ('LC_NUMERIC', 'zh_CN.UTF-8'), ('LC_PAPER', 'zh_CN.UTF-8'), ('COLCON', '1'), ('CMAKE_PREFIX_PATH', '/home/seeed/ros2/ws/install/vikit_ros:/opt/ros/humble:/home/seeed/ros2/ws/install/vikit_common:/home/seeed/ros2/ws/install/ranger_base:/home/seeed/ros2/ws/install/ugv_sdk:/home/seeed/ros2/ws/install/ranger_msgs:/home/seeed/ros2/ws/install/ranger_bringup:/home/seeed/ros2/ws/install/pcd_ndt_localization:/home/seeed/ros2/ws/install/nav_tf_bridge:/home/seeed/ros2/ws/install/fast_lio:/home/seeed/ros2/ws/install/livox_ros_driver2')]), 'shell': False}
[0.099239] (-) TimerEvent: {}
[0.119586] (nav_tf_bridge) StdoutLine: {'line': b'[ 50%] Building CXX object CMakeFiles/map_odom_tf_bridge.dir/src/map_odom_tf_bridge.cpp.o\n'}
[0.199392] (-) TimerEvent: {}
[0.299774] (-) TimerEvent: {}
[0.400146] (-) TimerEvent: {}
[0.500521] (-) TimerEvent: {}
[0.600901] (-) TimerEvent: {}
[0.701294] (-) TimerEvent: {}
[0.801709] (-) TimerEvent: {}
[0.902137] (-) TimerEvent: {}
[1.002668] (-) TimerEvent: {}
[1.103656] (-) TimerEvent: {}
[1.206472] (-) TimerEvent: {}
[1.307475] (-) TimerEvent: {}
[1.408456] (-) TimerEvent: {}
[1.511606] (-) TimerEvent: {}
[1.612003] (-) TimerEvent: {}
[1.712499] (-) TimerEvent: {}
[1.812983] (-) TimerEvent: {}
[1.913449] (-) TimerEvent: {}
[2.013916] (-) TimerEvent: {}
[2.114474] (-) TimerEvent: {}
[2.214888] (-) TimerEvent: {}
[2.315361] (-) TimerEvent: {}
[2.415795] (-) TimerEvent: {}
[2.516211] (-) TimerEvent: {}
[2.616589] (-) TimerEvent: {}
[2.716970] (-) TimerEvent: {}
[2.817405] (-) TimerEvent: {}
[2.917775] (-) TimerEvent: {}
[3.018150] (-) TimerEvent: {}
[3.118517] (-) TimerEvent: {}
[3.218885] (-) TimerEvent: {}
[3.319293] (-) TimerEvent: {}
[3.419671] (-) TimerEvent: {}
[3.520049] (-) TimerEvent: {}
[3.620711] (-) TimerEvent: {}
[3.721085] (-) TimerEvent: {}
[3.821485] (-) TimerEvent: {}
[3.921858] (-) TimerEvent: {}
[4.022269] (-) TimerEvent: {}
[4.122696] (-) TimerEvent: {}
[4.223080] (-) TimerEvent: {}
[4.323492] (-) TimerEvent: {}
[4.423906] (-) TimerEvent: {}
[4.524306] (-) TimerEvent: {}
[4.624682] (-) TimerEvent: {}
[4.725063] (-) TimerEvent: {}
[4.825476] (-) TimerEvent: {}
[4.925989] (-) TimerEvent: {}
[5.026367] (-) TimerEvent: {}
[5.126780] (-) TimerEvent: {}
[5.227901] (-) TimerEvent: {}
[5.328276] (-) TimerEvent: {}
[5.428674] (-) TimerEvent: {}
[5.529366] (-) TimerEvent: {}
[5.629762] (-) TimerEvent: {}
[5.730162] (-) TimerEvent: {}
[5.831613] (-) TimerEvent: {}
[5.931973] (-) TimerEvent: {}
[6.033130] (-) TimerEvent: {}
[6.133623] (-) TimerEvent: {}
[6.234136] (-) TimerEvent: {}
[6.334603] (-) TimerEvent: {}
[6.434983] (-) TimerEvent: {}
[6.535348] (-) TimerEvent: {}
[6.635742] (-) TimerEvent: {}
[6.736184] (-) TimerEvent: {}
[6.837522] (-) TimerEvent: {}
[6.937889] (-) TimerEvent: {}
[7.038490] (-) TimerEvent: {}
[7.138956] (-) TimerEvent: {}
[7.239393] (-) TimerEvent: {}
[7.339871] (-) TimerEvent: {}
[7.440361] (-) TimerEvent: {}
[7.540912] (-) TimerEvent: {}
[7.641309] (-) TimerEvent: {}
[7.741697] (-) TimerEvent: {}
[7.842110] (-) TimerEvent: {}
[7.942969] (-) TimerEvent: {}
[8.043585] (-) TimerEvent: {}
[8.145019] (-) TimerEvent: {}
[8.245566] (-) TimerEvent: {}
[8.345974] (-) TimerEvent: {}
[8.446373] (-) TimerEvent: {}
[8.546741] (-) TimerEvent: {}
[8.647153] (-) TimerEvent: {}
[8.747538] (-) TimerEvent: {}
[8.847913] (-) TimerEvent: {}
[8.948467] (-) TimerEvent: {}
[9.048843] (-) TimerEvent: {}
[9.149282] (-) TimerEvent: {}
[9.249648] (-) TimerEvent: {}
[9.350020] (-) TimerEvent: {}
[9.450397] (-) TimerEvent: {}
[9.550772] (-) TimerEvent: {}
[9.651251] (-) TimerEvent: {}
[9.751632] (-) TimerEvent: {}
[9.852012] (-) TimerEvent: {}
[9.952396] (-) TimerEvent: {}
[10.052782] (-) TimerEvent: {}
[10.153342] (-) TimerEvent: {}
[10.253717] (-) TimerEvent: {}
[10.354140] (-) TimerEvent: {}
[10.455281] (-) TimerEvent: {}
[10.555674] (-) TimerEvent: {}
[10.656017] (-) TimerEvent: {}
[10.756400] (-) TimerEvent: {}
[10.856778] (-) TimerEvent: {}
[10.957147] (-) TimerEvent: {}
[11.057617] (-) TimerEvent: {}
[11.158025] (-) TimerEvent: {}
[11.258396] (-) TimerEvent: {}
[11.359049] (-) TimerEvent: {}
[11.460058] (-) TimerEvent: {}
[11.560434] (-) TimerEvent: {}
[11.660803] (-) TimerEvent: {}
[11.761144] (-) TimerEvent: {}
[11.861877] (-) TimerEvent: {}
[11.962264] (-) TimerEvent: {}
[12.062702] (-) TimerEvent: {}
[12.163149] (-) TimerEvent: {}
[12.263538] (-) TimerEvent: {}
[12.363997] (-) TimerEvent: {}
[12.464431] (-) TimerEvent: {}
[12.564834] (-) TimerEvent: {}
[12.665277] (-) TimerEvent: {}
[12.765681] (-) TimerEvent: {}
[12.866050] (-) TimerEvent: {}
[12.966469] (-) TimerEvent: {}
[13.067166] (-) TimerEvent: {}
[13.167663] (-) TimerEvent: {}
[13.268135] (-) TimerEvent: {}
[13.368522] (-) TimerEvent: {}
[13.469629] (-) TimerEvent: {}
[13.569986] (-) TimerEvent: {}
[13.670348] (-) TimerEvent: {}
[13.770734] (-) TimerEvent: {}
[13.871119] (-) TimerEvent: {}
[13.971518] (-) TimerEvent: {}
[14.071900] (-) TimerEvent: {}
[14.172266] (-) TimerEvent: {}
[14.272695] (-) TimerEvent: {}
[14.373310] (-) TimerEvent: {}
[14.473636] (-) TimerEvent: {}
[14.573973] (-) TimerEvent: {}
[14.674361] (-) TimerEvent: {}
[14.774720] (-) TimerEvent: {}
[14.875087] (-) TimerEvent: {}
[14.975462] (-) TimerEvent: {}
[15.075863] (-) TimerEvent: {}
[15.176243] (-) TimerEvent: {}
[15.276581] (-) TimerEvent: {}
[15.376944] (-) TimerEvent: {}
[15.477304] (-) TimerEvent: {}
[15.577726] (-) TimerEvent: {}
[15.678114] (-) TimerEvent: {}
[15.778488] (-) TimerEvent: {}
[15.878843] (-) TimerEvent: {}
[15.979229] (-) TimerEvent: {}
[16.079667] (-) TimerEvent: {}
[16.180072] (-) TimerEvent: {}
[16.280466] (-) TimerEvent: {}
[16.380848] (-) TimerEvent: {}
[16.481250] (-) TimerEvent: {}
[16.581679] (-) TimerEvent: {}
[16.682047] (-) TimerEvent: {}
[16.782411] (-) TimerEvent: {}
[16.882795] (-) TimerEvent: {}
[16.983168] (-) TimerEvent: {}
[17.083558] (-) TimerEvent: {}
[17.184003] (-) TimerEvent: {}
[17.285471] (-) TimerEvent: {}
[17.385829] (-) TimerEvent: {}
[17.486191] (-) TimerEvent: {}
[17.586659] (-) TimerEvent: {}
[17.687211] (-) TimerEvent: {}
[17.787593] (-) TimerEvent: {}
[17.889015] (-) TimerEvent: {}
[17.990240] (-) TimerEvent: {}
[18.090593] (-) TimerEvent: {}
[18.190960] (-) TimerEvent: {}
[18.292097] (-) TimerEvent: {}
[18.392448] (-) TimerEvent: {}
[18.492818] (-) TimerEvent: {}
[18.593216] (-) TimerEvent: {}
[18.693586] (-) TimerEvent: {}
[18.793944] (-) TimerEvent: {}
[18.894278] (-) TimerEvent: {}
[18.994672] (-) TimerEvent: {}
[19.095022] (-) TimerEvent: {}
[19.195372] (-) TimerEvent: {}
[19.295758] (-) TimerEvent: {}
[19.396128] (-) TimerEvent: {}
[19.496505] (-) TimerEvent: {}
[19.596879] (-) TimerEvent: {}
[19.697293] (-) TimerEvent: {}
[19.797820] (-) TimerEvent: {}
[19.898203] (-) TimerEvent: {}
[19.998580] (-) TimerEvent: {}
[20.098945] (-) TimerEvent: {}
[20.199578] (-) TimerEvent: {}
[20.299981] (-) TimerEvent: {}
[20.400358] (-) TimerEvent: {}
[20.500736] (-) TimerEvent: {}
[20.601069] (-) TimerEvent: {}
[20.701527] (-) TimerEvent: {}
[20.801925] (-) TimerEvent: {}
[20.902330] (-) TimerEvent: {}
[21.003622] (-) TimerEvent: {}
[21.104004] (-) TimerEvent: {}
[21.204407] (-) TimerEvent: {}
[21.304790] (-) TimerEvent: {}
[21.405192] (-) TimerEvent: {}
[21.505587] (-) TimerEvent: {}
[21.606015] (-) TimerEvent: {}
[21.706578] (-) TimerEvent: {}
[21.806958] (-) TimerEvent: {}
[21.909270] (-) TimerEvent: {}
[22.009650] (-) TimerEvent: {}
[22.110030] (-) TimerEvent: {}
[22.210421] (-) TimerEvent: {}
[22.310820] (-) TimerEvent: {}
[22.411215] (-) TimerEvent: {}
[22.511630] (-) TimerEvent: {}
[22.612040] (-) TimerEvent: {}
[22.712442] (-) TimerEvent: {}
[22.812847] (-) TimerEvent: {}
[22.913269] (-) TimerEvent: {}
[23.013714] (-) TimerEvent: {}
[23.114103] (-) TimerEvent: {}
[23.214486] (-) TimerEvent: {}
[23.314861] (-) TimerEvent: {}
[23.415246] (-) TimerEvent: {}
[23.515623] (-) TimerEvent: {}
[23.616002] (-) TimerEvent: {}
[23.716365] (-) TimerEvent: {}
[23.816724] (-) TimerEvent: {}
[23.917102] (-) TimerEvent: {}
[24.017492] (-) TimerEvent: {}
[24.117863] (-) TimerEvent: {}
[24.218201] (-) TimerEvent: {}
[24.318603] (-) TimerEvent: {}
[24.418982] (-) TimerEvent: {}
[24.519383] (-) TimerEvent: {}
[24.619790] (-) TimerEvent: {}
[24.720214] (-) TimerEvent: {}
[24.820584] (-) TimerEvent: {}
[24.921328] (-) TimerEvent: {}
[25.021693] (-) TimerEvent: {}
[25.122056] (-) TimerEvent: {}
[25.222450] (-) TimerEvent: {}
[25.322854] (-) TimerEvent: {}
[25.423239] (-) TimerEvent: {}
[25.523635] (-) TimerEvent: {}
[25.624033] (-) TimerEvent: {}
[25.724394] (-) TimerEvent: {}
[25.826605] (-) TimerEvent: {}
[25.926972] (-) TimerEvent: {}
[26.027361] (-) TimerEvent: {}
[26.127738] (-) TimerEvent: {}
[26.228102] (-) TimerEvent: {}
[26.328490] (-) TimerEvent: {}
[26.428869] (-) TimerEvent: {}
[26.529266] (-) TimerEvent: {}
[26.629635] (-) TimerEvent: {}
[26.729996] (-) TimerEvent: {}
[26.830361] (-) TimerEvent: {}
[26.930735] (-) TimerEvent: {}
[27.031109] (-) TimerEvent: {}
[27.131467] (-) TimerEvent: {}
[27.231845] (-) TimerEvent: {}
[27.332247] (-) TimerEvent: {}
[27.432662] (-) TimerEvent: {}
[27.533015] (-) TimerEvent: {}
[27.633414] (-) TimerEvent: {}
[27.733834] (-) TimerEvent: {}
[27.834358] (-) TimerEvent: {}
[27.934807] (-) TimerEvent: {}
[28.035209] (-) TimerEvent: {}
[28.135529] (-) TimerEvent: {}
[28.235907] (-) TimerEvent: {}
[28.336334] (-) TimerEvent: {}
[28.436758] (-) TimerEvent: {}
[28.537131] (-) TimerEvent: {}
[28.637581] (-) TimerEvent: {}
[28.737961] (-) TimerEvent: {}
[28.838339] (-) TimerEvent: {}
[28.940221] (-) TimerEvent: {}
[29.040580] (-) TimerEvent: {}
[29.140917] (-) TimerEvent: {}
[29.241308] (-) TimerEvent: {}
[29.341698] (-) TimerEvent: {}
[29.442073] (-) TimerEvent: {}
[29.542448] (-) TimerEvent: {}
[29.642826] (-) TimerEvent: {}
[29.743226] (-) TimerEvent: {}
[29.843631] (-) TimerEvent: {}
[29.944021] (-) TimerEvent: {}
[30.044385] (-) TimerEvent: {}
[30.144764] (-) TimerEvent: {}
[30.245178] (-) TimerEvent: {}
[30.345559] (-) TimerEvent: {}
[30.445925] (-) TimerEvent: {}
[30.547273] (-) TimerEvent: {}
[30.647656] (-) TimerEvent: {}
[30.748006] (-) TimerEvent: {}
[30.848374] (-) TimerEvent: {}
[30.949497] (-) TimerEvent: {}
[31.049857] (-) TimerEvent: {}
[31.150897] (-) TimerEvent: {}
[31.251255] (-) TimerEvent: {}
[31.351634] (-) TimerEvent: {}
[31.452008] (-) TimerEvent: {}
[31.552364] (-) TimerEvent: {}
[31.652738] (-) TimerEvent: {}
[31.753114] (-) TimerEvent: {}
[31.853519] (-) TimerEvent: {}
[31.954028] (-) TimerEvent: {}
[32.054391] (-) TimerEvent: {}
[32.154827] (-) TimerEvent: {}
[32.255209] (-) TimerEvent: {}
[32.355572] (-) TimerEvent: {}
[32.455962] (-) TimerEvent: {}
[32.556352] (-) TimerEvent: {}
[32.656723] (-) TimerEvent: {}
[32.757103] (-) TimerEvent: {}
[32.857569] (-) TimerEvent: {}
[32.957938] (-) TimerEvent: {}
[33.058350] (-) TimerEvent: {}
[33.158719] (-) TimerEvent: {}
[33.259089] (-) TimerEvent: {}
[33.359469] (-) TimerEvent: {}
[33.459907] (-) TimerEvent: {}
[33.560282] (-) TimerEvent: {}
[33.660643] (-) TimerEvent: {}
[33.761020] (-) TimerEvent: {}
[33.861418] (-) TimerEvent: {}
[33.961791] (-) TimerEvent: {}
[34.062170] (-) TimerEvent: {}
[34.162552] (-) TimerEvent: {}
[34.263000] (-) TimerEvent: {}
[34.363514] (-) TimerEvent: {}
[34.463945] (-) TimerEvent: {}
[34.564505] (-) TimerEvent: {}
[34.665441] (-) TimerEvent: {}
[34.765815] (-) TimerEvent: {}
[34.866215] (-) TimerEvent: {}
[34.966959] (-) TimerEvent: {}
[35.067626] (-) TimerEvent: {}
[35.168403] (-) TimerEvent: {}
[35.268800] (-) TimerEvent: {}
[35.369247] (-) TimerEvent: {}
[35.469631] (-) TimerEvent: {}
[35.570008] (-) TimerEvent: {}
[35.670388] (-) TimerEvent: {}
[35.770760] (-) TimerEvent: {}
[35.871080] (-) TimerEvent: {}
[35.971479] (-) TimerEvent: {}
[36.071855] (-) TimerEvent: {}
[36.172215] (-) TimerEvent: {}
[36.272609] (-) TimerEvent: {}
[36.372976] (-) TimerEvent: {}
[36.473391] (-) TimerEvent: {}
[36.573775] (-) TimerEvent: {}
[36.674140] (-) TimerEvent: {}
[36.774509] (-) TimerEvent: {}
[36.874896] (-) TimerEvent: {}
[36.975267] (-) TimerEvent: {}
[37.075638] (-) TimerEvent: {}
[37.176022] (-) TimerEvent: {}
[37.276386] (-) TimerEvent: {}
[37.378255] (-) TimerEvent: {}
[37.478632] (-) TimerEvent: {}
[37.578977] (-) TimerEvent: {}
[37.679357] (-) TimerEvent: {}
[37.779712] (-) TimerEvent: {}
[37.880079] (-) TimerEvent: {}
[37.980450] (-) TimerEvent: {}
[38.080823] (-) TimerEvent: {}
[38.181307] (-) TimerEvent: {}
[38.281666] (-) TimerEvent: {}
[38.382024] (-) TimerEvent: {}
[38.482399] (-) TimerEvent: {}
[38.582783] (-) TimerEvent: {}
[38.683217] (-) TimerEvent: {}
[38.783601] (-) TimerEvent: {}
[38.883982] (-) TimerEvent: {}
[38.984349] (-) TimerEvent: {}
[39.084744] (-) TimerEvent: {}
[39.185123] (-) TimerEvent: {}
[39.285625] (-) TimerEvent: {}
[39.385981] (-) TimerEvent: {}
[39.486377] (-) TimerEvent: {}
[39.586824] (-) TimerEvent: {}
[39.687237] (-) TimerEvent: {}
[39.787764] (-) TimerEvent: {}
[39.888140] (-) TimerEvent: {}
[39.989103] (-) TimerEvent: {}
[40.090242] (-) TimerEvent: {}
[40.190612] (-) TimerEvent: {}
[40.291223] (-) TimerEvent: {}
[40.391587] (-) TimerEvent: {}
[40.491961] (-) TimerEvent: {}
[40.592582] (-) TimerEvent: {}
[40.692935] (-) TimerEvent: {}
[40.793298] (-) TimerEvent: {}
[40.893662] (-) TimerEvent: {}
[40.993996] (-) TimerEvent: {}
[41.094366] (-) TimerEvent: {}
[41.194747] (-) TimerEvent: {}
[41.295128] (-) TimerEvent: {}
[41.395490] (-) TimerEvent: {}
[41.495865] (-) TimerEvent: {}
[41.596291] (-) TimerEvent: {}
[41.696711] (-) TimerEvent: {}
[41.797134] (-) TimerEvent: {}
[41.897549] (-) TimerEvent: {}
[41.997996] (-) TimerEvent: {}
[42.098490] (-) TimerEvent: {}
[42.198908] (-) TimerEvent: {}
[42.299366] (-) TimerEvent: {}
[42.400110] (-) TimerEvent: {}
[42.500515] (-) TimerEvent: {}
[42.600939] (-) TimerEvent: {}
[42.701396] (-) TimerEvent: {}
[42.801811] (-) TimerEvent: {}
[42.902248] (-) TimerEvent: {}
[43.002649] (-) TimerEvent: {}
[43.103247] (-) TimerEvent: {}
[43.203859] (-) TimerEvent: {}
[43.304338] (-) TimerEvent: {}
[43.404789] (-) TimerEvent: {}
[43.505218] (-) TimerEvent: {}
[43.607491] (-) TimerEvent: {}
[43.708516] (-) TimerEvent: {}
[43.809011] (-) TimerEvent: {}
[43.909979] (-) TimerEvent: {}
[44.010872] (-) TimerEvent: {}
[44.112782] (-) TimerEvent: {}
[44.213275] (-) TimerEvent: {}
[44.313645] (-) TimerEvent: {}
[44.414057] (-) TimerEvent: {}
[44.514429] (-) TimerEvent: {}
[44.614813] (-) TimerEvent: {}
[44.715167] (-) TimerEvent: {}
[44.815537] (-) TimerEvent: {}
[44.916647] (-) TimerEvent: {}
[45.017317] (-) TimerEvent: {}
[45.118041] (-) TimerEvent: {}
[45.218449] (-) TimerEvent: {}
[45.318840] (-) TimerEvent: {}
[45.343109] (nav_tf_bridge) StdoutLine: {'line': b'[100%] Linking CXX executable map_odom_tf_bridge\n'}
[45.420639] (-) TimerEvent: {}
[45.521092] (-) TimerEvent: {}
[45.621530] (-) TimerEvent: {}
[45.721942] (-) TimerEvent: {}
[45.822401] (-) TimerEvent: {}
[45.884235] (nav_tf_bridge) StdoutLine: {'line': b'[100%] Built target map_odom_tf_bridge\n'}
[45.902129] (nav_tf_bridge) CommandEnded: {'returncode': 0}
[45.903024] (nav_tf_bridge) JobProgress: {'identifier': 'nav_tf_bridge', 'progress': 'install'}
[45.913283] (nav_tf_bridge) Command: {'cmd': ['/usr/local/bin/cmake', '--install', '/home/seeed/ros2/ws/build/nav_tf_bridge'], 'cwd': '/home/seeed/ros2/ws/build/nav_tf_bridge', 'env': OrderedDict([('LANGUAGE', 'zh_CN:en'), ('USER', 'seeed'), ('SSH_CLIENT', '192.168.1.101 58681 22'), ('LC_TIME', 'zh_CN.UTF-8'), ('ROS_PACKAGE_PATH', '/home/seeed/ros2/ws/install/vikit_common/share:/home/seeed/ros2/ws/install/ugv_sdk/share'), ('XDG_SESSION_TYPE', 'tty'), ('SHLVL', '0'), ('LD_LIBRARY_PATH', '/home/seeed/ros2/ws/install/vikit_ros/lib:/home/seeed/ros2/ws/install/vikit_common/lib:/home/seeed/ros2/ws/install/ranger_msgs/lib:/home/seeed/ros2/ws/install/fast_lio/lib:/home/seeed/ros2/ws/install/livox_ros_driver2/lib:/opt/ros/humble/opt/rviz_ogre_vendor/lib:/opt/ros/humble/lib/aarch64-linux-gnu:/opt/ros/humble/lib'), ('MOTD_SHOWN', 'pam'), ('HOME', '/home/seeed'), ('OLDPWD', '/home/seeed'), ('ROS_PYTHON_VERSION', '3'), ('LC_MONETARY', 'zh_CN.UTF-8'), ('ROS_IP', '192.168.1.104'), ('LC_CTYPE', 'C.UTF-8'), ('DBUS_SESSION_BUS_ADDRESS', 'unix:path=/run/user/1000/bus'), ('COLCON_PREFIX_PATH', '/home/seeed/ros2/ws/install'), ('ROS_DISTRO', 'humble'), ('LOGNAME', 'seeed'), ('ROS_VERSION', '2'), ('PKG_CONFIG_PATH', '/home/seeed/ros2/ws/install/vikit_common/lib/aarch64-linux-gnu/pkgconfig:/home/seeed/ros2/ws/install/vikit_common/lib/pkgconfig:/home/seeed/ros2/ws/install/ugv_sdk/lib/aarch64-linux-gnu/pkgconfig:/home/seeed/ros2/ws/install/ugv_sdk/lib/pkgconfig'), ('XDG_SESSION_CLASS', 'user'), ('XDG_SESSION_ID', '176'), ('ROS_LOCALHOST_ONLY', '0'), ('PATH', '/opt/ros/humble/bin:/usr/local/sbin:/usr/local/bin:/usr/sbin:/usr/bin:/sbin:/bin:/usr/games:/usr/local/games:/snap/bin'), ('FASTRTPS_DEFAULT_PROFILES_FILE', '/home/seeed/ros2/fastrtps_profile.xml'), ('PAPERSIZE', 'a4'), ('LC_ADDRESS', 'zh_CN.UTF-8'), ('XDG_RUNTIME_DIR', '/run/user/1000'), ('LANG', 'zh_CN.UTF-8'), ('LC_TELEPHONE', 'zh_CN.UTF-8'), ('RMW_IMPLEMENTATION', 'rmw_fastrtps_cpp'), ('ROS_DOMAIN_ID', '0'), ('AMENT_PREFIX_PATH', '/home/seeed/ros2/ws/install/vikit_ros:/home/seeed/ros2/ws/install/ranger_base:/home/seeed/ros2/ws/install/ranger_msgs:/home/seeed/ros2/ws/install/ranger_bringup:/home/seeed/ros2/ws/install/pcd_ndt_localization:/home/seeed/ros2/ws/install/nav_tf_bridge:/home/seeed/ros2/ws/install/fast_lio:/home/seeed/ros2/ws/install/livox_ros_driver2:/opt/ros/humble'), ('SHELL', '/bin/bash'), ('LC_NAME', 'zh_CN.UTF-8'), ('LC_MEASUREMENT', 'zh_CN.UTF-8'), ('LC_IDENTIFICATION', 'zh_CN.UTF-8'), ('PWD', '/home/seeed/ros2/ws/build/nav_tf_bridge'), ('LC_ALL', 'en_US.UTF-8'), ('SSH_CONNECTION', '192.168.1.101 58681 192.168.1.104 22'), ('PYTHONPATH', '/home/seeed/ros2/ws/install/ranger_msgs/local/lib/python3.10/dist-packages:/home/seeed/ros2/ws/install/fast_lio/local/lib/python3.10/dist-packages:/home/seeed/ros2/ws/install/livox_ros_driver2/local/lib/python3.10/dist-packages:/opt/ros/humble/lib/python3.10/site-packages:/opt/ros/humble/local/lib/python3.10/dist-packages'), ('LC_NUMERIC', 'zh_CN.UTF-8'), ('LC_PAPER', 'zh_CN.UTF-8'), ('COLCON', '1'), ('CMAKE_PREFIX_PATH', '/home/seeed/ros2/ws/install/vikit_ros:/opt/ros/humble:/home/seeed/ros2/ws/install/vikit_common:/home/seeed/ros2/ws/install/ranger_base:/home/seeed/ros2/ws/install/ugv_sdk:/home/seeed/ros2/ws/install/ranger_msgs:/home/seeed/ros2/ws/install/ranger_bringup:/home/seeed/ros2/ws/install/pcd_ndt_localization:/home/seeed/ros2/ws/install/nav_tf_bridge:/home/seeed/ros2/ws/install/fast_lio:/home/seeed/ros2/ws/install/livox_ros_driver2')]), 'shell': False}
[45.921493] (nav_tf_bridge) StdoutLine: {'line': b'-- Install configuration: "Release"\n'}
[45.922471] (-) TimerEvent: {}
[45.923187] (nav_tf_bridge) StdoutLine: {'line': b'-- Execute custom install script\n'}
[45.924464] (nav_tf_bridge) StdoutLine: {'line': b'-- Up-to-date symlink: /home/seeed/ros2/ws/install/nav_tf_bridge/lib/nav_tf_bridge/map_odom_tf_bridge\n'}
[45.925309] (nav_tf_bridge) StdoutLine: {'line': b'-- Up-to-date symlink: /home/seeed/ros2/ws/install/nav_tf_bridge/share/ament_index/resource_index/package_run_dependencies/nav_tf_bridge\n'}
[45.926133] (nav_tf_bridge) StdoutLine: {'line': b'-- Up-to-date symlink: /home/seeed/ros2/ws/install/nav_tf_bridge/share/ament_index/resource_index/parent_prefix_path/nav_tf_bridge\n'}
[45.927868] (nav_tf_bridge) StdoutLine: {'line': b'-- Up-to-date symlink: /home/seeed/ros2/ws/install/nav_tf_bridge/share/nav_tf_bridge/environment/ament_prefix_path.sh\n'}
[45.928828] (nav_tf_bridge) StdoutLine: {'line': b'-- Up-to-date symlink: /home/seeed/ros2/ws/install/nav_tf_bridge/share/nav_tf_bridge/environment/ament_prefix_path.dsv\n'}
[45.930036] (nav_tf_bridge) StdoutLine: {'line': b'-- Up-to-date symlink: /home/seeed/ros2/ws/install/nav_tf_bridge/share/nav_tf_bridge/environment/path.sh\n'}
[45.930917] (nav_tf_bridge) StdoutLine: {'line': b'-- Up-to-date symlink: /home/seeed/ros2/ws/install/nav_tf_bridge/share/nav_tf_bridge/environment/path.dsv\n'}
[45.931766] (nav_tf_bridge) StdoutLine: {'line': b'-- Up-to-date symlink: /home/seeed/ros2/ws/install/nav_tf_bridge/share/nav_tf_bridge/local_setup.bash\n'}
[45.932588] (nav_tf_bridge) StdoutLine: {'line': b'-- Up-to-date symlink: /home/seeed/ros2/ws/install/nav_tf_bridge/share/nav_tf_bridge/local_setup.sh\n'}
[45.933424] (nav_tf_bridge) StdoutLine: {'line': b'-- Up-to-date symlink: /home/seeed/ros2/ws/install/nav_tf_bridge/share/nav_tf_bridge/local_setup.zsh\n'}
[45.934241] (nav_tf_bridge) StdoutLine: {'line': b'-- Up-to-date symlink: /home/seeed/ros2/ws/install/nav_tf_bridge/share/nav_tf_bridge/local_setup.dsv\n'}
[45.934959] (nav_tf_bridge) StdoutLine: {'line': b'-- Symlinking: /home/seeed/ros2/ws/install/nav_tf_bridge/share/nav_tf_bridge/package.dsv\n'}
[45.948993] (nav_tf_bridge) StdoutLine: {'line': b'-- Up-to-date symlink: /home/seeed/ros2/ws/install/nav_tf_bridge/share/ament_index/resource_index/packages/nav_tf_bridge\n'}
[45.950673] (nav_tf_bridge) StdoutLine: {'line': b'-- Up-to-date symlink: /home/seeed/ros2/ws/install/nav_tf_bridge/share/nav_tf_bridge/cmake/nav_tf_bridgeConfig.cmake\n'}
[45.955074] (nav_tf_bridge) StdoutLine: {'line': b'-- Up-to-date symlink: /home/seeed/ros2/ws/install/nav_tf_bridge/share/nav_tf_bridge/cmake/nav_tf_bridgeConfig-version.cmake\n'}
[45.955472] (nav_tf_bridge) StdoutLine: {'line': b'-- Up-to-date symlink: /home/seeed/ros2/ws/install/nav_tf_bridge/share/nav_tf_bridge/package.xml\n'}
[45.959003] (nav_tf_bridge) CommandEnded: {'returncode': 0}
[46.012659] (nav_tf_bridge) JobEnded: {'identifier': 'nav_tf_bridge', 'rc': 0}
[46.019533] (-) EventReactorShutdown: {}
