[0.000000] (-) TimerEvent: {}
[0.000222] (pcd_ndt_localization) JobQueued: {'identifier': 'pcd_ndt_localization', 'dependencies': OrderedDict()}
[0.002489] (pcd_ndt_localization) JobStarted: {'identifier': 'pcd_ndt_localization'}
[0.021327] (pcd_ndt_localization) JobProgress: {'identifier': 'pcd_ndt_localization', 'progress': 'cmake'}
[0.024291] (pcd_ndt_localization) JobProgress: {'identifier': 'pcd_ndt_localization', 'progress': 'build'}
[0.026680] (pcd_ndt_localization) Command: {'cmd': ['/usr/local/bin/cmake', '--build', '/home/seeed/ros2/ws/build/pcd_ndt_localization', '--', '-j6', '-l6'], 'cwd': '/home/seeed/ros2/ws/build/pcd_ndt_localization', 'env': OrderedDict([('LANGUAGE', 'zh_CN:en'), ('USER', 'seeed'), ('SSH_CLIENT', '10.200.24.83 58005 22'), ('LC_TIME', 'zh_CN.UTF-8'), ('XDG_SESSION_TYPE', 'tty'), ('SHLVL', '0'), ('LD_LIBRARY_PATH', '/opt/ros/humble/opt/rviz_ogre_vendor/lib:/opt/ros/humble/lib/aarch64-linux-gnu:/opt/ros/humble/lib'), ('MOTD_SHOWN', 'pam'), ('HOME', '/home/seeed'), ('OLDPWD', '/home/seeed'), ('ROS_PYTHON_VERSION', '3'), ('LC_MONETARY', 'zh_CN.UTF-8'), ('LC_CTYPE', 'C.UTF-8'), ('DBUS_SESSION_BUS_ADDRESS', 'unix:path=/run/user/1000/bus'), ('ROS_DISTRO', 'humble'), ('LOGNAME', 'seeed'), ('_', '/usr/bin/colcon'), ('ROS_VERSION', '2'), ('XDG_SESSION_CLASS', 'user'), ('XDG_SESSION_ID', '344'), ('ROS_LOCALHOST_ONLY', '0'), ('PATH', '/opt/ros/humble/bin:/usr/local/sbin:/usr/local/bin:/usr/sbin:/usr/bin:/sbin:/bin:/usr/games:/usr/local/games:/snap/bin'), ('PAPERSIZE', 'a4'), ('LC_ADDRESS', 'zh_CN.UTF-8'), ('XDG_RUNTIME_DIR', '/run/user/1000'), ('DISPLAY', 'localhost:12.0'), ('LANG', 'zh_CN.UTF-8'), ('LC_TELEPHONE', 'zh_CN.UTF-8'), ('AMENT_PREFIX_PATH', '/opt/ros/humble'), ('SHELL', '/bin/bash'), ('LC_NAME', 'zh_CN.UTF-8'), ('LC_MEASUREMENT', 'zh_CN.UTF-8'), ('LC_IDENTIFICATION', 'zh_CN.UTF-8'), ('PWD', '/home/seeed/ros2/ws/build/pcd_ndt_localization'), ('LC_ALL', 'en_US.UTF-8'), ('SSH_CONNECTION', '10.200.24.83 58005 10.200.54.207 22'), ('PYTHONPATH', '/opt/ros/humble/lib/python3.10/site-packages:/opt/ros/humble/local/lib/python3.10/dist-packages'), ('LC_NUMERIC', 'zh_CN.UTF-8'), ('LC_PAPER', 'zh_CN.UTF-8'), ('COLCON', '1'), ('CMAKE_PREFIX_PATH', '/opt/ros/humble')]), 'shell': False}
[0.099439] (-) TimerEvent: {}
[0.140024] (pcd_ndt_localization) StdoutLine: {'line': b'[ 50%] Built target pcd_occupancy_grid_publisher\n'}
[0.163194] (pcd_ndt_localization) StdoutLine: {'line': b'[ 75%] Building CXX object CMakeFiles/pcd_ndt_localizer.dir/src/pcd_ndt_localizer.cpp.o\n'}
[0.199588] (-) TimerEvent: {}
[0.299981] (-) TimerEvent: {}
[0.400400] (-) TimerEvent: {}
[0.500810] (-) TimerEvent: {}
[0.601208] (-) TimerEvent: {}
[0.701642] (-) TimerEvent: {}
[0.802059] (-) TimerEvent: {}
[0.902473] (-) TimerEvent: {}
[1.002932] (-) TimerEvent: {}
[1.103346] (-) TimerEvent: {}
[1.203779] (-) TimerEvent: {}
[1.304240] (-) TimerEvent: {}
[1.404685] (-) TimerEvent: {}
[1.505126] (-) TimerEvent: {}
[1.605565] (-) TimerEvent: {}
[1.706106] (-) TimerEvent: {}
[1.806512] (-) TimerEvent: {}
[1.906914] (-) TimerEvent: {}
[2.007317] (-) TimerEvent: {}
[2.107917] (-) TimerEvent: {}
[2.208329] (-) TimerEvent: {}
[2.308727] (-) TimerEvent: {}
[2.409139] (-) TimerEvent: {}
[2.509504] (-) TimerEvent: {}
[2.610064] (-) TimerEvent: {}
[2.710503] (-) TimerEvent: {}
[2.810919] (-) TimerEvent: {}
[2.911431] (-) TimerEvent: {}
[3.012136] (-) TimerEvent: {}
[3.112571] (-) TimerEvent: {}
[3.212974] (-) TimerEvent: {}
[3.313346] (-) TimerEvent: {}
[3.413734] (-) TimerEvent: {}
[3.514181] (-) TimerEvent: {}
[3.614605] (-) TimerEvent: {}
[3.715031] (-) TimerEvent: {}
[3.815450] (-) TimerEvent: {}
[3.915872] (-) TimerEvent: {}
[4.016297] (-) TimerEvent: {}
[4.116725] (-) TimerEvent: {}
[4.217471] (-) TimerEvent: {}
[4.317921] (-) TimerEvent: {}
[4.418355] (-) TimerEvent: {}
[4.518743] (-) TimerEvent: {}
[4.619318] (-) TimerEvent: {}
[4.719755] (-) TimerEvent: {}
[4.820169] (-) TimerEvent: {}
[4.920569] (-) TimerEvent: {}
[5.020975] (-) TimerEvent: {}
[5.121419] (-) TimerEvent: {}
[5.221800] (-) TimerEvent: {}
[5.322190] (-) TimerEvent: {}
[5.422648] (-) TimerEvent: {}
[5.523183] (-) TimerEvent: {}
[5.623611] (-) TimerEvent: {}
[5.724049] (-) TimerEvent: {}
[5.824436] (-) TimerEvent: {}
[5.924766] (-) TimerEvent: {}
[6.025136] (-) TimerEvent: {}
[6.125538] (-) TimerEvent: {}
[6.225955] (-) TimerEvent: {}
[6.326347] (-) TimerEvent: {}
[6.426755] (-) TimerEvent: {}
[6.527209] (-) TimerEvent: {}
[6.627651] (-) TimerEvent: {}
[6.728091] (-) TimerEvent: {}
[6.828509] (-) TimerEvent: {}
[6.928941] (-) TimerEvent: {}
[7.029390] (-) TimerEvent: {}
[7.129834] (-) TimerEvent: {}
[7.230269] (-) TimerEvent: {}
[7.330682] (-) TimerEvent: {}
[7.431129] (-) TimerEvent: {}
[7.531599] (-) TimerEvent: {}
[7.632449] (-) TimerEvent: {}
[7.732907] (-) TimerEvent: {}
[7.833346] (-) TimerEvent: {}
[7.933834] (-) TimerEvent: {}
[8.034297] (-) TimerEvent: {}
[8.134702] (-) TimerEvent: {}
[8.235094] (-) TimerEvent: {}
[8.335472] (-) TimerEvent: {}
[8.435846] (-) TimerEvent: {}
[8.536225] (-) TimerEvent: {}
[8.636608] (-) TimerEvent: {}
[8.737199] (-) TimerEvent: {}
[8.837609] (-) TimerEvent: {}
[8.938002] (-) TimerEvent: {}
[9.038647] (-) TimerEvent: {}
[9.139123] (-) TimerEvent: {}
[9.239576] (-) TimerEvent: {}
[9.342750] (-) TimerEvent: {}
[9.443213] (-) TimerEvent: {}
[9.543665] (-) TimerEvent: {}
[9.644250] (-) TimerEvent: {}
[9.744677] (-) TimerEvent: {}
[9.845113] (-) TimerEvent: {}
[9.945538] (-) TimerEvent: {}
[10.045980] (-) TimerEvent: {}
[10.146404] (-) TimerEvent: {}
[10.246844] (-) TimerEvent: {}
[10.347304] (-) TimerEvent: {}
[10.447884] (-) TimerEvent: {}
[10.548330] (-) TimerEvent: {}
[10.648762] (-) TimerEvent: {}
[10.749181] (-) TimerEvent: {}
[10.849642] (-) TimerEvent: {}
[10.950053] (-) TimerEvent: {}
[11.050429] (-) TimerEvent: {}
[11.150807] (-) TimerEvent: {}
[11.251196] (-) TimerEvent: {}
[11.352449] (-) TimerEvent: {}
[11.452825] (-) TimerEvent: {}
[11.553198] (-) TimerEvent: {}
[11.653619] (-) TimerEvent: {}
[11.754365] (-) TimerEvent: {}
[11.855055] (-) TimerEvent: {}
[11.955485] (-) TimerEvent: {}
[12.055926] (-) TimerEvent: {}
[12.156368] (-) TimerEvent: {}
[12.256773] (-) TimerEvent: {}
[12.357141] (-) TimerEvent: {}
[12.457503] (-) TimerEvent: {}
[12.557879] (-) TimerEvent: {}
[12.658275] (-) TimerEvent: {}
[12.758662] (-) TimerEvent: {}
[12.859051] (-) TimerEvent: {}
[12.959465] (-) TimerEvent: {}
[13.059865] (-) TimerEvent: {}
[13.160198] (-) TimerEvent: {}
[13.260598] (-) TimerEvent: {}
[13.361053] (-) TimerEvent: {}
[13.461456] (-) TimerEvent: {}
[13.561857] (-) TimerEvent: {}
[13.662296] (-) TimerEvent: {}
[13.762718] (-) TimerEvent: {}
[13.863176] (-) TimerEvent: {}
[13.963604] (-) TimerEvent: {}
[14.064050] (-) TimerEvent: {}
[14.164469] (-) TimerEvent: {}
[14.264852] (-) TimerEvent: {}
[14.365195] (-) TimerEvent: {}
[14.465587] (-) TimerEvent: {}
[14.565969] (-) TimerEvent: {}
[14.666361] (-) TimerEvent: {}
[14.766754] (-) TimerEvent: {}
[14.867189] (-) TimerEvent: {}
[14.967647] (-) TimerEvent: {}
[15.068125] (-) TimerEvent: {}
[15.168597] (-) TimerEvent: {}
[15.269037] (-) TimerEvent: {}
[15.369479] (-) TimerEvent: {}
[15.469942] (-) TimerEvent: {}
[15.570420] (-) TimerEvent: {}
[15.670884] (-) TimerEvent: {}
[15.771338] (-) TimerEvent: {}
[15.871824] (-) TimerEvent: {}
[15.972322] (-) TimerEvent: {}
[16.072776] (-) TimerEvent: {}
[16.173226] (-) TimerEvent: {}
[16.273668] (-) TimerEvent: {}
[16.374094] (-) TimerEvent: {}
[16.474550] (-) TimerEvent: {}
[16.574964] (-) TimerEvent: {}
[16.675368] (-) TimerEvent: {}
[16.775808] (-) TimerEvent: {}
[16.876264] (-) TimerEvent: {}
[16.976703] (-) TimerEvent: {}
[17.077109] (-) TimerEvent: {}
[17.177482] (-) TimerEvent: {}
[17.277833] (-) TimerEvent: {}
[17.378218] (-) TimerEvent: {}
[17.478623] (-) TimerEvent: {}
[17.579018] (-) TimerEvent: {}
[17.679411] (-) TimerEvent: {}
[17.779842] (-) TimerEvent: {}
[17.880237] (-) TimerEvent: {}
[17.980665] (-) TimerEvent: {}
[18.081116] (-) TimerEvent: {}
[18.181545] (-) TimerEvent: {}
[18.281937] (-) TimerEvent: {}
[18.382332] (-) TimerEvent: {}
[18.482722] (-) TimerEvent: {}
[18.583148] (-) TimerEvent: {}
[18.683613] (-) TimerEvent: {}
[18.784121] (-) TimerEvent: {}
[18.884624] (-) TimerEvent: {}
[18.985087] (-) TimerEvent: {}
[19.085543] (-) TimerEvent: {}
[19.186019] (-) TimerEvent: {}
[19.286435] (-) TimerEvent: {}
[19.389465] (-) TimerEvent: {}
[19.489849] (-) TimerEvent: {}
[19.590239] (-) TimerEvent: {}
[19.690621] (-) TimerEvent: {}
[19.791023] (-) TimerEvent: {}
[19.891394] (-) TimerEvent: {}
[19.991804] (-) TimerEvent: {}
[20.092238] (-) TimerEvent: {}
[20.193632] (-) TimerEvent: {}
[20.294007] (-) TimerEvent: {}
[20.394367] (-) TimerEvent: {}
[20.494744] (-) TimerEvent: {}
[20.595123] (-) TimerEvent: {}
[20.695511] (-) TimerEvent: {}
[20.795888] (-) TimerEvent: {}
[20.896254] (-) TimerEvent: {}
[20.996642] (-) TimerEvent: {}
[21.097064] (-) TimerEvent: {}
[21.197505] (-) TimerEvent: {}
[21.297945] (-) TimerEvent: {}
[21.398363] (-) TimerEvent: {}
[21.498778] (-) TimerEvent: {}
[21.599195] (-) TimerEvent: {}
[21.699650] (-) TimerEvent: {}
[21.800074] (-) TimerEvent: {}
[21.900491] (-) TimerEvent: {}
[22.000923] (-) TimerEvent: {}
[22.101386] (-) TimerEvent: {}
[22.201850] (-) TimerEvent: {}
[22.302202] (-) TimerEvent: {}
[22.402592] (-) TimerEvent: {}
[22.502975] (-) TimerEvent: {}
[22.603360] (-) TimerEvent: {}
[22.703756] (-) TimerEvent: {}
[22.804151] (-) TimerEvent: {}
[22.904541] (-) TimerEvent: {}
[23.004949] (-) TimerEvent: {}
[23.105406] (-) TimerEvent: {}
[23.205807] (-) TimerEvent: {}
[23.306262] (-) TimerEvent: {}
[23.406630] (-) TimerEvent: {}
[23.507030] (-) TimerEvent: {}
[23.607420] (-) TimerEvent: {}
[23.707796] (-) TimerEvent: {}
[23.808194] (-) TimerEvent: {}
[23.908580] (-) TimerEvent: {}
[24.008961] (-) TimerEvent: {}
[24.109340] (-) TimerEvent: {}
[24.209727] (-) TimerEvent: {}
[24.310126] (-) TimerEvent: {}
[24.410530] (-) TimerEvent: {}
[24.510945] (-) TimerEvent: {}
[24.611331] (-) TimerEvent: {}
[24.711757] (-) TimerEvent: {}
[24.812237] (-) TimerEvent: {}
[24.912636] (-) TimerEvent: {}
[25.013029] (-) TimerEvent: {}
[25.113410] (-) TimerEvent: {}
[25.213845] (-) TimerEvent: {}
[25.314260] (-) TimerEvent: {}
[25.414762] (-) TimerEvent: {}
[25.515134] (-) TimerEvent: {}
[25.615521] (-) TimerEvent: {}
[25.715912] (-) TimerEvent: {}
[25.816296] (-) TimerEvent: {}
[25.916705] (-) TimerEvent: {}
[26.017122] (-) TimerEvent: {}
[26.117512] (-) TimerEvent: {}
[26.217905] (-) TimerEvent: {}
[26.318288] (-) TimerEvent: {}
[26.418672] (-) TimerEvent: {}
[26.519078] (-) TimerEvent: {}
[26.619461] (-) TimerEvent: {}
[26.719842] (-) TimerEvent: {}
[26.820238] (-) TimerEvent: {}
[26.920621] (-) TimerEvent: {}
[27.021017] (-) TimerEvent: {}
[27.121402] (-) TimerEvent: {}
[27.221794] (-) TimerEvent: {}
[27.322176] (-) TimerEvent: {}
[27.422566] (-) TimerEvent: {}
[27.522970] (-) TimerEvent: {}
[27.623366] (-) TimerEvent: {}
[27.723758] (-) TimerEvent: {}
[27.824145] (-) TimerEvent: {}
[27.924543] (-) TimerEvent: {}
[28.024921] (-) TimerEvent: {}
[28.125302] (-) TimerEvent: {}
[28.225731] (-) TimerEvent: {}
[28.326182] (-) TimerEvent: {}
[28.426561] (-) TimerEvent: {}
[28.527015] (-) TimerEvent: {}
[28.627404] (-) TimerEvent: {}
[28.727829] (-) TimerEvent: {}
[28.828268] (-) TimerEvent: {}
[28.928701] (-) TimerEvent: {}
[29.029129] (-) TimerEvent: {}
[29.129593] (-) TimerEvent: {}
[29.230044] (-) TimerEvent: {}
[29.330422] (-) TimerEvent: {}
[29.430849] (-) TimerEvent: {}
[29.531225] (-) TimerEvent: {}
[29.631683] (-) TimerEvent: {}
[29.732629] (-) TimerEvent: {}
[29.833020] (-) TimerEvent: {}
[29.933401] (-) TimerEvent: {}
[30.033868] (-) TimerEvent: {}
[30.134259] (-) TimerEvent: {}
[30.234635] (-) TimerEvent: {}
[30.335042] (-) TimerEvent: {}
[30.435424] (-) TimerEvent: {}
[30.535809] (-) TimerEvent: {}
[30.636194] (-) TimerEvent: {}
[30.736625] (-) TimerEvent: {}
[30.837047] (-) TimerEvent: {}
[30.937512] (-) TimerEvent: {}
[31.037981] (-) TimerEvent: {}
[31.138355] (-) TimerEvent: {}
[31.238769] (-) TimerEvent: {}
[31.339154] (-) TimerEvent: {}
[31.439537] (-) TimerEvent: {}
[31.539908] (-) TimerEvent: {}
[31.640290] (-) TimerEvent: {}
[31.740668] (-) TimerEvent: {}
[31.841054] (-) TimerEvent: {}
[31.941480] (-) TimerEvent: {}
[32.041908] (-) TimerEvent: {}
[32.142436] (-) TimerEvent: {}
[32.242790] (-) TimerEvent: {}
[32.343195] (-) TimerEvent: {}
[32.443578] (-) TimerEvent: {}
[32.543968] (-) TimerEvent: {}
[32.644368] (-) TimerEvent: {}
[32.744749] (-) TimerEvent: {}
[32.845151] (-) TimerEvent: {}
[32.945642] (-) TimerEvent: {}
[33.046104] (-) TimerEvent: {}
[33.146638] (-) TimerEvent: {}
[33.247080] (-) TimerEvent: {}
[33.347472] (-) TimerEvent: {}
[33.447961] (-) TimerEvent: {}
[33.548376] (-) TimerEvent: {}
[33.648884] (-) TimerEvent: {}
[33.749277] (-) TimerEvent: {}
[33.849670] (-) TimerEvent: {}
[33.950059] (-) TimerEvent: {}
[34.050435] (-) TimerEvent: {}
[34.150962] (-) TimerEvent: {}
[34.251330] (-) TimerEvent: {}
[34.351795] (-) TimerEvent: {}
[34.452290] (-) TimerEvent: {}
[34.552778] (-) TimerEvent: {}
[34.653168] (-) TimerEvent: {}
[34.753588] (-) TimerEvent: {}
[34.854021] (-) TimerEvent: {}
[34.954436] (-) TimerEvent: {}
[35.055272] (-) TimerEvent: {}
[35.155708] (-) TimerEvent: {}
[35.256138] (-) TimerEvent: {}
[35.356595] (-) TimerEvent: {}
[35.456975] (-) TimerEvent: {}
[35.557358] (-) TimerEvent: {}
[35.657760] (-) TimerEvent: {}
[35.758149] (-) TimerEvent: {}
[35.858524] (-) TimerEvent: {}
[35.959003] (-) TimerEvent: {}
[36.059448] (-) TimerEvent: {}
[36.159852] (-) TimerEvent: {}
[36.260290] (-) TimerEvent: {}
[36.360767] (-) TimerEvent: {}
[36.461182] (-) TimerEvent: {}
[36.561582] (-) TimerEvent: {}
[36.662012] (-) TimerEvent: {}
[36.762442] (-) TimerEvent: {}
[36.862906] (-) TimerEvent: {}
[36.963338] (-) TimerEvent: {}
[37.063781] (-) TimerEvent: {}
[37.164194] (-) TimerEvent: {}
[37.264606] (-) TimerEvent: {}
[37.365037] (-) TimerEvent: {}
[37.465369] (-) TimerEvent: {}
[37.565776] (-) TimerEvent: {}
[37.666179] (-) TimerEvent: {}
[37.766576] (-) TimerEvent: {}
[37.866976] (-) TimerEvent: {}
[37.967415] (-) TimerEvent: {}
[38.067854] (-) TimerEvent: {}
[38.168263] (-) TimerEvent: {}
[38.268712] (-) TimerEvent: {}
[38.369131] (-) TimerEvent: {}
[38.469585] (-) TimerEvent: {}
[38.570237] (-) TimerEvent: {}
[38.670908] (-) TimerEvent: {}
[38.771367] (-) TimerEvent: {}
[38.871884] (-) TimerEvent: {}
[38.972343] (-) TimerEvent: {}
[39.072817] (-) TimerEvent: {}
[39.173277] (-) TimerEvent: {}
[39.273726] (-) TimerEvent: {}
[39.374179] (-) TimerEvent: {}
[39.474633] (-) TimerEvent: {}
[39.575108] (-) TimerEvent: {}
[39.675552] (-) TimerEvent: {}
[39.776012] (-) TimerEvent: {}
[39.876446] (-) TimerEvent: {}
[39.976891] (-) TimerEvent: {}
[40.077330] (-) TimerEvent: {}
[40.177724] (-) TimerEvent: {}
[40.278121] (-) TimerEvent: {}
[40.378558] (-) TimerEvent: {}
[40.478997] (-) TimerEvent: {}
[40.579441] (-) TimerEvent: {}
[40.679870] (-) TimerEvent: {}
[40.780315] (-) TimerEvent: {}
[40.880663] (-) TimerEvent: {}
[40.981049] (-) TimerEvent: {}
[41.081452] (-) TimerEvent: {}
[41.181837] (-) TimerEvent: {}
[41.282208] (-) TimerEvent: {}
[41.382750] (-) TimerEvent: {}
[41.483252] (-) TimerEvent: {}
[41.583692] (-) TimerEvent: {}
[41.684114] (-) TimerEvent: {}
[41.784531] (-) TimerEvent: {}
[41.884929] (-) TimerEvent: {}
[41.985336] (-) TimerEvent: {}
[42.085735] (-) TimerEvent: {}
[42.186094] (-) TimerEvent: {}
[42.286529] (-) TimerEvent: {}
[42.386972] (-) TimerEvent: {}
[42.487451] (-) TimerEvent: {}
[42.587878] (-) TimerEvent: {}
[42.688259] (-) TimerEvent: {}
[42.788677] (-) TimerEvent: {}
[42.889129] (-) TimerEvent: {}
[42.989583] (-) TimerEvent: {}
[43.090025] (-) TimerEvent: {}
[43.190467] (-) TimerEvent: {}
[43.290929] (-) TimerEvent: {}
[43.391367] (-) TimerEvent: {}
[43.491809] (-) TimerEvent: {}
[43.592437] (-) TimerEvent: {}
[43.692891] (-) TimerEvent: {}
[43.793333] (-) TimerEvent: {}
[43.893769] (-) TimerEvent: {}
[43.994212] (-) TimerEvent: {}
[44.094632] (-) TimerEvent: {}
[44.195050] (-) TimerEvent: {}
[44.295428] (-) TimerEvent: {}
[44.395795] (-) TimerEvent: {}
[44.496172] (-) TimerEvent: {}
[44.596546] (-) TimerEvent: {}
[44.696913] (-) TimerEvent: {}
[44.797299] (-) TimerEvent: {}
[44.897730] (-) TimerEvent: {}
[44.998137] (-) TimerEvent: {}
[45.098494] (-) TimerEvent: {}
[45.198886] (-) TimerEvent: {}
[45.299300] (-) TimerEvent: {}
[45.399688] (-) TimerEvent: {}
[45.500092] (-) TimerEvent: {}
[45.600482] (-) TimerEvent: {}
[45.700906] (-) TimerEvent: {}
[45.801318] (-) TimerEvent: {}
[45.901759] (-) TimerEvent: {}
[46.002120] (-) TimerEvent: {}
[46.102533] (-) TimerEvent: {}
[46.202954] (-) TimerEvent: {}
[46.303384] (-) TimerEvent: {}
[46.403807] (-) TimerEvent: {}
[46.504252] (-) TimerEvent: {}
[46.604692] (-) TimerEvent: {}
[46.705151] (-) TimerEvent: {}
[46.805594] (-) TimerEvent: {}
[46.906043] (-) TimerEvent: {}
[47.006531] (-) TimerEvent: {}
[47.106954] (-) TimerEvent: {}
[47.207351] (-) TimerEvent: {}
[47.307717] (-) TimerEvent: {}
[47.408075] (-) TimerEvent: {}
[47.508481] (-) TimerEvent: {}
[47.608900] (-) TimerEvent: {}
[47.709312] (-) TimerEvent: {}
[47.809744] (-) TimerEvent: {}
[47.910133] (-) TimerEvent: {}
[48.010546] (-) TimerEvent: {}
[48.111006] (-) TimerEvent: {}
[48.211468] (-) TimerEvent: {}
[48.312049] (-) TimerEvent: {}
[48.412446] (-) TimerEvent: {}
[48.512850] (-) TimerEvent: {}
[48.613293] (-) TimerEvent: {}
[48.713751] (-) TimerEvent: {}
[48.814153] (-) TimerEvent: {}
[48.914600] (-) TimerEvent: {}
[49.015048] (-) TimerEvent: {}
[49.115472] (-) TimerEvent: {}
[49.215908] (-) TimerEvent: {}
[49.316308] (-) TimerEvent: {}
[49.416682] (-) TimerEvent: {}
[49.517092] (-) TimerEvent: {}
[49.617507] (-) TimerEvent: {}
[49.717913] (-) TimerEvent: {}
[49.818359] (-) TimerEvent: {}
[49.918760] (-) TimerEvent: {}
[50.019233] (-) TimerEvent: {}
[50.119637] (-) TimerEvent: {}
[50.220016] (-) TimerEvent: {}
[50.320385] (-) TimerEvent: {}
[50.420745] (-) TimerEvent: {}
[50.521109] (-) TimerEvent: {}
[50.621469] (-) TimerEvent: {}
[50.721835] (-) TimerEvent: {}
[50.822203] (-) TimerEvent: {}
[50.922586] (-) TimerEvent: {}
[51.022998] (-) TimerEvent: {}
[51.123384] (-) TimerEvent: {}
[51.223794] (-) TimerEvent: {}
[51.324151] (-) TimerEvent: {}
[51.424522] (-) TimerEvent: {}
[51.524967] (-) TimerEvent: {}
[51.625352] (-) TimerEvent: {}
[51.725759] (-) TimerEvent: {}
[51.826337] (-) TimerEvent: {}
[51.926716] (-) TimerEvent: {}
[52.027127] (-) TimerEvent: {}
[52.127550] (-) TimerEvent: {}
[52.227976] (-) TimerEvent: {}
[52.328364] (-) TimerEvent: {}
[52.428732] (-) TimerEvent: {}
[52.529111] (-) TimerEvent: {}
[52.629558] (-) TimerEvent: {}
[52.729982] (-) TimerEvent: {}
[52.830377] (-) TimerEvent: {}
[52.930718] (-) TimerEvent: {}
[53.031080] (-) TimerEvent: {}
[53.131439] (-) TimerEvent: {}
[53.231848] (-) TimerEvent: {}
[53.332276] (-) TimerEvent: {}
[53.432935] (-) TimerEvent: {}
[53.533338] (-) TimerEvent: {}
[53.633703] (-) TimerEvent: {}
[53.734059] (-) TimerEvent: {}
[53.834405] (-) TimerEvent: {}
[53.934745] (-) TimerEvent: {}
[54.035334] (-) TimerEvent: {}
[54.135698] (-) TimerEvent: {}
[54.236089] (-) TimerEvent: {}
[54.336466] (-) TimerEvent: {}
[54.436882] (-) TimerEvent: {}
[54.537531] (-) TimerEvent: {}
[54.637945] (-) TimerEvent: {}
[54.738357] (-) TimerEvent: {}
[54.838794] (-) TimerEvent: {}
[54.939238] (-) TimerEvent: {}
[55.039644] (-) TimerEvent: {}
[55.140053] (-) TimerEvent: {}
[55.240465] (-) TimerEvent: {}
[55.340880] (-) TimerEvent: {}
[55.441291] (-) TimerEvent: {}
[55.541694] (-) TimerEvent: {}
[55.642099] (-) TimerEvent: {}
[55.742500] (-) TimerEvent: {}
[55.842916] (-) TimerEvent: {}
[55.943287] (-) TimerEvent: {}
[56.043640] (-) TimerEvent: {}
[56.144026] (-) TimerEvent: {}
[56.244371] (-) TimerEvent: {}
[56.344722] (-) TimerEvent: {}
[56.445094] (-) TimerEvent: {}
[56.545456] (-) TimerEvent: {}
[56.645835] (-) TimerEvent: {}
[56.746427] (-) TimerEvent: {}
[56.846795] (-) TimerEvent: {}
[56.947254] (-) TimerEvent: {}
[57.047602] (-) TimerEvent: {}
[57.147980] (-) TimerEvent: {}
[57.248403] (-) TimerEvent: {}
[57.348989] (-) TimerEvent: {}
[57.449411] (-) TimerEvent: {}
[57.549838] (-) TimerEvent: {}
[57.650256] (-) TimerEvent: {}
[57.750681] (-) TimerEvent: {}
[57.851129] (-) TimerEvent: {}
[57.951519] (-) TimerEvent: {}
[58.052070] (-) TimerEvent: {}
[58.152467] (-) TimerEvent: {}
[58.252871] (-) TimerEvent: {}
[58.353255] (-) TimerEvent: {}
[58.453673] (-) TimerEvent: {}
[58.554102] (-) TimerEvent: {}
[58.654522] (-) TimerEvent: {}
[58.754971] (-) TimerEvent: {}
[58.855384] (-) TimerEvent: {}
[58.955758] (-) TimerEvent: {}
[59.056148] (-) TimerEvent: {}
[59.156584] (-) TimerEvent: {}
[59.256903] (-) TimerEvent: {}
[59.357239] (-) TimerEvent: {}
[59.457588] (-) TimerEvent: {}
[59.557952] (-) TimerEvent: {}
[59.658296] (-) TimerEvent: {}
[59.758638] (-) TimerEvent: {}
[59.858983] (-) TimerEvent: {}
[59.959342] (-) TimerEvent: {}
[60.059639] (-) TimerEvent: {}
[60.160007] (-) TimerEvent: {}
[60.260388] (-) TimerEvent: {}
[60.360769] (-) TimerEvent: {}
[60.461185] (-) TimerEvent: {}
[60.561600] (-) TimerEvent: {}
[60.662017] (-) TimerEvent: {}
[60.762434] (-) TimerEvent: {}
[60.862875] (-) TimerEvent: {}
[60.963268] (-) TimerEvent: {}
[61.063659] (-) TimerEvent: {}
[61.164073] (-) TimerEvent: {}
[61.264462] (-) TimerEvent: {}
[61.364884] (-) TimerEvent: {}
[61.465262] (-) TimerEvent: {}
[61.565674] (-) TimerEvent: {}
[61.666123] (-) TimerEvent: {}
[61.766561] (-) TimerEvent: {}
[61.866993] (-) TimerEvent: {}
[61.967404] (-) TimerEvent: {}
[62.067785] (-) TimerEvent: {}
[62.168179] (-) TimerEvent: {}
[62.268559] (-) TimerEvent: {}
[62.368934] (-) TimerEvent: {}
[62.469329] (-) TimerEvent: {}
[62.569709] (-) TimerEvent: {}
[62.670081] (-) TimerEvent: {}
[62.770487] (-) TimerEvent: {}
[62.870924] (-) TimerEvent: {}
[62.971294] (-) TimerEvent: {}
[63.071677] (-) TimerEvent: {}
[63.172185] (-) TimerEvent: {}
[63.272612] (-) TimerEvent: {}
[63.372994] (-) TimerEvent: {}
[63.473400] (-) TimerEvent: {}
[63.573839] (-) TimerEvent: {}
[63.674251] (-) TimerEvent: {}
[63.774654] (-) TimerEvent: {}
[63.875107] (-) TimerEvent: {}
[63.975506] (-) TimerEvent: {}
[64.075915] (-) TimerEvent: {}
[64.176357] (-) TimerEvent: {}
[64.276792] (-) TimerEvent: {}
[64.377196] (-) TimerEvent: {}
[64.477602] (-) TimerEvent: {}
[64.578062] (-) TimerEvent: {}
[64.678481] (-) TimerEvent: {}
[64.778968] (-) TimerEvent: {}
[64.879421] (-) TimerEvent: {}
[64.979852] (-) TimerEvent: {}
[65.080270] (-) TimerEvent: {}
[65.180652] (-) TimerEvent: {}
[65.281035] (-) TimerEvent: {}
[65.381441] (-) TimerEvent: {}
[65.481802] (-) TimerEvent: {}
[65.582224] (-) TimerEvent: {}
[65.682577] (-) TimerEvent: {}
[65.782974] (-) TimerEvent: {}
[65.883387] (-) TimerEvent: {}
[65.983772] (-) TimerEvent: {}
[66.084153] (-) TimerEvent: {}
[66.184532] (-) TimerEvent: {}
[66.284893] (-) TimerEvent: {}
[66.385244] (-) TimerEvent: {}
[66.485624] (-) TimerEvent: {}
[66.586034] (-) TimerEvent: {}
[66.686434] (-) TimerEvent: {}
[66.786845] (-) TimerEvent: {}
[66.887254] (-) TimerEvent: {}
[66.987646] (-) TimerEvent: {}
[67.088027] (-) TimerEvent: {}
[67.188466] (-) TimerEvent: {}
[67.288856] (-) TimerEvent: {}
[67.389251] (-) TimerEvent: {}
[67.489671] (-) TimerEvent: {}
[67.590078] (-) TimerEvent: {}
[67.690466] (-) TimerEvent: {}
[67.790865] (-) TimerEvent: {}
[67.891277] (-) TimerEvent: {}
[67.991697] (-) TimerEvent: {}
[68.092289] (-) TimerEvent: {}
[68.192691] (-) TimerEvent: {}
[68.293056] (-) TimerEvent: {}
[68.393403] (-) TimerEvent: {}
[68.493762] (-) TimerEvent: {}
[68.594125] (-) TimerEvent: {}
[68.694477] (-) TimerEvent: {}
[68.794841] (-) TimerEvent: {}
[68.895215] (-) TimerEvent: {}
[68.995600] (-) TimerEvent: {}
[69.095936] (-) TimerEvent: {}
[69.196294] (-) TimerEvent: {}
[69.296684] (-) TimerEvent: {}
[69.397098] (-) TimerEvent: {}
[69.498401] (-) TimerEvent: {}
[69.598784] (-) TimerEvent: {}
[69.699236] (-) TimerEvent: {}
[69.799656] (-) TimerEvent: {}
[69.900831] (-) TimerEvent: {}
[70.001253] (-) TimerEvent: {}
[70.101688] (-) TimerEvent: {}
[70.202194] (-) TimerEvent: {}
[70.302600] (-) TimerEvent: {}
[70.403079] (-) TimerEvent: {}
[70.503535] (-) TimerEvent: {}
[70.603977] (-) TimerEvent: {}
[70.704412] (-) TimerEvent: {}
[70.804798] (-) TimerEvent: {}
[70.905169] (-) TimerEvent: {}
[71.005578] (-) TimerEvent: {}
[71.106018] (-) TimerEvent: {}
[71.206409] (-) TimerEvent: {}
[71.306804] (-) TimerEvent: {}
[71.407197] (-) TimerEvent: {}
[71.507578] (-) TimerEvent: {}
[71.607954] (-) TimerEvent: {}
[71.708356] (-) TimerEvent: {}
[71.808747] (-) TimerEvent: {}
[71.909126] (-) TimerEvent: {}
[72.009555] (-) TimerEvent: {}
[72.110043] (-) TimerEvent: {}
[72.210490] (-) TimerEvent: {}
[72.310920] (-) TimerEvent: {}
[72.411281] (-) TimerEvent: {}
[72.511717] (-) TimerEvent: {}
[72.612155] (-) TimerEvent: {}
[72.712609] (-) TimerEvent: {}
[72.813046] (-) TimerEvent: {}
[72.913479] (-) TimerEvent: {}
[73.013927] (-) TimerEvent: {}
[73.114344] (-) TimerEvent: {}
[73.214769] (-) TimerEvent: {}
[73.315486] (-) TimerEvent: {}
[73.415884] (-) TimerEvent: {}
[73.516289] (-) TimerEvent: {}
[73.616676] (-) TimerEvent: {}
[73.717106] (-) TimerEvent: {}
[73.817459] (-) TimerEvent: {}
[73.917842] (-) TimerEvent: {}
[74.018253] (-) TimerEvent: {}
[74.118636] (-) TimerEvent: {}
[74.219028] (-) TimerEvent: {}
[74.319394] (-) TimerEvent: {}
[74.419826] (-) TimerEvent: {}
[74.520235] (-) TimerEvent: {}
[74.620620] (-) TimerEvent: {}
[74.720984] (-) TimerEvent: {}
[74.821388] (-) TimerEvent: {}
[74.921785] (-) TimerEvent: {}
[75.022173] (-) TimerEvent: {}
[75.122607] (-) TimerEvent: {}
[75.223048] (-) TimerEvent: {}
[75.323416] (-) TimerEvent: {}
[75.423971] (-) TimerEvent: {}
[75.524408] (-) TimerEvent: {}
[75.624866] (-) TimerEvent: {}
[75.725299] (-) TimerEvent: {}
[75.796116] (pcd_ndt_localization) StdoutLine: {'line': b'[100%] Linking CXX executable pcd_ndt_localizer\n'}
[75.825426] (-) TimerEvent: {}
[75.925812] (-) TimerEvent: {}
[76.026274] (-) TimerEvent: {}
[76.126738] (-) TimerEvent: {}
[76.227231] (-) TimerEvent: {}
[76.327695] (-) TimerEvent: {}
[76.428166] (-) TimerEvent: {}
[76.528650] (-) TimerEvent: {}
[76.629102] (-) TimerEvent: {}
[76.729509] (-) TimerEvent: {}
[76.829901] (-) TimerEvent: {}
[76.930292] (-) TimerEvent: {}
[77.030722] (-) TimerEvent: {}
[77.131212] (-) TimerEvent: {}
[77.231633] (-) TimerEvent: {}
[77.332035] (-) TimerEvent: {}
[77.432446] (-) TimerEvent: {}
[77.532874] (-) TimerEvent: {}
[77.633303] (-) TimerEvent: {}
[77.733731] (-) TimerEvent: {}
[77.834245] (-) TimerEvent: {}
[77.934652] (-) TimerEvent: {}
[78.035119] (-) TimerEvent: {}
[78.135513] (-) TimerEvent: {}
[78.236077] (-) TimerEvent: {}
[78.336536] (-) TimerEvent: {}
[78.436984] (-) TimerEvent: {}
[78.537426] (-) TimerEvent: {}
[78.637874] (-) TimerEvent: {}
[78.738307] (-) TimerEvent: {}
[78.838759] (-) TimerEvent: {}
[78.939226] (-) TimerEvent: {}
[79.039661] (-) TimerEvent: {}
[79.140107] (-) TimerEvent: {}
[79.240535] (-) TimerEvent: {}
[79.340945] (-) TimerEvent: {}
[79.441350] (-) TimerEvent: {}
[79.541754] (-) TimerEvent: {}
[79.642158] (-) TimerEvent: {}
[79.742577] (-) TimerEvent: {}
[79.842984] (-) TimerEvent: {}
[79.943391] (-) TimerEvent: {}
[80.043783] (-) TimerEvent: {}
[80.144187] (-) TimerEvent: {}
[80.244589] (-) TimerEvent: {}
[80.344994] (-) TimerEvent: {}
[80.445397] (-) TimerEvent: {}
[80.545785] (-) TimerEvent: {}
[80.646191] (-) TimerEvent: {}
[80.746580] (-) TimerEvent: {}
[80.846999] (-) TimerEvent: {}
[80.947332] (-) TimerEvent: {}
[81.047717] (-) TimerEvent: {}
[81.148114] (-) TimerEvent: {}
[81.248498] (-) TimerEvent: {}
[81.348847] (-) TimerEvent: {}
[81.449228] (-) TimerEvent: {}
[81.549599] (-) TimerEvent: {}
[81.649975] (-) TimerEvent: {}
[81.750356] (-) TimerEvent: {}
[81.850753] (-) TimerEvent: {}
[81.951169] (-) TimerEvent: {}
[82.051551] (-) TimerEvent: {}
[82.151954] (-) TimerEvent: {}
[82.252308] (-) TimerEvent: {}
[82.352645] (-) TimerEvent: {}
[82.453044] (-) TimerEvent: {}
[82.501656] (pcd_ndt_localization) StdoutLine: {'line': b'[100%] Built target pcd_ndt_localizer\n'}
[82.512510] (pcd_ndt_localization) CommandEnded: {'returncode': 0}
[82.514425] (pcd_ndt_localization) JobProgress: {'identifier': 'pcd_ndt_localization', 'progress': 'install'}
[82.521499] (pcd_ndt_localization) Command: {'cmd': ['/usr/local/bin/cmake', '--install', '/home/seeed/ros2/ws/build/pcd_ndt_localization'], 'cwd': '/home/seeed/ros2/ws/build/pcd_ndt_localization', 'env': OrderedDict([('LANGUAGE', 'zh_CN:en'), ('USER', 'seeed'), ('SSH_CLIENT', '10.200.24.83 58005 22'), ('LC_TIME', 'zh_CN.UTF-8'), ('XDG_SESSION_TYPE', 'tty'), ('SHLVL', '0'), ('LD_LIBRARY_PATH', '/opt/ros/humble/opt/rviz_ogre_vendor/lib:/opt/ros/humble/lib/aarch64-linux-gnu:/opt/ros/humble/lib'), ('MOTD_SHOWN', 'pam'), ('HOME', '/home/seeed'), ('OLDPWD', '/home/seeed'), ('ROS_PYTHON_VERSION', '3'), ('LC_MONETARY', 'zh_CN.UTF-8'), ('LC_CTYPE', 'C.UTF-8'), ('DBUS_SESSION_BUS_ADDRESS', 'unix:path=/run/user/1000/bus'), ('ROS_DISTRO', 'humble'), ('LOGNAME', 'seeed'), ('_', '/usr/bin/colcon'), ('ROS_VERSION', '2'), ('XDG_SESSION_CLASS', 'user'), ('XDG_SESSION_ID', '344'), ('ROS_LOCALHOST_ONLY', '0'), ('PATH', '/opt/ros/humble/bin:/usr/local/sbin:/usr/local/bin:/usr/sbin:/usr/bin:/sbin:/bin:/usr/games:/usr/local/games:/snap/bin'), ('PAPERSIZE', 'a4'), ('LC_ADDRESS', 'zh_CN.UTF-8'), ('XDG_RUNTIME_DIR', '/run/user/1000'), ('DISPLAY', 'localhost:12.0'), ('LANG', 'zh_CN.UTF-8'), ('LC_TELEPHONE', 'zh_CN.UTF-8'), ('AMENT_PREFIX_PATH', '/opt/ros/humble'), ('SHELL', '/bin/bash'), ('LC_NAME', 'zh_CN.UTF-8'), ('LC_MEASUREMENT', 'zh_CN.UTF-8'), ('LC_IDENTIFICATION', 'zh_CN.UTF-8'), ('PWD', '/home/seeed/ros2/ws/build/pcd_ndt_localization'), ('LC_ALL', 'en_US.UTF-8'), ('SSH_CONNECTION', '10.200.24.83 58005 10.200.54.207 22'), ('PYTHONPATH', '/opt/ros/humble/lib/python3.10/site-packages:/opt/ros/humble/local/lib/python3.10/dist-packages'), ('LC_NUMERIC', 'zh_CN.UTF-8'), ('LC_PAPER', 'zh_CN.UTF-8'), ('COLCON', '1'), ('CMAKE_PREFIX_PATH', '/opt/ros/humble')]), 'shell': False}
[82.527408] (pcd_ndt_localization) StdoutLine: {'line': b'-- Install configuration: ""\n'}
[82.528695] (pcd_ndt_localization) StdoutLine: {'line': b'-- Up-to-date: /home/seeed/ros2/ws/install/pcd_ndt_localization/share/pcd_ndt_localization/config\n'}
[82.529200] (pcd_ndt_localization) StdoutLine: {'line': b'-- Up-to-date: /home/seeed/ros2/ws/install/pcd_ndt_localization/share/pcd_ndt_localization/launch\n'}
[82.529391] (pcd_ndt_localization) StdoutLine: {'line': b'-- Installing: /home/seeed/ros2/ws/install/pcd_ndt_localization/share/pcd_ndt_localization/package.dsv\n'}
[82.531199] (pcd_ndt_localization) CommandEnded: {'returncode': 0}
[82.553391] (-) TimerEvent: {}
[82.596872] (pcd_ndt_localization) JobEnded: {'identifier': 'pcd_ndt_localization', 'rc': 0}
[82.599039] (-) EventReactorShutdown: {}
