[0.000000] (-) TimerEvent: {}
[0.000368] (-) JobUnselected: {'identifier': 'livox_ros_driver2'}
[0.000908] (-) JobUnselected: {'identifier': 'nav_tf_bridge'}
[0.001213] (-) JobUnselected: {'identifier': 'pcd_ndt_localization'}
[0.001498] (-) JobUnselected: {'identifier': 'ranger_base'}
[0.001614] (-) JobUnselected: {'identifier': 'ranger_bringup'}
[0.001710] (-) JobUnselected: {'identifier': 'ranger_msgs'}
[0.001827] (-) JobUnselected: {'identifier': 'ugv_sdk'}
[0.001875] (-) JobUnselected: {'identifier': 'vikit_common'}
[0.001918] (-) JobUnselected: {'identifier': 'vikit_ros'}
[0.001987] (fast_lio) JobQueued: {'identifier': 'fast_lio', 'dependencies': OrderedDict([('livox_ros_driver2', '/home/seeed/ros2/ws/install/livox_ros_driver2')])}
[0.002118] (fast_lio) JobStarted: {'identifier': 'fast_lio'}
[0.026745] (fast_lio) JobProgress: {'identifier': 'fast_lio', 'progress': 'cmake'}
[0.030141] (fast_lio) JobProgress: {'identifier': 'fast_lio', 'progress': 'build'}
[0.032346] (fast_lio) Command: {'cmd': ['/usr/local/bin/cmake', '--build', '/home/seeed/ros2/ws/build/fast_lio', '--', '-j6', '-l6'], 'cwd': '/home/seeed/ros2/ws/build/fast_lio', 'env': OrderedDict([('LANGUAGE', 'zh_CN:en'), ('USER', 'seeed'), ('SSH_CLIENT', '10.200.24.83 48421 22'), ('LC_TIME', 'zh_CN.UTF-8'), ('XDG_SESSION_TYPE', 'tty'), ('SHLVL', '0'), ('LD_LIBRARY_PATH', '/home/seeed/ros2/ws/install/livox_ros_driver2/lib:/opt/ros/humble/opt/rviz_ogre_vendor/lib:/opt/ros/humble/lib/aarch64-linux-gnu:/opt/ros/humble/lib'), ('MOTD_SHOWN', 'pam'), ('HOME', '/home/seeed'), ('OLDPWD', '/home/seeed'), ('ROS_PYTHON_VERSION', '3'), ('LC_MONETARY', 'zh_CN.UTF-8'), ('DBUS_SESSION_BUS_ADDRESS', 'unix:path=/run/user/1000/bus'), ('ROS_DISTRO', 'humble'), ('LOGNAME', 'seeed'), ('_', '/usr/bin/colcon'), ('ROS_VERSION', '2'), ('XDG_SESSION_CLASS', 'user'), ('XDG_SESSION_ID', '86'), ('ROS_LOCALHOST_ONLY', '0'), ('PATH', '/opt/ros/humble/bin:/usr/local/sbin:/usr/local/bin:/usr/sbin:/usr/bin:/sbin:/bin:/usr/games:/usr/local/games:/snap/bin'), ('PAPERSIZE', 'a4'), ('LC_ADDRESS', 'zh_CN.UTF-8'), ('XDG_RUNTIME_DIR', '/run/user/1000'), ('DISPLAY', 'localhost:15.0'), ('LANG', 'zh_CN.UTF-8'), ('LC_TELEPHONE', 'zh_CN.UTF-8'), ('AMENT_PREFIX_PATH', '/home/seeed/ros2/ws/install/livox_ros_driver2:/opt/ros/humble'), ('SHELL', '/bin/bash'), ('LC_NAME', 'zh_CN.UTF-8'), ('LC_MEASUREMENT', 'zh_CN.UTF-8'), ('LC_IDENTIFICATION', 'zh_CN.UTF-8'), ('PWD', '/home/seeed/ros2/ws/build/fast_lio'), ('LC_ALL', 'en_US.UTF-8'), ('SSH_CONNECTION', '10.200.24.83 48421 10.200.54.207 22'), ('PYTHONPATH', '/home/seeed/ros2/ws/install/livox_ros_driver2/local/lib/python3.10/dist-packages:/opt/ros/humble/lib/python3.10/site-packages:/opt/ros/humble/local/lib/python3.10/dist-packages'), ('LC_NUMERIC', 'zh_CN.UTF-8'), ('LC_PAPER', 'zh_CN.UTF-8'), ('COLCON', '1'), ('CMAKE_PREFIX_PATH', '/home/seeed/ros2/ws/install/livox_ros_driver2:/opt/ros/humble')]), 'shell': False}
[0.098804] (-) TimerEvent: {}
[0.152203] (fast_lio) StdoutLine: {'line': b'[  2%] Built target fast_lio__cpp\n'}
[0.153269] (fast_lio) StdoutLine: {'line': b'[  5%] Built target fast_lio__rs\n'}
[0.158615] (fast_lio) StdoutLine: {'line': b'[  5%] Built target ament_cmake_python_symlink_fast_lio\n'}
[0.160057] (fast_lio) StdoutLine: {'line': b'[ 13%] Built target fast_lio__rosidl_generator_c\n'}
[0.183784] (fast_lio) StdoutLine: {'line': b'[ 22%] Built target fast_lio__rosidl_typesupport_introspection_c\n'}
[0.185629] (fast_lio) StdoutLine: {'line': b'[ 30%] Built target fast_lio__rosidl_typesupport_cpp\n'}
[0.186593] (fast_lio) StdoutLine: {'line': b'[ 38%] Built target fast_lio__rosidl_typesupport_introspection_cpp\n'}
[0.187844] (fast_lio) StdoutLine: {'line': b'[ 47%] Built target fast_lio__rosidl_typesupport_fastrtps_cpp\n'}
[0.196466] (fast_lio) StdoutLine: {'line': b'[ 55%] Built target fast_lio__rosidl_typesupport_fastrtps_c\n'}
[0.198909] (-) TimerEvent: {}
[0.210248] (fast_lio) StdoutLine: {'line': b'[ 63%] Built target fast_lio__rosidl_typesupport_c\n'}
[0.230857] (fast_lio) StdoutLine: {'line': b'[ 63%] Built target fast_lio\n'}
[0.250715] (fast_lio) StdoutLine: {'line': b'[ 66%] Built target fast_lio__py\n'}
[0.278796] (fast_lio) StdoutLine: {'line': b'[ 72%] Built target fast_lio__rosidl_generator_py\n'}
[0.299126] (-) TimerEvent: {}
[0.303218] (fast_lio) StdoutLine: {'line': b'[ 77%] Built target fast_lio__rosidl_typesupport_introspection_c__pyext\n'}
[0.305571] (fast_lio) StdoutLine: {'line': b'[ 83%] Built target fast_lio__rosidl_typesupport_fastrtps_c__pyext\n'}
[0.306595] (fast_lio) StdoutLine: {'line': b'[ 88%] Built target fast_lio__rosidl_typesupport_c__pyext\n'}
[0.362153] (fast_lio) StdoutLine: {'line': b'[ 91%] Building CXX object CMakeFiles/fastlio_mapping.dir/src/laserMapping.cpp.o\n'}
[0.364063] (fast_lio) StdoutLine: {'line': b'[ 94%] Building CXX object CMakeFiles/fastlio_mapping.dir/src/preprocess.cpp.o\n'}
[0.399251] (-) TimerEvent: {}
[0.499632] (-) TimerEvent: {}
[0.600006] (-) TimerEvent: {}
[0.700352] (-) TimerEvent: {}
[0.716108] (fast_lio) StdoutLine: {'line': b'running egg_info\n'}
[0.718253] (fast_lio) StdoutLine: {'line': b'writing fast_lio.egg-info/PKG-INFO\n'}
[0.718898] (fast_lio) StdoutLine: {'line': b'writing dependency_links to fast_lio.egg-info/dependency_links.txt\n'}
[0.719491] (fast_lio) StdoutLine: {'line': b'writing top-level names to fast_lio.egg-info/top_level.txt\n'}
[0.727518] (fast_lio) StdoutLine: {'line': b"reading manifest file 'fast_lio.egg-info/SOURCES.txt'\n"}
[0.727901] (fast_lio) StdoutLine: {'line': b"writing manifest file 'fast_lio.egg-info/SOURCES.txt'\n"}
[0.793772] (fast_lio) StdoutLine: {'line': b'[ 94%] Built target ament_cmake_python_build_fast_lio_egg\n'}
[0.800436] (-) TimerEvent: {}
[0.900735] (-) TimerEvent: {}
[1.001105] (-) TimerEvent: {}
[1.101505] (-) TimerEvent: {}
[1.201899] (-) TimerEvent: {}
[1.302320] (-) TimerEvent: {}
[1.402722] (-) TimerEvent: {}
[1.503108] (-) TimerEvent: {}
[1.603491] (-) TimerEvent: {}
[1.703869] (-) TimerEvent: {}
[1.804275] (-) TimerEvent: {}
[1.904657] (-) TimerEvent: {}
[2.005071] (-) TimerEvent: {}
[2.105472] (-) TimerEvent: {}
[2.205865] (-) TimerEvent: {}
[2.306289] (-) TimerEvent: {}
[2.406689] (-) TimerEvent: {}
[2.507079] (-) TimerEvent: {}
[2.607487] (-) TimerEvent: {}
[2.707915] (-) TimerEvent: {}
[2.808314] (-) TimerEvent: {}
[2.908705] (-) TimerEvent: {}
[3.009099] (-) TimerEvent: {}
[3.109475] (-) TimerEvent: {}
[3.209881] (-) TimerEvent: {}
[3.310325] (-) TimerEvent: {}
[3.410733] (-) TimerEvent: {}
[3.511139] (-) TimerEvent: {}
[3.611555] (-) TimerEvent: {}
[3.711951] (-) TimerEvent: {}
[3.812326] (-) TimerEvent: {}
[3.912739] (-) TimerEvent: {}
[4.013147] (-) TimerEvent: {}
[4.113534] (-) TimerEvent: {}
[4.213917] (-) TimerEvent: {}
[4.314338] (-) TimerEvent: {}
[4.414750] (-) TimerEvent: {}
[4.515155] (-) TimerEvent: {}
[4.615536] (-) TimerEvent: {}
[4.715945] (-) TimerEvent: {}
[4.816338] (-) TimerEvent: {}
[4.916728] (-) TimerEvent: {}
[5.017100] (-) TimerEvent: {}
[5.117506] (-) TimerEvent: {}
[5.217918] (-) TimerEvent: {}
[5.318362] (-) TimerEvent: {}
[5.418780] (-) TimerEvent: {}
[5.519183] (-) TimerEvent: {}
[5.619591] (-) TimerEvent: {}
[5.720012] (-) TimerEvent: {}
[5.820434] (-) TimerEvent: {}
[5.920852] (-) TimerEvent: {}
[6.021301] (-) TimerEvent: {}
[6.121732] (-) TimerEvent: {}
[6.222126] (-) TimerEvent: {}
[6.322560] (-) TimerEvent: {}
[6.422962] (-) TimerEvent: {}
[6.523369] (-) TimerEvent: {}
[6.623768] (-) TimerEvent: {}
[6.724182] (-) TimerEvent: {}
[6.824588] (-) TimerEvent: {}
[6.925149] (-) TimerEvent: {}
[7.025569] (-) TimerEvent: {}
[7.126033] (-) TimerEvent: {}
[7.226452] (-) TimerEvent: {}
[7.326872] (-) TimerEvent: {}
[7.427280] (-) TimerEvent: {}
[7.527682] (-) TimerEvent: {}
[7.628096] (-) TimerEvent: {}
[7.728512] (-) TimerEvent: {}
[7.828926] (-) TimerEvent: {}
[7.929332] (-) TimerEvent: {}
[8.029758] (-) TimerEvent: {}
[8.132282] (-) TimerEvent: {}
[8.232716] (-) TimerEvent: {}
[8.333143] (-) TimerEvent: {}
[8.433577] (-) TimerEvent: {}
[8.534040] (-) TimerEvent: {}
[8.634451] (-) TimerEvent: {}
[8.734944] (-) TimerEvent: {}
[8.835346] (-) TimerEvent: {}
[8.935770] (-) TimerEvent: {}
[9.036181] (-) TimerEvent: {}
[9.136588] (-) TimerEvent: {}
[9.237056] (-) TimerEvent: {}
[9.337464] (-) TimerEvent: {}
[9.437842] (-) TimerEvent: {}
[9.538297] (-) TimerEvent: {}
[9.638698] (-) TimerEvent: {}
[9.739108] (-) TimerEvent: {}
[9.839514] (-) TimerEvent: {}
[9.939953] (-) TimerEvent: {}
[10.040330] (-) TimerEvent: {}
[10.140774] (-) TimerEvent: {}
[10.241189] (-) TimerEvent: {}
[10.341601] (-) TimerEvent: {}
[10.442039] (-) TimerEvent: {}
[10.542387] (-) TimerEvent: {}
[10.642758] (-) TimerEvent: {}
[10.743160] (-) TimerEvent: {}
[10.843560] (-) TimerEvent: {}
[10.943955] (-) TimerEvent: {}
[11.044367] (-) TimerEvent: {}
[11.144733] (-) TimerEvent: {}
[11.245158] (-) TimerEvent: {}
[11.345567] (-) TimerEvent: {}
[11.446000] (-) TimerEvent: {}
[11.546373] (-) TimerEvent: {}
[11.646736] (-) TimerEvent: {}
[11.747140] (-) TimerEvent: {}
[11.847496] (-) TimerEvent: {}
[11.947881] (-) TimerEvent: {}
[12.048290] (-) TimerEvent: {}
[12.148678] (-) TimerEvent: {}
[12.249091] (-) TimerEvent: {}
[12.349484] (-) TimerEvent: {}
[12.449912] (-) TimerEvent: {}
[12.550355] (-) TimerEvent: {}
[12.650768] (-) TimerEvent: {}
[12.751139] (-) TimerEvent: {}
[12.851546] (-) TimerEvent: {}
[12.951953] (-) TimerEvent: {}
[13.052369] (-) TimerEvent: {}
[13.152772] (-) TimerEvent: {}
[13.253173] (-) TimerEvent: {}
[13.353582] (-) TimerEvent: {}
[13.454016] (-) TimerEvent: {}
[13.554396] (-) TimerEvent: {}
[13.654795] (-) TimerEvent: {}
[13.755210] (-) TimerEvent: {}
[13.855645] (-) TimerEvent: {}
[13.956060] (-) TimerEvent: {}
[14.056470] (-) TimerEvent: {}
[14.156880] (-) TimerEvent: {}
[14.257284] (-) TimerEvent: {}
[14.357685] (-) TimerEvent: {}
[14.458103] (-) TimerEvent: {}
[14.558517] (-) TimerEvent: {}
[14.658957] (-) TimerEvent: {}
[14.759370] (-) TimerEvent: {}
[14.859789] (-) TimerEvent: {}
[14.960213] (-) TimerEvent: {}
[15.060629] (-) TimerEvent: {}
[15.161039] (-) TimerEvent: {}
[15.261467] (-) TimerEvent: {}
[15.361880] (-) TimerEvent: {}
[15.462317] (-) TimerEvent: {}
[15.562727] (-) TimerEvent: {}
[15.663122] (-) TimerEvent: {}
[15.763495] (-) TimerEvent: {}
[15.863923] (-) TimerEvent: {}
[15.964359] (-) TimerEvent: {}
[16.064762] (-) TimerEvent: {}
[16.165176] (-) TimerEvent: {}
[16.265599] (-) TimerEvent: {}
[16.366021] (-) TimerEvent: {}
[16.368848] (fast_lio) StderrLine: {'line': b'In file included from /usr/include/boost/smart_ptr/detail/sp_thread_sleep.hpp:22,\n'}
[16.369355] (fast_lio) StderrLine: {'line': b'                 from /usr/include/boost/smart_ptr/detail/yield_k.hpp:23,\n'}
[16.369537] (fast_lio) StderrLine: {'line': b'                 from /usr/include/boost/smart_ptr/detail/spinlock_gcc_atomic.hpp:14,\n'}
[16.369692] (fast_lio) StderrLine: {'line': b'                 from /usr/include/boost/smart_ptr/detail/spinlock.hpp:42,\n'}
[16.369849] (fast_lio) StderrLine: {'line': b'                 from /usr/include/boost/smart_ptr/detail/spinlock_pool.hpp:25,\n'}
[16.370021] (fast_lio) StderrLine: {'line': b'                 from /usr/include/boost/smart_ptr/shared_ptr.hpp:29,\n'}
[16.370160] (fast_lio) StderrLine: {'line': b'                 from /usr/include/boost/shared_ptr.hpp:17,\n'}
[16.370290] (fast_lio) StderrLine: {'line': b'                 from /usr/include/boost/date_time/microsec_time_clock.hpp:18,\n'}
[16.370416] (fast_lio) StderrLine: {'line': b'                 from /usr/include/boost/interprocess/detail/posix_time_types_wrk.hpp:31,\n'}
[16.370541] (fast_lio) StderrLine: {'line': b'                 from /usr/include/boost/interprocess/detail/os_thread_functions.hpp:36,\n'}
[16.370665] (fast_lio) StderrLine: {'line': b'                 from /usr/include/boost/interprocess/sync/file_lock.hpp:26,\n'}
[16.370785] (fast_lio) StderrLine: {'line': b'                 from /usr/include/pcl-1.12/pcl/io/pcd_io.h:46,\n'}
[16.370907] (fast_lio) StderrLine: {'line': b'                 from /opt/ros/humble/include/pcl_conversions/pcl_conversions/pcl_conversions.h:73,\n'}
[16.371029] (fast_lio) StderrLine: {'line': b'                 from /home/seeed/ros2/ws/src/slam/fast_lio/src/IMU_Processing.hpp:18,\n'}
[16.371167] (fast_lio) StderrLine: {'line': b'                 from /home/seeed/ros2/ws/src/slam/fast_lio/src/laserMapping.cpp:47:\n'}
[16.371317] (fast_lio) StderrLine: {'line': b'/usr/include/boost/bind.hpp:36:1: note: \xe2\x80\x98#pragma message: The practice of declaring the Bind placeholders (_1, _2, ...) in the global namespace is deprecated. Please use <boost/bind/bind.hpp> + using namespace boost::placeholders, or define BOOST_BIND_GLOBAL_PLACEHOLDERS to retain the current behavior.\xe2\x80\x99\n'}
[16.371455] (fast_lio) StderrLine: {'line': b'   36 | BOOST_PRAGMA_MESSAGE(\n'}
[16.371578] (fast_lio) StderrLine: {'line': b'      | ^~~~~~~~~~~~~~~~~~~~\n'}
[16.466203] (-) TimerEvent: {}
[16.566602] (-) TimerEvent: {}
[16.666979] (-) TimerEvent: {}
[16.767400] (-) TimerEvent: {}
[16.867804] (-) TimerEvent: {}
[16.968204] (-) TimerEvent: {}
[17.068555] (-) TimerEvent: {}
[17.168951] (-) TimerEvent: {}
[17.269374] (-) TimerEvent: {}
[17.369783] (-) TimerEvent: {}
[17.470226] (-) TimerEvent: {}
[17.570642] (-) TimerEvent: {}
[17.671037] (-) TimerEvent: {}
[17.771442] (-) TimerEvent: {}
[17.871863] (-) TimerEvent: {}
[17.972283] (-) TimerEvent: {}
[18.072693] (-) TimerEvent: {}
[18.173109] (-) TimerEvent: {}
[18.273489] (-) TimerEvent: {}
[18.373897] (-) TimerEvent: {}
[18.474323] (-) TimerEvent: {}
[18.574790] (-) TimerEvent: {}
[18.675185] (-) TimerEvent: {}
[18.775609] (-) TimerEvent: {}
[18.876027] (-) TimerEvent: {}
[18.976438] (-) TimerEvent: {}
[19.076843] (-) TimerEvent: {}
[19.177257] (-) TimerEvent: {}
[19.277625] (-) TimerEvent: {}
[19.378072] (-) TimerEvent: {}
[19.478484] (-) TimerEvent: {}
[19.578889] (-) TimerEvent: {}
[19.679309] (-) TimerEvent: {}
[19.779692] (-) TimerEvent: {}
[19.880127] (-) TimerEvent: {}
[19.980537] (-) TimerEvent: {}
[20.080955] (-) TimerEvent: {}
[20.181383] (-) TimerEvent: {}
[20.281810] (-) TimerEvent: {}
[20.382240] (-) TimerEvent: {}
[20.482655] (-) TimerEvent: {}
[20.583055] (-) TimerEvent: {}
[20.683470] (-) TimerEvent: {}
[20.783885] (-) TimerEvent: {}
[20.884298] (-) TimerEvent: {}
[20.984729] (-) TimerEvent: {}
[21.085154] (-) TimerEvent: {}
[21.185565] (-) TimerEvent: {}
[21.286013] (-) TimerEvent: {}
[21.386411] (-) TimerEvent: {}
[21.486817] (-) TimerEvent: {}
[21.587226] (-) TimerEvent: {}
[21.687625] (-) TimerEvent: {}
[21.788031] (-) TimerEvent: {}
[21.888424] (-) TimerEvent: {}
[21.988836] (-) TimerEvent: {}
[22.089242] (-) TimerEvent: {}
[22.189643] (-) TimerEvent: {}
[22.290077] (-) TimerEvent: {}
[22.390473] (-) TimerEvent: {}
[22.490872] (-) TimerEvent: {}
[22.591266] (-) TimerEvent: {}
[22.691676] (-) TimerEvent: {}
[22.792095] (-) TimerEvent: {}
[22.892495] (-) TimerEvent: {}
[22.992898] (-) TimerEvent: {}
[23.093303] (-) TimerEvent: {}
[23.193700] (-) TimerEvent: {}
[23.294111] (-) TimerEvent: {}
[23.394519] (-) TimerEvent: {}
[23.494936] (-) TimerEvent: {}
[23.595344] (-) TimerEvent: {}
[23.695771] (-) TimerEvent: {}
[23.796184] (-) TimerEvent: {}
[23.896609] (-) TimerEvent: {}
[23.997018] (-) TimerEvent: {}
[24.097457] (-) TimerEvent: {}
[24.197873] (-) TimerEvent: {}
[24.298320] (-) TimerEvent: {}
[24.398734] (-) TimerEvent: {}
[24.499144] (-) TimerEvent: {}
[24.599545] (-) TimerEvent: {}
[24.699935] (-) TimerEvent: {}
[24.800366] (-) TimerEvent: {}
[24.900734] (-) TimerEvent: {}
[25.001145] (-) TimerEvent: {}
[25.101538] (-) TimerEvent: {}
[25.201921] (-) TimerEvent: {}
[25.302357] (-) TimerEvent: {}
[25.402761] (-) TimerEvent: {}
[25.503161] (-) TimerEvent: {}
[25.603541] (-) TimerEvent: {}
[25.703932] (-) TimerEvent: {}
[25.804328] (-) TimerEvent: {}
[25.904732] (-) TimerEvent: {}
[26.005124] (-) TimerEvent: {}
[26.105510] (-) TimerEvent: {}
[26.205898] (-) TimerEvent: {}
[26.306328] (-) TimerEvent: {}
[26.406736] (-) TimerEvent: {}
[26.507140] (-) TimerEvent: {}
[26.607530] (-) TimerEvent: {}
[26.707952] (-) TimerEvent: {}
[26.808377] (-) TimerEvent: {}
[26.908800] (-) TimerEvent: {}
[27.009178] (-) TimerEvent: {}
[27.109566] (-) TimerEvent: {}
[27.209988] (-) TimerEvent: {}
[27.310329] (-) TimerEvent: {}
[27.410713] (-) TimerEvent: {}
[27.511137] (-) TimerEvent: {}
[27.611549] (-) TimerEvent: {}
[27.711990] (-) TimerEvent: {}
[27.812401] (-) TimerEvent: {}
[27.912810] (-) TimerEvent: {}
[28.013239] (-) TimerEvent: {}
[28.113679] (-) TimerEvent: {}
[28.214188] (-) TimerEvent: {}
[28.314751] (-) TimerEvent: {}
[28.415277] (-) TimerEvent: {}
[28.515757] (-) TimerEvent: {}
[28.616244] (-) TimerEvent: {}
[28.716731] (-) TimerEvent: {}
[28.817205] (-) TimerEvent: {}
[28.917675] (-) TimerEvent: {}
[29.018135] (-) TimerEvent: {}
[29.118604] (-) TimerEvent: {}
[29.219088] (-) TimerEvent: {}
[29.319550] (-) TimerEvent: {}
[29.420028] (-) TimerEvent: {}
[29.520509] (-) TimerEvent: {}
[29.620989] (-) TimerEvent: {}
[29.721460] (-) TimerEvent: {}
[29.821927] (-) TimerEvent: {}
[29.922482] (-) TimerEvent: {}
[30.022944] (-) TimerEvent: {}
[30.123410] (-) TimerEvent: {}
[30.223881] (-) TimerEvent: {}
[30.324445] (-) TimerEvent: {}
[30.425043] (-) TimerEvent: {}
[30.490625] (fast_lio) StderrLine: {'line': b'In file included from /home/seeed/ros2/ws/src/slam/fast_lio/include/IKFoM_toolkit/esekfom/../mtk/types/SOn.hpp:83,\n'}
[30.491319] (fast_lio) StderrLine: {'line': b'                 from /home/seeed/ros2/ws/src/slam/fast_lio/include/IKFoM_toolkit/esekfom/esekfom.hpp:49,\n'}
[30.491607] (fast_lio) StderrLine: {'line': b'                 from /home/seeed/ros2/ws/src/slam/fast_lio/include/use-ikfom.hpp:4,\n'}
[30.492021] (fast_lio) StderrLine: {'line': b'                 from /home/seeed/ros2/ws/src/slam/fast_lio/src/IMU_Processing.hpp:22,\n'}
[30.492339] (fast_lio) StderrLine: {'line': b'                 from /home/seeed/ros2/ws/src/slam/fast_lio/src/laserMapping.cpp:47:\n'}
[30.492582] (fast_lio) StderrLine: {'line': b'/home/seeed/ros2/ws/src/slam/fast_lio/include/IKFoM_toolkit/esekfom/../mtk/types/../src/mtkmath.hpp: In instantiation of \xe2\x80\x98std::pair<_FIter, _FIter> MTK::cos_sinc_sqrt(const scalar&) [with scalar = double]\xe2\x80\x99:\n'}
[30.492880] (fast_lio) StderrLine: {'line': b'/home/seeed/ros2/ws/src/slam/fast_lio/include/IKFoM_toolkit/esekfom/../mtk/types/../src/mtkmath.hpp:252:52:   required from \xe2\x80\x98scalar MTK::exp(MTK::vectview<scalar, dim>, MTK::vectview<const scalar, dim>, const scalar&) [with scalar = double; int n = 3]\xe2\x80\x99\n'}
[30.493118] (fast_lio) StderrLine: {'line': b'/home/seeed/ros2/ws/src/slam/fast_lio/include/IKFoM_toolkit/esekfom/../mtk/types/S2.hpp:140:32:   required from \xe2\x80\x98void MTK::S2<_scalar, den, num, S2_typ>::boxplus(MTK::vectview<const _scalar, 2>, MTK::S2<_scalar, den, num, S2_typ>::scalar) [with _scalar = double; int den = 98090; int num = 10000; int S2_typ = 1; MTK::S2<_scalar, den, num, S2_typ>::scalar = double]\xe2\x80\x99\n'}
[30.493388] (fast_lio) StderrLine: {'line': b'/home/seeed/ros2/ws/src/slam/fast_lio/include/use-ikfom.hpp:12:1:   required from here\n'}
[30.493609] (fast_lio) StderrLine: {'line': b'/home/seeed/ros2/ws/src/slam/fast_lio/include/IKFoM_toolkit/esekfom/../mtk/types/../src/mtkmath.hpp:143:27: note: parameter passing for argument of type \xe2\x80\x98std::pair<double, double>\xe2\x80\x99 when C++17 is enabled changed to match C++14 in GCC 10.1\n'}
[30.493876] (fast_lio) StderrLine: {'line': b'  143 | std::pair<scalar, scalar> cos_sinc_sqrt(const scalar &x2){\n'}
[30.494194] (fast_lio) StderrLine: {'line': b'      |                           ^~~~~~~~~~~~~\n'}
[30.525227] (-) TimerEvent: {}
[30.625692] (-) TimerEvent: {}
[30.726303] (-) TimerEvent: {}
[30.826791] (-) TimerEvent: {}
[30.927273] (-) TimerEvent: {}
[31.027744] (-) TimerEvent: {}
[31.128351] (-) TimerEvent: {}
[31.228861] (-) TimerEvent: {}
[31.329337] (-) TimerEvent: {}
[31.429817] (-) TimerEvent: {}
[31.530392] (-) TimerEvent: {}
[31.630862] (-) TimerEvent: {}
[31.731340] (-) TimerEvent: {}
[31.831809] (-) TimerEvent: {}
[31.932334] (-) TimerEvent: {}
[32.032838] (-) TimerEvent: {}
[32.133308] (-) TimerEvent: {}
[32.233775] (-) TimerEvent: {}
[32.334243] (-) TimerEvent: {}
[32.434708] (-) TimerEvent: {}
[32.535197] (-) TimerEvent: {}
[32.635711] (-) TimerEvent: {}
[32.736191] (-) TimerEvent: {}
[32.836672] (-) TimerEvent: {}
[32.937147] (-) TimerEvent: {}
[33.037609] (-) TimerEvent: {}
[33.138144] (-) TimerEvent: {}
[33.238609] (-) TimerEvent: {}
[33.339081] (-) TimerEvent: {}
[33.439544] (-) TimerEvent: {}
[33.539996] (-) TimerEvent: {}
[33.640456] (-) TimerEvent: {}
[33.740919] (-) TimerEvent: {}
[33.841374] (-) TimerEvent: {}
[33.941837] (-) TimerEvent: {}
[34.042335] (-) TimerEvent: {}
[34.142803] (-) TimerEvent: {}
[34.243264] (-) TimerEvent: {}
[34.343736] (-) TimerEvent: {}
[34.444197] (-) TimerEvent: {}
[34.544712] (-) TimerEvent: {}
[34.645225] (-) TimerEvent: {}
[34.745710] (-) TimerEvent: {}
[34.846204] (-) TimerEvent: {}
[34.946661] (-) TimerEvent: {}
[35.047137] (-) TimerEvent: {}
[35.147602] (-) TimerEvent: {}
[35.248057] (-) TimerEvent: {}
[35.348527] (-) TimerEvent: {}
[35.448992] (-) TimerEvent: {}
[35.549477] (-) TimerEvent: {}
[35.649979] (-) TimerEvent: {}
[35.750467] (-) TimerEvent: {}
[35.851035] (-) TimerEvent: {}
[35.951520] (-) TimerEvent: {}
[36.051996] (-) TimerEvent: {}
[36.152469] (-) TimerEvent: {}
[36.252934] (-) TimerEvent: {}
[36.353396] (-) TimerEvent: {}
[36.453867] (-) TimerEvent: {}
[36.554353] (-) TimerEvent: {}
[36.654824] (-) TimerEvent: {}
[36.755334] (-) TimerEvent: {}
[36.855795] (-) TimerEvent: {}
[36.956252] (-) TimerEvent: {}
[37.056721] (-) TimerEvent: {}
[37.157219] (-) TimerEvent: {}
[37.257700] (-) TimerEvent: {}
[37.358197] (-) TimerEvent: {}
[37.458665] (-) TimerEvent: {}
[37.559137] (-) TimerEvent: {}
[37.659612] (-) TimerEvent: {}
[37.760079] (-) TimerEvent: {}
[37.860522] (-) TimerEvent: {}
[37.960931] (-) TimerEvent: {}
[38.061413] (-) TimerEvent: {}
[38.161877] (-) TimerEvent: {}
[38.262365] (-) TimerEvent: {}
[38.362830] (-) TimerEvent: {}
[38.463283] (-) TimerEvent: {}
[38.563756] (-) TimerEvent: {}
[38.664213] (-) TimerEvent: {}
[38.764679] (-) TimerEvent: {}
[38.865151] (-) TimerEvent: {}
[38.965641] (-) TimerEvent: {}
[39.066184] (-) TimerEvent: {}
[39.166688] (-) TimerEvent: {}
[39.267205] (-) TimerEvent: {}
[39.367668] (-) TimerEvent: {}
[39.468149] (-) TimerEvent: {}
[39.568609] (-) TimerEvent: {}
[39.669067] (-) TimerEvent: {}
[39.769518] (-) TimerEvent: {}
[39.870002] (-) TimerEvent: {}
[39.970460] (-) TimerEvent: {}
[40.070905] (-) TimerEvent: {}
[40.171330] (-) TimerEvent: {}
[40.271776] (-) TimerEvent: {}
[40.372206] (-) TimerEvent: {}
[40.472677] (-) TimerEvent: {}
[40.573137] (-) TimerEvent: {}
[40.673605] (-) TimerEvent: {}
[40.774085] (-) TimerEvent: {}
[40.874532] (-) TimerEvent: {}
[40.975010] (-) TimerEvent: {}
[41.075503] (-) TimerEvent: {}
[41.175973] (-) TimerEvent: {}
[41.276438] (-) TimerEvent: {}
[41.376917] (-) TimerEvent: {}
[41.477388] (-) TimerEvent: {}
[41.577885] (-) TimerEvent: {}
[41.678386] (-) TimerEvent: {}
[41.778849] (-) TimerEvent: {}
[41.879312] (-) TimerEvent: {}
[41.979762] (-) TimerEvent: {}
[42.080206] (-) TimerEvent: {}
[42.180668] (-) TimerEvent: {}
[42.281153] (-) TimerEvent: {}
[42.381575] (-) TimerEvent: {}
[42.482081] (-) TimerEvent: {}
[42.582556] (-) TimerEvent: {}
[42.683021] (-) TimerEvent: {}
[42.783484] (-) TimerEvent: {}
[42.883947] (-) TimerEvent: {}
[42.984416] (-) TimerEvent: {}
[43.084846] (-) TimerEvent: {}
[43.185325] (-) TimerEvent: {}
[43.285820] (-) TimerEvent: {}
[43.386303] (-) TimerEvent: {}
[43.486746] (-) TimerEvent: {}
[43.587167] (-) TimerEvent: {}
[43.687595] (-) TimerEvent: {}
[43.788088] (-) TimerEvent: {}
[43.888599] (-) TimerEvent: {}
[43.989074] (-) TimerEvent: {}
[44.089530] (-) TimerEvent: {}
[44.190022] (-) TimerEvent: {}
[44.290495] (-) TimerEvent: {}
[44.390964] (-) TimerEvent: {}
[44.491437] (-) TimerEvent: {}
[44.591913] (-) TimerEvent: {}
[44.692384] (-) TimerEvent: {}
[44.792825] (-) TimerEvent: {}
[44.893290] (-) TimerEvent: {}
[44.993722] (-) TimerEvent: {}
[45.094299] (-) TimerEvent: {}
[45.194784] (-) TimerEvent: {}
[45.295259] (-) TimerEvent: {}
[45.395715] (-) TimerEvent: {}
[45.496163] (-) TimerEvent: {}
[45.596640] (-) TimerEvent: {}
[45.697216] (-) TimerEvent: {}
[45.797679] (-) TimerEvent: {}
[45.898139] (-) TimerEvent: {}
[45.998607] (-) TimerEvent: {}
[46.099049] (-) TimerEvent: {}
[46.199501] (-) TimerEvent: {}
[46.299973] (-) TimerEvent: {}
[46.400496] (-) TimerEvent: {}
[46.500963] (-) TimerEvent: {}
[46.601435] (-) TimerEvent: {}
[46.701874] (-) TimerEvent: {}
[46.802329] (-) TimerEvent: {}
[46.902808] (-) TimerEvent: {}
[47.003278] (-) TimerEvent: {}
[47.103727] (-) TimerEvent: {}
[47.204164] (-) TimerEvent: {}
[47.304631] (-) TimerEvent: {}
[47.405116] (-) TimerEvent: {}
[47.505584] (-) TimerEvent: {}
[47.606100] (-) TimerEvent: {}
[47.706556] (-) TimerEvent: {}
[47.807055] (-) TimerEvent: {}
[47.907552] (-) TimerEvent: {}
[48.007988] (-) TimerEvent: {}
[48.108471] (-) TimerEvent: {}
[48.208933] (-) TimerEvent: {}
[48.309415] (-) TimerEvent: {}
[48.409886] (-) TimerEvent: {}
[48.510399] (-) TimerEvent: {}
[48.610879] (-) TimerEvent: {}
[48.711355] (-) TimerEvent: {}
[48.811811] (-) TimerEvent: {}
[48.912334] (-) TimerEvent: {}
[49.012841] (-) TimerEvent: {}
[49.113363] (-) TimerEvent: {}
[49.213837] (-) TimerEvent: {}
[49.314347] (-) TimerEvent: {}
[49.414817] (-) TimerEvent: {}
[49.515294] (-) TimerEvent: {}
[49.615776] (-) TimerEvent: {}
[49.716358] (-) TimerEvent: {}
[49.816824] (-) TimerEvent: {}
[49.917326] (-) TimerEvent: {}
[50.017770] (-) TimerEvent: {}
[50.118374] (-) TimerEvent: {}
[50.218891] (-) TimerEvent: {}
[50.319370] (-) TimerEvent: {}
[50.419831] (-) TimerEvent: {}
[50.520390] (-) TimerEvent: {}
[50.620866] (-) TimerEvent: {}
[50.721329] (-) TimerEvent: {}
[50.821796] (-) TimerEvent: {}
[50.922286] (-) TimerEvent: {}
[51.022754] (-) TimerEvent: {}
[51.123241] (-) TimerEvent: {}
[51.223719] (-) TimerEvent: {}
[51.324182] (-) TimerEvent: {}
[51.424655] (-) TimerEvent: {}
[51.525136] (-) TimerEvent: {}
[51.625619] (-) TimerEvent: {}
[51.726182] (-) TimerEvent: {}
[51.826702] (-) TimerEvent: {}
[51.927192] (-) TimerEvent: {}
[52.027657] (-) TimerEvent: {}
[52.128125] (-) TimerEvent: {}
[52.228599] (-) TimerEvent: {}
[52.329114] (-) TimerEvent: {}
[52.429592] (-) TimerEvent: {}
[52.530066] (-) TimerEvent: {}
[52.630526] (-) TimerEvent: {}
[52.730997] (-) TimerEvent: {}
[52.831453] (-) TimerEvent: {}
[52.931937] (-) TimerEvent: {}
[53.032440] (-) TimerEvent: {}
[53.132960] (-) TimerEvent: {}
[53.233442] (-) TimerEvent: {}
[53.333906] (-) TimerEvent: {}
[53.434363] (-) TimerEvent: {}
[53.534856] (-) TimerEvent: {}
[53.635333] (-) TimerEvent: {}
[53.735809] (-) TimerEvent: {}
[53.836260] (-) TimerEvent: {}
[53.936701] (-) TimerEvent: {}
[54.037178] (-) TimerEvent: {}
[54.137649] (-) TimerEvent: {}
[54.238117] (-) TimerEvent: {}
[54.338584] (-) TimerEvent: {}
[54.439053] (-) TimerEvent: {}
[54.539534] (-) TimerEvent: {}
[54.639992] (-) TimerEvent: {}
[54.740570] (-) TimerEvent: {}
[54.841106] (-) TimerEvent: {}
[54.941609] (-) TimerEvent: {}
[55.042150] (-) TimerEvent: {}
[55.142660] (-) TimerEvent: {}
[55.243186] (-) TimerEvent: {}
[55.343657] (-) TimerEvent: {}
[55.444134] (-) TimerEvent: {}
[55.544604] (-) TimerEvent: {}
[55.645078] (-) TimerEvent: {}
[55.745527] (-) TimerEvent: {}
[55.846020] (-) TimerEvent: {}
[55.946501] (-) TimerEvent: {}
[56.047204] (-) TimerEvent: {}
[56.147649] (-) TimerEvent: {}
[56.248117] (-) TimerEvent: {}
[56.348583] (-) TimerEvent: {}
[56.449028] (-) TimerEvent: {}
[56.549472] (-) TimerEvent: {}
[56.650014] (-) TimerEvent: {}
[56.750524] (-) TimerEvent: {}
[56.850990] (-) TimerEvent: {}
[56.951456] (-) TimerEvent: {}
[57.051924] (-) TimerEvent: {}
[57.152396] (-) TimerEvent: {}
[57.252860] (-) TimerEvent: {}
[57.353325] (-) TimerEvent: {}
[57.453788] (-) TimerEvent: {}
[57.554274] (-) TimerEvent: {}
[57.654727] (-) TimerEvent: {}
[57.755183] (-) TimerEvent: {}
[57.855638] (-) TimerEvent: {}
[57.956128] (-) TimerEvent: {}
[58.056603] (-) TimerEvent: {}
[58.157074] (-) TimerEvent: {}
[58.257532] (-) TimerEvent: {}
[58.358021] (-) TimerEvent: {}
[58.458463] (-) TimerEvent: {}
[58.558894] (-) TimerEvent: {}
[58.659362] (-) TimerEvent: {}
[58.759846] (-) TimerEvent: {}
[58.860377] (-) TimerEvent: {}
[58.960919] (-) TimerEvent: {}
[59.061456] (-) TimerEvent: {}
[59.161930] (-) TimerEvent: {}
[59.262431] (-) TimerEvent: {}
[59.362897] (-) TimerEvent: {}
[59.463365] (-) TimerEvent: {}
[59.563847] (-) TimerEvent: {}
[59.664470] (-) TimerEvent: {}
[59.765021] (-) TimerEvent: {}
[59.865497] (-) TimerEvent: {}
[59.965992] (-) TimerEvent: {}
[60.066472] (-) TimerEvent: {}
[60.166968] (-) TimerEvent: {}
[60.267431] (-) TimerEvent: {}
[60.367879] (-) TimerEvent: {}
[60.468350] (-) TimerEvent: {}
[60.568836] (-) TimerEvent: {}
[60.669318] (-) TimerEvent: {}
[60.769781] (-) TimerEvent: {}
[60.870399] (-) TimerEvent: {}
[60.970865] (-) TimerEvent: {}
[61.071325] (-) TimerEvent: {}
[61.171780] (-) TimerEvent: {}
[61.272234] (-) TimerEvent: {}
[61.372707] (-) TimerEvent: {}
[61.473166] (-) TimerEvent: {}
[61.573607] (-) TimerEvent: {}
[61.674097] (-) TimerEvent: {}
[61.774570] (-) TimerEvent: {}
[61.875029] (-) TimerEvent: {}
[61.975519] (-) TimerEvent: {}
[62.076042] (-) TimerEvent: {}
[62.176569] (-) TimerEvent: {}
[62.277094] (-) TimerEvent: {}
[62.377543] (-) TimerEvent: {}
[62.478039] (-) TimerEvent: {}
[62.578513] (-) TimerEvent: {}
[62.678980] (-) TimerEvent: {}
[62.779450] (-) TimerEvent: {}
[62.879899] (-) TimerEvent: {}
[62.980482] (-) TimerEvent: {}
[63.080931] (-) TimerEvent: {}
[63.181411] (-) TimerEvent: {}
[63.281851] (-) TimerEvent: {}
[63.382362] (-) TimerEvent: {}
[63.482880] (-) TimerEvent: {}
[63.583395] (-) TimerEvent: {}
[63.683877] (-) TimerEvent: {}
[63.784351] (-) TimerEvent: {}
[63.884882] (-) TimerEvent: {}
[63.985325] (-) TimerEvent: {}
[64.085808] (-) TimerEvent: {}
[64.186361] (-) TimerEvent: {}
[64.286854] (-) TimerEvent: {}
[64.387323] (-) TimerEvent: {}
[64.487792] (-) TimerEvent: {}
[64.588260] (-) TimerEvent: {}
[64.688754] (-) TimerEvent: {}
[64.789251] (-) TimerEvent: {}
[64.889720] (-) TimerEvent: {}
[64.990252] (-) TimerEvent: {}
[65.090769] (-) TimerEvent: {}
[65.191233] (-) TimerEvent: {}
[65.291725] (-) TimerEvent: {}
[65.392182] (-) TimerEvent: {}
[65.492647] (-) TimerEvent: {}
[65.593112] (-) TimerEvent: {}
[65.693573] (-) TimerEvent: {}
[65.794066] (-) TimerEvent: {}
[65.894533] (-) TimerEvent: {}
[65.995059] (-) TimerEvent: {}
[66.095577] (-) TimerEvent: {}
[66.196015] (-) TimerEvent: {}
[66.296481] (-) TimerEvent: {}
[66.396993] (-) TimerEvent: {}
[66.497501] (-) TimerEvent: {}
[66.598002] (-) TimerEvent: {}
[66.698563] (-) TimerEvent: {}
[66.799147] (-) TimerEvent: {}
[66.899613] (-) TimerEvent: {}
[67.000126] (-) TimerEvent: {}
[67.100661] (-) TimerEvent: {}
[67.201218] (-) TimerEvent: {}
[67.301690] (-) TimerEvent: {}
[67.402207] (-) TimerEvent: {}
[67.502786] (-) TimerEvent: {}
[67.603265] (-) TimerEvent: {}
[67.703742] (-) TimerEvent: {}
[67.804210] (-) TimerEvent: {}
[67.904672] (-) TimerEvent: {}
[68.005196] (-) TimerEvent: {}
[68.105690] (-) TimerEvent: {}
[68.206155] (-) TimerEvent: {}
[68.306635] (-) TimerEvent: {}
[68.407126] (-) TimerEvent: {}
[68.507586] (-) TimerEvent: {}
[68.608056] (-) TimerEvent: {}
[68.708616] (-) TimerEvent: {}
[68.809168] (-) TimerEvent: {}
[68.909619] (-) TimerEvent: {}
[69.010123] (-) TimerEvent: {}
[69.110653] (-) TimerEvent: {}
[69.211142] (-) TimerEvent: {}
[69.311608] (-) TimerEvent: {}
[69.412072] (-) TimerEvent: {}
[69.512630] (-) TimerEvent: {}
[69.613095] (-) TimerEvent: {}
[69.713550] (-) TimerEvent: {}
[69.814012] (-) TimerEvent: {}
[69.914474] (-) TimerEvent: {}
[70.014934] (-) TimerEvent: {}
[70.115376] (-) TimerEvent: {}
[70.215797] (-) TimerEvent: {}
[70.316233] (-) TimerEvent: {}
[70.416701] (-) TimerEvent: {}
[70.517105] (-) TimerEvent: {}
[70.617506] (-) TimerEvent: {}
[70.717916] (-) TimerEvent: {}
[70.818355] (-) TimerEvent: {}
[70.918766] (-) TimerEvent: {}
[71.019182] (-) TimerEvent: {}
[71.119595] (-) TimerEvent: {}
[71.219991] (-) TimerEvent: {}
[71.320379] (-) TimerEvent: {}
[71.420782] (-) TimerEvent: {}
[71.521188] (-) TimerEvent: {}
[71.621591] (-) TimerEvent: {}
[71.721999] (-) TimerEvent: {}
[71.822393] (-) TimerEvent: {}
[71.922811] (-) TimerEvent: {}
[72.023231] (-) TimerEvent: {}
[72.123646] (-) TimerEvent: {}
[72.224058] (-) TimerEvent: {}
[72.324469] (-) TimerEvent: {}
[72.424896] (-) TimerEvent: {}
[72.525311] (-) TimerEvent: {}
[72.625723] (-) TimerEvent: {}
[72.726120] (-) TimerEvent: {}
[72.826532] (-) TimerEvent: {}
[72.927003] (-) TimerEvent: {}
[73.027416] (-) TimerEvent: {}
[73.127831] (-) TimerEvent: {}
[73.228249] (-) TimerEvent: {}
[73.328662] (-) TimerEvent: {}
[73.429099] (-) TimerEvent: {}
[73.529520] (-) TimerEvent: {}
[73.629973] (-) TimerEvent: {}
[73.730407] (-) TimerEvent: {}
[73.830828] (-) TimerEvent: {}
[73.931245] (-) TimerEvent: {}
[74.031650] (-) TimerEvent: {}
[74.132070] (-) TimerEvent: {}
[74.232481] (-) TimerEvent: {}
[74.332893] (-) TimerEvent: {}
[74.433302] (-) TimerEvent: {}
[74.533703] (-) TimerEvent: {}
[74.634120] (-) TimerEvent: {}
[74.734533] (-) TimerEvent: {}
[74.834943] (-) TimerEvent: {}
[74.935360] (-) TimerEvent: {}
[75.035776] (-) TimerEvent: {}
[75.136188] (-) TimerEvent: {}
[75.236603] (-) TimerEvent: {}
[75.337021] (-) TimerEvent: {}
[75.437537] (-) TimerEvent: {}
[75.537982] (-) TimerEvent: {}
[75.638395] (-) TimerEvent: {}
[75.738817] (-) TimerEvent: {}
[75.839225] (-) TimerEvent: {}
[75.939638] (-) TimerEvent: {}
[76.040051] (-) TimerEvent: {}
[76.140478] (-) TimerEvent: {}
[76.240910] (-) TimerEvent: {}
[76.341335] (-) TimerEvent: {}
[76.441737] (-) TimerEvent: {}
[76.542162] (-) TimerEvent: {}
[76.642580] (-) TimerEvent: {}
[76.742989] (-) TimerEvent: {}
[76.843392] (-) TimerEvent: {}
[76.943792] (-) TimerEvent: {}
[77.044196] (-) TimerEvent: {}
[77.144598] (-) TimerEvent: {}
[77.245021] (-) TimerEvent: {}
[77.345440] (-) TimerEvent: {}
[77.445851] (-) TimerEvent: {}
[77.546283] (-) TimerEvent: {}
[77.646690] (-) TimerEvent: {}
[77.747103] (-) TimerEvent: {}
[77.847511] (-) TimerEvent: {}
[77.947922] (-) TimerEvent: {}
[78.048326] (-) TimerEvent: {}
[78.148727] (-) TimerEvent: {}
[78.249138] (-) TimerEvent: {}
[78.349557] (-) TimerEvent: {}
[78.449990] (-) TimerEvent: {}
[78.550416] (-) TimerEvent: {}
[78.650830] (-) TimerEvent: {}
[78.751215] (-) TimerEvent: {}
[78.851624] (-) TimerEvent: {}
[78.952036] (-) TimerEvent: {}
[79.052447] (-) TimerEvent: {}
[79.152845] (-) TimerEvent: {}
[79.253252] (-) TimerEvent: {}
[79.353653] (-) TimerEvent: {}
[79.454069] (-) TimerEvent: {}
[79.554466] (-) TimerEvent: {}
[79.654869] (-) TimerEvent: {}
[79.755274] (-) TimerEvent: {}
[79.855945] (-) TimerEvent: {}
[79.956358] (-) TimerEvent: {}
[80.056804] (-) TimerEvent: {}
[80.157280] (-) TimerEvent: {}
[80.257739] (-) TimerEvent: {}
[80.358232] (-) TimerEvent: {}
[80.458760] (-) TimerEvent: {}
[80.559236] (-) TimerEvent: {}
[80.659720] (-) TimerEvent: {}
[80.760190] (-) TimerEvent: {}
[80.860668] (-) TimerEvent: {}
[80.961145] (-) TimerEvent: {}
[81.061613] (-) TimerEvent: {}
[81.162098] (-) TimerEvent: {}
[81.262570] (-) TimerEvent: {}
[81.363040] (-) TimerEvent: {}
[81.463502] (-) TimerEvent: {}
[81.563964] (-) TimerEvent: {}
[81.664424] (-) TimerEvent: {}
[81.764889] (-) TimerEvent: {}
[81.865370] (-) TimerEvent: {}
[81.965819] (-) TimerEvent: {}
[82.066338] (-) TimerEvent: {}
[82.166807] (-) TimerEvent: {}
[82.267287] (-) TimerEvent: {}
[82.367757] (-) TimerEvent: {}
[82.468218] (-) TimerEvent: {}
[82.568706] (-) TimerEvent: {}
[82.669166] (-) TimerEvent: {}
[82.769609] (-) TimerEvent: {}
[82.870088] (-) TimerEvent: {}
[82.970570] (-) TimerEvent: {}
[83.071025] (-) TimerEvent: {}
[83.171445] (-) TimerEvent: {}
[83.271922] (-) TimerEvent: {}
[83.372400] (-) TimerEvent: {}
[83.472878] (-) TimerEvent: {}
[83.573347] (-) TimerEvent: {}
[83.673823] (-) TimerEvent: {}
[83.774321] (-) TimerEvent: {}
[83.874799] (-) TimerEvent: {}
[83.975271] (-) TimerEvent: {}
[84.075744] (-) TimerEvent: {}
[84.176278] (-) TimerEvent: {}
[84.276828] (-) TimerEvent: {}
[84.377312] (-) TimerEvent: {}
[84.477787] (-) TimerEvent: {}
[84.578278] (-) TimerEvent: {}
[84.678772] (-) TimerEvent: {}
[84.779252] (-) TimerEvent: {}
[84.879722] (-) TimerEvent: {}
[84.980147] (-) TimerEvent: {}
[85.080627] (-) TimerEvent: {}
[85.181114] (-) TimerEvent: {}
[85.281585] (-) TimerEvent: {}
[85.382080] (-) TimerEvent: {}
[85.482532] (-) TimerEvent: {}
[85.582969] (-) TimerEvent: {}
[85.683439] (-) TimerEvent: {}
[85.783899] (-) TimerEvent: {}
[85.884362] (-) TimerEvent: {}
[85.984836] (-) TimerEvent: {}
[86.085294] (-) TimerEvent: {}
[86.185840] (-) TimerEvent: {}
[86.286326] (-) TimerEvent: {}
[86.386812] (-) TimerEvent: {}
[86.487290] (-) TimerEvent: {}
[86.587763] (-) TimerEvent: {}
[86.688235] (-) TimerEvent: {}
[86.788674] (-) TimerEvent: {}
[86.889122] (-) TimerEvent: {}
[86.989594] (-) TimerEvent: {}
[87.090088] (-) TimerEvent: {}
[87.190592] (-) TimerEvent: {}
[87.291063] (-) TimerEvent: {}
[87.391536] (-) TimerEvent: {}
[87.492014] (-) TimerEvent: {}
[87.592481] (-) TimerEvent: {}
[87.692946] (-) TimerEvent: {}
[87.793426] (-) TimerEvent: {}
[87.893849] (-) TimerEvent: {}
[87.994358] (-) TimerEvent: {}
[88.094799] (-) TimerEvent: {}
[88.195265] (-) TimerEvent: {}
[88.295745] (-) TimerEvent: {}
[88.396229] (-) TimerEvent: {}
[88.496698] (-) TimerEvent: {}
[88.597190] (-) TimerEvent: {}
[88.697667] (-) TimerEvent: {}
[88.798141] (-) TimerEvent: {}
[88.898610] (-) TimerEvent: {}
[88.999082] (-) TimerEvent: {}
[89.099552] (-) TimerEvent: {}
[89.200027] (-) TimerEvent: {}
[89.300504] (-) TimerEvent: {}
[89.400942] (-) TimerEvent: {}
[89.501408] (-) TimerEvent: {}
[89.601880] (-) TimerEvent: {}
[89.702371] (-) TimerEvent: {}
[89.802872] (-) TimerEvent: {}
[89.903401] (-) TimerEvent: {}
[90.003862] (-) TimerEvent: {}
[90.104313] (-) TimerEvent: {}
[90.204778] (-) TimerEvent: {}
[90.305258] (-) TimerEvent: {}
[90.405704] (-) TimerEvent: {}
[90.506253] (-) TimerEvent: {}
[90.606728] (-) TimerEvent: {}
[90.707168] (-) TimerEvent: {}
[90.807662] (-) TimerEvent: {}
[90.908145] (-) TimerEvent: {}
[91.008610] (-) TimerEvent: {}
[91.109081] (-) TimerEvent: {}
[91.209545] (-) TimerEvent: {}
[91.310027] (-) TimerEvent: {}
[91.410496] (-) TimerEvent: {}
[91.510970] (-) TimerEvent: {}
[91.611453] (-) TimerEvent: {}
[91.711918] (-) TimerEvent: {}
[91.812383] (-) TimerEvent: {}
[91.912827] (-) TimerEvent: {}
[92.013261] (-) TimerEvent: {}
[92.113723] (-) TimerEvent: {}
[92.214210] (-) TimerEvent: {}
[92.314682] (-) TimerEvent: {}
[92.415145] (-) TimerEvent: {}
[92.515608] (-) TimerEvent: {}
[92.616079] (-) TimerEvent: {}
[92.716608] (-) TimerEvent: {}
[92.817070] (-) TimerEvent: {}
[92.917546] (-) TimerEvent: {}
[93.018024] (-) TimerEvent: {}
[93.118463] (-) TimerEvent: {}
[93.218909] (-) TimerEvent: {}
[93.319386] (-) TimerEvent: {}
[93.419856] (-) TimerEvent: {}
[93.520331] (-) TimerEvent: {}
[93.620790] (-) TimerEvent: {}
[93.721261] (-) TimerEvent: {}
[93.821739] (-) TimerEvent: {}
[93.922244] (-) TimerEvent: {}
[94.022719] (-) TimerEvent: {}
[94.123184] (-) TimerEvent: {}
[94.223649] (-) TimerEvent: {}
[94.324103] (-) TimerEvent: {}
[94.424557] (-) TimerEvent: {}
[94.525037] (-) TimerEvent: {}
[94.625555] (-) TimerEvent: {}
[94.726067] (-) TimerEvent: {}
[94.826530] (-) TimerEvent: {}
[94.927003] (-) TimerEvent: {}
[95.027494] (-) TimerEvent: {}
[95.127941] (-) TimerEvent: {}
[95.228412] (-) TimerEvent: {}
[95.328880] (-) TimerEvent: {}
[95.429374] (-) TimerEvent: {}
[95.529861] (-) TimerEvent: {}
[95.630350] (-) TimerEvent: {}
[95.730832] (-) TimerEvent: {}
[95.831291] (-) TimerEvent: {}
[95.931789] (-) TimerEvent: {}
[96.032250] (-) TimerEvent: {}
[96.132718] (-) TimerEvent: {}
[96.233255] (-) TimerEvent: {}
[96.333740] (-) TimerEvent: {}
[96.434223] (-) TimerEvent: {}
[96.534727] (-) TimerEvent: {}
[96.635267] (-) TimerEvent: {}
[96.735780] (-) TimerEvent: {}
[96.836254] (-) TimerEvent: {}
[96.936722] (-) TimerEvent: {}
[97.037170] (-) TimerEvent: {}
[97.137610] (-) TimerEvent: {}
[97.238091] (-) TimerEvent: {}
[97.338541] (-) TimerEvent: {}
[97.439005] (-) TimerEvent: {}
[97.539480] (-) TimerEvent: {}
[97.639956] (-) TimerEvent: {}
[97.740415] (-) TimerEvent: {}
[97.840875] (-) TimerEvent: {}
[97.941316] (-) TimerEvent: {}
[98.041761] (-) TimerEvent: {}
[98.142261] (-) TimerEvent: {}
[98.242718] (-) TimerEvent: {}
[98.343175] (-) TimerEvent: {}
[98.443647] (-) TimerEvent: {}
[98.544106] (-) TimerEvent: {}
[98.644560] (-) TimerEvent: {}
[98.745003] (-) TimerEvent: {}
[98.845444] (-) TimerEvent: {}
[98.945960] (-) TimerEvent: {}
[99.046424] (-) TimerEvent: {}
[99.146891] (-) TimerEvent: {}
[99.247363] (-) TimerEvent: {}
[99.347817] (-) TimerEvent: {}
[99.448338] (-) TimerEvent: {}
[99.548793] (-) TimerEvent: {}
[99.649256] (-) TimerEvent: {}
[99.749713] (-) TimerEvent: {}
[99.850196] (-) TimerEvent: {}
[99.950663] (-) TimerEvent: {}
[100.051074] (-) TimerEvent: {}
[100.151496] (-) TimerEvent: {}
[100.251961] (-) TimerEvent: {}
[100.352411] (-) TimerEvent: {}
[100.452874] (-) TimerEvent: {}
[100.553331] (-) TimerEvent: {}
[100.653866] (-) TimerEvent: {}
[100.754347] (-) TimerEvent: {}
[100.854783] (-) TimerEvent: {}
[100.955223] (-) TimerEvent: {}
[101.055698] (-) TimerEvent: {}
[101.156154] (-) TimerEvent: {}
[101.256596] (-) TimerEvent: {}
[101.357028] (-) TimerEvent: {}
[101.457487] (-) TimerEvent: {}
[101.557966] (-) TimerEvent: {}
[101.658431] (-) TimerEvent: {}
[101.758901] (-) TimerEvent: {}
[101.859364] (-) TimerEvent: {}
[101.959827] (-) TimerEvent: {}
[102.060282] (-) TimerEvent: {}
[102.160733] (-) TimerEvent: {}
[102.261187] (-) TimerEvent: {}
[102.361639] (-) TimerEvent: {}
[102.462120] (-) TimerEvent: {}
[102.562583] (-) TimerEvent: {}
[102.663025] (-) TimerEvent: {}
[102.763484] (-) TimerEvent: {}
[102.863930] (-) TimerEvent: {}
[102.964391] (-) TimerEvent: {}
[103.064841] (-) TimerEvent: {}
[103.165269] (-) TimerEvent: {}
[103.265701] (-) TimerEvent: {}
[103.366136] (-) TimerEvent: {}
[103.466596] (-) TimerEvent: {}
[103.567054] (-) TimerEvent: {}
[103.667515] (-) TimerEvent: {}
[103.767970] (-) TimerEvent: {}
[103.868430] (-) TimerEvent: {}
[103.968883] (-) TimerEvent: {}
[104.069336] (-) TimerEvent: {}
[104.169789] (-) TimerEvent: {}
[104.270331] (-) TimerEvent: {}
[104.370912] (-) TimerEvent: {}
[104.471395] (-) TimerEvent: {}
[104.571857] (-) TimerEvent: {}
[104.672315] (-) TimerEvent: {}
[104.772760] (-) TimerEvent: {}
[104.873201] (-) TimerEvent: {}
[104.973664] (-) TimerEvent: {}
[105.074458] (-) TimerEvent: {}
[105.174941] (-) TimerEvent: {}
[105.275401] (-) TimerEvent: {}
[105.375862] (-) TimerEvent: {}
[105.476374] (-) TimerEvent: {}
[105.576935] (-) TimerEvent: {}
[105.677518] (-) TimerEvent: {}
[105.777994] (-) TimerEvent: {}
[105.878462] (-) TimerEvent: {}
[105.978921] (-) TimerEvent: {}
[106.079378] (-) TimerEvent: {}
[106.179852] (-) TimerEvent: {}
[106.280310] (-) TimerEvent: {}
[106.380770] (-) TimerEvent: {}
[106.481230] (-) TimerEvent: {}
[106.581688] (-) TimerEvent: {}
[106.682140] (-) TimerEvent: {}
[106.782683] (-) TimerEvent: {}
[106.883147] (-) TimerEvent: {}
[106.983859] (-) TimerEvent: {}
[107.084371] (-) TimerEvent: {}
[107.184931] (-) TimerEvent: {}
[107.285474] (-) TimerEvent: {}
[107.385968] (-) TimerEvent: {}
[107.486441] (-) TimerEvent: {}
[107.586912] (-) TimerEvent: {}
[107.687357] (-) TimerEvent: {}
[107.787807] (-) TimerEvent: {}
[107.888274] (-) TimerEvent: {}
[107.988735] (-) TimerEvent: {}
[108.089173] (-) TimerEvent: {}
[108.189637] (-) TimerEvent: {}
[108.290120] (-) TimerEvent: {}
[108.390592] (-) TimerEvent: {}
[108.491052] (-) TimerEvent: {}
[108.591513] (-) TimerEvent: {}
[108.691967] (-) TimerEvent: {}
[108.792415] (-) TimerEvent: {}
[108.892868] (-) TimerEvent: {}
[108.993304] (-) TimerEvent: {}
[109.093723] (-) TimerEvent: {}
[109.194134] (-) TimerEvent: {}
[109.294589] (-) TimerEvent: {}
[109.395048] (-) TimerEvent: {}
[109.495531] (-) TimerEvent: {}
[109.596009] (-) TimerEvent: {}
[109.696529] (-) TimerEvent: {}
[109.797072] (-) TimerEvent: {}
[109.897523] (-) TimerEvent: {}
[109.998010] (-) TimerEvent: {}
[110.098475] (-) TimerEvent: {}
[110.198936] (-) TimerEvent: {}
[110.299394] (-) TimerEvent: {}
[110.399820] (-) TimerEvent: {}
[110.500279] (-) TimerEvent: {}
[110.600859] (-) TimerEvent: {}
[110.701547] (-) TimerEvent: {}
[110.802024] (-) TimerEvent: {}
[110.902481] (-) TimerEvent: {}
[111.002948] (-) TimerEvent: {}
[111.103402] (-) TimerEvent: {}
[111.203866] (-) TimerEvent: {}
[111.304325] (-) TimerEvent: {}
[111.404817] (-) TimerEvent: {}
[111.505286] (-) TimerEvent: {}
[111.605762] (-) TimerEvent: {}
[111.706252] (-) TimerEvent: {}
[111.806779] (-) TimerEvent: {}
[111.907248] (-) TimerEvent: {}
[112.007717] (-) TimerEvent: {}
[112.108175] (-) TimerEvent: {}
[112.208635] (-) TimerEvent: {}
[112.309161] (-) TimerEvent: {}
[112.409632] (-) TimerEvent: {}
[112.510126] (-) TimerEvent: {}
[112.610645] (-) TimerEvent: {}
[112.711106] (-) TimerEvent: {}
[112.811572] (-) TimerEvent: {}
[112.912038] (-) TimerEvent: {}
[113.012492] (-) TimerEvent: {}
[113.112961] (-) TimerEvent: {}
[113.213432] (-) TimerEvent: {}
[113.313886] (-) TimerEvent: {}
[113.414363] (-) TimerEvent: {}
[113.514915] (-) TimerEvent: {}
[113.615423] (-) TimerEvent: {}
[113.715898] (-) TimerEvent: {}
[113.816379] (-) TimerEvent: {}
[113.916867] (-) TimerEvent: {}
[114.017363] (-) TimerEvent: {}
[114.117824] (-) TimerEvent: {}
[114.218298] (-) TimerEvent: {}
[114.318774] (-) TimerEvent: {}
[114.419237] (-) TimerEvent: {}
[114.519701] (-) TimerEvent: {}
[114.620162] (-) TimerEvent: {}
[114.720636] (-) TimerEvent: {}
[114.821100] (-) TimerEvent: {}
[114.921558] (-) TimerEvent: {}
[115.022018] (-) TimerEvent: {}
[115.122468] (-) TimerEvent: {}
[115.222878] (-) TimerEvent: {}
[115.323336] (-) TimerEvent: {}
[115.423810] (-) TimerEvent: {}
[115.524276] (-) TimerEvent: {}
[115.624740] (-) TimerEvent: {}
[115.725207] (-) TimerEvent: {}
[115.825684] (-) TimerEvent: {}
[115.926182] (-) TimerEvent: {}
[116.026746] (-) TimerEvent: {}
[116.127246] (-) TimerEvent: {}
[116.227708] (-) TimerEvent: {}
[116.328171] (-) TimerEvent: {}
[116.428633] (-) TimerEvent: {}
[116.529103] (-) TimerEvent: {}
[116.629567] (-) TimerEvent: {}
[116.730064] (-) TimerEvent: {}
[116.830582] (-) TimerEvent: {}
[116.931057] (-) TimerEvent: {}
[117.031515] (-) TimerEvent: {}
[117.131997] (-) TimerEvent: {}
[117.232463] (-) TimerEvent: {}
[117.332919] (-) TimerEvent: {}
[117.433390] (-) TimerEvent: {}
[117.533847] (-) TimerEvent: {}
[117.634306] (-) TimerEvent: {}
[117.734729] (-) TimerEvent: {}
[117.835184] (-) TimerEvent: {}
[117.935680] (-) TimerEvent: {}
[118.036159] (-) TimerEvent: {}
[118.136622] (-) TimerEvent: {}
[118.237126] (-) TimerEvent: {}
[118.337642] (-) TimerEvent: {}
[118.438125] (-) TimerEvent: {}
[118.538594] (-) TimerEvent: {}
[118.639059] (-) TimerEvent: {}
[118.739523] (-) TimerEvent: {}
[118.839988] (-) TimerEvent: {}
[118.940445] (-) TimerEvent: {}
[119.040912] (-) TimerEvent: {}
[119.141381] (-) TimerEvent: {}
[119.241840] (-) TimerEvent: {}
[119.342315] (-) TimerEvent: {}
[119.442766] (-) TimerEvent: {}
[119.543223] (-) TimerEvent: {}
[119.643679] (-) TimerEvent: {}
[119.744153] (-) TimerEvent: {}
[119.844614] (-) TimerEvent: {}
[119.945058] (-) TimerEvent: {}
[120.045542] (-) TimerEvent: {}
[120.146033] (-) TimerEvent: {}
[120.246499] (-) TimerEvent: {}
[120.346946] (-) TimerEvent: {}
[120.447417] (-) TimerEvent: {}
[120.547880] (-) TimerEvent: {}
[120.648343] (-) TimerEvent: {}
[120.748828] (-) TimerEvent: {}
[120.849282] (-) TimerEvent: {}
[120.949759] (-) TimerEvent: {}
[121.050242] (-) TimerEvent: {}
[121.150689] (-) TimerEvent: {}
[121.251128] (-) TimerEvent: {}
[121.351586] (-) TimerEvent: {}
[121.452047] (-) TimerEvent: {}
[121.552500] (-) TimerEvent: {}
[121.652936] (-) TimerEvent: {}
[121.753402] (-) TimerEvent: {}
[121.853867] (-) TimerEvent: {}
[121.954345] (-) TimerEvent: {}
[122.054809] (-) TimerEvent: {}
[122.155252] (-) TimerEvent: {}
[122.255717] (-) TimerEvent: {}
[122.356185] (-) TimerEvent: {}
[122.456657] (-) TimerEvent: {}
[122.557126] (-) TimerEvent: {}
[122.657660] (-) TimerEvent: {}
[122.758141] (-) TimerEvent: {}
[122.858702] (-) TimerEvent: {}
[122.959209] (-) TimerEvent: {}
[123.059746] (-) TimerEvent: {}
[123.160211] (-) TimerEvent: {}
[123.260778] (-) TimerEvent: {}
[123.361270] (-) TimerEvent: {}
[123.461775] (-) TimerEvent: {}
[123.562266] (-) TimerEvent: {}
[123.662822] (-) TimerEvent: {}
[123.763283] (-) TimerEvent: {}
[123.863788] (-) TimerEvent: {}
[123.964249] (-) TimerEvent: {}
[124.064751] (-) TimerEvent: {}
[124.165283] (-) TimerEvent: {}
[124.265746] (-) TimerEvent: {}
[124.366232] (-) TimerEvent: {}
[124.466797] (-) TimerEvent: {}
[124.567238] (-) TimerEvent: {}
[124.667754] (-) TimerEvent: {}
[124.768212] (-) TimerEvent: {}
[124.868647] (-) TimerEvent: {}
[124.969106] (-) TimerEvent: {}
[125.069572] (-) TimerEvent: {}
[125.170115] (-) TimerEvent: {}
[125.270560] (-) TimerEvent: {}
[125.371030] (-) TimerEvent: {}
[125.471485] (-) TimerEvent: {}
[125.571942] (-) TimerEvent: {}
[125.672403] (-) TimerEvent: {}
[125.772981] (-) TimerEvent: {}
[125.873480] (-) TimerEvent: {}
[125.973996] (-) TimerEvent: {}
[126.074456] (-) TimerEvent: {}
[126.175042] (-) TimerEvent: {}
[126.275601] (-) TimerEvent: {}
[126.376098] (-) TimerEvent: {}
[126.476568] (-) TimerEvent: {}
[126.577044] (-) TimerEvent: {}
[126.677499] (-) TimerEvent: {}
[126.777997] (-) TimerEvent: {}
[126.878453] (-) TimerEvent: {}
[126.978907] (-) TimerEvent: {}
[127.079369] (-) TimerEvent: {}
[127.179822] (-) TimerEvent: {}
[127.280280] (-) TimerEvent: {}
[127.380776] (-) TimerEvent: {}
[127.481234] (-) TimerEvent: {}
[127.581681] (-) TimerEvent: {}
[127.682135] (-) TimerEvent: {}
[127.782595] (-) TimerEvent: {}
[127.883034] (-) TimerEvent: {}
[127.983489] (-) TimerEvent: {}
[128.083966] (-) TimerEvent: {}
[128.184420] (-) TimerEvent: {}
[128.284890] (-) TimerEvent: {}
[128.385356] (-) TimerEvent: {}
[128.485816] (-) TimerEvent: {}
[128.586313] (-) TimerEvent: {}
[128.686829] (-) TimerEvent: {}
[128.787333] (-) TimerEvent: {}
[128.887779] (-) TimerEvent: {}
[128.988226] (-) TimerEvent: {}
[129.088684] (-) TimerEvent: {}
[129.189179] (-) TimerEvent: {}
[129.289697] (-) TimerEvent: {}
[129.390165] (-) TimerEvent: {}
[129.490620] (-) TimerEvent: {}
[129.591074] (-) TimerEvent: {}
[129.691533] (-) TimerEvent: {}
[129.791965] (-) TimerEvent: {}
[129.892386] (-) TimerEvent: {}
[129.992808] (-) TimerEvent: {}
[130.093250] (-) TimerEvent: {}
[130.193738] (-) TimerEvent: {}
[130.294213] (-) TimerEvent: {}
[130.394666] (-) TimerEvent: {}
[130.495115] (-) TimerEvent: {}
[130.595568] (-) TimerEvent: {}
[130.696013] (-) TimerEvent: {}
[130.796466] (-) TimerEvent: {}
[130.896925] (-) TimerEvent: {}
[130.997367] (-) TimerEvent: {}
[131.097826] (-) TimerEvent: {}
[131.198300] (-) TimerEvent: {}
[131.298766] (-) TimerEvent: {}
[131.399194] (-) TimerEvent: {}
[131.499650] (-) TimerEvent: {}
[131.600109] (-) TimerEvent: {}
[131.700563] (-) TimerEvent: {}
[131.801044] (-) TimerEvent: {}
[131.901478] (-) TimerEvent: {}
[132.001919] (-) TimerEvent: {}
[132.102378] (-) TimerEvent: {}
[132.202788] (-) TimerEvent: {}
[132.303217] (-) TimerEvent: {}
[132.403654] (-) TimerEvent: {}
[132.504091] (-) TimerEvent: {}
[132.604522] (-) TimerEvent: {}
[132.704968] (-) TimerEvent: {}
[132.805417] (-) TimerEvent: {}
[132.905871] (-) TimerEvent: {}
[133.006332] (-) TimerEvent: {}
[133.106794] (-) TimerEvent: {}
[133.207237] (-) TimerEvent: {}
[133.307637] (-) TimerEvent: {}
[133.408060] (-) TimerEvent: {}
[133.508526] (-) TimerEvent: {}
[133.608990] (-) TimerEvent: {}
[133.709462] (-) TimerEvent: {}
[133.809919] (-) TimerEvent: {}
[133.910392] (-) TimerEvent: {}
[134.010902] (-) TimerEvent: {}
[134.111455] (-) TimerEvent: {}
[134.211921] (-) TimerEvent: {}
[134.312382] (-) TimerEvent: {}
[134.412923] (-) TimerEvent: {}
[134.513485] (-) TimerEvent: {}
[134.613928] (-) TimerEvent: {}
[134.714401] (-) TimerEvent: {}
[134.814908] (-) TimerEvent: {}
[134.915455] (-) TimerEvent: {}
[135.015893] (-) TimerEvent: {}
[135.116350] (-) TimerEvent: {}
[135.216885] (-) TimerEvent: {}
[135.317338] (-) TimerEvent: {}
[135.417799] (-) TimerEvent: {}
[135.518266] (-) TimerEvent: {}
[135.618789] (-) TimerEvent: {}
[135.719328] (-) TimerEvent: {}
[135.819854] (-) TimerEvent: {}
[135.920306] (-) TimerEvent: {}
[136.020798] (-) TimerEvent: {}
[136.121286] (-) TimerEvent: {}
[136.221737] (-) TimerEvent: {}
[136.322241] (-) TimerEvent: {}
[136.422694] (-) TimerEvent: {}
[136.523168] (-) TimerEvent: {}
[136.623634] (-) TimerEvent: {}
[136.724082] (-) TimerEvent: {}
[136.824533] (-) TimerEvent: {}
[136.924949] (-) TimerEvent: {}
[137.025374] (-) TimerEvent: {}
[137.125820] (-) TimerEvent: {}
[137.226292] (-) TimerEvent: {}
[137.326754] (-) TimerEvent: {}
[137.427261] (-) TimerEvent: {}
[137.527743] (-) TimerEvent: {}
[137.628206] (-) TimerEvent: {}
[137.728667] (-) TimerEvent: {}
[137.829129] (-) TimerEvent: {}
[137.929589] (-) TimerEvent: {}
[138.030116] (-) TimerEvent: {}
[138.130578] (-) TimerEvent: {}
[138.231103] (-) TimerEvent: {}
[138.331548] (-) TimerEvent: {}
[138.432007] (-) TimerEvent: {}
[138.532467] (-) TimerEvent: {}
[138.632932] (-) TimerEvent: {}
[138.733371] (-) TimerEvent: {}
[138.833830] (-) TimerEvent: {}
[138.934312] (-) TimerEvent: {}
[139.034753] (-) TimerEvent: {}
[139.135220] (-) TimerEvent: {}
[139.235673] (-) TimerEvent: {}
[139.336127] (-) TimerEvent: {}
[139.436556] (-) TimerEvent: {}
[139.537021] (-) TimerEvent: {}
[139.637483] (-) TimerEvent: {}
[139.737961] (-) TimerEvent: {}
[139.838397] (-) TimerEvent: {}
[139.938805] (-) TimerEvent: {}
[140.039250] (-) TimerEvent: {}
[140.139715] (-) TimerEvent: {}
[140.240182] (-) TimerEvent: {}
[140.340656] (-) TimerEvent: {}
[140.441113] (-) TimerEvent: {}
[140.541586] (-) TimerEvent: {}
[140.642079] (-) TimerEvent: {}
[140.742526] (-) TimerEvent: {}
[140.842972] (-) TimerEvent: {}
[140.943418] (-) TimerEvent: {}
[141.043869] (-) TimerEvent: {}
[141.144328] (-) TimerEvent: {}
[141.244793] (-) TimerEvent: {}
[141.345234] (-) TimerEvent: {}
[141.445671] (-) TimerEvent: {}
[141.546121] (-) TimerEvent: {}
[141.646623] (-) TimerEvent: {}
[141.747136] (-) TimerEvent: {}
[141.847632] (-) TimerEvent: {}
[141.948096] (-) TimerEvent: {}
[142.048529] (-) TimerEvent: {}
[142.148966] (-) TimerEvent: {}
[142.249413] (-) TimerEvent: {}
[142.349974] (-) TimerEvent: {}
[142.450432] (-) TimerEvent: {}
[142.550950] (-) TimerEvent: {}
[142.651402] (-) TimerEvent: {}
[142.751842] (-) TimerEvent: {}
[142.852269] (-) TimerEvent: {}
[142.952668] (-) TimerEvent: {}
[143.053104] (-) TimerEvent: {}
[143.153545] (-) TimerEvent: {}
[143.254034] (-) TimerEvent: {}
[143.354462] (-) TimerEvent: {}
[143.454896] (-) TimerEvent: {}
[143.555350] (-) TimerEvent: {}
[143.655809] (-) TimerEvent: {}
[143.756265] (-) TimerEvent: {}
[143.856730] (-) TimerEvent: {}
[143.957177] (-) TimerEvent: {}
[144.057644] (-) TimerEvent: {}
[144.158107] (-) TimerEvent: {}
[144.258560] (-) TimerEvent: {}
[144.359015] (-) TimerEvent: {}
[144.459472] (-) TimerEvent: {}
[144.559902] (-) TimerEvent: {}
[144.660333] (-) TimerEvent: {}
[144.760795] (-) TimerEvent: {}
[144.861235] (-) TimerEvent: {}
[144.961671] (-) TimerEvent: {}
[145.062115] (-) TimerEvent: {}
[145.162560] (-) TimerEvent: {}
[145.263024] (-) TimerEvent: {}
[145.363472] (-) TimerEvent: {}
[145.463909] (-) TimerEvent: {}
[145.564360] (-) TimerEvent: {}
[145.664803] (-) TimerEvent: {}
[145.765242] (-) TimerEvent: {}
[145.865696] (-) TimerEvent: {}
[145.966110] (-) TimerEvent: {}
[146.066563] (-) TimerEvent: {}
[146.167023] (-) TimerEvent: {}
[146.267476] (-) TimerEvent: {}
[146.367935] (-) TimerEvent: {}
[146.468381] (-) TimerEvent: {}
[146.568814] (-) TimerEvent: {}
[146.669274] (-) TimerEvent: {}
[146.769725] (-) TimerEvent: {}
[146.870203] (-) TimerEvent: {}
[146.970637] (-) TimerEvent: {}
[147.071075] (-) TimerEvent: {}
[147.171523] (-) TimerEvent: {}
[147.271974] (-) TimerEvent: {}
[147.372412] (-) TimerEvent: {}
[147.472872] (-) TimerEvent: {}
[147.573313] (-) TimerEvent: {}
[147.673755] (-) TimerEvent: {}
[147.774214] (-) TimerEvent: {}
[147.874670] (-) TimerEvent: {}
[147.975134] (-) TimerEvent: {}
[148.075592] (-) TimerEvent: {}
[148.176059] (-) TimerEvent: {}
[148.276580] (-) TimerEvent: {}
[148.377116] (-) TimerEvent: {}
[148.477575] (-) TimerEvent: {}
[148.578052] (-) TimerEvent: {}
[148.678492] (-) TimerEvent: {}
[148.778949] (-) TimerEvent: {}
[148.879418] (-) TimerEvent: {}
[148.979881] (-) TimerEvent: {}
[149.080334] (-) TimerEvent: {}
[149.180798] (-) TimerEvent: {}
[149.281252] (-) TimerEvent: {}
[149.381707] (-) TimerEvent: {}
[149.482162] (-) TimerEvent: {}
[149.582615] (-) TimerEvent: {}
[149.683068] (-) TimerEvent: {}
[149.783515] (-) TimerEvent: {}
[149.883957] (-) TimerEvent: {}
[149.984419] (-) TimerEvent: {}
[150.084929] (-) TimerEvent: {}
[150.185500] (-) TimerEvent: {}
[150.286014] (-) TimerEvent: {}
[150.386454] (-) TimerEvent: {}
[150.486912] (-) TimerEvent: {}
[150.587371] (-) TimerEvent: {}
[150.687851] (-) TimerEvent: {}
[150.788304] (-) TimerEvent: {}
[150.888826] (-) TimerEvent: {}
[150.989287] (-) TimerEvent: {}
[151.089742] (-) TimerEvent: {}
[151.190209] (-) TimerEvent: {}
[151.290655] (-) TimerEvent: {}
[151.391113] (-) TimerEvent: {}
[151.491628] (-) TimerEvent: {}
[151.592045] (-) TimerEvent: {}
[151.692485] (-) TimerEvent: {}
[151.792918] (-) TimerEvent: {}
[151.893368] (-) TimerEvent: {}
[151.993819] (-) TimerEvent: {}
[152.094293] (-) TimerEvent: {}
[152.194749] (-) TimerEvent: {}
[152.295195] (-) TimerEvent: {}
[152.395643] (-) TimerEvent: {}
[152.496098] (-) TimerEvent: {}
[152.596557] (-) TimerEvent: {}
[152.696998] (-) TimerEvent: {}
[152.797461] (-) TimerEvent: {}
[152.897915] (-) TimerEvent: {}
[152.998377] (-) TimerEvent: {}
[153.098832] (-) TimerEvent: {}
[153.199241] (-) TimerEvent: {}
[153.299668] (-) TimerEvent: {}
[153.400127] (-) TimerEvent: {}
[153.500574] (-) TimerEvent: {}
[153.601061] (-) TimerEvent: {}
[153.701539] (-) TimerEvent: {}
[153.802031] (-) TimerEvent: {}
[153.902484] (-) TimerEvent: {}
[154.002954] (-) TimerEvent: {}
[154.103409] (-) TimerEvent: {}
[154.203874] (-) TimerEvent: {}
[154.304339] (-) TimerEvent: {}
[154.404805] (-) TimerEvent: {}
[154.505257] (-) TimerEvent: {}
[154.605711] (-) TimerEvent: {}
[154.706176] (-) TimerEvent: {}
[154.806645] (-) TimerEvent: {}
[154.907109] (-) TimerEvent: {}
[155.007556] (-) TimerEvent: {}
[155.108027] (-) TimerEvent: {}
[155.208474] (-) TimerEvent: {}
[155.308940] (-) TimerEvent: {}
[155.409410] (-) TimerEvent: {}
[155.509878] (-) TimerEvent: {}
[155.610355] (-) TimerEvent: {}
[155.710813] (-) TimerEvent: {}
[155.811288] (-) TimerEvent: {}
[155.911750] (-) TimerEvent: {}
[156.012210] (-) TimerEvent: {}
[156.112656] (-) TimerEvent: {}
[156.213121] (-) TimerEvent: {}
[156.313588] (-) TimerEvent: {}
[156.414061] (-) TimerEvent: {}
[156.514510] (-) TimerEvent: {}
[156.614966] (-) TimerEvent: {}
[156.715431] (-) TimerEvent: {}
[156.815895] (-) TimerEvent: {}
[156.916379] (-) TimerEvent: {}
[157.016821] (-) TimerEvent: {}
[157.117273] (-) TimerEvent: {}
[157.217727] (-) TimerEvent: {}
[157.318191] (-) TimerEvent: {}
[157.418644] (-) TimerEvent: {}
[157.519098] (-) TimerEvent: {}
[157.619558] (-) TimerEvent: {}
[157.720021] (-) TimerEvent: {}
[157.820461] (-) TimerEvent: {}
[157.920853] (-) TimerEvent: {}
[158.021233] (-) TimerEvent: {}
[158.121677] (-) TimerEvent: {}
[158.222150] (-) TimerEvent: {}
[158.322602] (-) TimerEvent: {}
[158.423047] (-) TimerEvent: {}
[158.523498] (-) TimerEvent: {}
[158.623936] (-) TimerEvent: {}
[158.724383] (-) TimerEvent: {}
[158.824820] (-) TimerEvent: {}
[158.925249] (-) TimerEvent: {}
[159.025711] (-) TimerEvent: {}
[159.126171] (-) TimerEvent: {}
[159.226631] (-) TimerEvent: {}
[159.327090] (-) TimerEvent: {}
[159.427565] (-) TimerEvent: {}
[159.528033] (-) TimerEvent: {}
[159.628488] (-) TimerEvent: {}
[159.728957] (-) TimerEvent: {}
[159.829414] (-) TimerEvent: {}
[159.929861] (-) TimerEvent: {}
[160.030344] (-) TimerEvent: {}
[160.130793] (-) TimerEvent: {}
[160.231249] (-) TimerEvent: {}
[160.331721] (-) TimerEvent: {}
[160.432178] (-) TimerEvent: {}
[160.532630] (-) TimerEvent: {}
[160.633076] (-) TimerEvent: {}
[160.733543] (-) TimerEvent: {}
[160.834009] (-) TimerEvent: {}
[160.934430] (-) TimerEvent: {}
[161.034857] (-) TimerEvent: {}
[161.135315] (-) TimerEvent: {}
[161.235744] (-) TimerEvent: {}
[161.336173] (-) TimerEvent: {}
[161.436617] (-) TimerEvent: {}
[161.537186] (-) TimerEvent: {}
[161.637668] (-) TimerEvent: {}
[161.738123] (-) TimerEvent: {}
[161.838585] (-) TimerEvent: {}
[161.939041] (-) TimerEvent: {}
[162.039499] (-) TimerEvent: {}
[162.139907] (-) TimerEvent: {}
[162.240373] (-) TimerEvent: {}
[162.340820] (-) TimerEvent: {}
[162.441287] (-) TimerEvent: {}
[162.541741] (-) TimerEvent: {}
[162.642189] (-) TimerEvent: {}
[162.742660] (-) TimerEvent: {}
[162.843122] (-) TimerEvent: {}
[162.943550] (-) TimerEvent: {}
[163.043967] (-) TimerEvent: {}
[163.144429] (-) TimerEvent: {}
[163.244901] (-) TimerEvent: {}
[163.345331] (-) TimerEvent: {}
[163.445787] (-) TimerEvent: {}
[163.546285] (-) TimerEvent: {}
[163.646753] (-) TimerEvent: {}
[163.747286] (-) TimerEvent: {}
[163.847732] (-) TimerEvent: {}
[163.948156] (-) TimerEvent: {}
[164.048573] (-) TimerEvent: {}
[164.148998] (-) TimerEvent: {}
[164.249460] (-) TimerEvent: {}
[164.349933] (-) TimerEvent: {}
[164.450430] (-) TimerEvent: {}
[164.550894] (-) TimerEvent: {}
[164.651372] (-) TimerEvent: {}
[164.751895] (-) TimerEvent: {}
[164.852356] (-) TimerEvent: {}
[164.952806] (-) TimerEvent: {}
[165.053266] (-) TimerEvent: {}
[165.153719] (-) TimerEvent: {}
[165.254168] (-) TimerEvent: {}
[165.354622] (-) TimerEvent: {}
[165.455080] (-) TimerEvent: {}
[165.555514] (-) TimerEvent: {}
[165.655992] (-) TimerEvent: {}
[165.756448] (-) TimerEvent: {}
[165.856983] (-) TimerEvent: {}
[165.957459] (-) TimerEvent: {}
[166.057870] (-) TimerEvent: {}
[166.158307] (-) TimerEvent: {}
[166.258808] (-) TimerEvent: {}
[166.359348] (-) TimerEvent: {}
[166.459872] (-) TimerEvent: {}
[166.560330] (-) TimerEvent: {}
[166.660833] (-) TimerEvent: {}
[166.761324] (-) TimerEvent: {}
[166.861825] (-) TimerEvent: {}
[166.962307] (-) TimerEvent: {}
[167.062811] (-) TimerEvent: {}
[167.163333] (-) TimerEvent: {}
[167.263832] (-) TimerEvent: {}
[167.364280] (-) TimerEvent: {}
[167.464735] (-) TimerEvent: {}
[167.565284] (-) TimerEvent: {}
[167.665764] (-) TimerEvent: {}
[167.766260] (-) TimerEvent: {}
[167.866708] (-) TimerEvent: {}
[167.967123] (-) TimerEvent: {}
[168.067605] (-) TimerEvent: {}
[168.168053] (-) TimerEvent: {}
[168.268509] (-) TimerEvent: {}
[168.368963] (-) TimerEvent: {}
[168.469418] (-) TimerEvent: {}
[168.569894] (-) TimerEvent: {}
[168.670382] (-) TimerEvent: {}
[168.770821] (-) TimerEvent: {}
[168.871281] (-) TimerEvent: {}
[168.971747] (-) TimerEvent: {}
[169.072205] (-) TimerEvent: {}
[169.172665] (-) TimerEvent: {}
[169.273118] (-) TimerEvent: {}
[169.373560] (-) TimerEvent: {}
[169.474030] (-) TimerEvent: {}
[169.574484] (-) TimerEvent: {}
[169.674910] (-) TimerEvent: {}
[169.775366] (-) TimerEvent: {}
[169.875802] (-) TimerEvent: {}
[169.976268] (-) TimerEvent: {}
[170.076726] (-) TimerEvent: {}
[170.177180] (-) TimerEvent: {}
[170.277653] (-) TimerEvent: {}
[170.378143] (-) TimerEvent: {}
[170.478587] (-) TimerEvent: {}
[170.579052] (-) TimerEvent: {}
[170.679513] (-) TimerEvent: {}
[170.779967] (-) TimerEvent: {}
[170.880420] (-) TimerEvent: {}
[170.980885] (-) TimerEvent: {}
[171.081335] (-) TimerEvent: {}
[171.181794] (-) TimerEvent: {}
[171.282252] (-) TimerEvent: {}
[171.382674] (-) TimerEvent: {}
[171.483125] (-) TimerEvent: {}
[171.583565] (-) TimerEvent: {}
[171.684014] (-) TimerEvent: {}
[171.784457] (-) TimerEvent: {}
[171.884902] (-) TimerEvent: {}
[171.985353] (-) TimerEvent: {}
[172.085806] (-) TimerEvent: {}
[172.186292] (-) TimerEvent: {}
[172.286743] (-) TimerEvent: {}
[172.387201] (-) TimerEvent: {}
[172.487655] (-) TimerEvent: {}
[172.588112] (-) TimerEvent: {}
[172.688575] (-) TimerEvent: {}
[172.747885] (fast_lio) StdoutLine: {'line': b'[ 97%] Linking CXX executable fastlio_mapping\n'}
[172.788749] (-) TimerEvent: {}
[172.889141] (-) TimerEvent: {}
[172.989532] (-) TimerEvent: {}
[173.089961] (-) TimerEvent: {}
[173.190333] (-) TimerEvent: {}
[173.290735] (-) TimerEvent: {}
[173.391153] (-) TimerEvent: {}
[173.491572] (-) TimerEvent: {}
[173.591966] (-) TimerEvent: {}
[173.692370] (-) TimerEvent: {}
[173.792824] (-) TimerEvent: {}
[173.893325] (-) TimerEvent: {}
[173.993789] (-) TimerEvent: {}
[174.094227] (-) TimerEvent: {}
[174.194638] (-) TimerEvent: {}
[174.295100] (-) TimerEvent: {}
[174.395626] (-) TimerEvent: {}
[174.496084] (-) TimerEvent: {}
[174.596499] (-) TimerEvent: {}
[174.696963] (-) TimerEvent: {}
[174.797430] (-) TimerEvent: {}
[174.897855] (-) TimerEvent: {}
[174.998300] (-) TimerEvent: {}
[175.098716] (-) TimerEvent: {}
[175.199118] (-) TimerEvent: {}
[175.299521] (-) TimerEvent: {}
[175.399916] (-) TimerEvent: {}
[175.500311] (-) TimerEvent: {}
[175.600717] (-) TimerEvent: {}
[175.701160] (-) TimerEvent: {}
[175.801601] (-) TimerEvent: {}
[175.900817] (fast_lio) StdoutLine: {'line': b'[100%] Built target fastlio_mapping\n'}
[175.901717] (-) TimerEvent: {}
[175.911380] (fast_lio) CommandEnded: {'returncode': 0}
[175.914165] (fast_lio) JobProgress: {'identifier': 'fast_lio', 'progress': 'install'}
[175.922171] (fast_lio) Command: {'cmd': ['/usr/local/bin/cmake', '--install', '/home/seeed/ros2/ws/build/fast_lio'], 'cwd': '/home/seeed/ros2/ws/build/fast_lio', 'env': OrderedDict([('LANGUAGE', 'zh_CN:en'), ('USER', 'seeed'), ('SSH_CLIENT', '10.200.24.83 48421 22'), ('LC_TIME', 'zh_CN.UTF-8'), ('XDG_SESSION_TYPE', 'tty'), ('SHLVL', '0'), ('LD_LIBRARY_PATH', '/home/seeed/ros2/ws/install/livox_ros_driver2/lib:/opt/ros/humble/opt/rviz_ogre_vendor/lib:/opt/ros/humble/lib/aarch64-linux-gnu:/opt/ros/humble/lib'), ('MOTD_SHOWN', 'pam'), ('HOME', '/home/seeed'), ('OLDPWD', '/home/seeed'), ('ROS_PYTHON_VERSION', '3'), ('LC_MONETARY', 'zh_CN.UTF-8'), ('DBUS_SESSION_BUS_ADDRESS', 'unix:path=/run/user/1000/bus'), ('ROS_DISTRO', 'humble'), ('LOGNAME', 'seeed'), ('_', '/usr/bin/colcon'), ('ROS_VERSION', '2'), ('XDG_SESSION_CLASS', 'user'), ('XDG_SESSION_ID', '86'), ('ROS_LOCALHOST_ONLY', '0'), ('PATH', '/opt/ros/humble/bin:/usr/local/sbin:/usr/local/bin:/usr/sbin:/usr/bin:/sbin:/bin:/usr/games:/usr/local/games:/snap/bin'), ('PAPERSIZE', 'a4'), ('LC_ADDRESS', 'zh_CN.UTF-8'), ('XDG_RUNTIME_DIR', '/run/user/1000'), ('DISPLAY', 'localhost:15.0'), ('LANG', 'zh_CN.UTF-8'), ('LC_TELEPHONE', 'zh_CN.UTF-8'), ('AMENT_PREFIX_PATH', '/home/seeed/ros2/ws/install/livox_ros_driver2:/opt/ros/humble'), ('SHELL', '/bin/bash'), ('LC_NAME', 'zh_CN.UTF-8'), ('LC_MEASUREMENT', 'zh_CN.UTF-8'), ('LC_IDENTIFICATION', 'zh_CN.UTF-8'), ('PWD', '/home/seeed/ros2/ws/build/fast_lio'), ('LC_ALL', 'en_US.UTF-8'), ('SSH_CONNECTION', '10.200.24.83 48421 10.200.54.207 22'), ('PYTHONPATH', '/home/seeed/ros2/ws/install/livox_ros_driver2/local/lib/python3.10/dist-packages:/opt/ros/humble/lib/python3.10/site-packages:/opt/ros/humble/local/lib/python3.10/dist-packages'), ('LC_NUMERIC', 'zh_CN.UTF-8'), ('LC_PAPER', 'zh_CN.UTF-8'), ('COLCON', '1'), ('CMAKE_PREFIX_PATH', '/home/seeed/ros2/ws/install/livox_ros_driver2:/opt/ros/humble')]), 'shell': False}
[175.931593] (fast_lio) StdoutLine: {'line': b'-- Install configuration: "Release"\n'}
[175.933682] (fast_lio) StdoutLine: {'line': b'-- Execute custom install script\n'}
[175.934331] (fast_lio) StdoutLine: {'line': b'-- Up-to-date symlink: /home/seeed/ros2/ws/install/fast_lio/share/ament_index/resource_index/rosidl_interfaces/fast_lio\n'}
[175.936381] (fast_lio) StdoutLine: {'line': b'-- Up-to-date symlink: /home/seeed/ros2/ws/install/fast_lio/include/fast_lio/fast_lio/msg/detail/pose6_d__functions.h\n'}
[175.936879] (fast_lio) StdoutLine: {'line': b'-- Up-to-date symlink: /home/seeed/ros2/ws/install/fast_lio/include/fast_lio/fast_lio/msg/detail/pose6_d__struct.h\n'}
[175.937623] (fast_lio) StdoutLine: {'line': b'-- Up-to-date symlink: /home/seeed/ros2/ws/install/fast_lio/include/fast_lio/fast_lio/msg/detail/pose6_d__type_support.h\n'}
[175.937876] (fast_lio) StdoutLine: {'line': b'-- Up-to-date symlink: /home/seeed/ros2/ws/install/fast_lio/include/fast_lio/fast_lio/msg/pose6_d.h\n'}
[175.938600] (fast_lio) StdoutLine: {'line': b'-- Up-to-date symlink: /home/seeed/ros2/ws/install/fast_lio/include/fast_lio/fast_lio/msg/rosidl_generator_c__visibility_control.h\n'}
[175.939063] (fast_lio) StdoutLine: {'line': b'-- Up-to-date symlink: /home/seeed/ros2/ws/install/fast_lio/share/fast_lio/environment/library_path.sh\n'}
[175.939269] (fast_lio) StdoutLine: {'line': b'-- Up-to-date symlink: /home/seeed/ros2/ws/install/fast_lio/share/fast_lio/environment/library_path.dsv\n'}
[175.939635] (fast_lio) StdoutLine: {'line': b'-- Up-to-date symlink: /home/seeed/ros2/ws/install/fast_lio/include/fast_lio/fast_lio/msg/detail/pose6_d__rosidl_typesupport_fastrtps_c.h\n'}
[175.940091] (fast_lio) StdoutLine: {'line': b'-- Up-to-date symlink: /home/seeed/ros2/ws/install/fast_lio/include/fast_lio/fast_lio/msg/rosidl_typesupport_fastrtps_c__visibility_control.h\n'}
[175.940955] (fast_lio) StdoutLine: {'line': b'-- Up-to-date symlink: /home/seeed/ros2/ws/install/fast_lio/include/fast_lio/fast_lio/msg/detail/pose6_d__builder.hpp\n'}
[175.941544] (fast_lio) StdoutLine: {'line': b'-- Up-to-date symlink: /home/seeed/ros2/ws/install/fast_lio/include/fast_lio/fast_lio/msg/detail/pose6_d__struct.hpp\n'}
[175.942035] (fast_lio) StdoutLine: {'line': b'-- Up-to-date symlink: /home/seeed/ros2/ws/install/fast_lio/include/fast_lio/fast_lio/msg/detail/pose6_d__traits.hpp\n'}
[175.942526] (fast_lio) StdoutLine: {'line': b'-- Up-to-date symlink: /home/seeed/ros2/ws/install/fast_lio/include/fast_lio/fast_lio/msg/detail/pose6_d__type_support.hpp\n'}
[175.942688] (fast_lio) StdoutLine: {'line': b'-- Up-to-date symlink: /home/seeed/ros2/ws/install/fast_lio/include/fast_lio/fast_lio/msg/pose6_d.hpp\n'}
[175.942835] (fast_lio) StdoutLine: {'line': b'-- Up-to-date symlink: /home/seeed/ros2/ws/install/fast_lio/include/fast_lio/fast_lio/msg/rosidl_generator_cpp__visibility_control.hpp\n'}
[175.943474] (fast_lio) StdoutLine: {'line': b'-- Up-to-date symlink: /home/seeed/ros2/ws/install/fast_lio/include/fast_lio/fast_lio/msg/detail/pose6_d__rosidl_typesupport_fastrtps_cpp.hpp\n'}
[175.943726] (fast_lio) StdoutLine: {'line': b'-- Up-to-date symlink: /home/seeed/ros2/ws/install/fast_lio/include/fast_lio/fast_lio/msg/rosidl_typesupport_fastrtps_cpp__visibility_control.h\n'}
[175.944534] (fast_lio) StdoutLine: {'line': b'-- Up-to-date symlink: /home/seeed/ros2/ws/install/fast_lio/include/fast_lio/fast_lio/msg/detail/pose6_d__rosidl_typesupport_introspection_c.h\n'}
[175.944779] (fast_lio) StdoutLine: {'line': b'-- Up-to-date symlink: /home/seeed/ros2/ws/install/fast_lio/include/fast_lio/fast_lio/msg/rosidl_typesupport_introspection_c__visibility_control.h\n'}
[175.945582] (fast_lio) StdoutLine: {'line': b'-- Up-to-date symlink: /home/seeed/ros2/ws/install/fast_lio/include/fast_lio/fast_lio/msg/detail/pose6_d__rosidl_typesupport_introspection_cpp.hpp\n'}
[175.946077] (fast_lio) StdoutLine: {'line': b'-- Up-to-date symlink: /home/seeed/ros2/ws/install/fast_lio/share/fast_lio/environment/pythonpath.sh\n'}
[175.946379] (fast_lio) StdoutLine: {'line': b'-- Up-to-date symlink: /home/seeed/ros2/ws/install/fast_lio/share/fast_lio/environment/pythonpath.dsv\n'}
[175.947208] (fast_lio) StdoutLine: {'line': b'-- Up-to-date symlink: /home/seeed/ros2/ws/install/fast_lio/local/lib/python3.10/dist-packages/fast_lio-0.0.0-py3.10.egg-info/PKG-INFO\n'}
[175.947703] (fast_lio) StdoutLine: {'line': b'-- Up-to-date symlink: /home/seeed/ros2/ws/install/fast_lio/local/lib/python3.10/dist-packages/fast_lio-0.0.0-py3.10.egg-info/SOURCES.txt\n'}
[175.948231] (fast_lio) StdoutLine: {'line': b'-- Up-to-date symlink: /home/seeed/ros2/ws/install/fast_lio/local/lib/python3.10/dist-packages/fast_lio-0.0.0-py3.10.egg-info/dependency_links.txt\n'}
[175.948422] (fast_lio) StdoutLine: {'line': b'-- Up-to-date symlink: /home/seeed/ros2/ws/install/fast_lio/local/lib/python3.10/dist-packages/fast_lio-0.0.0-py3.10.egg-info/top_level.txt\n'}
[175.949386] (fast_lio) StdoutLine: {'line': b'-- Up-to-date symlink: /home/seeed/ros2/ws/install/fast_lio/local/lib/python3.10/dist-packages/fast_lio/__init__.py\n'}
[175.949697] (fast_lio) StdoutLine: {'line': b'-- Up-to-date symlink: /home/seeed/ros2/ws/install/fast_lio/local/lib/python3.10/dist-packages/fast_lio/_fast_lio_s.ep.rosidl_typesupport_c.c\n'}
[175.950251] (fast_lio) StdoutLine: {'line': b'-- Up-to-date symlink: /home/seeed/ros2/ws/install/fast_lio/local/lib/python3.10/dist-packages/fast_lio/_fast_lio_s.ep.rosidl_typesupport_fastrtps_c.c\n'}
[175.950949] (fast_lio) StdoutLine: {'line': b'-- Up-to-date symlink: /home/seeed/ros2/ws/install/fast_lio/local/lib/python3.10/dist-packages/fast_lio/_fast_lio_s.ep.rosidl_typesupport_introspection_c.c\n'}
[175.951492] (fast_lio) StdoutLine: {'line': b'-- Up-to-date symlink: /home/seeed/ros2/ws/install/fast_lio/local/lib/python3.10/dist-packages/fast_lio/fast_lio_s__rosidl_typesupport_c.cpython-310-aarch64-linux-gnu.so\n'}
[175.951760] (fast_lio) StdoutLine: {'line': b'-- Up-to-date symlink: /home/seeed/ros2/ws/install/fast_lio/local/lib/python3.10/dist-packages/fast_lio/fast_lio_s__rosidl_typesupport_fastrtps_c.cpython-310-aarch64-linux-gnu.so\n'}
[175.952139] (fast_lio) StdoutLine: {'line': b'-- Up-to-date symlink: /home/seeed/ros2/ws/install/fast_lio/local/lib/python3.10/dist-packages/fast_lio/fast_lio_s__rosidl_typesupport_introspection_c.cpython-310-aarch64-linux-gnu.so\n'}
[175.952286] (fast_lio) StdoutLine: {'line': b'-- Up-to-date symlink: /home/seeed/ros2/ws/install/fast_lio/local/lib/python3.10/dist-packages/fast_lio/libfast_lio__rosidl_generator_py.so\n'}
[175.952418] (fast_lio) StdoutLine: {'line': b'-- Up-to-date symlink: /home/seeed/ros2/ws/install/fast_lio/local/lib/python3.10/dist-packages/fast_lio/msg/__init__.py\n'}
[175.952545] (fast_lio) StdoutLine: {'line': b'-- Up-to-date symlink: /home/seeed/ros2/ws/install/fast_lio/local/lib/python3.10/dist-packages/fast_lio/msg/_pose6_d.py\n'}
[175.952667] (fast_lio) StdoutLine: {'line': b'-- Up-to-date symlink: /home/seeed/ros2/ws/install/fast_lio/local/lib/python3.10/dist-packages/fast_lio/msg/_pose6_d_s.c\n'}
[175.953060] (fast_lio) StdoutLine: {'line': b'-- Up-to-date symlink: /home/seeed/ros2/ws/install/fast_lio/local/lib/python3.10/dist-packages/fast_lio/fast_lio_s__rosidl_typesupport_fastrtps_c.cpython-310-aarch64-linux-gnu.so\n'}
[175.953850] (fast_lio) StdoutLine: {'line': b'-- Up-to-date symlink: /home/seeed/ros2/ws/install/fast_lio/local/lib/python3.10/dist-packages/fast_lio/fast_lio_s__rosidl_typesupport_introspection_c.cpython-310-aarch64-linux-gnu.so\n'}
[175.954338] (fast_lio) StdoutLine: {'line': b'-- Up-to-date symlink: /home/seeed/ros2/ws/install/fast_lio/local/lib/python3.10/dist-packages/fast_lio/fast_lio_s__rosidl_typesupport_c.cpython-310-aarch64-linux-gnu.so\n'}
[175.954768] (fast_lio) StdoutLine: {'line': b'-- Up-to-date symlink: /home/seeed/ros2/ws/install/fast_lio/share/ament_index/resource_index/rust_packages/fast_lio\n'}
[175.955728] (fast_lio) StdoutLine: {'line': b'-- Up-to-date symlink: /home/seeed/ros2/ws/install/fast_lio/share/fast_lio/rust/Cargo.toml\n'}
[175.956289] (fast_lio) StdoutLine: {'line': b'-- Up-to-date symlink: /home/seeed/ros2/ws/install/fast_lio/share/fast_lio/rust/build.rs\n'}
[175.956617] (fast_lio) StdoutLine: {'line': b'-- Up-to-date symlink: /home/seeed/ros2/ws/install/fast_lio/share/fast_lio/rust/src/lib.rs\n'}
[175.956933] (fast_lio) StdoutLine: {'line': b'-- Up-to-date symlink: /home/seeed/ros2/ws/install/fast_lio/share/fast_lio/rust/src/msg.rs\n'}
[175.957136] (fast_lio) StdoutLine: {'line': b'-- Up-to-date symlink: /home/seeed/ros2/ws/install/fast_lio/share/fast_lio/rust/src/msg/rmw.rs\n'}
[175.957878] (fast_lio) StdoutLine: {'line': b'-- Up-to-date symlink: /home/seeed/ros2/ws/install/fast_lio/share/fast_lio/msg/Pose6D.idl\n'}
[175.958106] (fast_lio) StdoutLine: {'line': b'-- Up-to-date symlink: /home/seeed/ros2/ws/install/fast_lio/share/fast_lio/msg/Pose6D.msg\n'}
[175.958459] (fast_lio) StdoutLine: {'line': b'-- Up-to-date symlink: /home/seeed/ros2/ws/install/fast_lio/lib/fast_lio/fastlio_mapping\n'}
[175.959235] (fast_lio) StdoutLine: {'line': b'-- Up-to-date symlink: /home/seeed/ros2/ws/install/fast_lio/share/fast_lio/config/avia.yaml\n'}
[175.959558] (fast_lio) StdoutLine: {'line': b'-- Up-to-date symlink: /home/seeed/ros2/ws/install/fast_lio/share/fast_lio/config/horizon.yaml\n'}
[175.959800] (fast_lio) StdoutLine: {'line': b'-- Up-to-date symlink: /home/seeed/ros2/ws/install/fast_lio/share/fast_lio/config/mid360.yaml\n'}
[175.960232] (fast_lio) StdoutLine: {'line': b'-- Up-to-date symlink: /home/seeed/ros2/ws/install/fast_lio/share/fast_lio/config/mid360.yaml.bak.20260625_211559\n'}
[175.960575] (fast_lio) StdoutLine: {'line': b'-- Up-to-date symlink: /home/seeed/ros2/ws/install/fast_lio/share/fast_lio/config/mid360.yaml.bak.20260626_093929\n'}
[175.960828] (fast_lio) StdoutLine: {'line': b'-- Up-to-date symlink: /home/seeed/ros2/ws/install/fast_lio/share/fast_lio/config/mid360.yaml.bak.disable_timesync_20260626_100616\n'}
[175.960989] (fast_lio) StdoutLine: {'line': b'-- Up-to-date symlink: /home/seeed/ros2/ws/install/fast_lio/share/fast_lio/config/mid360.yaml.bak.fix_drift_20260626_095649\n'}
[175.961376] (fast_lio) StdoutLine: {'line': b'-- Up-to-date symlink: /home/seeed/ros2/ws/install/fast_lio/share/fast_lio/config/ouster64.yaml\n'}
[175.961619] (fast_lio) StdoutLine: {'line': b'-- Up-to-date symlink: /home/seeed/ros2/ws/install/fast_lio/share/fast_lio/config/velodyne.yaml\n'}
[175.962164] (fast_lio) StdoutLine: {'line': b'-- Up-to-date symlink: /home/seeed/ros2/ws/install/fast_lio/share/fast_lio/launch/gdb_debug_example.launch\n'}
[175.962341] (fast_lio) StdoutLine: {'line': b'-- Up-to-date symlink: /home/seeed/ros2/ws/install/fast_lio/share/fast_lio/launch/mapping.launch.py\n'}
[175.962636] (fast_lio) StdoutLine: {'line': b'-- Up-to-date symlink: /home/seeed/ros2/ws/install/fast_lio/share/fast_lio/rviz/fastlio.rviz\n'}
[175.963106] (fast_lio) StdoutLine: {'line': b'-- Up-to-date symlink: /home/seeed/ros2/ws/install/fast_lio/share/ament_index/resource_index/package_run_dependencies/fast_lio\n'}
[175.963471] (fast_lio) StdoutLine: {'line': b'-- Up-to-date symlink: /home/seeed/ros2/ws/install/fast_lio/share/ament_index/resource_index/parent_prefix_path/fast_lio\n'}
[175.963881] (fast_lio) StdoutLine: {'line': b'-- Up-to-date symlink: /home/seeed/ros2/ws/install/fast_lio/share/fast_lio/environment/ament_prefix_path.sh\n'}
[175.964177] (fast_lio) StdoutLine: {'line': b'-- Up-to-date symlink: /home/seeed/ros2/ws/install/fast_lio/share/fast_lio/environment/ament_prefix_path.dsv\n'}
[175.964522] (fast_lio) StdoutLine: {'line': b'-- Up-to-date symlink: /home/seeed/ros2/ws/install/fast_lio/share/fast_lio/environment/path.sh\n'}
[175.964869] (fast_lio) StdoutLine: {'line': b'-- Up-to-date symlink: /home/seeed/ros2/ws/install/fast_lio/share/fast_lio/environment/path.dsv\n'}
[175.965273] (fast_lio) StdoutLine: {'line': b'-- Up-to-date symlink: /home/seeed/ros2/ws/install/fast_lio/share/fast_lio/local_setup.bash\n'}
[175.965623] (fast_lio) StdoutLine: {'line': b'-- Up-to-date symlink: /home/seeed/ros2/ws/install/fast_lio/share/fast_lio/local_setup.sh\n'}
[175.965995] (fast_lio) StdoutLine: {'line': b'-- Up-to-date symlink: /home/seeed/ros2/ws/install/fast_lio/share/fast_lio/local_setup.zsh\n'}
[175.966327] (fast_lio) StdoutLine: {'line': b'-- Up-to-date symlink: /home/seeed/ros2/ws/install/fast_lio/share/fast_lio/local_setup.dsv\n'}
[175.966669] (fast_lio) StdoutLine: {'line': b'-- Symlinking: /home/seeed/ros2/ws/install/fast_lio/share/fast_lio/package.dsv\n'}
[175.972423] (fast_lio) StdoutLine: {'line': b'-- Up-to-date symlink: /home/seeed/ros2/ws/install/fast_lio/share/ament_index/resource_index/packages/fast_lio\n'}
[175.972869] (fast_lio) StdoutLine: {'line': b'-- Up-to-date symlink: /home/seeed/ros2/ws/install/fast_lio/share/fast_lio/cmake/rosidl_cmake-extras.cmake\n'}
[175.973254] (fast_lio) StdoutLine: {'line': b'-- Up-to-date symlink: /home/seeed/ros2/ws/install/fast_lio/share/fast_lio/cmake/ament_cmake_export_include_directories-extras.cmake\n'}
[175.973580] (fast_lio) StdoutLine: {'line': b'-- Up-to-date symlink: /home/seeed/ros2/ws/install/fast_lio/share/fast_lio/cmake/ament_cmake_export_libraries-extras.cmake\n'}
[175.973914] (fast_lio) StdoutLine: {'line': b'-- Up-to-date symlink: /home/seeed/ros2/ws/install/fast_lio/share/fast_lio/cmake/ament_cmake_export_targets-extras.cmake\n'}
[175.974249] (fast_lio) StdoutLine: {'line': b'-- Up-to-date symlink: /home/seeed/ros2/ws/install/fast_lio/share/fast_lio/cmake/rosidl_cmake_export_typesupport_targets-extras.cmake\n'}
[175.974550] (fast_lio) StdoutLine: {'line': b'-- Up-to-date symlink: /home/seeed/ros2/ws/install/fast_lio/share/fast_lio/cmake/ament_cmake_export_dependencies-extras.cmake\n'}
[175.974983] (fast_lio) StdoutLine: {'line': b'-- Up-to-date symlink: /home/seeed/ros2/ws/install/fast_lio/share/fast_lio/cmake/rosidl_cmake_export_typesupport_libraries-extras.cmake\n'}
[175.975425] (fast_lio) StdoutLine: {'line': b'-- Up-to-date symlink: /home/seeed/ros2/ws/install/fast_lio/share/fast_lio/cmake/fast_lioConfig.cmake\n'}
[175.975788] (fast_lio) StdoutLine: {'line': b'-- Up-to-date symlink: /home/seeed/ros2/ws/install/fast_lio/share/fast_lio/cmake/fast_lioConfig-version.cmake\n'}
[175.976093] (fast_lio) StdoutLine: {'line': b'-- Up-to-date symlink: /home/seeed/ros2/ws/install/fast_lio/share/fast_lio/package.xml\n'}
[175.977223] (fast_lio) StdoutLine: {'line': b'-- Up-to-date: /home/seeed/ros2/ws/install/fast_lio/lib/libfast_lio__rosidl_generator_c.so\n'}
[175.977821] (fast_lio) StdoutLine: {'line': b'-- Up-to-date: /home/seeed/ros2/ws/install/fast_lio/lib/libfast_lio__rosidl_typesupport_fastrtps_c.so\n'}
[175.978399] (fast_lio) StdoutLine: {'line': b'-- Up-to-date: /home/seeed/ros2/ws/install/fast_lio/lib/libfast_lio__rosidl_typesupport_fastrtps_cpp.so\n'}
[175.979181] (fast_lio) StdoutLine: {'line': b'-- Up-to-date: /home/seeed/ros2/ws/install/fast_lio/lib/libfast_lio__rosidl_typesupport_introspection_c.so\n'}
[175.979734] (fast_lio) StdoutLine: {'line': b'-- Up-to-date: /home/seeed/ros2/ws/install/fast_lio/lib/libfast_lio__rosidl_typesupport_c.so\n'}
[175.980474] (fast_lio) StdoutLine: {'line': b'-- Up-to-date: /home/seeed/ros2/ws/install/fast_lio/lib/libfast_lio__rosidl_typesupport_introspection_cpp.so\n'}
[175.981090] (fast_lio) StdoutLine: {'line': b'-- Up-to-date: /home/seeed/ros2/ws/install/fast_lio/lib/libfast_lio__rosidl_typesupport_cpp.so\n'}
[176.001841] (-) TimerEvent: {}
[176.052548] (fast_lio) StdoutLine: {'line': b"Listing '/home/seeed/ros2/ws/install/fast_lio/local/lib/python3.10/dist-packages/fast_lio'...\n"}
[176.053008] (fast_lio) StdoutLine: {'line': b"Listing '/home/seeed/ros2/ws/install/fast_lio/local/lib/python3.10/dist-packages/fast_lio/msg'...\n"}
[176.065792] (fast_lio) StdoutLine: {'line': b'-- Up-to-date: /home/seeed/ros2/ws/install/fast_lio/lib/libfast_lio__rosidl_generator_py.so\n'}
[176.067109] (fast_lio) StdoutLine: {'line': b'-- Up-to-date: /home/seeed/ros2/ws/install/fast_lio/share/fast_lio/cmake/export_fast_lio__rosidl_generator_cExport.cmake\n'}
[176.067474] (fast_lio) StdoutLine: {'line': b'-- Up-to-date: /home/seeed/ros2/ws/install/fast_lio/share/fast_lio/cmake/export_fast_lio__rosidl_generator_cExport-release.cmake\n'}
[176.068484] (fast_lio) StdoutLine: {'line': b'-- Up-to-date: /home/seeed/ros2/ws/install/fast_lio/share/fast_lio/cmake/export_fast_lio__rosidl_typesupport_fastrtps_cExport.cmake\n'}
[176.068805] (fast_lio) StdoutLine: {'line': b'-- Up-to-date: /home/seeed/ros2/ws/install/fast_lio/share/fast_lio/cmake/export_fast_lio__rosidl_typesupport_fastrtps_cExport-release.cmake\n'}
[176.069408] (fast_lio) StdoutLine: {'line': b'-- Up-to-date: /home/seeed/ros2/ws/install/fast_lio/share/fast_lio/cmake/export_fast_lio__rosidl_generator_cppExport.cmake\n'}
[176.070304] (fast_lio) StdoutLine: {'line': b'-- Up-to-date: /home/seeed/ros2/ws/install/fast_lio/share/fast_lio/cmake/export_fast_lio__rosidl_typesupport_fastrtps_cppExport.cmake\n'}
[176.070918] (fast_lio) StdoutLine: {'line': b'-- Up-to-date: /home/seeed/ros2/ws/install/fast_lio/share/fast_lio/cmake/export_fast_lio__rosidl_typesupport_fastrtps_cppExport-release.cmake\n'}
[176.071509] (fast_lio) StdoutLine: {'line': b'-- Up-to-date: /home/seeed/ros2/ws/install/fast_lio/share/fast_lio/cmake/fast_lio__rosidl_typesupport_introspection_cExport.cmake\n'}
[176.071742] (fast_lio) StdoutLine: {'line': b'-- Up-to-date: /home/seeed/ros2/ws/install/fast_lio/share/fast_lio/cmake/fast_lio__rosidl_typesupport_introspection_cExport-release.cmake\n'}
[176.072134] (fast_lio) StdoutLine: {'line': b'-- Up-to-date: /home/seeed/ros2/ws/install/fast_lio/share/fast_lio/cmake/fast_lio__rosidl_typesupport_cExport.cmake\n'}
[176.072315] (fast_lio) StdoutLine: {'line': b'-- Up-to-date: /home/seeed/ros2/ws/install/fast_lio/share/fast_lio/cmake/fast_lio__rosidl_typesupport_cExport-release.cmake\n'}
[176.072605] (fast_lio) StdoutLine: {'line': b'-- Up-to-date: /home/seeed/ros2/ws/install/fast_lio/share/fast_lio/cmake/fast_lio__rosidl_typesupport_introspection_cppExport.cmake\n'}
[176.072908] (fast_lio) StdoutLine: {'line': b'-- Up-to-date: /home/seeed/ros2/ws/install/fast_lio/share/fast_lio/cmake/fast_lio__rosidl_typesupport_introspection_cppExport-release.cmake\n'}
[176.073715] (fast_lio) StdoutLine: {'line': b'-- Up-to-date: /home/seeed/ros2/ws/install/fast_lio/share/fast_lio/cmake/fast_lio__rosidl_typesupport_cppExport.cmake\n'}
[176.074223] (fast_lio) StdoutLine: {'line': b'-- Up-to-date: /home/seeed/ros2/ws/install/fast_lio/share/fast_lio/cmake/fast_lio__rosidl_typesupport_cppExport-release.cmake\n'}
[176.074382] (fast_lio) StdoutLine: {'line': b'-- Up-to-date: /home/seeed/ros2/ws/install/fast_lio/share/fast_lio/cmake/export_fast_lio__rosidl_generator_pyExport.cmake\n'}
[176.074512] (fast_lio) StdoutLine: {'line': b'-- Up-to-date: /home/seeed/ros2/ws/install/fast_lio/share/fast_lio/cmake/export_fast_lio__rosidl_generator_pyExport-release.cmake\n'}
[176.078430] (fast_lio) CommandEnded: {'returncode': 0}
[176.102115] (-) TimerEvent: {}
[176.164089] (fast_lio) JobEnded: {'identifier': 'fast_lio', 'rc': 0}
[176.165693] (-) EventReactorShutdown: {}
