[0.000000] (-) TimerEvent: {}
[0.000273] (-) JobUnselected: {'identifier': 'fast_lio'}
[0.000589] (-) JobUnselected: {'identifier': 'livox_ros_driver2'}
[0.001092] (-) JobUnselected: {'identifier': 'nav_tf_bridge'}
[0.001378] (-) JobUnselected: {'identifier': 'ranger_base'}
[0.001651] (-) JobUnselected: {'identifier': 'ranger_bringup'}
[0.001694] (-) JobUnselected: {'identifier': 'ranger_msgs'}
[0.001793] (-) JobUnselected: {'identifier': 'ugv_sdk'}
[0.001870] (-) JobUnselected: {'identifier': 'vikit_common'}
[0.001942] (-) JobUnselected: {'identifier': 'vikit_ros'}
[0.002018] (pcd_ndt_localization) JobQueued: {'identifier': 'pcd_ndt_localization', 'dependencies': OrderedDict()}
[0.002097] (pcd_ndt_localization) JobStarted: {'identifier': 'pcd_ndt_localization'}
[0.017126] (pcd_ndt_localization) JobProgress: {'identifier': 'pcd_ndt_localization', 'progress': 'cmake'}
[0.019329] (pcd_ndt_localization) JobProgress: {'identifier': 'pcd_ndt_localization', 'progress': 'build'}
[0.021100] (pcd_ndt_localization) Command: {'cmd': ['/usr/local/bin/cmake', '--build', '/home/seeed/ros2/ws/build/pcd_ndt_localization', '--', '-j6', '-l6'], 'cwd': '/home/seeed/ros2/ws/build/pcd_ndt_localization', 'env': OrderedDict([('LANGUAGE', 'zh_CN:en'), ('USER', 'seeed'), ('SSH_CLIENT', '10.200.24.83 43277 22'), ('LC_TIME', 'zh_CN.UTF-8'), ('XDG_SESSION_TYPE', 'tty'), ('SHLVL', '0'), ('LD_LIBRARY_PATH', '/opt/ros/humble/opt/rviz_ogre_vendor/lib:/opt/ros/humble/lib/aarch64-linux-gnu:/opt/ros/humble/lib'), ('MOTD_SHOWN', 'pam'), ('HOME', '/home/seeed'), ('OLDPWD', '/home/seeed'), ('ROS_PYTHON_VERSION', '3'), ('LC_MONETARY', 'zh_CN.UTF-8'), ('LC_CTYPE', 'C.UTF-8'), ('DBUS_SESSION_BUS_ADDRESS', 'unix:path=/run/user/1000/bus'), ('ROS_DISTRO', 'humble'), ('LOGNAME', 'seeed'), ('_', '/usr/bin/colcon'), ('ROS_VERSION', '2'), ('XDG_SESSION_CLASS', 'user'), ('XDG_SESSION_ID', '112'), ('ROS_LOCALHOST_ONLY', '0'), ('PATH', '/opt/ros/humble/bin:/usr/local/sbin:/usr/local/bin:/usr/sbin:/usr/bin:/sbin:/bin:/usr/games:/usr/local/games:/snap/bin'), ('PAPERSIZE', 'a4'), ('LC_ADDRESS', 'zh_CN.UTF-8'), ('XDG_RUNTIME_DIR', '/run/user/1000'), ('DISPLAY', 'localhost:11.0'), ('LANG', 'zh_CN.UTF-8'), ('LC_TELEPHONE', 'zh_CN.UTF-8'), ('AMENT_PREFIX_PATH', '/opt/ros/humble'), ('SHELL', '/bin/bash'), ('LC_NAME', 'zh_CN.UTF-8'), ('LC_MEASUREMENT', 'zh_CN.UTF-8'), ('LC_IDENTIFICATION', 'zh_CN.UTF-8'), ('PWD', '/home/seeed/ros2/ws/build/pcd_ndt_localization'), ('LC_ALL', 'en_US.UTF-8'), ('SSH_CONNECTION', '10.200.24.83 43277 10.200.54.207 22'), ('PYTHONPATH', '/opt/ros/humble/lib/python3.10/site-packages:/opt/ros/humble/local/lib/python3.10/dist-packages'), ('LC_NUMERIC', 'zh_CN.UTF-8'), ('LC_PAPER', 'zh_CN.UTF-8'), ('COLCON', '1'), ('CMAKE_PREFIX_PATH', '/opt/ros/humble')]), 'shell': False}
[0.099383] (-) TimerEvent: {}
[0.101526] (pcd_ndt_localization) StdoutLine: {'line': b'[ 50%] Built target pcd_occupancy_grid_publisher\n'}
[0.138491] (pcd_ndt_localization) StdoutLine: {'line': b'[ 75%] Building CXX object CMakeFiles/pcd_ndt_localizer.dir/src/pcd_ndt_localizer.cpp.o\n'}
[0.199548] (-) TimerEvent: {}
[0.299951] (-) TimerEvent: {}
[0.400403] (-) TimerEvent: {}
[0.500876] (-) TimerEvent: {}
[0.601335] (-) TimerEvent: {}
[0.701798] (-) TimerEvent: {}
[0.802251] (-) TimerEvent: {}
[0.902703] (-) TimerEvent: {}
[1.003140] (-) TimerEvent: {}
[1.103603] (-) TimerEvent: {}
[1.204086] (-) TimerEvent: {}
[1.304579] (-) TimerEvent: {}
[1.405047] (-) TimerEvent: {}
[1.505516] (-) TimerEvent: {}
[1.605977] (-) TimerEvent: {}
[1.706446] (-) TimerEvent: {}
[1.806905] (-) TimerEvent: {}
[1.907346] (-) TimerEvent: {}
[2.007746] (-) TimerEvent: {}
[2.108188] (-) TimerEvent: {}
[2.208675] (-) TimerEvent: {}
[2.309113] (-) TimerEvent: {}
[2.409561] (-) TimerEvent: {}
[2.510033] (-) TimerEvent: {}
[2.610474] (-) TimerEvent: {}
[2.710920] (-) TimerEvent: {}
[2.811395] (-) TimerEvent: {}
[2.911857] (-) TimerEvent: {}
[3.012320] (-) TimerEvent: {}
[3.112810] (-) TimerEvent: {}
[3.213275] (-) TimerEvent: {}
[3.313731] (-) TimerEvent: {}
[3.414193] (-) TimerEvent: {}
[3.514644] (-) TimerEvent: {}
[3.615093] (-) TimerEvent: {}
[3.715633] (-) TimerEvent: {}
[3.816105] (-) TimerEvent: {}
[3.916597] (-) TimerEvent: {}
[4.017055] (-) TimerEvent: {}
[4.117534] (-) TimerEvent: {}
[4.218008] (-) TimerEvent: {}
[4.318482] (-) TimerEvent: {}
[4.418945] (-) TimerEvent: {}
[4.519427] (-) TimerEvent: {}
[4.619895] (-) TimerEvent: {}
[4.720361] (-) TimerEvent: {}
[4.820864] (-) TimerEvent: {}
[4.921336] (-) TimerEvent: {}
[5.021810] (-) TimerEvent: {}
[5.122285] (-) TimerEvent: {}
[5.222754] (-) TimerEvent: {}
[5.323218] (-) TimerEvent: {}
[5.423683] (-) TimerEvent: {}
[5.524119] (-) TimerEvent: {}
[5.624661] (-) TimerEvent: {}
[5.725209] (-) TimerEvent: {}
[5.825664] (-) TimerEvent: {}
[5.926120] (-) TimerEvent: {}
[6.026682] (-) TimerEvent: {}
[6.127312] (-) TimerEvent: {}
[6.227916] (-) TimerEvent: {}
[6.328430] (-) TimerEvent: {}
[6.428928] (-) TimerEvent: {}
[6.529394] (-) TimerEvent: {}
[6.629862] (-) TimerEvent: {}
[6.730332] (-) TimerEvent: {}
[6.830810] (-) TimerEvent: {}
[6.931284] (-) TimerEvent: {}
[7.031735] (-) TimerEvent: {}
[7.132257] (-) TimerEvent: {}
[7.232950] (-) TimerEvent: {}
[7.333505] (-) TimerEvent: {}
[7.433917] (-) TimerEvent: {}
[7.534443] (-) TimerEvent: {}
[7.635131] (-) TimerEvent: {}
[7.735671] (-) TimerEvent: {}
[7.836151] (-) TimerEvent: {}
[7.936626] (-) TimerEvent: {}
[8.037092] (-) TimerEvent: {}
[8.137554] (-) TimerEvent: {}
[8.238021] (-) TimerEvent: {}
[8.338458] (-) TimerEvent: {}
[8.438985] (-) TimerEvent: {}
[8.539606] (-) TimerEvent: {}
[8.640114] (-) TimerEvent: {}
[8.740606] (-) TimerEvent: {}
[8.841068] (-) TimerEvent: {}
[8.941594] (-) TimerEvent: {}
[9.042067] (-) TimerEvent: {}
[9.142524] (-) TimerEvent: {}
[9.242993] (-) TimerEvent: {}
[9.343460] (-) TimerEvent: {}
[9.443982] (-) TimerEvent: {}
[9.544609] (-) TimerEvent: {}
[9.645020] (-) TimerEvent: {}
[9.745413] (-) TimerEvent: {}
[9.845764] (-) TimerEvent: {}
[9.946172] (-) TimerEvent: {}
[10.046566] (-) TimerEvent: {}
[10.146969] (-) TimerEvent: {}
[10.247380] (-) TimerEvent: {}
[10.347793] (-) TimerEvent: {}
[10.448203] (-) TimerEvent: {}
[10.548609] (-) TimerEvent: {}
[10.649018] (-) TimerEvent: {}
[10.749416] (-) TimerEvent: {}
[10.849821] (-) TimerEvent: {}
[10.950219] (-) TimerEvent: {}
[11.050616] (-) TimerEvent: {}
[11.150999] (-) TimerEvent: {}
[11.251414] (-) TimerEvent: {}
[11.351814] (-) TimerEvent: {}
[11.452229] (-) TimerEvent: {}
[11.552657] (-) TimerEvent: {}
[11.653065] (-) TimerEvent: {}
[11.753468] (-) TimerEvent: {}
[11.853869] (-) TimerEvent: {}
[11.954293] (-) TimerEvent: {}
[12.054663] (-) TimerEvent: {}
[12.155073] (-) TimerEvent: {}
[12.255488] (-) TimerEvent: {}
[12.355863] (-) TimerEvent: {}
[12.456304] (-) TimerEvent: {}
[12.556734] (-) TimerEvent: {}
[12.657127] (-) TimerEvent: {}
[12.757523] (-) TimerEvent: {}
[12.857865] (-) TimerEvent: {}
[12.958233] (-) TimerEvent: {}
[13.058627] (-) TimerEvent: {}
[13.159019] (-) TimerEvent: {}
[13.259412] (-) TimerEvent: {}
[13.359806] (-) TimerEvent: {}
[13.460188] (-) TimerEvent: {}
[13.560595] (-) TimerEvent: {}
[13.660956] (-) TimerEvent: {}
[13.761371] (-) TimerEvent: {}
[13.861769] (-) TimerEvent: {}
[13.962166] (-) TimerEvent: {}
[14.062532] (-) TimerEvent: {}
[14.162939] (-) TimerEvent: {}
[14.263331] (-) TimerEvent: {}
[14.363696] (-) TimerEvent: {}
[14.464091] (-) TimerEvent: {}
[14.564506] (-) TimerEvent: {}
[14.664900] (-) TimerEvent: {}
[14.765304] (-) TimerEvent: {}
[14.865656] (-) TimerEvent: {}
[14.966066] (-) TimerEvent: {}
[15.066480] (-) TimerEvent: {}
[15.166877] (-) TimerEvent: {}
[15.267265] (-) TimerEvent: {}
[15.367659] (-) TimerEvent: {}
[15.468067] (-) TimerEvent: {}
[15.568493] (-) TimerEvent: {}
[15.668878] (-) TimerEvent: {}
[15.769286] (-) TimerEvent: {}
[15.869701] (-) TimerEvent: {}
[15.970126] (-) TimerEvent: {}
[16.070538] (-) TimerEvent: {}
[16.170954] (-) TimerEvent: {}
[16.271389] (-) TimerEvent: {}
[16.371812] (-) TimerEvent: {}
[16.472233] (-) TimerEvent: {}
[16.572665] (-) TimerEvent: {}
[16.673069] (-) TimerEvent: {}
[16.773476] (-) TimerEvent: {}
[16.873880] (-) TimerEvent: {}
[16.974285] (-) TimerEvent: {}
[17.074698] (-) TimerEvent: {}
[17.175157] (-) TimerEvent: {}
[17.275570] (-) TimerEvent: {}
[17.375994] (-) TimerEvent: {}
[17.476640] (-) TimerEvent: {}
[17.577120] (-) TimerEvent: {}
[17.677638] (-) TimerEvent: {}
[17.778064] (-) TimerEvent: {}
[17.878570] (-) TimerEvent: {}
[17.979063] (-) TimerEvent: {}
[18.079554] (-) TimerEvent: {}
[18.180067] (-) TimerEvent: {}
[18.280664] (-) TimerEvent: {}
[18.381146] (-) TimerEvent: {}
[18.481661] (-) TimerEvent: {}
[18.582077] (-) TimerEvent: {}
[18.682546] (-) TimerEvent: {}
[18.783003] (-) TimerEvent: {}
[18.883485] (-) TimerEvent: {}
[18.983999] (-) TimerEvent: {}
[19.084537] (-) TimerEvent: {}
[19.185107] (-) TimerEvent: {}
[19.285594] (-) TimerEvent: {}
[19.386060] (-) TimerEvent: {}
[19.486518] (-) TimerEvent: {}
[19.586964] (-) TimerEvent: {}
[19.687399] (-) TimerEvent: {}
[19.787867] (-) TimerEvent: {}
[19.888327] (-) TimerEvent: {}
[19.988837] (-) TimerEvent: {}
[20.089311] (-) TimerEvent: {}
[20.189773] (-) TimerEvent: {}
[20.290233] (-) TimerEvent: {}
[20.390700] (-) TimerEvent: {}
[20.491154] (-) TimerEvent: {}
[20.591623] (-) TimerEvent: {}
[20.692087] (-) TimerEvent: {}
[20.792574] (-) TimerEvent: {}
[20.893045] (-) TimerEvent: {}
[20.993516] (-) TimerEvent: {}
[21.094008] (-) TimerEvent: {}
[21.194520] (-) TimerEvent: {}
[21.295069] (-) TimerEvent: {}
[21.395559] (-) TimerEvent: {}
[21.496076] (-) TimerEvent: {}
[21.596774] (-) TimerEvent: {}
[21.697290] (-) TimerEvent: {}
[21.797821] (-) TimerEvent: {}
[21.898287] (-) TimerEvent: {}
[21.998811] (-) TimerEvent: {}
[22.099325] (-) TimerEvent: {}
[22.199856] (-) TimerEvent: {}
[22.300361] (-) TimerEvent: {}
[22.400844] (-) TimerEvent: {}
[22.501282] (-) TimerEvent: {}
[22.601744] (-) TimerEvent: {}
[22.702205] (-) TimerEvent: {}
[22.802715] (-) TimerEvent: {}
[22.903336] (-) TimerEvent: {}
[23.003863] (-) TimerEvent: {}
[23.104333] (-) TimerEvent: {}
[23.204967] (-) TimerEvent: {}
[23.305528] (-) TimerEvent: {}
[23.406041] (-) TimerEvent: {}
[23.506545] (-) TimerEvent: {}
[23.607078] (-) TimerEvent: {}
[23.707603] (-) TimerEvent: {}
[23.808089] (-) TimerEvent: {}
[23.908570] (-) TimerEvent: {}
[24.009039] (-) TimerEvent: {}
[24.109501] (-) TimerEvent: {}
[24.209955] (-) TimerEvent: {}
[24.310419] (-) TimerEvent: {}
[24.410890] (-) TimerEvent: {}
[24.511354] (-) TimerEvent: {}
[24.611818] (-) TimerEvent: {}
[24.712326] (-) TimerEvent: {}
[24.812970] (-) TimerEvent: {}
[24.913564] (-) TimerEvent: {}
[25.014027] (-) TimerEvent: {}
[25.114504] (-) TimerEvent: {}
[25.215076] (-) TimerEvent: {}
[25.315620] (-) TimerEvent: {}
[25.416119] (-) TimerEvent: {}
[25.516605] (-) TimerEvent: {}
[25.617086] (-) TimerEvent: {}
[25.717597] (-) TimerEvent: {}
[25.818068] (-) TimerEvent: {}
[25.918533] (-) TimerEvent: {}
[26.019018] (-) TimerEvent: {}
[26.119479] (-) TimerEvent: {}
[26.219904] (-) TimerEvent: {}
[26.320307] (-) TimerEvent: {}
[26.420754] (-) TimerEvent: {}
[26.521219] (-) TimerEvent: {}
[26.621694] (-) TimerEvent: {}
[26.722163] (-) TimerEvent: {}
[26.822622] (-) TimerEvent: {}
[26.923079] (-) TimerEvent: {}
[27.023548] (-) TimerEvent: {}
[27.124015] (-) TimerEvent: {}
[27.224507] (-) TimerEvent: {}
[27.324982] (-) TimerEvent: {}
[27.425445] (-) TimerEvent: {}
[27.525915] (-) TimerEvent: {}
[27.626401] (-) TimerEvent: {}
[27.726866] (-) TimerEvent: {}
[27.827306] (-) TimerEvent: {}
[27.927781] (-) TimerEvent: {}
[28.028253] (-) TimerEvent: {}
[28.128766] (-) TimerEvent: {}
[28.229239] (-) TimerEvent: {}
[28.329703] (-) TimerEvent: {}
[28.430162] (-) TimerEvent: {}
[28.530574] (-) TimerEvent: {}
[28.631037] (-) TimerEvent: {}
[28.731489] (-) TimerEvent: {}
[28.831955] (-) TimerEvent: {}
[28.932460] (-) TimerEvent: {}
[29.032907] (-) TimerEvent: {}
[29.133354] (-) TimerEvent: {}
[29.233824] (-) TimerEvent: {}
[29.334294] (-) TimerEvent: {}
[29.434879] (-) TimerEvent: {}
[29.535421] (-) TimerEvent: {}
[29.635899] (-) TimerEvent: {}
[29.736381] (-) TimerEvent: {}
[29.837033] (-) TimerEvent: {}
[29.937497] (-) TimerEvent: {}
[30.037989] (-) TimerEvent: {}
[30.138507] (-) TimerEvent: {}
[30.239003] (-) TimerEvent: {}
[30.339450] (-) TimerEvent: {}
[30.439967] (-) TimerEvent: {}
[30.540463] (-) TimerEvent: {}
[30.640994] (-) TimerEvent: {}
[30.741493] (-) TimerEvent: {}
[30.842028] (-) TimerEvent: {}
[30.942636] (-) TimerEvent: {}
[31.043186] (-) TimerEvent: {}
[31.143700] (-) TimerEvent: {}
[31.244250] (-) TimerEvent: {}
[31.344785] (-) TimerEvent: {}
[31.445302] (-) TimerEvent: {}
[31.545771] (-) TimerEvent: {}
[31.646233] (-) TimerEvent: {}
[31.746752] (-) TimerEvent: {}
[31.847203] (-) TimerEvent: {}
[31.947645] (-) TimerEvent: {}
[32.048106] (-) TimerEvent: {}
[32.148597] (-) TimerEvent: {}
[32.249051] (-) TimerEvent: {}
[32.349514] (-) TimerEvent: {}
[32.449968] (-) TimerEvent: {}
[32.550479] (-) TimerEvent: {}
[32.650965] (-) TimerEvent: {}
[32.751530] (-) TimerEvent: {}
[32.851970] (-) TimerEvent: {}
[32.952453] (-) TimerEvent: {}
[33.052963] (-) TimerEvent: {}
[33.153498] (-) TimerEvent: {}
[33.254030] (-) TimerEvent: {}
[33.354546] (-) TimerEvent: {}
[33.455097] (-) TimerEvent: {}
[33.555581] (-) TimerEvent: {}
[33.656014] (-) TimerEvent: {}
[33.756542] (-) TimerEvent: {}
[33.857088] (-) TimerEvent: {}
[33.957602] (-) TimerEvent: {}
[34.058118] (-) TimerEvent: {}
[34.158667] (-) TimerEvent: {}
[34.259207] (-) TimerEvent: {}
[34.359672] (-) TimerEvent: {}
[34.460128] (-) TimerEvent: {}
[34.560687] (-) TimerEvent: {}
[34.661288] (-) TimerEvent: {}
[34.761743] (-) TimerEvent: {}
[34.862202] (-) TimerEvent: {}
[34.962679] (-) TimerEvent: {}
[35.063102] (-) TimerEvent: {}
[35.163669] (-) TimerEvent: {}
[35.264136] (-) TimerEvent: {}
[35.364609] (-) TimerEvent: {}
[35.465051] (-) TimerEvent: {}
[35.565531] (-) TimerEvent: {}
[35.666016] (-) TimerEvent: {}
[35.766487] (-) TimerEvent: {}
[35.866947] (-) TimerEvent: {}
[35.967427] (-) TimerEvent: {}
[36.067898] (-) TimerEvent: {}
[36.168370] (-) TimerEvent: {}
[36.268880] (-) TimerEvent: {}
[36.369355] (-) TimerEvent: {}
[36.469856] (-) TimerEvent: {}
[36.570410] (-) TimerEvent: {}
[36.670961] (-) TimerEvent: {}
[36.771459] (-) TimerEvent: {}
[36.871969] (-) TimerEvent: {}
[36.972505] (-) TimerEvent: {}
[37.072936] (-) TimerEvent: {}
[37.173403] (-) TimerEvent: {}
[37.273923] (-) TimerEvent: {}
[37.374452] (-) TimerEvent: {}
[37.475057] (-) TimerEvent: {}
[37.575541] (-) TimerEvent: {}
[37.676006] (-) TimerEvent: {}
[37.776530] (-) TimerEvent: {}
[37.877081] (-) TimerEvent: {}
[37.977678] (-) TimerEvent: {}
[38.078218] (-) TimerEvent: {}
[38.178737] (-) TimerEvent: {}
[38.279266] (-) TimerEvent: {}
[38.379910] (-) TimerEvent: {}
[38.480379] (-) TimerEvent: {}
[38.580970] (-) TimerEvent: {}
[38.681435] (-) TimerEvent: {}
[38.781997] (-) TimerEvent: {}
[38.882505] (-) TimerEvent: {}
[38.983020] (-) TimerEvent: {}
[39.083493] (-) TimerEvent: {}
[39.183955] (-) TimerEvent: {}
[39.284395] (-) TimerEvent: {}
[39.384898] (-) TimerEvent: {}
[39.485381] (-) TimerEvent: {}
[39.585849] (-) TimerEvent: {}
[39.686292] (-) TimerEvent: {}
[39.786777] (-) TimerEvent: {}
[39.887939] (-) TimerEvent: {}
[39.988394] (-) TimerEvent: {}
[40.088949] (-) TimerEvent: {}
[40.189557] (-) TimerEvent: {}
[40.290102] (-) TimerEvent: {}
[40.390612] (-) TimerEvent: {}
[40.491137] (-) TimerEvent: {}
[40.591659] (-) TimerEvent: {}
[40.692115] (-) TimerEvent: {}
[40.792734] (-) TimerEvent: {}
[40.893224] (-) TimerEvent: {}
[40.993789] (-) TimerEvent: {}
[41.094292] (-) TimerEvent: {}
[41.194770] (-) TimerEvent: {}
[41.295236] (-) TimerEvent: {}
[41.395697] (-) TimerEvent: {}
[41.496235] (-) TimerEvent: {}
[41.596732] (-) TimerEvent: {}
[41.697195] (-) TimerEvent: {}
[41.797651] (-) TimerEvent: {}
[41.898119] (-) TimerEvent: {}
[41.998581] (-) TimerEvent: {}
[42.099040] (-) TimerEvent: {}
[42.199471] (-) TimerEvent: {}
[42.299942] (-) TimerEvent: {}
[42.400441] (-) TimerEvent: {}
[42.500909] (-) TimerEvent: {}
[42.601381] (-) TimerEvent: {}
[42.701847] (-) TimerEvent: {}
[42.802306] (-) TimerEvent: {}
[42.902735] (-) TimerEvent: {}
[43.003163] (-) TimerEvent: {}
[43.103632] (-) TimerEvent: {}
[43.204104] (-) TimerEvent: {}
[43.304657] (-) TimerEvent: {}
[43.405204] (-) TimerEvent: {}
[43.505762] (-) TimerEvent: {}
[43.606268] (-) TimerEvent: {}
[43.706846] (-) TimerEvent: {}
[43.807341] (-) TimerEvent: {}
[43.907869] (-) TimerEvent: {}
[44.008337] (-) TimerEvent: {}
[44.108836] (-) TimerEvent: {}
[44.209291] (-) TimerEvent: {}
[44.309754] (-) TimerEvent: {}
[44.410184] (-) TimerEvent: {}
[44.510627] (-) TimerEvent: {}
[44.611088] (-) TimerEvent: {}
[44.711558] (-) TimerEvent: {}
[44.812005] (-) TimerEvent: {}
[44.912476] (-) TimerEvent: {}
[45.012932] (-) TimerEvent: {}
[45.113393] (-) TimerEvent: {}
[45.213859] (-) TimerEvent: {}
[45.314354] (-) TimerEvent: {}
[45.414821] (-) TimerEvent: {}
[45.515278] (-) TimerEvent: {}
[45.615748] (-) TimerEvent: {}
[45.716219] (-) TimerEvent: {}
[45.816764] (-) TimerEvent: {}
[45.917220] (-) TimerEvent: {}
[46.017672] (-) TimerEvent: {}
[46.118135] (-) TimerEvent: {}
[46.218612] (-) TimerEvent: {}
[46.319058] (-) TimerEvent: {}
[46.419523] (-) TimerEvent: {}
[46.522768] (-) TimerEvent: {}
[46.623243] (-) TimerEvent: {}
[46.723700] (-) TimerEvent: {}
[46.824168] (-) TimerEvent: {}
[46.924619] (-) TimerEvent: {}
[47.025069] (-) TimerEvent: {}
[47.125538] (-) TimerEvent: {}
[47.225994] (-) TimerEvent: {}
[47.326439] (-) TimerEvent: {}
[47.426891] (-) TimerEvent: {}
[47.527323] (-) TimerEvent: {}
[47.627771] (-) TimerEvent: {}
[47.728225] (-) TimerEvent: {}
[47.828699] (-) TimerEvent: {}
[47.929157] (-) TimerEvent: {}
[48.029678] (-) TimerEvent: {}
[48.130172] (-) TimerEvent: {}
[48.230678] (-) TimerEvent: {}
[48.331621] (-) TimerEvent: {}
[48.432123] (-) TimerEvent: {}
[48.532617] (-) TimerEvent: {}
[48.633148] (-) TimerEvent: {}
[48.733626] (-) TimerEvent: {}
[48.834066] (-) TimerEvent: {}
[48.934548] (-) TimerEvent: {}
[49.034992] (-) TimerEvent: {}
[49.135466] (-) TimerEvent: {}
[49.235921] (-) TimerEvent: {}
[49.336377] (-) TimerEvent: {}
[49.436855] (-) TimerEvent: {}
[49.537306] (-) TimerEvent: {}
[49.637765] (-) TimerEvent: {}
[49.738217] (-) TimerEvent: {}
[49.838660] (-) TimerEvent: {}
[49.939107] (-) TimerEvent: {}
[50.039556] (-) TimerEvent: {}
[50.140000] (-) TimerEvent: {}
[50.240457] (-) TimerEvent: {}
[50.340877] (-) TimerEvent: {}
[50.441309] (-) TimerEvent: {}
[50.541755] (-) TimerEvent: {}
[50.642198] (-) TimerEvent: {}
[50.742645] (-) TimerEvent: {}
[50.843088] (-) TimerEvent: {}
[50.943543] (-) TimerEvent: {}
[51.043988] (-) TimerEvent: {}
[51.144449] (-) TimerEvent: {}
[51.244884] (-) TimerEvent: {}
[51.345353] (-) TimerEvent: {}
[51.445805] (-) TimerEvent: {}
[51.546257] (-) TimerEvent: {}
[51.646705] (-) TimerEvent: {}
[51.747160] (-) TimerEvent: {}
[51.847620] (-) TimerEvent: {}
[51.948087] (-) TimerEvent: {}
[52.048543] (-) TimerEvent: {}
[52.148998] (-) TimerEvent: {}
[52.249441] (-) TimerEvent: {}
[52.349888] (-) TimerEvent: {}
[52.450326] (-) TimerEvent: {}
[52.550768] (-) TimerEvent: {}
[52.651202] (-) TimerEvent: {}
[52.751639] (-) TimerEvent: {}
[52.852091] (-) TimerEvent: {}
[52.952561] (-) TimerEvent: {}
[53.052999] (-) TimerEvent: {}
[53.153440] (-) TimerEvent: {}
[53.253868] (-) TimerEvent: {}
[53.354292] (-) TimerEvent: {}
[53.454761] (-) TimerEvent: {}
[53.555215] (-) TimerEvent: {}
[53.655660] (-) TimerEvent: {}
[53.756112] (-) TimerEvent: {}
[53.856827] (-) TimerEvent: {}
[53.957270] (-) TimerEvent: {}
[54.057696] (-) TimerEvent: {}
[54.158274] (-) TimerEvent: {}
[54.258693] (-) TimerEvent: {}
[54.359150] (-) TimerEvent: {}
[54.459587] (-) TimerEvent: {}
[54.560037] (-) TimerEvent: {}
[54.660515] (-) TimerEvent: {}
[54.760959] (-) TimerEvent: {}
[54.861399] (-) TimerEvent: {}
[54.961843] (-) TimerEvent: {}
[55.062295] (-) TimerEvent: {}
[55.162729] (-) TimerEvent: {}
[55.263147] (-) TimerEvent: {}
[55.363593] (-) TimerEvent: {}
[55.464040] (-) TimerEvent: {}
[55.564516] (-) TimerEvent: {}
[55.664956] (-) TimerEvent: {}
[55.765430] (-) TimerEvent: {}
[55.865886] (-) TimerEvent: {}
[55.966342] (-) TimerEvent: {}
[56.066792] (-) TimerEvent: {}
[56.167204] (-) TimerEvent: {}
[56.267647] (-) TimerEvent: {}
[56.368087] (-) TimerEvent: {}
[56.468570] (-) TimerEvent: {}
[56.569040] (-) TimerEvent: {}
[56.669450] (-) TimerEvent: {}
[56.769870] (-) TimerEvent: {}
[56.870322] (-) TimerEvent: {}
[56.970899] (-) TimerEvent: {}
[57.071437] (-) TimerEvent: {}
[57.171985] (-) TimerEvent: {}
[57.272442] (-) TimerEvent: {}
[57.372861] (-) TimerEvent: {}
[57.473520] (-) TimerEvent: {}
[57.574016] (-) TimerEvent: {}
[57.674516] (-) TimerEvent: {}
[57.775022] (-) TimerEvent: {}
[57.875480] (-) TimerEvent: {}
[57.975930] (-) TimerEvent: {}
[58.076836] (-) TimerEvent: {}
[58.177325] (-) TimerEvent: {}
[58.277784] (-) TimerEvent: {}
[58.378229] (-) TimerEvent: {}
[58.478677] (-) TimerEvent: {}
[58.579134] (-) TimerEvent: {}
[58.679573] (-) TimerEvent: {}
[58.780011] (-) TimerEvent: {}
[58.880486] (-) TimerEvent: {}
[58.980932] (-) TimerEvent: {}
[59.081375] (-) TimerEvent: {}
[59.181812] (-) TimerEvent: {}
[59.282258] (-) TimerEvent: {}
[59.382705] (-) TimerEvent: {}
[59.483157] (-) TimerEvent: {}
[59.583606] (-) TimerEvent: {}
[59.684053] (-) TimerEvent: {}
[59.784533] (-) TimerEvent: {}
[59.884989] (-) TimerEvent: {}
[59.985445] (-) TimerEvent: {}
[60.085893] (-) TimerEvent: {}
[60.186335] (-) TimerEvent: {}
[60.286765] (-) TimerEvent: {}
[60.387207] (-) TimerEvent: {}
[60.487623] (-) TimerEvent: {}
[60.588077] (-) TimerEvent: {}
[60.688548] (-) TimerEvent: {}
[60.788992] (-) TimerEvent: {}
[60.889438] (-) TimerEvent: {}
[60.989896] (-) TimerEvent: {}
[61.090337] (-) TimerEvent: {}
[61.190778] (-) TimerEvent: {}
[61.291217] (-) TimerEvent: {}
[61.391656] (-) TimerEvent: {}
[61.492093] (-) TimerEvent: {}
[61.592562] (-) TimerEvent: {}
[61.693010] (-) TimerEvent: {}
[61.793455] (-) TimerEvent: {}
[61.893900] (-) TimerEvent: {}
[61.994348] (-) TimerEvent: {}
[62.094756] (-) TimerEvent: {}
[62.195200] (-) TimerEvent: {}
[62.295659] (-) TimerEvent: {}
[62.396131] (-) TimerEvent: {}
[62.496571] (-) TimerEvent: {}
[62.597015] (-) TimerEvent: {}
[62.697470] (-) TimerEvent: {}
[62.797932] (-) TimerEvent: {}
[62.898358] (-) TimerEvent: {}
[62.998793] (-) TimerEvent: {}
[63.099248] (-) TimerEvent: {}
[63.199694] (-) TimerEvent: {}
[63.300150] (-) TimerEvent: {}
[63.400580] (-) TimerEvent: {}
[63.501030] (-) TimerEvent: {}
[63.601475] (-) TimerEvent: {}
[63.701927] (-) TimerEvent: {}
[63.802363] (-) TimerEvent: {}
[63.902804] (-) TimerEvent: {}
[64.003226] (-) TimerEvent: {}
[64.103672] (-) TimerEvent: {}
[64.204111] (-) TimerEvent: {}
[64.304584] (-) TimerEvent: {}
[64.405026] (-) TimerEvent: {}
[64.505474] (-) TimerEvent: {}
[64.605927] (-) TimerEvent: {}
[64.706374] (-) TimerEvent: {}
[64.806785] (-) TimerEvent: {}
[64.907228] (-) TimerEvent: {}
[65.007663] (-) TimerEvent: {}
[65.108110] (-) TimerEvent: {}
[65.208573] (-) TimerEvent: {}
[65.309015] (-) TimerEvent: {}
[65.409458] (-) TimerEvent: {}
[65.509904] (-) TimerEvent: {}
[65.610346] (-) TimerEvent: {}
[65.710808] (-) TimerEvent: {}
[65.811273] (-) TimerEvent: {}
[65.911735] (-) TimerEvent: {}
[66.012170] (-) TimerEvent: {}
[66.112589] (-) TimerEvent: {}
[66.213048] (-) TimerEvent: {}
[66.313505] (-) TimerEvent: {}
[66.413967] (-) TimerEvent: {}
[66.514430] (-) TimerEvent: {}
[66.614944] (-) TimerEvent: {}
[66.715405] (-) TimerEvent: {}
[66.815997] (-) TimerEvent: {}
[66.916541] (-) TimerEvent: {}
[67.017048] (-) TimerEvent: {}
[67.117559] (-) TimerEvent: {}
[67.218026] (-) TimerEvent: {}
[67.318502] (-) TimerEvent: {}
[67.418960] (-) TimerEvent: {}
[67.519415] (-) TimerEvent: {}
[67.619880] (-) TimerEvent: {}
[67.720339] (-) TimerEvent: {}
[67.820820] (-) TimerEvent: {}
[67.921279] (-) TimerEvent: {}
[68.021736] (-) TimerEvent: {}
[68.122180] (-) TimerEvent: {}
[68.222637] (-) TimerEvent: {}
[68.323100] (-) TimerEvent: {}
[68.423561] (-) TimerEvent: {}
[68.524016] (-) TimerEvent: {}
[68.624508] (-) TimerEvent: {}
[68.724979] (-) TimerEvent: {}
[68.825450] (-) TimerEvent: {}
[68.925925] (-) TimerEvent: {}
[69.026391] (-) TimerEvent: {}
[69.126867] (-) TimerEvent: {}
[69.227323] (-) TimerEvent: {}
[69.327775] (-) TimerEvent: {}
[69.428184] (-) TimerEvent: {}
[69.528636] (-) TimerEvent: {}
[69.629102] (-) TimerEvent: {}
[69.729560] (-) TimerEvent: {}
[69.830029] (-) TimerEvent: {}
[69.930513] (-) TimerEvent: {}
[70.030989] (-) TimerEvent: {}
[70.131456] (-) TimerEvent: {}
[70.231983] (-) TimerEvent: {}
[70.332492] (-) TimerEvent: {}
[70.432950] (-) TimerEvent: {}
[70.533402] (-) TimerEvent: {}
[70.633860] (-) TimerEvent: {}
[70.734314] (-) TimerEvent: {}
[70.834779] (-) TimerEvent: {}
[70.935225] (-) TimerEvent: {}
[71.035652] (-) TimerEvent: {}
[71.136136] (-) TimerEvent: {}
[71.236669] (-) TimerEvent: {}
[71.337147] (-) TimerEvent: {}
[71.421923] (pcd_ndt_localization) StdoutLine: {'line': b'[100%] Linking CXX executable pcd_ndt_localizer\n'}
[71.437320] (-) TimerEvent: {}
[71.537717] (-) TimerEvent: {}
[71.638152] (-) TimerEvent: {}
[71.738587] (-) TimerEvent: {}
[71.839047] (-) TimerEvent: {}
[71.939602] (-) TimerEvent: {}
[72.040180] (-) TimerEvent: {}
[72.140655] (-) TimerEvent: {}
[72.241119] (-) TimerEvent: {}
[72.341591] (-) TimerEvent: {}
[72.442053] (-) TimerEvent: {}
[72.542526] (-) TimerEvent: {}
[72.642975] (-) TimerEvent: {}
[72.743424] (-) TimerEvent: {}
[72.843881] (-) TimerEvent: {}
[72.944344] (-) TimerEvent: {}
[73.044836] (-) TimerEvent: {}
[73.145300] (-) TimerEvent: {}
[73.245770] (-) TimerEvent: {}
[73.346239] (-) TimerEvent: {}
[73.446703] (-) TimerEvent: {}
[73.547199] (-) TimerEvent: {}
[73.647677] (-) TimerEvent: {}
[73.748140] (-) TimerEvent: {}
[73.848621] (-) TimerEvent: {}
[73.949214] (-) TimerEvent: {}
[74.049675] (-) TimerEvent: {}
[74.150143] (-) TimerEvent: {}
[74.250612] (-) TimerEvent: {}
[74.351053] (-) TimerEvent: {}
[74.451495] (-) TimerEvent: {}
[74.551980] (-) TimerEvent: {}
[74.652486] (-) TimerEvent: {}
[74.752960] (-) TimerEvent: {}
[74.853407] (-) TimerEvent: {}
[74.953865] (-) TimerEvent: {}
[75.054327] (-) TimerEvent: {}
[75.154785] (-) TimerEvent: {}
[75.255224] (-) TimerEvent: {}
[75.355672] (-) TimerEvent: {}
[75.456144] (-) TimerEvent: {}
[75.556614] (-) TimerEvent: {}
[75.657081] (-) TimerEvent: {}
[75.757544] (-) TimerEvent: {}
[75.858016] (-) TimerEvent: {}
[75.958484] (-) TimerEvent: {}
[76.058929] (-) TimerEvent: {}
[76.159359] (-) TimerEvent: {}
[76.259811] (-) TimerEvent: {}
[76.360272] (-) TimerEvent: {}
[76.460762] (-) TimerEvent: {}
[76.561217] (-) TimerEvent: {}
[76.661672] (-) TimerEvent: {}
[76.762139] (-) TimerEvent: {}
[76.862600] (-) TimerEvent: {}
[76.963044] (-) TimerEvent: {}
[77.063566] (-) TimerEvent: {}
[77.164033] (-) TimerEvent: {}
[77.264522] (-) TimerEvent: {}
[77.364981] (-) TimerEvent: {}
[77.465443] (-) TimerEvent: {}
[77.565884] (-) TimerEvent: {}
[77.666349] (-) TimerEvent: {}
[77.766847] (-) TimerEvent: {}
[77.856987] (pcd_ndt_localization) StdoutLine: {'line': b'[100%] Built target pcd_ndt_localizer\n'}
[77.866167] (pcd_ndt_localization) CommandEnded: {'returncode': 0}
[77.867409] (-) TimerEvent: {}
[77.868400] (pcd_ndt_localization) JobProgress: {'identifier': 'pcd_ndt_localization', 'progress': 'install'}
[77.876557] (pcd_ndt_localization) Command: {'cmd': ['/usr/local/bin/cmake', '--install', '/home/seeed/ros2/ws/build/pcd_ndt_localization'], 'cwd': '/home/seeed/ros2/ws/build/pcd_ndt_localization', 'env': OrderedDict([('LANGUAGE', 'zh_CN:en'), ('USER', 'seeed'), ('SSH_CLIENT', '10.200.24.83 43277 22'), ('LC_TIME', 'zh_CN.UTF-8'), ('XDG_SESSION_TYPE', 'tty'), ('SHLVL', '0'), ('LD_LIBRARY_PATH', '/opt/ros/humble/opt/rviz_ogre_vendor/lib:/opt/ros/humble/lib/aarch64-linux-gnu:/opt/ros/humble/lib'), ('MOTD_SHOWN', 'pam'), ('HOME', '/home/seeed'), ('OLDPWD', '/home/seeed'), ('ROS_PYTHON_VERSION', '3'), ('LC_MONETARY', 'zh_CN.UTF-8'), ('LC_CTYPE', 'C.UTF-8'), ('DBUS_SESSION_BUS_ADDRESS', 'unix:path=/run/user/1000/bus'), ('ROS_DISTRO', 'humble'), ('LOGNAME', 'seeed'), ('_', '/usr/bin/colcon'), ('ROS_VERSION', '2'), ('XDG_SESSION_CLASS', 'user'), ('XDG_SESSION_ID', '112'), ('ROS_LOCALHOST_ONLY', '0'), ('PATH', '/opt/ros/humble/bin:/usr/local/sbin:/usr/local/bin:/usr/sbin:/usr/bin:/sbin:/bin:/usr/games:/usr/local/games:/snap/bin'), ('PAPERSIZE', 'a4'), ('LC_ADDRESS', 'zh_CN.UTF-8'), ('XDG_RUNTIME_DIR', '/run/user/1000'), ('DISPLAY', 'localhost:11.0'), ('LANG', 'zh_CN.UTF-8'), ('LC_TELEPHONE', 'zh_CN.UTF-8'), ('AMENT_PREFIX_PATH', '/opt/ros/humble'), ('SHELL', '/bin/bash'), ('LC_NAME', 'zh_CN.UTF-8'), ('LC_MEASUREMENT', 'zh_CN.UTF-8'), ('LC_IDENTIFICATION', 'zh_CN.UTF-8'), ('PWD', '/home/seeed/ros2/ws/build/pcd_ndt_localization'), ('LC_ALL', 'en_US.UTF-8'), ('SSH_CONNECTION', '10.200.24.83 43277 10.200.54.207 22'), ('PYTHONPATH', '/opt/ros/humble/lib/python3.10/site-packages:/opt/ros/humble/local/lib/python3.10/dist-packages'), ('LC_NUMERIC', 'zh_CN.UTF-8'), ('LC_PAPER', 'zh_CN.UTF-8'), ('COLCON', '1'), ('CMAKE_PREFIX_PATH', '/opt/ros/humble')]), 'shell': False}
[77.883146] (pcd_ndt_localization) StdoutLine: {'line': b'-- Install configuration: ""\n'}
[77.884404] (pcd_ndt_localization) StdoutLine: {'line': b'-- Execute custom install script\n'}
[77.885409] (pcd_ndt_localization) StdoutLine: {'line': b'-- Up-to-date symlink: /home/seeed/ros2/ws/install/pcd_ndt_localization/lib/pcd_ndt_localization/pcd_ndt_localizer\n'}
[77.886062] (pcd_ndt_localization) StdoutLine: {'line': b'-- Up-to-date symlink: /home/seeed/ros2/ws/install/pcd_ndt_localization/lib/pcd_ndt_localization/pcd_occupancy_grid_publisher\n'}
[77.886690] (pcd_ndt_localization) StdoutLine: {'line': b'-- Up-to-date symlink: /home/seeed/ros2/ws/install/pcd_ndt_localization/share/pcd_ndt_localization/config/ndt_localization.yaml\n'}
[77.887276] (pcd_ndt_localization) StdoutLine: {'line': b'-- Up-to-date symlink: /home/seeed/ros2/ws/install/pcd_ndt_localization/share/pcd_ndt_localization/launch/localization.launch.py\n'}
[77.887802] (pcd_ndt_localization) StdoutLine: {'line': b'-- Up-to-date symlink: /home/seeed/ros2/ws/install/pcd_ndt_localization/share/ament_index/resource_index/package_run_dependencies/pcd_ndt_localization\n'}
[77.888405] (pcd_ndt_localization) StdoutLine: {'line': b'-- Up-to-date symlink: /home/seeed/ros2/ws/install/pcd_ndt_localization/share/ament_index/resource_index/parent_prefix_path/pcd_ndt_localization\n'}
[77.889176] (pcd_ndt_localization) StdoutLine: {'line': b'-- Up-to-date symlink: /home/seeed/ros2/ws/install/pcd_ndt_localization/share/pcd_ndt_localization/environment/ament_prefix_path.sh\n'}
[77.889914] (pcd_ndt_localization) StdoutLine: {'line': b'-- Up-to-date symlink: /home/seeed/ros2/ws/install/pcd_ndt_localization/share/pcd_ndt_localization/environment/ament_prefix_path.dsv\n'}
[77.890434] (pcd_ndt_localization) StdoutLine: {'line': b'-- Up-to-date symlink: /home/seeed/ros2/ws/install/pcd_ndt_localization/share/pcd_ndt_localization/environment/path.sh\n'}
[77.891340] (pcd_ndt_localization) StdoutLine: {'line': b'-- Up-to-date symlink: /home/seeed/ros2/ws/install/pcd_ndt_localization/share/pcd_ndt_localization/environment/path.dsv\n'}
[77.891804] (pcd_ndt_localization) StdoutLine: {'line': b'-- Up-to-date symlink: /home/seeed/ros2/ws/install/pcd_ndt_localization/share/pcd_ndt_localization/local_setup.bash\n'}
[77.892033] (pcd_ndt_localization) StdoutLine: {'line': b'-- Up-to-date symlink: /home/seeed/ros2/ws/install/pcd_ndt_localization/share/pcd_ndt_localization/local_setup.sh\n'}
[77.892254] (pcd_ndt_localization) StdoutLine: {'line': b'-- Up-to-date symlink: /home/seeed/ros2/ws/install/pcd_ndt_localization/share/pcd_ndt_localization/local_setup.zsh\n'}
[77.892498] (pcd_ndt_localization) StdoutLine: {'line': b'-- Up-to-date symlink: /home/seeed/ros2/ws/install/pcd_ndt_localization/share/pcd_ndt_localization/local_setup.dsv\n'}
[77.892718] (pcd_ndt_localization) StdoutLine: {'line': b'-- Symlinking: /home/seeed/ros2/ws/install/pcd_ndt_localization/share/pcd_ndt_localization/package.dsv\n'}
[77.897195] (pcd_ndt_localization) StdoutLine: {'line': b'-- Up-to-date symlink: /home/seeed/ros2/ws/install/pcd_ndt_localization/share/ament_index/resource_index/packages/pcd_ndt_localization\n'}
[77.897959] (pcd_ndt_localization) StdoutLine: {'line': b'-- Up-to-date symlink: /home/seeed/ros2/ws/install/pcd_ndt_localization/share/pcd_ndt_localization/cmake/pcd_ndt_localizationConfig.cmake\n'}
[77.898521] (pcd_ndt_localization) StdoutLine: {'line': b'-- Up-to-date symlink: /home/seeed/ros2/ws/install/pcd_ndt_localization/share/pcd_ndt_localization/cmake/pcd_ndt_localizationConfig-version.cmake\n'}
[77.898760] (pcd_ndt_localization) StdoutLine: {'line': b'-- Up-to-date symlink: /home/seeed/ros2/ws/install/pcd_ndt_localization/share/pcd_ndt_localization/package.xml\n'}
[77.900812] (pcd_ndt_localization) CommandEnded: {'returncode': 0}
[77.961443] (pcd_ndt_localization) JobEnded: {'identifier': 'pcd_ndt_localization', 'rc': 0}
[77.963474] (-) EventReactorShutdown: {}
