[0.000000] (-) TimerEvent: {}
[0.000260] (-) JobUnselected: {'identifier': 'fast_lio'}
[0.001887] (-) JobUnselected: {'identifier': 'livox_ros_driver2'}
[0.001949] (-) JobUnselected: {'identifier': 'ranger_base'}
[0.001990] (-) JobUnselected: {'identifier': 'ranger_bringup'}
[0.002060] (-) JobUnselected: {'identifier': 'ranger_msgs'}
[0.002101] (-) JobUnselected: {'identifier': 'ugv_sdk'}
[0.002137] (-) JobUnselected: {'identifier': 'vikit_common'}
[0.002195] (-) JobUnselected: {'identifier': 'vikit_ros'}
[0.002241] (nav_tf_bridge) JobQueued: {'identifier': 'nav_tf_bridge', 'dependencies': OrderedDict()}
[0.002286] (pcd_ndt_localization) JobQueued: {'identifier': 'pcd_ndt_localization', 'dependencies': OrderedDict()}
[0.002347] (nav_tf_bridge) JobStarted: {'identifier': 'nav_tf_bridge'}
[0.021533] (pcd_ndt_localization) JobStarted: {'identifier': 'pcd_ndt_localization'}
[0.032724] (nav_tf_bridge) JobProgress: {'identifier': 'nav_tf_bridge', 'progress': 'cmake'}
[0.036309] (nav_tf_bridge) Command: {'cmd': ['/usr/local/bin/cmake', '/home/seeed/ros2/ws/src/nav_tf_bridge', '-DAMENT_CMAKE_SYMLINK_INSTALL=1', '-DCMAKE_INSTALL_PREFIX=/home/seeed/ros2/ws/install/nav_tf_bridge'], 'cwd': '/home/seeed/ros2/ws/build/nav_tf_bridge', 'env': OrderedDict([('LANGUAGE', 'zh_CN:en'), ('USER', 'seeed'), ('SSH_CLIENT', '192.168.1.101 40117 22'), ('LC_TIME', 'zh_CN.UTF-8'), ('XDG_SESSION_TYPE', 'tty'), ('SHLVL', '0'), ('LD_LIBRARY_PATH', '/opt/ros/humble/opt/rviz_ogre_vendor/lib:/opt/ros/humble/lib/aarch64-linux-gnu:/opt/ros/humble/lib'), ('MOTD_SHOWN', 'pam'), ('HOME', '/home/seeed'), ('OLDPWD', '/home/seeed'), ('ROS_PYTHON_VERSION', '3'), ('LC_MONETARY', 'zh_CN.UTF-8'), ('LC_CTYPE', 'C.UTF-8'), ('DBUS_SESSION_BUS_ADDRESS', 'unix:path=/run/user/1000/bus'), ('ROS_DISTRO', 'humble'), ('LOGNAME', 'seeed'), ('_', '/usr/bin/colcon'), ('ROS_VERSION', '2'), ('XDG_SESSION_CLASS', 'user'), ('XDG_SESSION_ID', '108'), ('ROS_LOCALHOST_ONLY', '0'), ('PATH', '/opt/ros/humble/bin:/usr/local/sbin:/usr/local/bin:/usr/sbin:/usr/bin:/sbin:/bin:/usr/games:/usr/local/games:/snap/bin'), ('PAPERSIZE', 'a4'), ('LC_ADDRESS', 'zh_CN.UTF-8'), ('XDG_RUNTIME_DIR', '/run/user/1000'), ('LANG', 'zh_CN.UTF-8'), ('LC_TELEPHONE', 'zh_CN.UTF-8'), ('AMENT_PREFIX_PATH', '/opt/ros/humble'), ('SHELL', '/bin/bash'), ('LC_NAME', 'zh_CN.UTF-8'), ('LC_MEASUREMENT', 'zh_CN.UTF-8'), ('LC_IDENTIFICATION', 'zh_CN.UTF-8'), ('PWD', '/home/seeed/ros2/ws/build/nav_tf_bridge'), ('LC_ALL', 'en_US.UTF-8'), ('SSH_CONNECTION', '192.168.1.101 40117 192.168.1.104 22'), ('PYTHONPATH', '/opt/ros/humble/lib/python3.10/site-packages:/opt/ros/humble/local/lib/python3.10/dist-packages'), ('LC_NUMERIC', 'zh_CN.UTF-8'), ('LC_PAPER', 'zh_CN.UTF-8'), ('COLCON', '1'), ('CMAKE_PREFIX_PATH', '/opt/ros/humble')]), 'shell': False}
[0.041050] (pcd_ndt_localization) JobProgress: {'identifier': 'pcd_ndt_localization', 'progress': 'cmake'}
[0.043913] (pcd_ndt_localization) JobProgress: {'identifier': 'pcd_ndt_localization', 'progress': 'build'}
[0.045827] (pcd_ndt_localization) Command: {'cmd': ['/usr/local/bin/cmake', '--build', '/home/seeed/ros2/ws/build/pcd_ndt_localization', '--', '-j6', '-l6'], 'cwd': '/home/seeed/ros2/ws/build/pcd_ndt_localization', 'env': OrderedDict([('LANGUAGE', 'zh_CN:en'), ('USER', 'seeed'), ('SSH_CLIENT', '192.168.1.101 40117 22'), ('LC_TIME', 'zh_CN.UTF-8'), ('XDG_SESSION_TYPE', 'tty'), ('SHLVL', '0'), ('LD_LIBRARY_PATH', '/opt/ros/humble/opt/rviz_ogre_vendor/lib:/opt/ros/humble/lib/aarch64-linux-gnu:/opt/ros/humble/lib'), ('MOTD_SHOWN', 'pam'), ('HOME', '/home/seeed'), ('OLDPWD', '/home/seeed'), ('ROS_PYTHON_VERSION', '3'), ('LC_MONETARY', 'zh_CN.UTF-8'), ('LC_CTYPE', 'C.UTF-8'), ('DBUS_SESSION_BUS_ADDRESS', 'unix:path=/run/user/1000/bus'), ('ROS_DISTRO', 'humble'), ('LOGNAME', 'seeed'), ('_', '/usr/bin/colcon'), ('ROS_VERSION', '2'), ('XDG_SESSION_CLASS', 'user'), ('XDG_SESSION_ID', '108'), ('ROS_LOCALHOST_ONLY', '0'), ('PATH', '/opt/ros/humble/bin:/usr/local/sbin:/usr/local/bin:/usr/sbin:/usr/bin:/sbin:/bin:/usr/games:/usr/local/games:/snap/bin'), ('PAPERSIZE', 'a4'), ('LC_ADDRESS', 'zh_CN.UTF-8'), ('XDG_RUNTIME_DIR', '/run/user/1000'), ('LANG', 'zh_CN.UTF-8'), ('LC_TELEPHONE', 'zh_CN.UTF-8'), ('AMENT_PREFIX_PATH', '/opt/ros/humble'), ('SHELL', '/bin/bash'), ('LC_NAME', 'zh_CN.UTF-8'), ('LC_MEASUREMENT', 'zh_CN.UTF-8'), ('LC_IDENTIFICATION', 'zh_CN.UTF-8'), ('PWD', '/home/seeed/ros2/ws/build/pcd_ndt_localization'), ('LC_ALL', 'en_US.UTF-8'), ('SSH_CONNECTION', '192.168.1.101 40117 192.168.1.104 22'), ('PYTHONPATH', '/opt/ros/humble/lib/python3.10/site-packages:/opt/ros/humble/local/lib/python3.10/dist-packages'), ('LC_NUMERIC', 'zh_CN.UTF-8'), ('LC_PAPER', 'zh_CN.UTF-8'), ('COLCON', '1'), ('CMAKE_PREFIX_PATH', '/opt/ros/humble')]), 'shell': False}
[0.099265] (-) TimerEvent: {}
[0.110617] (nav_tf_bridge) StdoutLine: {'line': b'-- Found ament_cmake: 1.3.14 (/opt/ros/humble/share/ament_cmake/cmake)\n'}
[0.199384] (-) TimerEvent: {}
[0.299773] (-) TimerEvent: {}
[0.383485] (pcd_ndt_localization) StdoutLine: {'line': b'[ 25%] Building CXX object CMakeFiles/pcd_ndt_localizer.dir/src/pcd_ndt_localizer.cpp.o\n'}
[0.399928] (-) TimerEvent: {}
[0.500255] (-) TimerEvent: {}
[0.600618] (-) TimerEvent: {}
[0.700938] (-) TimerEvent: {}
[0.763194] (nav_tf_bridge) StdoutLine: {'line': b'-- Override CMake install command with custom implementation using symlinks instead of copying resources\n'}
[0.801130] (-) TimerEvent: {}
[0.816460] (nav_tf_bridge) StdoutLine: {'line': b'-- Found geometry_msgs: 4.9.1 (/opt/ros/humble/share/geometry_msgs/cmake)\n'}
[0.901323] (-) TimerEvent: {}
[0.993261] (nav_tf_bridge) StdoutLine: {'line': b'-- Found rosidl_generator_c: 3.1.8 (/opt/ros/humble/share/rosidl_generator_c/cmake)\n'}
[1.001463] (-) TimerEvent: {}
[1.004289] (nav_tf_bridge) StdoutLine: {'line': b'-- Found rosidl_adapter: 3.1.8 (/opt/ros/humble/share/rosidl_adapter/cmake)\n'}
[1.043245] (nav_tf_bridge) StdoutLine: {'line': b'-- Found rosidl_generator_cpp: 3.1.8 (/opt/ros/humble/share/rosidl_generator_cpp/cmake)\n'}
[1.098130] (nav_tf_bridge) StdoutLine: {'line': b'-- Using all available rosidl_typesupport_c: rosidl_typesupport_fastrtps_c;rosidl_typesupport_introspection_c\n'}
[1.101944] (-) TimerEvent: {}
[1.202282] (-) TimerEvent: {}
[1.212597] (nav_tf_bridge) StdoutLine: {'line': b'-- Using all available rosidl_typesupport_cpp: rosidl_typesupport_fastrtps_cpp;rosidl_typesupport_introspection_cpp\n'}
[1.302445] (-) TimerEvent: {}
[1.402806] (-) TimerEvent: {}
[1.419899] (nav_tf_bridge) StdoutLine: {'line': b'-- Found nav_msgs: 4.9.1 (/opt/ros/humble/share/nav_msgs/cmake)\n'}
[1.501447] (nav_tf_bridge) StdoutLine: {'line': b'-- Found rclcpp: 16.0.19 (/opt/ros/humble/share/rclcpp/cmake)\n'}
[1.502879] (-) TimerEvent: {}
[1.603135] (-) TimerEvent: {}
[1.701523] (nav_tf_bridge) StdoutLine: {'line': b'-- Found rmw_implementation_cmake: 6.1.2 (/opt/ros/humble/share/rmw_implementation_cmake/cmake)\n'}
[1.703199] (-) TimerEvent: {}
[1.714539] (nav_tf_bridge) StdoutLine: {'line': b'-- Found rmw_fastrtps_cpp: 6.2.10 (/opt/ros/humble/share/rmw_fastrtps_cpp/cmake)\n'}
[1.803565] (-) TimerEvent: {}
[1.905435] (-) TimerEvent: {}
[2.005802] (-) TimerEvent: {}
[2.106442] (-) TimerEvent: {}
[2.128579] (nav_tf_bridge) StdoutLine: {'line': b"-- Using RMW implementation 'rmw_fastrtps_cpp' as default\n"}
[2.206598] (-) TimerEvent: {}
[2.306953] (-) TimerEvent: {}
[2.316781] (nav_tf_bridge) StdoutLine: {'line': b'-- Found tf2: 0.25.20 (/opt/ros/humble/share/tf2/cmake)\n'}
[2.332146] (nav_tf_bridge) StdoutLine: {'line': b'-- Found tf2_geometry_msgs: 0.25.20 (/opt/ros/humble/share/tf2_geometry_msgs/cmake)\n'}
[2.350905] (nav_tf_bridge) StdoutLine: {'line': b'-- Found eigen3_cmake_module: 0.1.1 (/opt/ros/humble/share/eigen3_cmake_module/cmake)\n'}
[2.354996] (nav_tf_bridge) StdoutLine: {'line': b'-- Ensuring Eigen3 include directory is part of orocos-kdl CMake target\n'}
[2.407095] (-) TimerEvent: {}
[2.507469] (-) TimerEvent: {}
[2.607843] (-) TimerEvent: {}
[2.708228] (-) TimerEvent: {}
[2.808600] (-) TimerEvent: {}
[2.908960] (-) TimerEvent: {}
[3.009810] (-) TimerEvent: {}
[3.029935] (nav_tf_bridge) StdoutLine: {'line': b'-- Configuring done (3.0s)\n'}
[3.090800] (nav_tf_bridge) StdoutLine: {'line': b'-- Generating done (0.0s)\n'}
[3.109907] (-) TimerEvent: {}
[3.110640] (nav_tf_bridge) StdoutLine: {'line': b'-- Build files have been written to: /home/seeed/ros2/ws/build/nav_tf_bridge\n'}
[3.144052] (nav_tf_bridge) CommandEnded: {'returncode': 0}
[3.145078] (nav_tf_bridge) JobProgress: {'identifier': 'nav_tf_bridge', 'progress': 'build'}
[3.145145] (nav_tf_bridge) Command: {'cmd': ['/usr/local/bin/cmake', '--build', '/home/seeed/ros2/ws/build/nav_tf_bridge', '--', '-j6', '-l6'], 'cwd': '/home/seeed/ros2/ws/build/nav_tf_bridge', 'env': OrderedDict([('LANGUAGE', 'zh_CN:en'), ('USER', 'seeed'), ('SSH_CLIENT', '192.168.1.101 40117 22'), ('LC_TIME', 'zh_CN.UTF-8'), ('XDG_SESSION_TYPE', 'tty'), ('SHLVL', '0'), ('LD_LIBRARY_PATH', '/opt/ros/humble/opt/rviz_ogre_vendor/lib:/opt/ros/humble/lib/aarch64-linux-gnu:/opt/ros/humble/lib'), ('MOTD_SHOWN', 'pam'), ('HOME', '/home/seeed'), ('OLDPWD', '/home/seeed'), ('ROS_PYTHON_VERSION', '3'), ('LC_MONETARY', 'zh_CN.UTF-8'), ('LC_CTYPE', 'C.UTF-8'), ('DBUS_SESSION_BUS_ADDRESS', 'unix:path=/run/user/1000/bus'), ('ROS_DISTRO', 'humble'), ('LOGNAME', 'seeed'), ('_', '/usr/bin/colcon'), ('ROS_VERSION', '2'), ('XDG_SESSION_CLASS', 'user'), ('XDG_SESSION_ID', '108'), ('ROS_LOCALHOST_ONLY', '0'), ('PATH', '/opt/ros/humble/bin:/usr/local/sbin:/usr/local/bin:/usr/sbin:/usr/bin:/sbin:/bin:/usr/games:/usr/local/games:/snap/bin'), ('PAPERSIZE', 'a4'), ('LC_ADDRESS', 'zh_CN.UTF-8'), ('XDG_RUNTIME_DIR', '/run/user/1000'), ('LANG', 'zh_CN.UTF-8'), ('LC_TELEPHONE', 'zh_CN.UTF-8'), ('AMENT_PREFIX_PATH', '/opt/ros/humble'), ('SHELL', '/bin/bash'), ('LC_NAME', 'zh_CN.UTF-8'), ('LC_MEASUREMENT', 'zh_CN.UTF-8'), ('LC_IDENTIFICATION', 'zh_CN.UTF-8'), ('PWD', '/home/seeed/ros2/ws/build/nav_tf_bridge'), ('LC_ALL', 'en_US.UTF-8'), ('SSH_CONNECTION', '192.168.1.101 40117 192.168.1.104 22'), ('PYTHONPATH', '/opt/ros/humble/lib/python3.10/site-packages:/opt/ros/humble/local/lib/python3.10/dist-packages'), ('LC_NUMERIC', 'zh_CN.UTF-8'), ('LC_PAPER', 'zh_CN.UTF-8'), ('COLCON', '1'), ('CMAKE_PREFIX_PATH', '/opt/ros/humble')]), 'shell': False}
[3.210044] (-) TimerEvent: {}
[3.280989] (nav_tf_bridge) StdoutLine: {'line': b'[ 50%] Building CXX object CMakeFiles/map_odom_tf_bridge.dir/src/map_odom_tf_bridge.cpp.o\n'}
[3.310188] (-) TimerEvent: {}
[3.410560] (-) TimerEvent: {}
[3.510919] (-) TimerEvent: {}
[3.611290] (-) TimerEvent: {}
[3.711676] (-) TimerEvent: {}
[3.812279] (-) TimerEvent: {}
[3.912655] (-) TimerEvent: {}
[4.013008] (-) TimerEvent: {}
[4.113402] (-) TimerEvent: {}
[4.213756] (-) TimerEvent: {}
[4.314147] (-) TimerEvent: {}
[4.414511] (-) TimerEvent: {}
[4.514951] (-) TimerEvent: {}
[4.615313] (-) TimerEvent: {}
[4.715703] (-) TimerEvent: {}
[4.816211] (-) TimerEvent: {}
[4.916701] (-) TimerEvent: {}
[5.017067] (-) TimerEvent: {}
[5.117387] (-) TimerEvent: {}
[5.217746] (-) TimerEvent: {}
[5.318129] (-) TimerEvent: {}
[5.418513] (-) TimerEvent: {}
[5.518888] (-) TimerEvent: {}
[5.619352] (-) TimerEvent: {}
[5.719804] (-) TimerEvent: {}
[5.820179] (-) TimerEvent: {}
[5.920536] (-) TimerEvent: {}
[6.020896] (-) TimerEvent: {}
[6.121251] (-) TimerEvent: {}
[6.221603] (-) TimerEvent: {}
[6.322005] (-) TimerEvent: {}
[6.422355] (-) TimerEvent: {}
[6.522724] (-) TimerEvent: {}
[6.625908] (-) TimerEvent: {}
[6.726272] (-) TimerEvent: {}
[6.826647] (-) TimerEvent: {}
[6.927011] (-) TimerEvent: {}
[7.027369] (-) TimerEvent: {}
[7.127741] (-) TimerEvent: {}
[7.228092] (-) TimerEvent: {}
[7.328457] (-) TimerEvent: {}
[7.428833] (-) TimerEvent: {}
[7.529203] (-) TimerEvent: {}
[7.629588] (-) TimerEvent: {}
[7.730007] (-) TimerEvent: {}
[7.830391] (-) TimerEvent: {}
[7.930767] (-) TimerEvent: {}
[8.031150] (-) TimerEvent: {}
[8.131523] (-) TimerEvent: {}
[8.231984] (-) TimerEvent: {}
[8.332376] (-) TimerEvent: {}
[8.432768] (-) TimerEvent: {}
[8.536200] (-) TimerEvent: {}
[8.636568] (-) TimerEvent: {}
[8.736986] (-) TimerEvent: {}
[8.838536] (-) TimerEvent: {}
[8.938896] (-) TimerEvent: {}
[9.039289] (-) TimerEvent: {}
[9.139654] (-) TimerEvent: {}
[9.239976] (-) TimerEvent: {}
[9.340340] (-) TimerEvent: {}
[9.440675] (-) TimerEvent: {}
[9.541061] (-) TimerEvent: {}
[9.641440] (-) TimerEvent: {}
[9.741873] (-) TimerEvent: {}
[9.842245] (-) TimerEvent: {}
[9.942627] (-) TimerEvent: {}
[10.043013] (-) TimerEvent: {}
[10.143574] (-) TimerEvent: {}
[10.244049] (-) TimerEvent: {}
[10.344442] (-) TimerEvent: {}
[10.444818] (-) TimerEvent: {}
[10.547443] (-) TimerEvent: {}
[10.647799] (-) TimerEvent: {}
[10.748156] (-) TimerEvent: {}
[10.848525] (-) TimerEvent: {}
[10.948860] (-) TimerEvent: {}
[11.049257] (-) TimerEvent: {}
[11.149620] (-) TimerEvent: {}
[11.250019] (-) TimerEvent: {}
[11.350357] (-) TimerEvent: {}
[11.450737] (-) TimerEvent: {}
[11.551109] (-) TimerEvent: {}
[11.651455] (-) TimerEvent: {}
[11.751830] (-) TimerEvent: {}
[11.852198] (-) TimerEvent: {}
[11.952583] (-) TimerEvent: {}
[12.052942] (-) TimerEvent: {}
[12.153285] (-) TimerEvent: {}
[12.253674] (-) TimerEvent: {}
[12.354131] (-) TimerEvent: {}
[12.454496] (-) TimerEvent: {}
[12.554868] (-) TimerEvent: {}
[12.655253] (-) TimerEvent: {}
[12.755639] (-) TimerEvent: {}
[12.856046] (-) TimerEvent: {}
[12.956457] (-) TimerEvent: {}
[13.056861] (-) TimerEvent: {}
[13.157262] (-) TimerEvent: {}
[13.257632] (-) TimerEvent: {}
[13.358080] (-) TimerEvent: {}
[13.458452] (-) TimerEvent: {}
[13.558834] (-) TimerEvent: {}
[13.659231] (-) TimerEvent: {}
[13.759613] (-) TimerEvent: {}
[13.859987] (-) TimerEvent: {}
[13.960388] (-) TimerEvent: {}
[14.060776] (-) TimerEvent: {}
[14.161151] (-) TimerEvent: {}
[14.261536] (-) TimerEvent: {}
[14.361942] (-) TimerEvent: {}
[14.462336] (-) TimerEvent: {}
[14.562746] (-) TimerEvent: {}
[14.663170] (-) TimerEvent: {}
[14.763586] (-) TimerEvent: {}
[14.863996] (-) TimerEvent: {}
[14.964379] (-) TimerEvent: {}
[15.064761] (-) TimerEvent: {}
[15.165139] (-) TimerEvent: {}
[15.265507] (-) TimerEvent: {}
[15.365939] (-) TimerEvent: {}
[15.466302] (-) TimerEvent: {}
[15.567286] (-) TimerEvent: {}
[15.667659] (-) TimerEvent: {}
[15.768032] (-) TimerEvent: {}
[15.868416] (-) TimerEvent: {}
[15.968822] (-) TimerEvent: {}
[16.069233] (-) TimerEvent: {}
[16.169619] (-) TimerEvent: {}
[16.270024] (-) TimerEvent: {}
[16.370401] (-) TimerEvent: {}
[16.470828] (-) TimerEvent: {}
[16.571210] (-) TimerEvent: {}
[16.671599] (-) TimerEvent: {}
[16.771989] (-) TimerEvent: {}
[16.872384] (-) TimerEvent: {}
[16.972777] (-) TimerEvent: {}
[17.073164] (-) TimerEvent: {}
[17.173543] (-) TimerEvent: {}
[17.273922] (-) TimerEvent: {}
[17.374308] (-) TimerEvent: {}
[17.474681] (-) TimerEvent: {}
[17.575062] (-) TimerEvent: {}
[17.675453] (-) TimerEvent: {}
[17.775829] (-) TimerEvent: {}
[17.876219] (-) TimerEvent: {}
[17.976593] (-) TimerEvent: {}
[18.076970] (-) TimerEvent: {}
[18.177363] (-) TimerEvent: {}
[18.277759] (-) TimerEvent: {}
[18.378189] (-) TimerEvent: {}
[18.478756] (-) TimerEvent: {}
[18.579139] (-) TimerEvent: {}
[18.679521] (-) TimerEvent: {}
[18.779872] (-) TimerEvent: {}
[18.880265] (-) TimerEvent: {}
[18.981295] (-) TimerEvent: {}
[19.081643] (-) TimerEvent: {}
[19.182056] (-) TimerEvent: {}
[19.282447] (-) TimerEvent: {}
[19.382830] (-) TimerEvent: {}
[19.483228] (-) TimerEvent: {}
[19.584306] (-) TimerEvent: {}
[19.684797] (-) TimerEvent: {}
[19.785169] (-) TimerEvent: {}
[19.885808] (-) TimerEvent: {}
[19.988148] (-) TimerEvent: {}
[20.088515] (-) TimerEvent: {}
[20.189677] (-) TimerEvent: {}
[20.290074] (-) TimerEvent: {}
[20.390437] (-) TimerEvent: {}
[20.490817] (-) TimerEvent: {}
[20.591191] (-) TimerEvent: {}
[20.691574] (-) TimerEvent: {}
[20.791957] (-) TimerEvent: {}
[20.892360] (-) TimerEvent: {}
[20.992742] (-) TimerEvent: {}
[21.093110] (-) TimerEvent: {}
[21.193495] (-) TimerEvent: {}
[21.293913] (-) TimerEvent: {}
[21.394275] (-) TimerEvent: {}
[21.494672] (-) TimerEvent: {}
[21.595106] (-) TimerEvent: {}
[21.695578] (-) TimerEvent: {}
[21.796036] (-) TimerEvent: {}
[21.896457] (-) TimerEvent: {}
[21.996833] (-) TimerEvent: {}
[22.097381] (-) TimerEvent: {}
[22.197798] (-) TimerEvent: {}
[22.298320] (-) TimerEvent: {}
[22.398689] (-) TimerEvent: {}
[22.499103] (-) TimerEvent: {}
[22.599592] (-) TimerEvent: {}
[22.700024] (-) TimerEvent: {}
[22.800416] (-) TimerEvent: {}
[22.900787] (-) TimerEvent: {}
[23.001149] (-) TimerEvent: {}
[23.101602] (-) TimerEvent: {}
[23.202123] (-) TimerEvent: {}
[23.302518] (-) TimerEvent: {}
[23.402910] (-) TimerEvent: {}
[23.503483] (-) TimerEvent: {}
[23.605912] (-) TimerEvent: {}
[23.707498] (-) TimerEvent: {}
[23.807899] (-) TimerEvent: {}
[23.908276] (-) TimerEvent: {}
[24.008671] (-) TimerEvent: {}
[24.109053] (-) TimerEvent: {}
[24.209562] (-) TimerEvent: {}
[24.309916] (-) TimerEvent: {}
[24.410379] (-) TimerEvent: {}
[24.510755] (-) TimerEvent: {}
[24.611211] (-) TimerEvent: {}
[24.711698] (-) TimerEvent: {}
[24.812144] (-) TimerEvent: {}
[24.913932] (-) TimerEvent: {}
[25.014306] (-) TimerEvent: {}
[25.114668] (-) TimerEvent: {}
[25.215035] (-) TimerEvent: {}
[25.315414] (-) TimerEvent: {}
[25.415750] (-) TimerEvent: {}
[25.516138] (-) TimerEvent: {}
[25.616586] (-) TimerEvent: {}
[25.716981] (-) TimerEvent: {}
[25.817368] (-) TimerEvent: {}
[25.917744] (-) TimerEvent: {}
[26.018196] (-) TimerEvent: {}
[26.118604] (-) TimerEvent: {}
[26.218975] (-) TimerEvent: {}
[26.320018] (-) TimerEvent: {}
[26.420399] (-) TimerEvent: {}
[26.520778] (-) TimerEvent: {}
[26.621170] (-) TimerEvent: {}
[26.721537] (-) TimerEvent: {}
[26.821892] (-) TimerEvent: {}
[26.922252] (-) TimerEvent: {}
[27.022621] (-) TimerEvent: {}
[27.122995] (-) TimerEvent: {}
[27.223416] (-) TimerEvent: {}
[27.323791] (-) TimerEvent: {}
[27.424178] (-) TimerEvent: {}
[27.524560] (-) TimerEvent: {}
[27.624928] (-) TimerEvent: {}
[27.725288] (-) TimerEvent: {}
[27.825654] (-) TimerEvent: {}
[27.926031] (-) TimerEvent: {}
[28.026396] (-) TimerEvent: {}
[28.126762] (-) TimerEvent: {}
[28.227126] (-) TimerEvent: {}
[28.328163] (-) TimerEvent: {}
[28.429329] (-) TimerEvent: {}
[28.529699] (-) TimerEvent: {}
[28.630072] (-) TimerEvent: {}
[28.730437] (-) TimerEvent: {}
[28.830801] (-) TimerEvent: {}
[28.931164] (-) TimerEvent: {}
[29.031523] (-) TimerEvent: {}
[29.131886] (-) TimerEvent: {}
[29.232264] (-) TimerEvent: {}
[29.332638] (-) TimerEvent: {}
[29.432978] (-) TimerEvent: {}
[29.533373] (-) TimerEvent: {}
[29.633720] (-) TimerEvent: {}
[29.734127] (-) TimerEvent: {}
[29.834502] (-) TimerEvent: {}
[29.934883] (-) TimerEvent: {}
[30.035247] (-) TimerEvent: {}
[30.135633] (-) TimerEvent: {}
[30.238021] (-) TimerEvent: {}
[30.338422] (-) TimerEvent: {}
[30.438829] (-) TimerEvent: {}
[30.539252] (-) TimerEvent: {}
[30.639676] (-) TimerEvent: {}
[30.740063] (-) TimerEvent: {}
[30.840449] (-) TimerEvent: {}
[30.940864] (-) TimerEvent: {}
[31.041286] (-) TimerEvent: {}
[31.141677] (-) TimerEvent: {}
[31.242112] (-) TimerEvent: {}
[31.342508] (-) TimerEvent: {}
[31.442895] (-) TimerEvent: {}
[31.543289] (-) TimerEvent: {}
[31.643702] (-) TimerEvent: {}
[31.744094] (-) TimerEvent: {}
[31.845734] (-) TimerEvent: {}
[31.947373] (-) TimerEvent: {}
[32.047736] (-) TimerEvent: {}
[32.148097] (-) TimerEvent: {}
[32.248738] (-) TimerEvent: {}
[32.349112] (-) TimerEvent: {}
[32.449485] (-) TimerEvent: {}
[32.549891] (-) TimerEvent: {}
[32.650258] (-) TimerEvent: {}
[32.750621] (-) TimerEvent: {}
[32.851007] (-) TimerEvent: {}
[32.951381] (-) TimerEvent: {}
[33.051766] (-) TimerEvent: {}
[33.152128] (-) TimerEvent: {}
[33.252511] (-) TimerEvent: {}
[33.353401] (-) TimerEvent: {}
[33.453791] (-) TimerEvent: {}
[33.554154] (-) TimerEvent: {}
[33.654530] (-) TimerEvent: {}
[33.754905] (-) TimerEvent: {}
[33.855285] (-) TimerEvent: {}
[33.955674] (-) TimerEvent: {}
[34.056047] (-) TimerEvent: {}
[34.156408] (-) TimerEvent: {}
[34.256808] (-) TimerEvent: {}
[34.357223] (-) TimerEvent: {}
[34.457627] (-) TimerEvent: {}
[34.558051] (-) TimerEvent: {}
[34.658432] (-) TimerEvent: {}
[34.758775] (-) TimerEvent: {}
[34.859161] (-) TimerEvent: {}
[34.959526] (-) TimerEvent: {}
[35.059865] (-) TimerEvent: {}
[35.160271] (-) TimerEvent: {}
[35.260683] (-) TimerEvent: {}
[35.361072] (-) TimerEvent: {}
[35.461423] (-) TimerEvent: {}
[35.561878] (-) TimerEvent: {}
[35.662275] (-) TimerEvent: {}
[35.762633] (-) TimerEvent: {}
[35.863059] (-) TimerEvent: {}
[35.964056] (-) TimerEvent: {}
[36.064479] (-) TimerEvent: {}
[36.164856] (-) TimerEvent: {}
[36.265310] (-) TimerEvent: {}
[36.365667] (-) TimerEvent: {}
[36.466061] (-) TimerEvent: {}
[36.566419] (-) TimerEvent: {}
[36.666787] (-) TimerEvent: {}
[36.767152] (-) TimerEvent: {}
[36.867517] (-) TimerEvent: {}
[36.967879] (-) TimerEvent: {}
[37.068252] (-) TimerEvent: {}
[37.168612] (-) TimerEvent: {}
[37.268979] (-) TimerEvent: {}
[37.369446] (-) TimerEvent: {}
[37.469832] (-) TimerEvent: {}
[37.570208] (-) TimerEvent: {}
[37.670576] (-) TimerEvent: {}
[37.770904] (-) TimerEvent: {}
[37.871287] (-) TimerEvent: {}
[37.971656] (-) TimerEvent: {}
[38.072021] (-) TimerEvent: {}
[38.172340] (-) TimerEvent: {}
[38.272672] (-) TimerEvent: {}
[38.373065] (-) TimerEvent: {}
[38.473436] (-) TimerEvent: {}
[38.573829] (-) TimerEvent: {}
[38.674171] (-) TimerEvent: {}
[38.774554] (-) TimerEvent: {}
[38.874930] (-) TimerEvent: {}
[38.975294] (-) TimerEvent: {}
[39.075662] (-) TimerEvent: {}
[39.176025] (-) TimerEvent: {}
[39.276397] (-) TimerEvent: {}
[39.376755] (-) TimerEvent: {}
[39.477115] (-) TimerEvent: {}
[39.577486] (-) TimerEvent: {}
[39.677888] (-) TimerEvent: {}
[39.778277] (-) TimerEvent: {}
[39.878667] (-) TimerEvent: {}
[39.979040] (-) TimerEvent: {}
[40.079409] (-) TimerEvent: {}
[40.179804] (-) TimerEvent: {}
[40.280175] (-) TimerEvent: {}
[40.380559] (-) TimerEvent: {}
[40.480958] (-) TimerEvent: {}
[40.582073] (-) TimerEvent: {}
[40.682439] (-) TimerEvent: {}
[40.782817] (-) TimerEvent: {}
[40.883184] (-) TimerEvent: {}
[40.983666] (-) TimerEvent: {}
[41.084166] (-) TimerEvent: {}
[41.184541] (-) TimerEvent: {}
[41.284895] (-) TimerEvent: {}
[41.385267] (-) TimerEvent: {}
[41.485632] (-) TimerEvent: {}
[41.586017] (-) TimerEvent: {}
[41.686394] (-) TimerEvent: {}
[41.786771] (-) TimerEvent: {}
[41.887166] (-) TimerEvent: {}
[41.987592] (-) TimerEvent: {}
[42.088010] (-) TimerEvent: {}
[42.188357] (-) TimerEvent: {}
[42.288729] (-) TimerEvent: {}
[42.390054] (-) TimerEvent: {}
[42.490406] (-) TimerEvent: {}
[42.590767] (-) TimerEvent: {}
[42.691121] (-) TimerEvent: {}
[42.791487] (-) TimerEvent: {}
[42.891837] (-) TimerEvent: {}
[42.992223] (-) TimerEvent: {}
[43.092633] (-) TimerEvent: {}
[43.192998] (-) TimerEvent: {}
[43.293377] (-) TimerEvent: {}
[43.393745] (-) TimerEvent: {}
[43.494143] (-) TimerEvent: {}
[43.594516] (-) TimerEvent: {}
[43.694935] (-) TimerEvent: {}
[43.795690] (-) TimerEvent: {}
[43.896057] (-) TimerEvent: {}
[43.996412] (-) TimerEvent: {}
[44.096775] (-) TimerEvent: {}
[44.197160] (-) TimerEvent: {}
[44.297534] (-) TimerEvent: {}
[44.397910] (-) TimerEvent: {}
[44.498282] (-) TimerEvent: {}
[44.598658] (-) TimerEvent: {}
[44.699036] (-) TimerEvent: {}
[44.799425] (-) TimerEvent: {}
[44.899806] (-) TimerEvent: {}
[45.000166] (-) TimerEvent: {}
[45.100671] (-) TimerEvent: {}
[45.201038] (-) TimerEvent: {}
[45.301401] (-) TimerEvent: {}
[45.401794] (-) TimerEvent: {}
[45.502157] (-) TimerEvent: {}
[45.602551] (-) TimerEvent: {}
[45.702909] (-) TimerEvent: {}
[45.803236] (-) TimerEvent: {}
[45.903552] (-) TimerEvent: {}
[46.003935] (-) TimerEvent: {}
[46.104321] (-) TimerEvent: {}
[46.204740] (-) TimerEvent: {}
[46.305123] (-) TimerEvent: {}
[46.406710] (-) TimerEvent: {}
[46.507091] (-) TimerEvent: {}
[46.607472] (-) TimerEvent: {}
[46.707851] (-) TimerEvent: {}
[46.808254] (-) TimerEvent: {}
[46.908619] (-) TimerEvent: {}
[47.008985] (-) TimerEvent: {}
[47.109364] (-) TimerEvent: {}
[47.209744] (-) TimerEvent: {}
[47.310668] (-) TimerEvent: {}
[47.413197] (-) TimerEvent: {}
[47.513560] (-) TimerEvent: {}
[47.613907] (-) TimerEvent: {}
[47.714300] (-) TimerEvent: {}
[47.814683] (-) TimerEvent: {}
[47.915132] (-) TimerEvent: {}
[48.015528] (-) TimerEvent: {}
[48.115926] (-) TimerEvent: {}
[48.216294] (-) TimerEvent: {}
[48.316662] (-) TimerEvent: {}
[48.417070] (-) TimerEvent: {}
[48.517468] (-) TimerEvent: {}
[48.617876] (-) TimerEvent: {}
[48.718233] (-) TimerEvent: {}
[48.818966] (-) TimerEvent: {}
[48.919335] (-) TimerEvent: {}
[49.019717] (-) TimerEvent: {}
[49.120138] (-) TimerEvent: {}
[49.220512] (-) TimerEvent: {}
[49.320901] (-) TimerEvent: {}
[49.421286] (-) TimerEvent: {}
[49.521667] (-) TimerEvent: {}
[49.622064] (-) TimerEvent: {}
[49.722432] (-) TimerEvent: {}
[49.822802] (-) TimerEvent: {}
[49.923181] (-) TimerEvent: {}
[50.023576] (-) TimerEvent: {}
[50.123952] (-) TimerEvent: {}
[50.224318] (-) TimerEvent: {}
[50.324689] (-) TimerEvent: {}
[50.425063] (-) TimerEvent: {}
[50.525445] (-) TimerEvent: {}
[50.625859] (-) TimerEvent: {}
[50.726243] (-) TimerEvent: {}
[50.826632] (-) TimerEvent: {}
[50.927041] (-) TimerEvent: {}
[51.027409] (-) TimerEvent: {}
[51.127761] (-) TimerEvent: {}
[51.228148] (-) TimerEvent: {}
[51.328523] (-) TimerEvent: {}
[51.428875] (-) TimerEvent: {}
[51.529912] (-) TimerEvent: {}
[51.630287] (-) TimerEvent: {}
[51.730621] (-) TimerEvent: {}
[51.830979] (-) TimerEvent: {}
[51.931313] (-) TimerEvent: {}
[52.031694] (-) TimerEvent: {}
[52.132081] (-) TimerEvent: {}
[52.232420] (-) TimerEvent: {}
[52.341904] (-) TimerEvent: {}
[52.442298] (-) TimerEvent: {}
[52.542687] (-) TimerEvent: {}
[52.643078] (-) TimerEvent: {}
[52.743571] (-) TimerEvent: {}
[52.845613] (-) TimerEvent: {}
[52.946867] (-) TimerEvent: {}
[53.047280] (-) TimerEvent: {}
[53.147635] (-) TimerEvent: {}
[53.248300] (-) TimerEvent: {}
[53.348677] (-) TimerEvent: {}
[53.449077] (-) TimerEvent: {}
[53.549468] (-) TimerEvent: {}
[53.649876] (-) TimerEvent: {}
[53.750250] (-) TimerEvent: {}
[53.850615] (-) TimerEvent: {}
[53.950984] (-) TimerEvent: {}
[54.051361] (-) TimerEvent: {}
[54.151753] (-) TimerEvent: {}
[54.252149] (-) TimerEvent: {}
[54.352541] (-) TimerEvent: {}
[54.452917] (-) TimerEvent: {}
[54.553346] (-) TimerEvent: {}
[54.653789] (-) TimerEvent: {}
[54.754166] (-) TimerEvent: {}
[54.854533] (-) TimerEvent: {}
[54.954909] (-) TimerEvent: {}
[55.055277] (-) TimerEvent: {}
[55.155653] (-) TimerEvent: {}
[55.256049] (-) TimerEvent: {}
[55.356461] (-) TimerEvent: {}
[55.456848] (-) TimerEvent: {}
[55.557208] (-) TimerEvent: {}
[55.657556] (-) TimerEvent: {}
[55.757919] (-) TimerEvent: {}
[55.858303] (-) TimerEvent: {}
[55.958695] (-) TimerEvent: {}
[56.059070] (-) TimerEvent: {}
[56.159442] (-) TimerEvent: {}
[56.259805] (-) TimerEvent: {}
[56.360152] (-) TimerEvent: {}
[56.460520] (-) TimerEvent: {}
[56.560893] (-) TimerEvent: {}
[56.637966] (nav_tf_bridge) StdoutLine: {'line': b'[100%] Linking CXX executable map_odom_tf_bridge\n'}
[56.661039] (-) TimerEvent: {}
[56.761396] (-) TimerEvent: {}
[56.861807] (-) TimerEvent: {}
[56.962194] (-) TimerEvent: {}
[57.062574] (-) TimerEvent: {}
[57.162936] (-) TimerEvent: {}
[57.263316] (-) TimerEvent: {}
[57.363681] (-) TimerEvent: {}
[57.376981] (nav_tf_bridge) StdoutLine: {'line': b'[100%] Built target map_odom_tf_bridge\n'}
[57.392560] (nav_tf_bridge) CommandEnded: {'returncode': 0}
[57.398251] (nav_tf_bridge) JobProgress: {'identifier': 'nav_tf_bridge', 'progress': 'install'}
[57.408205] (nav_tf_bridge) Command: {'cmd': ['/usr/local/bin/cmake', '--install', '/home/seeed/ros2/ws/build/nav_tf_bridge'], 'cwd': '/home/seeed/ros2/ws/build/nav_tf_bridge', 'env': OrderedDict([('LANGUAGE', 'zh_CN:en'), ('USER', 'seeed'), ('SSH_CLIENT', '192.168.1.101 40117 22'), ('LC_TIME', 'zh_CN.UTF-8'), ('XDG_SESSION_TYPE', 'tty'), ('SHLVL', '0'), ('LD_LIBRARY_PATH', '/opt/ros/humble/opt/rviz_ogre_vendor/lib:/opt/ros/humble/lib/aarch64-linux-gnu:/opt/ros/humble/lib'), ('MOTD_SHOWN', 'pam'), ('HOME', '/home/seeed'), ('OLDPWD', '/home/seeed'), ('ROS_PYTHON_VERSION', '3'), ('LC_MONETARY', 'zh_CN.UTF-8'), ('LC_CTYPE', 'C.UTF-8'), ('DBUS_SESSION_BUS_ADDRESS', 'unix:path=/run/user/1000/bus'), ('ROS_DISTRO', 'humble'), ('LOGNAME', 'seeed'), ('_', '/usr/bin/colcon'), ('ROS_VERSION', '2'), ('XDG_SESSION_CLASS', 'user'), ('XDG_SESSION_ID', '108'), ('ROS_LOCALHOST_ONLY', '0'), ('PATH', '/opt/ros/humble/bin:/usr/local/sbin:/usr/local/bin:/usr/sbin:/usr/bin:/sbin:/bin:/usr/games:/usr/local/games:/snap/bin'), ('PAPERSIZE', 'a4'), ('LC_ADDRESS', 'zh_CN.UTF-8'), ('XDG_RUNTIME_DIR', '/run/user/1000'), ('LANG', 'zh_CN.UTF-8'), ('LC_TELEPHONE', 'zh_CN.UTF-8'), ('AMENT_PREFIX_PATH', '/opt/ros/humble'), ('SHELL', '/bin/bash'), ('LC_NAME', 'zh_CN.UTF-8'), ('LC_MEASUREMENT', 'zh_CN.UTF-8'), ('LC_IDENTIFICATION', 'zh_CN.UTF-8'), ('PWD', '/home/seeed/ros2/ws/build/nav_tf_bridge'), ('LC_ALL', 'en_US.UTF-8'), ('SSH_CONNECTION', '192.168.1.101 40117 192.168.1.104 22'), ('PYTHONPATH', '/opt/ros/humble/lib/python3.10/site-packages:/opt/ros/humble/local/lib/python3.10/dist-packages'), ('LC_NUMERIC', 'zh_CN.UTF-8'), ('LC_PAPER', 'zh_CN.UTF-8'), ('COLCON', '1'), ('CMAKE_PREFIX_PATH', '/opt/ros/humble')]), 'shell': False}
[57.415879] (nav_tf_bridge) StdoutLine: {'line': b'-- Install configuration: "Release"\n'}
[57.418409] (nav_tf_bridge) StdoutLine: {'line': b'-- Execute custom install script\n'}
[57.420102] (nav_tf_bridge) StdoutLine: {'line': b'-- Up-to-date symlink: /home/seeed/ros2/ws/install/nav_tf_bridge/lib/nav_tf_bridge/map_odom_tf_bridge\n'}
[57.423545] (nav_tf_bridge) StdoutLine: {'line': b'-- Up-to-date symlink: /home/seeed/ros2/ws/install/nav_tf_bridge/share/ament_index/resource_index/package_run_dependencies/nav_tf_bridge\n'}
[57.429425] (nav_tf_bridge) StdoutLine: {'line': b'-- Up-to-date symlink: /home/seeed/ros2/ws/install/nav_tf_bridge/share/ament_index/resource_index/parent_prefix_path/nav_tf_bridge\n'}
[57.430766] (nav_tf_bridge) StdoutLine: {'line': b'-- Up-to-date symlink: /home/seeed/ros2/ws/install/nav_tf_bridge/share/nav_tf_bridge/environment/ament_prefix_path.sh\n'}
[57.431565] (nav_tf_bridge) StdoutLine: {'line': b'-- Up-to-date symlink: /home/seeed/ros2/ws/install/nav_tf_bridge/share/nav_tf_bridge/environment/ament_prefix_path.dsv\n'}
[57.432774] (nav_tf_bridge) StdoutLine: {'line': b'-- Up-to-date symlink: /home/seeed/ros2/ws/install/nav_tf_bridge/share/nav_tf_bridge/environment/path.sh\n'}
[57.437391] (nav_tf_bridge) StdoutLine: {'line': b'-- Up-to-date symlink: /home/seeed/ros2/ws/install/nav_tf_bridge/share/nav_tf_bridge/environment/path.dsv\n'}
[57.439698] (nav_tf_bridge) StdoutLine: {'line': b'-- Up-to-date symlink: /home/seeed/ros2/ws/install/nav_tf_bridge/share/nav_tf_bridge/local_setup.bash\n'}
[57.439938] (nav_tf_bridge) StdoutLine: {'line': b'-- Up-to-date symlink: /home/seeed/ros2/ws/install/nav_tf_bridge/share/nav_tf_bridge/local_setup.sh\n'}
[57.440624] (nav_tf_bridge) StdoutLine: {'line': b'-- Up-to-date symlink: /home/seeed/ros2/ws/install/nav_tf_bridge/share/nav_tf_bridge/local_setup.zsh\n'}
[57.441114] (nav_tf_bridge) StdoutLine: {'line': b'-- Up-to-date symlink: /home/seeed/ros2/ws/install/nav_tf_bridge/share/nav_tf_bridge/local_setup.dsv\n'}
[57.441561] (nav_tf_bridge) StdoutLine: {'line': b'-- Symlinking: /home/seeed/ros2/ws/install/nav_tf_bridge/share/nav_tf_bridge/package.dsv\n'}
[57.452791] (nav_tf_bridge) StdoutLine: {'line': b'-- Up-to-date symlink: /home/seeed/ros2/ws/install/nav_tf_bridge/share/ament_index/resource_index/packages/nav_tf_bridge\n'}
[57.453668] (nav_tf_bridge) StdoutLine: {'line': b'-- Up-to-date symlink: /home/seeed/ros2/ws/install/nav_tf_bridge/share/nav_tf_bridge/cmake/nav_tf_bridgeConfig.cmake\n'}
[57.454217] (nav_tf_bridge) StdoutLine: {'line': b'-- Up-to-date symlink: /home/seeed/ros2/ws/install/nav_tf_bridge/share/nav_tf_bridge/cmake/nav_tf_bridgeConfig-version.cmake\n'}
[57.454651] (nav_tf_bridge) StdoutLine: {'line': b'-- Up-to-date symlink: /home/seeed/ros2/ws/install/nav_tf_bridge/share/nav_tf_bridge/package.xml\n'}
[57.457578] (nav_tf_bridge) CommandEnded: {'returncode': 0}
[57.463774] (-) TimerEvent: {}
[57.509490] (nav_tf_bridge) JobEnded: {'identifier': 'nav_tf_bridge', 'rc': 0}
[57.563986] (-) TimerEvent: {}
[57.664395] (-) TimerEvent: {}
[57.764865] (-) TimerEvent: {}
[57.865273] (-) TimerEvent: {}
[57.965652] (-) TimerEvent: {}
[58.066056] (-) TimerEvent: {}
[58.166433] (-) TimerEvent: {}
[58.266822] (-) TimerEvent: {}
[58.367207] (-) TimerEvent: {}
[58.467587] (-) TimerEvent: {}
[58.567978] (-) TimerEvent: {}
[58.668365] (-) TimerEvent: {}
[58.768751] (-) TimerEvent: {}
[58.869132] (-) TimerEvent: {}
[58.969524] (-) TimerEvent: {}
[59.069914] (-) TimerEvent: {}
[59.170290] (-) TimerEvent: {}
[59.270667] (-) TimerEvent: {}
[59.371093] (-) TimerEvent: {}
[59.471468] (-) TimerEvent: {}
[59.571851] (-) TimerEvent: {}
[59.672225] (-) TimerEvent: {}
[59.772620] (-) TimerEvent: {}
[59.873016] (-) TimerEvent: {}
[59.973389] (-) TimerEvent: {}
[60.073779] (-) TimerEvent: {}
[60.174152] (-) TimerEvent: {}
[60.274556] (-) TimerEvent: {}
[60.374929] (-) TimerEvent: {}
[60.475309] (-) TimerEvent: {}
[60.575708] (-) TimerEvent: {}
[60.676096] (-) TimerEvent: {}
[60.776523] (-) TimerEvent: {}
[60.876909] (-) TimerEvent: {}
[60.977287] (-) TimerEvent: {}
[61.077802] (-) TimerEvent: {}
[61.178192] (-) TimerEvent: {}
[61.278565] (-) TimerEvent: {}
[61.378952] (-) TimerEvent: {}
[61.479351] (-) TimerEvent: {}
[61.579747] (-) TimerEvent: {}
[61.680145] (-) TimerEvent: {}
[61.780526] (-) TimerEvent: {}
[61.880896] (-) TimerEvent: {}
[61.981282] (-) TimerEvent: {}
[62.081674] (-) TimerEvent: {}
[62.182082] (-) TimerEvent: {}
[62.283604] (-) TimerEvent: {}
[62.383987] (-) TimerEvent: {}
[62.484367] (-) TimerEvent: {}
[62.584746] (-) TimerEvent: {}
[62.685117] (-) TimerEvent: {}
[62.785486] (-) TimerEvent: {}
[62.885865] (-) TimerEvent: {}
[62.986223] (-) TimerEvent: {}
[63.086815] (-) TimerEvent: {}
[63.187183] (-) TimerEvent: {}
[63.287547] (-) TimerEvent: {}
[63.387918] (-) TimerEvent: {}
[63.488309] (-) TimerEvent: {}
[63.588730] (-) TimerEvent: {}
[63.689117] (-) TimerEvent: {}
[63.789499] (-) TimerEvent: {}
[63.889878] (-) TimerEvent: {}
[63.990239] (-) TimerEvent: {}
[64.090615] (-) TimerEvent: {}
[64.191009] (-) TimerEvent: {}
[64.291381] (-) TimerEvent: {}
[64.391745] (-) TimerEvent: {}
[64.492139] (-) TimerEvent: {}
[64.592513] (-) TimerEvent: {}
[64.693200] (-) TimerEvent: {}
[64.793637] (-) TimerEvent: {}
[64.894221] (-) TimerEvent: {}
[64.994751] (-) TimerEvent: {}
[65.095247] (-) TimerEvent: {}
[65.195619] (-) TimerEvent: {}
[65.295981] (-) TimerEvent: {}
[65.396338] (-) TimerEvent: {}
[65.496707] (-) TimerEvent: {}
[65.597104] (-) TimerEvent: {}
[65.697516] (-) TimerEvent: {}
[65.797918] (-) TimerEvent: {}
[65.898326] (-) TimerEvent: {}
[65.998719] (-) TimerEvent: {}
[66.099093] (-) TimerEvent: {}
[66.199508] (-) TimerEvent: {}
[66.299870] (-) TimerEvent: {}
[66.400239] (-) TimerEvent: {}
[66.500612] (-) TimerEvent: {}
[66.600987] (-) TimerEvent: {}
[66.701390] (-) TimerEvent: {}
[66.801761] (-) TimerEvent: {}
[66.902154] (-) TimerEvent: {}
[67.002524] (-) TimerEvent: {}
[67.102906] (-) TimerEvent: {}
[67.203285] (-) TimerEvent: {}
[67.303679] (-) TimerEvent: {}
[67.404034] (-) TimerEvent: {}
[67.504426] (-) TimerEvent: {}
[67.604807] (-) TimerEvent: {}
[67.705200] (-) TimerEvent: {}
[67.805606] (-) TimerEvent: {}
[67.906226] (-) TimerEvent: {}
[68.006659] (-) TimerEvent: {}
[68.107066] (-) TimerEvent: {}
[68.207456] (-) TimerEvent: {}
[68.307965] (-) TimerEvent: {}
[68.408390] (-) TimerEvent: {}
[68.513220] (-) TimerEvent: {}
[68.613682] (-) TimerEvent: {}
[68.714121] (-) TimerEvent: {}
[68.814514] (-) TimerEvent: {}
[68.914903] (-) TimerEvent: {}
[69.015278] (-) TimerEvent: {}
[69.115667] (-) TimerEvent: {}
[69.216016] (-) TimerEvent: {}
[69.316405] (-) TimerEvent: {}
[69.416778] (-) TimerEvent: {}
[69.517181] (-) TimerEvent: {}
[69.617691] (-) TimerEvent: {}
[69.718106] (-) TimerEvent: {}
[69.818504] (-) TimerEvent: {}
[69.918964] (-) TimerEvent: {}
[70.019411] (-) TimerEvent: {}
[70.119852] (-) TimerEvent: {}
[70.220256] (-) TimerEvent: {}
[70.320630] (-) TimerEvent: {}
[70.422587] (-) TimerEvent: {}
[70.522977] (-) TimerEvent: {}
[70.623363] (-) TimerEvent: {}
[70.723756] (-) TimerEvent: {}
[70.824153] (-) TimerEvent: {}
[70.924805] (-) TimerEvent: {}
[71.025236] (-) TimerEvent: {}
[71.125629] (-) TimerEvent: {}
[71.226272] (-) TimerEvent: {}
[71.326653] (-) TimerEvent: {}
[71.427029] (-) TimerEvent: {}
[71.527360] (-) TimerEvent: {}
[71.627713] (-) TimerEvent: {}
[71.728922] (-) TimerEvent: {}
[71.829300] (-) TimerEvent: {}
[71.929679] (-) TimerEvent: {}
[72.030074] (-) TimerEvent: {}
[72.130450] (-) TimerEvent: {}
[72.230818] (-) TimerEvent: {}
[72.331182] (-) TimerEvent: {}
[72.431540] (-) TimerEvent: {}
[72.531909] (-) TimerEvent: {}
[72.632347] (-) TimerEvent: {}
[72.733508] (-) TimerEvent: {}
[72.833894] (-) TimerEvent: {}
[72.934282] (-) TimerEvent: {}
[73.034674] (-) TimerEvent: {}
[73.135035] (-) TimerEvent: {}
[73.235432] (-) TimerEvent: {}
[73.335807] (-) TimerEvent: {}
[73.436169] (-) TimerEvent: {}
[73.536707] (-) TimerEvent: {}
[73.637144] (-) TimerEvent: {}
[73.739662] (-) TimerEvent: {}
[73.840029] (-) TimerEvent: {}
[73.940389] (-) TimerEvent: {}
[74.040769] (-) TimerEvent: {}
[74.141154] (-) TimerEvent: {}
[74.241485] (-) TimerEvent: {}
[74.341885] (-) TimerEvent: {}
[74.442476] (-) TimerEvent: {}
[74.542878] (-) TimerEvent: {}
[74.643292] (-) TimerEvent: {}
[74.743907] (-) TimerEvent: {}
[74.844291] (-) TimerEvent: {}
[74.946831] (-) TimerEvent: {}
[75.047210] (-) TimerEvent: {}
[75.147575] (-) TimerEvent: {}
[75.248102] (-) TimerEvent: {}
[75.348492] (-) TimerEvent: {}
[75.448863] (-) TimerEvent: {}
[75.549230] (-) TimerEvent: {}
[75.649595] (-) TimerEvent: {}
[75.749978] (-) TimerEvent: {}
[75.850338] (-) TimerEvent: {}
[75.950697] (-) TimerEvent: {}
[76.051100] (-) TimerEvent: {}
[76.151494] (-) TimerEvent: {}
[76.251883] (-) TimerEvent: {}
[76.353790] (-) TimerEvent: {}
[76.455232] (-) TimerEvent: {}
[76.555569] (-) TimerEvent: {}
[76.655925] (-) TimerEvent: {}
[76.756300] (-) TimerEvent: {}
[76.856661] (-) TimerEvent: {}
[76.957064] (-) TimerEvent: {}
[77.057441] (-) TimerEvent: {}
[77.157822] (-) TimerEvent: {}
[77.258213] (-) TimerEvent: {}
[77.358619] (-) TimerEvent: {}
[77.459012] (-) TimerEvent: {}
[77.559410] (-) TimerEvent: {}
[77.659823] (-) TimerEvent: {}
[77.760230] (-) TimerEvent: {}
[77.860572] (-) TimerEvent: {}
[77.960956] (-) TimerEvent: {}
[78.061352] (-) TimerEvent: {}
[78.161747] (-) TimerEvent: {}
[78.262195] (-) TimerEvent: {}
[78.363156] (-) TimerEvent: {}
[78.464071] (-) TimerEvent: {}
[78.564449] (-) TimerEvent: {}
[78.664816] (-) TimerEvent: {}
[78.765202] (-) TimerEvent: {}
[78.866411] (-) TimerEvent: {}
[78.966774] (-) TimerEvent: {}
[79.067148] (-) TimerEvent: {}
[79.167544] (-) TimerEvent: {}
[79.267982] (-) TimerEvent: {}
[79.368357] (-) TimerEvent: {}
[79.468708] (-) TimerEvent: {}
[79.569082] (-) TimerEvent: {}
[79.669454] (-) TimerEvent: {}
[79.769872] (-) TimerEvent: {}
[79.870243] (-) TimerEvent: {}
[79.970633] (-) TimerEvent: {}
[80.071017] (-) TimerEvent: {}
[80.171398] (-) TimerEvent: {}
[80.271774] (-) TimerEvent: {}
[80.372396] (-) TimerEvent: {}
[80.472769] (-) TimerEvent: {}
[80.573110] (-) TimerEvent: {}
[80.673493] (-) TimerEvent: {}
[80.773921] (-) TimerEvent: {}
[80.874317] (-) TimerEvent: {}
[80.974700] (-) TimerEvent: {}
[81.075110] (-) TimerEvent: {}
[81.175472] (-) TimerEvent: {}
[81.275836] (-) TimerEvent: {}
[81.376156] (-) TimerEvent: {}
[81.476508] (-) TimerEvent: {}
[81.576891] (-) TimerEvent: {}
[81.677275] (-) TimerEvent: {}
[81.777678] (-) TimerEvent: {}
[81.878069] (-) TimerEvent: {}
[81.978423] (-) TimerEvent: {}
[82.078792] (-) TimerEvent: {}
[82.179157] (-) TimerEvent: {}
[82.279528] (-) TimerEvent: {}
[82.379907] (-) TimerEvent: {}
[82.480329] (-) TimerEvent: {}
[82.580734] (-) TimerEvent: {}
[82.682576] (-) TimerEvent: {}
[82.782934] (-) TimerEvent: {}
[82.884126] (-) TimerEvent: {}
[82.984668] (-) TimerEvent: {}
[83.085021] (-) TimerEvent: {}
[83.185383] (-) TimerEvent: {}
[83.286584] (-) TimerEvent: {}
[83.386937] (-) TimerEvent: {}
[83.487341] (-) TimerEvent: {}
[83.587716] (-) TimerEvent: {}
[83.688083] (-) TimerEvent: {}
[83.788450] (-) TimerEvent: {}
[83.888847] (-) TimerEvent: {}
[83.990711] (-) TimerEvent: {}
[84.091085] (-) TimerEvent: {}
[84.191464] (-) TimerEvent: {}
[84.291835] (-) TimerEvent: {}
[84.392215] (-) TimerEvent: {}
[84.492570] (-) TimerEvent: {}
[84.592875] (-) TimerEvent: {}
[84.693251] (-) TimerEvent: {}
[84.793608] (-) TimerEvent: {}
[84.894976] (-) TimerEvent: {}
[84.995353] (-) TimerEvent: {}
[85.095710] (-) TimerEvent: {}
[85.196067] (-) TimerEvent: {}
[85.296450] (-) TimerEvent: {}
[85.396827] (-) TimerEvent: {}
[85.497195] (-) TimerEvent: {}
[85.597581] (-) TimerEvent: {}
[85.698003] (-) TimerEvent: {}
[85.798369] (-) TimerEvent: {}
[85.898761] (-) TimerEvent: {}
[85.999155] (-) TimerEvent: {}
[86.099523] (-) TimerEvent: {}
[86.199908] (-) TimerEvent: {}
[86.300299] (-) TimerEvent: {}
[86.400693] (-) TimerEvent: {}
[86.501055] (-) TimerEvent: {}
[86.601431] (-) TimerEvent: {}
[86.701853] (-) TimerEvent: {}
[86.802247] (-) TimerEvent: {}
[86.902626] (-) TimerEvent: {}
[87.002987] (-) TimerEvent: {}
[87.103587] (-) TimerEvent: {}
[87.204103] (-) TimerEvent: {}
[87.304491] (-) TimerEvent: {}
[87.404876] (-) TimerEvent: {}
[87.505246] (-) TimerEvent: {}
[87.605627] (-) TimerEvent: {}
[87.706012] (-) TimerEvent: {}
[87.806383] (-) TimerEvent: {}
[87.906758] (-) TimerEvent: {}
[88.007142] (-) TimerEvent: {}
[88.107502] (-) TimerEvent: {}
[88.207892] (-) TimerEvent: {}
[88.308286] (-) TimerEvent: {}
[88.408624] (-) TimerEvent: {}
[88.508993] (-) TimerEvent: {}
[88.609380] (-) TimerEvent: {}
[88.709752] (-) TimerEvent: {}
[88.810105] (-) TimerEvent: {}
[88.910477] (-) TimerEvent: {}
[89.010877] (-) TimerEvent: {}
[89.111277] (-) TimerEvent: {}
[89.212006] (-) TimerEvent: {}
[89.312370] (-) TimerEvent: {}
[89.412755] (-) TimerEvent: {}
[89.513118] (-) TimerEvent: {}
[89.613507] (-) TimerEvent: {}
[89.713935] (-) TimerEvent: {}
[89.814315] (-) TimerEvent: {}
[89.914708] (-) TimerEvent: {}
[90.015090] (-) TimerEvent: {}
[90.115454] (-) TimerEvent: {}
[90.215829] (-) TimerEvent: {}
[90.316226] (-) TimerEvent: {}
[90.416616] (-) TimerEvent: {}
[90.517012] (-) TimerEvent: {}
[90.617409] (-) TimerEvent: {}
[90.717762] (-) TimerEvent: {}
[90.818173] (-) TimerEvent: {}
[90.920664] (-) TimerEvent: {}
[91.021542] (-) TimerEvent: {}
[91.121909] (-) TimerEvent: {}
[91.222279] (-) TimerEvent: {}
[91.323545] (-) TimerEvent: {}
[91.423921] (-) TimerEvent: {}
[91.525761] (-) TimerEvent: {}
[91.626148] (-) TimerEvent: {}
[91.726504] (-) TimerEvent: {}
[91.826871] (-) TimerEvent: {}
[91.927247] (-) TimerEvent: {}
[92.027616] (-) TimerEvent: {}
[92.127945] (-) TimerEvent: {}
[92.228306] (-) TimerEvent: {}
[92.328714] (-) TimerEvent: {}
[92.429072] (-) TimerEvent: {}
[92.529660] (-) TimerEvent: {}
[92.630101] (-) TimerEvent: {}
[92.730475] (-) TimerEvent: {}
[92.830844] (-) TimerEvent: {}
[92.931203] (-) TimerEvent: {}
[93.032111] (-) TimerEvent: {}
[93.132467] (-) TimerEvent: {}
[93.232833] (-) TimerEvent: {}
[93.333200] (-) TimerEvent: {}
[93.433562] (-) TimerEvent: {}
[93.533949] (-) TimerEvent: {}
[93.634317] (-) TimerEvent: {}
[93.734682] (-) TimerEvent: {}
[93.835048] (-) TimerEvent: {}
[93.935427] (-) TimerEvent: {}
[94.035797] (-) TimerEvent: {}
[94.136181] (-) TimerEvent: {}
[94.236538] (-) TimerEvent: {}
[94.337622] (-) TimerEvent: {}
[94.438011] (-) TimerEvent: {}
[94.538386] (-) TimerEvent: {}
[94.638767] (-) TimerEvent: {}
[94.739136] (-) TimerEvent: {}
[94.839497] (-) TimerEvent: {}
[94.939862] (-) TimerEvent: {}
[95.040226] (-) TimerEvent: {}
[95.140610] (-) TimerEvent: {}
[95.241019] (-) TimerEvent: {}
[95.341499] (-) TimerEvent: {}
[95.441999] (-) TimerEvent: {}
[95.542472] (-) TimerEvent: {}
[95.642824] (-) TimerEvent: {}
[95.743182] (-) TimerEvent: {}
[95.843673] (-) TimerEvent: {}
[95.945939] (-) TimerEvent: {}
[96.046375] (-) TimerEvent: {}
[96.146755] (-) TimerEvent: {}
[96.247196] (-) TimerEvent: {}
[96.347691] (-) TimerEvent: {}
[96.448061] (-) TimerEvent: {}
[96.548472] (-) TimerEvent: {}
[96.648834] (-) TimerEvent: {}
[96.749222] (-) TimerEvent: {}
[96.849627] (-) TimerEvent: {}
[96.950045] (-) TimerEvent: {}
[97.050410] (-) TimerEvent: {}
[97.150854] (-) TimerEvent: {}
[97.251608] (-) TimerEvent: {}
[97.351969] (-) TimerEvent: {}
[97.452323] (-) TimerEvent: {}
[97.552654] (-) TimerEvent: {}
[97.653022] (-) TimerEvent: {}
[97.753339] (-) TimerEvent: {}
[97.854452] (-) TimerEvent: {}
[97.954807] (-) TimerEvent: {}
[98.055178] (-) TimerEvent: {}
[98.155562] (-) TimerEvent: {}
[98.255936] (-) TimerEvent: {}
[98.356319] (-) TimerEvent: {}
[98.456678] (-) TimerEvent: {}
[98.557034] (-) TimerEvent: {}
[98.657423] (-) TimerEvent: {}
[98.757830] (-) TimerEvent: {}
[98.858226] (-) TimerEvent: {}
[98.958630] (-) TimerEvent: {}
[99.059027] (-) TimerEvent: {}
[99.159456] (-) TimerEvent: {}
[99.259801] (-) TimerEvent: {}
[99.360163] (-) TimerEvent: {}
[99.460518] (-) TimerEvent: {}
[99.560888] (-) TimerEvent: {}
[99.661249] (-) TimerEvent: {}
[99.761623] (-) TimerEvent: {}
[99.862016] (-) TimerEvent: {}
[99.962380] (-) TimerEvent: {}
[100.062762] (-) TimerEvent: {}
[100.163145] (-) TimerEvent: {}
[100.263519] (-) TimerEvent: {}
[100.364045] (-) TimerEvent: {}
[100.464422] (-) TimerEvent: {}
[100.564810] (-) TimerEvent: {}
[100.665207] (-) TimerEvent: {}
[100.765594] (-) TimerEvent: {}
[100.865981] (-) TimerEvent: {}
[100.966353] (-) TimerEvent: {}
[101.066717] (-) TimerEvent: {}
[101.167082] (-) TimerEvent: {}
[101.267450] (-) TimerEvent: {}
[101.367839] (-) TimerEvent: {}
[101.468209] (-) TimerEvent: {}
[101.568581] (-) TimerEvent: {}
[101.669553] (-) TimerEvent: {}
[101.769949] (-) TimerEvent: {}
[101.870353] (-) TimerEvent: {}
[101.970715] (-) TimerEvent: {}
[102.071059] (-) TimerEvent: {}
[102.171447] (-) TimerEvent: {}
[102.271793] (-) TimerEvent: {}
[102.372164] (-) TimerEvent: {}
[102.472536] (-) TimerEvent: {}
[102.572945] (-) TimerEvent: {}
[102.673339] (-) TimerEvent: {}
[102.773957] (-) TimerEvent: {}
[102.874517] (-) TimerEvent: {}
[102.974922] (-) TimerEvent: {}
[103.075278] (-) TimerEvent: {}
[103.175714] (-) TimerEvent: {}
[103.276070] (-) TimerEvent: {}
[103.376445] (-) TimerEvent: {}
[103.476802] (-) TimerEvent: {}
[103.577160] (-) TimerEvent: {}
[103.677517] (-) TimerEvent: {}
[103.777848] (-) TimerEvent: {}
[103.878168] (-) TimerEvent: {}
[103.978505] (-) TimerEvent: {}
[104.078869] (-) TimerEvent: {}
[104.179248] (-) TimerEvent: {}
[104.279610] (-) TimerEvent: {}
[104.379979] (-) TimerEvent: {}
[104.480331] (-) TimerEvent: {}
[104.580681] (-) TimerEvent: {}
[104.681047] (-) TimerEvent: {}
[104.781432] (-) TimerEvent: {}
[104.881826] (-) TimerEvent: {}
[104.982193] (-) TimerEvent: {}
[105.082550] (-) TimerEvent: {}
[105.182924] (-) TimerEvent: {}
[105.283968] (-) TimerEvent: {}
[105.384861] (-) TimerEvent: {}
[105.485231] (-) TimerEvent: {}
[105.585604] (-) TimerEvent: {}
[105.687578] (-) TimerEvent: {}
[105.787960] (-) TimerEvent: {}
[105.888335] (-) TimerEvent: {}
[105.988740] (-) TimerEvent: {}
[106.089111] (-) TimerEvent: {}
[106.189451] (-) TimerEvent: {}
[106.289870] (-) TimerEvent: {}
[106.390210] (-) TimerEvent: {}
[106.490562] (-) TimerEvent: {}
[106.590924] (-) TimerEvent: {}
[106.691274] (-) TimerEvent: {}
[106.791621] (-) TimerEvent: {}
[106.891981] (-) TimerEvent: {}
[106.992412] (-) TimerEvent: {}
[107.092804] (-) TimerEvent: {}
[107.193186] (-) TimerEvent: {}
[107.293692] (-) TimerEvent: {}
[107.394171] (-) TimerEvent: {}
[107.494553] (-) TimerEvent: {}
[107.594899] (-) TimerEvent: {}
[107.695287] (-) TimerEvent: {}
[107.795695] (-) TimerEvent: {}
[107.896129] (-) TimerEvent: {}
[107.996479] (-) TimerEvent: {}
[108.096850] (-) TimerEvent: {}
[108.197212] (-) TimerEvent: {}
[108.297564] (-) TimerEvent: {}
[108.397904] (-) TimerEvent: {}
[108.498263] (-) TimerEvent: {}
[108.598623] (-) TimerEvent: {}
[108.699007] (-) TimerEvent: {}
[108.799365] (-) TimerEvent: {}
[108.899730] (-) TimerEvent: {}
[109.000098] (-) TimerEvent: {}
[109.100451] (-) TimerEvent: {}
[109.200817] (-) TimerEvent: {}
[109.301177] (-) TimerEvent: {}
[109.401549] (-) TimerEvent: {}
[109.501902] (-) TimerEvent: {}
[109.602268] (-) TimerEvent: {}
[109.702633] (-) TimerEvent: {}
[109.802991] (-) TimerEvent: {}
[109.903355] (-) TimerEvent: {}
[110.003721] (-) TimerEvent: {}
[110.104092] (-) TimerEvent: {}
[110.204451] (-) TimerEvent: {}
[110.304806] (-) TimerEvent: {}
[110.405175] (-) TimerEvent: {}
[110.505538] (-) TimerEvent: {}
[110.605908] (-) TimerEvent: {}
[110.706263] (-) TimerEvent: {}
[110.806607] (-) TimerEvent: {}
[110.906968] (-) TimerEvent: {}
[111.007331] (-) TimerEvent: {}
[111.107692] (-) TimerEvent: {}
[111.208062] (-) TimerEvent: {}
[111.308426] (-) TimerEvent: {}
[111.408795] (-) TimerEvent: {}
[111.509148] (-) TimerEvent: {}
[111.609511] (-) TimerEvent: {}
[111.709892] (-) TimerEvent: {}
[111.810246] (-) TimerEvent: {}
[111.910612] (-) TimerEvent: {}
[112.011035] (-) TimerEvent: {}
[112.111394] (-) TimerEvent: {}
[112.211753] (-) TimerEvent: {}
[112.312147] (-) TimerEvent: {}
[112.412544] (-) TimerEvent: {}
[112.512909] (-) TimerEvent: {}
[112.613272] (-) TimerEvent: {}
[112.713636] (-) TimerEvent: {}
[112.814153] (-) TimerEvent: {}
[112.914594] (-) TimerEvent: {}
[113.014954] (-) TimerEvent: {}
[113.115318] (-) TimerEvent: {}
[113.215699] (-) TimerEvent: {}
[113.316065] (-) TimerEvent: {}
[113.416465] (-) TimerEvent: {}
[113.516876] (-) TimerEvent: {}
[113.617270] (-) TimerEvent: {}
[113.717647] (-) TimerEvent: {}
[113.818030] (-) TimerEvent: {}
[113.918430] (-) TimerEvent: {}
[114.018842] (-) TimerEvent: {}
[114.119248] (-) TimerEvent: {}
[114.219610] (-) TimerEvent: {}
[114.319993] (-) TimerEvent: {}
[114.420361] (-) TimerEvent: {}
[114.520752] (-) TimerEvent: {}
[114.621137] (-) TimerEvent: {}
[114.721592] (-) TimerEvent: {}
[114.821986] (-) TimerEvent: {}
[114.922367] (-) TimerEvent: {}
[115.022758] (-) TimerEvent: {}
[115.123147] (-) TimerEvent: {}
[115.226137] (-) TimerEvent: {}
[115.326761] (-) TimerEvent: {}
[115.427213] (-) TimerEvent: {}
[115.527604] (-) TimerEvent: {}
[115.627977] (-) TimerEvent: {}
[115.728312] (-) TimerEvent: {}
[115.828694] (-) TimerEvent: {}
[115.929056] (-) TimerEvent: {}
[116.029415] (-) TimerEvent: {}
[116.129760] (-) TimerEvent: {}
[116.230142] (-) TimerEvent: {}
[116.331280] (-) TimerEvent: {}
[116.431622] (-) TimerEvent: {}
[116.532204] (-) TimerEvent: {}
[116.632546] (-) TimerEvent: {}
[116.732927] (-) TimerEvent: {}
[116.833290] (-) TimerEvent: {}
[116.933653] (-) TimerEvent: {}
[117.034027] (-) TimerEvent: {}
[117.134388] (-) TimerEvent: {}
[117.235183] (-) TimerEvent: {}
[117.335813] (-) TimerEvent: {}
[117.436256] (-) TimerEvent: {}
[117.536710] (-) TimerEvent: {}
[117.637093] (-) TimerEvent: {}
[117.737431] (-) TimerEvent: {}
[117.838493] (-) TimerEvent: {}
[117.938861] (-) TimerEvent: {}
[118.039240] (-) TimerEvent: {}
[118.139613] (-) TimerEvent: {}
[118.239975] (-) TimerEvent: {}
[118.340366] (-) TimerEvent: {}
[118.441471] (-) TimerEvent: {}
[118.541847] (-) TimerEvent: {}
[118.642197] (-) TimerEvent: {}
[118.742583] (-) TimerEvent: {}
[118.842926] (-) TimerEvent: {}
[118.943263] (-) TimerEvent: {}
[119.043823] (-) TimerEvent: {}
[119.148209] (-) TimerEvent: {}
[119.233110] (pcd_ndt_localization) StdoutLine: {'line': b'[ 50%] Linking CXX executable pcd_ndt_localizer\n'}
[119.248358] (-) TimerEvent: {}
[119.353991] (-) TimerEvent: {}
[119.454385] (-) TimerEvent: {}
[119.554747] (-) TimerEvent: {}
[119.655122] (-) TimerEvent: {}
[119.755489] (-) TimerEvent: {}
[119.855866] (-) TimerEvent: {}
[119.956258] (-) TimerEvent: {}
[120.056627] (-) TimerEvent: {}
[120.157020] (-) TimerEvent: {}
[120.257422] (-) TimerEvent: {}
[120.357824] (-) TimerEvent: {}
[120.458312] (-) TimerEvent: {}
[120.558671] (-) TimerEvent: {}
[120.659025] (-) TimerEvent: {}
[120.759403] (-) TimerEvent: {}
[120.859762] (-) TimerEvent: {}
[120.960135] (-) TimerEvent: {}
[121.060575] (-) TimerEvent: {}
[121.160964] (-) TimerEvent: {}
[121.261354] (-) TimerEvent: {}
[121.361736] (-) TimerEvent: {}
[121.462155] (-) TimerEvent: {}
[121.562524] (-) TimerEvent: {}
[121.662922] (-) TimerEvent: {}
[121.763288] (-) TimerEvent: {}
[121.864109] (-) TimerEvent: {}
[121.964490] (-) TimerEvent: {}
[122.064872] (-) TimerEvent: {}
[122.165292] (-) TimerEvent: {}
[122.265640] (-) TimerEvent: {}
[122.366044] (-) TimerEvent: {}
[122.466422] (-) TimerEvent: {}
[122.566778] (-) TimerEvent: {}
[122.667137] (-) TimerEvent: {}
[122.767484] (-) TimerEvent: {}
[122.867843] (-) TimerEvent: {}
[122.968228] (-) TimerEvent: {}
[123.068607] (-) TimerEvent: {}
[123.168959] (-) TimerEvent: {}
[123.269325] (-) TimerEvent: {}
[123.322418] (pcd_ndt_localization) StdoutLine: {'line': b'Built target pcd_ndt_localizer\n'}
[123.369494] (-) TimerEvent: {}
[123.377762] (pcd_ndt_localization) StdoutLine: {'line': b'Built target pcd_occupancy_grid_publisher\n'}
[123.387414] (pcd_ndt_localization) CommandEnded: {'returncode': 0}
[123.389341] (pcd_ndt_localization) JobProgress: {'identifier': 'pcd_ndt_localization', 'progress': 'install'}
[123.390770] (pcd_ndt_localization) Command: {'cmd': ['/usr/local/bin/cmake', '--install', '/home/seeed/ros2/ws/build/pcd_ndt_localization'], 'cwd': '/home/seeed/ros2/ws/build/pcd_ndt_localization', 'env': OrderedDict([('LANGUAGE', 'zh_CN:en'), ('USER', 'seeed'), ('SSH_CLIENT', '192.168.1.101 40117 22'), ('LC_TIME', 'zh_CN.UTF-8'), ('XDG_SESSION_TYPE', 'tty'), ('SHLVL', '0'), ('LD_LIBRARY_PATH', '/opt/ros/humble/opt/rviz_ogre_vendor/lib:/opt/ros/humble/lib/aarch64-linux-gnu:/opt/ros/humble/lib'), ('MOTD_SHOWN', 'pam'), ('HOME', '/home/seeed'), ('OLDPWD', '/home/seeed'), ('ROS_PYTHON_VERSION', '3'), ('LC_MONETARY', 'zh_CN.UTF-8'), ('LC_CTYPE', 'C.UTF-8'), ('DBUS_SESSION_BUS_ADDRESS', 'unix:path=/run/user/1000/bus'), ('ROS_DISTRO', 'humble'), ('LOGNAME', 'seeed'), ('_', '/usr/bin/colcon'), ('ROS_VERSION', '2'), ('XDG_SESSION_CLASS', 'user'), ('XDG_SESSION_ID', '108'), ('ROS_LOCALHOST_ONLY', '0'), ('PATH', '/opt/ros/humble/bin:/usr/local/sbin:/usr/local/bin:/usr/sbin:/usr/bin:/sbin:/bin:/usr/games:/usr/local/games:/snap/bin'), ('PAPERSIZE', 'a4'), ('LC_ADDRESS', 'zh_CN.UTF-8'), ('XDG_RUNTIME_DIR', '/run/user/1000'), ('LANG', 'zh_CN.UTF-8'), ('LC_TELEPHONE', 'zh_CN.UTF-8'), ('AMENT_PREFIX_PATH', '/opt/ros/humble'), ('SHELL', '/bin/bash'), ('LC_NAME', 'zh_CN.UTF-8'), ('LC_MEASUREMENT', 'zh_CN.UTF-8'), ('LC_IDENTIFICATION', 'zh_CN.UTF-8'), ('PWD', '/home/seeed/ros2/ws/build/pcd_ndt_localization'), ('LC_ALL', 'en_US.UTF-8'), ('SSH_CONNECTION', '192.168.1.101 40117 192.168.1.104 22'), ('PYTHONPATH', '/opt/ros/humble/lib/python3.10/site-packages:/opt/ros/humble/local/lib/python3.10/dist-packages'), ('LC_NUMERIC', 'zh_CN.UTF-8'), ('LC_PAPER', 'zh_CN.UTF-8'), ('COLCON', '1'), ('CMAKE_PREFIX_PATH', '/opt/ros/humble')]), 'shell': False}
[123.396439] (pcd_ndt_localization) StdoutLine: {'line': b'-- Install configuration: "Release"\n'}
[123.397522] (pcd_ndt_localization) StdoutLine: {'line': b'-- Execute custom install script\n'}
[123.398383] (pcd_ndt_localization) StdoutLine: {'line': b'-- Up-to-date symlink: /home/seeed/ros2/ws/install/pcd_ndt_localization/lib/pcd_ndt_localization/pcd_ndt_localizer\n'}
[123.398907] (pcd_ndt_localization) StdoutLine: {'line': b'-- Up-to-date symlink: /home/seeed/ros2/ws/install/pcd_ndt_localization/lib/pcd_ndt_localization/pcd_occupancy_grid_publisher\n'}
[123.399546] (pcd_ndt_localization) StdoutLine: {'line': b'-- Up-to-date symlink: /home/seeed/ros2/ws/install/pcd_ndt_localization/share/pcd_ndt_localization/config/ndt_localization.yaml\n'}
[123.400043] (pcd_ndt_localization) StdoutLine: {'line': b'-- Up-to-date symlink: /home/seeed/ros2/ws/install/pcd_ndt_localization/share/pcd_ndt_localization/launch/localization.launch.py\n'}
[123.400704] (pcd_ndt_localization) StdoutLine: {'line': b'-- Up-to-date symlink: /home/seeed/ros2/ws/install/pcd_ndt_localization/share/ament_index/resource_index/package_run_dependencies/pcd_ndt_localization\n'}
[123.401136] (pcd_ndt_localization) StdoutLine: {'line': b'-- Up-to-date symlink: /home/seeed/ros2/ws/install/pcd_ndt_localization/share/ament_index/resource_index/parent_prefix_path/pcd_ndt_localization\n'}
[123.401539] (pcd_ndt_localization) StdoutLine: {'line': b'-- Up-to-date symlink: /home/seeed/ros2/ws/install/pcd_ndt_localization/share/pcd_ndt_localization/environment/ament_prefix_path.sh\n'}
[123.402098] (pcd_ndt_localization) StdoutLine: {'line': b'-- Up-to-date symlink: /home/seeed/ros2/ws/install/pcd_ndt_localization/share/pcd_ndt_localization/environment/ament_prefix_path.dsv\n'}
[123.402335] (pcd_ndt_localization) StdoutLine: {'line': b'-- Up-to-date symlink: /home/seeed/ros2/ws/install/pcd_ndt_localization/share/pcd_ndt_localization/environment/path.sh\n'}
[123.402927] (pcd_ndt_localization) StdoutLine: {'line': b'-- Up-to-date symlink: /home/seeed/ros2/ws/install/pcd_ndt_localization/share/pcd_ndt_localization/environment/path.dsv\n'}
[123.405969] (pcd_ndt_localization) StdoutLine: {'line': b'-- Up-to-date symlink: /home/seeed/ros2/ws/install/pcd_ndt_localization/share/pcd_ndt_localization/local_setup.bash\n'}
[123.406560] (pcd_ndt_localization) StdoutLine: {'line': b'-- Up-to-date symlink: /home/seeed/ros2/ws/install/pcd_ndt_localization/share/pcd_ndt_localization/local_setup.sh\n'}
[123.407131] (pcd_ndt_localization) StdoutLine: {'line': b'-- Up-to-date symlink: /home/seeed/ros2/ws/install/pcd_ndt_localization/share/pcd_ndt_localization/local_setup.zsh\n'}
[123.407568] (pcd_ndt_localization) StdoutLine: {'line': b'-- Up-to-date symlink: /home/seeed/ros2/ws/install/pcd_ndt_localization/share/pcd_ndt_localization/local_setup.dsv\n'}
[123.408201] (pcd_ndt_localization) StdoutLine: {'line': b'-- Symlinking: /home/seeed/ros2/ws/install/pcd_ndt_localization/share/pcd_ndt_localization/package.dsv\n'}
[123.413833] (pcd_ndt_localization) StdoutLine: {'line': b'-- Up-to-date symlink: /home/seeed/ros2/ws/install/pcd_ndt_localization/share/ament_index/resource_index/packages/pcd_ndt_localization\n'}
[123.414254] (pcd_ndt_localization) StdoutLine: {'line': b'-- Up-to-date symlink: /home/seeed/ros2/ws/install/pcd_ndt_localization/share/pcd_ndt_localization/cmake/pcd_ndt_localizationConfig.cmake\n'}
[123.414557] (pcd_ndt_localization) StdoutLine: {'line': b'-- Up-to-date symlink: /home/seeed/ros2/ws/install/pcd_ndt_localization/share/pcd_ndt_localization/cmake/pcd_ndt_localizationConfig-version.cmake\n'}
[123.414829] (pcd_ndt_localization) StdoutLine: {'line': b'-- Up-to-date symlink: /home/seeed/ros2/ws/install/pcd_ndt_localization/share/pcd_ndt_localization/package.xml\n'}
[123.417398] (pcd_ndt_localization) CommandEnded: {'returncode': 0}
[123.465530] (pcd_ndt_localization) JobEnded: {'identifier': 'pcd_ndt_localization', 'rc': 0}
[123.467592] (-) EventReactorShutdown: {}
