[0.322s] DEBUG:colcon:Command line arguments: ['/usr/bin/colcon', 'build', '--packages-select', 'nav_tf_bridge', 'pcd_ndt_localization', '--symlink-install', '--event-handlers', 'console_direct+']
[0.322s] DEBUG:colcon:Parsed command line arguments: Namespace(log_base=None, log_level=None, verb_name='build', build_base='build', install_base='install', merge_install=False, symlink_install=True, test_result_base=None, continue_on_error=False, executor='parallel', parallel_workers=6, event_handlers=['console_direct+'], ignore_user_meta=False, metas=['./colcon.meta'], base_paths=['.'], packages_ignore=None, packages_ignore_regex=None, paths=None, packages_up_to=None, packages_up_to_regex=None, packages_above=None, packages_above_and_dependencies=None, packages_above_depth=None, packages_select_by_dep=None, packages_skip_by_dep=None, packages_skip_up_to=None, packages_select_build_failed=False, packages_skip_build_finished=False, packages_select_test_failures=False, packages_skip_test_passed=False, packages_select=['nav_tf_bridge', 'pcd_ndt_localization'], packages_skip=None, packages_select_regex=None, packages_skip_regex=None, packages_start=None, packages_end=None, allow_overriding=[], cmake_args=None, cmake_target=None, cmake_target_skip_unavailable=False, cmake_clean_cache=False, cmake_clean_first=False, cmake_force_configure=False, ament_cmake_args=None, catkin_cmake_args=None, catkin_skip_building_tests=False, verb_parser=<colcon_defaults.argument_parser.defaults.DefaultArgumentsDecorator object at 0xffff9d6cf340>, verb_extension=<colcon_core.verb.build.BuildVerb object at 0xffff9d6cedd0>, main=<bound method BuildVerb.main of <colcon_core.verb.build.BuildVerb object at 0xffff9d6cedd0>>)
[0.751s] Level 1:colcon.colcon_core.package_discovery:discover_packages(colcon_meta) check parameters
[0.751s] Level 1:colcon.colcon_core.package_discovery:discover_packages(recursive) check parameters
[0.751s] Level 1:colcon.colcon_core.package_discovery:discover_packages(ignore) check parameters
[0.751s] Level 1:colcon.colcon_core.package_discovery:discover_packages(path) check parameters
[0.751s] Level 1:colcon.colcon_core.package_discovery:discover_packages(colcon_meta) discover
[0.752s] Level 1:colcon.colcon_core.package_discovery:discover_packages(recursive) discover
[0.752s] INFO:colcon.colcon_core.package_discovery:Crawling recursively for packages in '/home/seeed/ros2/ws'
[0.752s] Level 1:colcon.colcon_core.package_identification:_identify(.) by extensions ['ignore', 'ignore_ament_install']
[0.752s] Level 1:colcon.colcon_core.package_identification:_identify(.) by extension 'ignore'
[0.752s] Level 1:colcon.colcon_core.package_identification:_identify(.) by extension 'ignore_ament_install'
[0.753s] Level 1:colcon.colcon_core.package_identification:_identify(.) by extensions ['colcon_pkg']
[0.753s] Level 1:colcon.colcon_core.package_identification:_identify(.) by extension 'colcon_pkg'
[0.753s] Level 1:colcon.colcon_core.package_identification:_identify(.) by extensions ['colcon_meta']
[0.753s] Level 1:colcon.colcon_core.package_identification:_identify(.) by extension 'colcon_meta'
[0.753s] Level 1:colcon.colcon_core.package_identification:_identify(.) by extensions ['ros']
[0.753s] Level 1:colcon.colcon_core.package_identification:_identify(.) by extension 'ros'
[0.782s] Level 1:colcon.colcon_core.package_identification:_identify(.) by extensions ['cmake', 'python']
[0.783s] Level 1:colcon.colcon_core.package_identification:_identify(.) by extension 'cmake'
[0.783s] Level 1:colcon.colcon_core.package_identification:_identify(.) by extension 'python'
[0.783s] Level 1:colcon.colcon_core.package_identification:_identify(.) by extensions ['python_setup_py']
[0.783s] Level 1:colcon.colcon_core.package_identification:_identify(.) by extension 'python_setup_py'
[0.783s] Level 1:colcon.colcon_core.package_identification:_identify(build) by extensions ['ignore', 'ignore_ament_install']
[0.784s] Level 1:colcon.colcon_core.package_identification:_identify(build) by extension 'ignore'
[0.784s] Level 1:colcon.colcon_core.package_identification:_identify(build) ignored
[0.784s] Level 1:colcon.colcon_core.package_identification:_identify(install) by extensions ['ignore', 'ignore_ament_install']
[0.784s] Level 1:colcon.colcon_core.package_identification:_identify(install) by extension 'ignore'
[0.784s] Level 1:colcon.colcon_core.package_identification:_identify(install) ignored
[0.785s] Level 1:colcon.colcon_core.package_identification:_identify(log) by extensions ['ignore', 'ignore_ament_install']
[0.785s] Level 1:colcon.colcon_core.package_identification:_identify(log) by extension 'ignore'
[0.785s] Level 1:colcon.colcon_core.package_identification:_identify(log) ignored
[0.785s] Level 1:colcon.colcon_core.package_identification:_identify(src) by extensions ['ignore', 'ignore_ament_install']
[0.786s] Level 1:colcon.colcon_core.package_identification:_identify(src) by extension 'ignore'
[0.786s] Level 1:colcon.colcon_core.package_identification:_identify(src) by extension 'ignore_ament_install'
[0.786s] Level 1:colcon.colcon_core.package_identification:_identify(src) by extensions ['colcon_pkg']
[0.786s] Level 1:colcon.colcon_core.package_identification:_identify(src) by extension 'colcon_pkg'
[0.786s] Level 1:colcon.colcon_core.package_identification:_identify(src) by extensions ['colcon_meta']
[0.786s] Level 1:colcon.colcon_core.package_identification:_identify(src) by extension 'colcon_meta'
[0.786s] Level 1:colcon.colcon_core.package_identification:_identify(src) by extensions ['ros']
[0.786s] Level 1:colcon.colcon_core.package_identification:_identify(src) by extension 'ros'
[0.786s] Level 1:colcon.colcon_core.package_identification:_identify(src) by extensions ['cmake', 'python']
[0.786s] Level 1:colcon.colcon_core.package_identification:_identify(src) by extension 'cmake'
[0.787s] Level 1:colcon.colcon_core.package_identification:_identify(src) by extension 'python'
[0.787s] Level 1:colcon.colcon_core.package_identification:_identify(src) by extensions ['python_setup_py']
[0.787s] Level 1:colcon.colcon_core.package_identification:_identify(src) by extension 'python_setup_py'
[0.787s] Level 1:colcon.colcon_core.package_identification:_identify(src/depd) by extensions ['ignore', 'ignore_ament_install']
[0.787s] Level 1:colcon.colcon_core.package_identification:_identify(src/depd) by extension 'ignore'
[0.787s] Level 1:colcon.colcon_core.package_identification:_identify(src/depd) by extension 'ignore_ament_install'
[0.787s] Level 1:colcon.colcon_core.package_identification:_identify(src/depd) by extensions ['colcon_pkg']
[0.787s] Level 1:colcon.colcon_core.package_identification:_identify(src/depd) by extension 'colcon_pkg'
[0.788s] Level 1:colcon.colcon_core.package_identification:_identify(src/depd) by extensions ['colcon_meta']
[0.788s] Level 1:colcon.colcon_core.package_identification:_identify(src/depd) by extension 'colcon_meta'
[0.788s] Level 1:colcon.colcon_core.package_identification:_identify(src/depd) by extensions ['ros']
[0.788s] Level 1:colcon.colcon_core.package_identification:_identify(src/depd) by extension 'ros'
[0.788s] Level 1:colcon.colcon_core.package_identification:_identify(src/depd) by extensions ['cmake', 'python']
[0.788s] Level 1:colcon.colcon_core.package_identification:_identify(src/depd) by extension 'cmake'
[0.788s] Level 1:colcon.colcon_core.package_identification:_identify(src/depd) by extension 'python'
[0.788s] Level 1:colcon.colcon_core.package_identification:_identify(src/depd) by extensions ['python_setup_py']
[0.788s] Level 1:colcon.colcon_core.package_identification:_identify(src/depd) by extension 'python_setup_py'
[0.789s] Level 1:colcon.colcon_core.package_identification:_identify(src/depd/rpg_vikit) by extensions ['ignore', 'ignore_ament_install']
[0.789s] Level 1:colcon.colcon_core.package_identification:_identify(src/depd/rpg_vikit) by extension 'ignore'
[0.789s] Level 1:colcon.colcon_core.package_identification:_identify(src/depd/rpg_vikit) by extension 'ignore_ament_install'
[0.789s] Level 1:colcon.colcon_core.package_identification:_identify(src/depd/rpg_vikit) by extensions ['colcon_pkg']
[0.789s] Level 1:colcon.colcon_core.package_identification:_identify(src/depd/rpg_vikit) by extension 'colcon_pkg'
[0.789s] Level 1:colcon.colcon_core.package_identification:_identify(src/depd/rpg_vikit) by extensions ['colcon_meta']
[0.789s] Level 1:colcon.colcon_core.package_identification:_identify(src/depd/rpg_vikit) by extension 'colcon_meta'
[0.789s] Level 1:colcon.colcon_core.package_identification:_identify(src/depd/rpg_vikit) by extensions ['ros']
[0.789s] Level 1:colcon.colcon_core.package_identification:_identify(src/depd/rpg_vikit) by extension 'ros'
[0.790s] Level 1:colcon.colcon_core.package_identification:_identify(src/depd/rpg_vikit) by extensions ['cmake', 'python']
[0.790s] Level 1:colcon.colcon_core.package_identification:_identify(src/depd/rpg_vikit) by extension 'cmake'
[0.790s] Level 1:colcon.colcon_core.package_identification:_identify(src/depd/rpg_vikit) by extension 'python'
[0.790s] Level 1:colcon.colcon_core.package_identification:_identify(src/depd/rpg_vikit) by extensions ['python_setup_py']
[0.790s] Level 1:colcon.colcon_core.package_identification:_identify(src/depd/rpg_vikit) by extension 'python_setup_py'
[0.790s] Level 1:colcon.colcon_core.package_identification:_identify(src/depd/rpg_vikit/vikit_common) by extensions ['ignore', 'ignore_ament_install']
[0.790s] Level 1:colcon.colcon_core.package_identification:_identify(src/depd/rpg_vikit/vikit_common) by extension 'ignore'
[0.790s] Level 1:colcon.colcon_core.package_identification:_identify(src/depd/rpg_vikit/vikit_common) by extension 'ignore_ament_install'
[0.791s] Level 1:colcon.colcon_core.package_identification:_identify(src/depd/rpg_vikit/vikit_common) by extensions ['colcon_pkg']
[0.791s] Level 1:colcon.colcon_core.package_identification:_identify(src/depd/rpg_vikit/vikit_common) by extension 'colcon_pkg'
[0.791s] Level 1:colcon.colcon_core.package_identification:_identify(src/depd/rpg_vikit/vikit_common) by extensions ['colcon_meta']
[0.791s] Level 1:colcon.colcon_core.package_identification:_identify(src/depd/rpg_vikit/vikit_common) by extension 'colcon_meta'
[0.791s] Level 1:colcon.colcon_core.package_identification:_identify(src/depd/rpg_vikit/vikit_common) by extensions ['ros']
[0.791s] Level 1:colcon.colcon_core.package_identification:_identify(src/depd/rpg_vikit/vikit_common) by extension 'ros'
[0.797s] DEBUG:colcon.colcon_core.package_identification:Package 'src/depd/rpg_vikit/vikit_common' with type 'ros.catkin' and name 'vikit_common'
[0.798s] Level 1:colcon.colcon_core.package_identification:_identify(src/depd/rpg_vikit/vikit_ros) by extensions ['ignore', 'ignore_ament_install']
[0.798s] Level 1:colcon.colcon_core.package_identification:_identify(src/depd/rpg_vikit/vikit_ros) by extension 'ignore'
[0.798s] Level 1:colcon.colcon_core.package_identification:_identify(src/depd/rpg_vikit/vikit_ros) by extension 'ignore_ament_install'
[0.798s] Level 1:colcon.colcon_core.package_identification:_identify(src/depd/rpg_vikit/vikit_ros) by extensions ['colcon_pkg']
[0.798s] Level 1:colcon.colcon_core.package_identification:_identify(src/depd/rpg_vikit/vikit_ros) by extension 'colcon_pkg'
[0.799s] Level 1:colcon.colcon_core.package_identification:_identify(src/depd/rpg_vikit/vikit_ros) by extensions ['colcon_meta']
[0.799s] Level 1:colcon.colcon_core.package_identification:_identify(src/depd/rpg_vikit/vikit_ros) by extension 'colcon_meta'
[0.799s] Level 1:colcon.colcon_core.package_identification:_identify(src/depd/rpg_vikit/vikit_ros) by extensions ['ros']
[0.799s] Level 1:colcon.colcon_core.package_identification:_identify(src/depd/rpg_vikit/vikit_ros) by extension 'ros'
[0.801s] DEBUG:colcon.colcon_core.package_identification:Package 'src/depd/rpg_vikit/vikit_ros' with type 'ros.ament_cmake' and name 'vikit_ros'
[0.801s] Level 1:colcon.colcon_core.package_identification:_identify(src/driver) by extensions ['ignore', 'ignore_ament_install']
[0.801s] Level 1:colcon.colcon_core.package_identification:_identify(src/driver) by extension 'ignore'
[0.802s] Level 1:colcon.colcon_core.package_identification:_identify(src/driver) by extension 'ignore_ament_install'
[0.802s] Level 1:colcon.colcon_core.package_identification:_identify(src/driver) by extensions ['colcon_pkg']
[0.802s] Level 1:colcon.colcon_core.package_identification:_identify(src/driver) by extension 'colcon_pkg'
[0.802s] Level 1:colcon.colcon_core.package_identification:_identify(src/driver) by extensions ['colcon_meta']
[0.802s] Level 1:colcon.colcon_core.package_identification:_identify(src/driver) by extension 'colcon_meta'
[0.802s] Level 1:colcon.colcon_core.package_identification:_identify(src/driver) by extensions ['ros']
[0.802s] Level 1:colcon.colcon_core.package_identification:_identify(src/driver) by extension 'ros'
[0.802s] Level 1:colcon.colcon_core.package_identification:_identify(src/driver) by extensions ['cmake', 'python']
[0.803s] Level 1:colcon.colcon_core.package_identification:_identify(src/driver) by extension 'cmake'
[0.803s] Level 1:colcon.colcon_core.package_identification:_identify(src/driver) by extension 'python'
[0.803s] Level 1:colcon.colcon_core.package_identification:_identify(src/driver) by extensions ['python_setup_py']
[0.803s] Level 1:colcon.colcon_core.package_identification:_identify(src/driver) by extension 'python_setup_py'
[0.803s] Level 1:colcon.colcon_core.package_identification:_identify(src/driver/livox_ros_driver2) by extensions ['ignore', 'ignore_ament_install']
[0.803s] Level 1:colcon.colcon_core.package_identification:_identify(src/driver/livox_ros_driver2) by extension 'ignore'
[0.803s] Level 1:colcon.colcon_core.package_identification:_identify(src/driver/livox_ros_driver2) by extension 'ignore_ament_install'
[0.803s] Level 1:colcon.colcon_core.package_identification:_identify(src/driver/livox_ros_driver2) by extensions ['colcon_pkg']
[0.804s] Level 1:colcon.colcon_core.package_identification:_identify(src/driver/livox_ros_driver2) by extension 'colcon_pkg'
[0.804s] Level 1:colcon.colcon_core.package_identification:_identify(src/driver/livox_ros_driver2) by extensions ['colcon_meta']
[0.804s] Level 1:colcon.colcon_core.package_identification:_identify(src/driver/livox_ros_driver2) by extension 'colcon_meta'
[0.804s] Level 1:colcon.colcon_core.package_identification:_identify(src/driver/livox_ros_driver2) by extensions ['ros']
[0.804s] Level 1:colcon.colcon_core.package_identification:_identify(src/driver/livox_ros_driver2) by extension 'ros'
[0.807s] DEBUG:colcon.colcon_core.package_identification:Package 'src/driver/livox_ros_driver2' with type 'ros.ament_cmake' and name 'livox_ros_driver2'
[0.807s] Level 1:colcon.colcon_core.package_identification:_identify(src/localization) by extensions ['ignore', 'ignore_ament_install']
[0.807s] Level 1:colcon.colcon_core.package_identification:_identify(src/localization) by extension 'ignore'
[0.807s] Level 1:colcon.colcon_core.package_identification:_identify(src/localization) by extension 'ignore_ament_install'
[0.807s] Level 1:colcon.colcon_core.package_identification:_identify(src/localization) by extensions ['colcon_pkg']
[0.807s] Level 1:colcon.colcon_core.package_identification:_identify(src/localization) by extension 'colcon_pkg'
[0.808s] Level 1:colcon.colcon_core.package_identification:_identify(src/localization) by extensions ['colcon_meta']
[0.808s] Level 1:colcon.colcon_core.package_identification:_identify(src/localization) by extension 'colcon_meta'
[0.808s] Level 1:colcon.colcon_core.package_identification:_identify(src/localization) by extensions ['ros']
[0.808s] Level 1:colcon.colcon_core.package_identification:_identify(src/localization) by extension 'ros'
[0.808s] Level 1:colcon.colcon_core.package_identification:_identify(src/localization) by extensions ['cmake', 'python']
[0.808s] Level 1:colcon.colcon_core.package_identification:_identify(src/localization) by extension 'cmake'
[0.808s] Level 1:colcon.colcon_core.package_identification:_identify(src/localization) by extension 'python'
[0.808s] Level 1:colcon.colcon_core.package_identification:_identify(src/localization) by extensions ['python_setup_py']
[0.808s] Level 1:colcon.colcon_core.package_identification:_identify(src/localization) by extension 'python_setup_py'
[0.809s] Level 1:colcon.colcon_core.package_identification:_identify(src/localization/pcd_ndt_localization) by extensions ['ignore', 'ignore_ament_install']
[0.809s] Level 1:colcon.colcon_core.package_identification:_identify(src/localization/pcd_ndt_localization) by extension 'ignore'
[0.809s] Level 1:colcon.colcon_core.package_identification:_identify(src/localization/pcd_ndt_localization) by extension 'ignore_ament_install'
[0.809s] Level 1:colcon.colcon_core.package_identification:_identify(src/localization/pcd_ndt_localization) by extensions ['colcon_pkg']
[0.809s] Level 1:colcon.colcon_core.package_identification:_identify(src/localization/pcd_ndt_localization) by extension 'colcon_pkg'
[0.809s] Level 1:colcon.colcon_core.package_identification:_identify(src/localization/pcd_ndt_localization) by extensions ['colcon_meta']
[0.809s] Level 1:colcon.colcon_core.package_identification:_identify(src/localization/pcd_ndt_localization) by extension 'colcon_meta'
[0.810s] Level 1:colcon.colcon_core.package_identification:_identify(src/localization/pcd_ndt_localization) by extensions ['ros']
[0.810s] Level 1:colcon.colcon_core.package_identification:_identify(src/localization/pcd_ndt_localization) by extension 'ros'
[0.812s] DEBUG:colcon.colcon_core.package_identification:Package 'src/localization/pcd_ndt_localization' with type 'ros.ament_cmake' and name 'pcd_ndt_localization'
[0.812s] Level 1:colcon.colcon_core.package_identification:_identify(src/nav_tf_bridge) by extensions ['ignore', 'ignore_ament_install']
[0.813s] Level 1:colcon.colcon_core.package_identification:_identify(src/nav_tf_bridge) by extension 'ignore'
[0.813s] Level 1:colcon.colcon_core.package_identification:_identify(src/nav_tf_bridge) by extension 'ignore_ament_install'
[0.813s] Level 1:colcon.colcon_core.package_identification:_identify(src/nav_tf_bridge) by extensions ['colcon_pkg']
[0.813s] Level 1:colcon.colcon_core.package_identification:_identify(src/nav_tf_bridge) by extension 'colcon_pkg'
[0.813s] Level 1:colcon.colcon_core.package_identification:_identify(src/nav_tf_bridge) by extensions ['colcon_meta']
[0.813s] Level 1:colcon.colcon_core.package_identification:_identify(src/nav_tf_bridge) by extension 'colcon_meta'
[0.813s] Level 1:colcon.colcon_core.package_identification:_identify(src/nav_tf_bridge) by extensions ['ros']
[0.813s] Level 1:colcon.colcon_core.package_identification:_identify(src/nav_tf_bridge) by extension 'ros'
[0.815s] DEBUG:colcon.colcon_core.package_identification:Package 'src/nav_tf_bridge' with type 'ros.ament_cmake' and name 'nav_tf_bridge'
[0.816s] Level 1:colcon.colcon_core.package_identification:_identify(src/ranger_ros2) by extensions ['ignore', 'ignore_ament_install']
[0.816s] Level 1:colcon.colcon_core.package_identification:_identify(src/ranger_ros2) by extension 'ignore'
[0.816s] Level 1:colcon.colcon_core.package_identification:_identify(src/ranger_ros2) by extension 'ignore_ament_install'
[0.816s] Level 1:colcon.colcon_core.package_identification:_identify(src/ranger_ros2) by extensions ['colcon_pkg']
[0.816s] Level 1:colcon.colcon_core.package_identification:_identify(src/ranger_ros2) by extension 'colcon_pkg'
[0.816s] Level 1:colcon.colcon_core.package_identification:_identify(src/ranger_ros2) by extensions ['colcon_meta']
[0.817s] Level 1:colcon.colcon_core.package_identification:_identify(src/ranger_ros2) by extension 'colcon_meta'
[0.817s] Level 1:colcon.colcon_core.package_identification:_identify(src/ranger_ros2) by extensions ['ros']
[0.817s] Level 1:colcon.colcon_core.package_identification:_identify(src/ranger_ros2) by extension 'ros'
[0.817s] Level 1:colcon.colcon_core.package_identification:_identify(src/ranger_ros2) by extensions ['cmake', 'python']
[0.817s] Level 1:colcon.colcon_core.package_identification:_identify(src/ranger_ros2) by extension 'cmake'
[0.817s] Level 1:colcon.colcon_core.package_identification:_identify(src/ranger_ros2) by extension 'python'
[0.817s] Level 1:colcon.colcon_core.package_identification:_identify(src/ranger_ros2) by extensions ['python_setup_py']
[0.817s] Level 1:colcon.colcon_core.package_identification:_identify(src/ranger_ros2) by extension 'python_setup_py'
[0.818s] Level 1:colcon.colcon_core.package_identification:_identify(src/ranger_ros2/docs) by extensions ['ignore', 'ignore_ament_install']
[0.818s] Level 1:colcon.colcon_core.package_identification:_identify(src/ranger_ros2/docs) by extension 'ignore'
[0.818s] Level 1:colcon.colcon_core.package_identification:_identify(src/ranger_ros2/docs) by extension 'ignore_ament_install'
[0.818s] Level 1:colcon.colcon_core.package_identification:_identify(src/ranger_ros2/docs) by extensions ['colcon_pkg']
[0.818s] Level 1:colcon.colcon_core.package_identification:_identify(src/ranger_ros2/docs) by extension 'colcon_pkg'
[0.818s] Level 1:colcon.colcon_core.package_identification:_identify(src/ranger_ros2/docs) by extensions ['colcon_meta']
[0.818s] Level 1:colcon.colcon_core.package_identification:_identify(src/ranger_ros2/docs) by extension 'colcon_meta'
[0.818s] Level 1:colcon.colcon_core.package_identification:_identify(src/ranger_ros2/docs) by extensions ['ros']
[0.818s] Level 1:colcon.colcon_core.package_identification:_identify(src/ranger_ros2/docs) by extension 'ros'
[0.819s] Level 1:colcon.colcon_core.package_identification:_identify(src/ranger_ros2/docs) by extensions ['cmake', 'python']
[0.819s] Level 1:colcon.colcon_core.package_identification:_identify(src/ranger_ros2/docs) by extension 'cmake'
[0.819s] Level 1:colcon.colcon_core.package_identification:_identify(src/ranger_ros2/docs) by extension 'python'
[0.819s] Level 1:colcon.colcon_core.package_identification:_identify(src/ranger_ros2/docs) by extensions ['python_setup_py']
[0.819s] Level 1:colcon.colcon_core.package_identification:_identify(src/ranger_ros2/docs) by extension 'python_setup_py'
[0.819s] Level 1:colcon.colcon_core.package_identification:_identify(src/ranger_ros2/ranger_base) by extensions ['ignore', 'ignore_ament_install']
[0.819s] Level 1:colcon.colcon_core.package_identification:_identify(src/ranger_ros2/ranger_base) by extension 'ignore'
[0.819s] Level 1:colcon.colcon_core.package_identification:_identify(src/ranger_ros2/ranger_base) by extension 'ignore_ament_install'
[0.820s] Level 1:colcon.colcon_core.package_identification:_identify(src/ranger_ros2/ranger_base) by extensions ['colcon_pkg']
[0.820s] Level 1:colcon.colcon_core.package_identification:_identify(src/ranger_ros2/ranger_base) by extension 'colcon_pkg'
[0.820s] Level 1:colcon.colcon_core.package_identification:_identify(src/ranger_ros2/ranger_base) by extensions ['colcon_meta']
[0.820s] Level 1:colcon.colcon_core.package_identification:_identify(src/ranger_ros2/ranger_base) by extension 'colcon_meta'
[0.820s] Level 1:colcon.colcon_core.package_identification:_identify(src/ranger_ros2/ranger_base) by extensions ['ros']
[0.820s] Level 1:colcon.colcon_core.package_identification:_identify(src/ranger_ros2/ranger_base) by extension 'ros'
[0.823s] DEBUG:colcon.colcon_core.package_identification:Package 'src/ranger_ros2/ranger_base' with type 'ros.ament_cmake' and name 'ranger_base'
[0.823s] Level 1:colcon.colcon_core.package_identification:_identify(src/ranger_ros2/ranger_bringup) by extensions ['ignore', 'ignore_ament_install']
[0.823s] Level 1:colcon.colcon_core.package_identification:_identify(src/ranger_ros2/ranger_bringup) by extension 'ignore'
[0.823s] Level 1:colcon.colcon_core.package_identification:_identify(src/ranger_ros2/ranger_bringup) by extension 'ignore_ament_install'
[0.823s] Level 1:colcon.colcon_core.package_identification:_identify(src/ranger_ros2/ranger_bringup) by extensions ['colcon_pkg']
[0.824s] Level 1:colcon.colcon_core.package_identification:_identify(src/ranger_ros2/ranger_bringup) by extension 'colcon_pkg'
[0.824s] Level 1:colcon.colcon_core.package_identification:_identify(src/ranger_ros2/ranger_bringup) by extensions ['colcon_meta']
[0.824s] Level 1:colcon.colcon_core.package_identification:_identify(src/ranger_ros2/ranger_bringup) by extension 'colcon_meta'
[0.824s] Level 1:colcon.colcon_core.package_identification:_identify(src/ranger_ros2/ranger_bringup) by extensions ['ros']
[0.824s] Level 1:colcon.colcon_core.package_identification:_identify(src/ranger_ros2/ranger_bringup) by extension 'ros'
[0.825s] DEBUG:colcon.colcon_core.package_identification:Package 'src/ranger_ros2/ranger_bringup' with type 'ros.ament_cmake' and name 'ranger_bringup'
[0.825s] Level 1:colcon.colcon_core.package_identification:_identify(src/ranger_ros2/ranger_msgs) by extensions ['ignore', 'ignore_ament_install']
[0.825s] Level 1:colcon.colcon_core.package_identification:_identify(src/ranger_ros2/ranger_msgs) by extension 'ignore'
[0.826s] Level 1:colcon.colcon_core.package_identification:_identify(src/ranger_ros2/ranger_msgs) by extension 'ignore_ament_install'
[0.826s] Level 1:colcon.colcon_core.package_identification:_identify(src/ranger_ros2/ranger_msgs) by extensions ['colcon_pkg']
[0.826s] Level 1:colcon.colcon_core.package_identification:_identify(src/ranger_ros2/ranger_msgs) by extension 'colcon_pkg'
[0.826s] Level 1:colcon.colcon_core.package_identification:_identify(src/ranger_ros2/ranger_msgs) by extensions ['colcon_meta']
[0.826s] Level 1:colcon.colcon_core.package_identification:_identify(src/ranger_ros2/ranger_msgs) by extension 'colcon_meta'
[0.826s] Level 1:colcon.colcon_core.package_identification:_identify(src/ranger_ros2/ranger_msgs) by extensions ['ros']
[0.826s] Level 1:colcon.colcon_core.package_identification:_identify(src/ranger_ros2/ranger_msgs) by extension 'ros'
[0.827s] DEBUG:colcon.colcon_core.package_identification:Package 'src/ranger_ros2/ranger_msgs' with type 'ros.ament_cmake' and name 'ranger_msgs'
[0.828s] Level 1:colcon.colcon_core.package_identification:_identify(src/slam) by extensions ['ignore', 'ignore_ament_install']
[0.828s] Level 1:colcon.colcon_core.package_identification:_identify(src/slam) by extension 'ignore'
[0.828s] Level 1:colcon.colcon_core.package_identification:_identify(src/slam) by extension 'ignore_ament_install'
[0.828s] Level 1:colcon.colcon_core.package_identification:_identify(src/slam) by extensions ['colcon_pkg']
[0.828s] Level 1:colcon.colcon_core.package_identification:_identify(src/slam) by extension 'colcon_pkg'
[0.828s] Level 1:colcon.colcon_core.package_identification:_identify(src/slam) by extensions ['colcon_meta']
[0.828s] Level 1:colcon.colcon_core.package_identification:_identify(src/slam) by extension 'colcon_meta'
[0.829s] Level 1:colcon.colcon_core.package_identification:_identify(src/slam) by extensions ['ros']
[0.829s] Level 1:colcon.colcon_core.package_identification:_identify(src/slam) by extension 'ros'
[0.829s] Level 1:colcon.colcon_core.package_identification:_identify(src/slam) by extensions ['cmake', 'python']
[0.829s] Level 1:colcon.colcon_core.package_identification:_identify(src/slam) by extension 'cmake'
[0.829s] Level 1:colcon.colcon_core.package_identification:_identify(src/slam) by extension 'python'
[0.829s] Level 1:colcon.colcon_core.package_identification:_identify(src/slam) by extensions ['python_setup_py']
[0.829s] Level 1:colcon.colcon_core.package_identification:_identify(src/slam) by extension 'python_setup_py'
[0.829s] Level 1:colcon.colcon_core.package_identification:_identify(src/slam/fast_lio) by extensions ['ignore', 'ignore_ament_install']
[0.830s] Level 1:colcon.colcon_core.package_identification:_identify(src/slam/fast_lio) by extension 'ignore'
[0.830s] Level 1:colcon.colcon_core.package_identification:_identify(src/slam/fast_lio) by extension 'ignore_ament_install'
[0.830s] Level 1:colcon.colcon_core.package_identification:_identify(src/slam/fast_lio) by extensions ['colcon_pkg']
[0.830s] Level 1:colcon.colcon_core.package_identification:_identify(src/slam/fast_lio) by extension 'colcon_pkg'
[0.830s] Level 1:colcon.colcon_core.package_identification:_identify(src/slam/fast_lio) by extensions ['colcon_meta']
[0.830s] Level 1:colcon.colcon_core.package_identification:_identify(src/slam/fast_lio) by extension 'colcon_meta'
[0.830s] Level 1:colcon.colcon_core.package_identification:_identify(src/slam/fast_lio) by extensions ['ros']
[0.830s] Level 1:colcon.colcon_core.package_identification:_identify(src/slam/fast_lio) by extension 'ros'
[0.833s] DEBUG:colcon.colcon_core.package_identification:Package 'src/slam/fast_lio' with type 'ros.ament_cmake' and name 'fast_lio'
[0.833s] Level 1:colcon.colcon_core.package_identification:_identify(src/ugv_sdk) by extensions ['ignore', 'ignore_ament_install']
[0.833s] Level 1:colcon.colcon_core.package_identification:_identify(src/ugv_sdk) by extension 'ignore'
[0.834s] Level 1:colcon.colcon_core.package_identification:_identify(src/ugv_sdk) by extension 'ignore_ament_install'
[0.834s] Level 1:colcon.colcon_core.package_identification:_identify(src/ugv_sdk) by extensions ['colcon_pkg']
[0.834s] Level 1:colcon.colcon_core.package_identification:_identify(src/ugv_sdk) by extension 'colcon_pkg'
[0.834s] Level 1:colcon.colcon_core.package_identification:_identify(src/ugv_sdk) by extensions ['colcon_meta']
[0.834s] Level 1:colcon.colcon_core.package_identification:_identify(src/ugv_sdk) by extension 'colcon_meta'
[0.834s] Level 1:colcon.colcon_core.package_identification:_identify(src/ugv_sdk) by extensions ['ros']
[0.834s] Level 1:colcon.colcon_core.package_identification:_identify(src/ugv_sdk) by extension 'ros'
[0.835s] DEBUG:colcon.colcon_core.package_identification:Package 'src/ugv_sdk' with type 'ros.catkin' and name 'ugv_sdk'
[0.835s] Level 1:colcon.colcon_core.package_discovery:discover_packages(recursive) using defaults
[0.836s] Level 1:colcon.colcon_core.package_discovery:discover_packages(ignore) discover
[0.836s] Level 1:colcon.colcon_core.package_discovery:discover_packages(ignore) using defaults
[0.836s] Level 1:colcon.colcon_core.package_discovery:discover_packages(path) discover
[0.836s] Level 1:colcon.colcon_core.package_discovery:discover_packages(path) using defaults
[0.925s] INFO:colcon.colcon_core.package_selection:Skipping not selected package 'livox_ros_driver2' in 'src/driver/livox_ros_driver2'
[0.925s] INFO:colcon.colcon_core.package_selection:Skipping not selected package 'ranger_bringup' in 'src/ranger_ros2/ranger_bringup'
[0.925s] INFO:colcon.colcon_core.package_selection:Skipping not selected package 'ranger_msgs' in 'src/ranger_ros2/ranger_msgs'
[0.925s] INFO:colcon.colcon_core.package_selection:Skipping not selected package 'ugv_sdk' in 'src/ugv_sdk'
[0.925s] INFO:colcon.colcon_core.package_selection:Skipping not selected package 'vikit_common' in 'src/depd/rpg_vikit/vikit_common'
[0.925s] INFO:colcon.colcon_core.package_selection:Skipping not selected package 'fast_lio' in 'src/slam/fast_lio'
[0.925s] INFO:colcon.colcon_core.package_selection:Skipping not selected package 'ranger_base' in 'src/ranger_ros2/ranger_base'
[0.925s] INFO:colcon.colcon_core.package_selection:Skipping not selected package 'vikit_ros' in 'src/depd/rpg_vikit/vikit_ros'
[0.930s] Level 1:colcon.colcon_core.package_discovery:discover_packages(prefix_path) check parameters
[0.930s] Level 1:colcon.colcon_core.package_discovery:discover_packages(prefix_path) discover
[0.938s] DEBUG:colcon.colcon_installed_package_information.package_discovery:Found 321 installed packages in /opt/ros/humble
[0.942s] Level 1:colcon.colcon_core.package_discovery:discover_packages(prefix_path) using defaults
[1.042s] Level 5:colcon.colcon_core.verb:set package 'nav_tf_bridge' build argument 'cmake_args' from command line to 'None'
[1.042s] Level 5:colcon.colcon_core.verb:set package 'nav_tf_bridge' build argument 'cmake_target' from command line to 'None'
[1.042s] Level 5:colcon.colcon_core.verb:set package 'nav_tf_bridge' build argument 'cmake_target_skip_unavailable' from command line to 'False'
[1.042s] Level 5:colcon.colcon_core.verb:set package 'nav_tf_bridge' build argument 'cmake_clean_cache' from command line to 'False'
[1.042s] Level 5:colcon.colcon_core.verb:set package 'nav_tf_bridge' build argument 'cmake_clean_first' from command line to 'False'
[1.042s] Level 5:colcon.colcon_core.verb:set package 'nav_tf_bridge' build argument 'cmake_force_configure' from command line to 'False'
[1.042s] Level 5:colcon.colcon_core.verb:set package 'nav_tf_bridge' build argument 'ament_cmake_args' from command line to 'None'
[1.042s] Level 5:colcon.colcon_core.verb:set package 'nav_tf_bridge' build argument 'catkin_cmake_args' from command line to 'None'
[1.042s] Level 5:colcon.colcon_core.verb:set package 'nav_tf_bridge' build argument 'catkin_skip_building_tests' from command line to 'False'
[1.042s] DEBUG:colcon.colcon_core.verb:Building package 'nav_tf_bridge' with the following arguments: {'ament_cmake_args': None, 'build_base': '/home/seeed/ros2/ws/build/nav_tf_bridge', 'catkin_cmake_args': None, 'catkin_skip_building_tests': False, 'cmake_args': None, 'cmake_clean_cache': False, 'cmake_clean_first': False, 'cmake_force_configure': False, 'cmake_target': None, 'cmake_target_skip_unavailable': False, 'install_base': '/home/seeed/ros2/ws/install/nav_tf_bridge', 'merge_install': False, 'path': '/home/seeed/ros2/ws/src/nav_tf_bridge', 'symlink_install': True, 'test_result_base': None}
[1.043s] Level 5:colcon.colcon_core.verb:set package 'pcd_ndt_localization' build argument 'cmake_args' from command line to 'None'
[1.043s] Level 5:colcon.colcon_core.verb:set package 'pcd_ndt_localization' build argument 'cmake_target' from command line to 'None'
[1.043s] Level 5:colcon.colcon_core.verb:set package 'pcd_ndt_localization' build argument 'cmake_target_skip_unavailable' from command line to 'False'
[1.043s] Level 5:colcon.colcon_core.verb:set package 'pcd_ndt_localization' build argument 'cmake_clean_cache' from command line to 'False'
[1.043s] Level 5:colcon.colcon_core.verb:set package 'pcd_ndt_localization' build argument 'cmake_clean_first' from command line to 'False'
[1.044s] Level 5:colcon.colcon_core.verb:set package 'pcd_ndt_localization' build argument 'cmake_force_configure' from command line to 'False'
[1.044s] Level 5:colcon.colcon_core.verb:set package 'pcd_ndt_localization' build argument 'ament_cmake_args' from command line to 'None'
[1.044s] Level 5:colcon.colcon_core.verb:set package 'pcd_ndt_localization' build argument 'catkin_cmake_args' from command line to 'None'
[1.044s] Level 5:colcon.colcon_core.verb:set package 'pcd_ndt_localization' build argument 'catkin_skip_building_tests' from command line to 'False'
[1.044s] DEBUG:colcon.colcon_core.verb:Building package 'pcd_ndt_localization' with the following arguments: {'ament_cmake_args': None, 'build_base': '/home/seeed/ros2/ws/build/pcd_ndt_localization', 'catkin_cmake_args': None, 'catkin_skip_building_tests': False, 'cmake_args': None, 'cmake_clean_cache': False, 'cmake_clean_first': False, 'cmake_force_configure': False, 'cmake_target': None, 'cmake_target_skip_unavailable': False, 'install_base': '/home/seeed/ros2/ws/install/pcd_ndt_localization', 'merge_install': False, 'path': '/home/seeed/ros2/ws/src/localization/pcd_ndt_localization', 'symlink_install': True, 'test_result_base': None}
[1.044s] INFO:colcon.colcon_core.executor:Executing jobs using 'parallel' executor
[1.047s] DEBUG:colcon.colcon_parallel_executor.executor.parallel:run_until_complete
[1.047s] INFO:colcon.colcon_ros.task.ament_cmake.build:Building ROS package in '/home/seeed/ros2/ws/src/nav_tf_bridge' with build type 'ament_cmake'
[1.048s] INFO:colcon.colcon_cmake.task.cmake.build:Building CMake package in '/home/seeed/ros2/ws/src/nav_tf_bridge'
[1.057s] INFO:colcon.colcon_core.plugin_system:Skipping extension 'colcon_core.shell.bat': Not used on non-Windows systems
[1.058s] INFO:colcon.colcon_core.shell:Skip shell extension 'powershell' for command environment: Not usable outside of PowerShell
[1.058s] DEBUG:colcon.colcon_core.shell:Skip shell extension 'dsv' for command environment
[1.067s] INFO:colcon.colcon_ros.task.ament_cmake.build:Building ROS package in '/home/seeed/ros2/ws/src/localization/pcd_ndt_localization' with build type 'ament_cmake'
[1.067s] INFO:colcon.colcon_cmake.task.cmake.build:Building CMake package in '/home/seeed/ros2/ws/src/localization/pcd_ndt_localization'
[1.068s] INFO:colcon.colcon_core.shell:Skip shell extension 'powershell' for command environment: Not usable outside of PowerShell
[1.068s] DEBUG:colcon.colcon_core.shell:Skip shell extension 'dsv' for command environment
[1.084s] DEBUG:colcon.colcon_core.event_handler.log_command:Invoking command in '/home/seeed/ros2/ws/build/nav_tf_bridge': CMAKE_PREFIX_PATH=/opt/ros/humble /usr/local/bin/cmake /home/seeed/ros2/ws/src/nav_tf_bridge -DAMENT_CMAKE_SYMLINK_INSTALL=1 -DCMAKE_INSTALL_PREFIX=/home/seeed/ros2/ws/install/nav_tf_bridge
[1.093s] DEBUG:colcon.colcon_core.event_handler.log_command:Invoking command in '/home/seeed/ros2/ws/build/pcd_ndt_localization': CMAKE_PREFIX_PATH=/opt/ros/humble /usr/local/bin/cmake --build /home/seeed/ros2/ws/build/pcd_ndt_localization -- -j6 -l6
[4.191s] DEBUG:colcon.colcon_core.event_handler.log_command:Invoked command in '/home/seeed/ros2/ws/build/nav_tf_bridge' returned '0': CMAKE_PREFIX_PATH=/opt/ros/humble /usr/local/bin/cmake /home/seeed/ros2/ws/src/nav_tf_bridge -DAMENT_CMAKE_SYMLINK_INSTALL=1 -DCMAKE_INSTALL_PREFIX=/home/seeed/ros2/ws/install/nav_tf_bridge
[4.192s] DEBUG:colcon.colcon_core.event_handler.log_command:Invoking command in '/home/seeed/ros2/ws/build/nav_tf_bridge': CMAKE_PREFIX_PATH=/opt/ros/humble /usr/local/bin/cmake --build /home/seeed/ros2/ws/build/nav_tf_bridge -- -j6 -l6
[58.439s] DEBUG:colcon.colcon_core.event_handler.log_command:Invoked command in '/home/seeed/ros2/ws/build/nav_tf_bridge' returned '0': CMAKE_PREFIX_PATH=/opt/ros/humble /usr/local/bin/cmake --build /home/seeed/ros2/ws/build/nav_tf_bridge -- -j6 -l6
[58.455s] DEBUG:colcon.colcon_core.event_handler.log_command:Invoking command in '/home/seeed/ros2/ws/build/nav_tf_bridge': CMAKE_PREFIX_PATH=/opt/ros/humble /usr/local/bin/cmake --install /home/seeed/ros2/ws/build/nav_tf_bridge
[58.503s] Level 1:colcon.colcon_core.environment:create_environment_scripts_only(nav_tf_bridge)
[58.504s] DEBUG:colcon.colcon_core.event_handler.log_command:Invoked command in '/home/seeed/ros2/ws/build/nav_tf_bridge' returned '0': CMAKE_PREFIX_PATH=/opt/ros/humble /usr/local/bin/cmake --install /home/seeed/ros2/ws/build/nav_tf_bridge
[58.515s] Level 1:colcon.colcon_core.environment:checking '/home/seeed/ros2/ws/install/nav_tf_bridge' for CMake module files
[58.517s] Level 1:colcon.colcon_core.environment:checking '/home/seeed/ros2/ws/install/nav_tf_bridge' for CMake config files
[58.518s] Level 1:colcon.colcon_core.shell:create_environment_hook('nav_tf_bridge', 'cmake_prefix_path')
[58.518s] INFO:colcon.colcon_core.shell:Creating environment hook '/home/seeed/ros2/ws/install/nav_tf_bridge/share/nav_tf_bridge/hook/cmake_prefix_path.ps1'
[58.521s] INFO:colcon.colcon_core.shell:Creating environment descriptor '/home/seeed/ros2/ws/install/nav_tf_bridge/share/nav_tf_bridge/hook/cmake_prefix_path.dsv'
[58.522s] INFO:colcon.colcon_core.shell:Creating environment hook '/home/seeed/ros2/ws/install/nav_tf_bridge/share/nav_tf_bridge/hook/cmake_prefix_path.sh'
[58.524s] Level 1:colcon.colcon_core.environment:checking '/home/seeed/ros2/ws/install/nav_tf_bridge/lib'
[58.525s] Level 1:colcon.colcon_core.environment:checking '/home/seeed/ros2/ws/install/nav_tf_bridge/bin'
[58.525s] Level 1:colcon.colcon_core.environment:checking '/home/seeed/ros2/ws/install/nav_tf_bridge/lib/pkgconfig/nav_tf_bridge.pc'
[58.525s] Level 1:colcon.colcon_core.environment:checking '/home/seeed/ros2/ws/install/nav_tf_bridge/lib/python3.10/site-packages'
[58.526s] Level 1:colcon.colcon_core.environment:checking '/home/seeed/ros2/ws/install/nav_tf_bridge/bin'
[58.527s] INFO:colcon.colcon_core.shell:Creating package script '/home/seeed/ros2/ws/install/nav_tf_bridge/share/nav_tf_bridge/package.ps1'
[58.530s] INFO:colcon.colcon_core.shell:Creating package descriptor '/home/seeed/ros2/ws/install/nav_tf_bridge/share/nav_tf_bridge/package.dsv'
[58.533s] INFO:colcon.colcon_core.shell:Creating package script '/home/seeed/ros2/ws/install/nav_tf_bridge/share/nav_tf_bridge/package.sh'
[58.535s] INFO:colcon.colcon_core.shell:Creating package script '/home/seeed/ros2/ws/install/nav_tf_bridge/share/nav_tf_bridge/package.bash'
[58.537s] INFO:colcon.colcon_core.shell:Creating package script '/home/seeed/ros2/ws/install/nav_tf_bridge/share/nav_tf_bridge/package.zsh'
[58.539s] Level 1:colcon.colcon_core.environment:create_file_with_runtime_dependencies(/home/seeed/ros2/ws/install/nav_tf_bridge/share/colcon-core/packages/nav_tf_bridge)
[58.540s] Level 1:colcon.colcon_core.environment:create_environment_scripts_only(nav_tf_bridge)
[58.541s] Level 1:colcon.colcon_core.environment:checking '/home/seeed/ros2/ws/install/nav_tf_bridge' for CMake module files
[58.542s] Level 1:colcon.colcon_core.environment:checking '/home/seeed/ros2/ws/install/nav_tf_bridge' for CMake config files
[58.543s] Level 1:colcon.colcon_core.shell:create_environment_hook('nav_tf_bridge', 'cmake_prefix_path')
[58.543s] INFO:colcon.colcon_core.shell:Creating environment hook '/home/seeed/ros2/ws/install/nav_tf_bridge/share/nav_tf_bridge/hook/cmake_prefix_path.ps1'
[58.544s] INFO:colcon.colcon_core.shell:Creating environment descriptor '/home/seeed/ros2/ws/install/nav_tf_bridge/share/nav_tf_bridge/hook/cmake_prefix_path.dsv'
[58.545s] INFO:colcon.colcon_core.shell:Creating environment hook '/home/seeed/ros2/ws/install/nav_tf_bridge/share/nav_tf_bridge/hook/cmake_prefix_path.sh'
[58.546s] Level 1:colcon.colcon_core.environment:checking '/home/seeed/ros2/ws/install/nav_tf_bridge/lib'
[58.547s] Level 1:colcon.colcon_core.environment:checking '/home/seeed/ros2/ws/install/nav_tf_bridge/bin'
[58.547s] Level 1:colcon.colcon_core.environment:checking '/home/seeed/ros2/ws/install/nav_tf_bridge/lib/pkgconfig/nav_tf_bridge.pc'
[58.547s] Level 1:colcon.colcon_core.environment:checking '/home/seeed/ros2/ws/install/nav_tf_bridge/lib/python3.10/site-packages'
[58.548s] Level 1:colcon.colcon_core.environment:checking '/home/seeed/ros2/ws/install/nav_tf_bridge/bin'
[58.549s] INFO:colcon.colcon_core.shell:Creating package script '/home/seeed/ros2/ws/install/nav_tf_bridge/share/nav_tf_bridge/package.ps1'
[58.551s] INFO:colcon.colcon_core.shell:Creating package descriptor '/home/seeed/ros2/ws/install/nav_tf_bridge/share/nav_tf_bridge/package.dsv'
[58.552s] INFO:colcon.colcon_core.shell:Creating package script '/home/seeed/ros2/ws/install/nav_tf_bridge/share/nav_tf_bridge/package.sh'
[58.553s] INFO:colcon.colcon_core.shell:Creating package script '/home/seeed/ros2/ws/install/nav_tf_bridge/share/nav_tf_bridge/package.bash'
[58.554s] INFO:colcon.colcon_core.shell:Creating package script '/home/seeed/ros2/ws/install/nav_tf_bridge/share/nav_tf_bridge/package.zsh'
[58.555s] Level 1:colcon.colcon_core.environment:create_file_with_runtime_dependencies(/home/seeed/ros2/ws/install/nav_tf_bridge/share/colcon-core/packages/nav_tf_bridge)
[124.435s] DEBUG:colcon.colcon_core.event_handler.log_command:Invoked command in '/home/seeed/ros2/ws/build/pcd_ndt_localization' returned '0': CMAKE_PREFIX_PATH=/opt/ros/humble /usr/local/bin/cmake --build /home/seeed/ros2/ws/build/pcd_ndt_localization -- -j6 -l6
[124.438s] DEBUG:colcon.colcon_core.event_handler.log_command:Invoking command in '/home/seeed/ros2/ws/build/pcd_ndt_localization': CMAKE_PREFIX_PATH=/opt/ros/humble /usr/local/bin/cmake --install /home/seeed/ros2/ws/build/pcd_ndt_localization
[124.463s] Level 1:colcon.colcon_core.environment:create_environment_scripts_only(pcd_ndt_localization)
[124.465s] Level 1:colcon.colcon_core.environment:checking '/home/seeed/ros2/ws/install/pcd_ndt_localization' for CMake module files
[124.466s] DEBUG:colcon.colcon_core.event_handler.log_command:Invoked command in '/home/seeed/ros2/ws/build/pcd_ndt_localization' returned '0': CMAKE_PREFIX_PATH=/opt/ros/humble /usr/local/bin/cmake --install /home/seeed/ros2/ws/build/pcd_ndt_localization
[124.468s] Level 1:colcon.colcon_core.environment:checking '/home/seeed/ros2/ws/install/pcd_ndt_localization' for CMake config files
[124.470s] Level 1:colcon.colcon_core.shell:create_environment_hook('pcd_ndt_localization', 'cmake_prefix_path')
[124.471s] INFO:colcon.colcon_core.shell:Creating environment hook '/home/seeed/ros2/ws/install/pcd_ndt_localization/share/pcd_ndt_localization/hook/cmake_prefix_path.ps1'
[124.473s] INFO:colcon.colcon_core.shell:Creating environment descriptor '/home/seeed/ros2/ws/install/pcd_ndt_localization/share/pcd_ndt_localization/hook/cmake_prefix_path.dsv'
[124.474s] INFO:colcon.colcon_core.shell:Creating environment hook '/home/seeed/ros2/ws/install/pcd_ndt_localization/share/pcd_ndt_localization/hook/cmake_prefix_path.sh'
[124.477s] Level 1:colcon.colcon_core.environment:checking '/home/seeed/ros2/ws/install/pcd_ndt_localization/lib'
[124.477s] Level 1:colcon.colcon_core.environment:checking '/home/seeed/ros2/ws/install/pcd_ndt_localization/bin'
[124.477s] Level 1:colcon.colcon_core.environment:checking '/home/seeed/ros2/ws/install/pcd_ndt_localization/lib/pkgconfig/pcd_ndt_localization.pc'
[124.478s] Level 1:colcon.colcon_core.environment:checking '/home/seeed/ros2/ws/install/pcd_ndt_localization/lib/python3.10/site-packages'
[124.480s] Level 1:colcon.colcon_core.environment:checking '/home/seeed/ros2/ws/install/pcd_ndt_localization/bin'
[124.481s] INFO:colcon.colcon_core.shell:Creating package script '/home/seeed/ros2/ws/install/pcd_ndt_localization/share/pcd_ndt_localization/package.ps1'
[124.484s] INFO:colcon.colcon_core.shell:Creating package descriptor '/home/seeed/ros2/ws/install/pcd_ndt_localization/share/pcd_ndt_localization/package.dsv'
[124.485s] INFO:colcon.colcon_core.shell:Creating package script '/home/seeed/ros2/ws/install/pcd_ndt_localization/share/pcd_ndt_localization/package.sh'
[124.487s] INFO:colcon.colcon_core.shell:Creating package script '/home/seeed/ros2/ws/install/pcd_ndt_localization/share/pcd_ndt_localization/package.bash'
[124.488s] INFO:colcon.colcon_core.shell:Creating package script '/home/seeed/ros2/ws/install/pcd_ndt_localization/share/pcd_ndt_localization/package.zsh'
[124.489s] Level 1:colcon.colcon_core.environment:create_file_with_runtime_dependencies(/home/seeed/ros2/ws/install/pcd_ndt_localization/share/colcon-core/packages/pcd_ndt_localization)
[124.491s] Level 1:colcon.colcon_core.environment:create_environment_scripts_only(pcd_ndt_localization)
[124.492s] Level 1:colcon.colcon_core.environment:checking '/home/seeed/ros2/ws/install/pcd_ndt_localization' for CMake module files
[124.494s] Level 1:colcon.colcon_core.environment:checking '/home/seeed/ros2/ws/install/pcd_ndt_localization' for CMake config files
[124.494s] Level 1:colcon.colcon_core.shell:create_environment_hook('pcd_ndt_localization', 'cmake_prefix_path')
[124.495s] INFO:colcon.colcon_core.shell:Creating environment hook '/home/seeed/ros2/ws/install/pcd_ndt_localization/share/pcd_ndt_localization/hook/cmake_prefix_path.ps1'
[124.497s] INFO:colcon.colcon_core.shell:Creating environment descriptor '/home/seeed/ros2/ws/install/pcd_ndt_localization/share/pcd_ndt_localization/hook/cmake_prefix_path.dsv'
[124.498s] INFO:colcon.colcon_core.shell:Creating environment hook '/home/seeed/ros2/ws/install/pcd_ndt_localization/share/pcd_ndt_localization/hook/cmake_prefix_path.sh'
[124.500s] Level 1:colcon.colcon_core.environment:checking '/home/seeed/ros2/ws/install/pcd_ndt_localization/lib'
[124.501s] Level 1:colcon.colcon_core.environment:checking '/home/seeed/ros2/ws/install/pcd_ndt_localization/bin'
[124.501s] Level 1:colcon.colcon_core.environment:checking '/home/seeed/ros2/ws/install/pcd_ndt_localization/lib/pkgconfig/pcd_ndt_localization.pc'
[124.502s] Level 1:colcon.colcon_core.environment:checking '/home/seeed/ros2/ws/install/pcd_ndt_localization/lib/python3.10/site-packages'
[124.502s] Level 1:colcon.colcon_core.environment:checking '/home/seeed/ros2/ws/install/pcd_ndt_localization/bin'
[124.503s] INFO:colcon.colcon_core.shell:Creating package script '/home/seeed/ros2/ws/install/pcd_ndt_localization/share/pcd_ndt_localization/package.ps1'
[124.506s] INFO:colcon.colcon_core.shell:Creating package descriptor '/home/seeed/ros2/ws/install/pcd_ndt_localization/share/pcd_ndt_localization/package.dsv'
[124.507s] INFO:colcon.colcon_core.shell:Creating package script '/home/seeed/ros2/ws/install/pcd_ndt_localization/share/pcd_ndt_localization/package.sh'
[124.508s] INFO:colcon.colcon_core.shell:Creating package script '/home/seeed/ros2/ws/install/pcd_ndt_localization/share/pcd_ndt_localization/package.bash'
[124.510s] INFO:colcon.colcon_core.shell:Creating package script '/home/seeed/ros2/ws/install/pcd_ndt_localization/share/pcd_ndt_localization/package.zsh'
[124.511s] Level 1:colcon.colcon_core.environment:create_file_with_runtime_dependencies(/home/seeed/ros2/ws/install/pcd_ndt_localization/share/colcon-core/packages/pcd_ndt_localization)
[124.513s] DEBUG:colcon.colcon_parallel_executor.executor.parallel:closing loop
[124.514s] DEBUG:colcon.colcon_parallel_executor.executor.parallel:loop closed
[124.514s] DEBUG:colcon.colcon_parallel_executor.executor.parallel:run_until_complete finished with '0'
[124.514s] DEBUG:colcon.colcon_core.event_reactor:joining thread
[124.515s] DEBUG:colcon.colcon_core.event_reactor:joined thread
[124.516s] INFO:colcon.colcon_core.shell:Creating prefix script '/home/seeed/ros2/ws/install/local_setup.ps1'
[124.519s] INFO:colcon.colcon_core.shell:Creating prefix util module '/home/seeed/ros2/ws/install/_local_setup_util_ps1.py'
[124.524s] INFO:colcon.colcon_core.shell:Creating prefix chain script '/home/seeed/ros2/ws/install/setup.ps1'
[124.528s] INFO:colcon.colcon_core.shell:Creating prefix script '/home/seeed/ros2/ws/install/local_setup.sh'
[124.530s] INFO:colcon.colcon_core.shell:Creating prefix util module '/home/seeed/ros2/ws/install/_local_setup_util_sh.py'
[124.532s] INFO:colcon.colcon_core.shell:Creating prefix chain script '/home/seeed/ros2/ws/install/setup.sh'
[124.536s] INFO:colcon.colcon_core.shell:Creating prefix script '/home/seeed/ros2/ws/install/local_setup.bash'
[124.538s] INFO:colcon.colcon_core.shell:Creating prefix chain script '/home/seeed/ros2/ws/install/setup.bash'
[124.541s] INFO:colcon.colcon_core.shell:Creating prefix script '/home/seeed/ros2/ws/install/local_setup.zsh'
[124.543s] INFO:colcon.colcon_core.shell:Creating prefix chain script '/home/seeed/ros2/ws/install/setup.zsh'
