[0.000000] (-) TimerEvent: {}
[0.000214] (-) JobUnselected: {'identifier': 'fast_lio'}
[0.000282] (-) JobUnselected: {'identifier': 'livox_ros_driver2'}
[0.000325] (-) JobUnselected: {'identifier': 'ranger_base'}
[0.000360] (-) JobUnselected: {'identifier': 'ranger_bringup'}
[0.000392] (-) JobUnselected: {'identifier': 'ranger_msgs'}
[0.000424] (-) JobUnselected: {'identifier': 'ugv_sdk'}
[0.000456] (-) JobUnselected: {'identifier': 'vikit_common'}
[0.000486] (-) JobUnselected: {'identifier': 'vikit_ros'}
[0.000525] (pcd_ndt_localization) JobQueued: {'identifier': 'pcd_ndt_localization', 'dependencies': OrderedDict()}
[0.000569] (pcd_ndt_localization) JobStarted: {'identifier': 'pcd_ndt_localization'}
[0.006566] (pcd_ndt_localization) JobProgress: {'identifier': 'pcd_ndt_localization', 'progress': 'cmake'}
[0.008714] (pcd_ndt_localization) JobProgress: {'identifier': 'pcd_ndt_localization', 'progress': 'build'}
[0.010557] (pcd_ndt_localization) Command: {'cmd': ['/usr/local/bin/cmake', '--build', '/home/seeed/ros2/ws/build/pcd_ndt_localization', '--', '-j6', '-l6'], 'cwd': '/home/seeed/ros2/ws/build/pcd_ndt_localization', 'env': OrderedDict([('LANGUAGE', 'zh_CN:en'), ('USER', 'seeed'), ('SSH_CLIENT', '10.200.24.83 44179 22'), ('LC_TIME', 'zh_CN.UTF-8'), ('XDG_SESSION_TYPE', 'tty'), ('SHLVL', '0'), ('LD_LIBRARY_PATH', '/opt/ros/humble/opt/rviz_ogre_vendor/lib:/opt/ros/humble/lib/aarch64-linux-gnu:/opt/ros/humble/lib'), ('MOTD_SHOWN', 'pam'), ('HOME', '/home/seeed'), ('OLDPWD', '/home/seeed'), ('ROS_PYTHON_VERSION', '3'), ('LC_MONETARY', 'zh_CN.UTF-8'), ('LC_CTYPE', 'C.UTF-8'), ('DBUS_SESSION_BUS_ADDRESS', 'unix:path=/run/user/1000/bus'), ('ROS_DISTRO', 'humble'), ('LOGNAME', 'seeed'), ('_', '/usr/bin/colcon'), ('ROS_VERSION', '2'), ('XDG_SESSION_CLASS', 'user'), ('XDG_SESSION_ID', '185'), ('ROS_LOCALHOST_ONLY', '0'), ('PATH', '/opt/ros/humble/bin:/usr/local/sbin:/usr/local/bin:/usr/sbin:/usr/bin:/sbin:/bin:/usr/games:/usr/local/games:/snap/bin'), ('PAPERSIZE', 'a4'), ('LC_ADDRESS', 'zh_CN.UTF-8'), ('XDG_RUNTIME_DIR', '/run/user/1000'), ('DISPLAY', 'localhost:10.0'), ('LANG', 'zh_CN.UTF-8'), ('LC_TELEPHONE', 'zh_CN.UTF-8'), ('AMENT_PREFIX_PATH', '/opt/ros/humble'), ('SHELL', '/bin/bash'), ('LC_NAME', 'zh_CN.UTF-8'), ('LC_MEASUREMENT', 'zh_CN.UTF-8'), ('LC_IDENTIFICATION', 'zh_CN.UTF-8'), ('PWD', '/home/seeed/ros2/ws/build/pcd_ndt_localization'), ('LC_ALL', 'en_US.UTF-8'), ('SSH_CONNECTION', '10.200.24.83 44179 10.200.54.207 22'), ('PYTHONPATH', '/opt/ros/humble/lib/python3.10/site-packages:/opt/ros/humble/local/lib/python3.10/dist-packages'), ('LC_NUMERIC', 'zh_CN.UTF-8'), ('LC_PAPER', 'zh_CN.UTF-8'), ('COLCON', '1'), ('CMAKE_PREFIX_PATH', '/opt/ros/humble')]), 'shell': False}
[0.082078] (-) TimerEvent: {}
[0.182440] (-) TimerEvent: {}
[0.227779] (pcd_ndt_localization) StdoutLine: {'line': b'[ 50%] Built target pcd_occupancy_grid_publisher\n'}
[0.265490] (pcd_ndt_localization) StdoutLine: {'line': b'[ 75%] Building CXX object CMakeFiles/pcd_ndt_localizer.dir/src/pcd_ndt_localizer.cpp.o\n'}
[0.282577] (-) TimerEvent: {}
[0.382896] (-) TimerEvent: {}
[0.483228] (-) TimerEvent: {}
[0.583555] (-) TimerEvent: {}
[0.683863] (-) TimerEvent: {}
[0.784197] (-) TimerEvent: {}
[0.884544] (-) TimerEvent: {}
[0.984886] (-) TimerEvent: {}
[1.085247] (-) TimerEvent: {}
[1.185579] (-) TimerEvent: {}
[1.285922] (-) TimerEvent: {}
[1.386264] (-) TimerEvent: {}
[1.486607] (-) TimerEvent: {}
[1.586953] (-) TimerEvent: {}
[1.687292] (-) TimerEvent: {}
[1.787628] (-) TimerEvent: {}
[1.887964] (-) TimerEvent: {}
[1.988270] (-) TimerEvent: {}
[2.088635] (-) TimerEvent: {}
[2.188974] (-) TimerEvent: {}
[2.289335] (-) TimerEvent: {}
[2.389703] (-) TimerEvent: {}
[2.490051] (-) TimerEvent: {}
[2.590402] (-) TimerEvent: {}
[2.690771] (-) TimerEvent: {}
[2.791135] (-) TimerEvent: {}
[2.891494] (-) TimerEvent: {}
[2.991852] (-) TimerEvent: {}
[3.092203] (-) TimerEvent: {}
[3.192551] (-) TimerEvent: {}
[3.293784] (-) TimerEvent: {}
[3.396969] (-) TimerEvent: {}
[3.497319] (-) TimerEvent: {}
[3.598050] (-) TimerEvent: {}
[3.699431] (-) TimerEvent: {}
[3.799784] (-) TimerEvent: {}
[3.900181] (-) TimerEvent: {}
[4.000542] (-) TimerEvent: {}
[4.100901] (-) TimerEvent: {}
[4.201255] (-) TimerEvent: {}
[4.301574] (-) TimerEvent: {}
[4.401927] (-) TimerEvent: {}
[4.502277] (-) TimerEvent: {}
[4.602627] (-) TimerEvent: {}
[4.702977] (-) TimerEvent: {}
[4.803332] (-) TimerEvent: {}
[4.903684] (-) TimerEvent: {}
[5.004047] (-) TimerEvent: {}
[5.104412] (-) TimerEvent: {}
[5.205053] (-) TimerEvent: {}
[5.305411] (-) TimerEvent: {}
[5.409330] (-) TimerEvent: {}
[5.509749] (-) TimerEvent: {}
[5.610104] (-) TimerEvent: {}
[5.710539] (-) TimerEvent: {}
[5.810940] (-) TimerEvent: {}
[5.911376] (-) TimerEvent: {}
[6.011754] (-) TimerEvent: {}
[6.112495] (-) TimerEvent: {}
[6.212895] (-) TimerEvent: {}
[6.313431] (-) TimerEvent: {}
[6.413804] (-) TimerEvent: {}
[6.514216] (-) TimerEvent: {}
[6.614686] (-) TimerEvent: {}
[6.715108] (-) TimerEvent: {}
[6.815466] (-) TimerEvent: {}
[6.915823] (-) TimerEvent: {}
[7.016358] (-) TimerEvent: {}
[7.116770] (-) TimerEvent: {}
[7.217133] (-) TimerEvent: {}
[7.317508] (-) TimerEvent: {}
[7.417854] (-) TimerEvent: {}
[7.518264] (-) TimerEvent: {}
[7.618727] (-) TimerEvent: {}
[7.719175] (-) TimerEvent: {}
[7.819524] (-) TimerEvent: {}
[7.919890] (-) TimerEvent: {}
[8.020309] (-) TimerEvent: {}
[8.120811] (-) TimerEvent: {}
[8.221199] (-) TimerEvent: {}
[8.321558] (-) TimerEvent: {}
[8.421944] (-) TimerEvent: {}
[8.522397] (-) TimerEvent: {}
[8.622781] (-) TimerEvent: {}
[8.723215] (-) TimerEvent: {}
[8.823594] (-) TimerEvent: {}
[8.924014] (-) TimerEvent: {}
[9.024454] (-) TimerEvent: {}
[9.125079] (-) TimerEvent: {}
[9.225438] (-) TimerEvent: {}
[9.325799] (-) TimerEvent: {}
[9.426301] (-) TimerEvent: {}
[9.526703] (-) TimerEvent: {}
[9.627094] (-) TimerEvent: {}
[9.727566] (-) TimerEvent: {}
[9.827956] (-) TimerEvent: {}
[9.928394] (-) TimerEvent: {}
[10.029005] (-) TimerEvent: {}
[10.129509] (-) TimerEvent: {}
[10.230030] (-) TimerEvent: {}
[10.330555] (-) TimerEvent: {}
[10.431036] (-) TimerEvent: {}
[10.532630] (-) TimerEvent: {}
[10.633206] (-) TimerEvent: {}
[10.733635] (-) TimerEvent: {}
[10.833996] (-) TimerEvent: {}
[10.934466] (-) TimerEvent: {}
[11.034853] (-) TimerEvent: {}
[11.135268] (-) TimerEvent: {}
[11.235629] (-) TimerEvent: {}
[11.340214] (-) TimerEvent: {}
[11.440636] (-) TimerEvent: {}
[11.541120] (-) TimerEvent: {}
[11.641509] (-) TimerEvent: {}
[11.741872] (-) TimerEvent: {}
[11.842279] (-) TimerEvent: {}
[11.942722] (-) TimerEvent: {}
[12.043182] (-) TimerEvent: {}
[12.143622] (-) TimerEvent: {}
[12.244033] (-) TimerEvent: {}
[12.344550] (-) TimerEvent: {}
[12.444955] (-) TimerEvent: {}
[12.545367] (-) TimerEvent: {}
[12.645958] (-) TimerEvent: {}
[12.746476] (-) TimerEvent: {}
[12.846903] (-) TimerEvent: {}
[12.947362] (-) TimerEvent: {}
[13.047740] (-) TimerEvent: {}
[13.148106] (-) TimerEvent: {}
[13.248554] (-) TimerEvent: {}
[13.348982] (-) TimerEvent: {}
[13.449394] (-) TimerEvent: {}
[13.549783] (-) TimerEvent: {}
[13.650231] (-) TimerEvent: {}
[13.751062] (-) TimerEvent: {}
[13.851450] (-) TimerEvent: {}
[13.951825] (-) TimerEvent: {}
[14.052256] (-) TimerEvent: {}
[14.152876] (-) TimerEvent: {}
[14.253431] (-) TimerEvent: {}
[14.353817] (-) TimerEvent: {}
[14.454217] (-) TimerEvent: {}
[14.554713] (-) TimerEvent: {}
[14.655069] (-) TimerEvent: {}
[14.755475] (-) TimerEvent: {}
[14.855807] (-) TimerEvent: {}
[14.956166] (-) TimerEvent: {}
[15.056659] (-) TimerEvent: {}
[15.157066] (-) TimerEvent: {}
[15.257478] (-) TimerEvent: {}
[15.357829] (-) TimerEvent: {}
[15.458225] (-) TimerEvent: {}
[15.558925] (-) TimerEvent: {}
[15.659356] (-) TimerEvent: {}
[15.759704] (-) TimerEvent: {}
[15.860350] (-) TimerEvent: {}
[15.960807] (-) TimerEvent: {}
[16.061429] (-) TimerEvent: {}
[16.161799] (-) TimerEvent: {}
[16.262214] (-) TimerEvent: {}
[16.362644] (-) TimerEvent: {}
[16.463039] (-) TimerEvent: {}
[16.563599] (-) TimerEvent: {}
[16.663966] (-) TimerEvent: {}
[16.764470] (-) TimerEvent: {}
[16.864872] (-) TimerEvent: {}
[16.965341] (-) TimerEvent: {}
[17.065708] (-) TimerEvent: {}
[17.166074] (-) TimerEvent: {}
[17.266515] (-) TimerEvent: {}
[17.366944] (-) TimerEvent: {}
[17.467417] (-) TimerEvent: {}
[17.567779] (-) TimerEvent: {}
[17.668134] (-) TimerEvent: {}
[17.768685] (-) TimerEvent: {}
[17.869295] (-) TimerEvent: {}
[17.969731] (-) TimerEvent: {}
[18.070141] (-) TimerEvent: {}
[18.170522] (-) TimerEvent: {}
[18.271002] (-) TimerEvent: {}
[18.371435] (-) TimerEvent: {}
[18.471823] (-) TimerEvent: {}
[18.572263] (-) TimerEvent: {}
[18.674807] (-) TimerEvent: {}
[18.775548] (-) TimerEvent: {}
[18.875936] (-) TimerEvent: {}
[18.976388] (-) TimerEvent: {}
[19.076819] (-) TimerEvent: {}
[19.177207] (-) TimerEvent: {}
[19.277605] (-) TimerEvent: {}
[19.377987] (-) TimerEvent: {}
[19.478350] (-) TimerEvent: {}
[19.578779] (-) TimerEvent: {}
[19.679366] (-) TimerEvent: {}
[19.779758] (-) TimerEvent: {}
[19.880167] (-) TimerEvent: {}
[19.980601] (-) TimerEvent: {}
[20.080974] (-) TimerEvent: {}
[20.181373] (-) TimerEvent: {}
[20.281790] (-) TimerEvent: {}
[20.382199] (-) TimerEvent: {}
[20.482591] (-) TimerEvent: {}
[20.583013] (-) TimerEvent: {}
[20.683487] (-) TimerEvent: {}
[20.783911] (-) TimerEvent: {}
[20.884304] (-) TimerEvent: {}
[20.984685] (-) TimerEvent: {}
[21.085171] (-) TimerEvent: {}
[21.185571] (-) TimerEvent: {}
[21.285934] (-) TimerEvent: {}
[21.386319] (-) TimerEvent: {}
[21.486707] (-) TimerEvent: {}
[21.587106] (-) TimerEvent: {}
[21.687515] (-) TimerEvent: {}
[21.787873] (-) TimerEvent: {}
[21.888609] (-) TimerEvent: {}
[21.989080] (-) TimerEvent: {}
[22.089504] (-) TimerEvent: {}
[22.189856] (-) TimerEvent: {}
[22.290256] (-) TimerEvent: {}
[22.390670] (-) TimerEvent: {}
[22.491625] (-) TimerEvent: {}
[22.592014] (-) TimerEvent: {}
[22.692488] (-) TimerEvent: {}
[22.792895] (-) TimerEvent: {}
[22.893350] (-) TimerEvent: {}
[22.993759] (-) TimerEvent: {}
[23.094194] (-) TimerEvent: {}
[23.194730] (-) TimerEvent: {}
[23.295090] (-) TimerEvent: {}
[23.395481] (-) TimerEvent: {}
[23.495881] (-) TimerEvent: {}
[23.596287] (-) TimerEvent: {}
[23.696739] (-) TimerEvent: {}
[23.797096] (-) TimerEvent: {}
[23.897523] (-) TimerEvent: {}
[23.997918] (-) TimerEvent: {}
[24.098315] (-) TimerEvent: {}
[24.198706] (-) TimerEvent: {}
[24.299160] (-) TimerEvent: {}
[24.399560] (-) TimerEvent: {}
[24.499909] (-) TimerEvent: {}
[24.600299] (-) TimerEvent: {}
[24.700695] (-) TimerEvent: {}
[24.801047] (-) TimerEvent: {}
[24.901485] (-) TimerEvent: {}
[25.001843] (-) TimerEvent: {}
[25.102204] (-) TimerEvent: {}
[25.202628] (-) TimerEvent: {}
[25.303043] (-) TimerEvent: {}
[25.403517] (-) TimerEvent: {}
[25.503871] (-) TimerEvent: {}
[25.604225] (-) TimerEvent: {}
[25.704701] (-) TimerEvent: {}
[25.806818] (-) TimerEvent: {}
[25.907207] (-) TimerEvent: {}
[26.007563] (-) TimerEvent: {}
[26.107931] (-) TimerEvent: {}
[26.208287] (-) TimerEvent: {}
[26.308989] (-) TimerEvent: {}
[26.409404] (-) TimerEvent: {}
[26.509854] (-) TimerEvent: {}
[26.610219] (-) TimerEvent: {}
[26.710716] (-) TimerEvent: {}
[26.811218] (-) TimerEvent: {}
[26.911916] (-) TimerEvent: {}
[27.012317] (-) TimerEvent: {}
[27.112786] (-) TimerEvent: {}
[27.213219] (-) TimerEvent: {}
[27.314781] (-) TimerEvent: {}
[27.415308] (-) TimerEvent: {}
[27.517229] (-) TimerEvent: {}
[27.621349] (-) TimerEvent: {}
[27.721729] (-) TimerEvent: {}
[27.822085] (-) TimerEvent: {}
[27.922453] (-) TimerEvent: {}
[28.023309] (-) TimerEvent: {}
[28.123683] (-) TimerEvent: {}
[28.224042] (-) TimerEvent: {}
[28.324390] (-) TimerEvent: {}
[28.426590] (-) TimerEvent: {}
[28.526942] (-) TimerEvent: {}
[28.627291] (-) TimerEvent: {}
[28.727646] (-) TimerEvent: {}
[28.828016] (-) TimerEvent: {}
[28.928379] (-) TimerEvent: {}
[29.028731] (-) TimerEvent: {}
[29.129085] (-) TimerEvent: {}
[29.229457] (-) TimerEvent: {}
[29.330999] (-) TimerEvent: {}
[29.431358] (-) TimerEvent: {}
[29.531731] (-) TimerEvent: {}
[29.632095] (-) TimerEvent: {}
[29.732526] (-) TimerEvent: {}
[29.833788] (-) TimerEvent: {}
[29.936592] (-) TimerEvent: {}
[30.037318] (-) TimerEvent: {}
[30.138094] (-) TimerEvent: {}
[30.241100] (-) TimerEvent: {}
[30.344376] (-) TimerEvent: {}
[30.444774] (-) TimerEvent: {}
[30.545133] (-) TimerEvent: {}
[30.645582] (-) TimerEvent: {}
[30.745943] (-) TimerEvent: {}
[30.846310] (-) TimerEvent: {}
[30.946729] (-) TimerEvent: {}
[31.047117] (-) TimerEvent: {}
[31.147521] (-) TimerEvent: {}
[31.247890] (-) TimerEvent: {}
[31.348293] (-) TimerEvent: {}
[31.448717] (-) TimerEvent: {}
[31.549093] (-) TimerEvent: {}
[31.649529] (-) TimerEvent: {}
[31.749901] (-) TimerEvent: {}
[31.850296] (-) TimerEvent: {}
[31.950687] (-) TimerEvent: {}
[32.051101] (-) TimerEvent: {}
[32.151486] (-) TimerEvent: {}
[32.251877] (-) TimerEvent: {}
[32.352352] (-) TimerEvent: {}
[32.452743] (-) TimerEvent: {}
[32.553114] (-) TimerEvent: {}
[32.653485] (-) TimerEvent: {}
[32.753826] (-) TimerEvent: {}
[32.854153] (-) TimerEvent: {}
[32.954513] (-) TimerEvent: {}
[33.054865] (-) TimerEvent: {}
[33.155230] (-) TimerEvent: {}
[33.257898] (-) TimerEvent: {}
[33.358246] (-) TimerEvent: {}
[33.458608] (-) TimerEvent: {}
[33.559027] (-) TimerEvent: {}
[33.659427] (-) TimerEvent: {}
[33.759945] (-) TimerEvent: {}
[33.860680] (-) TimerEvent: {}
[33.961033] (-) TimerEvent: {}
[34.061399] (-) TimerEvent: {}
[34.161776] (-) TimerEvent: {}
[34.262124] (-) TimerEvent: {}
[34.362474] (-) TimerEvent: {}
[34.462824] (-) TimerEvent: {}
[34.563170] (-) TimerEvent: {}
[34.663514] (-) TimerEvent: {}
[34.763849] (-) TimerEvent: {}
[34.864198] (-) TimerEvent: {}
[34.964551] (-) TimerEvent: {}
[35.064907] (-) TimerEvent: {}
[35.165275] (-) TimerEvent: {}
[35.265648] (-) TimerEvent: {}
[35.366012] (-) TimerEvent: {}
[35.466375] (-) TimerEvent: {}
[35.566737] (-) TimerEvent: {}
[35.667098] (-) TimerEvent: {}
[35.767444] (-) TimerEvent: {}
[35.870613] (-) TimerEvent: {}
[35.971160] (-) TimerEvent: {}
[36.071566] (-) TimerEvent: {}
[36.171927] (-) TimerEvent: {}
[36.272344] (-) TimerEvent: {}
[36.375497] (-) TimerEvent: {}
[36.475926] (-) TimerEvent: {}
[36.576362] (-) TimerEvent: {}
[36.676809] (-) TimerEvent: {}
[36.777196] (-) TimerEvent: {}
[36.877613] (-) TimerEvent: {}
[36.977989] (-) TimerEvent: {}
[37.078333] (-) TimerEvent: {}
[37.178767] (-) TimerEvent: {}
[37.279211] (-) TimerEvent: {}
[37.379681] (-) TimerEvent: {}
[37.480567] (-) TimerEvent: {}
[37.580978] (-) TimerEvent: {}
[37.681954] (-) TimerEvent: {}
[37.784817] (-) TimerEvent: {}
[37.885172] (-) TimerEvent: {}
[37.985573] (-) TimerEvent: {}
[38.090822] (-) TimerEvent: {}
[38.191183] (-) TimerEvent: {}
[38.291605] (-) TimerEvent: {}
[38.392072] (-) TimerEvent: {}
[38.492457] (-) TimerEvent: {}
[38.592975] (-) TimerEvent: {}
[38.693386] (-) TimerEvent: {}
[38.793776] (-) TimerEvent: {}
[38.894134] (-) TimerEvent: {}
[38.994552] (-) TimerEvent: {}
[39.094958] (-) TimerEvent: {}
[39.195351] (-) TimerEvent: {}
[39.295702] (-) TimerEvent: {}
[39.396089] (-) TimerEvent: {}
[39.496557] (-) TimerEvent: {}
[39.596940] (-) TimerEvent: {}
[39.697333] (-) TimerEvent: {}
[39.797739] (-) TimerEvent: {}
[39.898090] (-) TimerEvent: {}
[39.998478] (-) TimerEvent: {}
[40.098886] (-) TimerEvent: {}
[40.199450] (-) TimerEvent: {}
[40.299832] (-) TimerEvent: {}
[40.400240] (-) TimerEvent: {}
[40.500670] (-) TimerEvent: {}
[40.601076] (-) TimerEvent: {}
[40.701489] (-) TimerEvent: {}
[40.801906] (-) TimerEvent: {}
[40.902325] (-) TimerEvent: {}
[41.002790] (-) TimerEvent: {}
[41.103301] (-) TimerEvent: {}
[41.203801] (-) TimerEvent: {}
[41.304186] (-) TimerEvent: {}
[41.404612] (-) TimerEvent: {}
[41.505019] (-) TimerEvent: {}
[41.605649] (-) TimerEvent: {}
[41.706162] (-) TimerEvent: {}
[41.806595] (-) TimerEvent: {}
[41.906945] (-) TimerEvent: {}
[42.007341] (-) TimerEvent: {}
[42.107718] (-) TimerEvent: {}
[42.208117] (-) TimerEvent: {}
[42.308492] (-) TimerEvent: {}
[42.409144] (-) TimerEvent: {}
[42.509711] (-) TimerEvent: {}
[42.610189] (-) TimerEvent: {}
[42.710695] (-) TimerEvent: {}
[42.811055] (-) TimerEvent: {}
[42.911450] (-) TimerEvent: {}
[43.011841] (-) TimerEvent: {}
[43.112246] (-) TimerEvent: {}
[43.212758] (-) TimerEvent: {}
[43.313116] (-) TimerEvent: {}
[43.413733] (-) TimerEvent: {}
[43.514125] (-) TimerEvent: {}
[43.614662] (-) TimerEvent: {}
[43.715013] (-) TimerEvent: {}
[43.815422] (-) TimerEvent: {}
[43.915856] (-) TimerEvent: {}
[44.016235] (-) TimerEvent: {}
[44.116711] (-) TimerEvent: {}
[44.217100] (-) TimerEvent: {}
[44.317476] (-) TimerEvent: {}
[44.417893] (-) TimerEvent: {}
[44.518278] (-) TimerEvent: {}
[44.618683] (-) TimerEvent: {}
[44.719069] (-) TimerEvent: {}
[44.819522] (-) TimerEvent: {}
[44.919994] (-) TimerEvent: {}
[45.020713] (-) TimerEvent: {}
[45.121246] (-) TimerEvent: {}
[45.221657] (-) TimerEvent: {}
[45.322008] (-) TimerEvent: {}
[45.422440] (-) TimerEvent: {}
[45.522887] (-) TimerEvent: {}
[45.623319] (-) TimerEvent: {}
[45.723788] (-) TimerEvent: {}
[45.824181] (-) TimerEvent: {}
[45.924683] (-) TimerEvent: {}
[46.025112] (-) TimerEvent: {}
[46.125521] (-) TimerEvent: {}
[46.226037] (-) TimerEvent: {}
[46.326476] (-) TimerEvent: {}
[46.427788] (-) TimerEvent: {}
[46.528150] (-) TimerEvent: {}
[46.628509] (-) TimerEvent: {}
[46.728928] (-) TimerEvent: {}
[46.829532] (-) TimerEvent: {}
[46.930506] (-) TimerEvent: {}
[47.032506] (-) TimerEvent: {}
[47.132933] (-) TimerEvent: {}
[47.233322] (-) TimerEvent: {}
[47.333831] (-) TimerEvent: {}
[47.434221] (-) TimerEvent: {}
[47.534658] (-) TimerEvent: {}
[47.635100] (-) TimerEvent: {}
[47.735481] (-) TimerEvent: {}
[47.835862] (-) TimerEvent: {}
[47.936219] (-) TimerEvent: {}
[48.036641] (-) TimerEvent: {}
[48.137074] (-) TimerEvent: {}
[48.237506] (-) TimerEvent: {}
[48.337901] (-) TimerEvent: {}
[48.438262] (-) TimerEvent: {}
[48.538693] (-) TimerEvent: {}
[48.639115] (-) TimerEvent: {}
[48.739541] (-) TimerEvent: {}
[48.839964] (-) TimerEvent: {}
[48.940363] (-) TimerEvent: {}
[49.040798] (-) TimerEvent: {}
[49.141196] (-) TimerEvent: {}
[49.241591] (-) TimerEvent: {}
[49.341947] (-) TimerEvent: {}
[49.442676] (-) TimerEvent: {}
[49.543088] (-) TimerEvent: {}
[49.643617] (-) TimerEvent: {}
[49.743995] (-) TimerEvent: {}
[49.844340] (-) TimerEvent: {}
[49.944778] (-) TimerEvent: {}
[50.045209] (-) TimerEvent: {}
[50.145651] (-) TimerEvent: {}
[50.245997] (-) TimerEvent: {}
[50.346392] (-) TimerEvent: {}
[50.446819] (-) TimerEvent: {}
[50.547245] (-) TimerEvent: {}
[50.648115] (-) TimerEvent: {}
[50.748470] (-) TimerEvent: {}
[50.848961] (-) TimerEvent: {}
[50.950157] (-) TimerEvent: {}
[51.050657] (-) TimerEvent: {}
[51.151078] (-) TimerEvent: {}
[51.251476] (-) TimerEvent: {}
[51.351849] (-) TimerEvent: {}
[51.452267] (-) TimerEvent: {}
[51.552768] (-) TimerEvent: {}
[51.653156] (-) TimerEvent: {}
[51.753634] (-) TimerEvent: {}
[51.854010] (-) TimerEvent: {}
[51.954361] (-) TimerEvent: {}
[52.054824] (-) TimerEvent: {}
[52.155220] (-) TimerEvent: {}
[52.255812] (-) TimerEvent: {}
[52.356215] (-) TimerEvent: {}
[52.456628] (-) TimerEvent: {}
[52.557063] (-) TimerEvent: {}
[52.657429] (-) TimerEvent: {}
[52.757821] (-) TimerEvent: {}
[52.858176] (-) TimerEvent: {}
[52.958585] (-) TimerEvent: {}
[53.059017] (-) TimerEvent: {}
[53.159509] (-) TimerEvent: {}
[53.259872] (-) TimerEvent: {}
[53.360257] (-) TimerEvent: {}
[53.460843] (-) TimerEvent: {}
[53.561236] (-) TimerEvent: {}
[53.663380] (-) TimerEvent: {}
[53.763827] (-) TimerEvent: {}
[53.864179] (-) TimerEvent: {}
[53.964634] (-) TimerEvent: {}
[54.065069] (-) TimerEvent: {}
[54.165473] (-) TimerEvent: {}
[54.265849] (-) TimerEvent: {}
[54.366221] (-) TimerEvent: {}
[54.466607] (-) TimerEvent: {}
[54.567083] (-) TimerEvent: {}
[54.667470] (-) TimerEvent: {}
[54.767865] (-) TimerEvent: {}
[54.868246] (-) TimerEvent: {}
[54.968638] (-) TimerEvent: {}
[55.069054] (-) TimerEvent: {}
[55.169554] (-) TimerEvent: {}
[55.269950] (-) TimerEvent: {}
[55.370316] (-) TimerEvent: {}
[55.470763] (-) TimerEvent: {}
[55.571202] (-) TimerEvent: {}
[55.671639] (-) TimerEvent: {}
[55.772035] (-) TimerEvent: {}
[55.872400] (-) TimerEvent: {}
[55.972838] (-) TimerEvent: {}
[56.075971] (-) TimerEvent: {}
[56.177411] (-) TimerEvent: {}
[56.277811] (-) TimerEvent: {}
[56.378176] (-) TimerEvent: {}
[56.478538] (-) TimerEvent: {}
[56.578980] (-) TimerEvent: {}
[56.679468] (-) TimerEvent: {}
[56.779871] (-) TimerEvent: {}
[56.885349] (-) TimerEvent: {}
[56.985764] (-) TimerEvent: {}
[57.086133] (-) TimerEvent: {}
[57.186681] (-) TimerEvent: {}
[57.287397] (-) TimerEvent: {}
[57.387817] (-) TimerEvent: {}
[57.488167] (-) TimerEvent: {}
[57.588516] (-) TimerEvent: {}
[57.688949] (-) TimerEvent: {}
[57.789562] (-) TimerEvent: {}
[57.889923] (-) TimerEvent: {}
[57.990284] (-) TimerEvent: {}
[58.090767] (-) TimerEvent: {}
[58.191401] (-) TimerEvent: {}
[58.291784] (-) TimerEvent: {}
[58.394598] (-) TimerEvent: {}
[58.495021] (-) TimerEvent: {}
[58.595384] (-) TimerEvent: {}
[58.695828] (-) TimerEvent: {}
[58.796228] (-) TimerEvent: {}
[58.900261] (-) TimerEvent: {}
[59.000772] (-) TimerEvent: {}
[59.101142] (-) TimerEvent: {}
[59.201558] (-) TimerEvent: {}
[59.301962] (-) TimerEvent: {}
[59.402306] (-) TimerEvent: {}
[59.502721] (-) TimerEvent: {}
[59.603135] (-) TimerEvent: {}
[59.703582] (-) TimerEvent: {}
[59.803933] (-) TimerEvent: {}
[59.904284] (-) TimerEvent: {}
[60.004743] (-) TimerEvent: {}
[60.105226] (-) TimerEvent: {}
[60.205668] (-) TimerEvent: {}
[60.306141] (-) TimerEvent: {}
[60.406497] (-) TimerEvent: {}
[60.506935] (-) TimerEvent: {}
[60.607360] (-) TimerEvent: {}
[60.707907] (-) TimerEvent: {}
[60.808271] (-) TimerEvent: {}
[60.908626] (-) TimerEvent: {}
[61.009014] (-) TimerEvent: {}
[61.109548] (-) TimerEvent: {}
[61.209977] (-) TimerEvent: {}
[61.310333] (-) TimerEvent: {}
[61.410733] (-) TimerEvent: {}
[61.511135] (-) TimerEvent: {}
[61.611555] (-) TimerEvent: {}
[61.711946] (-) TimerEvent: {}
[61.812809] (-) TimerEvent: {}
[61.913153] (-) TimerEvent: {}
[62.013626] (-) TimerEvent: {}
[62.114062] (-) TimerEvent: {}
[62.214419] (-) TimerEvent: {}
[62.314920] (-) TimerEvent: {}
[62.415305] (-) TimerEvent: {}
[62.515731] (-) TimerEvent: {}
[62.616254] (-) TimerEvent: {}
[62.716733] (-) TimerEvent: {}
[62.817093] (-) TimerEvent: {}
[62.917535] (-) TimerEvent: {}
[63.017959] (-) TimerEvent: {}
[63.118307] (-) TimerEvent: {}
[63.218669] (-) TimerEvent: {}
[63.319110] (-) TimerEvent: {}
[63.419585] (-) TimerEvent: {}
[63.519974] (-) TimerEvent: {}
[63.620324] (-) TimerEvent: {}
[63.720786] (-) TimerEvent: {}
[63.821256] (-) TimerEvent: {}
[63.921619] (-) TimerEvent: {}
[64.021995] (-) TimerEvent: {}
[64.122340] (-) TimerEvent: {}
[64.222771] (-) TimerEvent: {}
[64.323242] (-) TimerEvent: {}
[64.423760] (-) TimerEvent: {}
[64.524110] (-) TimerEvent: {}
[64.625421] (-) TimerEvent: {}
[64.725848] (-) TimerEvent: {}
[64.826288] (-) TimerEvent: {}
[64.926718] (-) TimerEvent: {}
[65.027094] (-) TimerEvent: {}
[65.127498] (-) TimerEvent: {}
[65.227907] (-) TimerEvent: {}
[65.328262] (-) TimerEvent: {}
[65.428618] (-) TimerEvent: {}
[65.529019] (-) TimerEvent: {}
[65.629540] (-) TimerEvent: {}
[65.729968] (-) TimerEvent: {}
[65.830353] (-) TimerEvent: {}
[65.930741] (-) TimerEvent: {}
[66.031144] (-) TimerEvent: {}
[66.131713] (-) TimerEvent: {}
[66.232106] (-) TimerEvent: {}
[66.332824] (-) TimerEvent: {}
[66.433238] (-) TimerEvent: {}
[66.533686] (-) TimerEvent: {}
[66.634069] (-) TimerEvent: {}
[66.734459] (-) TimerEvent: {}
[66.834894] (-) TimerEvent: {}
[66.935312] (-) TimerEvent: {}
[67.035692] (-) TimerEvent: {}
[67.136051] (-) TimerEvent: {}
[67.236454] (-) TimerEvent: {}
[67.336885] (-) TimerEvent: {}
[67.437275] (-) TimerEvent: {}
[67.537753] (-) TimerEvent: {}
[67.638123] (-) TimerEvent: {}
[67.738482] (-) TimerEvent: {}
[67.839086] (-) TimerEvent: {}
[67.939476] (-) TimerEvent: {}
[68.039846] (-) TimerEvent: {}
[68.140240] (-) TimerEvent: {}
[68.240628] (-) TimerEvent: {}
[68.341067] (-) TimerEvent: {}
[68.441561] (-) TimerEvent: {}
[68.541960] (-) TimerEvent: {}
[68.642323] (-) TimerEvent: {}
[68.742753] (-) TimerEvent: {}
[68.843148] (-) TimerEvent: {}
[68.943615] (-) TimerEvent: {}
[69.044019] (-) TimerEvent: {}
[69.144370] (-) TimerEvent: {}
[69.244813] (-) TimerEvent: {}
[69.345305] (-) TimerEvent: {}
[69.445745] (-) TimerEvent: {}
[69.546126] (-) TimerEvent: {}
[69.646509] (-) TimerEvent: {}
[69.746973] (-) TimerEvent: {}
[69.847379] (-) TimerEvent: {}
[69.947832] (-) TimerEvent: {}
[70.048219] (-) TimerEvent: {}
[70.148614] (-) TimerEvent: {}
[70.249267] (-) TimerEvent: {}
[70.349814] (-) TimerEvent: {}
[70.450244] (-) TimerEvent: {}
[70.550663] (-) TimerEvent: {}
[70.651087] (-) TimerEvent: {}
[70.751570] (-) TimerEvent: {}
[70.851985] (-) TimerEvent: {}
[70.952379] (-) TimerEvent: {}
[71.052796] (-) TimerEvent: {}
[71.153189] (-) TimerEvent: {}
[71.253661] (-) TimerEvent: {}
[71.354056] (-) TimerEvent: {}
[71.454418] (-) TimerEvent: {}
[71.554822] (-) TimerEvent: {}
[71.655310] (-) TimerEvent: {}
[71.755730] (-) TimerEvent: {}
[71.856086] (-) TimerEvent: {}
[71.956441] (-) TimerEvent: {}
[72.056880] (-) TimerEvent: {}
[72.157356] (-) TimerEvent: {}
[72.257829] (-) TimerEvent: {}
[72.358178] (-) TimerEvent: {}
[72.458525] (-) TimerEvent: {}
[72.558916] (-) TimerEvent: {}
[72.659711] (-) TimerEvent: {}
[72.761116] (-) TimerEvent: {}
[72.861698] (-) TimerEvent: {}
[72.962036] (-) TimerEvent: {}
[73.063337] (-) TimerEvent: {}
[73.163711] (-) TimerEvent: {}
[73.264144] (-) TimerEvent: {}
[73.364492] (-) TimerEvent: {}
[73.464923] (-) TimerEvent: {}
[73.565344] (-) TimerEvent: {}
[73.665908] (-) TimerEvent: {}
[73.766268] (-) TimerEvent: {}
[73.866736] (-) TimerEvent: {}
[73.967171] (-) TimerEvent: {}
[74.067562] (-) TimerEvent: {}
[74.167993] (-) TimerEvent: {}
[74.268351] (-) TimerEvent: {}
[74.368720] (-) TimerEvent: {}
[74.469261] (-) TimerEvent: {}
[74.569753] (-) TimerEvent: {}
[74.670125] (-) TimerEvent: {}
[74.770499] (-) TimerEvent: {}
[74.870930] (-) TimerEvent: {}
[74.971358] (-) TimerEvent: {}
[75.071818] (-) TimerEvent: {}
[75.172772] (-) TimerEvent: {}
[75.274809] (-) TimerEvent: {}
[75.375229] (-) TimerEvent: {}
[75.475649] (-) TimerEvent: {}
[75.576028] (-) TimerEvent: {}
[75.676385] (-) TimerEvent: {}
[75.776818] (-) TimerEvent: {}
[75.877203] (-) TimerEvent: {}
[75.977693] (-) TimerEvent: {}
[76.078086] (-) TimerEvent: {}
[76.178437] (-) TimerEvent: {}
[76.278793] (-) TimerEvent: {}
[76.379214] (-) TimerEvent: {}
[76.479724] (-) TimerEvent: {}
[76.580082] (-) TimerEvent: {}
[76.680441] (-) TimerEvent: {}
[76.780879] (-) TimerEvent: {}
[76.881230] (-) TimerEvent: {}
[76.981631] (-) TimerEvent: {}
[77.081991] (-) TimerEvent: {}
[77.185961] (-) TimerEvent: {}
[77.286408] (-) TimerEvent: {}
[77.386827] (-) TimerEvent: {}
[77.487288] (-) TimerEvent: {}
[77.587688] (-) TimerEvent: {}
[77.688057] (-) TimerEvent: {}
[77.788430] (-) TimerEvent: {}
[77.888877] (-) TimerEvent: {}
[77.989434] (-) TimerEvent: {}
[78.089830] (-) TimerEvent: {}
[78.190221] (-) TimerEvent: {}
[78.290614] (-) TimerEvent: {}
[78.391094] (-) TimerEvent: {}
[78.491490] (-) TimerEvent: {}
[78.592013] (-) TimerEvent: {}
[78.692514] (-) TimerEvent: {}
[78.792961] (-) TimerEvent: {}
[78.893379] (-) TimerEvent: {}
[78.993900] (-) TimerEvent: {}
[79.094257] (-) TimerEvent: {}
[79.194755] (-) TimerEvent: {}
[79.295183] (-) TimerEvent: {}
[79.395648] (-) TimerEvent: {}
[79.496162] (-) TimerEvent: {}
[79.596603] (-) TimerEvent: {}
[79.697045] (-) TimerEvent: {}
[79.797513] (-) TimerEvent: {}
[79.897978] (-) TimerEvent: {}
[79.998461] (-) TimerEvent: {}
[80.098839] (-) TimerEvent: {}
[80.199366] (-) TimerEvent: {}
[80.299832] (-) TimerEvent: {}
[80.400183] (-) TimerEvent: {}
[80.501417] (-) TimerEvent: {}
[80.601882] (-) TimerEvent: {}
[80.702373] (-) TimerEvent: {}
[80.802940] (-) TimerEvent: {}
[80.903333] (-) TimerEvent: {}
[81.003736] (-) TimerEvent: {}
[81.104166] (-) TimerEvent: {}
[81.204557] (-) TimerEvent: {}
[81.306523] (-) TimerEvent: {}
[81.406962] (-) TimerEvent: {}
[81.507416] (-) TimerEvent: {}
[81.607957] (-) TimerEvent: {}
[81.711835] (-) TimerEvent: {}
[81.812273] (-) TimerEvent: {}
[81.912814] (-) TimerEvent: {}
[82.013238] (-) TimerEvent: {}
[82.113620] (-) TimerEvent: {}
[82.214115] (-) TimerEvent: {}
[82.314465] (-) TimerEvent: {}
[82.414973] (-) TimerEvent: {}
[82.515339] (-) TimerEvent: {}
[82.615760] (-) TimerEvent: {}
[82.716157] (-) TimerEvent: {}
[82.816528] (-) TimerEvent: {}
[82.916964] (-) TimerEvent: {}
[83.018719] (-) TimerEvent: {}
[83.119209] (-) TimerEvent: {}
[83.219690] (-) TimerEvent: {}
[83.320089] (-) TimerEvent: {}
[83.420447] (-) TimerEvent: {}
[83.520866] (-) TimerEvent: {}
[83.621287] (-) TimerEvent: {}
[83.721754] (-) TimerEvent: {}
[83.822114] (-) TimerEvent: {}
[83.922467] (-) TimerEvent: {}
[84.022853] (-) TimerEvent: {}
[84.123305] (-) TimerEvent: {}
[84.223699] (-) TimerEvent: {}
[84.324086] (-) TimerEvent: {}
[84.424443] (-) TimerEvent: {}
[84.524989] (-) TimerEvent: {}
[84.625387] (-) TimerEvent: {}
[84.725788] (-) TimerEvent: {}
[84.826144] (-) TimerEvent: {}
[84.926534] (-) TimerEvent: {}
[85.026954] (-) TimerEvent: {}
[85.127663] (-) TimerEvent: {}
[85.228025] (-) TimerEvent: {}
[85.328416] (-) TimerEvent: {}
[85.428837] (-) TimerEvent: {}
[85.529249] (-) TimerEvent: {}
[85.629800] (-) TimerEvent: {}
[85.730154] (-) TimerEvent: {}
[85.830514] (-) TimerEvent: {}
[85.930919] (-) TimerEvent: {}
[86.031349] (-) TimerEvent: {}
[86.131918] (-) TimerEvent: {}
[86.232280] (-) TimerEvent: {}
[86.332635] (-) TimerEvent: {}
[86.433143] (-) TimerEvent: {}
[86.533524] (-) TimerEvent: {}
[86.633915] (-) TimerEvent: {}
[86.734265] (-) TimerEvent: {}
[86.834641] (-) TimerEvent: {}
[86.935127] (-) TimerEvent: {}
[87.035527] (-) TimerEvent: {}
[87.135916] (-) TimerEvent: {}
[87.236721] (-) TimerEvent: {}
[87.337145] (-) TimerEvent: {}
[87.437551] (-) TimerEvent: {}
[87.537942] (-) TimerEvent: {}
[87.638294] (-) TimerEvent: {}
[87.741899] (-) TimerEvent: {}
[87.842395] (-) TimerEvent: {}
[87.942848] (-) TimerEvent: {}
[88.043282] (-) TimerEvent: {}
[88.143659] (-) TimerEvent: {}
[88.244086] (-) TimerEvent: {}
[88.344482] (-) TimerEvent: {}
[88.444884] (-) TimerEvent: {}
[88.545297] (-) TimerEvent: {}
[88.645632] (-) TimerEvent: {}
[88.747505] (-) TimerEvent: {}
[88.847892] (-) TimerEvent: {}
[88.949224] (-) TimerEvent: {}
[89.049627] (-) TimerEvent: {}
[89.150023] (-) TimerEvent: {}
[89.250389] (-) TimerEvent: {}
[89.351923] (-) TimerEvent: {}
[89.452283] (-) TimerEvent: {}
[89.552663] (-) TimerEvent: {}
[89.653285] (-) TimerEvent: {}
[89.753891] (-) TimerEvent: {}
[89.854288] (-) TimerEvent: {}
[89.954639] (-) TimerEvent: {}
[90.055058] (-) TimerEvent: {}
[90.155578] (-) TimerEvent: {}
[90.256138] (-) TimerEvent: {}
[90.356489] (-) TimerEvent: {}
[90.457711] (-) TimerEvent: {}
[90.558071] (-) TimerEvent: {}
[90.658426] (-) TimerEvent: {}
[90.758777] (-) TimerEvent: {}
[90.859120] (-) TimerEvent: {}
[90.959454] (-) TimerEvent: {}
[91.059791] (-) TimerEvent: {}
[91.160130] (-) TimerEvent: {}
[91.260479] (-) TimerEvent: {}
[91.360847] (-) TimerEvent: {}
[91.461222] (-) TimerEvent: {}
[91.561598] (-) TimerEvent: {}
[91.661966] (-) TimerEvent: {}
[91.762330] (-) TimerEvent: {}
[91.862690] (-) TimerEvent: {}
[91.963044] (-) TimerEvent: {}
[92.063410] (-) TimerEvent: {}
[92.163777] (-) TimerEvent: {}
[92.264136] (-) TimerEvent: {}
[92.364494] (-) TimerEvent: {}
[92.464846] (-) TimerEvent: {}
[92.565210] (-) TimerEvent: {}
[92.665589] (-) TimerEvent: {}
[92.765959] (-) TimerEvent: {}
[92.866318] (-) TimerEvent: {}
[92.966756] (-) TimerEvent: {}
[93.067115] (-) TimerEvent: {}
[93.167483] (-) TimerEvent: {}
[93.267855] (-) TimerEvent: {}
[93.368218] (-) TimerEvent: {}
[93.468584] (-) TimerEvent: {}
[93.568953] (-) TimerEvent: {}
[93.669329] (-) TimerEvent: {}
[93.769767] (-) TimerEvent: {}
[93.870180] (-) TimerEvent: {}
[93.970620] (-) TimerEvent: {}
[94.070978] (-) TimerEvent: {}
[94.171347] (-) TimerEvent: {}
[94.271723] (-) TimerEvent: {}
[94.372091] (-) TimerEvent: {}
[94.472879] (-) TimerEvent: {}
[94.573248] (-) TimerEvent: {}
[94.673629] (-) TimerEvent: {}
[94.773983] (-) TimerEvent: {}
[94.874339] (-) TimerEvent: {}
[94.974700] (-) TimerEvent: {}
[95.075063] (-) TimerEvent: {}
[95.175416] (-) TimerEvent: {}
[95.277324] (-) TimerEvent: {}
[95.377721] (-) TimerEvent: {}
[95.478075] (-) TimerEvent: {}
[95.578437] (-) TimerEvent: {}
[95.678784] (-) TimerEvent: {}
[95.779145] (-) TimerEvent: {}
[95.879512] (-) TimerEvent: {}
[95.979900] (-) TimerEvent: {}
[96.080274] (-) TimerEvent: {}
[96.180634] (-) TimerEvent: {}
[96.280986] (-) TimerEvent: {}
[96.381343] (-) TimerEvent: {}
[96.481784] (-) TimerEvent: {}
[96.582142] (-) TimerEvent: {}
[96.682509] (-) TimerEvent: {}
[96.782878] (-) TimerEvent: {}
[96.883206] (-) TimerEvent: {}
[96.983560] (-) TimerEvent: {}
[97.083955] (-) TimerEvent: {}
[97.184325] (-) TimerEvent: {}
[97.284692] (-) TimerEvent: {}
[97.385071] (-) TimerEvent: {}
[97.485490] (-) TimerEvent: {}
[97.585860] (-) TimerEvent: {}
[97.686223] (-) TimerEvent: {}
[97.786598] (-) TimerEvent: {}
[97.886959] (-) TimerEvent: {}
[97.987319] (-) TimerEvent: {}
[98.087689] (-) TimerEvent: {}
[98.188051] (-) TimerEvent: {}
[98.288420] (-) TimerEvent: {}
[98.388795] (-) TimerEvent: {}
[98.489170] (-) TimerEvent: {}
[98.589577] (-) TimerEvent: {}
[98.689950] (-) TimerEvent: {}
[98.790334] (-) TimerEvent: {}
[98.890719] (-) TimerEvent: {}
[98.991101] (-) TimerEvent: {}
[99.091481] (-) TimerEvent: {}
[99.191880] (-) TimerEvent: {}
[99.292256] (-) TimerEvent: {}
[99.392631] (-) TimerEvent: {}
[99.494146] (-) TimerEvent: {}
[99.594501] (-) TimerEvent: {}
[99.694852] (-) TimerEvent: {}
[99.796538] (-) TimerEvent: {}
[99.896890] (-) TimerEvent: {}
[99.997253] (-) TimerEvent: {}
[100.098594] (-) TimerEvent: {}
[100.198948] (-) TimerEvent: {}
[100.299312] (-) TimerEvent: {}
[100.399662] (-) TimerEvent: {}
[100.500028] (-) TimerEvent: {}
[100.600394] (-) TimerEvent: {}
[100.700810] (-) TimerEvent: {}
[100.801183] (-) TimerEvent: {}
[100.902026] (-) TimerEvent: {}
[101.002390] (-) TimerEvent: {}
[101.102755] (-) TimerEvent: {}
[101.203110] (-) TimerEvent: {}
[101.303482] (-) TimerEvent: {}
[101.403879] (-) TimerEvent: {}
[101.504230] (-) TimerEvent: {}
[101.604598] (-) TimerEvent: {}
[101.704953] (-) TimerEvent: {}
[101.805314] (-) TimerEvent: {}
[101.905749] (-) TimerEvent: {}
[102.006119] (-) TimerEvent: {}
[102.106482] (-) TimerEvent: {}
[102.206841] (-) TimerEvent: {}
[102.307204] (-) TimerEvent: {}
[102.407570] (-) TimerEvent: {}
[102.507919] (-) TimerEvent: {}
[102.608272] (-) TimerEvent: {}
[102.708621] (-) TimerEvent: {}
[102.808978] (-) TimerEvent: {}
[102.909308] (-) TimerEvent: {}
[103.009691] (-) TimerEvent: {}
[103.110056] (-) TimerEvent: {}
[103.210403] (-) TimerEvent: {}
[103.310762] (-) TimerEvent: {}
[103.411116] (-) TimerEvent: {}
[103.511467] (-) TimerEvent: {}
[103.611812] (-) TimerEvent: {}
[103.712724] (-) TimerEvent: {}
[103.813989] (-) TimerEvent: {}
[103.914761] (-) TimerEvent: {}
[104.015703] (-) TimerEvent: {}
[104.116043] (-) TimerEvent: {}
[104.217011] (-) TimerEvent: {}
[104.317352] (-) TimerEvent: {}
[104.417712] (-) TimerEvent: {}
[104.518046] (-) TimerEvent: {}
[104.618351] (-) TimerEvent: {}
[104.718624] (-) TimerEvent: {}
[104.818889] (-) TimerEvent: {}
[104.919194] (-) TimerEvent: {}
[105.019533] (-) TimerEvent: {}
[105.119867] (-) TimerEvent: {}
[105.220169] (-) TimerEvent: {}
[105.320444] (-) TimerEvent: {}
[105.420722] (-) TimerEvent: {}
[105.520989] (-) TimerEvent: {}
[105.621249] (-) TimerEvent: {}
[105.721534] (-) TimerEvent: {}
[105.821812] (-) TimerEvent: {}
[105.922079] (-) TimerEvent: {}
[106.022356] (-) TimerEvent: {}
[106.122633] (-) TimerEvent: {}
[106.222917] (-) TimerEvent: {}
[106.323185] (-) TimerEvent: {}
[106.423451] (-) TimerEvent: {}
[106.523750] (-) TimerEvent: {}
[106.624043] (-) TimerEvent: {}
[106.724323] (-) TimerEvent: {}
[106.824587] (-) TimerEvent: {}
[106.924846] (-) TimerEvent: {}
[107.025142] (-) TimerEvent: {}
[107.125427] (-) TimerEvent: {}
[107.225673] (-) TimerEvent: {}
[107.325962] (-) TimerEvent: {}
[107.426310] (-) TimerEvent: {}
[107.526659] (-) TimerEvent: {}
[107.627016] (-) TimerEvent: {}
[107.727379] (-) TimerEvent: {}
[107.827743] (-) TimerEvent: {}
[107.928100] (-) TimerEvent: {}
[108.028441] (-) TimerEvent: {}
[108.128745] (-) TimerEvent: {}
[108.229062] (-) TimerEvent: {}
[108.329404] (-) TimerEvent: {}
[108.429760] (-) TimerEvent: {}
[108.530069] (-) TimerEvent: {}
[108.630400] (-) TimerEvent: {}
[108.730747] (-) TimerEvent: {}
[108.831072] (-) TimerEvent: {}
[108.931362] (-) TimerEvent: {}
[109.031667] (-) TimerEvent: {}
[109.131948] (-) TimerEvent: {}
[109.232212] (-) TimerEvent: {}
[109.332531] (-) TimerEvent: {}
[109.434002] (-) TimerEvent: {}
[109.536791] (-) TimerEvent: {}
[109.637137] (-) TimerEvent: {}
[109.737500] (-) TimerEvent: {}
[109.837846] (-) TimerEvent: {}
[109.938269] (-) TimerEvent: {}
[110.038617] (-) TimerEvent: {}
[110.141590] (-) TimerEvent: {}
[110.241938] (-) TimerEvent: {}
[110.342285] (-) TimerEvent: {}
[110.442647] (-) TimerEvent: {}
[110.542999] (-) TimerEvent: {}
[110.643351] (-) TimerEvent: {}
[110.743707] (-) TimerEvent: {}
[110.844086] (-) TimerEvent: {}
[110.944458] (-) TimerEvent: {}
[111.044823] (-) TimerEvent: {}
[111.145189] (-) TimerEvent: {}
[111.245573] (-) TimerEvent: {}
[111.345873] (-) TimerEvent: {}
[111.446182] (-) TimerEvent: {}
[111.546527] (-) TimerEvent: {}
[111.646876] (-) TimerEvent: {}
[111.747234] (-) TimerEvent: {}
[111.847608] (-) TimerEvent: {}
[111.947964] (-) TimerEvent: {}
[112.048324] (-) TimerEvent: {}
[112.148687] (-) TimerEvent: {}
[112.249053] (-) TimerEvent: {}
[112.349423] (-) TimerEvent: {}
[112.450002] (-) TimerEvent: {}
[112.550368] (-) TimerEvent: {}
[112.650740] (-) TimerEvent: {}
[112.751113] (-) TimerEvent: {}
[112.851486] (-) TimerEvent: {}
[112.951849] (-) TimerEvent: {}
[113.052284] (-) TimerEvent: {}
[113.152658] (-) TimerEvent: {}
[113.253013] (-) TimerEvent: {}
[113.353357] (-) TimerEvent: {}
[113.453716] (-) TimerEvent: {}
[113.554361] (-) TimerEvent: {}
[113.654712] (-) TimerEvent: {}
[113.755059] (-) TimerEvent: {}
[113.855518] (-) TimerEvent: {}
[113.955884] (-) TimerEvent: {}
[114.056234] (-) TimerEvent: {}
[114.156562] (-) TimerEvent: {}
[114.257791] (-) TimerEvent: {}
[114.358136] (-) TimerEvent: {}
[114.458485] (-) TimerEvent: {}
[114.558874] (-) TimerEvent: {}
[114.659213] (-) TimerEvent: {}
[114.759573] (-) TimerEvent: {}
[114.859921] (-) TimerEvent: {}
[114.960285] (-) TimerEvent: {}
[115.060647] (-) TimerEvent: {}
[115.161006] (-) TimerEvent: {}
[115.261400] (-) TimerEvent: {}
[115.362000] (-) TimerEvent: {}
[115.462361] (-) TimerEvent: {}
[115.562705] (-) TimerEvent: {}
[115.663051] (-) TimerEvent: {}
[115.763397] (-) TimerEvent: {}
[115.863747] (-) TimerEvent: {}
[115.964091] (-) TimerEvent: {}
[116.064443] (-) TimerEvent: {}
[116.164807] (-) TimerEvent: {}
[116.265215] (-) TimerEvent: {}
[116.365585] (-) TimerEvent: {}
[116.465946] (-) TimerEvent: {}
[116.566305] (-) TimerEvent: {}
[116.666653] (-) TimerEvent: {}
[116.767023] (-) TimerEvent: {}
[116.867364] (-) TimerEvent: {}
[116.967716] (-) TimerEvent: {}
[117.068056] (-) TimerEvent: {}
[117.168408] (-) TimerEvent: {}
[117.268764] (-) TimerEvent: {}
[117.369118] (-) TimerEvent: {}
[117.469475] (-) TimerEvent: {}
[117.569820] (-) TimerEvent: {}
[117.670173] (-) TimerEvent: {}
[117.770535] (-) TimerEvent: {}
[117.871047] (-) TimerEvent: {}
[117.971412] (-) TimerEvent: {}
[118.071773] (-) TimerEvent: {}
[118.172143] (-) TimerEvent: {}
[118.272483] (-) TimerEvent: {}
[118.372823] (-) TimerEvent: {}
[118.473166] (-) TimerEvent: {}
[118.573519] (-) TimerEvent: {}
[118.673854] (-) TimerEvent: {}
[118.774191] (-) TimerEvent: {}
[118.874567] (-) TimerEvent: {}
[118.974926] (-) TimerEvent: {}
[119.075261] (-) TimerEvent: {}
[119.175606] (-) TimerEvent: {}
[119.275934] (-) TimerEvent: {}
[119.376266] (-) TimerEvent: {}
[119.476613] (-) TimerEvent: {}
[119.576951] (-) TimerEvent: {}
[119.677285] (-) TimerEvent: {}
[119.777637] (-) TimerEvent: {}
[119.877977] (-) TimerEvent: {}
[119.978321] (-) TimerEvent: {}
[120.078662] (-) TimerEvent: {}
[120.179004] (-) TimerEvent: {}
[120.279333] (-) TimerEvent: {}
[120.379672] (-) TimerEvent: {}
[120.480105] (-) TimerEvent: {}
[120.580445] (-) TimerEvent: {}
[120.680776] (-) TimerEvent: {}
[120.781093] (-) TimerEvent: {}
[120.881436] (-) TimerEvent: {}
[120.981775] (-) TimerEvent: {}
[121.082110] (-) TimerEvent: {}
[121.182447] (-) TimerEvent: {}
[121.282781] (-) TimerEvent: {}
[121.479615] (-) TimerEvent: {}
[121.579951] (-) TimerEvent: {}
[121.680276] (-) TimerEvent: {}
[121.780626] (-) TimerEvent: {}
[121.880985] (-) TimerEvent: {}
[121.981346] (-) TimerEvent: {}
[122.081680] (-) TimerEvent: {}
[122.182025] (-) TimerEvent: {}
[122.282359] (-) TimerEvent: {}
[122.382794] (-) TimerEvent: {}
[122.483130] (-) TimerEvent: {}
[122.583467] (-) TimerEvent: {}
[122.683810] (-) TimerEvent: {}
[122.784136] (-) TimerEvent: {}
[122.884520] (-) TimerEvent: {}
[122.984863] (-) TimerEvent: {}
[123.085223] (-) TimerEvent: {}
[123.185567] (-) TimerEvent: {}
[123.285892] (-) TimerEvent: {}
[123.386278] (-) TimerEvent: {}
[123.486620] (-) TimerEvent: {}
[123.586964] (-) TimerEvent: {}
[123.687295] (-) TimerEvent: {}
[123.787630] (-) TimerEvent: {}
[123.887962] (-) TimerEvent: {}
[123.988299] (-) TimerEvent: {}
[124.088641] (-) TimerEvent: {}
[124.188973] (-) TimerEvent: {}
[124.289298] (-) TimerEvent: {}
[124.389704] (-) TimerEvent: {}
[124.490040] (-) TimerEvent: {}
[124.590381] (-) TimerEvent: {}
[124.690704] (-) TimerEvent: {}
[124.791043] (-) TimerEvent: {}
[124.891394] (-) TimerEvent: {}
[124.991740] (-) TimerEvent: {}
[125.092083] (-) TimerEvent: {}
[125.192831] (-) TimerEvent: {}
[125.293180] (-) TimerEvent: {}
[125.393525] (-) TimerEvent: {}
[125.493896] (-) TimerEvent: {}
[125.594245] (-) TimerEvent: {}
[125.694581] (-) TimerEvent: {}
[125.794932] (-) TimerEvent: {}
[125.895276] (-) TimerEvent: {}
[125.996442] (-) TimerEvent: {}
[126.097045] (-) TimerEvent: {}
[126.197420] (-) TimerEvent: {}
[126.297753] (-) TimerEvent: {}
[126.398082] (-) TimerEvent: {}
[126.498414] (-) TimerEvent: {}
[126.598757] (-) TimerEvent: {}
[126.700059] (-) TimerEvent: {}
[126.800404] (-) TimerEvent: {}
[126.900730] (-) TimerEvent: {}
[127.001066] (-) TimerEvent: {}
[127.101408] (-) TimerEvent: {}
[127.201803] (-) TimerEvent: {}
[127.302133] (-) TimerEvent: {}
[127.402464] (-) TimerEvent: {}
[127.502802] (-) TimerEvent: {}
[127.603133] (-) TimerEvent: {}
[127.703462] (-) TimerEvent: {}
[127.803798] (-) TimerEvent: {}
[127.904133] (-) TimerEvent: {}
[128.004467] (-) TimerEvent: {}
[128.104798] (-) TimerEvent: {}
[128.205138] (-) TimerEvent: {}
[128.305492] (-) TimerEvent: {}
[128.405830] (-) TimerEvent: {}
[128.506169] (-) TimerEvent: {}
[128.606508] (-) TimerEvent: {}
[128.706856] (-) TimerEvent: {}
[128.807201] (-) TimerEvent: {}
[128.907541] (-) TimerEvent: {}
[129.007866] (-) TimerEvent: {}
[129.108197] (-) TimerEvent: {}
[129.208546] (-) TimerEvent: {}
[129.308878] (-) TimerEvent: {}
[129.409227] (-) TimerEvent: {}
[129.509591] (-) TimerEvent: {}
[129.609924] (-) TimerEvent: {}
[129.710273] (-) TimerEvent: {}
[129.810607] (-) TimerEvent: {}
[129.910940] (-) TimerEvent: {}
[130.011299] (-) TimerEvent: {}
[130.111657] (-) TimerEvent: {}
[130.212024] (-) TimerEvent: {}
[130.312661] (-) TimerEvent: {}
[130.413008] (-) TimerEvent: {}
[130.513356] (-) TimerEvent: {}
[130.613706] (-) TimerEvent: {}
[130.714050] (-) TimerEvent: {}
[130.814390] (-) TimerEvent: {}
[130.914736] (-) TimerEvent: {}
[131.015067] (-) TimerEvent: {}
[131.115404] (-) TimerEvent: {}
[131.215742] (-) TimerEvent: {}
[131.316077] (-) TimerEvent: {}
[131.416417] (-) TimerEvent: {}
[131.516753] (-) TimerEvent: {}
[131.617080] (-) TimerEvent: {}
[131.717422] (-) TimerEvent: {}
[131.873176] (-) TimerEvent: {}
[132.020848] (-) TimerEvent: {}
[132.121194] (-) TimerEvent: {}
[132.221548] (-) TimerEvent: {}
[132.321872] (-) TimerEvent: {}
[132.422199] (-) TimerEvent: {}
[132.522542] (-) TimerEvent: {}
[132.622879] (-) TimerEvent: {}
[132.723222] (-) TimerEvent: {}
[132.823571] (-) TimerEvent: {}
[132.923915] (-) TimerEvent: {}
[133.024258] (-) TimerEvent: {}
[133.124601] (-) TimerEvent: {}
[133.224951] (-) TimerEvent: {}
[133.325276] (-) TimerEvent: {}
[133.425618] (-) TimerEvent: {}
[133.525947] (-) TimerEvent: {}
[133.626280] (-) TimerEvent: {}
[133.726607] (-) TimerEvent: {}
[133.826936] (-) TimerEvent: {}
[133.927276] (-) TimerEvent: {}
[134.027598] (-) TimerEvent: {}
[134.127919] (-) TimerEvent: {}
[134.228241] (-) TimerEvent: {}
[134.328570] (-) TimerEvent: {}
[134.428904] (-) TimerEvent: {}
[134.529207] (-) TimerEvent: {}
[134.629496] (-) TimerEvent: {}
[134.729769] (-) TimerEvent: {}
[134.830015] (-) TimerEvent: {}
[134.930299] (-) TimerEvent: {}
[135.030554] (-) TimerEvent: {}
[135.130799] (-) TimerEvent: {}
[135.231094] (-) TimerEvent: {}
[135.331430] (-) TimerEvent: {}
[135.431783] (-) TimerEvent: {}
[135.532114] (-) TimerEvent: {}
[135.632449] (-) TimerEvent: {}
[135.732785] (-) TimerEvent: {}
[135.833179] (-) TimerEvent: {}
[135.933529] (-) TimerEvent: {}
[136.033869] (-) TimerEvent: {}
[136.134197] (-) TimerEvent: {}
[136.234517] (-) TimerEvent: {}
[136.334828] (-) TimerEvent: {}
[136.435123] (-) TimerEvent: {}
[136.535406] (-) TimerEvent: {}
[136.635733] (-) TimerEvent: {}
[136.736092] (-) TimerEvent: {}
[136.836439] (-) TimerEvent: {}
[136.936809] (-) TimerEvent: {}
[137.037162] (-) TimerEvent: {}
[137.137477] (-) TimerEvent: {}
[137.237753] (-) TimerEvent: {}
[137.338021] (-) TimerEvent: {}
[137.438249] (-) TimerEvent: {}
[137.538556] (-) TimerEvent: {}
[137.638897] (-) TimerEvent: {}
[137.739249] (-) TimerEvent: {}
[137.839596] (-) TimerEvent: {}
[137.939946] (-) TimerEvent: {}
[138.040298] (-) TimerEvent: {}
[138.140643] (-) TimerEvent: {}
[138.240941] (-) TimerEvent: {}
[138.341234] (-) TimerEvent: {}
[138.441583] (-) TimerEvent: {}
[138.542007] (-) TimerEvent: {}
[138.642350] (-) TimerEvent: {}
[138.742720] (-) TimerEvent: {}
[138.843135] (-) TimerEvent: {}
[138.943483] (-) TimerEvent: {}
[139.043829] (-) TimerEvent: {}
[139.144166] (-) TimerEvent: {}
[139.244525] (-) TimerEvent: {}
[139.344865] (-) TimerEvent: {}
[139.445209] (-) TimerEvent: {}
[139.545582] (-) TimerEvent: {}
[139.647266] (-) TimerEvent: {}
[139.750141] (-) TimerEvent: {}
[139.850493] (-) TimerEvent: {}
[139.951264] (-) TimerEvent: {}
[140.051980] (-) TimerEvent: {}
[140.152735] (-) TimerEvent: {}
[140.253074] (-) TimerEvent: {}
[140.353417] (-) TimerEvent: {}
[140.453775] (-) TimerEvent: {}
[140.554108] (-) TimerEvent: {}
[140.654594] (-) TimerEvent: {}
[140.755096] (-) TimerEvent: {}
[140.855441] (-) TimerEvent: {}
[140.955802] (-) TimerEvent: {}
[141.056135] (-) TimerEvent: {}
[141.156484] (-) TimerEvent: {}
[141.256822] (-) TimerEvent: {}
[141.357169] (-) TimerEvent: {}
[141.457551] (-) TimerEvent: {}
[141.557883] (-) TimerEvent: {}
[141.658225] (-) TimerEvent: {}
[141.758569] (-) TimerEvent: {}
[141.858917] (-) TimerEvent: {}
[141.959267] (-) TimerEvent: {}
[142.059624] (-) TimerEvent: {}
[142.160578] (-) TimerEvent: {}
[142.260921] (-) TimerEvent: {}
[142.361274] (-) TimerEvent: {}
[142.461633] (-) TimerEvent: {}
[142.561999] (-) TimerEvent: {}
[142.662362] (-) TimerEvent: {}
[142.762720] (-) TimerEvent: {}
[142.863075] (-) TimerEvent: {}
[142.963447] (-) TimerEvent: {}
[143.063784] (-) TimerEvent: {}
[143.164145] (-) TimerEvent: {}
[143.264525] (-) TimerEvent: {}
[143.364894] (-) TimerEvent: {}
[143.465256] (-) TimerEvent: {}
[143.565602] (-) TimerEvent: {}
[143.665962] (-) TimerEvent: {}
[143.766320] (-) TimerEvent: {}
[143.866681] (-) TimerEvent: {}
[143.967978] (-) TimerEvent: {}
[144.068324] (-) TimerEvent: {}
[144.168691] (-) TimerEvent: {}
[144.269059] (-) TimerEvent: {}
[144.369439] (-) TimerEvent: {}
[144.469823] (-) TimerEvent: {}
[144.570196] (-) TimerEvent: {}
[144.670566] (-) TimerEvent: {}
[144.770935] (-) TimerEvent: {}
[144.871297] (-) TimerEvent: {}
[144.971660] (-) TimerEvent: {}
[145.072021] (-) TimerEvent: {}
[145.172359] (-) TimerEvent: {}
[145.272723] (-) TimerEvent: {}
[145.373079] (-) TimerEvent: {}
[145.473414] (-) TimerEvent: {}
[145.573772] (-) TimerEvent: {}
[145.674129] (-) TimerEvent: {}
[145.774489] (-) TimerEvent: {}
[145.874835] (-) TimerEvent: {}
[145.975188] (-) TimerEvent: {}
[146.075535] (-) TimerEvent: {}
[146.175876] (-) TimerEvent: {}
[146.276235] (-) TimerEvent: {}
[146.376592] (-) TimerEvent: {}
[146.476932] (-) TimerEvent: {}
[146.577274] (-) TimerEvent: {}
[146.677622] (-) TimerEvent: {}
[146.777955] (-) TimerEvent: {}
[146.878294] (-) TimerEvent: {}
[146.978623] (-) TimerEvent: {}
[147.078969] (-) TimerEvent: {}
[147.179290] (-) TimerEvent: {}
[147.279615] (-) TimerEvent: {}
[147.379929] (-) TimerEvent: {}
[147.480238] (-) TimerEvent: {}
[147.580554] (-) TimerEvent: {}
[147.680865] (-) TimerEvent: {}
[147.781177] (-) TimerEvent: {}
[147.881508] (-) TimerEvent: {}
[147.981819] (-) TimerEvent: {}
[148.082153] (-) TimerEvent: {}
[148.182489] (-) TimerEvent: {}
[148.282828] (-) TimerEvent: {}
[148.383161] (-) TimerEvent: {}
[148.483500] (-) TimerEvent: {}
[148.583851] (-) TimerEvent: {}
[148.684241] (-) TimerEvent: {}
[148.784724] (-) TimerEvent: {}
[148.885076] (-) TimerEvent: {}
[148.985419] (-) TimerEvent: {}
[149.085770] (-) TimerEvent: {}
[149.186140] (-) TimerEvent: {}
[149.286488] (-) TimerEvent: {}
[149.386817] (-) TimerEvent: {}
[149.487152] (-) TimerEvent: {}
[149.587494] (-) TimerEvent: {}
[149.687852] (-) TimerEvent: {}
[149.788208] (-) TimerEvent: {}
[149.888549] (-) TimerEvent: {}
[149.988897] (-) TimerEvent: {}
[150.089252] (-) TimerEvent: {}
[150.189587] (-) TimerEvent: {}
[150.289947] (-) TimerEvent: {}
[150.390331] (-) TimerEvent: {}
[150.490678] (-) TimerEvent: {}
[150.591035] (-) TimerEvent: {}
[150.691400] (-) TimerEvent: {}
[150.791756] (-) TimerEvent: {}
[150.892131] (-) TimerEvent: {}
[150.992481] (-) TimerEvent: {}
[151.093720] (-) TimerEvent: {}
[151.194064] (-) TimerEvent: {}
[151.294507] (-) TimerEvent: {}
[151.394851] (-) TimerEvent: {}
[151.495229] (-) TimerEvent: {}
[151.595759] (-) TimerEvent: {}
[151.696112] (-) TimerEvent: {}
[151.796455] (-) TimerEvent: {}
[151.896837] (-) TimerEvent: {}
[151.997173] (-) TimerEvent: {}
[152.097576] (-) TimerEvent: {}
[152.197956] (-) TimerEvent: {}
[152.298334] (-) TimerEvent: {}
[152.398721] (-) TimerEvent: {}
[152.499094] (-) TimerEvent: {}
[152.599446] (-) TimerEvent: {}
[152.699862] (-) TimerEvent: {}
[152.800315] (-) TimerEvent: {}
[152.900738] (-) TimerEvent: {}
[153.001216] (-) TimerEvent: {}
[153.101618] (-) TimerEvent: {}
[153.201998] (-) TimerEvent: {}
[153.302389] (-) TimerEvent: {}
[153.402745] (-) TimerEvent: {}
[153.503087] (-) TimerEvent: {}
[153.603491] (-) TimerEvent: {}
[153.703899] (-) TimerEvent: {}
[153.804286] (-) TimerEvent: {}
[153.904708] (-) TimerEvent: {}
[154.005055] (-) TimerEvent: {}
[154.105522] (-) TimerEvent: {}
[154.205933] (-) TimerEvent: {}
[154.306345] (-) TimerEvent: {}
[154.406684] (-) TimerEvent: {}
[154.507033] (-) TimerEvent: {}
[154.607401] (-) TimerEvent: {}
[154.707798] (-) TimerEvent: {}
[154.808197] (-) TimerEvent: {}
[154.908597] (-) TimerEvent: {}
[155.008975] (-) TimerEvent: {}
[155.109377] (-) TimerEvent: {}
[155.209854] (-) TimerEvent: {}
[155.310404] (-) TimerEvent: {}
[155.410783] (-) TimerEvent: {}
[155.511136] (-) TimerEvent: {}
[155.611565] (-) TimerEvent: {}
[155.711988] (-) TimerEvent: {}
[155.812515] (-) TimerEvent: {}
[155.912887] (-) TimerEvent: {}
[156.013236] (-) TimerEvent: {}
[156.113759] (-) TimerEvent: {}
[156.214102] (-) TimerEvent: {}
[156.314514] (-) TimerEvent: {}
[156.414923] (-) TimerEvent: {}
[156.515321] (-) TimerEvent: {}
[156.615777] (-) TimerEvent: {}
[156.716115] (-) TimerEvent: {}
[156.816572] (-) TimerEvent: {}
[156.916917] (-) TimerEvent: {}
[157.017259] (-) TimerEvent: {}
[157.117761] (-) TimerEvent: {}
[157.218142] (-) TimerEvent: {}
[157.318527] (-) TimerEvent: {}
[157.418867] (-) TimerEvent: {}
[157.520226] (-) TimerEvent: {}
[157.620901] (-) TimerEvent: {}
[157.721229] (-) TimerEvent: {}
[157.822258] (-) TimerEvent: {}
[157.922820] (-) TimerEvent: {}
[158.023213] (-) TimerEvent: {}
[158.123648] (-) TimerEvent: {}
[158.224018] (-) TimerEvent: {}
[158.324399] (-) TimerEvent: {}
[158.424872] (-) TimerEvent: {}
[158.525250] (-) TimerEvent: {}
[158.625716] (-) TimerEvent: {}
[158.726080] (-) TimerEvent: {}
[158.826524] (-) TimerEvent: {}
[158.926881] (-) TimerEvent: {}
[159.027224] (-) TimerEvent: {}
[159.127633] (-) TimerEvent: {}
[159.228110] (-) TimerEvent: {}
[159.328524] (-) TimerEvent: {}
[159.428892] (-) TimerEvent: {}
[159.529207] (-) TimerEvent: {}
[159.629546] (-) TimerEvent: {}
[159.729991] (-) TimerEvent: {}
[159.830520] (-) TimerEvent: {}
[159.930870] (-) TimerEvent: {}
[160.031898] (-) TimerEvent: {}
[160.132467] (-) TimerEvent: {}
[160.232825] (-) TimerEvent: {}
[160.333206] (-) TimerEvent: {}
[160.433629] (-) TimerEvent: {}
[160.534038] (-) TimerEvent: {}
[160.634484] (-) TimerEvent: {}
[160.734971] (-) TimerEvent: {}
[160.835306] (-) TimerEvent: {}
[160.935817] (-) TimerEvent: {}
[161.036363] (-) TimerEvent: {}
[161.136746] (-) TimerEvent: {}
[161.237119] (-) TimerEvent: {}
[161.337797] (-) TimerEvent: {}
[161.438155] (-) TimerEvent: {}
[161.538549] (-) TimerEvent: {}
[161.638891] (-) TimerEvent: {}
[161.739271] (-) TimerEvent: {}
[161.839653] (-) TimerEvent: {}
[161.940056] (-) TimerEvent: {}
[162.040713] (-) TimerEvent: {}
[162.141215] (-) TimerEvent: {}
[162.241605] (-) TimerEvent: {}
[162.341985] (-) TimerEvent: {}
[162.442316] (-) TimerEvent: {}
[162.542685] (-) TimerEvent: {}
[162.643065] (-) TimerEvent: {}
[162.743479] (-) TimerEvent: {}
[162.844494] (-) TimerEvent: {}
[162.944845] (-) TimerEvent: {}
[163.045200] (-) TimerEvent: {}
[163.145675] (-) TimerEvent: {}
[163.246073] (-) TimerEvent: {}
[163.346478] (-) TimerEvent: {}
[163.446877] (-) TimerEvent: {}
[163.547280] (-) TimerEvent: {}
[163.647695] (-) TimerEvent: {}
[163.748109] (-) TimerEvent: {}
[163.848527] (-) TimerEvent: {}
[163.948934] (-) TimerEvent: {}
[164.049360] (-) TimerEvent: {}
[164.149819] (-) TimerEvent: {}
[164.250248] (-) TimerEvent: {}
[164.350705] (-) TimerEvent: {}
[164.451049] (-) TimerEvent: {}
[164.551450] (-) TimerEvent: {}
[164.651851] (-) TimerEvent: {}
[164.752301] (-) TimerEvent: {}
[164.852675] (-) TimerEvent: {}
[164.953062] (-) TimerEvent: {}
[165.053409] (-) TimerEvent: {}
[165.153825] (-) TimerEvent: {}
[165.254202] (-) TimerEvent: {}
[165.354702] (-) TimerEvent: {}
[165.455093] (-) TimerEvent: {}
[165.555450] (-) TimerEvent: {}
[165.655875] (-) TimerEvent: {}
[165.756306] (-) TimerEvent: {}
[165.856685] (-) TimerEvent: {}
[165.957033] (-) TimerEvent: {}
[166.057443] (-) TimerEvent: {}
[166.158051] (-) TimerEvent: {}
[166.258459] (-) TimerEvent: {}
[166.358865] (-) TimerEvent: {}
[166.459213] (-) TimerEvent: {}
[166.559562] (-) TimerEvent: {}
[166.659970] (-) TimerEvent: {}
[166.760577] (-) TimerEvent: {}
[166.860928] (-) TimerEvent: {}
[166.961282] (-) TimerEvent: {}
[167.061787] (-) TimerEvent: {}
[167.163061] (-) TimerEvent: {}
[167.263458] (-) TimerEvent: {}
[167.363871] (-) TimerEvent: {}
[167.464218] (-) TimerEvent: {}
[167.564614] (-) TimerEvent: {}
[167.665404] (-) TimerEvent: {}
[167.765935] (-) TimerEvent: {}
[167.866330] (-) TimerEvent: {}
[167.966691] (-) TimerEvent: {}
[168.067084] (-) TimerEvent: {}
[168.167503] (-) TimerEvent: {}
[168.267885] (-) TimerEvent: {}
[168.368247] (-) TimerEvent: {}
[168.468643] (-) TimerEvent: {}
[168.569022] (-) TimerEvent: {}
[168.669489] (-) TimerEvent: {}
[168.769960] (-) TimerEvent: {}
[168.870373] (-) TimerEvent: {}
[168.970812] (-) TimerEvent: {}
[169.071779] (-) TimerEvent: {}
[169.172385] (-) TimerEvent: {}
[169.272733] (-) TimerEvent: {}
[169.373078] (-) TimerEvent: {}
[169.473491] (-) TimerEvent: {}
[169.574005] (-) TimerEvent: {}
[169.674395] (-) TimerEvent: {}
[169.774745] (-) TimerEvent: {}
[169.875097] (-) TimerEvent: {}
[169.975509] (-) TimerEvent: {}
[170.075949] (-) TimerEvent: {}
[170.176328] (-) TimerEvent: {}
[170.276740] (-) TimerEvent: {}
[170.377155] (-) TimerEvent: {}
[170.477700] (-) TimerEvent: {}
[170.578112] (-) TimerEvent: {}
[170.678464] (-) TimerEvent: {}
[170.778816] (-) TimerEvent: {}
[170.879192] (-) TimerEvent: {}
[170.979583] (-) TimerEvent: {}
[171.079963] (-) TimerEvent: {}
[171.180403] (-) TimerEvent: {}
[171.280801] (-) TimerEvent: {}
[171.381741] (-) TimerEvent: {}
[171.482202] (-) TimerEvent: {}
[171.583115] (-) TimerEvent: {}
[171.683510] (-) TimerEvent: {}
[171.784013] (-) TimerEvent: {}
[171.884387] (-) TimerEvent: {}
[171.984790] (-) TimerEvent: {}
[172.085129] (-) TimerEvent: {}
[172.185692] (-) TimerEvent: {}
[172.288104] (-) TimerEvent: {}
[172.388745] (-) TimerEvent: {}
[172.489099] (-) TimerEvent: {}
[172.589463] (-) TimerEvent: {}
[172.689892] (-) TimerEvent: {}
[172.790522] (-) TimerEvent: {}
[172.890923] (-) TimerEvent: {}
[172.991870] (-) TimerEvent: {}
[173.092447] (-) TimerEvent: {}
[173.192802] (-) TimerEvent: {}
[173.293179] (-) TimerEvent: {}
[173.393560] (-) TimerEvent: {}
[173.493940] (-) TimerEvent: {}
[173.594274] (-) TimerEvent: {}
[173.694674] (-) TimerEvent: {}
[173.795034] (-) TimerEvent: {}
[173.897734] (-) TimerEvent: {}
[173.998112] (-) TimerEvent: {}
[174.098478] (-) TimerEvent: {}
[174.198823] (-) TimerEvent: {}
[174.299216] (-) TimerEvent: {}
[174.399820] (-) TimerEvent: {}
[174.500283] (-) TimerEvent: {}
[174.600676] (-) TimerEvent: {}
[174.701046] (-) TimerEvent: {}
[174.802137] (-) TimerEvent: {}
[174.902627] (-) TimerEvent: {}
[175.002983] (-) TimerEvent: {}
[175.103382] (-) TimerEvent: {}
[175.203798] (-) TimerEvent: {}
[175.304253] (-) TimerEvent: {}
[175.404676] (-) TimerEvent: {}
[175.504993] (-) TimerEvent: {}
[175.605325] (-) TimerEvent: {}
[175.705788] (-) TimerEvent: {}
[175.806177] (-) TimerEvent: {}
[175.906574] (-) TimerEvent: {}
[176.007065] (-) TimerEvent: {}
[176.107470] (-) TimerEvent: {}
[176.207817] (-) TimerEvent: {}
[176.308193] (-) TimerEvent: {}
[176.408639] (-) TimerEvent: {}
[176.509031] (-) TimerEvent: {}
[176.609429] (-) TimerEvent: {}
[176.709842] (-) TimerEvent: {}
[176.810274] (-) TimerEvent: {}
[176.910700] (-) TimerEvent: {}
[177.011080] (-) TimerEvent: {}
[177.111460] (-) TimerEvent: {}
[177.211871] (-) TimerEvent: {}
[177.312331] (-) TimerEvent: {}
[177.412812] (-) TimerEvent: {}
[177.514458] (-) TimerEvent: {}
[177.614850] (-) TimerEvent: {}
[177.715190] (-) TimerEvent: {}
[177.816194] (-) TimerEvent: {}
[177.916581] (-) TimerEvent: {}
[178.016953] (-) TimerEvent: {}
[178.117293] (-) TimerEvent: {}
[178.217702] (-) TimerEvent: {}
[178.318119] (-) TimerEvent: {}
[178.418564] (-) TimerEvent: {}
[178.518933] (-) TimerEvent: {}
[178.619267] (-) TimerEvent: {}
[178.719636] (-) TimerEvent: {}
[178.820105] (-) TimerEvent: {}
[178.920626] (-) TimerEvent: {}
[179.021040] (-) TimerEvent: {}
[179.121435] (-) TimerEvent: {}
[179.222396] (-) TimerEvent: {}
[179.322802] (-) TimerEvent: {}
[179.423165] (-) TimerEvent: {}
[179.523692] (-) TimerEvent: {}
[179.624108] (-) TimerEvent: {}
[179.724487] (-) TimerEvent: {}
[179.824911] (-) TimerEvent: {}
[179.925294] (-) TimerEvent: {}
[180.025733] (-) TimerEvent: {}
[180.126158] (-) TimerEvent: {}
[180.226566] (-) TimerEvent: {}
[180.326943] (-) TimerEvent: {}
[180.427287] (-) TimerEvent: {}
[180.527734] (-) TimerEvent: {}
[180.628151] (-) TimerEvent: {}
[180.728578] (-) TimerEvent: {}
[180.828991] (-) TimerEvent: {}
[180.929346] (-) TimerEvent: {}
[181.029728] (-) TimerEvent: {}
[181.130158] (-) TimerEvent: {}
[181.230646] (-) TimerEvent: {}
[181.332185] (-) TimerEvent: {}
[181.432568] (-) TimerEvent: {}
[181.532992] (-) TimerEvent: {}
[181.633345] (-) TimerEvent: {}
[181.733829] (-) TimerEvent: {}
[181.834273] (-) TimerEvent: {}
[181.934676] (-) TimerEvent: {}
[182.010073] (pcd_ndt_localization) StdoutLine: {'line': b'[100%] Linking CXX executable pcd_ndt_localizer\n'}
[182.034858] (-) TimerEvent: {}
[182.135204] (-) TimerEvent: {}
[182.235572] (-) TimerEvent: {}
[182.336008] (-) TimerEvent: {}
[182.436346] (-) TimerEvent: {}
[182.536754] (-) TimerEvent: {}
[182.637083] (-) TimerEvent: {}
[182.737424] (-) TimerEvent: {}
[182.837926] (-) TimerEvent: {}
[182.938296] (-) TimerEvent: {}
[183.038683] (-) TimerEvent: {}
[183.139083] (-) TimerEvent: {}
[183.239425] (-) TimerEvent: {}
[183.339800] (-) TimerEvent: {}
[183.440283] (-) TimerEvent: {}
[183.540709] (-) TimerEvent: {}
[183.641140] (-) TimerEvent: {}
[183.741551] (-) TimerEvent: {}
[183.842030] (-) TimerEvent: {}
[183.942387] (-) TimerEvent: {}
[184.042930] (-) TimerEvent: {}
[184.143309] (-) TimerEvent: {}
[184.243780] (-) TimerEvent: {}
[184.344123] (-) TimerEvent: {}
[184.444587] (-) TimerEvent: {}
[184.544979] (-) TimerEvent: {}
[184.645383] (-) TimerEvent: {}
[184.745836] (-) TimerEvent: {}
[184.846298] (-) TimerEvent: {}
[184.946727] (-) TimerEvent: {}
[185.047102] (-) TimerEvent: {}
[185.147461] (-) TimerEvent: {}
[185.248690] (-) TimerEvent: {}
[185.349085] (-) TimerEvent: {}
[185.449489] (-) TimerEvent: {}
[185.549967] (-) TimerEvent: {}
[185.650412] (-) TimerEvent: {}
[185.750875] (-) TimerEvent: {}
[185.851235] (-) TimerEvent: {}
[185.951939] (-) TimerEvent: {}
[186.052319] (-) TimerEvent: {}
[186.152778] (-) TimerEvent: {}
[186.253292] (-) TimerEvent: {}
[186.354080] (-) TimerEvent: {}
[186.454474] (-) TimerEvent: {}
[186.554864] (-) TimerEvent: {}
[186.655804] (-) TimerEvent: {}
[186.756256] (-) TimerEvent: {}
[186.856667] (-) TimerEvent: {}
[186.957062] (-) TimerEvent: {}
[187.057387] (-) TimerEvent: {}
[187.157786] (-) TimerEvent: {}
[187.258388] (-) TimerEvent: {}
[187.358772] (-) TimerEvent: {}
[187.459122] (-) TimerEvent: {}
[187.559459] (-) TimerEvent: {}
[187.660055] (-) TimerEvent: {}
[187.760599] (-) TimerEvent: {}
[187.830702] (pcd_ndt_localization) StdoutLine: {'line': b'[100%] Built target pcd_ndt_localizer\n'}
[187.845279] (pcd_ndt_localization) CommandEnded: {'returncode': 0}
[187.854709] (pcd_ndt_localization) JobProgress: {'identifier': 'pcd_ndt_localization', 'progress': 'install'}
[187.860784] (-) TimerEvent: {}
[187.865789] (pcd_ndt_localization) Command: {'cmd': ['/usr/local/bin/cmake', '--install', '/home/seeed/ros2/ws/build/pcd_ndt_localization'], 'cwd': '/home/seeed/ros2/ws/build/pcd_ndt_localization', 'env': OrderedDict([('LANGUAGE', 'zh_CN:en'), ('USER', 'seeed'), ('SSH_CLIENT', '10.200.24.83 44179 22'), ('LC_TIME', 'zh_CN.UTF-8'), ('XDG_SESSION_TYPE', 'tty'), ('SHLVL', '0'), ('LD_LIBRARY_PATH', '/opt/ros/humble/opt/rviz_ogre_vendor/lib:/opt/ros/humble/lib/aarch64-linux-gnu:/opt/ros/humble/lib'), ('MOTD_SHOWN', 'pam'), ('HOME', '/home/seeed'), ('OLDPWD', '/home/seeed'), ('ROS_PYTHON_VERSION', '3'), ('LC_MONETARY', 'zh_CN.UTF-8'), ('LC_CTYPE', 'C.UTF-8'), ('DBUS_SESSION_BUS_ADDRESS', 'unix:path=/run/user/1000/bus'), ('ROS_DISTRO', 'humble'), ('LOGNAME', 'seeed'), ('_', '/usr/bin/colcon'), ('ROS_VERSION', '2'), ('XDG_SESSION_CLASS', 'user'), ('XDG_SESSION_ID', '185'), ('ROS_LOCALHOST_ONLY', '0'), ('PATH', '/opt/ros/humble/bin:/usr/local/sbin:/usr/local/bin:/usr/sbin:/usr/bin:/sbin:/bin:/usr/games:/usr/local/games:/snap/bin'), ('PAPERSIZE', 'a4'), ('LC_ADDRESS', 'zh_CN.UTF-8'), ('XDG_RUNTIME_DIR', '/run/user/1000'), ('DISPLAY', 'localhost:10.0'), ('LANG', 'zh_CN.UTF-8'), ('LC_TELEPHONE', 'zh_CN.UTF-8'), ('AMENT_PREFIX_PATH', '/opt/ros/humble'), ('SHELL', '/bin/bash'), ('LC_NAME', 'zh_CN.UTF-8'), ('LC_MEASUREMENT', 'zh_CN.UTF-8'), ('LC_IDENTIFICATION', 'zh_CN.UTF-8'), ('PWD', '/home/seeed/ros2/ws/build/pcd_ndt_localization'), ('LC_ALL', 'en_US.UTF-8'), ('SSH_CONNECTION', '10.200.24.83 44179 10.200.54.207 22'), ('PYTHONPATH', '/opt/ros/humble/lib/python3.10/site-packages:/opt/ros/humble/local/lib/python3.10/dist-packages'), ('LC_NUMERIC', 'zh_CN.UTF-8'), ('LC_PAPER', 'zh_CN.UTF-8'), ('COLCON', '1'), ('CMAKE_PREFIX_PATH', '/opt/ros/humble')]), 'shell': False}
[187.883977] (pcd_ndt_localization) StdoutLine: {'line': b'-- Install configuration: "Release"\n'}
[187.891931] (pcd_ndt_localization) StdoutLine: {'line': b'-- Execute custom install script\n'}
[187.892402] (pcd_ndt_localization) StdoutLine: {'line': b'-- Up-to-date symlink: /home/seeed/ros2/ws/install/pcd_ndt_localization/lib/pcd_ndt_localization/pcd_ndt_localizer\n'}
[187.892597] (pcd_ndt_localization) StdoutLine: {'line': b'-- Up-to-date symlink: /home/seeed/ros2/ws/install/pcd_ndt_localization/lib/pcd_ndt_localization/pcd_occupancy_grid_publisher\n'}
[187.895886] (pcd_ndt_localization) StdoutLine: {'line': b'-- Up-to-date symlink: /home/seeed/ros2/ws/install/pcd_ndt_localization/share/pcd_ndt_localization/config/ndt_localization.yaml\n'}
[187.897482] (pcd_ndt_localization) StdoutLine: {'line': b'-- Up-to-date symlink: /home/seeed/ros2/ws/install/pcd_ndt_localization/share/pcd_ndt_localization/launch/localization.launch.py\n'}
[187.899294] (pcd_ndt_localization) StdoutLine: {'line': b'-- Up-to-date symlink: /home/seeed/ros2/ws/install/pcd_ndt_localization/share/ament_index/resource_index/package_run_dependencies/pcd_ndt_localization\n'}
[187.901169] (pcd_ndt_localization) StdoutLine: {'line': b'-- Up-to-date symlink: /home/seeed/ros2/ws/install/pcd_ndt_localization/share/ament_index/resource_index/parent_prefix_path/pcd_ndt_localization\n'}
[187.902932] (pcd_ndt_localization) StdoutLine: {'line': b'-- Up-to-date symlink: /home/seeed/ros2/ws/install/pcd_ndt_localization/share/pcd_ndt_localization/environment/ament_prefix_path.sh\n'}
[187.904848] (pcd_ndt_localization) StdoutLine: {'line': b'-- Up-to-date symlink: /home/seeed/ros2/ws/install/pcd_ndt_localization/share/pcd_ndt_localization/environment/ament_prefix_path.dsv\n'}
[187.906176] (pcd_ndt_localization) StdoutLine: {'line': b'-- Up-to-date symlink: /home/seeed/ros2/ws/install/pcd_ndt_localization/share/pcd_ndt_localization/environment/path.sh\n'}
[187.907523] (pcd_ndt_localization) StdoutLine: {'line': b'-- Up-to-date symlink: /home/seeed/ros2/ws/install/pcd_ndt_localization/share/pcd_ndt_localization/environment/path.dsv\n'}
[187.908999] (pcd_ndt_localization) StdoutLine: {'line': b'-- Up-to-date symlink: /home/seeed/ros2/ws/install/pcd_ndt_localization/share/pcd_ndt_localization/local_setup.bash\n'}
[187.910976] (pcd_ndt_localization) StdoutLine: {'line': b'-- Up-to-date symlink: /home/seeed/ros2/ws/install/pcd_ndt_localization/share/pcd_ndt_localization/local_setup.sh\n'}
[187.913495] (pcd_ndt_localization) StdoutLine: {'line': b'-- Up-to-date symlink: /home/seeed/ros2/ws/install/pcd_ndt_localization/share/pcd_ndt_localization/local_setup.zsh\n'}
[187.913841] (pcd_ndt_localization) StdoutLine: {'line': b'-- Up-to-date symlink: /home/seeed/ros2/ws/install/pcd_ndt_localization/share/pcd_ndt_localization/local_setup.dsv\n'}
[187.914870] (pcd_ndt_localization) StdoutLine: {'line': b'-- Symlinking: /home/seeed/ros2/ws/install/pcd_ndt_localization/share/pcd_ndt_localization/package.dsv\n'}
[187.924934] (pcd_ndt_localization) StdoutLine: {'line': b'-- Up-to-date symlink: /home/seeed/ros2/ws/install/pcd_ndt_localization/share/ament_index/resource_index/packages/pcd_ndt_localization\n'}
[187.926228] (pcd_ndt_localization) StdoutLine: {'line': b'-- Up-to-date symlink: /home/seeed/ros2/ws/install/pcd_ndt_localization/share/pcd_ndt_localization/cmake/pcd_ndt_localizationConfig.cmake\n'}
[187.927183] (pcd_ndt_localization) StdoutLine: {'line': b'-- Up-to-date symlink: /home/seeed/ros2/ws/install/pcd_ndt_localization/share/pcd_ndt_localization/cmake/pcd_ndt_localizationConfig-version.cmake\n'}
[187.928245] (pcd_ndt_localization) StdoutLine: {'line': b'-- Up-to-date symlink: /home/seeed/ros2/ws/install/pcd_ndt_localization/share/pcd_ndt_localization/package.xml\n'}
[187.933559] (pcd_ndt_localization) CommandEnded: {'returncode': 0}
[187.961151] (-) TimerEvent: {}
[188.046319] (pcd_ndt_localization) JobEnded: {'identifier': 'pcd_ndt_localization', 'rc': 0}
[188.049515] (-) EventReactorShutdown: {}
