[0.000000] (-) TimerEvent: {}
[0.000163] (-) JobUnselected: {'identifier': 'fast_lio'}
[0.000269] (-) JobUnselected: {'identifier': 'livox_ros_driver2'}
[0.000354] (-) JobUnselected: {'identifier': 'nav_tf_bridge'}
[0.000433] (-) JobUnselected: {'identifier': 'ranger_base'}
[0.000506] (-) JobUnselected: {'identifier': 'ranger_bringup'}
[0.000619] (-) JobUnselected: {'identifier': 'ranger_msgs'}
[0.000692] (-) JobUnselected: {'identifier': 'ugv_sdk'}
[0.000849] (-) JobUnselected: {'identifier': 'vikit_common'}
[0.000928] (-) JobUnselected: {'identifier': 'vikit_ros'}
[0.000974] (pcd_ndt_localization) JobQueued: {'identifier': 'pcd_ndt_localization', 'dependencies': OrderedDict()}
[0.001025] (pcd_ndt_localization) JobStarted: {'identifier': 'pcd_ndt_localization'}
[0.015842] (pcd_ndt_localization) JobProgress: {'identifier': 'pcd_ndt_localization', 'progress': 'cmake'}
[0.017927] (pcd_ndt_localization) JobProgress: {'identifier': 'pcd_ndt_localization', 'progress': 'build'}
[0.019642] (pcd_ndt_localization) Command: {'cmd': ['/usr/local/bin/cmake', '--build', '/home/seeed/ros2/ws/build/pcd_ndt_localization', '--', '-j6', '-l6'], 'cwd': '/home/seeed/ros2/ws/build/pcd_ndt_localization', 'env': OrderedDict([('LANGUAGE', 'zh_CN:en'), ('USER', 'seeed'), ('SSH_CLIENT', '192.168.1.101 42895 22'), ('LC_TIME', 'zh_CN.UTF-8'), ('XDG_SESSION_TYPE', 'tty'), ('SHLVL', '0'), ('LD_LIBRARY_PATH', '/opt/ros/humble/opt/rviz_ogre_vendor/lib:/opt/ros/humble/lib/aarch64-linux-gnu:/opt/ros/humble/lib'), ('MOTD_SHOWN', 'pam'), ('HOME', '/home/seeed'), ('OLDPWD', '/home/seeed'), ('ROS_PYTHON_VERSION', '3'), ('LC_MONETARY', 'zh_CN.UTF-8'), ('LC_CTYPE', 'C.UTF-8'), ('DBUS_SESSION_BUS_ADDRESS', 'unix:path=/run/user/1000/bus'), ('ROS_DISTRO', 'humble'), ('LOGNAME', 'seeed'), ('_', '/usr/bin/colcon'), ('ROS_VERSION', '2'), ('XDG_SESSION_CLASS', 'user'), ('XDG_SESSION_ID', '483'), ('ROS_LOCALHOST_ONLY', '0'), ('PATH', '/opt/ros/humble/bin:/usr/local/sbin:/usr/local/bin:/usr/sbin:/usr/bin:/sbin:/bin:/usr/games:/usr/local/games:/snap/bin'), ('PAPERSIZE', 'a4'), ('LC_ADDRESS', 'zh_CN.UTF-8'), ('XDG_RUNTIME_DIR', '/run/user/1000'), ('DISPLAY', 'localhost:12.0'), ('LANG', 'zh_CN.UTF-8'), ('LC_TELEPHONE', 'zh_CN.UTF-8'), ('AMENT_PREFIX_PATH', '/opt/ros/humble'), ('SHELL', '/bin/bash'), ('LC_NAME', 'zh_CN.UTF-8'), ('LC_MEASUREMENT', 'zh_CN.UTF-8'), ('LC_IDENTIFICATION', 'zh_CN.UTF-8'), ('PWD', '/home/seeed/ros2/ws/build/pcd_ndt_localization'), ('LC_ALL', 'en_US.UTF-8'), ('SSH_CONNECTION', '192.168.1.101 42895 192.168.1.104 22'), ('XDG_DATA_DIRS', '/usr/share/gnome:/usr/local/share:/usr/share:/var/lib/snapd/desktop'), ('PYTHONPATH', '/opt/ros/humble/lib/python3.10/site-packages:/opt/ros/humble/local/lib/python3.10/dist-packages'), ('LC_NUMERIC', 'zh_CN.UTF-8'), ('LC_PAPER', 'zh_CN.UTF-8'), ('COLCON', '1'), ('CMAKE_PREFIX_PATH', '/opt/ros/humble')]), 'shell': False}
[0.091037] (pcd_ndt_localization) StdoutLine: {'line': b'[ 50%] Built target pcd_occupancy_grid_publisher\n'}
[0.098100] (-) TimerEvent: {}
[0.147311] (pcd_ndt_localization) StdoutLine: {'line': b'[ 75%] Building CXX object CMakeFiles/pcd_ndt_localizer.dir/src/pcd_ndt_localizer.cpp.o\n'}
[0.198306] (-) TimerEvent: {}
[0.298640] (-) TimerEvent: {}
[0.398978] (-) TimerEvent: {}
[0.499322] (-) TimerEvent: {}
[0.599618] (-) TimerEvent: {}
[0.699902] (-) TimerEvent: {}
[0.800186] (-) TimerEvent: {}
[0.900590] (-) TimerEvent: {}
[1.001168] (-) TimerEvent: {}
[1.101567] (-) TimerEvent: {}
[1.201928] (-) TimerEvent: {}
[1.302324] (-) TimerEvent: {}
[1.402708] (-) TimerEvent: {}
[1.503057] (-) TimerEvent: {}
[1.603427] (-) TimerEvent: {}
[1.703846] (-) TimerEvent: {}
[1.804195] (-) TimerEvent: {}
[1.904517] (-) TimerEvent: {}
[2.004958] (-) TimerEvent: {}
[2.105362] (-) TimerEvent: {}
[2.205801] (-) TimerEvent: {}
[2.306195] (-) TimerEvent: {}
[2.406593] (-) TimerEvent: {}
[2.506973] (-) TimerEvent: {}
[2.607296] (-) TimerEvent: {}
[2.707627] (-) TimerEvent: {}
[2.808005] (-) TimerEvent: {}
[2.908361] (-) TimerEvent: {}
[3.008713] (-) TimerEvent: {}
[3.109058] (-) TimerEvent: {}
[3.209442] (-) TimerEvent: {}
[3.309896] (-) TimerEvent: {}
[3.410220] (-) TimerEvent: {}
[3.510531] (-) TimerEvent: {}
[3.610977] (-) TimerEvent: {}
[3.711365] (-) TimerEvent: {}
[3.811727] (-) TimerEvent: {}
[3.912118] (-) TimerEvent: {}
[4.012482] (-) TimerEvent: {}
[4.112882] (-) TimerEvent: {}
[4.213313] (-) TimerEvent: {}
[4.313774] (-) TimerEvent: {}
[4.414149] (-) TimerEvent: {}
[4.514508] (-) TimerEvent: {}
[4.614853] (-) TimerEvent: {}
[4.715195] (-) TimerEvent: {}
[4.815503] (-) TimerEvent: {}
[4.915852] (-) TimerEvent: {}
[5.016183] (-) TimerEvent: {}
[5.116587] (-) TimerEvent: {}
[5.217041] (-) TimerEvent: {}
[5.317422] (-) TimerEvent: {}
[5.417806] (-) TimerEvent: {}
[5.518134] (-) TimerEvent: {}
[5.618516] (-) TimerEvent: {}
[5.718970] (-) TimerEvent: {}
[5.819393] (-) TimerEvent: {}
[5.919730] (-) TimerEvent: {}
[6.020068] (-) TimerEvent: {}
[6.120425] (-) TimerEvent: {}
[6.220851] (-) TimerEvent: {}
[6.321246] (-) TimerEvent: {}
[6.421703] (-) TimerEvent: {}
[6.522044] (-) TimerEvent: {}
[6.622368] (-) TimerEvent: {}
[6.722755] (-) TimerEvent: {}
[6.823070] (-) TimerEvent: {}
[6.923385] (-) TimerEvent: {}
[7.023730] (-) TimerEvent: {}
[7.124123] (-) TimerEvent: {}
[7.224508] (-) TimerEvent: {}
[7.324938] (-) TimerEvent: {}
[7.425403] (-) TimerEvent: {}
[7.525826] (-) TimerEvent: {}
[7.626161] (-) TimerEvent: {}
[7.726532] (-) TimerEvent: {}
[7.827006] (-) TimerEvent: {}
[7.927470] (-) TimerEvent: {}
[8.027865] (-) TimerEvent: {}
[8.128256] (-) TimerEvent: {}
[8.228633] (-) TimerEvent: {}
[8.329092] (-) TimerEvent: {}
[8.429531] (-) TimerEvent: {}
[8.529865] (-) TimerEvent: {}
[8.630191] (-) TimerEvent: {}
[8.730547] (-) TimerEvent: {}
[8.830884] (-) TimerEvent: {}
[8.931238] (-) TimerEvent: {}
[9.031586] (-) TimerEvent: {}
[9.131912] (-) TimerEvent: {}
[9.232233] (-) TimerEvent: {}
[9.332621] (-) TimerEvent: {}
[9.433059] (-) TimerEvent: {}
[9.533422] (-) TimerEvent: {}
[9.633768] (-) TimerEvent: {}
[9.734091] (-) TimerEvent: {}
[9.834398] (-) TimerEvent: {}
[9.934707] (-) TimerEvent: {}
[10.035045] (-) TimerEvent: {}
[10.135435] (-) TimerEvent: {}
[10.235916] (-) TimerEvent: {}
[10.336353] (-) TimerEvent: {}
[10.436819] (-) TimerEvent: {}
[10.537254] (-) TimerEvent: {}
[10.637617] (-) TimerEvent: {}
[10.737978] (-) TimerEvent: {}
[10.838347] (-) TimerEvent: {}
[10.938696] (-) TimerEvent: {}
[11.039049] (-) TimerEvent: {}
[11.139424] (-) TimerEvent: {}
[11.239742] (-) TimerEvent: {}
[11.340085] (-) TimerEvent: {}
[11.440452] (-) TimerEvent: {}
[11.540871] (-) TimerEvent: {}
[11.641235] (-) TimerEvent: {}
[11.741623] (-) TimerEvent: {}
[11.841993] (-) TimerEvent: {}
[11.942320] (-) TimerEvent: {}
[12.042721] (-) TimerEvent: {}
[12.143173] (-) TimerEvent: {}
[12.243556] (-) TimerEvent: {}
[12.343952] (-) TimerEvent: {}
[12.444325] (-) TimerEvent: {}
[12.544726] (-) TimerEvent: {}
[12.645123] (-) TimerEvent: {}
[12.745441] (-) TimerEvent: {}
[12.845795] (-) TimerEvent: {}
[12.946122] (-) TimerEvent: {}
[13.046438] (-) TimerEvent: {}
[13.146792] (-) TimerEvent: {}
[13.247147] (-) TimerEvent: {}
[13.347540] (-) TimerEvent: {}
[13.447989] (-) TimerEvent: {}
[13.548365] (-) TimerEvent: {}
[13.648693] (-) TimerEvent: {}
[13.749066] (-) TimerEvent: {}
[13.849445] (-) TimerEvent: {}
[13.949783] (-) TimerEvent: {}
[14.050149] (-) TimerEvent: {}
[14.150582] (-) TimerEvent: {}
[14.251015] (-) TimerEvent: {}
[14.351392] (-) TimerEvent: {}
[14.451795] (-) TimerEvent: {}
[14.552189] (-) TimerEvent: {}
[14.652557] (-) TimerEvent: {}
[14.752914] (-) TimerEvent: {}
[14.853269] (-) TimerEvent: {}
[14.953646] (-) TimerEvent: {}
[15.053950] (-) TimerEvent: {}
[15.154261] (-) TimerEvent: {}
[15.254573] (-) TimerEvent: {}
[15.355005] (-) TimerEvent: {}
[15.455439] (-) TimerEvent: {}
[15.555823] (-) TimerEvent: {}
[15.656305] (-) TimerEvent: {}
[15.756759] (-) TimerEvent: {}
[15.857189] (-) TimerEvent: {}
[15.957547] (-) TimerEvent: {}
[16.057872] (-) TimerEvent: {}
[16.158230] (-) TimerEvent: {}
[16.258645] (-) TimerEvent: {}
[16.359058] (-) TimerEvent: {}
[16.459489] (-) TimerEvent: {}
[16.559935] (-) TimerEvent: {}
[16.660373] (-) TimerEvent: {}
[16.760703] (-) TimerEvent: {}
[16.861113] (-) TimerEvent: {}
[16.961491] (-) TimerEvent: {}
[17.061802] (-) TimerEvent: {}
[17.162118] (-) TimerEvent: {}
[17.262427] (-) TimerEvent: {}
[17.362888] (-) TimerEvent: {}
[17.463297] (-) TimerEvent: {}
[17.563686] (-) TimerEvent: {}
[17.664074] (-) TimerEvent: {}
[17.764409] (-) TimerEvent: {}
[17.864808] (-) TimerEvent: {}
[17.965261] (-) TimerEvent: {}
[18.065661] (-) TimerEvent: {}
[18.166046] (-) TimerEvent: {}
[18.266442] (-) TimerEvent: {}
[18.366820] (-) TimerEvent: {}
[18.467152] (-) TimerEvent: {}
[18.567597] (-) TimerEvent: {}
[18.667988] (-) TimerEvent: {}
[18.768319] (-) TimerEvent: {}
[18.868639] (-) TimerEvent: {}
[18.969025] (-) TimerEvent: {}
[19.069423] (-) TimerEvent: {}
[19.169740] (-) TimerEvent: {}
[19.270050] (-) TimerEvent: {}
[19.370406] (-) TimerEvent: {}
[19.470818] (-) TimerEvent: {}
[19.571184] (-) TimerEvent: {}
[19.671622] (-) TimerEvent: {}
[19.772009] (-) TimerEvent: {}
[19.872378] (-) TimerEvent: {}
[19.972783] (-) TimerEvent: {}
[20.073130] (-) TimerEvent: {}
[20.173521] (-) TimerEvent: {}
[20.273932] (-) TimerEvent: {}
[20.374263] (-) TimerEvent: {}
[20.474635] (-) TimerEvent: {}
[20.575154] (-) TimerEvent: {}
[20.675569] (-) TimerEvent: {}
[20.775966] (-) TimerEvent: {}
[20.876298] (-) TimerEvent: {}
[20.976639] (-) TimerEvent: {}
[21.076978] (-) TimerEvent: {}
[21.177345] (-) TimerEvent: {}
[21.277690] (-) TimerEvent: {}
[21.378008] (-) TimerEvent: {}
[21.478320] (-) TimerEvent: {}
[21.578639] (-) TimerEvent: {}
[21.679061] (-) TimerEvent: {}
[21.779482] (-) TimerEvent: {}
[21.879811] (-) TimerEvent: {}
[21.980147] (-) TimerEvent: {}
[22.080460] (-) TimerEvent: {}
[22.180854] (-) TimerEvent: {}
[22.281332] (-) TimerEvent: {}
[22.381796] (-) TimerEvent: {}
[22.482227] (-) TimerEvent: {}
[22.582639] (-) TimerEvent: {}
[22.683083] (-) TimerEvent: {}
[22.783466] (-) TimerEvent: {}
[22.883832] (-) TimerEvent: {}
[22.984181] (-) TimerEvent: {}
[23.084548] (-) TimerEvent: {}
[23.184900] (-) TimerEvent: {}
[23.285259] (-) TimerEvent: {}
[23.385680] (-) TimerEvent: {}
[23.486047] (-) TimerEvent: {}
[23.586378] (-) TimerEvent: {}
[23.686778] (-) TimerEvent: {}
[23.787212] (-) TimerEvent: {}
[23.887626] (-) TimerEvent: {}
[23.987976] (-) TimerEvent: {}
[24.088321] (-) TimerEvent: {}
[24.188765] (-) TimerEvent: {}
[24.289115] (-) TimerEvent: {}
[24.389497] (-) TimerEvent: {}
[24.489835] (-) TimerEvent: {}
[24.590156] (-) TimerEvent: {}
[24.690515] (-) TimerEvent: {}
[24.790929] (-) TimerEvent: {}
[24.891319] (-) TimerEvent: {}
[24.991639] (-) TimerEvent: {}
[25.091968] (-) TimerEvent: {}
[25.192268] (-) TimerEvent: {}
[25.292571] (-) TimerEvent: {}
[25.392963] (-) TimerEvent: {}
[25.493377] (-) TimerEvent: {}
[25.593774] (-) TimerEvent: {}
[25.694169] (-) TimerEvent: {}
[25.794545] (-) TimerEvent: {}
[25.894970] (-) TimerEvent: {}
[25.995349] (-) TimerEvent: {}
[26.095736] (-) TimerEvent: {}
[26.196149] (-) TimerEvent: {}
[26.296493] (-) TimerEvent: {}
[26.396882] (-) TimerEvent: {}
[26.497230] (-) TimerEvent: {}
[26.597606] (-) TimerEvent: {}
[26.698038] (-) TimerEvent: {}
[26.798414] (-) TimerEvent: {}
[26.898797] (-) TimerEvent: {}
[26.999170] (-) TimerEvent: {}
[27.099523] (-) TimerEvent: {}
[27.199902] (-) TimerEvent: {}
[27.300214] (-) TimerEvent: {}
[27.400529] (-) TimerEvent: {}
[27.500911] (-) TimerEvent: {}
[27.601258] (-) TimerEvent: {}
[27.701604] (-) TimerEvent: {}
[27.801988] (-) TimerEvent: {}
[27.902365] (-) TimerEvent: {}
[28.002726] (-) TimerEvent: {}
[28.103081] (-) TimerEvent: {}
[28.203500] (-) TimerEvent: {}
[28.303898] (-) TimerEvent: {}
[28.404254] (-) TimerEvent: {}
[28.504628] (-) TimerEvent: {}
[28.605033] (-) TimerEvent: {}
[28.705354] (-) TimerEvent: {}
[28.805745] (-) TimerEvent: {}
[28.906151] (-) TimerEvent: {}
[29.006475] (-) TimerEvent: {}
[29.106797] (-) TimerEvent: {}
[29.207154] (-) TimerEvent: {}
[29.307475] (-) TimerEvent: {}
[29.407801] (-) TimerEvent: {}
[29.508140] (-) TimerEvent: {}
[29.608457] (-) TimerEvent: {}
[29.708770] (-) TimerEvent: {}
[29.809191] (-) TimerEvent: {}
[29.909651] (-) TimerEvent: {}
[30.009945] (-) TimerEvent: {}
[30.110321] (-) TimerEvent: {}
[30.210683] (-) TimerEvent: {}
[30.311056] (-) TimerEvent: {}
[30.411421] (-) TimerEvent: {}
[30.511734] (-) TimerEvent: {}
[30.612064] (-) TimerEvent: {}
[30.712427] (-) TimerEvent: {}
[30.812805] (-) TimerEvent: {}
[30.913252] (-) TimerEvent: {}
[31.013708] (-) TimerEvent: {}
[31.114042] (-) TimerEvent: {}
[31.214364] (-) TimerEvent: {}
[31.314760] (-) TimerEvent: {}
[31.415163] (-) TimerEvent: {}
[31.515596] (-) TimerEvent: {}
[31.616021] (-) TimerEvent: {}
[31.716398] (-) TimerEvent: {}
[31.816847] (-) TimerEvent: {}
[31.917349] (-) TimerEvent: {}
[32.017725] (-) TimerEvent: {}
[32.118133] (-) TimerEvent: {}
[32.218514] (-) TimerEvent: {}
[32.318838] (-) TimerEvent: {}
[32.419221] (-) TimerEvent: {}
[32.519578] (-) TimerEvent: {}
[32.619909] (-) TimerEvent: {}
[32.720292] (-) TimerEvent: {}
[32.820679] (-) TimerEvent: {}
[32.921140] (-) TimerEvent: {}
[33.021517] (-) TimerEvent: {}
[33.121848] (-) TimerEvent: {}
[33.222208] (-) TimerEvent: {}
[33.322526] (-) TimerEvent: {}
[33.422840] (-) TimerEvent: {}
[33.523188] (-) TimerEvent: {}
[33.623512] (-) TimerEvent: {}
[33.723850] (-) TimerEvent: {}
[33.824229] (-) TimerEvent: {}
[33.924678] (-) TimerEvent: {}
[34.025111] (-) TimerEvent: {}
[34.125474] (-) TimerEvent: {}
[34.225835] (-) TimerEvent: {}
[34.326192] (-) TimerEvent: {}
[34.426555] (-) TimerEvent: {}
[34.526952] (-) TimerEvent: {}
[34.627354] (-) TimerEvent: {}
[34.727684] (-) TimerEvent: {}
[34.828055] (-) TimerEvent: {}
[34.928405] (-) TimerEvent: {}
[35.028859] (-) TimerEvent: {}
[35.129301] (-) TimerEvent: {}
[35.229671] (-) TimerEvent: {}
[35.330003] (-) TimerEvent: {}
[35.430376] (-) TimerEvent: {}
[35.530825] (-) TimerEvent: {}
[35.631283] (-) TimerEvent: {}
[35.731729] (-) TimerEvent: {}
[35.832173] (-) TimerEvent: {}
[35.932605] (-) TimerEvent: {}
[36.033137] (-) TimerEvent: {}
[36.133592] (-) TimerEvent: {}
[36.234060] (-) TimerEvent: {}
[36.334439] (-) TimerEvent: {}
[36.434833] (-) TimerEvent: {}
[36.535226] (-) TimerEvent: {}
[36.635584] (-) TimerEvent: {}
[36.735931] (-) TimerEvent: {}
[36.836302] (-) TimerEvent: {}
[36.936734] (-) TimerEvent: {}
[37.037155] (-) TimerEvent: {}
[37.137543] (-) TimerEvent: {}
[37.237919] (-) TimerEvent: {}
[37.338291] (-) TimerEvent: {}
[37.438672] (-) TimerEvent: {}
[37.539048] (-) TimerEvent: {}
[37.639382] (-) TimerEvent: {}
[37.739775] (-) TimerEvent: {}
[37.840111] (-) TimerEvent: {}
[37.940430] (-) TimerEvent: {}
[38.040835] (-) TimerEvent: {}
[38.141282] (-) TimerEvent: {}
[38.241759] (-) TimerEvent: {}
[38.342132] (-) TimerEvent: {}
[38.442517] (-) TimerEvent: {}
[38.542984] (-) TimerEvent: {}
[38.643326] (-) TimerEvent: {}
[38.743684] (-) TimerEvent: {}
[38.844009] (-) TimerEvent: {}
[38.944321] (-) TimerEvent: {}
[39.044721] (-) TimerEvent: {}
[39.145170] (-) TimerEvent: {}
[39.245514] (-) TimerEvent: {}
[39.345855] (-) TimerEvent: {}
[39.446171] (-) TimerEvent: {}
[39.546476] (-) TimerEvent: {}
[39.646809] (-) TimerEvent: {}
[39.747209] (-) TimerEvent: {}
[39.847658] (-) TimerEvent: {}
[39.947992] (-) TimerEvent: {}
[40.048361] (-) TimerEvent: {}
[40.148827] (-) TimerEvent: {}
[40.249230] (-) TimerEvent: {}
[40.349642] (-) TimerEvent: {}
[40.450070] (-) TimerEvent: {}
[40.550402] (-) TimerEvent: {}
[40.650757] (-) TimerEvent: {}
[40.751193] (-) TimerEvent: {}
[40.851602] (-) TimerEvent: {}
[40.952003] (-) TimerEvent: {}
[41.052343] (-) TimerEvent: {}
[41.152742] (-) TimerEvent: {}
[41.253184] (-) TimerEvent: {}
[41.353602] (-) TimerEvent: {}
[41.454058] (-) TimerEvent: {}
[41.554470] (-) TimerEvent: {}
[41.654902] (-) TimerEvent: {}
[41.755370] (-) TimerEvent: {}
[41.855753] (-) TimerEvent: {}
[41.956175] (-) TimerEvent: {}
[42.056558] (-) TimerEvent: {}
[42.156945] (-) TimerEvent: {}
[42.257365] (-) TimerEvent: {}
[42.357690] (-) TimerEvent: {}
[42.458032] (-) TimerEvent: {}
[42.558353] (-) TimerEvent: {}
[42.658685] (-) TimerEvent: {}
[42.759071] (-) TimerEvent: {}
[42.859406] (-) TimerEvent: {}
[42.960013] (-) TimerEvent: {}
[43.060398] (-) TimerEvent: {}
[43.160777] (-) TimerEvent: {}
[43.261311] (-) TimerEvent: {}
[43.361738] (-) TimerEvent: {}
[43.462071] (-) TimerEvent: {}
[43.562389] (-) TimerEvent: {}
[43.662742] (-) TimerEvent: {}
[43.763123] (-) TimerEvent: {}
[43.863505] (-) TimerEvent: {}
[43.963863] (-) TimerEvent: {}
[44.064185] (-) TimerEvent: {}
[44.164527] (-) TimerEvent: {}
[44.264962] (-) TimerEvent: {}
[44.365322] (-) TimerEvent: {}
[44.465636] (-) TimerEvent: {}
[44.565995] (-) TimerEvent: {}
[44.666311] (-) TimerEvent: {}
[44.766630] (-) TimerEvent: {}
[44.866955] (-) TimerEvent: {}
[44.967325] (-) TimerEvent: {}
[45.067635] (-) TimerEvent: {}
[45.168023] (-) TimerEvent: {}
[45.268383] (-) TimerEvent: {}
[45.368697] (-) TimerEvent: {}
[45.469041] (-) TimerEvent: {}
[45.569383] (-) TimerEvent: {}
[45.669756] (-) TimerEvent: {}
[45.770096] (-) TimerEvent: {}
[45.870455] (-) TimerEvent: {}
[45.970789] (-) TimerEvent: {}
[46.071177] (-) TimerEvent: {}
[46.171620] (-) TimerEvent: {}
[46.272042] (-) TimerEvent: {}
[46.372447] (-) TimerEvent: {}
[46.472902] (-) TimerEvent: {}
[46.573331] (-) TimerEvent: {}
[46.673692] (-) TimerEvent: {}
[46.774083] (-) TimerEvent: {}
[46.874493] (-) TimerEvent: {}
[46.974870] (-) TimerEvent: {}
[47.075302] (-) TimerEvent: {}
[47.175755] (-) TimerEvent: {}
[47.276174] (-) TimerEvent: {}
[47.376542] (-) TimerEvent: {}
[47.476856] (-) TimerEvent: {}
[47.577259] (-) TimerEvent: {}
[47.677660] (-) TimerEvent: {}
[47.778109] (-) TimerEvent: {}
[47.878522] (-) TimerEvent: {}
[47.978966] (-) TimerEvent: {}
[48.079399] (-) TimerEvent: {}
[48.179916] (-) TimerEvent: {}
[48.280365] (-) TimerEvent: {}
[48.380753] (-) TimerEvent: {}
[48.481129] (-) TimerEvent: {}
[48.581495] (-) TimerEvent: {}
[48.681811] (-) TimerEvent: {}
[48.782133] (-) TimerEvent: {}
[48.882505] (-) TimerEvent: {}
[48.982912] (-) TimerEvent: {}
[49.083285] (-) TimerEvent: {}
[49.183603] (-) TimerEvent: {}
[49.283982] (-) TimerEvent: {}
[49.384349] (-) TimerEvent: {}
[49.484724] (-) TimerEvent: {}
[49.585193] (-) TimerEvent: {}
[49.685520] (-) TimerEvent: {}
[49.785867] (-) TimerEvent: {}
[49.886185] (-) TimerEvent: {}
[49.986511] (-) TimerEvent: {}
[50.086894] (-) TimerEvent: {}
[50.187327] (-) TimerEvent: {}
[50.287769] (-) TimerEvent: {}
[50.388161] (-) TimerEvent: {}
[50.488479] (-) TimerEvent: {}
[50.588784] (-) TimerEvent: {}
[50.689154] (-) TimerEvent: {}
[50.789469] (-) TimerEvent: {}
[50.889826] (-) TimerEvent: {}
[50.990132] (-) TimerEvent: {}
[51.090432] (-) TimerEvent: {}
[51.190832] (-) TimerEvent: {}
[51.291280] (-) TimerEvent: {}
[51.391637] (-) TimerEvent: {}
[51.492002] (-) TimerEvent: {}
[51.592323] (-) TimerEvent: {}
[51.692632] (-) TimerEvent: {}
[51.792977] (-) TimerEvent: {}
[51.893381] (-) TimerEvent: {}
[51.993694] (-) TimerEvent: {}
[52.094071] (-) TimerEvent: {}
[52.194489] (-) TimerEvent: {}
[52.294935] (-) TimerEvent: {}
[52.395371] (-) TimerEvent: {}
[52.495774] (-) TimerEvent: {}
[52.596151] (-) TimerEvent: {}
[52.696475] (-) TimerEvent: {}
[52.796801] (-) TimerEvent: {}
[52.897212] (-) TimerEvent: {}
[52.997644] (-) TimerEvent: {}
[53.098055] (-) TimerEvent: {}
[53.198420] (-) TimerEvent: {}
[53.298804] (-) TimerEvent: {}
[53.399221] (-) TimerEvent: {}
[53.499684] (-) TimerEvent: {}
[53.600114] (-) TimerEvent: {}
[53.700541] (-) TimerEvent: {}
[53.800961] (-) TimerEvent: {}
[53.901317] (-) TimerEvent: {}
[54.001670] (-) TimerEvent: {}
[54.102135] (-) TimerEvent: {}
[54.202571] (-) TimerEvent: {}
[54.303023] (-) TimerEvent: {}
[54.403442] (-) TimerEvent: {}
[54.503842] (-) TimerEvent: {}
[54.604277] (-) TimerEvent: {}
[54.704665] (-) TimerEvent: {}
[54.805046] (-) TimerEvent: {}
[54.905408] (-) TimerEvent: {}
[55.005731] (-) TimerEvent: {}
[55.106172] (-) TimerEvent: {}
[55.206556] (-) TimerEvent: {}
[55.306935] (-) TimerEvent: {}
[55.407396] (-) TimerEvent: {}
[55.507857] (-) TimerEvent: {}
[55.608273] (-) TimerEvent: {}
[55.708610] (-) TimerEvent: {}
[55.809020] (-) TimerEvent: {}
[55.909448] (-) TimerEvent: {}
[56.009821] (-) TimerEvent: {}
[56.110230] (-) TimerEvent: {}
[56.210602] (-) TimerEvent: {}
[56.311043] (-) TimerEvent: {}
[56.411479] (-) TimerEvent: {}
[56.511841] (-) TimerEvent: {}
[56.612327] (-) TimerEvent: {}
[56.712655] (-) TimerEvent: {}
[56.812972] (-) TimerEvent: {}
[56.913322] (-) TimerEvent: {}
[57.013680] (-) TimerEvent: {}
[57.114108] (-) TimerEvent: {}
[57.214504] (-) TimerEvent: {}
[57.314878] (-) TimerEvent: {}
[57.415285] (-) TimerEvent: {}
[57.515660] (-) TimerEvent: {}
[57.616106] (-) TimerEvent: {}
[57.716450] (-) TimerEvent: {}
[57.816876] (-) TimerEvent: {}
[57.917323] (-) TimerEvent: {}
[58.017701] (-) TimerEvent: {}
[58.118050] (-) TimerEvent: {}
[58.218405] (-) TimerEvent: {}
[58.318758] (-) TimerEvent: {}
[58.419163] (-) TimerEvent: {}
[58.519546] (-) TimerEvent: {}
[58.619969] (-) TimerEvent: {}
[58.720282] (-) TimerEvent: {}
[58.820646] (-) TimerEvent: {}
[58.921070] (-) TimerEvent: {}
[59.021464] (-) TimerEvent: {}
[59.121811] (-) TimerEvent: {}
[59.222162] (-) TimerEvent: {}
[59.322498] (-) TimerEvent: {}
[59.422928] (-) TimerEvent: {}
[59.523380] (-) TimerEvent: {}
[59.623846] (-) TimerEvent: {}
[59.724281] (-) TimerEvent: {}
[59.824697] (-) TimerEvent: {}
[59.925146] (-) TimerEvent: {}
[60.025413] (-) TimerEvent: {}
[60.125672] (-) TimerEvent: {}
[60.225929] (-) TimerEvent: {}
[60.326150] (-) TimerEvent: {}
[60.426364] (-) TimerEvent: {}
[60.526615] (-) TimerEvent: {}
[60.626904] (-) TimerEvent: {}
[60.727219] (-) TimerEvent: {}
[60.827452] (-) TimerEvent: {}
[60.927680] (-) TimerEvent: {}
[61.027928] (-) TimerEvent: {}
[61.128128] (-) TimerEvent: {}
[61.228329] (-) TimerEvent: {}
[61.328541] (-) TimerEvent: {}
[61.428793] (-) TimerEvent: {}
[61.529033] (-) TimerEvent: {}
[61.629407] (-) TimerEvent: {}
[61.729768] (-) TimerEvent: {}
[61.830055] (-) TimerEvent: {}
[61.930289] (-) TimerEvent: {}
[62.030513] (-) TimerEvent: {}
[62.130759] (-) TimerEvent: {}
[62.231070] (-) TimerEvent: {}
[62.331291] (-) TimerEvent: {}
[62.431557] (-) TimerEvent: {}
[62.531821] (-) TimerEvent: {}
[62.632112] (-) TimerEvent: {}
[62.732410] (-) TimerEvent: {}
[62.832661] (-) TimerEvent: {}
[62.932924] (-) TimerEvent: {}
[63.033160] (-) TimerEvent: {}
[63.133385] (-) TimerEvent: {}
[63.233611] (-) TimerEvent: {}
[63.333903] (-) TimerEvent: {}
[63.434164] (-) TimerEvent: {}
[63.534404] (-) TimerEvent: {}
[63.634667] (-) TimerEvent: {}
[63.734975] (-) TimerEvent: {}
[63.835301] (-) TimerEvent: {}
[63.935529] (-) TimerEvent: {}
[64.035746] (-) TimerEvent: {}
[64.136014] (-) TimerEvent: {}
[64.236250] (-) TimerEvent: {}
[64.336464] (-) TimerEvent: {}
[64.436662] (-) TimerEvent: {}
[64.536904] (-) TimerEvent: {}
[64.637162] (-) TimerEvent: {}
[64.737505] (-) TimerEvent: {}
[64.837736] (-) TimerEvent: {}
[64.937958] (-) TimerEvent: {}
[65.038178] (-) TimerEvent: {}
[65.138524] (-) TimerEvent: {}
[65.238957] (-) TimerEvent: {}
[65.339386] (-) TimerEvent: {}
[65.439850] (-) TimerEvent: {}
[65.540296] (-) TimerEvent: {}
[65.640719] (-) TimerEvent: {}
[65.741132] (-) TimerEvent: {}
[65.841564] (-) TimerEvent: {}
[65.941984] (-) TimerEvent: {}
[66.042333] (-) TimerEvent: {}
[66.142563] (-) TimerEvent: {}
[66.242741] (-) TimerEvent: {}
[66.342941] (-) TimerEvent: {}
[66.443138] (-) TimerEvent: {}
[66.543325] (-) TimerEvent: {}
[66.643535] (-) TimerEvent: {}
[66.743759] (-) TimerEvent: {}
[66.843969] (-) TimerEvent: {}
[66.944136] (-) TimerEvent: {}
[67.044290] (-) TimerEvent: {}
[67.144438] (-) TimerEvent: {}
[67.244582] (-) TimerEvent: {}
[67.344735] (-) TimerEvent: {}
[67.444890] (-) TimerEvent: {}
[67.545035] (-) TimerEvent: {}
[67.645179] (-) TimerEvent: {}
[67.745391] (-) TimerEvent: {}
[67.845621] (-) TimerEvent: {}
[67.945785] (-) TimerEvent: {}
[68.045937] (-) TimerEvent: {}
[68.146087] (-) TimerEvent: {}
[68.246238] (-) TimerEvent: {}
[68.346403] (-) TimerEvent: {}
[68.446574] (-) TimerEvent: {}
[68.546725] (-) TimerEvent: {}
[68.646871] (-) TimerEvent: {}
[68.747057] (-) TimerEvent: {}
[68.847265] (-) TimerEvent: {}
[68.947428] (-) TimerEvent: {}
[69.047579] (-) TimerEvent: {}
[69.147727] (-) TimerEvent: {}
[69.247885] (-) TimerEvent: {}
[69.348072] (-) TimerEvent: {}
[69.448264] (-) TimerEvent: {}
[69.548420] (-) TimerEvent: {}
[69.648567] (-) TimerEvent: {}
[69.748814] (-) TimerEvent: {}
[69.849153] (-) TimerEvent: {}
[69.949343] (-) TimerEvent: {}
[70.049501] (-) TimerEvent: {}
[70.149658] (-) TimerEvent: {}
[70.249819] (-) TimerEvent: {}
[70.349976] (-) TimerEvent: {}
[70.450128] (-) TimerEvent: {}
[70.550274] (-) TimerEvent: {}
[70.650418] (-) TimerEvent: {}
[70.750687] (-) TimerEvent: {}
[70.851090] (-) TimerEvent: {}
[70.951535] (-) TimerEvent: {}
[71.051997] (-) TimerEvent: {}
[71.152409] (-) TimerEvent: {}
[71.252814] (-) TimerEvent: {}
[71.353234] (-) TimerEvent: {}
[71.453677] (-) TimerEvent: {}
[71.554087] (-) TimerEvent: {}
[71.654494] (-) TimerEvent: {}
[71.754907] (-) TimerEvent: {}
[71.855344] (-) TimerEvent: {}
[71.955810] (-) TimerEvent: {}
[72.056277] (-) TimerEvent: {}
[72.156629] (-) TimerEvent: {}
[72.256849] (-) TimerEvent: {}
[72.357053] (-) TimerEvent: {}
[72.457260] (-) TimerEvent: {}
[72.557437] (-) TimerEvent: {}
[72.657598] (-) TimerEvent: {}
[72.757763] (-) TimerEvent: {}
[72.858041] (-) TimerEvent: {}
[72.958353] (-) TimerEvent: {}
[73.058550] (-) TimerEvent: {}
[73.158721] (-) TimerEvent: {}
[73.258874] (-) TimerEvent: {}
[73.359025] (-) TimerEvent: {}
[73.459218] (-) TimerEvent: {}
[73.559414] (-) TimerEvent: {}
[73.659568] (-) TimerEvent: {}
[73.759719] (-) TimerEvent: {}
[73.860022] (-) TimerEvent: {}
[73.960307] (-) TimerEvent: {}
[74.060505] (-) TimerEvent: {}
[74.160680] (-) TimerEvent: {}
[74.260843] (-) TimerEvent: {}
[74.360993] (-) TimerEvent: {}
[74.461148] (-) TimerEvent: {}
[74.561302] (-) TimerEvent: {}
[74.661451] (-) TimerEvent: {}
[74.761596] (-) TimerEvent: {}
[74.861810] (-) TimerEvent: {}
[74.962068] (-) TimerEvent: {}
[75.062255] (-) TimerEvent: {}
[75.162414] (-) TimerEvent: {}
[75.262562] (-) TimerEvent: {}
[75.362744] (-) TimerEvent: {}
[75.462939] (-) TimerEvent: {}
[75.563105] (-) TimerEvent: {}
[75.663260] (-) TimerEvent: {}
[75.763439] (-) TimerEvent: {}
[75.863633] (-) TimerEvent: {}
[75.963938] (-) TimerEvent: {}
[76.064238] (-) TimerEvent: {}
[76.164444] (-) TimerEvent: {}
[76.264634] (-) TimerEvent: {}
[76.364919] (-) TimerEvent: {}
[76.465249] (-) TimerEvent: {}
[76.565540] (-) TimerEvent: {}
[76.665798] (-) TimerEvent: {}
[76.766094] (-) TimerEvent: {}
[76.866527] (-) TimerEvent: {}
[76.966967] (-) TimerEvent: {}
[77.067389] (-) TimerEvent: {}
[77.167815] (-) TimerEvent: {}
[77.268492] (-) TimerEvent: {}
[77.368942] (-) TimerEvent: {}
[77.469373] (-) TimerEvent: {}
[77.569731] (-) TimerEvent: {}
[77.670016] (-) TimerEvent: {}
[77.770219] (-) TimerEvent: {}
[77.870385] (-) TimerEvent: {}
[77.970629] (-) TimerEvent: {}
[78.070926] (-) TimerEvent: {}
[78.171156] (-) TimerEvent: {}
[78.271344] (-) TimerEvent: {}
[78.371528] (-) TimerEvent: {}
[78.471713] (-) TimerEvent: {}
[78.571896] (-) TimerEvent: {}
[78.672090] (-) TimerEvent: {}
[78.772271] (-) TimerEvent: {}
[78.872426] (-) TimerEvent: {}
[78.972656] (-) TimerEvent: {}
[79.072937] (-) TimerEvent: {}
[79.173161] (-) TimerEvent: {}
[79.273330] (-) TimerEvent: {}
[79.373515] (-) TimerEvent: {}
[79.473711] (-) TimerEvent: {}
[79.573904] (-) TimerEvent: {}
[79.674104] (-) TimerEvent: {}
[79.774309] (-) TimerEvent: {}
[79.874501] (-) TimerEvent: {}
[79.974664] (-) TimerEvent: {}
[80.074925] (-) TimerEvent: {}
[80.175245] (-) TimerEvent: {}
[80.275492] (-) TimerEvent: {}
[80.375690] (-) TimerEvent: {}
[80.475882] (-) TimerEvent: {}
[80.576036] (-) TimerEvent: {}
[80.676220] (-) TimerEvent: {}
[80.776400] (-) TimerEvent: {}
[80.876558] (-) TimerEvent: {}
[80.976706] (-) TimerEvent: {}
[81.076947] (-) TimerEvent: {}
[81.177220] (-) TimerEvent: {}
[81.277401] (-) TimerEvent: {}
[81.377587] (-) TimerEvent: {}
[81.477778] (-) TimerEvent: {}
[81.577958] (-) TimerEvent: {}
[81.678165] (-) TimerEvent: {}
[81.778492] (-) TimerEvent: {}
[81.878842] (-) TimerEvent: {}
[81.979043] (-) TimerEvent: {}
[82.079307] (-) TimerEvent: {}
[82.179687] (-) TimerEvent: {}
[82.280040] (-) TimerEvent: {}
[82.380382] (-) TimerEvent: {}
[82.480704] (-) TimerEvent: {}
[82.580956] (-) TimerEvent: {}
[82.681188] (-) TimerEvent: {}
[82.781513] (-) TimerEvent: {}
[82.881930] (-) TimerEvent: {}
[82.982375] (-) TimerEvent: {}
[83.082869] (-) TimerEvent: {}
[83.183208] (-) TimerEvent: {}
[83.283439] (-) TimerEvent: {}
[83.383610] (-) TimerEvent: {}
[83.483764] (-) TimerEvent: {}
[83.583911] (-) TimerEvent: {}
[83.684234] (-) TimerEvent: {}
[83.784713] (-) TimerEvent: {}
[83.885181] (-) TimerEvent: {}
[83.985652] (-) TimerEvent: {}
[84.086055] (-) TimerEvent: {}
[84.186381] (-) TimerEvent: {}
[84.286608] (-) TimerEvent: {}
[84.386821] (-) TimerEvent: {}
[84.487072] (-) TimerEvent: {}
[84.587362] (-) TimerEvent: {}
[84.687656] (-) TimerEvent: {}
[84.787981] (-) TimerEvent: {}
[84.888294] (-) TimerEvent: {}
[84.988622] (-) TimerEvent: {}
[85.088938] (-) TimerEvent: {}
[85.189314] (-) TimerEvent: {}
[85.289741] (-) TimerEvent: {}
[85.390291] (-) TimerEvent: {}
[85.490782] (-) TimerEvent: {}
[85.591251] (-) TimerEvent: {}
[85.691512] (-) TimerEvent: {}
[85.791973] (-) TimerEvent: {}
[85.892435] (-) TimerEvent: {}
[85.992891] (-) TimerEvent: {}
[86.093146] (-) TimerEvent: {}
[86.193447] (-) TimerEvent: {}
[86.293992] (-) TimerEvent: {}
[86.394527] (-) TimerEvent: {}
[86.495074] (-) TimerEvent: {}
[86.595617] (-) TimerEvent: {}
[86.696162] (-) TimerEvent: {}
[86.796424] (-) TimerEvent: {}
[86.896607] (-) TimerEvent: {}
[86.996799] (-) TimerEvent: {}
[87.096982] (-) TimerEvent: {}
[87.197280] (-) TimerEvent: {}
[87.297666] (-) TimerEvent: {}
[87.397993] (-) TimerEvent: {}
[87.498306] (-) TimerEvent: {}
[87.598636] (-) TimerEvent: {}
[87.698975] (-) TimerEvent: {}
[87.799287] (-) TimerEvent: {}
[87.899588] (-) TimerEvent: {}
[87.999951] (-) TimerEvent: {}
[88.100481] (-) TimerEvent: {}
[88.200855] (-) TimerEvent: {}
[88.301246] (-) TimerEvent: {}
[88.401774] (-) TimerEvent: {}
[88.502247] (-) TimerEvent: {}
[88.602713] (-) TimerEvent: {}
[88.703049] (-) TimerEvent: {}
[88.803448] (-) TimerEvent: {}
[88.903859] (-) TimerEvent: {}
[89.004300] (-) TimerEvent: {}
[89.104727] (-) TimerEvent: {}
[89.205147] (-) TimerEvent: {}
[89.305557] (-) TimerEvent: {}
[89.405993] (-) TimerEvent: {}
[89.506422] (-) TimerEvent: {}
[89.606782] (-) TimerEvent: {}
[89.707151] (-) TimerEvent: {}
[89.807511] (-) TimerEvent: {}
[89.883428] (pcd_ndt_localization) StdoutLine: {'line': b'[100%] Linking CXX executable pcd_ndt_localizer\n'}
[89.907700] (-) TimerEvent: {}
[90.008191] (-) TimerEvent: {}
[90.108513] (-) TimerEvent: {}
[90.208797] (-) TimerEvent: {}
[90.309144] (-) TimerEvent: {}
[90.409570] (-) TimerEvent: {}
[90.509942] (-) TimerEvent: {}
[90.610250] (-) TimerEvent: {}
[90.710536] (-) TimerEvent: {}
[90.810809] (-) TimerEvent: {}
[90.911094] (-) TimerEvent: {}
[91.011384] (-) TimerEvent: {}
[91.111654] (-) TimerEvent: {}
[91.211939] (-) TimerEvent: {}
[91.312275] (-) TimerEvent: {}
[91.412651] (-) TimerEvent: {}
[91.512950] (-) TimerEvent: {}
[91.613252] (-) TimerEvent: {}
[91.713542] (-) TimerEvent: {}
[91.813819] (-) TimerEvent: {}
[91.914092] (-) TimerEvent: {}
[92.014346] (-) TimerEvent: {}
[92.114578] (-) TimerEvent: {}
[92.214805] (-) TimerEvent: {}
[92.315118] (-) TimerEvent: {}
[92.403475] (pcd_ndt_localization) StdoutLine: {'line': b'[100%] Built target pcd_ndt_localizer\n'}
[92.412156] (pcd_ndt_localization) CommandEnded: {'returncode': 0}
[92.414073] (pcd_ndt_localization) JobProgress: {'identifier': 'pcd_ndt_localization', 'progress': 'install'}
[92.415174] (-) TimerEvent: {}
[92.420895] (pcd_ndt_localization) Command: {'cmd': ['/usr/local/bin/cmake', '--install', '/home/seeed/ros2/ws/build/pcd_ndt_localization'], 'cwd': '/home/seeed/ros2/ws/build/pcd_ndt_localization', 'env': OrderedDict([('LANGUAGE', 'zh_CN:en'), ('USER', 'seeed'), ('SSH_CLIENT', '192.168.1.101 42895 22'), ('LC_TIME', 'zh_CN.UTF-8'), ('XDG_SESSION_TYPE', 'tty'), ('SHLVL', '0'), ('LD_LIBRARY_PATH', '/opt/ros/humble/opt/rviz_ogre_vendor/lib:/opt/ros/humble/lib/aarch64-linux-gnu:/opt/ros/humble/lib'), ('MOTD_SHOWN', 'pam'), ('HOME', '/home/seeed'), ('OLDPWD', '/home/seeed'), ('ROS_PYTHON_VERSION', '3'), ('LC_MONETARY', 'zh_CN.UTF-8'), ('LC_CTYPE', 'C.UTF-8'), ('DBUS_SESSION_BUS_ADDRESS', 'unix:path=/run/user/1000/bus'), ('ROS_DISTRO', 'humble'), ('LOGNAME', 'seeed'), ('_', '/usr/bin/colcon'), ('ROS_VERSION', '2'), ('XDG_SESSION_CLASS', 'user'), ('XDG_SESSION_ID', '483'), ('ROS_LOCALHOST_ONLY', '0'), ('PATH', '/opt/ros/humble/bin:/usr/local/sbin:/usr/local/bin:/usr/sbin:/usr/bin:/sbin:/bin:/usr/games:/usr/local/games:/snap/bin'), ('PAPERSIZE', 'a4'), ('LC_ADDRESS', 'zh_CN.UTF-8'), ('XDG_RUNTIME_DIR', '/run/user/1000'), ('DISPLAY', 'localhost:12.0'), ('LANG', 'zh_CN.UTF-8'), ('LC_TELEPHONE', 'zh_CN.UTF-8'), ('AMENT_PREFIX_PATH', '/opt/ros/humble'), ('SHELL', '/bin/bash'), ('LC_NAME', 'zh_CN.UTF-8'), ('LC_MEASUREMENT', 'zh_CN.UTF-8'), ('LC_IDENTIFICATION', 'zh_CN.UTF-8'), ('PWD', '/home/seeed/ros2/ws/build/pcd_ndt_localization'), ('LC_ALL', 'en_US.UTF-8'), ('SSH_CONNECTION', '192.168.1.101 42895 192.168.1.104 22'), ('XDG_DATA_DIRS', '/usr/share/gnome:/usr/local/share:/usr/share:/var/lib/snapd/desktop'), ('PYTHONPATH', '/opt/ros/humble/lib/python3.10/site-packages:/opt/ros/humble/local/lib/python3.10/dist-packages'), ('LC_NUMERIC', 'zh_CN.UTF-8'), ('LC_PAPER', 'zh_CN.UTF-8'), ('COLCON', '1'), ('CMAKE_PREFIX_PATH', '/opt/ros/humble')]), 'shell': False}
[92.427251] (pcd_ndt_localization) StdoutLine: {'line': b'-- Install configuration: "Release"\n'}
[92.428542] (pcd_ndt_localization) StdoutLine: {'line': b'-- Execute custom install script\n'}
[92.429405] (pcd_ndt_localization) StdoutLine: {'line': b'-- Up-to-date symlink: /home/seeed/ros2/ws/install/pcd_ndt_localization/lib/pcd_ndt_localization/pcd_ndt_localizer\n'}
[92.429827] (pcd_ndt_localization) StdoutLine: {'line': b'-- Up-to-date symlink: /home/seeed/ros2/ws/install/pcd_ndt_localization/lib/pcd_ndt_localization/pcd_occupancy_grid_publisher\n'}
[92.430768] (pcd_ndt_localization) StdoutLine: {'line': b'-- Up-to-date symlink: /home/seeed/ros2/ws/install/pcd_ndt_localization/share/pcd_ndt_localization/config/ndt_localization.yaml\n'}
[92.431360] (pcd_ndt_localization) StdoutLine: {'line': b'-- Up-to-date symlink: /home/seeed/ros2/ws/install/pcd_ndt_localization/share/pcd_ndt_localization/launch/localization.launch.py\n'}
[92.431854] (pcd_ndt_localization) StdoutLine: {'line': b'-- Up-to-date symlink: /home/seeed/ros2/ws/install/pcd_ndt_localization/share/ament_index/resource_index/package_run_dependencies/pcd_ndt_localization\n'}
[92.432331] (pcd_ndt_localization) StdoutLine: {'line': b'-- Up-to-date symlink: /home/seeed/ros2/ws/install/pcd_ndt_localization/share/ament_index/resource_index/parent_prefix_path/pcd_ndt_localization\n'}
[92.432748] (pcd_ndt_localization) StdoutLine: {'line': b'-- Up-to-date symlink: /home/seeed/ros2/ws/install/pcd_ndt_localization/share/pcd_ndt_localization/environment/ament_prefix_path.sh\n'}
[92.433134] (pcd_ndt_localization) StdoutLine: {'line': b'-- Up-to-date symlink: /home/seeed/ros2/ws/install/pcd_ndt_localization/share/pcd_ndt_localization/environment/ament_prefix_path.dsv\n'}
[92.433528] (pcd_ndt_localization) StdoutLine: {'line': b'-- Up-to-date symlink: /home/seeed/ros2/ws/install/pcd_ndt_localization/share/pcd_ndt_localization/environment/path.sh\n'}
[92.433908] (pcd_ndt_localization) StdoutLine: {'line': b'-- Up-to-date symlink: /home/seeed/ros2/ws/install/pcd_ndt_localization/share/pcd_ndt_localization/environment/path.dsv\n'}
[92.434279] (pcd_ndt_localization) StdoutLine: {'line': b'-- Up-to-date symlink: /home/seeed/ros2/ws/install/pcd_ndt_localization/share/pcd_ndt_localization/local_setup.bash\n'}
[92.434647] (pcd_ndt_localization) StdoutLine: {'line': b'-- Up-to-date symlink: /home/seeed/ros2/ws/install/pcd_ndt_localization/share/pcd_ndt_localization/local_setup.sh\n'}
[92.435016] (pcd_ndt_localization) StdoutLine: {'line': b'-- Up-to-date symlink: /home/seeed/ros2/ws/install/pcd_ndt_localization/share/pcd_ndt_localization/local_setup.zsh\n'}
[92.435377] (pcd_ndt_localization) StdoutLine: {'line': b'-- Up-to-date symlink: /home/seeed/ros2/ws/install/pcd_ndt_localization/share/pcd_ndt_localization/local_setup.dsv\n'}
[92.435655] (pcd_ndt_localization) StdoutLine: {'line': b'-- Symlinking: /home/seeed/ros2/ws/install/pcd_ndt_localization/share/pcd_ndt_localization/package.dsv\n'}
[92.440673] (pcd_ndt_localization) StdoutLine: {'line': b'-- Up-to-date symlink: /home/seeed/ros2/ws/install/pcd_ndt_localization/share/ament_index/resource_index/packages/pcd_ndt_localization\n'}
[92.441242] (pcd_ndt_localization) StdoutLine: {'line': b'-- Up-to-date symlink: /home/seeed/ros2/ws/install/pcd_ndt_localization/share/pcd_ndt_localization/cmake/pcd_ndt_localizationConfig.cmake\n'}
[92.441424] (pcd_ndt_localization) StdoutLine: {'line': b'-- Up-to-date symlink: /home/seeed/ros2/ws/install/pcd_ndt_localization/share/pcd_ndt_localization/cmake/pcd_ndt_localizationConfig-version.cmake\n'}
[92.441683] (pcd_ndt_localization) StdoutLine: {'line': b'-- Up-to-date symlink: /home/seeed/ros2/ws/install/pcd_ndt_localization/share/pcd_ndt_localization/package.xml\n'}
[92.443779] (pcd_ndt_localization) CommandEnded: {'returncode': 0}
[92.503899] (pcd_ndt_localization) JobEnded: {'identifier': 'pcd_ndt_localization', 'rc': 0}
[92.505534] (-) EventReactorShutdown: {}
