[0.000000] (-) TimerEvent: {}
[0.000818] (-) JobUnselected: {'identifier': 'fast_lio'}
[0.001163] (-) JobUnselected: {'identifier': 'livox_ros_driver2'}
[0.001566] (-) JobUnselected: {'identifier': 'nav_tf_bridge'}
[0.001682] (-) JobUnselected: {'identifier': 'ranger_base'}
[0.001727] (-) JobUnselected: {'identifier': 'ranger_bringup'}
[0.001807] (-) JobUnselected: {'identifier': 'ranger_msgs'}
[0.001882] (-) JobUnselected: {'identifier': 'ugv_sdk'}
[0.001954] (-) JobUnselected: {'identifier': 'vikit_common'}
[0.002024] (-) JobUnselected: {'identifier': 'vikit_ros'}
[0.002102] (pcd_ndt_localization) JobQueued: {'identifier': 'pcd_ndt_localization', 'dependencies': OrderedDict()}
[0.002173] (pcd_ndt_localization) JobStarted: {'identifier': 'pcd_ndt_localization'}
[0.018855] (pcd_ndt_localization) JobProgress: {'identifier': 'pcd_ndt_localization', 'progress': 'cmake'}
[0.021844] (pcd_ndt_localization) Command: {'cmd': ['/usr/local/bin/cmake', '/home/seeed/ros2/ws/src/localization/pcd_ndt_localization', '-DAMENT_CMAKE_SYMLINK_INSTALL=1', '-DCMAKE_INSTALL_PREFIX=/home/seeed/ros2/ws/install/pcd_ndt_localization'], 'cwd': '/home/seeed/ros2/ws/build/pcd_ndt_localization', 'env': OrderedDict([('LANGUAGE', 'zh_CN:en'), ('USER', 'seeed'), ('SSH_CLIENT', '10.200.24.83 36139 22'), ('LC_TIME', 'zh_CN.UTF-8'), ('XDG_SESSION_TYPE', 'tty'), ('SHLVL', '0'), ('LD_LIBRARY_PATH', '/opt/ros/humble/opt/rviz_ogre_vendor/lib:/opt/ros/humble/lib/aarch64-linux-gnu:/opt/ros/humble/lib'), ('MOTD_SHOWN', 'pam'), ('HOME', '/home/seeed'), ('OLDPWD', '/home/seeed'), ('ROS_PYTHON_VERSION', '3'), ('LC_MONETARY', 'zh_CN.UTF-8'), ('LC_CTYPE', 'C.UTF-8'), ('DBUS_SESSION_BUS_ADDRESS', 'unix:path=/run/user/1000/bus'), ('ROS_DISTRO', 'humble'), ('LOGNAME', 'seeed'), ('_', '/usr/bin/colcon'), ('ROS_VERSION', '2'), ('XDG_SESSION_CLASS', 'user'), ('XDG_SESSION_ID', '481'), ('ROS_LOCALHOST_ONLY', '0'), ('PATH', '/opt/ros/humble/bin:/usr/local/sbin:/usr/local/bin:/usr/sbin:/usr/bin:/sbin:/bin:/usr/games:/usr/local/games:/snap/bin'), ('PAPERSIZE', 'a4'), ('LC_ADDRESS', 'zh_CN.UTF-8'), ('XDG_RUNTIME_DIR', '/run/user/1000'), ('DISPLAY', 'localhost:10.0'), ('LANG', 'zh_CN.UTF-8'), ('LC_TELEPHONE', 'zh_CN.UTF-8'), ('AMENT_PREFIX_PATH', '/opt/ros/humble'), ('SHELL', '/bin/bash'), ('LC_NAME', 'zh_CN.UTF-8'), ('LC_MEASUREMENT', 'zh_CN.UTF-8'), ('LC_IDENTIFICATION', 'zh_CN.UTF-8'), ('PWD', '/home/seeed/ros2/ws/build/pcd_ndt_localization'), ('LC_ALL', 'en_US.UTF-8'), ('SSH_CONNECTION', '10.200.24.83 36139 10.200.54.207 22'), ('PYTHONPATH', '/opt/ros/humble/lib/python3.10/site-packages:/opt/ros/humble/local/lib/python3.10/dist-packages'), ('LC_NUMERIC', 'zh_CN.UTF-8'), ('LC_PAPER', 'zh_CN.UTF-8'), ('COLCON', '1'), ('CMAKE_PREFIX_PATH', '/opt/ros/humble')]), 'shell': False}
[0.043225] (pcd_ndt_localization) StdoutLine: {'line': b'-- Found ament_cmake: 1.3.14 (/opt/ros/humble/share/ament_cmake/cmake)\n'}
[0.098824] (-) TimerEvent: {}
[0.199193] (-) TimerEvent: {}
[0.299552] (-) TimerEvent: {}
[0.400217] (-) TimerEvent: {}
[0.492380] (pcd_ndt_localization) StdoutLine: {'line': b'-- Override CMake install command with custom implementation using symlinks instead of copying resources\n'}
[0.500838] (-) TimerEvent: {}
[0.526032] (pcd_ndt_localization) StdoutLine: {'line': b'-- Found geometry_msgs: 4.9.1 (/opt/ros/humble/share/geometry_msgs/cmake)\n'}
[0.600716] (-) TimerEvent: {}
[0.601308] (pcd_ndt_localization) StdoutLine: {'line': b'-- Found rosidl_generator_c: 3.1.8 (/opt/ros/humble/share/rosidl_generator_c/cmake)\n'}
[0.608706] (pcd_ndt_localization) StdoutLine: {'line': b'-- Found rosidl_adapter: 3.1.8 (/opt/ros/humble/share/rosidl_adapter/cmake)\n'}
[0.626065] (pcd_ndt_localization) StdoutLine: {'line': b'-- Found rosidl_generator_cpp: 3.1.8 (/opt/ros/humble/share/rosidl_generator_cpp/cmake)\n'}
[0.654369] (pcd_ndt_localization) StdoutLine: {'line': b'-- Using all available rosidl_typesupport_c: rosidl_typesupport_fastrtps_c;rosidl_typesupport_introspection_c\n'}
[0.691446] (pcd_ndt_localization) StdoutLine: {'line': b'-- Using all available rosidl_typesupport_cpp: rosidl_typesupport_fastrtps_cpp;rosidl_typesupport_introspection_cpp\n'}
[0.700869] (-) TimerEvent: {}
[0.798299] (pcd_ndt_localization) StdoutLine: {'line': b'-- Found nav_msgs: 4.9.1 (/opt/ros/humble/share/nav_msgs/cmake)\n'}
[0.800993] (-) TimerEvent: {}
[0.862198] (pcd_ndt_localization) StderrLine: {'line': b'CMake Warning (dev) at /usr/lib/aarch64-linux-gnu/cmake/pcl/PCLConfig.cmake:146 (find_package):\n'}
[0.862716] (pcd_ndt_localization) StderrLine: {'line': b'  Policy CMP0144 is not set: find_package uses upper-case <PACKAGENAME>_ROOT\n'}
[0.862895] (pcd_ndt_localization) StderrLine: {'line': b'  variables.  Run "cmake --help-policy CMP0144" for policy details.  Use the\n'}
[0.863045] (pcd_ndt_localization) StderrLine: {'line': b'  cmake_policy command to set the policy and suppress this warning.\n'}
[0.863184] (pcd_ndt_localization) StderrLine: {'line': b'\n'}
[0.863317] (pcd_ndt_localization) StderrLine: {'line': b'  CMake variable EIGEN_ROOT is set to:\n'}
[0.863451] (pcd_ndt_localization) StderrLine: {'line': b'\n'}
[0.863577] (pcd_ndt_localization) StderrLine: {'line': b'    /usr/include/eigen3\n'}
[0.863761] (pcd_ndt_localization) StderrLine: {'line': b'\n'}
[0.863901] (pcd_ndt_localization) StderrLine: {'line': b'  For compatibility, find_package is ignoring the variable, but code in a\n'}
[0.864033] (pcd_ndt_localization) StderrLine: {'line': b'  .cmake module might still use it.\n'}
[0.864160] (pcd_ndt_localization) StderrLine: {'line': b'Call Stack (most recent call first):\n'}
[0.864286] (pcd_ndt_localization) StderrLine: {'line': b'  /usr/lib/aarch64-linux-gnu/cmake/pcl/PCLConfig.cmake:299 (find_eigen)\n'}
[0.864421] (pcd_ndt_localization) StderrLine: {'line': b'  /usr/lib/aarch64-linux-gnu/cmake/pcl/PCLConfig.cmake:543 (find_external_library)\n'}
[0.864551] (pcd_ndt_localization) StderrLine: {'line': b'  CMakeLists.txt:12 (find_package)\n'}
[0.864680] (pcd_ndt_localization) StderrLine: {'line': b'This warning is for project developers.  Use -Wno-dev to suppress it.\n'}
[0.864811] (pcd_ndt_localization) StderrLine: {'line': b'\n'}
[0.873742] (pcd_ndt_localization) StdoutLine: {'line': b'-- Eigen found (include: /usr/include/eigen3, version: 3.4.0)\n'}
[0.901161] (-) TimerEvent: {}
[0.903084] (pcd_ndt_localization) StderrLine: {'line': b'CMake Warning (dev) at /usr/lib/aarch64-linux-gnu/cmake/pcl/Modules/FindFLANN.cmake:44 (find_package):\n'}
[0.903473] (pcd_ndt_localization) StderrLine: {'line': b'  Policy CMP0144 is not set: find_package uses upper-case <PACKAGENAME>_ROOT\n'}
[0.903770] (pcd_ndt_localization) StderrLine: {'line': b'  variables.  Run "cmake --help-policy CMP0144" for policy details.  Use the\n'}
[0.903935] (pcd_ndt_localization) StderrLine: {'line': b'  cmake_policy command to set the policy and suppress this warning.\n'}
[0.904077] (pcd_ndt_localization) StderrLine: {'line': b'\n'}
[0.904214] (pcd_ndt_localization) StderrLine: {'line': b'  CMake variable FLANN_ROOT is set to:\n'}
[0.904347] (pcd_ndt_localization) StderrLine: {'line': b'\n'}
[0.904474] (pcd_ndt_localization) StderrLine: {'line': b'    /usr\n'}
[0.904599] (pcd_ndt_localization) StderrLine: {'line': b'\n'}
[0.904721] (pcd_ndt_localization) StderrLine: {'line': b'  For compatibility, find_package is ignoring the variable, but code in a\n'}
[0.904846] (pcd_ndt_localization) StderrLine: {'line': b'  .cmake module might still use it.\n'}
[0.904966] (pcd_ndt_localization) StderrLine: {'line': b'Call Stack (most recent call first):\n'}
[0.905084] (pcd_ndt_localization) StderrLine: {'line': b'  /usr/lib/aarch64-linux-gnu/cmake/pcl/PCLConfig.cmake:256 (find_package)\n'}
[0.905205] (pcd_ndt_localization) StderrLine: {'line': b'  /usr/lib/aarch64-linux-gnu/cmake/pcl/PCLConfig.cmake:301 (find_flann)\n'}
[0.905324] (pcd_ndt_localization) StderrLine: {'line': b'  /usr/lib/aarch64-linux-gnu/cmake/pcl/PCLConfig.cmake:543 (find_external_library)\n'}
[0.905450] (pcd_ndt_localization) StderrLine: {'line': b'  CMakeLists.txt:12 (find_package)\n'}
[0.905572] (pcd_ndt_localization) StderrLine: {'line': b'This warning is for project developers.  Use -Wno-dev to suppress it.\n'}
[0.905733] (pcd_ndt_localization) StderrLine: {'line': b'\n'}
[0.954590] (pcd_ndt_localization) StdoutLine: {'line': b'-- FLANN found (include: /usr/include, lib: /usr/lib/aarch64-linux-gnu/libflann_cpp.so)\n'}
[0.981479] (pcd_ndt_localization) StdoutLine: {'line': b'-- OpenNI found (version: 1.5.4.0, include: /usr/include/ni, lib: /usr/lib/libOpenNI.so;libusb::libusb)\n'}
[0.994816] (pcd_ndt_localization) StdoutLine: {'line': b'-- OpenNI2 found (version: 2.2.0.33, include: /usr/include/openni2, lib: /usr/lib/aarch64-linux-gnu/libOpenNI2.so;libusb::libusb)\n'}
[0.995693] (pcd_ndt_localization) StderrLine: {'line': b'** WARNING ** io features related to pcap will be disabled\n'}
[0.995911] (pcd_ndt_localization) StderrLine: {'line': b'** WARNING ** io features related to png will be disabled\n'}
[1.001297] (-) TimerEvent: {}
[1.101714] (-) TimerEvent: {}
[1.202211] (-) TimerEvent: {}
[1.302697] (-) TimerEvent: {}
[1.403108] (-) TimerEvent: {}
[1.503533] (-) TimerEvent: {}
[1.603997] (-) TimerEvent: {}
[1.704402] (-) TimerEvent: {}
[1.804820] (-) TimerEvent: {}
[1.905216] (-) TimerEvent: {}
[1.974278] (pcd_ndt_localization) StdoutLine: {'line': b'-- Eigen found (include: /usr/include/eigen3, version: 3.4.0)\n'}
[2.005402] (-) TimerEvent: {}
[2.105783] (-) TimerEvent: {}
[2.206180] (-) TimerEvent: {}
[2.306584] (-) TimerEvent: {}
[2.406996] (-) TimerEvent: {}
[2.507393] (-) TimerEvent: {}
[2.607778] (-) TimerEvent: {}
[2.708164] (-) TimerEvent: {}
[2.808564] (-) TimerEvent: {}
[2.908947] (-) TimerEvent: {}
[3.009352] (-) TimerEvent: {}
[3.086105] (pcd_ndt_localization) StdoutLine: {'line': b'-- looking for PCL_COMMON\n'}
[3.087090] (pcd_ndt_localization) StdoutLine: {'line': b'-- looking for PCL_KDTREE\n'}
[3.088177] (pcd_ndt_localization) StdoutLine: {'line': b'-- looking for PCL_OCTREE\n'}
[3.089098] (pcd_ndt_localization) StdoutLine: {'line': b'-- looking for PCL_SEARCH\n'}
[3.090085] (pcd_ndt_localization) StdoutLine: {'line': b'-- looking for PCL_SAMPLE_CONSENSUS\n'}
[3.091074] (pcd_ndt_localization) StdoutLine: {'line': b'-- looking for PCL_FILTERS\n'}
[3.092225] (pcd_ndt_localization) StdoutLine: {'line': b'-- looking for PCL_IO\n'}
[3.093521] (pcd_ndt_localization) StdoutLine: {'line': b'-- looking for PCL_2D\n'}
[3.094438] (pcd_ndt_localization) StdoutLine: {'line': b'-- looking for PCL_FEATURES\n'}
[3.095896] (pcd_ndt_localization) StdoutLine: {'line': b'-- looking for PCL_REGISTRATION\n'}
[3.099433] (pcd_ndt_localization) StdoutLine: {'line': b'-- Found pcl_conversions: 2.4.5 (/opt/ros/humble/share/pcl_conversions/cmake)\n'}
[3.109460] (-) TimerEvent: {}
[3.188609] (pcd_ndt_localization) StdoutLine: {'line': b'-- Found rmw_implementation_cmake: 6.1.2 (/opt/ros/humble/share/rmw_implementation_cmake/cmake)\n'}
[3.192153] (pcd_ndt_localization) StdoutLine: {'line': b'-- Found rmw_fastrtps_cpp: 6.2.10 (/opt/ros/humble/share/rmw_fastrtps_cpp/cmake)\n'}
[3.209658] (-) TimerEvent: {}
[3.310063] (-) TimerEvent: {}
[3.410466] (-) TimerEvent: {}
[3.457463] (pcd_ndt_localization) StdoutLine: {'line': b"-- Using RMW implementation 'rmw_fastrtps_cpp' as default\n"}
[3.510627] (-) TimerEvent: {}
[3.611029] (-) TimerEvent: {}
[3.683974] (pcd_ndt_localization) StdoutLine: {'line': b'-- Found tf2: 0.25.20 (/opt/ros/humble/share/tf2/cmake)\n'}
[3.694990] (pcd_ndt_localization) StdoutLine: {'line': b'-- Found tf2_eigen: 0.25.20 (/opt/ros/humble/share/tf2_eigen/cmake)\n'}
[3.711182] (-) TimerEvent: {}
[3.811560] (-) TimerEvent: {}
[3.911971] (-) TimerEvent: {}
[3.915701] (pcd_ndt_localization) StdoutLine: {'line': b'-- Found visualization_msgs: 4.9.1 (/opt/ros/humble/share/visualization_msgs/cmake)\n'}
[4.012142] (-) TimerEvent: {}
[4.112510] (-) TimerEvent: {}
[4.195055] (pcd_ndt_localization) StdoutLine: {'line': b'-- Configuring done (4.2s)\n'}
[4.212688] (-) TimerEvent: {}
[4.313088] (-) TimerEvent: {}
[4.327608] (pcd_ndt_localization) StdoutLine: {'line': b'-- Generating done (0.1s)\n'}
[4.347682] (pcd_ndt_localization) StdoutLine: {'line': b'-- Build files have been written to: /home/seeed/ros2/ws/build/pcd_ndt_localization\n'}
[4.401861] (pcd_ndt_localization) CommandEnded: {'returncode': 0}
[4.403887] (pcd_ndt_localization) JobProgress: {'identifier': 'pcd_ndt_localization', 'progress': 'build'}
[4.403963] (pcd_ndt_localization) Command: {'cmd': ['/usr/local/bin/cmake', '--build', '/home/seeed/ros2/ws/build/pcd_ndt_localization', '--', '-j6', '-l6'], 'cwd': '/home/seeed/ros2/ws/build/pcd_ndt_localization', 'env': OrderedDict([('LANGUAGE', 'zh_CN:en'), ('USER', 'seeed'), ('SSH_CLIENT', '10.200.24.83 36139 22'), ('LC_TIME', 'zh_CN.UTF-8'), ('XDG_SESSION_TYPE', 'tty'), ('SHLVL', '0'), ('LD_LIBRARY_PATH', '/opt/ros/humble/opt/rviz_ogre_vendor/lib:/opt/ros/humble/lib/aarch64-linux-gnu:/opt/ros/humble/lib'), ('MOTD_SHOWN', 'pam'), ('HOME', '/home/seeed'), ('OLDPWD', '/home/seeed'), ('ROS_PYTHON_VERSION', '3'), ('LC_MONETARY', 'zh_CN.UTF-8'), ('LC_CTYPE', 'C.UTF-8'), ('DBUS_SESSION_BUS_ADDRESS', 'unix:path=/run/user/1000/bus'), ('ROS_DISTRO', 'humble'), ('LOGNAME', 'seeed'), ('_', '/usr/bin/colcon'), ('ROS_VERSION', '2'), ('XDG_SESSION_CLASS', 'user'), ('XDG_SESSION_ID', '481'), ('ROS_LOCALHOST_ONLY', '0'), ('PATH', '/opt/ros/humble/bin:/usr/local/sbin:/usr/local/bin:/usr/sbin:/usr/bin:/sbin:/bin:/usr/games:/usr/local/games:/snap/bin'), ('PAPERSIZE', 'a4'), ('LC_ADDRESS', 'zh_CN.UTF-8'), ('XDG_RUNTIME_DIR', '/run/user/1000'), ('DISPLAY', 'localhost:10.0'), ('LANG', 'zh_CN.UTF-8'), ('LC_TELEPHONE', 'zh_CN.UTF-8'), ('AMENT_PREFIX_PATH', '/opt/ros/humble'), ('SHELL', '/bin/bash'), ('LC_NAME', 'zh_CN.UTF-8'), ('LC_MEASUREMENT', 'zh_CN.UTF-8'), ('LC_IDENTIFICATION', 'zh_CN.UTF-8'), ('PWD', '/home/seeed/ros2/ws/build/pcd_ndt_localization'), ('LC_ALL', 'en_US.UTF-8'), ('SSH_CONNECTION', '10.200.24.83 36139 10.200.54.207 22'), ('PYTHONPATH', '/opt/ros/humble/lib/python3.10/site-packages:/opt/ros/humble/local/lib/python3.10/dist-packages'), ('LC_NUMERIC', 'zh_CN.UTF-8'), ('LC_PAPER', 'zh_CN.UTF-8'), ('COLCON', '1'), ('CMAKE_PREFIX_PATH', '/opt/ros/humble')]), 'shell': False}
[4.413259] (-) TimerEvent: {}
[4.494361] (pcd_ndt_localization) StdoutLine: {'line': b'[ 25%] Linking CXX executable pcd_occupancy_grid_publisher\n'}
[4.506525] (pcd_ndt_localization) StdoutLine: {'line': b'[ 50%] Building CXX object CMakeFiles/pcd_ndt_localizer.dir/src/pcd_ndt_localizer.cpp.o\n'}
[4.513412] (-) TimerEvent: {}
[4.613772] (-) TimerEvent: {}
[4.714188] (-) TimerEvent: {}
[4.814602] (-) TimerEvent: {}
[4.915003] (-) TimerEvent: {}
[5.015435] (-) TimerEvent: {}
[5.115869] (-) TimerEvent: {}
[5.216432] (-) TimerEvent: {}
[5.316848] (-) TimerEvent: {}
[5.417309] (-) TimerEvent: {}
[5.517720] (-) TimerEvent: {}
[5.618119] (-) TimerEvent: {}
[5.718520] (-) TimerEvent: {}
[5.818919] (-) TimerEvent: {}
[5.919323] (-) TimerEvent: {}
[6.004953] (pcd_ndt_localization) StdoutLine: {'line': b'[ 75%] Built target pcd_occupancy_grid_publisher\n'}
[6.019463] (-) TimerEvent: {}
[6.119882] (-) TimerEvent: {}
[6.220351] (-) TimerEvent: {}
[6.320749] (-) TimerEvent: {}
[6.421187] (-) TimerEvent: {}
[6.521664] (-) TimerEvent: {}
[6.622080] (-) TimerEvent: {}
[6.722476] (-) TimerEvent: {}
[6.822871] (-) TimerEvent: {}
[6.923301] (-) TimerEvent: {}
[7.023777] (-) TimerEvent: {}
[7.124184] (-) TimerEvent: {}
[7.224737] (-) TimerEvent: {}
[7.325173] (-) TimerEvent: {}
[7.425600] (-) TimerEvent: {}
[7.526003] (-) TimerEvent: {}
[7.626410] (-) TimerEvent: {}
[7.726809] (-) TimerEvent: {}
[7.827222] (-) TimerEvent: {}
[7.927639] (-) TimerEvent: {}
[8.028038] (-) TimerEvent: {}
[8.128460] (-) TimerEvent: {}
[8.229040] (-) TimerEvent: {}
[8.329442] (-) TimerEvent: {}
[8.429846] (-) TimerEvent: {}
[8.530248] (-) TimerEvent: {}
[8.630666] (-) TimerEvent: {}
[8.731085] (-) TimerEvent: {}
[8.831550] (-) TimerEvent: {}
[8.932010] (-) TimerEvent: {}
[9.032479] (-) TimerEvent: {}
[9.132912] (-) TimerEvent: {}
[9.233360] (-) TimerEvent: {}
[9.333802] (-) TimerEvent: {}
[9.434287] (-) TimerEvent: {}
[9.534758] (-) TimerEvent: {}
[9.635159] (-) TimerEvent: {}
[9.735567] (-) TimerEvent: {}
[9.835983] (-) TimerEvent: {}
[9.936398] (-) TimerEvent: {}
[10.036821] (-) TimerEvent: {}
[10.137230] (-) TimerEvent: {}
[10.237643] (-) TimerEvent: {}
[10.338001] (-) TimerEvent: {}
[10.438423] (-) TimerEvent: {}
[10.538827] (-) TimerEvent: {}
[10.639237] (-) TimerEvent: {}
[10.739668] (-) TimerEvent: {}
[10.840094] (-) TimerEvent: {}
[10.940507] (-) TimerEvent: {}
[11.040919] (-) TimerEvent: {}
[11.141320] (-) TimerEvent: {}
[11.241824] (-) TimerEvent: {}
[11.342324] (-) TimerEvent: {}
[11.442724] (-) TimerEvent: {}
[11.543122] (-) TimerEvent: {}
[11.643598] (-) TimerEvent: {}
[11.744096] (-) TimerEvent: {}
[11.844560] (-) TimerEvent: {}
[11.944969] (-) TimerEvent: {}
[12.045412] (-) TimerEvent: {}
[12.145852] (-) TimerEvent: {}
[12.246265] (-) TimerEvent: {}
[12.346674] (-) TimerEvent: {}
[12.447087] (-) TimerEvent: {}
[12.547584] (-) TimerEvent: {}
[12.648074] (-) TimerEvent: {}
[12.748542] (-) TimerEvent: {}
[12.848952] (-) TimerEvent: {}
[12.949364] (-) TimerEvent: {}
[13.049828] (-) TimerEvent: {}
[13.150312] (-) TimerEvent: {}
[13.250732] (-) TimerEvent: {}
[13.351149] (-) TimerEvent: {}
[13.451545] (-) TimerEvent: {}
[13.551966] (-) TimerEvent: {}
[13.652367] (-) TimerEvent: {}
[13.752783] (-) TimerEvent: {}
[13.853166] (-) TimerEvent: {}
[13.953568] (-) TimerEvent: {}
[14.053969] (-) TimerEvent: {}
[14.154368] (-) TimerEvent: {}
[14.254771] (-) TimerEvent: {}
[14.355175] (-) TimerEvent: {}
[14.455585] (-) TimerEvent: {}
[14.556018] (-) TimerEvent: {}
[14.656435] (-) TimerEvent: {}
[14.756840] (-) TimerEvent: {}
[14.857253] (-) TimerEvent: {}
[14.957728] (-) TimerEvent: {}
[15.058263] (-) TimerEvent: {}
[15.158695] (-) TimerEvent: {}
[15.259094] (-) TimerEvent: {}
[15.359605] (-) TimerEvent: {}
[15.460087] (-) TimerEvent: {}
[15.560569] (-) TimerEvent: {}
[15.660953] (-) TimerEvent: {}
[15.761365] (-) TimerEvent: {}
[15.861777] (-) TimerEvent: {}
[15.962185] (-) TimerEvent: {}
[16.062651] (-) TimerEvent: {}
[16.163048] (-) TimerEvent: {}
[16.263454] (-) TimerEvent: {}
[16.363894] (-) TimerEvent: {}
[16.464318] (-) TimerEvent: {}
[16.564744] (-) TimerEvent: {}
[16.665150] (-) TimerEvent: {}
[16.765631] (-) TimerEvent: {}
[16.866158] (-) TimerEvent: {}
[16.966584] (-) TimerEvent: {}
[17.066991] (-) TimerEvent: {}
[17.167400] (-) TimerEvent: {}
[17.267811] (-) TimerEvent: {}
[17.368209] (-) TimerEvent: {}
[17.468615] (-) TimerEvent: {}
[17.569015] (-) TimerEvent: {}
[17.669419] (-) TimerEvent: {}
[17.769834] (-) TimerEvent: {}
[17.870237] (-) TimerEvent: {}
[17.970656] (-) TimerEvent: {}
[18.071036] (-) TimerEvent: {}
[18.171448] (-) TimerEvent: {}
[18.271880] (-) TimerEvent: {}
[18.372282] (-) TimerEvent: {}
[18.472689] (-) TimerEvent: {}
[18.573095] (-) TimerEvent: {}
[18.673498] (-) TimerEvent: {}
[18.773909] (-) TimerEvent: {}
[18.874317] (-) TimerEvent: {}
[18.974716] (-) TimerEvent: {}
[19.075113] (-) TimerEvent: {}
[19.175522] (-) TimerEvent: {}
[19.275939] (-) TimerEvent: {}
[19.376352] (-) TimerEvent: {}
[19.476779] (-) TimerEvent: {}
[19.577264] (-) TimerEvent: {}
[19.677803] (-) TimerEvent: {}
[19.778248] (-) TimerEvent: {}
[19.878657] (-) TimerEvent: {}
[19.979100] (-) TimerEvent: {}
[20.079574] (-) TimerEvent: {}
[20.179993] (-) TimerEvent: {}
[20.280403] (-) TimerEvent: {}
[20.380799] (-) TimerEvent: {}
[20.481233] (-) TimerEvent: {}
[20.581690] (-) TimerEvent: {}
[20.682083] (-) TimerEvent: {}
[20.782492] (-) TimerEvent: {}
[20.882897] (-) TimerEvent: {}
[20.983300] (-) TimerEvent: {}
[21.083729] (-) TimerEvent: {}
[21.184141] (-) TimerEvent: {}
[21.284565] (-) TimerEvent: {}
[21.384977] (-) TimerEvent: {}
[21.485386] (-) TimerEvent: {}
[21.585795] (-) TimerEvent: {}
[21.686201] (-) TimerEvent: {}
[21.786609] (-) TimerEvent: {}
[21.887014] (-) TimerEvent: {}
[21.987403] (-) TimerEvent: {}
[22.087785] (-) TimerEvent: {}
[22.188189] (-) TimerEvent: {}
[22.288595] (-) TimerEvent: {}
[22.389000] (-) TimerEvent: {}
[22.489403] (-) TimerEvent: {}
[22.589911] (-) TimerEvent: {}
[22.690322] (-) TimerEvent: {}
[22.790738] (-) TimerEvent: {}
[22.891154] (-) TimerEvent: {}
[22.991556] (-) TimerEvent: {}
[23.092001] (-) TimerEvent: {}
[23.192420] (-) TimerEvent: {}
[23.292843] (-) TimerEvent: {}
[23.393254] (-) TimerEvent: {}
[23.493716] (-) TimerEvent: {}
[23.594118] (-) TimerEvent: {}
[23.694533] (-) TimerEvent: {}
[23.794951] (-) TimerEvent: {}
[23.895366] (-) TimerEvent: {}
[23.995778] (-) TimerEvent: {}
[24.096196] (-) TimerEvent: {}
[24.196617] (-) TimerEvent: {}
[24.297043] (-) TimerEvent: {}
[24.397462] (-) TimerEvent: {}
[24.497887] (-) TimerEvent: {}
[24.598311] (-) TimerEvent: {}
[24.698717] (-) TimerEvent: {}
[24.799109] (-) TimerEvent: {}
[24.899533] (-) TimerEvent: {}
[25.000007] (-) TimerEvent: {}
[25.100425] (-) TimerEvent: {}
[25.200853] (-) TimerEvent: {}
[25.301279] (-) TimerEvent: {}
[25.401751] (-) TimerEvent: {}
[25.502116] (-) TimerEvent: {}
[25.602535] (-) TimerEvent: {}
[25.702933] (-) TimerEvent: {}
[25.803325] (-) TimerEvent: {}
[25.903789] (-) TimerEvent: {}
[26.004241] (-) TimerEvent: {}
[26.104699] (-) TimerEvent: {}
[26.205116] (-) TimerEvent: {}
[26.305520] (-) TimerEvent: {}
[26.405928] (-) TimerEvent: {}
[26.506336] (-) TimerEvent: {}
[26.606754] (-) TimerEvent: {}
[26.707153] (-) TimerEvent: {}
[26.807568] (-) TimerEvent: {}
[26.907996] (-) TimerEvent: {}
[27.008408] (-) TimerEvent: {}
[27.108817] (-) TimerEvent: {}
[27.209230] (-) TimerEvent: {}
[27.309641] (-) TimerEvent: {}
[27.410046] (-) TimerEvent: {}
[27.510459] (-) TimerEvent: {}
[27.610872] (-) TimerEvent: {}
[27.711263] (-) TimerEvent: {}
[27.811690] (-) TimerEvent: {}
[27.912081] (-) TimerEvent: {}
[28.012494] (-) TimerEvent: {}
[28.112907] (-) TimerEvent: {}
[28.213322] (-) TimerEvent: {}
[28.313729] (-) TimerEvent: {}
[28.414150] (-) TimerEvent: {}
[28.514551] (-) TimerEvent: {}
[28.614947] (-) TimerEvent: {}
[28.715336] (-) TimerEvent: {}
[28.815743] (-) TimerEvent: {}
[28.916154] (-) TimerEvent: {}
[29.016558] (-) TimerEvent: {}
[29.116992] (-) TimerEvent: {}
[29.217406] (-) TimerEvent: {}
[29.317837] (-) TimerEvent: {}
[29.418249] (-) TimerEvent: {}
[29.518699] (-) TimerEvent: {}
[29.619337] (-) TimerEvent: {}
[29.719765] (-) TimerEvent: {}
[29.820167] (-) TimerEvent: {}
[29.920535] (-) TimerEvent: {}
[30.020926] (-) TimerEvent: {}
[30.121328] (-) TimerEvent: {}
[30.221916] (-) TimerEvent: {}
[30.322330] (-) TimerEvent: {}
[30.422774] (-) TimerEvent: {}
[30.523184] (-) TimerEvent: {}
[30.623577] (-) TimerEvent: {}
[30.723996] (-) TimerEvent: {}
[30.824447] (-) TimerEvent: {}
[30.924846] (-) TimerEvent: {}
[31.025248] (-) TimerEvent: {}
[31.125654] (-) TimerEvent: {}
[31.226074] (-) TimerEvent: {}
[31.326491] (-) TimerEvent: {}
[31.426906] (-) TimerEvent: {}
[31.527322] (-) TimerEvent: {}
[31.627746] (-) TimerEvent: {}
[31.728102] (-) TimerEvent: {}
[31.828524] (-) TimerEvent: {}
[31.928921] (-) TimerEvent: {}
[32.029327] (-) TimerEvent: {}
[32.129730] (-) TimerEvent: {}
[32.230138] (-) TimerEvent: {}
[32.330540] (-) TimerEvent: {}
[32.430944] (-) TimerEvent: {}
[32.531346] (-) TimerEvent: {}
[32.631810] (-) TimerEvent: {}
[32.732244] (-) TimerEvent: {}
[32.832649] (-) TimerEvent: {}
[32.933043] (-) TimerEvent: {}
[33.033444] (-) TimerEvent: {}
[33.133852] (-) TimerEvent: {}
[33.234263] (-) TimerEvent: {}
[33.334670] (-) TimerEvent: {}
[33.435056] (-) TimerEvent: {}
[33.535463] (-) TimerEvent: {}
[33.635945] (-) TimerEvent: {}
[33.736348] (-) TimerEvent: {}
[33.836752] (-) TimerEvent: {}
[33.937160] (-) TimerEvent: {}
[34.037616] (-) TimerEvent: {}
[34.138076] (-) TimerEvent: {}
[34.238509] (-) TimerEvent: {}
[34.338940] (-) TimerEvent: {}
[34.439345] (-) TimerEvent: {}
[34.539774] (-) TimerEvent: {}
[34.640173] (-) TimerEvent: {}
[34.740583] (-) TimerEvent: {}
[34.840972] (-) TimerEvent: {}
[34.941379] (-) TimerEvent: {}
[35.041803] (-) TimerEvent: {}
[35.142210] (-) TimerEvent: {}
[35.242618] (-) TimerEvent: {}
[35.343023] (-) TimerEvent: {}
[35.443421] (-) TimerEvent: {}
[35.543814] (-) TimerEvent: {}
[35.644214] (-) TimerEvent: {}
[35.744614] (-) TimerEvent: {}
[35.845026] (-) TimerEvent: {}
[35.945432] (-) TimerEvent: {}
[36.045838] (-) TimerEvent: {}
[36.146241] (-) TimerEvent: {}
[36.246655] (-) TimerEvent: {}
[36.347068] (-) TimerEvent: {}
[36.447467] (-) TimerEvent: {}
[36.547889] (-) TimerEvent: {}
[36.648295] (-) TimerEvent: {}
[36.748748] (-) TimerEvent: {}
[36.849160] (-) TimerEvent: {}
[36.949591] (-) TimerEvent: {}
[37.050000] (-) TimerEvent: {}
[37.150405] (-) TimerEvent: {}
[37.250822] (-) TimerEvent: {}
[37.351236] (-) TimerEvent: {}
[37.451674] (-) TimerEvent: {}
[37.552076] (-) TimerEvent: {}
[37.652512] (-) TimerEvent: {}
[37.752923] (-) TimerEvent: {}
[37.853331] (-) TimerEvent: {}
[37.953736] (-) TimerEvent: {}
[38.054145] (-) TimerEvent: {}
[38.154545] (-) TimerEvent: {}
[38.254950] (-) TimerEvent: {}
[38.355356] (-) TimerEvent: {}
[38.455786] (-) TimerEvent: {}
[38.556197] (-) TimerEvent: {}
[38.656601] (-) TimerEvent: {}
[38.756999] (-) TimerEvent: {}
[38.857409] (-) TimerEvent: {}
[38.957852] (-) TimerEvent: {}
[39.058290] (-) TimerEvent: {}
[39.158690] (-) TimerEvent: {}
[39.259099] (-) TimerEvent: {}
[39.359518] (-) TimerEvent: {}
[39.459950] (-) TimerEvent: {}
[39.560354] (-) TimerEvent: {}
[39.660764] (-) TimerEvent: {}
[39.761170] (-) TimerEvent: {}
[39.861547] (-) TimerEvent: {}
[39.961943] (-) TimerEvent: {}
[40.062343] (-) TimerEvent: {}
[40.162738] (-) TimerEvent: {}
[40.263145] (-) TimerEvent: {}
[40.363541] (-) TimerEvent: {}
[40.463961] (-) TimerEvent: {}
[40.564374] (-) TimerEvent: {}
[40.664782] (-) TimerEvent: {}
[40.765186] (-) TimerEvent: {}
[40.865600] (-) TimerEvent: {}
[40.966004] (-) TimerEvent: {}
[41.066414] (-) TimerEvent: {}
[41.166817] (-) TimerEvent: {}
[41.267224] (-) TimerEvent: {}
[41.367661] (-) TimerEvent: {}
[41.468073] (-) TimerEvent: {}
[41.568476] (-) TimerEvent: {}
[41.668876] (-) TimerEvent: {}
[41.769279] (-) TimerEvent: {}
[41.869682] (-) TimerEvent: {}
[41.970085] (-) TimerEvent: {}
[42.070489] (-) TimerEvent: {}
[42.170890] (-) TimerEvent: {}
[42.271293] (-) TimerEvent: {}
[42.371726] (-) TimerEvent: {}
[42.472122] (-) TimerEvent: {}
[42.572527] (-) TimerEvent: {}
[42.672984] (-) TimerEvent: {}
[42.773394] (-) TimerEvent: {}
[42.873801] (-) TimerEvent: {}
[42.974204] (-) TimerEvent: {}
[43.074602] (-) TimerEvent: {}
[43.175007] (-) TimerEvent: {}
[43.275406] (-) TimerEvent: {}
[43.375798] (-) TimerEvent: {}
[43.476198] (-) TimerEvent: {}
[43.576606] (-) TimerEvent: {}
[43.676974] (-) TimerEvent: {}
[43.777362] (-) TimerEvent: {}
[43.877780] (-) TimerEvent: {}
[43.978188] (-) TimerEvent: {}
[44.078594] (-) TimerEvent: {}
[44.179004] (-) TimerEvent: {}
[44.279403] (-) TimerEvent: {}
[44.379787] (-) TimerEvent: {}
[44.480191] (-) TimerEvent: {}
[44.580605] (-) TimerEvent: {}
[44.680983] (-) TimerEvent: {}
[44.781393] (-) TimerEvent: {}
[44.881792] (-) TimerEvent: {}
[44.982195] (-) TimerEvent: {}
[45.082600] (-) TimerEvent: {}
[45.182965] (-) TimerEvent: {}
[45.283415] (-) TimerEvent: {}
[45.383935] (-) TimerEvent: {}
[45.484415] (-) TimerEvent: {}
[45.584825] (-) TimerEvent: {}
[45.685229] (-) TimerEvent: {}
[45.785674] (-) TimerEvent: {}
[45.886141] (-) TimerEvent: {}
[45.986673] (-) TimerEvent: {}
[46.087110] (-) TimerEvent: {}
[46.187532] (-) TimerEvent: {}
[46.287966] (-) TimerEvent: {}
[46.388375] (-) TimerEvent: {}
[46.488784] (-) TimerEvent: {}
[46.589197] (-) TimerEvent: {}
[46.689605] (-) TimerEvent: {}
[46.790022] (-) TimerEvent: {}
[46.890383] (-) TimerEvent: {}
[46.990801] (-) TimerEvent: {}
[47.091230] (-) TimerEvent: {}
[47.191650] (-) TimerEvent: {}
[47.292049] (-) TimerEvent: {}
[47.392460] (-) TimerEvent: {}
[47.492833] (-) TimerEvent: {}
[47.593237] (-) TimerEvent: {}
[47.693732] (-) TimerEvent: {}
[47.794141] (-) TimerEvent: {}
[47.894545] (-) TimerEvent: {}
[47.994951] (-) TimerEvent: {}
[48.095353] (-) TimerEvent: {}
[48.195764] (-) TimerEvent: {}
[48.296167] (-) TimerEvent: {}
[48.396582] (-) TimerEvent: {}
[48.497021] (-) TimerEvent: {}
[48.597465] (-) TimerEvent: {}
[48.697876] (-) TimerEvent: {}
[48.798313] (-) TimerEvent: {}
[48.898714] (-) TimerEvent: {}
[48.999107] (-) TimerEvent: {}
[49.099508] (-) TimerEvent: {}
[49.199984] (-) TimerEvent: {}
[49.300391] (-) TimerEvent: {}
[49.400820] (-) TimerEvent: {}
[49.501236] (-) TimerEvent: {}
[49.601655] (-) TimerEvent: {}
[49.702066] (-) TimerEvent: {}
[49.802477] (-) TimerEvent: {}
[49.902899] (-) TimerEvent: {}
[50.003365] (-) TimerEvent: {}
[50.103775] (-) TimerEvent: {}
[50.204182] (-) TimerEvent: {}
[50.304584] (-) TimerEvent: {}
[50.405006] (-) TimerEvent: {}
[50.505415] (-) TimerEvent: {}
[50.605855] (-) TimerEvent: {}
[50.706295] (-) TimerEvent: {}
[50.806720] (-) TimerEvent: {}
[50.907136] (-) TimerEvent: {}
[51.007587] (-) TimerEvent: {}
[51.108051] (-) TimerEvent: {}
[51.208454] (-) TimerEvent: {}
[51.308857] (-) TimerEvent: {}
[51.409255] (-) TimerEvent: {}
[51.509667] (-) TimerEvent: {}
[51.610068] (-) TimerEvent: {}
[51.710469] (-) TimerEvent: {}
[51.810879] (-) TimerEvent: {}
[51.911286] (-) TimerEvent: {}
[52.011709] (-) TimerEvent: {}
[52.112100] (-) TimerEvent: {}
[52.212514] (-) TimerEvent: {}
[52.312905] (-) TimerEvent: {}
[52.413324] (-) TimerEvent: {}
[52.513739] (-) TimerEvent: {}
[52.614159] (-) TimerEvent: {}
[52.714608] (-) TimerEvent: {}
[52.815037] (-) TimerEvent: {}
[52.915464] (-) TimerEvent: {}
[53.015888] (-) TimerEvent: {}
[53.116267] (-) TimerEvent: {}
[53.216648] (-) TimerEvent: {}
[53.317035] (-) TimerEvent: {}
[53.417421] (-) TimerEvent: {}
[53.517832] (-) TimerEvent: {}
[53.618196] (-) TimerEvent: {}
[53.718577] (-) TimerEvent: {}
[53.818951] (-) TimerEvent: {}
[53.919335] (-) TimerEvent: {}
[54.019734] (-) TimerEvent: {}
[54.120123] (-) TimerEvent: {}
[54.220509] (-) TimerEvent: {}
[54.320889] (-) TimerEvent: {}
[54.421270] (-) TimerEvent: {}
[54.521632] (-) TimerEvent: {}
[54.622036] (-) TimerEvent: {}
[54.722419] (-) TimerEvent: {}
[54.822804] (-) TimerEvent: {}
[54.923193] (-) TimerEvent: {}
[55.023580] (-) TimerEvent: {}
[55.123984] (-) TimerEvent: {}
[55.224947] (-) TimerEvent: {}
[55.325342] (-) TimerEvent: {}
[55.425745] (-) TimerEvent: {}
[55.526132] (-) TimerEvent: {}
[55.626516] (-) TimerEvent: {}
[55.726896] (-) TimerEvent: {}
[55.827315] (-) TimerEvent: {}
[55.927726] (-) TimerEvent: {}
[56.028150] (-) TimerEvent: {}
[56.128536] (-) TimerEvent: {}
[56.228924] (-) TimerEvent: {}
[56.329345] (-) TimerEvent: {}
[56.429799] (-) TimerEvent: {}
[56.530247] (-) TimerEvent: {}
[56.630685] (-) TimerEvent: {}
[56.731068] (-) TimerEvent: {}
[56.831464] (-) TimerEvent: {}
[56.931975] (-) TimerEvent: {}
[57.032359] (-) TimerEvent: {}
[57.132740] (-) TimerEvent: {}
[57.233120] (-) TimerEvent: {}
[57.333514] (-) TimerEvent: {}
[57.433859] (-) TimerEvent: {}
[57.534239] (-) TimerEvent: {}
[57.634614] (-) TimerEvent: {}
[57.734996] (-) TimerEvent: {}
[57.835369] (-) TimerEvent: {}
[57.935761] (-) TimerEvent: {}
[58.036131] (-) TimerEvent: {}
[58.136529] (-) TimerEvent: {}
[58.236992] (-) TimerEvent: {}
[58.337407] (-) TimerEvent: {}
[58.437799] (-) TimerEvent: {}
[58.538190] (-) TimerEvent: {}
[58.638566] (-) TimerEvent: {}
[58.738949] (-) TimerEvent: {}
[58.839337] (-) TimerEvent: {}
[58.939744] (-) TimerEvent: {}
[59.040114] (-) TimerEvent: {}
[59.140498] (-) TimerEvent: {}
[59.240894] (-) TimerEvent: {}
[59.341271] (-) TimerEvent: {}
[59.441652] (-) TimerEvent: {}
[59.542040] (-) TimerEvent: {}
[59.642419] (-) TimerEvent: {}
[59.742802] (-) TimerEvent: {}
[59.843183] (-) TimerEvent: {}
[59.943563] (-) TimerEvent: {}
[60.043951] (-) TimerEvent: {}
[60.144323] (-) TimerEvent: {}
[60.244703] (-) TimerEvent: {}
[60.345080] (-) TimerEvent: {}
[60.445458] (-) TimerEvent: {}
[60.545843] (-) TimerEvent: {}
[60.646233] (-) TimerEvent: {}
[60.746620] (-) TimerEvent: {}
[60.847009] (-) TimerEvent: {}
[60.947396] (-) TimerEvent: {}
[61.047775] (-) TimerEvent: {}
[61.148182] (-) TimerEvent: {}
[61.248606] (-) TimerEvent: {}
[61.348990] (-) TimerEvent: {}
[61.449410] (-) TimerEvent: {}
[61.549786] (-) TimerEvent: {}
[61.650208] (-) TimerEvent: {}
[61.750589] (-) TimerEvent: {}
[61.850971] (-) TimerEvent: {}
[61.951358] (-) TimerEvent: {}
[62.051756] (-) TimerEvent: {}
[62.152133] (-) TimerEvent: {}
[62.252515] (-) TimerEvent: {}
[62.352893] (-) TimerEvent: {}
[62.453276] (-) TimerEvent: {}
[62.553655] (-) TimerEvent: {}
[62.654035] (-) TimerEvent: {}
[62.754415] (-) TimerEvent: {}
[62.854790] (-) TimerEvent: {}
[62.955167] (-) TimerEvent: {}
[63.055544] (-) TimerEvent: {}
[63.155951] (-) TimerEvent: {}
[63.256374] (-) TimerEvent: {}
[63.356762] (-) TimerEvent: {}
[63.457126] (-) TimerEvent: {}
[63.557509] (-) TimerEvent: {}
[63.657890] (-) TimerEvent: {}
[63.758264] (-) TimerEvent: {}
[63.858649] (-) TimerEvent: {}
[63.959027] (-) TimerEvent: {}
[64.059411] (-) TimerEvent: {}
[64.159790] (-) TimerEvent: {}
[64.260166] (-) TimerEvent: {}
[64.360543] (-) TimerEvent: {}
[64.460922] (-) TimerEvent: {}
[64.561295] (-) TimerEvent: {}
[64.661735] (-) TimerEvent: {}
[64.762156] (-) TimerEvent: {}
[64.862535] (-) TimerEvent: {}
[64.962955] (-) TimerEvent: {}
[65.063327] (-) TimerEvent: {}
[65.163763] (-) TimerEvent: {}
[65.264221] (-) TimerEvent: {}
[65.364640] (-) TimerEvent: {}
[65.465018] (-) TimerEvent: {}
[65.565437] (-) TimerEvent: {}
[65.665851] (-) TimerEvent: {}
[65.766291] (-) TimerEvent: {}
[65.866731] (-) TimerEvent: {}
[65.967099] (-) TimerEvent: {}
[66.067522] (-) TimerEvent: {}
[66.167930] (-) TimerEvent: {}
[66.268323] (-) TimerEvent: {}
[66.368702] (-) TimerEvent: {}
[66.469082] (-) TimerEvent: {}
[66.569461] (-) TimerEvent: {}
[66.669846] (-) TimerEvent: {}
[66.770227] (-) TimerEvent: {}
[66.870721] (-) TimerEvent: {}
[66.971133] (-) TimerEvent: {}
[67.071503] (-) TimerEvent: {}
[67.171942] (-) TimerEvent: {}
[67.272327] (-) TimerEvent: {}
[67.372707] (-) TimerEvent: {}
[67.473083] (-) TimerEvent: {}
[67.573454] (-) TimerEvent: {}
[67.673841] (-) TimerEvent: {}
[67.774211] (-) TimerEvent: {}
[67.874592] (-) TimerEvent: {}
[67.974958] (-) TimerEvent: {}
[68.075336] (-) TimerEvent: {}
[68.175741] (-) TimerEvent: {}
[68.276121] (-) TimerEvent: {}
[68.376560] (-) TimerEvent: {}
[68.476947] (-) TimerEvent: {}
[68.577325] (-) TimerEvent: {}
[68.677813] (-) TimerEvent: {}
[68.778252] (-) TimerEvent: {}
[68.878627] (-) TimerEvent: {}
[68.979003] (-) TimerEvent: {}
[69.079383] (-) TimerEvent: {}
[69.179767] (-) TimerEvent: {}
[69.280141] (-) TimerEvent: {}
[69.380516] (-) TimerEvent: {}
[69.480892] (-) TimerEvent: {}
[69.581268] (-) TimerEvent: {}
[69.681656] (-) TimerEvent: {}
[69.782126] (-) TimerEvent: {}
[69.882505] (-) TimerEvent: {}
[69.982924] (-) TimerEvent: {}
[70.083364] (-) TimerEvent: {}
[70.183788] (-) TimerEvent: {}
[70.284174] (-) TimerEvent: {}
[70.384586] (-) TimerEvent: {}
[70.484970] (-) TimerEvent: {}
[70.585347] (-) TimerEvent: {}
[70.685725] (-) TimerEvent: {}
[70.786110] (-) TimerEvent: {}
[70.886493] (-) TimerEvent: {}
[70.986894] (-) TimerEvent: {}
[71.087296] (-) TimerEvent: {}
[71.187700] (-) TimerEvent: {}
[71.288078] (-) TimerEvent: {}
[71.388500] (-) TimerEvent: {}
[71.488953] (-) TimerEvent: {}
[71.589334] (-) TimerEvent: {}
[71.689717] (-) TimerEvent: {}
[71.790145] (-) TimerEvent: {}
[71.890555] (-) TimerEvent: {}
[71.991026] (-) TimerEvent: {}
[72.091404] (-) TimerEvent: {}
[72.191826] (-) TimerEvent: {}
[72.292288] (-) TimerEvent: {}
[72.392719] (-) TimerEvent: {}
[72.493139] (-) TimerEvent: {}
[72.593533] (-) TimerEvent: {}
[72.693915] (-) TimerEvent: {}
[72.794290] (-) TimerEvent: {}
[72.894674] (-) TimerEvent: {}
[72.995071] (-) TimerEvent: {}
[73.095458] (-) TimerEvent: {}
[73.195860] (-) TimerEvent: {}
[73.296244] (-) TimerEvent: {}
[73.396626] (-) TimerEvent: {}
[73.497015] (-) TimerEvent: {}
[73.597398] (-) TimerEvent: {}
[73.697776] (-) TimerEvent: {}
[73.798162] (-) TimerEvent: {}
[73.898568] (-) TimerEvent: {}
[73.998974] (-) TimerEvent: {}
[74.099372] (-) TimerEvent: {}
[74.199796] (-) TimerEvent: {}
[74.300207] (-) TimerEvent: {}
[74.400623] (-) TimerEvent: {}
[74.501033] (-) TimerEvent: {}
[74.601434] (-) TimerEvent: {}
[74.701834] (-) TimerEvent: {}
[74.802231] (-) TimerEvent: {}
[74.902625] (-) TimerEvent: {}
[75.003032] (-) TimerEvent: {}
[75.103470] (-) TimerEvent: {}
[75.203879] (-) TimerEvent: {}
[75.304278] (-) TimerEvent: {}
[75.404689] (-) TimerEvent: {}
[75.505097] (-) TimerEvent: {}
[75.605497] (-) TimerEvent: {}
[75.705898] (-) TimerEvent: {}
[75.806297] (-) TimerEvent: {}
[75.906692] (-) TimerEvent: {}
[76.007106] (-) TimerEvent: {}
[76.107499] (-) TimerEvent: {}
[76.207922] (-) TimerEvent: {}
[76.308325] (-) TimerEvent: {}
[76.408726] (-) TimerEvent: {}
[76.509169] (-) TimerEvent: {}
[76.609568] (-) TimerEvent: {}
[76.709964] (-) TimerEvent: {}
[76.810370] (-) TimerEvent: {}
[76.910771] (-) TimerEvent: {}
[77.011167] (-) TimerEvent: {}
[77.111569] (-) TimerEvent: {}
[77.211985] (-) TimerEvent: {}
[77.312390] (-) TimerEvent: {}
[77.412794] (-) TimerEvent: {}
[77.513185] (-) TimerEvent: {}
[77.613589] (-) TimerEvent: {}
[77.713989] (-) TimerEvent: {}
[77.814402] (-) TimerEvent: {}
[77.914806] (-) TimerEvent: {}
[78.015212] (-) TimerEvent: {}
[78.115636] (-) TimerEvent: {}
[78.216035] (-) TimerEvent: {}
[78.316442] (-) TimerEvent: {}
[78.416842] (-) TimerEvent: {}
[78.517252] (-) TimerEvent: {}
[78.617659] (-) TimerEvent: {}
[78.718075] (-) TimerEvent: {}
[78.818481] (-) TimerEvent: {}
[78.918855] (-) TimerEvent: {}
[79.019258] (-) TimerEvent: {}
[79.119679] (-) TimerEvent: {}
[79.220056] (-) TimerEvent: {}
[79.320459] (-) TimerEvent: {}
[79.420863] (-) TimerEvent: {}
[79.499868] (pcd_ndt_localization) StdoutLine: {'line': b'[100%] Linking CXX executable pcd_ndt_localizer\n'}
[79.521040] (-) TimerEvent: {}
[79.621423] (-) TimerEvent: {}
[79.721826] (-) TimerEvent: {}
[79.822255] (-) TimerEvent: {}
[79.922686] (-) TimerEvent: {}
[80.023115] (-) TimerEvent: {}
[80.123535] (-) TimerEvent: {}
[80.223997] (-) TimerEvent: {}
[80.324464] (-) TimerEvent: {}
[80.424888] (-) TimerEvent: {}
[80.525302] (-) TimerEvent: {}
[80.625724] (-) TimerEvent: {}
[80.726132] (-) TimerEvent: {}
[80.826536] (-) TimerEvent: {}
[80.926947] (-) TimerEvent: {}
[81.027397] (-) TimerEvent: {}
[81.127905] (-) TimerEvent: {}
[81.228403] (-) TimerEvent: {}
[81.328854] (-) TimerEvent: {}
[81.429329] (-) TimerEvent: {}
[81.529814] (-) TimerEvent: {}
[81.630279] (-) TimerEvent: {}
[81.730690] (-) TimerEvent: {}
[81.831156] (-) TimerEvent: {}
[81.931573] (-) TimerEvent: {}
[82.032069] (-) TimerEvent: {}
[82.132607] (-) TimerEvent: {}
[82.233037] (-) TimerEvent: {}
[82.333474] (-) TimerEvent: {}
[82.433887] (-) TimerEvent: {}
[82.534307] (-) TimerEvent: {}
[82.634726] (-) TimerEvent: {}
[82.735137] (-) TimerEvent: {}
[82.835555] (-) TimerEvent: {}
[82.936004] (-) TimerEvent: {}
[83.036431] (-) TimerEvent: {}
[83.136867] (-) TimerEvent: {}
[83.237306] (-) TimerEvent: {}
[83.337733] (-) TimerEvent: {}
[83.438248] (-) TimerEvent: {}
[83.538662] (-) TimerEvent: {}
[83.639166] (-) TimerEvent: {}
[83.739597] (-) TimerEvent: {}
[83.840025] (-) TimerEvent: {}
[83.940433] (-) TimerEvent: {}
[84.040850] (-) TimerEvent: {}
[84.141284] (-) TimerEvent: {}
[84.241680] (-) TimerEvent: {}
[84.342100] (-) TimerEvent: {}
[84.442530] (-) TimerEvent: {}
[84.542938] (-) TimerEvent: {}
[84.643337] (-) TimerEvent: {}
[84.743758] (-) TimerEvent: {}
[84.844155] (-) TimerEvent: {}
[84.944576] (-) TimerEvent: {}
[85.044970] (-) TimerEvent: {}
[85.145372] (-) TimerEvent: {}
[85.245761] (-) TimerEvent: {}
[85.346263] (-) TimerEvent: {}
[85.446674] (-) TimerEvent: {}
[85.547095] (-) TimerEvent: {}
[85.647505] (-) TimerEvent: {}
[85.747937] (-) TimerEvent: {}
[85.848392] (-) TimerEvent: {}
[85.948780] (-) TimerEvent: {}
[86.049170] (-) TimerEvent: {}
[86.149563] (-) TimerEvent: {}
[86.162291] (pcd_ndt_localization) StdoutLine: {'line': b'[100%] Built target pcd_ndt_localizer\n'}
[86.171459] (pcd_ndt_localization) CommandEnded: {'returncode': 0}
[86.173451] (pcd_ndt_localization) JobProgress: {'identifier': 'pcd_ndt_localization', 'progress': 'install'}
[86.180875] (pcd_ndt_localization) Command: {'cmd': ['/usr/local/bin/cmake', '--install', '/home/seeed/ros2/ws/build/pcd_ndt_localization'], 'cwd': '/home/seeed/ros2/ws/build/pcd_ndt_localization', 'env': OrderedDict([('LANGUAGE', 'zh_CN:en'), ('USER', 'seeed'), ('SSH_CLIENT', '10.200.24.83 36139 22'), ('LC_TIME', 'zh_CN.UTF-8'), ('XDG_SESSION_TYPE', 'tty'), ('SHLVL', '0'), ('LD_LIBRARY_PATH', '/opt/ros/humble/opt/rviz_ogre_vendor/lib:/opt/ros/humble/lib/aarch64-linux-gnu:/opt/ros/humble/lib'), ('MOTD_SHOWN', 'pam'), ('HOME', '/home/seeed'), ('OLDPWD', '/home/seeed'), ('ROS_PYTHON_VERSION', '3'), ('LC_MONETARY', 'zh_CN.UTF-8'), ('LC_CTYPE', 'C.UTF-8'), ('DBUS_SESSION_BUS_ADDRESS', 'unix:path=/run/user/1000/bus'), ('ROS_DISTRO', 'humble'), ('LOGNAME', 'seeed'), ('_', '/usr/bin/colcon'), ('ROS_VERSION', '2'), ('XDG_SESSION_CLASS', 'user'), ('XDG_SESSION_ID', '481'), ('ROS_LOCALHOST_ONLY', '0'), ('PATH', '/opt/ros/humble/bin:/usr/local/sbin:/usr/local/bin:/usr/sbin:/usr/bin:/sbin:/bin:/usr/games:/usr/local/games:/snap/bin'), ('PAPERSIZE', 'a4'), ('LC_ADDRESS', 'zh_CN.UTF-8'), ('XDG_RUNTIME_DIR', '/run/user/1000'), ('DISPLAY', 'localhost:10.0'), ('LANG', 'zh_CN.UTF-8'), ('LC_TELEPHONE', 'zh_CN.UTF-8'), ('AMENT_PREFIX_PATH', '/opt/ros/humble'), ('SHELL', '/bin/bash'), ('LC_NAME', 'zh_CN.UTF-8'), ('LC_MEASUREMENT', 'zh_CN.UTF-8'), ('LC_IDENTIFICATION', 'zh_CN.UTF-8'), ('PWD', '/home/seeed/ros2/ws/build/pcd_ndt_localization'), ('LC_ALL', 'en_US.UTF-8'), ('SSH_CONNECTION', '10.200.24.83 36139 10.200.54.207 22'), ('PYTHONPATH', '/opt/ros/humble/lib/python3.10/site-packages:/opt/ros/humble/local/lib/python3.10/dist-packages'), ('LC_NUMERIC', 'zh_CN.UTF-8'), ('LC_PAPER', 'zh_CN.UTF-8'), ('COLCON', '1'), ('CMAKE_PREFIX_PATH', '/opt/ros/humble')]), 'shell': False}
[86.186514] (pcd_ndt_localization) StdoutLine: {'line': b'-- Install configuration: ""\n'}
[86.187769] (pcd_ndt_localization) StdoutLine: {'line': b'-- Execute custom install script\n'}
[86.188806] (pcd_ndt_localization) StdoutLine: {'line': b'-- Up-to-date symlink: /home/seeed/ros2/ws/install/pcd_ndt_localization/lib/pcd_ndt_localization/pcd_ndt_localizer\n'}
[86.189194] (pcd_ndt_localization) StdoutLine: {'line': b'-- Up-to-date symlink: /home/seeed/ros2/ws/install/pcd_ndt_localization/lib/pcd_ndt_localization/pcd_occupancy_grid_publisher\n'}
[86.189736] (pcd_ndt_localization) StdoutLine: {'line': b'-- Up-to-date symlink: /home/seeed/ros2/ws/install/pcd_ndt_localization/share/pcd_ndt_localization/config/ndt_localization.yaml\n'}
[86.190261] (pcd_ndt_localization) StdoutLine: {'line': b'-- Up-to-date symlink: /home/seeed/ros2/ws/install/pcd_ndt_localization/share/pcd_ndt_localization/launch/localization.launch.py\n'}
[86.190967] (pcd_ndt_localization) StdoutLine: {'line': b'-- Up-to-date symlink: /home/seeed/ros2/ws/install/pcd_ndt_localization/share/ament_index/resource_index/package_run_dependencies/pcd_ndt_localization\n'}
[86.191435] (pcd_ndt_localization) StdoutLine: {'line': b'-- Up-to-date symlink: /home/seeed/ros2/ws/install/pcd_ndt_localization/share/ament_index/resource_index/parent_prefix_path/pcd_ndt_localization\n'}
[86.192117] (pcd_ndt_localization) StdoutLine: {'line': b'-- Up-to-date symlink: /home/seeed/ros2/ws/install/pcd_ndt_localization/share/pcd_ndt_localization/environment/ament_prefix_path.sh\n'}
[86.192601] (pcd_ndt_localization) StdoutLine: {'line': b'-- Up-to-date symlink: /home/seeed/ros2/ws/install/pcd_ndt_localization/share/pcd_ndt_localization/environment/ament_prefix_path.dsv\n'}
[86.192850] (pcd_ndt_localization) StdoutLine: {'line': b'-- Up-to-date symlink: /home/seeed/ros2/ws/install/pcd_ndt_localization/share/pcd_ndt_localization/environment/path.sh\n'}
[86.193475] (pcd_ndt_localization) StdoutLine: {'line': b'-- Up-to-date symlink: /home/seeed/ros2/ws/install/pcd_ndt_localization/share/pcd_ndt_localization/environment/path.dsv\n'}
[86.193781] (pcd_ndt_localization) StdoutLine: {'line': b'-- Up-to-date symlink: /home/seeed/ros2/ws/install/pcd_ndt_localization/share/pcd_ndt_localization/local_setup.bash\n'}
[86.194135] (pcd_ndt_localization) StdoutLine: {'line': b'-- Up-to-date symlink: /home/seeed/ros2/ws/install/pcd_ndt_localization/share/pcd_ndt_localization/local_setup.sh\n'}
[86.194478] (pcd_ndt_localization) StdoutLine: {'line': b'-- Up-to-date symlink: /home/seeed/ros2/ws/install/pcd_ndt_localization/share/pcd_ndt_localization/local_setup.zsh\n'}
[86.194915] (pcd_ndt_localization) StdoutLine: {'line': b'-- Up-to-date symlink: /home/seeed/ros2/ws/install/pcd_ndt_localization/share/pcd_ndt_localization/local_setup.dsv\n'}
[86.195101] (pcd_ndt_localization) StdoutLine: {'line': b'-- Symlinking: /home/seeed/ros2/ws/install/pcd_ndt_localization/share/pcd_ndt_localization/package.dsv\n'}
[86.200288] (pcd_ndt_localization) StdoutLine: {'line': b'-- Up-to-date symlink: /home/seeed/ros2/ws/install/pcd_ndt_localization/share/ament_index/resource_index/packages/pcd_ndt_localization\n'}
[86.200991] (pcd_ndt_localization) StdoutLine: {'line': b'-- Up-to-date symlink: /home/seeed/ros2/ws/install/pcd_ndt_localization/share/pcd_ndt_localization/cmake/pcd_ndt_localizationConfig.cmake\n'}
[86.201405] (pcd_ndt_localization) StdoutLine: {'line': b'-- Up-to-date symlink: /home/seeed/ros2/ws/install/pcd_ndt_localization/share/pcd_ndt_localization/cmake/pcd_ndt_localizationConfig-version.cmake\n'}
[86.201583] (pcd_ndt_localization) StdoutLine: {'line': b'-- Up-to-date symlink: /home/seeed/ros2/ws/install/pcd_ndt_localization/share/pcd_ndt_localization/package.xml\n'}
[86.203642] (pcd_ndt_localization) CommandEnded: {'returncode': 0}
[86.249741] (-) TimerEvent: {}
[86.270632] (pcd_ndt_localization) JobEnded: {'identifier': 'pcd_ndt_localization', 'rc': 0}
[86.272295] (-) EventReactorShutdown: {}
