[0.000000] (-) TimerEvent: {}
[0.009011] (-) JobUnselected: {'identifier': 'fast_lio'}
[0.009112] (-) JobUnselected: {'identifier': 'livox_ros_driver2'}
[0.009155] (-) JobUnselected: {'identifier': 'ranger_base'}
[0.009190] (-) JobUnselected: {'identifier': 'ranger_bringup'}
[0.009221] (-) JobUnselected: {'identifier': 'ranger_msgs'}
[0.009253] (-) JobUnselected: {'identifier': 'ugv_sdk'}
[0.009282] (-) JobUnselected: {'identifier': 'vikit_common'}
[0.009312] (-) JobUnselected: {'identifier': 'vikit_ros'}
[0.009348] (pcd_ndt_localization) JobQueued: {'identifier': 'pcd_ndt_localization', 'dependencies': OrderedDict()}
[0.009388] (pcd_ndt_localization) JobStarted: {'identifier': 'pcd_ndt_localization'}
[0.072962] (pcd_ndt_localization) JobProgress: {'identifier': 'pcd_ndt_localization', 'progress': 'cmake'}
[0.073090] (pcd_ndt_localization) JobProgress: {'identifier': 'pcd_ndt_localization', 'progress': 'build'}
[0.073141] (pcd_ndt_localization) Command: {'cmd': ['/usr/local/bin/cmake', '--build', '/home/seeed/ros2/ws/build/pcd_ndt_localization', '--', '-j6', '-l6'], 'cwd': '/home/seeed/ros2/ws/build/pcd_ndt_localization', 'env': OrderedDict([('LANGUAGE', 'zh_CN:en'), ('USER', 'seeed'), ('SSH_CLIENT', '10.200.24.83 47389 22'), ('LC_TIME', 'zh_CN.UTF-8'), ('XDG_SESSION_TYPE', 'tty'), ('SHLVL', '0'), ('LD_LIBRARY_PATH', '/opt/ros/humble/opt/rviz_ogre_vendor/lib:/opt/ros/humble/lib/aarch64-linux-gnu:/opt/ros/humble/lib'), ('MOTD_SHOWN', 'pam'), ('HOME', '/home/seeed'), ('OLDPWD', '/home/seeed'), ('ROS_PYTHON_VERSION', '3'), ('LC_MONETARY', 'zh_CN.UTF-8'), ('LC_CTYPE', 'C.UTF-8'), ('DBUS_SESSION_BUS_ADDRESS', 'unix:path=/run/user/1000/bus'), ('ROS_DISTRO', 'humble'), ('LOGNAME', 'seeed'), ('_', '/usr/bin/colcon'), ('ROS_VERSION', '2'), ('XDG_SESSION_CLASS', 'user'), ('XDG_SESSION_ID', '54'), ('ROS_LOCALHOST_ONLY', '0'), ('PATH', '/opt/ros/humble/bin:/usr/local/sbin:/usr/local/bin:/usr/sbin:/usr/bin:/sbin:/bin:/usr/games:/usr/local/games:/snap/bin'), ('PAPERSIZE', 'a4'), ('LC_ADDRESS', 'zh_CN.UTF-8'), ('XDG_RUNTIME_DIR', '/run/user/1000'), ('DISPLAY', 'localhost:14.0'), ('LANG', 'zh_CN.UTF-8'), ('LC_TELEPHONE', 'zh_CN.UTF-8'), ('AMENT_PREFIX_PATH', '/opt/ros/humble'), ('SHELL', '/bin/bash'), ('LC_NAME', 'zh_CN.UTF-8'), ('LC_MEASUREMENT', 'zh_CN.UTF-8'), ('LC_IDENTIFICATION', 'zh_CN.UTF-8'), ('PWD', '/home/seeed/ros2/ws/build/pcd_ndt_localization'), ('LC_ALL', 'en_US.UTF-8'), ('SSH_CONNECTION', '10.200.24.83 47389 10.200.54.207 22'), ('PYTHONPATH', '/opt/ros/humble/lib/python3.10/site-packages:/opt/ros/humble/local/lib/python3.10/dist-packages'), ('LC_NUMERIC', 'zh_CN.UTF-8'), ('LC_PAPER', 'zh_CN.UTF-8'), ('COLCON', '1'), ('CMAKE_PREFIX_PATH', '/opt/ros/humble')]), 'shell': False}
[0.099823] (-) TimerEvent: {}
[0.200152] (-) TimerEvent: {}
[0.300503] (-) TimerEvent: {}
[0.400836] (-) TimerEvent: {}
[0.409645] (pcd_ndt_localization) StdoutLine: {'line': b'[ 25%] Building CXX object CMakeFiles/pcd_ndt_localizer.dir/src/pcd_ndt_localizer.cpp.o\n'}
[0.500990] (-) TimerEvent: {}
[0.601351] (-) TimerEvent: {}
[0.701710] (-) TimerEvent: {}
[0.802066] (-) TimerEvent: {}
[0.902425] (-) TimerEvent: {}
[1.002784] (-) TimerEvent: {}
[1.103156] (-) TimerEvent: {}
[1.203515] (-) TimerEvent: {}
[1.303879] (-) TimerEvent: {}
[1.404237] (-) TimerEvent: {}
[1.504587] (-) TimerEvent: {}
[1.604941] (-) TimerEvent: {}
[1.705298] (-) TimerEvent: {}
[1.805662] (-) TimerEvent: {}
[1.906043] (-) TimerEvent: {}
[2.006405] (-) TimerEvent: {}
[2.106740] (-) TimerEvent: {}
[2.207023] (-) TimerEvent: {}
[2.307237] (-) TimerEvent: {}
[2.407450] (-) TimerEvent: {}
[2.507661] (-) TimerEvent: {}
[2.607824] (-) TimerEvent: {}
[2.707965] (-) TimerEvent: {}
[2.808106] (-) TimerEvent: {}
[2.908250] (-) TimerEvent: {}
[3.008386] (-) TimerEvent: {}
[3.108530] (-) TimerEvent: {}
[3.208667] (-) TimerEvent: {}
[3.308803] (-) TimerEvent: {}
[3.408954] (-) TimerEvent: {}
[3.509100] (-) TimerEvent: {}
[3.609246] (-) TimerEvent: {}
[3.709495] (-) TimerEvent: {}
[3.809831] (-) TimerEvent: {}
[3.910177] (-) TimerEvent: {}
[4.010545] (-) TimerEvent: {}
[4.110915] (-) TimerEvent: {}
[4.211328] (-) TimerEvent: {}
[4.311688] (-) TimerEvent: {}
[4.412043] (-) TimerEvent: {}
[4.512408] (-) TimerEvent: {}
[4.612800] (-) TimerEvent: {}
[4.713183] (-) TimerEvent: {}
[4.813562] (-) TimerEvent: {}
[4.913942] (-) TimerEvent: {}
[5.014314] (-) TimerEvent: {}
[5.114677] (-) TimerEvent: {}
[5.215025] (-) TimerEvent: {}
[5.315395] (-) TimerEvent: {}
[5.415763] (-) TimerEvent: {}
[5.516113] (-) TimerEvent: {}
[5.616483] (-) TimerEvent: {}
[5.716844] (-) TimerEvent: {}
[5.817210] (-) TimerEvent: {}
[5.917568] (-) TimerEvent: {}
[6.017916] (-) TimerEvent: {}
[6.118273] (-) TimerEvent: {}
[6.218624] (-) TimerEvent: {}
[6.318984] (-) TimerEvent: {}
[6.419337] (-) TimerEvent: {}
[6.519697] (-) TimerEvent: {}
[6.620051] (-) TimerEvent: {}
[6.720390] (-) TimerEvent: {}
[6.820756] (-) TimerEvent: {}
[6.921107] (-) TimerEvent: {}
[7.021452] (-) TimerEvent: {}
[7.121770] (-) TimerEvent: {}
[7.222111] (-) TimerEvent: {}
[7.322464] (-) TimerEvent: {}
[7.422811] (-) TimerEvent: {}
[7.523163] (-) TimerEvent: {}
[7.623523] (-) TimerEvent: {}
[7.723877] (-) TimerEvent: {}
[7.824240] (-) TimerEvent: {}
[7.924571] (-) TimerEvent: {}
[8.024918] (-) TimerEvent: {}
[8.125267] (-) TimerEvent: {}
[8.225625] (-) TimerEvent: {}
[8.325975] (-) TimerEvent: {}
[8.426326] (-) TimerEvent: {}
[8.526669] (-) TimerEvent: {}
[8.627023] (-) TimerEvent: {}
[8.727381] (-) TimerEvent: {}
[8.827744] (-) TimerEvent: {}
[8.928105] (-) TimerEvent: {}
[9.028474] (-) TimerEvent: {}
[9.128803] (-) TimerEvent: {}
[9.229154] (-) TimerEvent: {}
[9.329525] (-) TimerEvent: {}
[9.429888] (-) TimerEvent: {}
[9.530231] (-) TimerEvent: {}
[9.630571] (-) TimerEvent: {}
[9.730913] (-) TimerEvent: {}
[9.831252] (-) TimerEvent: {}
[9.931613] (-) TimerEvent: {}
[10.031959] (-) TimerEvent: {}
[10.132319] (-) TimerEvent: {}
[10.232692] (-) TimerEvent: {}
[10.333046] (-) TimerEvent: {}
[10.433396] (-) TimerEvent: {}
[10.533747] (-) TimerEvent: {}
[10.634092] (-) TimerEvent: {}
[10.734425] (-) TimerEvent: {}
[10.834745] (-) TimerEvent: {}
[10.935064] (-) TimerEvent: {}
[11.035379] (-) TimerEvent: {}
[11.135696] (-) TimerEvent: {}
[11.236041] (-) TimerEvent: {}
[11.336383] (-) TimerEvent: {}
[11.436742] (-) TimerEvent: {}
[11.537078] (-) TimerEvent: {}
[11.637412] (-) TimerEvent: {}
[11.737755] (-) TimerEvent: {}
[11.838091] (-) TimerEvent: {}
[11.938399] (-) TimerEvent: {}
[12.038695] (-) TimerEvent: {}
[12.138980] (-) TimerEvent: {}
[12.239281] (-) TimerEvent: {}
[12.339607] (-) TimerEvent: {}
[12.439930] (-) TimerEvent: {}
[12.540245] (-) TimerEvent: {}
[12.640524] (-) TimerEvent: {}
[12.740803] (-) TimerEvent: {}
[12.841087] (-) TimerEvent: {}
[12.941333] (-) TimerEvent: {}
[13.041497] (-) TimerEvent: {}
[13.141635] (-) TimerEvent: {}
[13.241773] (-) TimerEvent: {}
[13.341912] (-) TimerEvent: {}
[13.442053] (-) TimerEvent: {}
[13.542195] (-) TimerEvent: {}
[13.642324] (-) TimerEvent: {}
[13.742451] (-) TimerEvent: {}
[13.842592] (-) TimerEvent: {}
[13.942727] (-) TimerEvent: {}
[14.042855] (-) TimerEvent: {}
[14.142983] (-) TimerEvent: {}
[14.243116] (-) TimerEvent: {}
[14.343250] (-) TimerEvent: {}
[14.443389] (-) TimerEvent: {}
[14.543527] (-) TimerEvent: {}
[14.643660] (-) TimerEvent: {}
[14.743788] (-) TimerEvent: {}
[14.843918] (-) TimerEvent: {}
[14.944044] (-) TimerEvent: {}
[15.044170] (-) TimerEvent: {}
[15.144297] (-) TimerEvent: {}
[15.244424] (-) TimerEvent: {}
[15.344574] (-) TimerEvent: {}
[15.444711] (-) TimerEvent: {}
[15.544850] (-) TimerEvent: {}
[15.644981] (-) TimerEvent: {}
[15.745104] (-) TimerEvent: {}
[15.845224] (-) TimerEvent: {}
[15.945345] (-) TimerEvent: {}
[16.045466] (-) TimerEvent: {}
[16.145590] (-) TimerEvent: {}
[16.245722] (-) TimerEvent: {}
[16.345857] (-) TimerEvent: {}
[16.446001] (-) TimerEvent: {}
[16.546155] (-) TimerEvent: {}
[16.646294] (-) TimerEvent: {}
[16.746428] (-) TimerEvent: {}
[16.846562] (-) TimerEvent: {}
[16.946694] (-) TimerEvent: {}
[17.046825] (-) TimerEvent: {}
[17.146959] (-) TimerEvent: {}
[17.247092] (-) TimerEvent: {}
[17.347227] (-) TimerEvent: {}
[17.447366] (-) TimerEvent: {}
[17.547507] (-) TimerEvent: {}
[17.647686] (-) TimerEvent: {}
[17.747819] (-) TimerEvent: {}
[17.847952] (-) TimerEvent: {}
[17.948087] (-) TimerEvent: {}
[18.048219] (-) TimerEvent: {}
[18.148352] (-) TimerEvent: {}
[18.248471] (-) TimerEvent: {}
[18.348689] (-) TimerEvent: {}
[18.449022] (-) TimerEvent: {}
[18.549400] (-) TimerEvent: {}
[18.649770] (-) TimerEvent: {}
[18.750136] (-) TimerEvent: {}
[18.850482] (-) TimerEvent: {}
[18.950819] (-) TimerEvent: {}
[19.051163] (-) TimerEvent: {}
[19.151500] (-) TimerEvent: {}
[19.251845] (-) TimerEvent: {}
[19.352198] (-) TimerEvent: {}
[19.452613] (-) TimerEvent: {}
[19.552949] (-) TimerEvent: {}
[19.653290] (-) TimerEvent: {}
[19.753652] (-) TimerEvent: {}
[19.854011] (-) TimerEvent: {}
[19.954347] (-) TimerEvent: {}
[20.054682] (-) TimerEvent: {}
[20.155021] (-) TimerEvent: {}
[20.255368] (-) TimerEvent: {}
[20.355705] (-) TimerEvent: {}
[20.456078] (-) TimerEvent: {}
[20.556424] (-) TimerEvent: {}
[20.656786] (-) TimerEvent: {}
[20.757072] (-) TimerEvent: {}
[20.857246] (-) TimerEvent: {}
[20.957452] (-) TimerEvent: {}
[21.057760] (-) TimerEvent: {}
[21.158138] (-) TimerEvent: {}
[21.258505] (-) TimerEvent: {}
[21.358875] (-) TimerEvent: {}
[21.459394] (-) TimerEvent: {}
[21.560016] (-) TimerEvent: {}
[21.660369] (-) TimerEvent: {}
[21.760740] (-) TimerEvent: {}
[21.861110] (-) TimerEvent: {}
[21.961470] (-) TimerEvent: {}
[22.061834] (-) TimerEvent: {}
[22.162188] (-) TimerEvent: {}
[22.262568] (-) TimerEvent: {}
[22.362932] (-) TimerEvent: {}
[22.463225] (-) TimerEvent: {}
[22.563553] (-) TimerEvent: {}
[22.663829] (-) TimerEvent: {}
[22.764085] (-) TimerEvent: {}
[22.864430] (-) TimerEvent: {}
[22.964756] (-) TimerEvent: {}
[23.065023] (-) TimerEvent: {}
[23.165294] (-) TimerEvent: {}
[23.265551] (-) TimerEvent: {}
[23.365834] (-) TimerEvent: {}
[23.466132] (-) TimerEvent: {}
[23.566469] (-) TimerEvent: {}
[23.666831] (-) TimerEvent: {}
[23.767186] (-) TimerEvent: {}
[23.867519] (-) TimerEvent: {}
[23.967866] (-) TimerEvent: {}
[24.068208] (-) TimerEvent: {}
[24.168554] (-) TimerEvent: {}
[24.268870] (-) TimerEvent: {}
[24.369195] (-) TimerEvent: {}
[24.469532] (-) TimerEvent: {}
[24.569870] (-) TimerEvent: {}
[24.670192] (-) TimerEvent: {}
[24.770523] (-) TimerEvent: {}
[24.870849] (-) TimerEvent: {}
[24.971191] (-) TimerEvent: {}
[25.071520] (-) TimerEvent: {}
[25.171855] (-) TimerEvent: {}
[25.272181] (-) TimerEvent: {}
[25.372512] (-) TimerEvent: {}
[25.472842] (-) TimerEvent: {}
[25.573189] (-) TimerEvent: {}
[25.673557] (-) TimerEvent: {}
[25.773923] (-) TimerEvent: {}
[25.874284] (-) TimerEvent: {}
[25.974647] (-) TimerEvent: {}
[26.075011] (-) TimerEvent: {}
[26.175378] (-) TimerEvent: {}
[26.275746] (-) TimerEvent: {}
[26.376114] (-) TimerEvent: {}
[26.476478] (-) TimerEvent: {}
[26.576821] (-) TimerEvent: {}
[26.677177] (-) TimerEvent: {}
[26.777530] (-) TimerEvent: {}
[26.877881] (-) TimerEvent: {}
[26.978919] (-) TimerEvent: {}
[27.079280] (-) TimerEvent: {}
[27.179629] (-) TimerEvent: {}
[27.279994] (-) TimerEvent: {}
[27.380361] (-) TimerEvent: {}
[27.480741] (-) TimerEvent: {}
[27.581082] (-) TimerEvent: {}
[27.681420] (-) TimerEvent: {}
[27.781765] (-) TimerEvent: {}
[27.882100] (-) TimerEvent: {}
[27.982434] (-) TimerEvent: {}
[28.082789] (-) TimerEvent: {}
[28.183133] (-) TimerEvent: {}
[28.283475] (-) TimerEvent: {}
[28.383825] (-) TimerEvent: {}
[28.484183] (-) TimerEvent: {}
[28.584552] (-) TimerEvent: {}
[28.684899] (-) TimerEvent: {}
[28.785246] (-) TimerEvent: {}
[28.885592] (-) TimerEvent: {}
[28.985955] (-) TimerEvent: {}
[29.086328] (-) TimerEvent: {}
[29.186679] (-) TimerEvent: {}
[29.287039] (-) TimerEvent: {}
[29.387377] (-) TimerEvent: {}
[29.487740] (-) TimerEvent: {}
[29.588091] (-) TimerEvent: {}
[29.688432] (-) TimerEvent: {}
[29.788794] (-) TimerEvent: {}
[29.889092] (-) TimerEvent: {}
[29.989411] (-) TimerEvent: {}
[30.089770] (-) TimerEvent: {}
[30.190097] (-) TimerEvent: {}
[30.290445] (-) TimerEvent: {}
[30.390816] (-) TimerEvent: {}
[30.491191] (-) TimerEvent: {}
[30.591559] (-) TimerEvent: {}
[30.691928] (-) TimerEvent: {}
[30.792272] (-) TimerEvent: {}
[30.892685] (-) TimerEvent: {}
[30.992988] (-) TimerEvent: {}
[31.093316] (-) TimerEvent: {}
[31.193666] (-) TimerEvent: {}
[31.293962] (-) TimerEvent: {}
[31.394261] (-) TimerEvent: {}
[31.494593] (-) TimerEvent: {}
[31.594926] (-) TimerEvent: {}
[31.695168] (-) TimerEvent: {}
[31.795341] (-) TimerEvent: {}
[31.895555] (-) TimerEvent: {}
[31.995830] (-) TimerEvent: {}
[32.096173] (-) TimerEvent: {}
[32.196432] (-) TimerEvent: {}
[32.296739] (-) TimerEvent: {}
[32.397041] (-) TimerEvent: {}
[32.497292] (-) TimerEvent: {}
[32.597572] (-) TimerEvent: {}
[32.697826] (-) TimerEvent: {}
[32.798142] (-) TimerEvent: {}
[32.898440] (-) TimerEvent: {}
[32.998776] (-) TimerEvent: {}
[33.099105] (-) TimerEvent: {}
[33.199457] (-) TimerEvent: {}
[33.299807] (-) TimerEvent: {}
[33.400156] (-) TimerEvent: {}
[33.500523] (-) TimerEvent: {}
[33.600866] (-) TimerEvent: {}
[33.701212] (-) TimerEvent: {}
[33.801557] (-) TimerEvent: {}
[33.901897] (-) TimerEvent: {}
[34.002230] (-) TimerEvent: {}
[34.105225] (-) TimerEvent: {}
[34.205592] (-) TimerEvent: {}
[34.305939] (-) TimerEvent: {}
[34.406247] (-) TimerEvent: {}
[34.506593] (-) TimerEvent: {}
[34.606930] (-) TimerEvent: {}
[34.707281] (-) TimerEvent: {}
[34.807607] (-) TimerEvent: {}
[34.907963] (-) TimerEvent: {}
[35.008298] (-) TimerEvent: {}
[35.108790] (-) TimerEvent: {}
[35.209127] (-) TimerEvent: {}
[35.309466] (-) TimerEvent: {}
[35.409774] (-) TimerEvent: {}
[35.510022] (-) TimerEvent: {}
[35.610229] (-) TimerEvent: {}
[35.710377] (-) TimerEvent: {}
[35.810522] (-) TimerEvent: {}
[35.910744] (-) TimerEvent: {}
[36.010997] (-) TimerEvent: {}
[36.111194] (-) TimerEvent: {}
[36.211338] (-) TimerEvent: {}
[36.312532] (-) TimerEvent: {}
[36.412818] (-) TimerEvent: {}
[36.513097] (-) TimerEvent: {}
[36.613262] (-) TimerEvent: {}
[36.713406] (-) TimerEvent: {}
[36.813556] (-) TimerEvent: {}
[36.913729] (-) TimerEvent: {}
[37.013975] (-) TimerEvent: {}
[37.114224] (-) TimerEvent: {}
[37.214410] (-) TimerEvent: {}
[37.314610] (-) TimerEvent: {}
[37.414782] (-) TimerEvent: {}
[37.514939] (-) TimerEvent: {}
[37.615080] (-) TimerEvent: {}
[37.715168] (-) TimerEvent: {}
[37.815301] (-) TimerEvent: {}
[37.915451] (-) TimerEvent: {}
[38.015611] (-) TimerEvent: {}
[38.115773] (-) TimerEvent: {}
[38.215919] (-) TimerEvent: {}
[38.316095] (-) TimerEvent: {}
[38.416394] (-) TimerEvent: {}
[38.516742] (-) TimerEvent: {}
[38.617076] (-) TimerEvent: {}
[38.717369] (-) TimerEvent: {}
[38.817715] (-) TimerEvent: {}
[38.918023] (-) TimerEvent: {}
[39.018359] (-) TimerEvent: {}
[39.118687] (-) TimerEvent: {}
[39.218973] (-) TimerEvent: {}
[39.319244] (-) TimerEvent: {}
[39.419538] (-) TimerEvent: {}
[39.519849] (-) TimerEvent: {}
[39.620191] (-) TimerEvent: {}
[39.720569] (-) TimerEvent: {}
[39.820929] (-) TimerEvent: {}
[39.921285] (-) TimerEvent: {}
[40.021618] (-) TimerEvent: {}
[40.121933] (-) TimerEvent: {}
[40.222243] (-) TimerEvent: {}
[40.322540] (-) TimerEvent: {}
[40.422802] (-) TimerEvent: {}
[40.523106] (-) TimerEvent: {}
[40.623407] (-) TimerEvent: {}
[40.723757] (-) TimerEvent: {}
[40.824103] (-) TimerEvent: {}
[40.924428] (-) TimerEvent: {}
[41.024791] (-) TimerEvent: {}
[41.125140] (-) TimerEvent: {}
[41.225518] (-) TimerEvent: {}
[41.325870] (-) TimerEvent: {}
[41.426208] (-) TimerEvent: {}
[41.526557] (-) TimerEvent: {}
[41.626861] (-) TimerEvent: {}
[41.727222] (-) TimerEvent: {}
[41.827556] (-) TimerEvent: {}
[41.927903] (-) TimerEvent: {}
[42.028229] (-) TimerEvent: {}
[42.128567] (-) TimerEvent: {}
[42.228899] (-) TimerEvent: {}
[42.329225] (-) TimerEvent: {}
[42.429559] (-) TimerEvent: {}
[42.529889] (-) TimerEvent: {}
[42.630210] (-) TimerEvent: {}
[42.730534] (-) TimerEvent: {}
[42.830903] (-) TimerEvent: {}
[42.931256] (-) TimerEvent: {}
[43.031598] (-) TimerEvent: {}
[43.131934] (-) TimerEvent: {}
[43.232275] (-) TimerEvent: {}
[43.332642] (-) TimerEvent: {}
[43.432962] (-) TimerEvent: {}
[43.533271] (-) TimerEvent: {}
[43.633638] (-) TimerEvent: {}
[43.733989] (-) TimerEvent: {}
[43.834310] (-) TimerEvent: {}
[43.934671] (-) TimerEvent: {}
[44.035039] (-) TimerEvent: {}
[44.135340] (-) TimerEvent: {}
[44.235645] (-) TimerEvent: {}
[44.335904] (-) TimerEvent: {}
[44.436264] (-) TimerEvent: {}
[44.536572] (-) TimerEvent: {}
[44.636800] (-) TimerEvent: {}
[44.736963] (-) TimerEvent: {}
[44.837104] (-) TimerEvent: {}
[44.937255] (-) TimerEvent: {}
[45.037432] (-) TimerEvent: {}
[45.137609] (-) TimerEvent: {}
[45.237743] (-) TimerEvent: {}
[45.337890] (-) TimerEvent: {}
[45.438046] (-) TimerEvent: {}
[45.538257] (-) TimerEvent: {}
[45.638429] (-) TimerEvent: {}
[45.738586] (-) TimerEvent: {}
[45.838758] (-) TimerEvent: {}
[45.938965] (-) TimerEvent: {}
[46.039252] (-) TimerEvent: {}
[46.139495] (-) TimerEvent: {}
[46.239773] (-) TimerEvent: {}
[46.340012] (-) TimerEvent: {}
[46.440279] (-) TimerEvent: {}
[46.540490] (-) TimerEvent: {}
[46.640673] (-) TimerEvent: {}
[46.740822] (-) TimerEvent: {}
[46.840972] (-) TimerEvent: {}
[46.941070] (-) TimerEvent: {}
[47.041217] (-) TimerEvent: {}
[47.141428] (-) TimerEvent: {}
[47.241774] (-) TimerEvent: {}
[47.342116] (-) TimerEvent: {}
[47.442406] (-) TimerEvent: {}
[47.542621] (-) TimerEvent: {}
[47.642816] (-) TimerEvent: {}
[47.742967] (-) TimerEvent: {}
[47.843117] (-) TimerEvent: {}
[47.943243] (-) TimerEvent: {}
[48.043468] (-) TimerEvent: {}
[48.143814] (-) TimerEvent: {}
[48.244148] (-) TimerEvent: {}
[48.344489] (-) TimerEvent: {}
[48.444805] (-) TimerEvent: {}
[48.545093] (-) TimerEvent: {}
[48.645379] (-) TimerEvent: {}
[48.745652] (-) TimerEvent: {}
[48.845929] (-) TimerEvent: {}
[48.946216] (-) TimerEvent: {}
[49.046502] (-) TimerEvent: {}
[49.146795] (-) TimerEvent: {}
[49.247142] (-) TimerEvent: {}
[49.347497] (-) TimerEvent: {}
[49.447843] (-) TimerEvent: {}
[49.548170] (-) TimerEvent: {}
[49.648494] (-) TimerEvent: {}
[49.748791] (-) TimerEvent: {}
[49.849095] (-) TimerEvent: {}
[49.949388] (-) TimerEvent: {}
[50.049672] (-) TimerEvent: {}
[50.149978] (-) TimerEvent: {}
[50.250307] (-) TimerEvent: {}
[50.350599] (-) TimerEvent: {}
[50.450896] (-) TimerEvent: {}
[50.551121] (-) TimerEvent: {}
[50.651286] (-) TimerEvent: {}
[50.751448] (-) TimerEvent: {}
[50.851587] (-) TimerEvent: {}
[50.951738] (-) TimerEvent: {}
[51.051888] (-) TimerEvent: {}
[51.152026] (-) TimerEvent: {}
[51.252167] (-) TimerEvent: {}
[51.352382] (-) TimerEvent: {}
[51.452690] (-) TimerEvent: {}
[51.552905] (-) TimerEvent: {}
[51.653075] (-) TimerEvent: {}
[51.753227] (-) TimerEvent: {}
[51.853380] (-) TimerEvent: {}
[51.953556] (-) TimerEvent: {}
[52.053779] (-) TimerEvent: {}
[52.154100] (-) TimerEvent: {}
[52.254451] (-) TimerEvent: {}
[52.354760] (-) TimerEvent: {}
[52.455004] (-) TimerEvent: {}
[52.555226] (-) TimerEvent: {}
[52.655427] (-) TimerEvent: {}
[52.755585] (-) TimerEvent: {}
[52.855748] (-) TimerEvent: {}
[52.955900] (-) TimerEvent: {}
[53.056038] (-) TimerEvent: {}
[53.156192] (-) TimerEvent: {}
[53.256330] (-) TimerEvent: {}
[53.356474] (-) TimerEvent: {}
[53.456621] (-) TimerEvent: {}
[53.556878] (-) TimerEvent: {}
[53.657221] (-) TimerEvent: {}
[53.757533] (-) TimerEvent: {}
[53.857787] (-) TimerEvent: {}
[53.957951] (-) TimerEvent: {}
[54.058103] (-) TimerEvent: {}
[54.158245] (-) TimerEvent: {}
[54.258387] (-) TimerEvent: {}
[54.358549] (-) TimerEvent: {}
[54.458779] (-) TimerEvent: {}
[54.559008] (-) TimerEvent: {}
[54.659204] (-) TimerEvent: {}
[54.759336] (-) TimerEvent: {}
[54.859472] (-) TimerEvent: {}
[54.959662] (-) TimerEvent: {}
[55.059949] (-) TimerEvent: {}
[55.160255] (-) TimerEvent: {}
[55.260546] (-) TimerEvent: {}
[55.360724] (-) TimerEvent: {}
[55.460883] (-) TimerEvent: {}
[55.561024] (-) TimerEvent: {}
[55.661166] (-) TimerEvent: {}
[55.761313] (-) TimerEvent: {}
[55.861449] (-) TimerEvent: {}
[55.961583] (-) TimerEvent: {}
[56.061724] (-) TimerEvent: {}
[56.161869] (-) TimerEvent: {}
[56.262005] (-) TimerEvent: {}
[56.362142] (-) TimerEvent: {}
[56.462277] (-) TimerEvent: {}
[56.562406] (-) TimerEvent: {}
[56.662541] (-) TimerEvent: {}
[56.762684] (-) TimerEvent: {}
[56.862813] (-) TimerEvent: {}
[56.962945] (-) TimerEvent: {}
[57.063071] (-) TimerEvent: {}
[57.163208] (-) TimerEvent: {}
[57.263350] (-) TimerEvent: {}
[57.363453] (-) TimerEvent: {}
[57.463628] (-) TimerEvent: {}
[57.563747] (-) TimerEvent: {}
[57.663900] (-) TimerEvent: {}
[57.764064] (-) TimerEvent: {}
[57.864252] (-) TimerEvent: {}
[57.964503] (-) TimerEvent: {}
[58.064738] (-) TimerEvent: {}
[58.164887] (-) TimerEvent: {}
[58.265007] (-) TimerEvent: {}
[58.365113] (-) TimerEvent: {}
[58.465317] (-) TimerEvent: {}
[58.565613] (-) TimerEvent: {}
[58.665811] (-) TimerEvent: {}
[58.765964] (-) TimerEvent: {}
[58.866114] (-) TimerEvent: {}
[58.966242] (-) TimerEvent: {}
[59.066379] (-) TimerEvent: {}
[59.166543] (-) TimerEvent: {}
[59.266764] (-) TimerEvent: {}
[59.367049] (-) TimerEvent: {}
[59.467364] (-) TimerEvent: {}
[59.567668] (-) TimerEvent: {}
[59.667963] (-) TimerEvent: {}
[59.768268] (-) TimerEvent: {}
[59.868531] (-) TimerEvent: {}
[59.968819] (-) TimerEvent: {}
[60.069114] (-) TimerEvent: {}
[60.169417] (-) TimerEvent: {}
[60.269709] (-) TimerEvent: {}
[60.370060] (-) TimerEvent: {}
[60.470358] (-) TimerEvent: {}
[60.570677] (-) TimerEvent: {}
[60.670927] (-) TimerEvent: {}
[60.771218] (-) TimerEvent: {}
[60.871507] (-) TimerEvent: {}
[60.971790] (-) TimerEvent: {}
[61.072071] (-) TimerEvent: {}
[61.172428] (-) TimerEvent: {}
[61.272769] (-) TimerEvent: {}
[61.373101] (-) TimerEvent: {}
[61.473474] (-) TimerEvent: {}
[61.573781] (-) TimerEvent: {}
[61.674128] (-) TimerEvent: {}
[61.774465] (-) TimerEvent: {}
[61.874799] (-) TimerEvent: {}
[61.975129] (-) TimerEvent: {}
[62.075398] (-) TimerEvent: {}
[62.175568] (-) TimerEvent: {}
[62.275727] (-) TimerEvent: {}
[62.375874] (-) TimerEvent: {}
[62.476022] (-) TimerEvent: {}
[62.576166] (-) TimerEvent: {}
[62.676302] (-) TimerEvent: {}
[62.776503] (-) TimerEvent: {}
[62.876741] (-) TimerEvent: {}
[62.976966] (-) TimerEvent: {}
[63.077250] (-) TimerEvent: {}
[63.177538] (-) TimerEvent: {}
[63.277827] (-) TimerEvent: {}
[63.378131] (-) TimerEvent: {}
[63.478424] (-) TimerEvent: {}
[63.578727] (-) TimerEvent: {}
[63.679047] (-) TimerEvent: {}
[63.779397] (-) TimerEvent: {}
[63.879762] (-) TimerEvent: {}
[63.980129] (-) TimerEvent: {}
[64.080507] (-) TimerEvent: {}
[64.180826] (-) TimerEvent: {}
[64.281098] (-) TimerEvent: {}
[64.381391] (-) TimerEvent: {}
[64.481722] (-) TimerEvent: {}
[64.581991] (-) TimerEvent: {}
[64.682189] (-) TimerEvent: {}
[64.782391] (-) TimerEvent: {}
[64.882592] (-) TimerEvent: {}
[64.982846] (-) TimerEvent: {}
[65.083197] (-) TimerEvent: {}
[65.183565] (-) TimerEvent: {}
[65.283858] (-) TimerEvent: {}
[65.384091] (-) TimerEvent: {}
[65.484353] (-) TimerEvent: {}
[65.584625] (-) TimerEvent: {}
[65.684855] (-) TimerEvent: {}
[65.785096] (-) TimerEvent: {}
[65.885389] (-) TimerEvent: {}
[65.985707] (-) TimerEvent: {}
[66.086028] (-) TimerEvent: {}
[66.186376] (-) TimerEvent: {}
[66.286714] (-) TimerEvent: {}
[66.387055] (-) TimerEvent: {}
[66.487369] (-) TimerEvent: {}
[66.587650] (-) TimerEvent: {}
[66.687890] (-) TimerEvent: {}
[66.788140] (-) TimerEvent: {}
[66.888450] (-) TimerEvent: {}
[66.988750] (-) TimerEvent: {}
[67.089015] (-) TimerEvent: {}
[67.189229] (-) TimerEvent: {}
[67.289420] (-) TimerEvent: {}
[67.389620] (-) TimerEvent: {}
[67.489839] (-) TimerEvent: {}
[67.590031] (-) TimerEvent: {}
[67.690185] (-) TimerEvent: {}
[67.790322] (-) TimerEvent: {}
[67.890460] (-) TimerEvent: {}
[67.990596] (-) TimerEvent: {}
[68.090771] (-) TimerEvent: {}
[68.191041] (-) TimerEvent: {}
[68.291331] (-) TimerEvent: {}
[68.391614] (-) TimerEvent: {}
[68.491890] (-) TimerEvent: {}
[68.592127] (-) TimerEvent: {}
[68.692287] (-) TimerEvent: {}
[68.792425] (-) TimerEvent: {}
[68.892586] (-) TimerEvent: {}
[68.992718] (-) TimerEvent: {}
[69.092851] (-) TimerEvent: {}
[69.193007] (-) TimerEvent: {}
[69.293259] (-) TimerEvent: {}
[69.393600] (-) TimerEvent: {}
[69.493955] (-) TimerEvent: {}
[69.594186] (-) TimerEvent: {}
[69.694317] (-) TimerEvent: {}
[69.794457] (-) TimerEvent: {}
[69.894678] (-) TimerEvent: {}
[69.994923] (-) TimerEvent: {}
[70.095079] (-) TimerEvent: {}
[70.195240] (-) TimerEvent: {}
[70.295492] (-) TimerEvent: {}
[70.395833] (-) TimerEvent: {}
[70.496111] (-) TimerEvent: {}
[70.596314] (-) TimerEvent: {}
[70.696550] (-) TimerEvent: {}
[70.796687] (-) TimerEvent: {}
[70.896897] (-) TimerEvent: {}
[70.997192] (-) TimerEvent: {}
[71.097419] (-) TimerEvent: {}
[71.197670] (-) TimerEvent: {}
[71.297948] (-) TimerEvent: {}
[71.398247] (-) TimerEvent: {}
[71.498563] (-) TimerEvent: {}
[71.598912] (-) TimerEvent: {}
[71.699261] (-) TimerEvent: {}
[71.799602] (-) TimerEvent: {}
[71.899909] (-) TimerEvent: {}
[72.000216] (-) TimerEvent: {}
[72.100475] (-) TimerEvent: {}
[72.200767] (-) TimerEvent: {}
[72.301055] (-) TimerEvent: {}
[72.401372] (-) TimerEvent: {}
[72.501681] (-) TimerEvent: {}
[72.602032] (-) TimerEvent: {}
[72.702393] (-) TimerEvent: {}
[72.802634] (-) TimerEvent: {}
[72.902856] (-) TimerEvent: {}
[73.003042] (-) TimerEvent: {}
[73.103225] (-) TimerEvent: {}
[73.203415] (-) TimerEvent: {}
[73.303680] (-) TimerEvent: {}
[73.404033] (-) TimerEvent: {}
[73.504298] (-) TimerEvent: {}
[73.604479] (-) TimerEvent: {}
[73.704611] (-) TimerEvent: {}
[73.804856] (-) TimerEvent: {}
[73.905209] (-) TimerEvent: {}
[74.005556] (-) TimerEvent: {}
[74.105860] (-) TimerEvent: {}
[74.206209] (-) TimerEvent: {}
[74.306521] (-) TimerEvent: {}
[74.406828] (-) TimerEvent: {}
[74.507217] (-) TimerEvent: {}
[74.607596] (-) TimerEvent: {}
[74.707940] (-) TimerEvent: {}
[74.808320] (-) TimerEvent: {}
[74.908704] (-) TimerEvent: {}
[75.009055] (-) TimerEvent: {}
[75.109378] (-) TimerEvent: {}
[75.209667] (-) TimerEvent: {}
[75.309951] (-) TimerEvent: {}
[75.410194] (-) TimerEvent: {}
[75.510421] (-) TimerEvent: {}
[75.610612] (-) TimerEvent: {}
[75.710780] (-) TimerEvent: {}
[75.810950] (-) TimerEvent: {}
[75.911125] (-) TimerEvent: {}
[76.011289] (-) TimerEvent: {}
[76.111443] (-) TimerEvent: {}
[76.211599] (-) TimerEvent: {}
[76.311768] (-) TimerEvent: {}
[76.411943] (-) TimerEvent: {}
[76.512167] (-) TimerEvent: {}
[76.612465] (-) TimerEvent: {}
[76.712795] (-) TimerEvent: {}
[76.813138] (-) TimerEvent: {}
[76.913483] (-) TimerEvent: {}
[77.013829] (-) TimerEvent: {}
[77.114185] (-) TimerEvent: {}
[77.214494] (-) TimerEvent: {}
[77.314854] (-) TimerEvent: {}
[77.415199] (-) TimerEvent: {}
[77.515553] (-) TimerEvent: {}
[77.615897] (-) TimerEvent: {}
[77.716251] (-) TimerEvent: {}
[77.816591] (-) TimerEvent: {}
[77.916961] (-) TimerEvent: {}
[78.017316] (-) TimerEvent: {}
[78.117665] (-) TimerEvent: {}
[78.218014] (-) TimerEvent: {}
[78.318362] (-) TimerEvent: {}
[78.418701] (-) TimerEvent: {}
[78.519058] (-) TimerEvent: {}
[78.619409] (-) TimerEvent: {}
[78.719755] (-) TimerEvent: {}
[78.820089] (-) TimerEvent: {}
[78.920475] (-) TimerEvent: {}
[79.020764] (-) TimerEvent: {}
[79.121108] (-) TimerEvent: {}
[79.221426] (-) TimerEvent: {}
[79.321766] (-) TimerEvent: {}
[79.422105] (-) TimerEvent: {}
[79.522445] (-) TimerEvent: {}
[79.622776] (-) TimerEvent: {}
[79.723145] (-) TimerEvent: {}
[79.823463] (-) TimerEvent: {}
[79.923809] (-) TimerEvent: {}
[80.024154] (-) TimerEvent: {}
[80.124514] (-) TimerEvent: {}
[80.224857] (-) TimerEvent: {}
[80.325202] (-) TimerEvent: {}
[80.425525] (-) TimerEvent: {}
[80.525843] (-) TimerEvent: {}
[80.626213] (-) TimerEvent: {}
[80.726572] (-) TimerEvent: {}
[80.826923] (-) TimerEvent: {}
[80.927273] (-) TimerEvent: {}
[81.027614] (-) TimerEvent: {}
[81.127969] (-) TimerEvent: {}
[81.228335] (-) TimerEvent: {}
[81.328708] (-) TimerEvent: {}
[81.429047] (-) TimerEvent: {}
[81.529424] (-) TimerEvent: {}
[81.629799] (-) TimerEvent: {}
[81.730131] (-) TimerEvent: {}
[81.830507] (-) TimerEvent: {}
[81.930824] (-) TimerEvent: {}
[82.031197] (-) TimerEvent: {}
[82.131565] (-) TimerEvent: {}
[82.231909] (-) TimerEvent: {}
[82.332263] (-) TimerEvent: {}
[82.432659] (-) TimerEvent: {}
[82.533029] (-) TimerEvent: {}
[82.633379] (-) TimerEvent: {}
[82.733751] (-) TimerEvent: {}
[82.834120] (-) TimerEvent: {}
[82.934498] (-) TimerEvent: {}
[83.034867] (-) TimerEvent: {}
[83.135242] (-) TimerEvent: {}
[83.235599] (-) TimerEvent: {}
[83.335947] (-) TimerEvent: {}
[83.436297] (-) TimerEvent: {}
[83.536679] (-) TimerEvent: {}
[83.637042] (-) TimerEvent: {}
[83.737398] (-) TimerEvent: {}
[83.837768] (-) TimerEvent: {}
[83.938202] (-) TimerEvent: {}
[84.038568] (-) TimerEvent: {}
[84.138933] (-) TimerEvent: {}
[84.239380] (-) TimerEvent: {}
[84.339728] (-) TimerEvent: {}
[84.440096] (-) TimerEvent: {}
[84.540479] (-) TimerEvent: {}
[84.640841] (-) TimerEvent: {}
[84.741199] (-) TimerEvent: {}
[84.841557] (-) TimerEvent: {}
[84.941925] (-) TimerEvent: {}
[85.042288] (-) TimerEvent: {}
[85.142623] (-) TimerEvent: {}
[85.242983] (-) TimerEvent: {}
[85.343328] (-) TimerEvent: {}
[85.443664] (-) TimerEvent: {}
[85.544010] (-) TimerEvent: {}
[85.644333] (-) TimerEvent: {}
[85.744652] (-) TimerEvent: {}
[85.844913] (-) TimerEvent: {}
[85.945220] (-) TimerEvent: {}
[86.045499] (-) TimerEvent: {}
[86.145812] (-) TimerEvent: {}
[86.246148] (-) TimerEvent: {}
[86.346370] (-) TimerEvent: {}
[86.446628] (-) TimerEvent: {}
[86.546972] (-) TimerEvent: {}
[86.647298] (-) TimerEvent: {}
[86.747638] (-) TimerEvent: {}
[86.847926] (-) TimerEvent: {}
[86.948272] (-) TimerEvent: {}
[87.048688] (-) TimerEvent: {}
[87.149052] (-) TimerEvent: {}
[87.249396] (-) TimerEvent: {}
[87.349828] (-) TimerEvent: {}
[87.450177] (-) TimerEvent: {}
[87.550545] (-) TimerEvent: {}
[87.650905] (-) TimerEvent: {}
[87.751251] (-) TimerEvent: {}
[87.851592] (-) TimerEvent: {}
[87.951940] (-) TimerEvent: {}
[88.052252] (-) TimerEvent: {}
[88.152572] (-) TimerEvent: {}
[88.252934] (-) TimerEvent: {}
[88.353292] (-) TimerEvent: {}
[88.453651] (-) TimerEvent: {}
[88.553993] (-) TimerEvent: {}
[88.654342] (-) TimerEvent: {}
[88.754690] (-) TimerEvent: {}
[88.855061] (-) TimerEvent: {}
[88.955408] (-) TimerEvent: {}
[89.055769] (-) TimerEvent: {}
[89.156128] (-) TimerEvent: {}
[89.256484] (-) TimerEvent: {}
[89.356803] (-) TimerEvent: {}
[89.457184] (-) TimerEvent: {}
[89.557553] (-) TimerEvent: {}
[89.657915] (-) TimerEvent: {}
[89.758277] (-) TimerEvent: {}
[89.858636] (-) TimerEvent: {}
[89.958990] (-) TimerEvent: {}
[90.059348] (-) TimerEvent: {}
[90.159717] (-) TimerEvent: {}
[90.260075] (-) TimerEvent: {}
[90.360426] (-) TimerEvent: {}
[90.460820] (-) TimerEvent: {}
[90.561170] (-) TimerEvent: {}
[90.661530] (-) TimerEvent: {}
[90.761897] (-) TimerEvent: {}
[90.862236] (-) TimerEvent: {}
[90.962613] (-) TimerEvent: {}
[91.062925] (-) TimerEvent: {}
[91.163308] (-) TimerEvent: {}
[91.263662] (-) TimerEvent: {}
[91.364006] (-) TimerEvent: {}
[91.464386] (-) TimerEvent: {}
[91.564763] (-) TimerEvent: {}
[91.665123] (-) TimerEvent: {}
[91.765486] (-) TimerEvent: {}
[91.865876] (-) TimerEvent: {}
[91.966210] (-) TimerEvent: {}
[92.066594] (-) TimerEvent: {}
[92.166958] (-) TimerEvent: {}
[92.267284] (-) TimerEvent: {}
[92.367668] (-) TimerEvent: {}
[92.468023] (-) TimerEvent: {}
[92.568387] (-) TimerEvent: {}
[92.668751] (-) TimerEvent: {}
[92.769144] (-) TimerEvent: {}
[92.869506] (-) TimerEvent: {}
[92.969871] (-) TimerEvent: {}
[93.070252] (-) TimerEvent: {}
[93.170601] (-) TimerEvent: {}
[93.270969] (-) TimerEvent: {}
[93.371348] (-) TimerEvent: {}
[93.471720] (-) TimerEvent: {}
[93.572095] (-) TimerEvent: {}
[93.672481] (-) TimerEvent: {}
[93.772854] (-) TimerEvent: {}
[93.873223] (-) TimerEvent: {}
[93.973549] (-) TimerEvent: {}
[94.073788] (-) TimerEvent: {}
[94.173942] (-) TimerEvent: {}
[94.274169] (-) TimerEvent: {}
[94.374511] (-) TimerEvent: {}
[94.474828] (-) TimerEvent: {}
[94.575035] (-) TimerEvent: {}
[94.675288] (-) TimerEvent: {}
[94.775656] (-) TimerEvent: {}
[94.876029] (-) TimerEvent: {}
[94.976328] (-) TimerEvent: {}
[95.076490] (-) TimerEvent: {}
[95.176729] (-) TimerEvent: {}
[95.277073] (-) TimerEvent: {}
[95.377456] (-) TimerEvent: {}
[95.477820] (-) TimerEvent: {}
[95.578162] (-) TimerEvent: {}
[95.678501] (-) TimerEvent: {}
[95.778828] (-) TimerEvent: {}
[95.879124] (-) TimerEvent: {}
[95.979408] (-) TimerEvent: {}
[96.079727] (-) TimerEvent: {}
[96.180068] (-) TimerEvent: {}
[96.280458] (-) TimerEvent: {}
[96.380833] (-) TimerEvent: {}
[96.481114] (-) TimerEvent: {}
[96.581398] (-) TimerEvent: {}
[96.681765] (-) TimerEvent: {}
[96.782139] (-) TimerEvent: {}
[96.882478] (-) TimerEvent: {}
[96.982722] (-) TimerEvent: {}
[97.082879] (-) TimerEvent: {}
[97.183169] (-) TimerEvent: {}
[97.283313] (-) TimerEvent: {}
[97.383457] (-) TimerEvent: {}
[97.483548] (-) TimerEvent: {}
[97.583649] (-) TimerEvent: {}
[97.683784] (-) TimerEvent: {}
[97.783913] (-) TimerEvent: {}
[97.884048] (-) TimerEvent: {}
[97.984188] (-) TimerEvent: {}
[98.084325] (-) TimerEvent: {}
[98.184472] (-) TimerEvent: {}
[98.284605] (-) TimerEvent: {}
[98.384709] (-) TimerEvent: {}
[98.484891] (-) TimerEvent: {}
[98.585081] (-) TimerEvent: {}
[98.685222] (-) TimerEvent: {}
[98.785358] (-) TimerEvent: {}
[98.885491] (-) TimerEvent: {}
[98.985629] (-) TimerEvent: {}
[99.085773] (-) TimerEvent: {}
[99.185920] (-) TimerEvent: {}
[99.286051] (-) TimerEvent: {}
[99.386189] (-) TimerEvent: {}
[99.486305] (-) TimerEvent: {}
[99.586456] (-) TimerEvent: {}
[99.686602] (-) TimerEvent: {}
[99.786792] (-) TimerEvent: {}
[99.887001] (-) TimerEvent: {}
[99.987258] (-) TimerEvent: {}
[100.087420] (-) TimerEvent: {}
[100.187632] (-) TimerEvent: {}
[100.287929] (-) TimerEvent: {}
[100.388237] (-) TimerEvent: {}
[100.488543] (-) TimerEvent: {}
[100.588852] (-) TimerEvent: {}
[100.689200] (-) TimerEvent: {}
[100.789466] (-) TimerEvent: {}
[100.889703] (-) TimerEvent: {}
[100.990089] (-) TimerEvent: {}
[101.090352] (-) TimerEvent: {}
[101.190620] (-) TimerEvent: {}
[101.290969] (-) TimerEvent: {}
[101.391302] (-) TimerEvent: {}
[101.491629] (-) TimerEvent: {}
[101.591954] (-) TimerEvent: {}
[101.692289] (-) TimerEvent: {}
[101.792576] (-) TimerEvent: {}
[101.892762] (-) TimerEvent: {}
[101.993016] (-) TimerEvent: {}
[102.093365] (-) TimerEvent: {}
[102.193681] (-) TimerEvent: {}
[102.294056] (-) TimerEvent: {}
[102.394417] (-) TimerEvent: {}
[102.494767] (-) TimerEvent: {}
[102.595141] (-) TimerEvent: {}
[102.695486] (-) TimerEvent: {}
[102.795794] (-) TimerEvent: {}
[102.896140] (-) TimerEvent: {}
[102.996429] (-) TimerEvent: {}
[103.096710] (-) TimerEvent: {}
[103.197068] (-) TimerEvent: {}
[103.297348] (-) TimerEvent: {}
[103.397529] (-) TimerEvent: {}
[103.497807] (-) TimerEvent: {}
[103.598140] (-) TimerEvent: {}
[103.698493] (-) TimerEvent: {}
[103.798825] (-) TimerEvent: {}
[103.899172] (-) TimerEvent: {}
[103.999514] (-) TimerEvent: {}
[104.099842] (-) TimerEvent: {}
[104.200169] (-) TimerEvent: {}
[104.300521] (-) TimerEvent: {}
[104.400858] (-) TimerEvent: {}
[104.501179] (-) TimerEvent: {}
[104.601417] (-) TimerEvent: {}
[104.701691] (-) TimerEvent: {}
[104.802024] (-) TimerEvent: {}
[104.902355] (-) TimerEvent: {}
[105.002663] (-) TimerEvent: {}
[105.102961] (-) TimerEvent: {}
[105.203266] (-) TimerEvent: {}
[105.303609] (-) TimerEvent: {}
[105.403921] (-) TimerEvent: {}
[105.505185] (-) TimerEvent: {}
[105.605521] (-) TimerEvent: {}
[105.705849] (-) TimerEvent: {}
[105.806181] (-) TimerEvent: {}
[105.906475] (-) TimerEvent: {}
[106.006842] (-) TimerEvent: {}
[106.107244] (-) TimerEvent: {}
[106.207585] (-) TimerEvent: {}
[106.307911] (-) TimerEvent: {}
[106.408205] (-) TimerEvent: {}
[106.508530] (-) TimerEvent: {}
[106.608827] (-) TimerEvent: {}
[106.709053] (-) TimerEvent: {}
[106.809263] (-) TimerEvent: {}
[106.909515] (-) TimerEvent: {}
[107.009842] (-) TimerEvent: {}
[107.110108] (-) TimerEvent: {}
[107.210303] (-) TimerEvent: {}
[107.310477] (-) TimerEvent: {}
[107.410736] (-) TimerEvent: {}
[107.511038] (-) TimerEvent: {}
[107.611283] (-) TimerEvent: {}
[107.711462] (-) TimerEvent: {}
[107.811640] (-) TimerEvent: {}
[107.911785] (-) TimerEvent: {}
[108.011928] (-) TimerEvent: {}
[108.112064] (-) TimerEvent: {}
[108.212163] (-) TimerEvent: {}
[108.312251] (-) TimerEvent: {}
[108.412383] (-) TimerEvent: {}
[108.512525] (-) TimerEvent: {}
[108.612626] (-) TimerEvent: {}
[108.712837] (-) TimerEvent: {}
[108.813177] (-) TimerEvent: {}
[108.913485] (-) TimerEvent: {}
[109.013841] (-) TimerEvent: {}
[109.114181] (-) TimerEvent: {}
[109.214509] (-) TimerEvent: {}
[109.314846] (-) TimerEvent: {}
[109.415112] (-) TimerEvent: {}
[109.515325] (-) TimerEvent: {}
[109.615491] (-) TimerEvent: {}
[109.715637] (-) TimerEvent: {}
[109.815782] (-) TimerEvent: {}
[109.915922] (-) TimerEvent: {}
[110.016078] (-) TimerEvent: {}
[110.116323] (-) TimerEvent: {}
[110.216639] (-) TimerEvent: {}
[110.316951] (-) TimerEvent: {}
[110.417269] (-) TimerEvent: {}
[110.517577] (-) TimerEvent: {}
[110.617829] (-) TimerEvent: {}
[110.717987] (-) TimerEvent: {}
[110.818129] (-) TimerEvent: {}
[110.918262] (-) TimerEvent: {}
[111.018382] (-) TimerEvent: {}
[111.118513] (-) TimerEvent: {}
[111.218626] (-) TimerEvent: {}
[111.318758] (-) TimerEvent: {}
[111.418852] (-) TimerEvent: {}
[111.518987] (-) TimerEvent: {}
[111.619086] (-) TimerEvent: {}
[111.719215] (-) TimerEvent: {}
[111.819344] (-) TimerEvent: {}
[111.919472] (-) TimerEvent: {}
[112.019603] (-) TimerEvent: {}
[112.119705] (-) TimerEvent: {}
[112.219826] (-) TimerEvent: {}
[112.320040] (-) TimerEvent: {}
[112.420328] (-) TimerEvent: {}
[112.520653] (-) TimerEvent: {}
[112.620896] (-) TimerEvent: {}
[112.721036] (-) TimerEvent: {}
[112.821165] (-) TimerEvent: {}
[112.921309] (-) TimerEvent: {}
[113.021443] (-) TimerEvent: {}
[113.121550] (-) TimerEvent: {}
[113.221632] (-) TimerEvent: {}
[113.321763] (-) TimerEvent: {}
[113.421857] (-) TimerEvent: {}
[113.521993] (-) TimerEvent: {}
[113.622125] (-) TimerEvent: {}
[113.722256] (-) TimerEvent: {}
[113.822384] (-) TimerEvent: {}
[113.922469] (-) TimerEvent: {}
[114.022601] (-) TimerEvent: {}
[114.122738] (-) TimerEvent: {}
[114.222869] (-) TimerEvent: {}
[114.323017] (-) TimerEvent: {}
[114.423271] (-) TimerEvent: {}
[114.523613] (-) TimerEvent: {}
[114.623984] (-) TimerEvent: {}
[114.724356] (-) TimerEvent: {}
[114.824866] (-) TimerEvent: {}
[114.925184] (-) TimerEvent: {}
[115.025546] (-) TimerEvent: {}
[115.125815] (-) TimerEvent: {}
[115.226027] (-) TimerEvent: {}
[115.326174] (-) TimerEvent: {}
[115.426312] (-) TimerEvent: {}
[115.526462] (-) TimerEvent: {}
[115.626599] (-) TimerEvent: {}
[115.726733] (-) TimerEvent: {}
[115.826864] (-) TimerEvent: {}
[115.927004] (-) TimerEvent: {}
[116.027198] (-) TimerEvent: {}
[116.127458] (-) TimerEvent: {}
[116.227792] (-) TimerEvent: {}
[116.328129] (-) TimerEvent: {}
[116.428425] (-) TimerEvent: {}
[116.528703] (-) TimerEvent: {}
[116.628976] (-) TimerEvent: {}
[116.729248] (-) TimerEvent: {}
[116.829521] (-) TimerEvent: {}
[116.929810] (-) TimerEvent: {}
[117.030124] (-) TimerEvent: {}
[117.130427] (-) TimerEvent: {}
[117.230688] (-) TimerEvent: {}
[117.330937] (-) TimerEvent: {}
[117.431230] (-) TimerEvent: {}
[117.531544] (-) TimerEvent: {}
[117.631861] (-) TimerEvent: {}
[117.732166] (-) TimerEvent: {}
[117.832472] (-) TimerEvent: {}
[117.932766] (-) TimerEvent: {}
[118.033075] (-) TimerEvent: {}
[118.133385] (-) TimerEvent: {}
[118.233736] (-) TimerEvent: {}
[118.336111] (-) TimerEvent: {}
[118.436477] (-) TimerEvent: {}
[118.536804] (-) TimerEvent: {}
[118.637122] (-) TimerEvent: {}
[118.737374] (-) TimerEvent: {}
[118.837625] (-) TimerEvent: {}
[118.937899] (-) TimerEvent: {}
[119.038162] (-) TimerEvent: {}
[119.138468] (-) TimerEvent: {}
[119.238737] (-) TimerEvent: {}
[119.339080] (-) TimerEvent: {}
[119.439401] (-) TimerEvent: {}
[119.539689] (-) TimerEvent: {}
[119.640014] (-) TimerEvent: {}
[119.740309] (-) TimerEvent: {}
[119.840619] (-) TimerEvent: {}
[119.940916] (-) TimerEvent: {}
[120.041239] (-) TimerEvent: {}
[120.141508] (-) TimerEvent: {}
[120.241699] (-) TimerEvent: {}
[120.341945] (-) TimerEvent: {}
[120.442245] (-) TimerEvent: {}
[120.542570] (-) TimerEvent: {}
[120.642886] (-) TimerEvent: {}
[120.743193] (-) TimerEvent: {}
[120.843566] (-) TimerEvent: {}
[120.943910] (-) TimerEvent: {}
[121.044260] (-) TimerEvent: {}
[121.144490] (-) TimerEvent: {}
[121.244707] (-) TimerEvent: {}
[121.344974] (-) TimerEvent: {}
[121.445192] (-) TimerEvent: {}
[121.545447] (-) TimerEvent: {}
[121.645654] (-) TimerEvent: {}
[121.745798] (-) TimerEvent: {}
[121.845938] (-) TimerEvent: {}
[121.946077] (-) TimerEvent: {}
[122.046230] (-) TimerEvent: {}
[122.146428] (-) TimerEvent: {}
[122.246635] (-) TimerEvent: {}
[122.346785] (-) TimerEvent: {}
[122.446925] (-) TimerEvent: {}
[122.547062] (-) TimerEvent: {}
[122.647207] (-) TimerEvent: {}
[122.747335] (-) TimerEvent: {}
[122.847471] (-) TimerEvent: {}
[122.947647] (-) TimerEvent: {}
[123.047780] (-) TimerEvent: {}
[123.147918] (-) TimerEvent: {}
[123.248050] (-) TimerEvent: {}
[123.348162] (-) TimerEvent: {}
[123.448294] (-) TimerEvent: {}
[123.548401] (-) TimerEvent: {}
[123.648544] (-) TimerEvent: {}
[123.748626] (-) TimerEvent: {}
[123.848754] (-) TimerEvent: {}
[123.948844] (-) TimerEvent: {}
[124.048974] (-) TimerEvent: {}
[124.149085] (-) TimerEvent: {}
[124.249217] (-) TimerEvent: {}
[124.349335] (-) TimerEvent: {}
[124.449455] (-) TimerEvent: {}
[124.549550] (-) TimerEvent: {}
[124.649681] (-) TimerEvent: {}
[124.749811] (-) TimerEvent: {}
[124.849941] (-) TimerEvent: {}
[124.950081] (-) TimerEvent: {}
[125.050212] (-) TimerEvent: {}
[125.150318] (-) TimerEvent: {}
[125.250466] (-) TimerEvent: {}
[125.350564] (-) TimerEvent: {}
[125.450705] (-) TimerEvent: {}
[125.550820] (-) TimerEvent: {}
[125.650955] (-) TimerEvent: {}
[125.751090] (-) TimerEvent: {}
[125.851223] (-) TimerEvent: {}
[125.951360] (-) TimerEvent: {}
[126.051535] (-) TimerEvent: {}
[126.151681] (-) TimerEvent: {}
[126.251881] (-) TimerEvent: {}
[126.352109] (-) TimerEvent: {}
[126.452314] (-) TimerEvent: {}
[126.552479] (-) TimerEvent: {}
[126.652640] (-) TimerEvent: {}
[126.752851] (-) TimerEvent: {}
[126.853090] (-) TimerEvent: {}
[126.953304] (-) TimerEvent: {}
[127.053469] (-) TimerEvent: {}
[127.153611] (-) TimerEvent: {}
[127.253703] (-) TimerEvent: {}
[127.353833] (-) TimerEvent: {}
[127.453973] (-) TimerEvent: {}
[127.554081] (-) TimerEvent: {}
[127.654220] (-) TimerEvent: {}
[127.754460] (-) TimerEvent: {}
[127.854790] (-) TimerEvent: {}
[127.955105] (-) TimerEvent: {}
[128.055400] (-) TimerEvent: {}
[128.155620] (-) TimerEvent: {}
[128.255765] (-) TimerEvent: {}
[128.355909] (-) TimerEvent: {}
[128.456026] (-) TimerEvent: {}
[128.556167] (-) TimerEvent: {}
[128.656304] (-) TimerEvent: {}
[128.756434] (-) TimerEvent: {}
[128.856578] (-) TimerEvent: {}
[128.956711] (-) TimerEvent: {}
[129.056851] (-) TimerEvent: {}
[129.156992] (-) TimerEvent: {}
[129.257123] (-) TimerEvent: {}
[129.357242] (-) TimerEvent: {}
[129.457378] (-) TimerEvent: {}
[129.557514] (-) TimerEvent: {}
[129.657642] (-) TimerEvent: {}
[129.757771] (-) TimerEvent: {}
[129.857857] (-) TimerEvent: {}
[129.957987] (-) TimerEvent: {}
[130.058113] (-) TimerEvent: {}
[130.158253] (-) TimerEvent: {}
[130.258410] (-) TimerEvent: {}
[130.358567] (-) TimerEvent: {}
[130.458750] (-) TimerEvent: {}
[130.559013] (-) TimerEvent: {}
[130.659386] (-) TimerEvent: {}
[130.759673] (-) TimerEvent: {}
[130.859849] (-) TimerEvent: {}
[130.960086] (-) TimerEvent: {}
[131.060451] (-) TimerEvent: {}
[131.160822] (-) TimerEvent: {}
[131.261119] (-) TimerEvent: {}
[131.361292] (-) TimerEvent: {}
[131.461543] (-) TimerEvent: {}
[131.561818] (-) TimerEvent: {}
[131.662183] (-) TimerEvent: {}
[131.762529] (-) TimerEvent: {}
[131.862824] (-) TimerEvent: {}
[131.963170] (-) TimerEvent: {}
[132.063466] (-) TimerEvent: {}
[132.163793] (-) TimerEvent: {}
[132.264166] (-) TimerEvent: {}
[132.364536] (-) TimerEvent: {}
[132.465149] (-) TimerEvent: {}
[132.565482] (-) TimerEvent: {}
[132.665796] (-) TimerEvent: {}
[132.766141] (-) TimerEvent: {}
[132.866479] (-) TimerEvent: {}
[132.966824] (-) TimerEvent: {}
[133.067138] (-) TimerEvent: {}
[133.167474] (-) TimerEvent: {}
[133.267826] (-) TimerEvent: {}
[133.368162] (-) TimerEvent: {}
[133.468529] (-) TimerEvent: {}
[133.568821] (-) TimerEvent: {}
[133.669185] (-) TimerEvent: {}
[133.769518] (-) TimerEvent: {}
[133.869873] (-) TimerEvent: {}
[133.970164] (-) TimerEvent: {}
[134.070442] (-) TimerEvent: {}
[134.170785] (-) TimerEvent: {}
[134.271060] (-) TimerEvent: {}
[134.371300] (-) TimerEvent: {}
[134.471674] (-) TimerEvent: {}
[134.572016] (-) TimerEvent: {}
[134.672378] (-) TimerEvent: {}
[134.772748] (-) TimerEvent: {}
[134.873061] (-) TimerEvent: {}
[134.973398] (-) TimerEvent: {}
[135.073750] (-) TimerEvent: {}
[135.174103] (-) TimerEvent: {}
[135.274446] (-) TimerEvent: {}
[135.374812] (-) TimerEvent: {}
[135.475161] (-) TimerEvent: {}
[135.575517] (-) TimerEvent: {}
[135.675849] (-) TimerEvent: {}
[135.776232] (-) TimerEvent: {}
[135.876577] (-) TimerEvent: {}
[135.976855] (-) TimerEvent: {}
[136.077066] (-) TimerEvent: {}
[136.177336] (-) TimerEvent: {}
[136.277632] (-) TimerEvent: {}
[136.377991] (-) TimerEvent: {}
[136.478309] (-) TimerEvent: {}
[136.578525] (-) TimerEvent: {}
[136.678792] (-) TimerEvent: {}
[136.779148] (-) TimerEvent: {}
[136.879482] (-) TimerEvent: {}
[136.979752] (-) TimerEvent: {}
[137.080035] (-) TimerEvent: {}
[137.180381] (-) TimerEvent: {}
[137.280718] (-) TimerEvent: {}
[137.381031] (-) TimerEvent: {}
[137.481383] (-) TimerEvent: {}
[137.581624] (-) TimerEvent: {}
[137.682502] (-) TimerEvent: {}
[137.782847] (-) TimerEvent: {}
[137.883178] (-) TimerEvent: {}
[137.983521] (-) TimerEvent: {}
[138.083868] (-) TimerEvent: {}
[138.184115] (-) TimerEvent: {}
[138.284350] (-) TimerEvent: {}
[138.384670] (-) TimerEvent: {}
[138.485023] (-) TimerEvent: {}
[138.585394] (-) TimerEvent: {}
[138.685752] (-) TimerEvent: {}
[138.786068] (-) TimerEvent: {}
[138.886316] (-) TimerEvent: {}
[138.986570] (-) TimerEvent: {}
[139.086744] (-) TimerEvent: {}
[139.186882] (-) TimerEvent: {}
[139.287021] (-) TimerEvent: {}
[139.387198] (-) TimerEvent: {}
[139.487470] (-) TimerEvent: {}
[139.587780] (-) TimerEvent: {}
[139.688122] (-) TimerEvent: {}
[139.788454] (-) TimerEvent: {}
[139.888807] (-) TimerEvent: {}
[139.989159] (-) TimerEvent: {}
[140.089492] (-) TimerEvent: {}
[140.189757] (-) TimerEvent: {}
[140.289922] (-) TimerEvent: {}
[140.390172] (-) TimerEvent: {}
[140.490457] (-) TimerEvent: {}
[140.590650] (-) TimerEvent: {}
[140.690837] (-) TimerEvent: {}
[140.791078] (-) TimerEvent: {}
[140.891313] (-) TimerEvent: {}
[140.991587] (-) TimerEvent: {}
[141.091850] (-) TimerEvent: {}
[141.192160] (-) TimerEvent: {}
[141.292484] (-) TimerEvent: {}
[141.392792] (-) TimerEvent: {}
[141.493118] (-) TimerEvent: {}
[141.593363] (-) TimerEvent: {}
[141.693692] (-) TimerEvent: {}
[141.794038] (-) TimerEvent: {}
[141.894343] (-) TimerEvent: {}
[141.994637] (-) TimerEvent: {}
[142.094941] (-) TimerEvent: {}
[142.195317] (-) TimerEvent: {}
[142.295662] (-) TimerEvent: {}
[142.395985] (-) TimerEvent: {}
[142.496301] (-) TimerEvent: {}
[142.596622] (-) TimerEvent: {}
[142.696896] (-) TimerEvent: {}
[142.797153] (-) TimerEvent: {}
[142.897414] (-) TimerEvent: {}
[142.997697] (-) TimerEvent: {}
[143.097990] (-) TimerEvent: {}
[143.198329] (-) TimerEvent: {}
[143.298625] (-) TimerEvent: {}
[143.398859] (-) TimerEvent: {}
[143.499131] (-) TimerEvent: {}
[143.599412] (-) TimerEvent: {}
[143.699702] (-) TimerEvent: {}
[143.799988] (-) TimerEvent: {}
[143.900263] (-) TimerEvent: {}
[144.000568] (-) TimerEvent: {}
[144.100877] (-) TimerEvent: {}
[144.201181] (-) TimerEvent: {}
[144.301495] (-) TimerEvent: {}
[144.401797] (-) TimerEvent: {}
[144.502115] (-) TimerEvent: {}
[144.602452] (-) TimerEvent: {}
[144.702695] (-) TimerEvent: {}
[144.802983] (-) TimerEvent: {}
[144.903262] (-) TimerEvent: {}
[145.003560] (-) TimerEvent: {}
[145.103852] (-) TimerEvent: {}
[145.204134] (-) TimerEvent: {}
[145.304458] (-) TimerEvent: {}
[145.404773] (-) TimerEvent: {}
[145.505089] (-) TimerEvent: {}
[145.605406] (-) TimerEvent: {}
[145.705686] (-) TimerEvent: {}
[145.805961] (-) TimerEvent: {}
[145.906249] (-) TimerEvent: {}
[146.006568] (-) TimerEvent: {}
[146.106812] (-) TimerEvent: {}
[146.207016] (-) TimerEvent: {}
[146.307257] (-) TimerEvent: {}
[146.407567] (-) TimerEvent: {}
[146.507905] (-) TimerEvent: {}
[146.608223] (-) TimerEvent: {}
[146.708548] (-) TimerEvent: {}
[146.808840] (-) TimerEvent: {}
[146.909143] (-) TimerEvent: {}
[147.009456] (-) TimerEvent: {}
[147.109788] (-) TimerEvent: {}
[147.210090] (-) TimerEvent: {}
[147.310410] (-) TimerEvent: {}
[147.410761] (-) TimerEvent: {}
[147.511122] (-) TimerEvent: {}
[147.611477] (-) TimerEvent: {}
[147.711826] (-) TimerEvent: {}
[147.812192] (-) TimerEvent: {}
[147.912554] (-) TimerEvent: {}
[148.012882] (-) TimerEvent: {}
[148.113203] (-) TimerEvent: {}
[148.213564] (-) TimerEvent: {}
[148.313905] (-) TimerEvent: {}
[148.414152] (-) TimerEvent: {}
[148.514456] (-) TimerEvent: {}
[148.614847] (-) TimerEvent: {}
[148.715203] (-) TimerEvent: {}
[148.815518] (-) TimerEvent: {}
[148.915834] (-) TimerEvent: {}
[149.016140] (-) TimerEvent: {}
[149.116431] (-) TimerEvent: {}
[149.216802] (-) TimerEvent: {}
[149.317144] (-) TimerEvent: {}
[149.417478] (-) TimerEvent: {}
[149.517786] (-) TimerEvent: {}
[149.618125] (-) TimerEvent: {}
[149.718460] (-) TimerEvent: {}
[149.818773] (-) TimerEvent: {}
[149.919048] (-) TimerEvent: {}
[150.019353] (-) TimerEvent: {}
[150.119687] (-) TimerEvent: {}
[150.220033] (-) TimerEvent: {}
[150.320384] (-) TimerEvent: {}
[150.420765] (-) TimerEvent: {}
[150.521074] (-) TimerEvent: {}
[150.621396] (-) TimerEvent: {}
[150.721734] (-) TimerEvent: {}
[150.822032] (-) TimerEvent: {}
[150.922331] (-) TimerEvent: {}
[151.022669] (-) TimerEvent: {}
[151.122997] (-) TimerEvent: {}
[151.223332] (-) TimerEvent: {}
[151.323663] (-) TimerEvent: {}
[151.424005] (-) TimerEvent: {}
[151.524365] (-) TimerEvent: {}
[151.624697] (-) TimerEvent: {}
[151.725061] (-) TimerEvent: {}
[151.825414] (-) TimerEvent: {}
[151.925761] (-) TimerEvent: {}
[152.026128] (-) TimerEvent: {}
[152.126496] (-) TimerEvent: {}
[152.226860] (-) TimerEvent: {}
[152.327195] (-) TimerEvent: {}
[152.427570] (-) TimerEvent: {}
[152.527913] (-) TimerEvent: {}
[152.628255] (-) TimerEvent: {}
[152.728553] (-) TimerEvent: {}
[152.828849] (-) TimerEvent: {}
[152.929171] (-) TimerEvent: {}
[153.029500] (-) TimerEvent: {}
[153.129773] (-) TimerEvent: {}
[153.230083] (-) TimerEvent: {}
[153.330392] (-) TimerEvent: {}
[153.430773] (-) TimerEvent: {}
[153.531101] (-) TimerEvent: {}
[153.631467] (-) TimerEvent: {}
[153.731821] (-) TimerEvent: {}
[153.832176] (-) TimerEvent: {}
[153.932540] (-) TimerEvent: {}
[154.032886] (-) TimerEvent: {}
[154.133233] (-) TimerEvent: {}
[154.233586] (-) TimerEvent: {}
[154.333933] (-) TimerEvent: {}
[154.434309] (-) TimerEvent: {}
[154.534684] (-) TimerEvent: {}
[154.635031] (-) TimerEvent: {}
[154.735384] (-) TimerEvent: {}
[154.835698] (-) TimerEvent: {}
[154.936027] (-) TimerEvent: {}
[155.036372] (-) TimerEvent: {}
[155.136749] (-) TimerEvent: {}
[155.237132] (-) TimerEvent: {}
[155.337497] (-) TimerEvent: {}
[155.437848] (-) TimerEvent: {}
[155.538176] (-) TimerEvent: {}
[155.638527] (-) TimerEvent: {}
[155.738890] (-) TimerEvent: {}
[155.839249] (-) TimerEvent: {}
[155.939606] (-) TimerEvent: {}
[156.039952] (-) TimerEvent: {}
[156.140289] (-) TimerEvent: {}
[156.240623] (-) TimerEvent: {}
[156.340995] (-) TimerEvent: {}
[156.441329] (-) TimerEvent: {}
[156.541682] (-) TimerEvent: {}
[156.642045] (-) TimerEvent: {}
[156.742387] (-) TimerEvent: {}
[156.842744] (-) TimerEvent: {}
[156.943095] (-) TimerEvent: {}
[157.043456] (-) TimerEvent: {}
[157.143812] (-) TimerEvent: {}
[157.244170] (-) TimerEvent: {}
[157.344541] (-) TimerEvent: {}
[157.444905] (-) TimerEvent: {}
[157.545224] (-) TimerEvent: {}
[157.645544] (-) TimerEvent: {}
[157.745915] (-) TimerEvent: {}
[157.846262] (-) TimerEvent: {}
[157.946613] (-) TimerEvent: {}
[158.046947] (-) TimerEvent: {}
[158.147275] (-) TimerEvent: {}
[158.247592] (-) TimerEvent: {}
[158.347912] (-) TimerEvent: {}
[158.448256] (-) TimerEvent: {}
[158.548565] (-) TimerEvent: {}
[158.648897] (-) TimerEvent: {}
[158.749252] (-) TimerEvent: {}
[158.849605] (-) TimerEvent: {}
[158.949960] (-) TimerEvent: {}
[159.050303] (-) TimerEvent: {}
[159.150659] (-) TimerEvent: {}
[159.251027] (-) TimerEvent: {}
[159.351392] (-) TimerEvent: {}
[159.451756] (-) TimerEvent: {}
[159.552110] (-) TimerEvent: {}
[159.659508] (-) TimerEvent: {}
[159.759848] (-) TimerEvent: {}
[159.860197] (-) TimerEvent: {}
[159.960539] (-) TimerEvent: {}
[160.060822] (-) TimerEvent: {}
[160.161115] (-) TimerEvent: {}
[160.261426] (-) TimerEvent: {}
[160.361773] (-) TimerEvent: {}
[160.462110] (-) TimerEvent: {}
[160.562433] (-) TimerEvent: {}
[160.662765] (-) TimerEvent: {}
[160.763111] (-) TimerEvent: {}
[160.863476] (-) TimerEvent: {}
[160.963812] (-) TimerEvent: {}
[161.064142] (-) TimerEvent: {}
[161.164432] (-) TimerEvent: {}
[161.264765] (-) TimerEvent: {}
[161.365091] (-) TimerEvent: {}
[161.465451] (-) TimerEvent: {}
[161.565795] (-) TimerEvent: {}
[161.666099] (-) TimerEvent: {}
[161.766371] (-) TimerEvent: {}
[161.866688] (-) TimerEvent: {}
[161.967014] (-) TimerEvent: {}
[162.067314] (-) TimerEvent: {}
[162.167619] (-) TimerEvent: {}
[162.267897] (-) TimerEvent: {}
[162.368197] (-) TimerEvent: {}
[162.468520] (-) TimerEvent: {}
[162.568819] (-) TimerEvent: {}
[162.669120] (-) TimerEvent: {}
[162.769367] (-) TimerEvent: {}
[162.869636] (-) TimerEvent: {}
[162.969912] (-) TimerEvent: {}
[163.070161] (-) TimerEvent: {}
[163.170423] (-) TimerEvent: {}
[163.270710] (-) TimerEvent: {}
[163.370982] (-) TimerEvent: {}
[163.471277] (-) TimerEvent: {}
[163.571593] (-) TimerEvent: {}
[163.671879] (-) TimerEvent: {}
[163.772125] (-) TimerEvent: {}
[163.872387] (-) TimerEvent: {}
[163.972696] (-) TimerEvent: {}
[164.072983] (-) TimerEvent: {}
[164.173269] (-) TimerEvent: {}
[164.273555] (-) TimerEvent: {}
[164.373885] (-) TimerEvent: {}
[164.474220] (-) TimerEvent: {}
[164.574563] (-) TimerEvent: {}
[164.674901] (-) TimerEvent: {}
[164.775215] (-) TimerEvent: {}
[164.875541] (-) TimerEvent: {}
[164.975819] (-) TimerEvent: {}
[165.076055] (-) TimerEvent: {}
[165.176355] (-) TimerEvent: {}
[165.276675] (-) TimerEvent: {}
[165.377005] (-) TimerEvent: {}
[165.477315] (-) TimerEvent: {}
[165.577581] (-) TimerEvent: {}
[165.677855] (-) TimerEvent: {}
[165.778113] (-) TimerEvent: {}
[165.878386] (-) TimerEvent: {}
[165.978635] (-) TimerEvent: {}
[166.078866] (-) TimerEvent: {}
[166.179164] (-) TimerEvent: {}
[166.279452] (-) TimerEvent: {}
[166.379736] (-) TimerEvent: {}
[166.480055] (-) TimerEvent: {}
[166.580372] (-) TimerEvent: {}
[166.680697] (-) TimerEvent: {}
[166.780963] (-) TimerEvent: {}
[166.881221] (-) TimerEvent: {}
[166.981506] (-) TimerEvent: {}
[167.081801] (-) TimerEvent: {}
[167.182121] (-) TimerEvent: {}
[167.282435] (-) TimerEvent: {}
[167.382786] (-) TimerEvent: {}
[167.483132] (-) TimerEvent: {}
[167.583482] (-) TimerEvent: {}
[167.683821] (-) TimerEvent: {}
[167.784155] (-) TimerEvent: {}
[167.884502] (-) TimerEvent: {}
[167.984847] (-) TimerEvent: {}
[168.085165] (-) TimerEvent: {}
[168.185501] (-) TimerEvent: {}
[168.285849] (-) TimerEvent: {}
[168.386192] (-) TimerEvent: {}
[168.486542] (-) TimerEvent: {}
[168.586901] (-) TimerEvent: {}
[168.687250] (-) TimerEvent: {}
[168.787597] (-) TimerEvent: {}
[168.887949] (-) TimerEvent: {}
[168.988311] (-) TimerEvent: {}
[169.088677] (-) TimerEvent: {}
[169.189030] (-) TimerEvent: {}
[169.289392] (-) TimerEvent: {}
[169.389747] (-) TimerEvent: {}
[169.490108] (-) TimerEvent: {}
[169.590468] (-) TimerEvent: {}
[169.690832] (-) TimerEvent: {}
[169.791174] (-) TimerEvent: {}
[169.891512] (-) TimerEvent: {}
[169.991851] (-) TimerEvent: {}
[170.092215] (-) TimerEvent: {}
[170.192575] (-) TimerEvent: {}
[170.292932] (-) TimerEvent: {}
[170.393271] (-) TimerEvent: {}
[170.493638] (-) TimerEvent: {}
[170.593985] (-) TimerEvent: {}
[170.694325] (-) TimerEvent: {}
[170.794610] (-) TimerEvent: {}
[170.894823] (-) TimerEvent: {}
[170.995027] (-) TimerEvent: {}
[171.095287] (-) TimerEvent: {}
[171.195597] (-) TimerEvent: {}
[171.295940] (-) TimerEvent: {}
[171.396287] (-) TimerEvent: {}
[171.496644] (-) TimerEvent: {}
[171.596970] (-) TimerEvent: {}
[171.697305] (-) TimerEvent: {}
[171.797646] (-) TimerEvent: {}
[171.897970] (-) TimerEvent: {}
[171.998294] (-) TimerEvent: {}
[172.098638] (-) TimerEvent: {}
[172.198909] (-) TimerEvent: {}
[172.299388] (-) TimerEvent: {}
[172.399685] (-) TimerEvent: {}
[172.500017] (-) TimerEvent: {}
[172.600313] (-) TimerEvent: {}
[172.700609] (-) TimerEvent: {}
[172.800901] (-) TimerEvent: {}
[172.901189] (-) TimerEvent: {}
[173.001469] (-) TimerEvent: {}
[173.101763] (-) TimerEvent: {}
[173.202076] (-) TimerEvent: {}
[173.302376] (-) TimerEvent: {}
[173.402685] (-) TimerEvent: {}
[173.502999] (-) TimerEvent: {}
[173.603305] (-) TimerEvent: {}
[173.703601] (-) TimerEvent: {}
[173.803881] (-) TimerEvent: {}
[173.904145] (-) TimerEvent: {}
[174.004419] (-) TimerEvent: {}
[174.104750] (-) TimerEvent: {}
[174.205054] (-) TimerEvent: {}
[174.305419] (-) TimerEvent: {}
[174.405685] (-) TimerEvent: {}
[174.505971] (-) TimerEvent: {}
[174.606312] (-) TimerEvent: {}
[174.706619] (-) TimerEvent: {}
[174.806874] (-) TimerEvent: {}
[174.907172] (-) TimerEvent: {}
[175.007530] (-) TimerEvent: {}
[175.107890] (-) TimerEvent: {}
[175.208246] (-) TimerEvent: {}
[175.308535] (-) TimerEvent: {}
[175.408779] (-) TimerEvent: {}
[175.509031] (-) TimerEvent: {}
[175.609258] (-) TimerEvent: {}
[175.709526] (-) TimerEvent: {}
[175.809879] (-) TimerEvent: {}
[175.910226] (-) TimerEvent: {}
[176.010591] (-) TimerEvent: {}
[176.110964] (-) TimerEvent: {}
[176.211340] (-) TimerEvent: {}
[176.311671] (-) TimerEvent: {}
[176.411973] (-) TimerEvent: {}
[176.512289] (-) TimerEvent: {}
[176.612681] (-) TimerEvent: {}
[176.713038] (-) TimerEvent: {}
[176.813347] (-) TimerEvent: {}
[176.913704] (-) TimerEvent: {}
[177.014062] (-) TimerEvent: {}
[177.114403] (-) TimerEvent: {}
[177.214777] (-) TimerEvent: {}
[177.315113] (-) TimerEvent: {}
[177.415493] (-) TimerEvent: {}
[177.515839] (-) TimerEvent: {}
[177.616199] (-) TimerEvent: {}
[177.716566] (-) TimerEvent: {}
[177.816931] (-) TimerEvent: {}
[177.917305] (-) TimerEvent: {}
[178.017664] (-) TimerEvent: {}
[178.117981] (-) TimerEvent: {}
[178.218339] (-) TimerEvent: {}
[178.318696] (-) TimerEvent: {}
[178.419026] (-) TimerEvent: {}
[178.519388] (-) TimerEvent: {}
[178.619770] (-) TimerEvent: {}
[178.720140] (-) TimerEvent: {}
[178.820518] (-) TimerEvent: {}
[178.920875] (-) TimerEvent: {}
[179.021215] (-) TimerEvent: {}
[179.121579] (-) TimerEvent: {}
[179.221941] (-) TimerEvent: {}
[179.322293] (-) TimerEvent: {}
[179.422614] (-) TimerEvent: {}
[179.522987] (-) TimerEvent: {}
[179.623320] (-) TimerEvent: {}
[179.723690] (-) TimerEvent: {}
[179.824044] (-) TimerEvent: {}
[179.924409] (-) TimerEvent: {}
[180.024791] (-) TimerEvent: {}
[180.125144] (-) TimerEvent: {}
[180.225495] (-) TimerEvent: {}
[180.325869] (-) TimerEvent: {}
[180.426256] (-) TimerEvent: {}
[180.526630] (-) TimerEvent: {}
[180.626994] (-) TimerEvent: {}
[180.727333] (-) TimerEvent: {}
[180.827704] (-) TimerEvent: {}
[180.928088] (-) TimerEvent: {}
[181.028409] (-) TimerEvent: {}
[181.128817] (-) TimerEvent: {}
[181.229189] (-) TimerEvent: {}
[181.329546] (-) TimerEvent: {}
[181.429920] (-) TimerEvent: {}
[181.530269] (-) TimerEvent: {}
[181.630647] (-) TimerEvent: {}
[181.730974] (-) TimerEvent: {}
[181.831269] (-) TimerEvent: {}
[181.931568] (-) TimerEvent: {}
[182.031859] (-) TimerEvent: {}
[182.132146] (-) TimerEvent: {}
[182.232480] (-) TimerEvent: {}
[182.332806] (-) TimerEvent: {}
[182.433077] (-) TimerEvent: {}
[182.533407] (-) TimerEvent: {}
[182.633683] (-) TimerEvent: {}
[182.733931] (-) TimerEvent: {}
[182.834244] (-) TimerEvent: {}
[182.934517] (-) TimerEvent: {}
[183.034879] (-) TimerEvent: {}
[183.135251] (-) TimerEvent: {}
[183.235587] (-) TimerEvent: {}
[183.335924] (-) TimerEvent: {}
[183.436276] (-) TimerEvent: {}
[183.536573] (-) TimerEvent: {}
[183.636913] (-) TimerEvent: {}
[183.737235] (-) TimerEvent: {}
[183.837590] (-) TimerEvent: {}
[183.937952] (-) TimerEvent: {}
[184.038320] (-) TimerEvent: {}
[184.138698] (-) TimerEvent: {}
[184.239060] (-) TimerEvent: {}
[184.339426] (-) TimerEvent: {}
[184.439783] (-) TimerEvent: {}
[184.540174] (-) TimerEvent: {}
[184.640558] (-) TimerEvent: {}
[184.740899] (-) TimerEvent: {}
[184.841274] (-) TimerEvent: {}
[184.941645] (-) TimerEvent: {}
[185.041971] (-) TimerEvent: {}
[185.142333] (-) TimerEvent: {}
[185.242700] (-) TimerEvent: {}
[185.343054] (-) TimerEvent: {}
[185.443383] (-) TimerEvent: {}
[185.543704] (-) TimerEvent: {}
[185.644072] (-) TimerEvent: {}
[185.744427] (-) TimerEvent: {}
[185.844783] (-) TimerEvent: {}
[185.945047] (-) TimerEvent: {}
[186.045179] (-) TimerEvent: {}
[186.145330] (-) TimerEvent: {}
[186.245527] (-) TimerEvent: {}
[186.345718] (-) TimerEvent: {}
[186.445882] (-) TimerEvent: {}
[186.546032] (-) TimerEvent: {}
[186.646165] (-) TimerEvent: {}
[186.746284] (-) TimerEvent: {}
[186.846412] (-) TimerEvent: {}
[186.946534] (-) TimerEvent: {}
[187.046668] (-) TimerEvent: {}
[187.146836] (-) TimerEvent: {}
[187.246967] (-) TimerEvent: {}
[187.347090] (-) TimerEvent: {}
[187.447200] (-) TimerEvent: {}
[187.547426] (-) TimerEvent: {}
[187.647719] (-) TimerEvent: {}
[187.748060] (-) TimerEvent: {}
[187.848382] (-) TimerEvent: {}
[187.948694] (-) TimerEvent: {}
[188.048979] (-) TimerEvent: {}
[188.149207] (-) TimerEvent: {}
[188.249455] (-) TimerEvent: {}
[188.349744] (-) TimerEvent: {}
[188.450072] (-) TimerEvent: {}
[188.550370] (-) TimerEvent: {}
[188.650721] (-) TimerEvent: {}
[188.751023] (-) TimerEvent: {}
[188.851365] (-) TimerEvent: {}
[188.951703] (-) TimerEvent: {}
[189.051975] (-) TimerEvent: {}
[189.152234] (-) TimerEvent: {}
[189.252506] (-) TimerEvent: {}
[189.352758] (-) TimerEvent: {}
[189.453026] (-) TimerEvent: {}
[189.553309] (-) TimerEvent: {}
[189.653557] (-) TimerEvent: {}
[189.753824] (-) TimerEvent: {}
[189.854118] (-) TimerEvent: {}
[189.954375] (-) TimerEvent: {}
[190.054656] (-) TimerEvent: {}
[190.154960] (-) TimerEvent: {}
[190.255274] (-) TimerEvent: {}
[190.355583] (-) TimerEvent: {}
[190.455894] (-) TimerEvent: {}
[190.556225] (-) TimerEvent: {}
[190.656577] (-) TimerEvent: {}
[190.756840] (-) TimerEvent: {}
[190.857143] (-) TimerEvent: {}
[190.957438] (-) TimerEvent: {}
[191.057715] (-) TimerEvent: {}
[191.157988] (-) TimerEvent: {}
[191.258284] (-) TimerEvent: {}
[191.358596] (-) TimerEvent: {}
[191.458900] (-) TimerEvent: {}
[191.559142] (-) TimerEvent: {}
[191.659459] (-) TimerEvent: {}
[191.759749] (-) TimerEvent: {}
[191.860020] (-) TimerEvent: {}
[191.960287] (-) TimerEvent: {}
[192.060553] (-) TimerEvent: {}
[192.160899] (-) TimerEvent: {}
[192.261187] (-) TimerEvent: {}
[192.361514] (-) TimerEvent: {}
[192.461781] (-) TimerEvent: {}
[192.562009] (-) TimerEvent: {}
[192.662294] (-) TimerEvent: {}
[192.762602] (-) TimerEvent: {}
[192.862921] (-) TimerEvent: {}
[192.963223] (-) TimerEvent: {}
[193.063508] (-) TimerEvent: {}
[193.163777] (-) TimerEvent: {}
[193.264022] (-) TimerEvent: {}
[193.364222] (-) TimerEvent: {}
[193.464387] (-) TimerEvent: {}
[193.564543] (-) TimerEvent: {}
[193.664684] (-) TimerEvent: {}
[193.764816] (-) TimerEvent: {}
[193.864968] (-) TimerEvent: {}
[193.965166] (-) TimerEvent: {}
[194.065325] (-) TimerEvent: {}
[194.165462] (-) TimerEvent: {}
[194.265570] (-) TimerEvent: {}
[194.365706] (-) TimerEvent: {}
[194.465900] (-) TimerEvent: {}
[194.566126] (-) TimerEvent: {}
[194.666395] (-) TimerEvent: {}
[194.766696] (-) TimerEvent: {}
[194.866983] (-) TimerEvent: {}
[194.967301] (-) TimerEvent: {}
[195.067556] (-) TimerEvent: {}
[195.167864] (-) TimerEvent: {}
[195.268174] (-) TimerEvent: {}
[195.368474] (-) TimerEvent: {}
[195.468792] (-) TimerEvent: {}
[195.569092] (-) TimerEvent: {}
[195.669448] (-) TimerEvent: {}
[195.769821] (-) TimerEvent: {}
[195.870172] (-) TimerEvent: {}
[195.970540] (-) TimerEvent: {}
[196.070860] (-) TimerEvent: {}
[196.171148] (-) TimerEvent: {}
[196.271428] (-) TimerEvent: {}
[196.371727] (-) TimerEvent: {}
[196.472002] (-) TimerEvent: {}
[196.572284] (-) TimerEvent: {}
[196.672576] (-) TimerEvent: {}
[196.772828] (-) TimerEvent: {}
[196.873098] (-) TimerEvent: {}
[196.973351] (-) TimerEvent: {}
[197.073599] (-) TimerEvent: {}
[197.173842] (-) TimerEvent: {}
[197.274098] (-) TimerEvent: {}
[197.374389] (-) TimerEvent: {}
[197.474697] (-) TimerEvent: {}
[197.575001] (-) TimerEvent: {}
[197.675272] (-) TimerEvent: {}
[197.775523] (-) TimerEvent: {}
[197.875840] (-) TimerEvent: {}
[197.976338] (-) TimerEvent: {}
[198.076651] (-) TimerEvent: {}
[198.176934] (-) TimerEvent: {}
[198.277235] (-) TimerEvent: {}
[198.377531] (-) TimerEvent: {}
[198.477808] (-) TimerEvent: {}
[198.578087] (-) TimerEvent: {}
[198.678362] (-) TimerEvent: {}
[198.778613] (-) TimerEvent: {}
[198.878863] (-) TimerEvent: {}
[198.979118] (-) TimerEvent: {}
[199.079362] (-) TimerEvent: {}
[199.179619] (-) TimerEvent: {}
[199.279903] (-) TimerEvent: {}
[199.380185] (-) TimerEvent: {}
[199.480470] (-) TimerEvent: {}
[199.580772] (-) TimerEvent: {}
[199.681080] (-) TimerEvent: {}
[199.781322] (-) TimerEvent: {}
[199.881604] (-) TimerEvent: {}
[199.981953] (-) TimerEvent: {}
[200.082257] (-) TimerEvent: {}
[200.182548] (-) TimerEvent: {}
[200.282848] (-) TimerEvent: {}
[200.383148] (-) TimerEvent: {}
[200.483426] (-) TimerEvent: {}
[200.583675] (-) TimerEvent: {}
[200.683921] (-) TimerEvent: {}
[200.784160] (-) TimerEvent: {}
[200.884413] (-) TimerEvent: {}
[200.984684] (-) TimerEvent: {}
[201.084934] (-) TimerEvent: {}
[201.185182] (-) TimerEvent: {}
[201.285455] (-) TimerEvent: {}
[201.385760] (-) TimerEvent: {}
[201.486035] (-) TimerEvent: {}
[201.586314] (-) TimerEvent: {}
[201.686599] (-) TimerEvent: {}
[201.786850] (-) TimerEvent: {}
[201.887158] (-) TimerEvent: {}
[201.987470] (-) TimerEvent: {}
[202.087774] (-) TimerEvent: {}
[202.188083] (-) TimerEvent: {}
[202.288406] (-) TimerEvent: {}
[202.388745] (-) TimerEvent: {}
[202.489042] (-) TimerEvent: {}
[202.589321] (-) TimerEvent: {}
[202.689617] (-) TimerEvent: {}
[202.789899] (-) TimerEvent: {}
[202.890217] (-) TimerEvent: {}
[202.990513] (-) TimerEvent: {}
[203.090774] (-) TimerEvent: {}
[203.191066] (-) TimerEvent: {}
[203.291394] (-) TimerEvent: {}
[203.391726] (-) TimerEvent: {}
[203.492029] (-) TimerEvent: {}
[203.592377] (-) TimerEvent: {}
[203.692651] (-) TimerEvent: {}
[203.792954] (-) TimerEvent: {}
[203.893240] (-) TimerEvent: {}
[203.993518] (-) TimerEvent: {}
[204.093835] (-) TimerEvent: {}
[204.194080] (-) TimerEvent: {}
[204.294366] (-) TimerEvent: {}
[204.394661] (-) TimerEvent: {}
[204.494956] (-) TimerEvent: {}
[204.595254] (-) TimerEvent: {}
[204.695535] (-) TimerEvent: {}
[204.795837] (-) TimerEvent: {}
[204.896127] (-) TimerEvent: {}
[204.996399] (-) TimerEvent: {}
[205.096722] (-) TimerEvent: {}
[205.197029] (-) TimerEvent: {}
[205.297350] (-) TimerEvent: {}
[205.397681] (-) TimerEvent: {}
[205.497987] (-) TimerEvent: {}
[205.598245] (-) TimerEvent: {}
[205.698535] (-) TimerEvent: {}
[205.798802] (-) TimerEvent: {}
[205.899011] (-) TimerEvent: {}
[205.999168] (-) TimerEvent: {}
[206.099342] (-) TimerEvent: {}
[206.199625] (-) TimerEvent: {}
[206.299924] (-) TimerEvent: {}
[206.400249] (-) TimerEvent: {}
[206.500536] (-) TimerEvent: {}
[206.600860] (-) TimerEvent: {}
[206.701145] (-) TimerEvent: {}
[206.801406] (-) TimerEvent: {}
[206.901691] (-) TimerEvent: {}
[207.001972] (-) TimerEvent: {}
[207.102254] (-) TimerEvent: {}
[207.202616] (-) TimerEvent: {}
[207.303078] (-) TimerEvent: {}
[207.403409] (-) TimerEvent: {}
[207.503754] (-) TimerEvent: {}
[207.604071] (-) TimerEvent: {}
[207.706424] (-) TimerEvent: {}
[207.806794] (-) TimerEvent: {}
[207.907134] (-) TimerEvent: {}
[208.007493] (-) TimerEvent: {}
[208.107847] (-) TimerEvent: {}
[208.208167] (-) TimerEvent: {}
[208.308486] (-) TimerEvent: {}
[208.408762] (-) TimerEvent: {}
[208.509091] (-) TimerEvent: {}
[208.609380] (-) TimerEvent: {}
[208.709742] (-) TimerEvent: {}
[208.810071] (-) TimerEvent: {}
[208.910337] (-) TimerEvent: {}
[209.010657] (-) TimerEvent: {}
[209.110988] (-) TimerEvent: {}
[209.211274] (-) TimerEvent: {}
[209.311596] (-) TimerEvent: {}
[209.411927] (-) TimerEvent: {}
[209.512225] (-) TimerEvent: {}
[209.612532] (-) TimerEvent: {}
[209.712827] (-) TimerEvent: {}
[209.813117] (-) TimerEvent: {}
[209.913411] (-) TimerEvent: {}
[210.013690] (-) TimerEvent: {}
[210.113974] (-) TimerEvent: {}
[210.214214] (-) TimerEvent: {}
[210.314493] (-) TimerEvent: {}
[210.414728] (-) TimerEvent: {}
[210.515022] (-) TimerEvent: {}
[210.615297] (-) TimerEvent: {}
[210.715624] (-) TimerEvent: {}
[210.815940] (-) TimerEvent: {}
[210.916211] (-) TimerEvent: {}
[211.016537] (-) TimerEvent: {}
[211.116824] (-) TimerEvent: {}
[211.198478] (pcd_ndt_localization) StdoutLine: {'line': b'[ 50%] Linking CXX executable pcd_ndt_localizer\n'}
[211.216959] (-) TimerEvent: {}
[211.317263] (-) TimerEvent: {}
[211.417549] (-) TimerEvent: {}
[211.517861] (-) TimerEvent: {}
[211.618184] (-) TimerEvent: {}
[211.718502] (-) TimerEvent: {}
[211.818802] (-) TimerEvent: {}
[211.919113] (-) TimerEvent: {}
[212.019433] (-) TimerEvent: {}
[212.119738] (-) TimerEvent: {}
[212.220070] (-) TimerEvent: {}
[212.320404] (-) TimerEvent: {}
[212.420768] (-) TimerEvent: {}
[212.521072] (-) TimerEvent: {}
[212.621401] (-) TimerEvent: {}
[212.721733] (-) TimerEvent: {}
[212.822043] (-) TimerEvent: {}
[212.922347] (-) TimerEvent: {}
[213.022639] (-) TimerEvent: {}
[213.122899] (-) TimerEvent: {}
[213.223219] (-) TimerEvent: {}
[213.323555] (-) TimerEvent: {}
[213.423813] (-) TimerEvent: {}
[213.524122] (-) TimerEvent: {}
[213.624431] (-) TimerEvent: {}
[213.724734] (-) TimerEvent: {}
[213.825083] (-) TimerEvent: {}
[213.925428] (-) TimerEvent: {}
[214.025768] (-) TimerEvent: {}
[214.126153] (-) TimerEvent: {}
[214.226520] (-) TimerEvent: {}
[214.326844] (-) TimerEvent: {}
[214.427215] (-) TimerEvent: {}
[214.527567] (-) TimerEvent: {}
[214.627917] (-) TimerEvent: {}
[214.728225] (-) TimerEvent: {}
[214.828583] (-) TimerEvent: {}
[214.928920] (-) TimerEvent: {}
[215.029305] (-) TimerEvent: {}
[215.129667] (-) TimerEvent: {}
[215.230038] (-) TimerEvent: {}
[215.330384] (-) TimerEvent: {}
[215.430729] (-) TimerEvent: {}
[215.531114] (-) TimerEvent: {}
[215.631473] (-) TimerEvent: {}
[215.731820] (-) TimerEvent: {}
[215.832176] (-) TimerEvent: {}
[215.932530] (-) TimerEvent: {}
[216.032881] (-) TimerEvent: {}
[216.133222] (-) TimerEvent: {}
[216.233571] (-) TimerEvent: {}
[216.333937] (-) TimerEvent: {}
[216.434285] (-) TimerEvent: {}
[216.534618] (-) TimerEvent: {}
[216.634961] (-) TimerEvent: {}
[216.735297] (-) TimerEvent: {}
[216.835654] (-) TimerEvent: {}
[216.936004] (-) TimerEvent: {}
[217.036337] (-) TimerEvent: {}
[217.136695] (-) TimerEvent: {}
[217.237045] (-) TimerEvent: {}
[217.337397] (-) TimerEvent: {}
[217.437739] (-) TimerEvent: {}
[217.538078] (-) TimerEvent: {}
[217.638445] (-) TimerEvent: {}
[217.738821] (-) TimerEvent: {}
[217.834538] (pcd_ndt_localization) StdoutLine: {'line': b'[ 50%] Built target pcd_ndt_localizer\n'}
[217.838905] (-) TimerEvent: {}
[217.939170] (-) TimerEvent: {}
[217.973377] (pcd_ndt_localization) StdoutLine: {'line': b'[100%] Built target pcd_occupancy_grid_publisher\n'}
[217.986605] (pcd_ndt_localization) CommandEnded: {'returncode': 0}
[217.987567] (pcd_ndt_localization) JobProgress: {'identifier': 'pcd_ndt_localization', 'progress': 'install'}
[217.999252] (pcd_ndt_localization) Command: {'cmd': ['/usr/local/bin/cmake', '--install', '/home/seeed/ros2/ws/build/pcd_ndt_localization'], 'cwd': '/home/seeed/ros2/ws/build/pcd_ndt_localization', 'env': OrderedDict([('LANGUAGE', 'zh_CN:en'), ('USER', 'seeed'), ('SSH_CLIENT', '10.200.24.83 47389 22'), ('LC_TIME', 'zh_CN.UTF-8'), ('XDG_SESSION_TYPE', 'tty'), ('SHLVL', '0'), ('LD_LIBRARY_PATH', '/opt/ros/humble/opt/rviz_ogre_vendor/lib:/opt/ros/humble/lib/aarch64-linux-gnu:/opt/ros/humble/lib'), ('MOTD_SHOWN', 'pam'), ('HOME', '/home/seeed'), ('OLDPWD', '/home/seeed'), ('ROS_PYTHON_VERSION', '3'), ('LC_MONETARY', 'zh_CN.UTF-8'), ('LC_CTYPE', 'C.UTF-8'), ('DBUS_SESSION_BUS_ADDRESS', 'unix:path=/run/user/1000/bus'), ('ROS_DISTRO', 'humble'), ('LOGNAME', 'seeed'), ('_', '/usr/bin/colcon'), ('ROS_VERSION', '2'), ('XDG_SESSION_CLASS', 'user'), ('XDG_SESSION_ID', '54'), ('ROS_LOCALHOST_ONLY', '0'), ('PATH', '/opt/ros/humble/bin:/usr/local/sbin:/usr/local/bin:/usr/sbin:/usr/bin:/sbin:/bin:/usr/games:/usr/local/games:/snap/bin'), ('PAPERSIZE', 'a4'), ('LC_ADDRESS', 'zh_CN.UTF-8'), ('XDG_RUNTIME_DIR', '/run/user/1000'), ('DISPLAY', 'localhost:14.0'), ('LANG', 'zh_CN.UTF-8'), ('LC_TELEPHONE', 'zh_CN.UTF-8'), ('AMENT_PREFIX_PATH', '/opt/ros/humble'), ('SHELL', '/bin/bash'), ('LC_NAME', 'zh_CN.UTF-8'), ('LC_MEASUREMENT', 'zh_CN.UTF-8'), ('LC_IDENTIFICATION', 'zh_CN.UTF-8'), ('PWD', '/home/seeed/ros2/ws/build/pcd_ndt_localization'), ('LC_ALL', 'en_US.UTF-8'), ('SSH_CONNECTION', '10.200.24.83 47389 10.200.54.207 22'), ('PYTHONPATH', '/opt/ros/humble/lib/python3.10/site-packages:/opt/ros/humble/local/lib/python3.10/dist-packages'), ('LC_NUMERIC', 'zh_CN.UTF-8'), ('LC_PAPER', 'zh_CN.UTF-8'), ('COLCON', '1'), ('CMAKE_PREFIX_PATH', '/opt/ros/humble')]), 'shell': False}
[218.009246] (pcd_ndt_localization) StdoutLine: {'line': b'-- Install configuration: "Release"\n'}
[218.011156] (pcd_ndt_localization) StdoutLine: {'line': b'-- Execute custom install script\n'}
[218.013807] (pcd_ndt_localization) StdoutLine: {'line': b'-- Up-to-date symlink: /home/seeed/ros2/ws/install/pcd_ndt_localization/lib/pcd_ndt_localization/pcd_ndt_localizer\n'}
[218.015513] (pcd_ndt_localization) StdoutLine: {'line': b'-- Up-to-date symlink: /home/seeed/ros2/ws/install/pcd_ndt_localization/lib/pcd_ndt_localization/pcd_occupancy_grid_publisher\n'}
[218.017608] (pcd_ndt_localization) StdoutLine: {'line': b'-- Up-to-date symlink: /home/seeed/ros2/ws/install/pcd_ndt_localization/share/pcd_ndt_localization/config/ndt_localization.yaml\n'}
[218.020141] (pcd_ndt_localization) StdoutLine: {'line': b'-- Up-to-date symlink: /home/seeed/ros2/ws/install/pcd_ndt_localization/share/pcd_ndt_localization/launch/localization.launch.py\n'}
[218.022132] (pcd_ndt_localization) StdoutLine: {'line': b'-- Up-to-date symlink: /home/seeed/ros2/ws/install/pcd_ndt_localization/share/ament_index/resource_index/package_run_dependencies/pcd_ndt_localization\n'}
[218.023648] (pcd_ndt_localization) StdoutLine: {'line': b'-- Up-to-date symlink: /home/seeed/ros2/ws/install/pcd_ndt_localization/share/ament_index/resource_index/parent_prefix_path/pcd_ndt_localization\n'}
[218.024996] (pcd_ndt_localization) StdoutLine: {'line': b'-- Up-to-date symlink: /home/seeed/ros2/ws/install/pcd_ndt_localization/share/pcd_ndt_localization/environment/ament_prefix_path.sh\n'}
[218.026282] (pcd_ndt_localization) StdoutLine: {'line': b'-- Up-to-date symlink: /home/seeed/ros2/ws/install/pcd_ndt_localization/share/pcd_ndt_localization/environment/ament_prefix_path.dsv\n'}
[218.027532] (pcd_ndt_localization) StdoutLine: {'line': b'-- Up-to-date symlink: /home/seeed/ros2/ws/install/pcd_ndt_localization/share/pcd_ndt_localization/environment/path.sh\n'}
[218.029813] (pcd_ndt_localization) StdoutLine: {'line': b'-- Up-to-date symlink: /home/seeed/ros2/ws/install/pcd_ndt_localization/share/pcd_ndt_localization/environment/path.dsv\n'}
[218.031180] (pcd_ndt_localization) StdoutLine: {'line': b'-- Up-to-date symlink: /home/seeed/ros2/ws/install/pcd_ndt_localization/share/pcd_ndt_localization/local_setup.bash\n'}
[218.032697] (pcd_ndt_localization) StdoutLine: {'line': b'-- Up-to-date symlink: /home/seeed/ros2/ws/install/pcd_ndt_localization/share/pcd_ndt_localization/local_setup.sh\n'}
[218.034058] (pcd_ndt_localization) StdoutLine: {'line': b'-- Up-to-date symlink: /home/seeed/ros2/ws/install/pcd_ndt_localization/share/pcd_ndt_localization/local_setup.zsh\n'}
[218.035293] (pcd_ndt_localization) StdoutLine: {'line': b'-- Up-to-date symlink: /home/seeed/ros2/ws/install/pcd_ndt_localization/share/pcd_ndt_localization/local_setup.dsv\n'}
[218.036413] (pcd_ndt_localization) StdoutLine: {'line': b'-- Symlinking: /home/seeed/ros2/ws/install/pcd_ndt_localization/share/pcd_ndt_localization/package.dsv\n'}
[218.039244] (-) TimerEvent: {}
[218.046959] (pcd_ndt_localization) StdoutLine: {'line': b'-- Up-to-date symlink: /home/seeed/ros2/ws/install/pcd_ndt_localization/share/ament_index/resource_index/packages/pcd_ndt_localization\n'}
[218.047903] (pcd_ndt_localization) StdoutLine: {'line': b'-- Up-to-date symlink: /home/seeed/ros2/ws/install/pcd_ndt_localization/share/pcd_ndt_localization/cmake/pcd_ndt_localizationConfig.cmake\n'}
[218.048615] (pcd_ndt_localization) StdoutLine: {'line': b'-- Up-to-date symlink: /home/seeed/ros2/ws/install/pcd_ndt_localization/share/pcd_ndt_localization/cmake/pcd_ndt_localizationConfig-version.cmake\n'}
[218.049417] (pcd_ndt_localization) StdoutLine: {'line': b'-- Up-to-date symlink: /home/seeed/ros2/ws/install/pcd_ndt_localization/share/pcd_ndt_localization/package.xml\n'}
[218.056536] (pcd_ndt_localization) CommandEnded: {'returncode': 0}
[218.130492] (pcd_ndt_localization) JobEnded: {'identifier': 'pcd_ndt_localization', 'rc': 0}
[218.133359] (-) EventReactorShutdown: {}
